[2023-01-09T09:51:37.784+0000][7][gc] Using G1
[2023-01-09T09:51:37.939+0000][7][gc,init] Version: 15+36-1562 (release)
[2023-01-09T09:51:37.941+0000][7][gc,init] CPUs: 4 total, 4 available
[2023-01-09T09:51:37.943+0000][7][gc,init] Memory: 7951M
[2023-01-09T09:51:37.944+0000][7][gc,init] Large Page Support: Disabled
[2023-01-09T09:51:37.945+0000][7][gc,init] NUMA Support: Disabled
[2023-01-09T09:51:37.946+0000][7][gc,init] Compressed Oops: Enabled (32-bit)
[2023-01-09T09:51:37.946+0000][7][gc,init] Heap Region Size: 1M
[2023-01-09T09:51:37.947+0000][7][gc,init] Heap Min Capacity: 512M
[2023-01-09T09:51:37.948+0000][7][gc,init] Heap Initial Capacity: 512M
[2023-01-09T09:51:37.949+0000][7][gc,init] Heap Max Capacity: 512M
[2023-01-09T09:51:37.950+0000][7][gc,init] Pre-touch: Enabled
[2023-01-09T09:51:37.951+0000][7][gc,init] Parallel Workers: 4
[2023-01-09T09:51:37.952+0000][7][gc,init] Concurrent Workers: 1
[2023-01-09T09:51:37.952+0000][7][gc,init] Concurrent Refinement Workers: 4
[2023-01-09T09:51:37.953+0000][7][gc,init] Periodic GC: Disabled
[2023-01-09T09:51:37.954+0000][7][gc,metaspace] CDS disabled.
[2023-01-09T09:51:37.954+0000][7][gc,metaspace] Compressed class space mapped at: 0x0000000100000000-0x0000000140000000, size: 1073741824
[2023-01-09T09:51:37.955+0000][7][gc,metaspace] Narrow klass base: 0x0000000000000000, Narrow klass shift: 3, Narrow klass range: 0x140000000
[2023-01-09T09:51:38.212+0000][7][safepoint   ] Safepoint "ICBufferFull", Time since last: 244802125 ns, Reaching safepoint: 614458 ns, At safepoint: 2292 ns, Total: 616750 ns
[2023-01-09T09:51:38.541+0000][7][safepoint   ] Safepoint "ICBufferFull", Time since last: 328524250 ns, Reaching safepoint: 133125 ns, At safepoint: 2042 ns, Total: 135167 ns
[2023-01-09T09:51:38.730+0000][7][safepoint   ] Safepoint "ICBufferFull", Time since last: 188590000 ns, Reaching safepoint: 163041 ns, At safepoint: 4000 ns, Total: 167041 ns
[2023-01-09T09:51:38.981+0000][7][gc,start    ] GC(0) Pause Young (Normal) (G1 Evacuation Pause)
[2023-01-09T09:51:38.990+0000][7][gc,task     ] GC(0) Using 4 workers of 4 for evacuation
[2023-01-09T09:51:38.992+0000][7][gc,age      ] GC(0) Desired survivor size 2097152 bytes, new threshold 15 (max threshold 15)
[2023-01-09T09:51:38.998+0000][7][gc,age      ] GC(0) Age table with threshold 15 (max threshold 15)
[2023-01-09T09:51:38.999+0000][7][gc,age      ] GC(0) - age   1:    3920272 bytes,    3920272 total
[2023-01-09T09:51:39.000+0000][7][gc,phases   ] GC(0)   Pre Evacuate Collection Set: 0.1ms
[2023-01-09T09:51:39.001+0000][7][gc,phases   ] GC(0)   Merge Heap Roots: 0.0ms
[2023-01-09T09:51:39.002+0000][7][gc,phases   ] GC(0)   Evacuate Collection Set: 4.5ms
[2023-01-09T09:51:39.002+0000][7][gc,phases   ] GC(0)   Post Evacuate Collection Set: 0.3ms
[2023-01-09T09:51:39.003+0000][7][gc,phases   ] GC(0)   Other: 13.9ms
[2023-01-09T09:51:39.004+0000][7][gc,heap     ] GC(0) Eden regions: 25->0(25)
[2023-01-09T09:51:39.005+0000][7][gc,heap     ] GC(0) Survivor regions: 0->4(4)
[2023-01-09T09:51:39.006+0000][7][gc,heap     ] GC(0) Old regions: 0->0
[2023-01-09T09:51:39.006+0000][7][gc,heap     ] GC(0) Archive regions: 0->0
[2023-01-09T09:51:39.007+0000][7][gc,heap     ] GC(0) Humongous regions: 1->1
[2023-01-09T09:51:39.008+0000][7][gc,metaspace] GC(0) Metaspace: 15707K(16384K)->15707K(16384K) NonClass: 14122K(14592K)->14122K(14592K) Class: 1585K(1792K)->1585K(1792K)
[2023-01-09T09:51:39.009+0000][7][gc          ] GC(0) Pause Young (Normal) (G1 Evacuation Pause) 26M->4M(512M) 27.331ms
[2023-01-09T09:51:39.009+0000][7][gc,cpu      ] GC(0) User=0.02s Sys=0.00s Real=0.03s
[2023-01-09T09:51:39.010+0000][7][safepoint   ] Safepoint "G1CollectForAllocation", Time since last: 251231625 ns, Reaching safepoint: 147250 ns, At safepoint: 28950750 ns, Total: 29098000 ns
[2023-01-09T09:51:39.690+0000][7][safepoint   ] Safepoint "ICBufferFull", Time since last: 679638917 ns, Reaching safepoint: 90834 ns, At safepoint: 1666 ns, Total: 92500 ns
[2023-01-09T09:51:39.923+0000][7][gc,start    ] GC(1) Pause Young (Concurrent Start) (Metadata GC Threshold)
[2023-01-09T09:51:39.926+0000][7][gc,task     ] GC(1) Using 4 workers of 4 for evacuation
[2023-01-09T09:51:39.927+0000][7][gc,age      ] GC(1) Desired survivor size 2097152 bytes, new threshold 1 (max threshold 15)
[2023-01-09T09:51:39.941+0000][7][gc,age      ] GC(1) Age table with threshold 1 (max threshold 15)
[2023-01-09T09:51:39.943+0000][7][gc,age      ] GC(1) - age   1:    2129416 bytes,    2129416 total
[2023-01-09T09:51:39.945+0000][7][gc,phases   ] GC(1)   Pre Evacuate Collection Set: 0.2ms
[2023-01-09T09:51:39.945+0000][7][gc,phases   ] GC(1)   Merge Heap Roots: 0.0ms
[2023-01-09T09:51:39.946+0000][7][gc,phases   ] GC(1)   Evacuate Collection Set: 12.3ms
[2023-01-09T09:51:39.947+0000][7][gc,phases   ] GC(1)   Post Evacuate Collection Set: 0.5ms
[2023-01-09T09:51:39.948+0000][7][gc,phases   ] GC(1)   Other: 8.1ms
[2023-01-09T09:51:39.949+0000][7][gc,heap     ] GC(1) Eden regions: 23->0(34)
[2023-01-09T09:51:39.950+0000][7][gc,heap     ] GC(1) Survivor regions: 4->3(4)
[2023-01-09T09:51:39.950+0000][7][gc,heap     ] GC(1) Old regions: 0->4
[2023-01-09T09:51:39.951+0000][7][gc,heap     ] GC(1) Archive regions: 0->0
[2023-01-09T09:51:39.952+0000][7][gc,heap     ] GC(1) Humongous regions: 1->1
[2023-01-09T09:51:39.953+0000][7][gc,metaspace] GC(1) Metaspace: 20795K(21248K)->20795K(21248K) NonClass: 18574K(18944K)->18574K(18944K) Class: 2220K(2304K)->2220K(2304K)
[2023-01-09T09:51:39.954+0000][7][gc          ] GC(1) Pause Young (Concurrent Start) (Metadata GC Threshold) 27M->7M(512M) 30.837ms
[2023-01-09T09:51:39.955+0000][7][gc,cpu      ] GC(1) User=0.01s Sys=0.00s Real=0.04s
[2023-01-09T09:51:39.957+0000][7][safepoint   ] Safepoint "CollectForMetadataAllocation", Time since last: 233427834 ns, Reaching safepoint: 95417 ns, At safepoint: 33108791 ns, Total: 33204208 ns
[2023-01-09T09:51:39.957+0000][7][gc          ] GC(2) Concurrent Cycle
[2023-01-09T09:51:39.958+0000][7][gc,marking  ] GC(2) Concurrent Clear Claimed Marks
[2023-01-09T09:51:39.959+0000][7][gc,marking  ] GC(2) Concurrent Clear Claimed Marks 0.928ms
[2023-01-09T09:51:39.960+0000][7][gc,marking  ] GC(2) Concurrent Scan Root Regions
[2023-01-09T09:51:39.963+0000][7][gc,marking  ] GC(2) Concurrent Scan Root Regions 2.895ms
[2023-01-09T09:51:39.966+0000][7][gc,marking  ] GC(2) Concurrent Mark (2.203s)
[2023-01-09T09:51:39.967+0000][7][gc,marking  ] GC(2) Concurrent Mark From Roots
[2023-01-09T09:51:39.968+0000][7][gc,task     ] GC(2) Using 1 workers of 1 for marking
[2023-01-09T09:51:39.970+0000][7][gc,marking  ] GC(2) Concurrent Mark From Roots 2.478ms
[2023-01-09T09:51:39.974+0000][7][gc,marking  ] GC(2) Concurrent Preclean
[2023-01-09T09:51:39.976+0000][7][gc,marking  ] GC(2) Concurrent Preclean 1.355ms
[2023-01-09T09:51:39.977+0000][7][gc,marking  ] GC(2) Concurrent Mark (2.203s, 2.214s) 10.612ms
[2023-01-09T09:51:39.989+0000][7][gc,start    ] GC(2) Pause Remark
[2023-01-09T09:51:39.994+0000][7][gc          ] GC(2) Pause Remark 7M->7M(512M) 4.093ms
[2023-01-09T09:51:39.994+0000][7][gc,cpu      ] GC(2) User=0.00s Sys=0.00s Real=0.00s
[2023-01-09T09:51:39.996+0000][7][safepoint   ] Safepoint "G1Concurrent", Time since last: 24747125 ns, Reaching safepoint: 8095000 ns, At safepoint: 5867625 ns, Total: 13962625 ns
[2023-01-09T09:51:39.996+0000][7][gc,marking  ] GC(2) Concurrent Rebuild Remembered Sets
[2023-01-09T09:51:40.000+0000][7][gc,marking  ] GC(2) Concurrent Rebuild Remembered Sets 3.252ms
[2023-01-09T09:51:40.001+0000][7][gc,start    ] GC(2) Pause Cleanup
[2023-01-09T09:51:40.002+0000][7][gc          ] GC(2) Pause Cleanup 8M->8M(512M) 0.828ms
[2023-01-09T09:51:40.003+0000][7][gc,cpu      ] GC(2) User=0.00s Sys=0.00s Real=0.00s
[2023-01-09T09:51:40.004+0000][7][safepoint   ] Safepoint "G1Concurrent", Time since last: 5380500 ns, Reaching safepoint: 590667 ns, At safepoint: 2559583 ns, Total: 3150250 ns
[2023-01-09T09:51:40.005+0000][7][gc,marking  ] GC(2) Concurrent Cleanup for Next Mark
[2023-01-09T09:51:40.009+0000][7][gc,marking  ] GC(2) Concurrent Cleanup for Next Mark 3.972ms
[2023-01-09T09:51:40.010+0000][7][gc          ] GC(2) Concurrent Cycle 53.037ms
[2023-01-09T09:51:40.391+0000][7][gc,start    ] GC(3) Pause Young (Normal) (G1 Evacuation Pause)
[2023-01-09T09:51:40.392+0000][7][gc,task     ] GC(3) Using 4 workers of 4 for evacuation
[2023-01-09T09:51:40.393+0000][7][gc,age      ] GC(3) Desired survivor size 2621440 bytes, new threshold 15 (max threshold 15)
[2023-01-09T09:51:40.408+0000][7][gc,age      ] GC(3) Age table with threshold 15 (max threshold 15)
[2023-01-09T09:51:40.409+0000][7][gc,age      ] GC(3) - age   1:    2991696 bytes,    2991696 total
[2023-01-09T09:51:40.412+0000][7][gc,age      ] GC(3) - age   2:    2099376 bytes,    5091072 total
[2023-01-09T09:51:40.413+0000][7][gc,phases   ] GC(3)   Pre Evacuate Collection Set: 0.2ms
[2023-01-09T09:51:40.414+0000][7][gc,phases   ] GC(3)   Merge Heap Roots: 0.0ms
[2023-01-09T09:51:40.415+0000][7][gc,phases   ] GC(3)   Evacuate Collection Set: 13.1ms
[2023-01-09T09:51:40.415+0000][7][gc,phases   ] GC(3)   Post Evacuate Collection Set: 0.5ms
[2023-01-09T09:51:40.416+0000][7][gc,phases   ] GC(3)   Other: 8.9ms
[2023-01-09T09:51:40.417+0000][7][gc,heap     ] GC(3) Eden regions: 35->0(157)
[2023-01-09T09:51:40.418+0000][7][gc,heap     ] GC(3) Survivor regions: 3->5(5)
[2023-01-09T09:51:40.419+0000][7][gc,heap     ] GC(3) Old regions: 4->4
[2023-01-09T09:51:40.419+0000][7][gc,heap     ] GC(3) Archive regions: 0->0
[2023-01-09T09:51:40.420+0000][7][gc,heap     ] GC(3) Humongous regions: 1->1
[2023-01-09T09:51:40.421+0000][7][gc,metaspace] GC(3) Metaspace: 22469K(23036K)->22469K(23036K) NonClass: 20052K(20480K)->20052K(20480K) Class: 2417K(2556K)->2417K(2556K)
[2023-01-09T09:51:40.422+0000][7][gc          ] GC(3) Pause Young (Normal) (G1 Evacuation Pause) 42M->9M(512M) 31.281ms
[2023-01-09T09:51:40.423+0000][7][gc,cpu      ] GC(3) User=0.01s Sys=0.00s Real=0.03s
[2023-01-09T09:51:40.423+0000][7][safepoint   ] Safepoint "G1CollectForAllocation", Time since last: 386495334 ns, Reaching safepoint: 209666 ns, At safepoint: 32625792 ns, Total: 32835458 ns
[2023-01-09T09:51:40.555+0000][7][safepoint   ] Safepoint "ICBufferFull", Time since last: 131697084 ns, Reaching safepoint: 54791 ns, At safepoint: 2042 ns, Total: 56833 ns
[2023-01-09T09:51:40.558+0000][7][safepoint   ] Safepoint "ICBufferFull", Time since last: 2906417 ns, Reaching safepoint: 28333 ns, At safepoint: 1583 ns, Total: 29916 ns
[2023-01-09T09:51:40.568+0000][7][safepoint   ] Safepoint "ICBufferFull", Time since last: 9835042 ns, Reaching safepoint: 199458 ns, At safepoint: 1959 ns, Total: 201417 ns
[2023-01-09T09:51:40.572+0000][7][safepoint   ] Safepoint "ICBufferFull", Time since last: 3888750 ns, Reaching safepoint: 100041 ns, At safepoint: 1459 ns, Total: 101500 ns
[2023-01-09T09:51:40.581+0000][7][safepoint   ] Safepoint "ICBufferFull", Time since last: 8837958 ns, Reaching safepoint: 39125 ns, At safepoint: 1875 ns, Total: 41000 ns
[2023-01-09T09:51:40.588+0000][7][safepoint   ] Safepoint "ICBufferFull", Time since last: 6652500 ns, Reaching safepoint: 130542 ns, At safepoint: 1791 ns, Total: 132333 ns
[2023-01-09T09:51:40.595+0000][7][safepoint   ] Safepoint "ICBufferFull", Time since last: 7012084 ns, Reaching safepoint: 30083 ns, At safepoint: 1792 ns, Total: 31875 ns
[2023-01-09T09:51:40.602+0000][7][safepoint   ] Safepoint "ICBufferFull", Time since last: 6944416 ns, Reaching safepoint: 636459 ns, At safepoint: 2958 ns, Total: 639417 ns
[2023-01-09T09:51:40.613+0000][7][safepoint   ] Safepoint "ICBufferFull", Time since last: 2025333 ns, Reaching safepoint: 8551000 ns, At safepoint: 12959 ns, Total: 8563959 ns
[2023-01-09T09:51:40.619+0000][7][safepoint   ] Safepoint "ICBufferFull", Time since last: 2720000 ns, Reaching safepoint: 3078958 ns, At safepoint: 6250 ns, Total: 3085208 ns
[2023-01-09T09:51:40.626+0000][7][safepoint   ] Safepoint "ICBufferFull", Time since last: 4757333 ns, Reaching safepoint: 2926500 ns, At safepoint: 4792 ns, Total: 2931292 ns
[2023-01-09T09:51:40.637+0000][7][safepoint   ] Safepoint "ICBufferFull", Time since last: 2203000 ns, Reaching safepoint: 8173500 ns, At safepoint: 9667 ns, Total: 8183167 ns
[2023-01-09T09:51:40.649+0000][7][safepoint   ] Safepoint "ICBufferFull", Time since last: 12070791 ns, Reaching safepoint: 115625 ns, At safepoint: 1792 ns, Total: 117417 ns
[2023-01-09T09:51:40.651+0000][7][safepoint   ] Safepoint "ICBufferFull", Time since last: 1788458 ns, Reaching safepoint: 98084 ns, At safepoint: 1500 ns, Total: 99584 ns
[2023-01-09T09:51:40.652+0000][7][safepoint   ] Safepoint "ICBufferFull", Time since last: 1318250 ns, Reaching safepoint: 122916 ns, At safepoint: 1459 ns, Total: 124375 ns
[2023-01-09T09:51:40.654+0000][7][safepoint   ] Safepoint "ICBufferFull", Time since last: 1519500 ns, Reaching safepoint: 99750 ns, At safepoint: 1416 ns, Total: 101166 ns
[2023-01-09T09:51:40.655+0000][7][safepoint   ] Safepoint "ICBufferFull", Time since last: 1448834 ns, Reaching safepoint: 95625 ns, At safepoint: 1375 ns, Total: 97000 ns
[2023-01-09T09:51:40.657+0000][7][safepoint   ] Safepoint "ICBufferFull", Time since last: 1632416 ns, Reaching safepoint: 95959 ns, At safepoint: 1583 ns, Total: 97542 ns
[2023-01-09T09:51:40.662+0000][7][safepoint   ] Safepoint "ICBufferFull", Time since last: 5278208 ns, Reaching safepoint: 150167 ns, At safepoint: 1792 ns, Total: 151959 ns
[2023-01-09T09:51:40.665+0000][7][safepoint   ] Safepoint "ICBufferFull", Time since last: 2107083 ns, Reaching safepoint: 95875 ns, At safepoint: 1458 ns, Total: 97333 ns
[2023-01-09T09:51:40.667+0000][7][safepoint   ] Safepoint "ICBufferFull", Time since last: 1804792 ns, Reaching safepoint: 93500 ns, At safepoint: 1417 ns, Total: 94917 ns
[2023-01-09T09:51:40.668+0000][7][safepoint   ] Safepoint "ICBufferFull", Time since last: 1573125 ns, Reaching safepoint: 94125 ns, At safepoint: 1416 ns, Total: 95541 ns
[2023-01-09T09:51:40.675+0000][7][safepoint   ] Safepoint "ICBufferFull", Time since last: 6182000 ns, Reaching safepoint: 113625 ns, At safepoint: 2042 ns, Total: 115667 ns
[2023-01-09T09:51:40.682+0000][7][safepoint   ] Safepoint "ICBufferFull", Time since last: 5555042 ns, Reaching safepoint: 1818166 ns, At safepoint: 2542 ns, Total: 1820708 ns
[2023-01-09T09:51:40.687+0000][7][safepoint   ] Safepoint "ICBufferFull", Time since last: 4474875 ns, Reaching safepoint: 120000 ns, At safepoint: 2167 ns, Total: 122167 ns
[2023-01-09T09:51:40.697+0000][7][safepoint   ] Safepoint "ICBufferFull", Time since last: 2072166 ns, Reaching safepoint: 8874209 ns, At safepoint: 6333 ns, Total: 8880542 ns
[2023-01-09T09:51:40.708+0000][7][safepoint   ] Safepoint "ICBufferFull", Time since last: 3367750 ns, Reaching safepoint: 7224208 ns, At safepoint: 16667 ns, Total: 7240875 ns
[2023-01-09T09:51:40.712+0000][7][safepoint   ] Safepoint "ICBufferFull", Time since last: 1922583 ns, Reaching safepoint: 2438250 ns, At safepoint: 10750 ns, Total: 2449000 ns
[2023-01-09T09:51:40.719+0000][7][safepoint   ] Safepoint "ICBufferFull", Time since last: 1979375 ns, Reaching safepoint: 4168000 ns, At safepoint: 6959 ns, Total: 4174959 ns
[2023-01-09T09:51:40.724+0000][7][safepoint   ] Safepoint "ICBufferFull", Time since last: 2472708 ns, Reaching safepoint: 2436500 ns, At safepoint: 7875 ns, Total: 2444375 ns
[2023-01-09T09:51:40.725+0000][7][safepoint   ] Safepoint "ICBufferFull", Time since last: 1805458 ns, Reaching safepoint: 120375 ns, At safepoint: 1250 ns, Total: 121625 ns
[2023-01-09T09:51:40.727+0000][7][safepoint   ] Safepoint "ICBufferFull", Time since last: 1654625 ns, Reaching safepoint: 128084 ns, At safepoint: 4916 ns, Total: 133000 ns
[2023-01-09T09:51:40.731+0000][7][safepoint   ] Safepoint "ICBufferFull", Time since last: 1646209 ns, Reaching safepoint: 2500083 ns, At safepoint: 9625 ns, Total: 2509708 ns
[2023-01-09T09:51:40.735+0000][7][safepoint   ] Safepoint "ICBufferFull", Time since last: 1912458 ns, Reaching safepoint: 1196917 ns, At safepoint: 4583 ns, Total: 1201500 ns
[2023-01-09T09:51:40.742+0000][7][safepoint   ] Safepoint "ICBufferFull", Time since last: 2794167 ns, Reaching safepoint: 4369583 ns, At safepoint: 4417 ns, Total: 4374000 ns
[2023-01-09T09:51:40.748+0000][7][safepoint   ] Safepoint "ICBufferFull", Time since last: 3784958 ns, Reaching safepoint: 2089292 ns, At safepoint: 10583 ns, Total: 2099875 ns
[2023-01-09T09:51:40.769+0000][7][safepoint   ] Safepoint "ICBufferFull", Time since last: 15043834 ns, Reaching safepoint: 6618458 ns, At safepoint: 6958 ns, Total: 6625416 ns
[2023-01-09T09:51:40.773+0000][7][safepoint   ] Safepoint "ICBufferFull", Time since last: 3605125 ns, Reaching safepoint: 468834 ns, At safepoint: 7791 ns, Total: 476625 ns
[2023-01-09T09:51:40.785+0000][7][safepoint   ] Safepoint "ICBufferFull", Time since last: 4653000 ns, Reaching safepoint: 7457875 ns, At safepoint: 4459 ns, Total: 7462334 ns
[2023-01-09T09:51:40.787+0000][7][safepoint   ] Safepoint "ICBufferFull", Time since last: 1788958 ns, Reaching safepoint: 97125 ns, At safepoint: 1917 ns, Total: 99042 ns
[2023-01-09T09:51:40.790+0000][7][safepoint   ] Safepoint "ICBufferFull", Time since last: 2554000 ns, Reaching safepoint: 105166 ns, At safepoint: 1625 ns, Total: 106791 ns
[2023-01-09T09:51:40.791+0000][7][safepoint   ] Safepoint "ICBufferFull", Time since last: 1303875 ns, Reaching safepoint: 132417 ns, At safepoint: 1667 ns, Total: 134084 ns
[2023-01-09T09:51:40.793+0000][7][safepoint   ] Safepoint "ICBufferFull", Time since last: 1154708 ns, Reaching safepoint: 99500 ns, At safepoint: 2042 ns, Total: 101542 ns
[2023-01-09T09:51:40.800+0000][7][safepoint   ] Safepoint "ICBufferFull", Time since last: 7523458 ns, Reaching safepoint: 108750 ns, At safepoint: 1583 ns, Total: 110333 ns
[2023-01-09T09:51:40.802+0000][7][safepoint   ] Safepoint "ICBufferFull", Time since last: 1668917 ns, Reaching safepoint: 98375 ns, At safepoint: 1417 ns, Total: 99792 ns
[2023-01-09T09:51:40.803+0000][7][safepoint   ] Safepoint "ICBufferFull", Time since last: 1075208 ns, Reaching safepoint: 93708 ns, At safepoint: 1375 ns, Total: 95083 ns
[2023-01-09T09:51:40.805+0000][7][safepoint   ] Safepoint "ICBufferFull", Time since last: 1354834 ns, Reaching safepoint: 95833 ns, At safepoint: 1500 ns, Total: 97333 ns
[2023-01-09T09:51:40.806+0000][7][safepoint   ] Safepoint "ICBufferFull", Time since last: 1119167 ns, Reaching safepoint: 94541 ns, At safepoint: 1417 ns, Total: 95958 ns
[2023-01-09T09:51:40.807+0000][7][safepoint   ] Safepoint "ICBufferFull", Time since last: 1123208 ns, Reaching safepoint: 95792 ns, At safepoint: 1292 ns, Total: 97084 ns
[2023-01-09T09:51:40.809+0000][7][safepoint   ] Safepoint "ICBufferFull", Time since last: 1338375 ns, Reaching safepoint: 98125 ns, At safepoint: 1500 ns, Total: 99625 ns
[2023-01-09T09:51:40.816+0000][7][safepoint   ] Safepoint "ICBufferFull", Time since last: 7099166 ns, Reaching safepoint: 112334 ns, At safepoint: 1708 ns, Total: 114042 ns
[2023-01-09T09:51:40.817+0000][7][safepoint   ] Safepoint "ICBufferFull", Time since last: 1540000 ns, Reaching safepoint: 83875 ns, At safepoint: 1708 ns, Total: 85583 ns
[2023-01-09T09:51:40.819+0000][7][safepoint   ] Safepoint "ICBufferFull", Time since last: 1355209 ns, Reaching safepoint: 95125 ns, At safepoint: 1333 ns, Total: 96458 ns
[2023-01-09T09:51:40.820+0000][7][safepoint   ] Safepoint "ICBufferFull", Time since last: 1172667 ns, Reaching safepoint: 94791 ns, At safepoint: 1417 ns, Total: 96208 ns
[2023-01-09T09:51:40.821+0000][7][safepoint   ] Safepoint "ICBufferFull", Time since last: 1109250 ns, Reaching safepoint: 95250 ns, At safepoint: 1458 ns, Total: 96708 ns
[2023-01-09T09:51:40.828+0000][7][safepoint   ] Safepoint "ICBufferFull", Time since last: 6070334 ns, Reaching safepoint: 116291 ns, At safepoint: 4834 ns, Total: 121125 ns
[2023-01-09T09:51:40.829+0000][7][safepoint   ] Safepoint "ICBufferFull", Time since last: 1362583 ns, Reaching safepoint: 103042 ns, At safepoint: 1708 ns, Total: 104750 ns
[2023-01-09T09:51:40.830+0000][7][safepoint   ] Safepoint "ICBufferFull", Time since last: 1053917 ns, Reaching safepoint: 111500 ns, At safepoint: 1500 ns, Total: 113000 ns
[2023-01-09T09:51:40.831+0000][7][safepoint   ] Safepoint "ICBufferFull", Time since last: 812500 ns, Reaching safepoint: 232250 ns, At safepoint: 1583 ns, Total: 233833 ns
[2023-01-09T09:51:40.832+0000][7][safepoint   ] Safepoint "ICBufferFull", Time since last: 1014417 ns, Reaching safepoint: 90250 ns, At safepoint: 1208 ns, Total: 91458 ns
[2023-01-09T09:51:40.834+0000][7][safepoint   ] Safepoint "ICBufferFull", Time since last: 1944292 ns, Reaching safepoint: 188666 ns, At safepoint: 3209 ns, Total: 191875 ns
[2023-01-09T09:51:40.838+0000][7][safepoint   ] Safepoint "ICBufferFull", Time since last: 3186208 ns, Reaching safepoint: 108083 ns, At safepoint: 1709 ns, Total: 109792 ns
[2023-01-09T09:51:40.840+0000][7][safepoint   ] Safepoint "ICBufferFull", Time since last: 1713958 ns, Reaching safepoint: 99542 ns, At safepoint: 1583 ns, Total: 101125 ns
[2023-01-09T09:51:40.847+0000][7][safepoint   ] Safepoint "ICBufferFull", Time since last: 7058667 ns, Reaching safepoint: 112166 ns, At safepoint: 2459 ns, Total: 114625 ns
[2023-01-09T09:51:40.848+0000][7][safepoint   ] Safepoint "ICBufferFull", Time since last: 1454041 ns, Reaching safepoint: 94042 ns, At safepoint: 2083 ns, Total: 96125 ns
[2023-01-09T09:51:40.850+0000][7][safepoint   ] Safepoint "ICBufferFull", Time since last: 1459500 ns, Reaching safepoint: 95125 ns, At safepoint: 1375 ns, Total: 96500 ns
[2023-01-09T09:51:40.851+0000][7][safepoint   ] Safepoint "ICBufferFull", Time since last: 1032209 ns, Reaching safepoint: 85833 ns, At safepoint: 1417 ns, Total: 87250 ns
[2023-01-09T09:51:40.852+0000][7][safepoint   ] Safepoint "ICBufferFull", Time since last: 1073375 ns, Reaching safepoint: 71416 ns, At safepoint: 1417 ns, Total: 72833 ns
[2023-01-09T09:51:40.853+0000][7][safepoint   ] Safepoint "ICBufferFull", Time since last: 1048833 ns, Reaching safepoint: 98500 ns, At safepoint: 1334 ns, Total: 99834 ns
[2023-01-09T09:51:40.856+0000][7][safepoint   ] Safepoint "ICBufferFull", Time since last: 2192833 ns, Reaching safepoint: 459458 ns, At safepoint: 2334 ns, Total: 461792 ns
[2023-01-09T09:51:40.857+0000][7][safepoint   ] Safepoint "ICBufferFull", Time since last: 1288833 ns, Reaching safepoint: 98583 ns, At safepoint: 1500 ns, Total: 100083 ns
[2023-01-09T09:51:40.859+0000][7][safepoint   ] Safepoint "ICBufferFull", Time since last: 1395959 ns, Reaching safepoint: 732666 ns, At safepoint: 2375 ns, Total: 735041 ns
[2023-01-09T09:51:40.862+0000][7][safepoint   ] Safepoint "ICBufferFull", Time since last: 2337750 ns, Reaching safepoint: 397834 ns, At safepoint: 2166 ns, Total: 400000 ns
[2023-01-09T09:51:40.869+0000][7][safepoint   ] Safepoint "ICBufferFull", Time since last: 2864542 ns, Reaching safepoint: 4426875 ns, At safepoint: 3042 ns, Total: 4429917 ns
[2023-01-09T09:51:40.892+0000][7][safepoint   ] Safepoint "ICBufferFull", Time since last: 22928416 ns, Reaching safepoint: 45375 ns, At safepoint: 1959 ns, Total: 47334 ns
[2023-01-09T09:51:40.897+0000][7][safepoint   ] Safepoint "ICBufferFull", Time since last: 3246708 ns, Reaching safepoint: 1540583 ns, At safepoint: 2250 ns, Total: 1542833 ns
[2023-01-09T09:51:40.902+0000][7][safepoint   ] Safepoint "ICBufferFull", Time since last: 2091084 ns, Reaching safepoint: 2358791 ns, At safepoint: 105042 ns, Total: 2463833 ns
[2023-01-09T09:51:40.906+0000][7][safepoint   ] Safepoint "ICBufferFull", Time since last: 1498458 ns, Reaching safepoint: 3195584 ns, At safepoint: 3416 ns, Total: 3199000 ns
[2023-01-09T09:51:40.911+0000][7][safepoint   ] Safepoint "ICBufferFull", Time since last: 1933709 ns, Reaching safepoint: 3075333 ns, At safepoint: 4875 ns, Total: 3080208 ns
[2023-01-09T09:51:40.968+0000][7][safepoint   ] Safepoint "ICBufferFull", Time since last: 55449583 ns, Reaching safepoint: 729834 ns, At safepoint: 3875 ns, Total: 733709 ns
[2023-01-09T09:51:40.979+0000][7][safepoint   ] Safepoint "ICBufferFull", Time since last: 11062708 ns, Reaching safepoint: 262250 ns, At safepoint: 2250 ns, Total: 264500 ns
[2023-01-09T09:51:40.980+0000][7][safepoint   ] Safepoint "ICBufferFull", Time since last: 1243250 ns, Reaching safepoint: 93417 ns, At safepoint: 1416 ns, Total: 94833 ns
[2023-01-09T09:51:40.982+0000][7][safepoint   ] Safepoint "ICBufferFull", Time since last: 1258792 ns, Reaching safepoint: 91083 ns, At safepoint: 1334 ns, Total: 92417 ns
[2023-01-09T09:51:40.984+0000][7][safepoint   ] Safepoint "ICBufferFull", Time since last: 2184000 ns, Reaching safepoint: 100333 ns, At safepoint: 1250 ns, Total: 101583 ns
[2023-01-09T09:51:40.985+0000][7][safepoint   ] Safepoint "ICBufferFull", Time since last: 1312083 ns, Reaching safepoint: 99542 ns, At safepoint: 1375 ns, Total: 100917 ns
[2023-01-09T09:51:40.986+0000][7][safepoint   ] Safepoint "ICBufferFull", Time since last: 918333 ns, Reaching safepoint: 167750 ns, At safepoint: 2250 ns, Total: 170000 ns
[2023-01-09T09:51:40.989+0000][7][safepoint   ] Safepoint "ICBufferFull", Time since last: 1139792 ns, Reaching safepoint: 1047083 ns, At safepoint: 2542 ns, Total: 1049625 ns
[2023-01-09T09:51:40.991+0000][7][safepoint   ] Safepoint "ICBufferFull", Time since last: 1988667 ns, Reaching safepoint: 521958 ns, At safepoint: 2333 ns, Total: 524291 ns
[2023-01-09T09:51:40.995+0000][7][safepoint   ] Safepoint "ICBufferFull", Time since last: 2974584 ns, Reaching safepoint: 470625 ns, At safepoint: 2750 ns, Total: 473375 ns
[2023-01-09T09:51:40.996+0000][7][safepoint   ] Safepoint "ICBufferFull", Time since last: 1244875 ns, Reaching safepoint: 102666 ns, At safepoint: 1459 ns, Total: 104125 ns
[2023-01-09T09:51:41.004+0000][7][safepoint   ] Safepoint "ICBufferFull", Time since last: 5670083 ns, Reaching safepoint: 2821917 ns, At safepoint: 6208 ns, Total: 2828125 ns
[2023-01-09T09:51:41.006+0000][7][safepoint   ] Safepoint "ICBufferFull", Time since last: 1200917 ns, Reaching safepoint: 144916 ns, At safepoint: 5042 ns, Total: 149958 ns
[2023-01-09T09:51:41.007+0000][7][safepoint   ] Safepoint "ICBufferFull", Time since last: 972625 ns, Reaching safepoint: 176583 ns, At safepoint: 8167 ns, Total: 184750 ns
[2023-01-09T09:51:41.008+0000][7][safepoint   ] Safepoint "ICBufferFull", Time since last: 1009250 ns, Reaching safepoint: 247375 ns, At safepoint: 2042 ns, Total: 249417 ns
[2023-01-09T09:51:41.012+0000][7][safepoint   ] Safepoint "ICBufferFull", Time since last: 4186458 ns, Reaching safepoint: 37292 ns, At safepoint: 3250 ns, Total: 40542 ns
[2023-01-09T09:51:41.486+0000][7][safepoint   ] Safepoint "ICBufferFull", Time since last: 472993625 ns, Reaching safepoint: 370583 ns, At safepoint: 3084 ns, Total: 373667 ns
[2023-01-09T09:51:41.731+0000][7][gc,start    ] GC(4) Pause Young (Normal) (G1 Evacuation Pause)
[2023-01-09T09:51:41.736+0000][7][gc,task     ] GC(4) Using 4 workers of 4 for evacuation
[2023-01-09T09:51:41.737+0000][7][gc,age      ] GC(4) Desired survivor size 11010048 bytes, new threshold 15 (max threshold 15)
[2023-01-09T09:51:41.745+0000][7][gc,age      ] GC(4) Age table with threshold 15 (max threshold 15)
[2023-01-09T09:51:41.746+0000][7][gc,age      ] GC(4) - age   1:    5298392 bytes,    5298392 total
[2023-01-09T09:51:41.747+0000][7][gc,age      ] GC(4) - age   2:    1162024 bytes,    6460416 total
[2023-01-09T09:51:41.748+0000][7][gc,age      ] GC(4) - age   3:    2085096 bytes,    8545512 total
[2023-01-09T09:51:41.749+0000][7][gc,phases   ] GC(4)   Pre Evacuate Collection Set: 0.2ms
[2023-01-09T09:51:41.750+0000][7][gc,phases   ] GC(4)   Merge Heap Roots: 0.0ms
[2023-01-09T09:51:41.750+0000][7][gc,phases   ] GC(4)   Evacuate Collection Set: 6.5ms
[2023-01-09T09:51:41.751+0000][7][gc,phases   ] GC(4)   Post Evacuate Collection Set: 0.5ms
[2023-01-09T09:51:41.752+0000][7][gc,phases   ] GC(4)   Other: 10.0ms
[2023-01-09T09:51:41.753+0000][7][gc,heap     ] GC(4) Eden regions: 157->0(298)
[2023-01-09T09:51:41.754+0000][7][gc,heap     ] GC(4) Survivor regions: 5->9(21)
[2023-01-09T09:51:41.755+0000][7][gc,heap     ] GC(4) Old regions: 4->4
[2023-01-09T09:51:41.755+0000][7][gc,heap     ] GC(4) Archive regions: 0->0
[2023-01-09T09:51:41.756+0000][7][gc,heap     ] GC(4) Humongous regions: 2->1
[2023-01-09T09:51:41.757+0000][7][gc,metaspace] GC(4) Metaspace: 25892K(26876K)->25892K(26876K) NonClass: 23006K(23808K)->23006K(23808K) Class: 2885K(3068K)->2885K(3068K)
[2023-01-09T09:51:41.758+0000][7][gc          ] GC(4) Pause Young (Normal) (G1 Evacuation Pause) 167M->13M(512M) 26.091ms
[2023-01-09T09:51:41.759+0000][7][gc,cpu      ] GC(4) User=0.01s Sys=0.00s Real=0.03s
[2023-01-09T09:51:41.759+0000][7][safepoint   ] Safepoint "G1CollectForAllocation", Time since last: 237036791 ns, Reaching safepoint: 8544250 ns, At safepoint: 27797834 ns, Total: 36342084 ns
[2023-01-09T09:51:42.425+0000][7][safepoint   ] Safepoint "ICBufferFull", Time since last: 651058208 ns, Reaching safepoint: 14258250 ns, At safepoint: 7042 ns, Total: 14265292 ns
[2023-01-09T09:51:42.790+0000][7][gc,start    ] GC(5) Pause Young (Normal) (G1 Evacuation Pause)
[2023-01-09T09:51:42.791+0000][7][gc,task     ] GC(5) Using 4 workers of 4 for evacuation
[2023-01-09T09:51:42.792+0000][7][gc,age      ] GC(5) Desired survivor size 20447232 bytes, new threshold 15 (max threshold 15)
[2023-01-09T09:51:42.809+0000][7][gc,age      ] GC(5) Age table with threshold 15 (max threshold 15)
[2023-01-09T09:51:42.810+0000][7][gc,age      ] GC(5) - age   1:    3696704 bytes,    3696704 total
[2023-01-09T09:51:42.811+0000][7][gc,age      ] GC(5) - age   2:    4285016 bytes,    7981720 total
[2023-01-09T09:51:42.811+0000][7][gc,age      ] GC(5) - age   3:    1161848 bytes,    9143568 total
[2023-01-09T09:51:42.812+0000][7][gc,age      ] GC(5) - age   4:    2085096 bytes,   11228664 total
[2023-01-09T09:51:42.813+0000][7][gc,phases   ] GC(5)   Pre Evacuate Collection Set: 0.1ms
[2023-01-09T09:51:42.814+0000][7][gc,phases   ] GC(5)   Merge Heap Roots: 0.0ms
[2023-01-09T09:51:42.814+0000][7][gc,phases   ] GC(5)   Evacuate Collection Set: 13.0ms
[2023-01-09T09:51:42.815+0000][7][gc,phases   ] GC(5)   Post Evacuate Collection Set: 3.0ms
[2023-01-09T09:51:42.816+0000][7][gc,phases   ] GC(5)   Other: 6.7ms
[2023-01-09T09:51:42.816+0000][7][gc,heap     ] GC(5) Eden regions: 298->0(296)
[2023-01-09T09:51:42.817+0000][7][gc,heap     ] GC(5) Survivor regions: 9->11(39)
[2023-01-09T09:51:42.818+0000][7][gc,heap     ] GC(5) Old regions: 4->4
[2023-01-09T09:51:42.819+0000][7][gc,heap     ] GC(5) Archive regions: 0->0
[2023-01-09T09:51:42.820+0000][7][gc,heap     ] GC(5) Humongous regions: 1->1
[2023-01-09T09:51:42.820+0000][7][gc,metaspace] GC(5) Metaspace: 27628K(28668K)->27628K(28668K) NonClass: 24549K(25344K)->24549K(25344K) Class: 3079K(3324K)->3079K(3324K)
[2023-01-09T09:51:42.821+0000][7][gc          ] GC(5) Pause Young (Normal) (G1 Evacuation Pause) 311M->15M(512M) 30.869ms
[2023-01-09T09:51:42.821+0000][7][gc,cpu      ] GC(5) User=0.02s Sys=0.00s Real=0.03s
[2023-01-09T09:51:42.822+0000][7][safepoint   ] Safepoint "G1CollectForAllocation", Time since last: 358762042 ns, Reaching safepoint: 6562125 ns, At safepoint: 32196667 ns, Total: 38758792 ns
[2023-01-09T09:51:43.413+0000][7][gc,start    ] GC(6) Pause Young (Normal) (G1 Evacuation Pause)
[2023-01-09T09:51:43.415+0000][7][gc,task     ] GC(6) Using 4 workers of 4 for evacuation
[2023-01-09T09:51:43.416+0000][7][gc,age      ] GC(6) Desired survivor size 20447232 bytes, new threshold 15 (max threshold 15)
[2023-01-09T09:51:43.433+0000][7][gc,age      ] GC(6) Age table with threshold 15 (max threshold 15)
[2023-01-09T09:51:43.435+0000][7][gc,age      ] GC(6) - age   1:    1164112 bytes,    1164112 total
[2023-01-09T09:51:43.435+0000][7][gc,age      ] GC(6) - age   2:    3285160 bytes,    4449272 total
[2023-01-09T09:51:43.436+0000][7][gc,age      ] GC(6) - age   3:    4280712 bytes,    8729984 total
[2023-01-09T09:51:43.437+0000][7][gc,age      ] GC(6) - age   4:    1161704 bytes,    9891688 total
[2023-01-09T09:51:43.438+0000][7][gc,age      ] GC(6) - age   5:    2085096 bytes,   11976784 total
[2023-01-09T09:51:43.440+0000][7][gc,phases   ] GC(6)   Pre Evacuate Collection Set: 0.7ms
[2023-01-09T09:51:43.441+0000][7][gc,phases   ] GC(6)   Merge Heap Roots: 0.5ms
[2023-01-09T09:51:43.441+0000][7][gc,phases   ] GC(6)   Evacuate Collection Set: 13.6ms
[2023-01-09T09:51:43.442+0000][7][gc,phases   ] GC(6)   Post Evacuate Collection Set: 1.0ms
[2023-01-09T09:51:43.443+0000][7][gc,phases   ] GC(6)   Other: 10.5ms
[2023-01-09T09:51:43.444+0000][7][gc,heap     ] GC(6) Eden regions: 296->0(295)
[2023-01-09T09:51:43.446+0000][7][gc,heap     ] GC(6) Survivor regions: 11->12(39)
[2023-01-09T09:51:43.447+0000][7][gc,heap     ] GC(6) Old regions: 4->4
[2023-01-09T09:51:43.447+0000][7][gc,heap     ] GC(6) Archive regions: 0->0
[2023-01-09T09:51:43.448+0000][7][gc,heap     ] GC(6) Humongous regions: 1->1
[2023-01-09T09:51:43.449+0000][7][gc,metaspace] GC(6) Metaspace: 27990K(29308K)->27990K(29308K) NonClass: 24843K(25856K)->24843K(25856K) Class: 3147K(3452K)->3147K(3452K)
[2023-01-09T09:51:43.450+0000][7][gc          ] GC(6) Pause Young (Normal) (G1 Evacuation Pause) 311M->16M(512M) 36.646ms
[2023-01-09T09:51:43.451+0000][7][gc,cpu      ] GC(6) User=0.02s Sys=0.01s Real=0.04s
[2023-01-09T09:51:43.452+0000][7][safepoint   ] Safepoint "G1CollectForAllocation", Time since last: 591074500 ns, Reaching safepoint: 65083 ns, At safepoint: 38477500 ns, Total: 38542583 ns
[2023-01-09T09:51:44.082+0000][7][safepoint   ] Safepoint "ICBufferFull", Time since last: 630226959 ns, Reaching safepoint: 177958 ns, At safepoint: 4209 ns, Total: 182167 ns
[2023-01-09T09:51:44.223+0000][7][gc,start    ] GC(7) Pause Young (Normal) (G1 Evacuation Pause)
[2023-01-09T09:51:44.224+0000][7][gc,task     ] GC(7) Using 4 workers of 4 for evacuation
[2023-01-09T09:51:44.225+0000][7][gc,age      ] GC(7) Desired survivor size 20447232 bytes, new threshold 15 (max threshold 15)
[2023-01-09T09:51:44.235+0000][7][gc,age      ] GC(7) Age table with threshold 15 (max threshold 15)
[2023-01-09T09:51:44.236+0000][7][gc,age      ] GC(7) - age   1:    3100304 bytes,    3100304 total
[2023-01-09T09:51:44.237+0000][7][gc,age      ] GC(7) - age   2:     613464 bytes,    3713768 total
[2023-01-09T09:51:44.238+0000][7][gc,age      ] GC(7) - age   3:    3283384 bytes,    6997152 total
[2023-01-09T09:51:44.238+0000][7][gc,age      ] GC(7) - age   4:    4280272 bytes,   11277424 total
[2023-01-09T09:51:44.239+0000][7][gc,age      ] GC(7) - age   5:    1161704 bytes,   12439128 total
[2023-01-09T09:51:44.240+0000][7][gc,age      ] GC(7) - age   6:    2085096 bytes,   14524224 total
[2023-01-09T09:51:44.241+0000][7][gc,phases   ] GC(7)   Pre Evacuate Collection Set: 0.3ms
[2023-01-09T09:51:44.242+0000][7][gc,phases   ] GC(7)   Merge Heap Roots: 0.1ms
[2023-01-09T09:51:44.242+0000][7][gc,phases   ] GC(7)   Evacuate Collection Set: 8.3ms
[2023-01-09T09:51:44.243+0000][7][gc,phases   ] GC(7)   Post Evacuate Collection Set: 0.7ms
[2023-01-09T09:51:44.244+0000][7][gc,phases   ] GC(7)   Other: 8.6ms
[2023-01-09T09:51:44.245+0000][7][gc,heap     ] GC(7) Eden regions: 295->0(291)
[2023-01-09T09:51:44.245+0000][7][gc,heap     ] GC(7) Survivor regions: 12->16(39)
[2023-01-09T09:51:44.246+0000][7][gc,heap     ] GC(7) Old regions: 4->4
[2023-01-09T09:51:44.246+0000][7][gc,heap     ] GC(7) Archive regions: 0->0
[2023-01-09T09:51:44.247+0000][7][gc,heap     ] GC(7) Humongous regions: 1->1
[2023-01-09T09:51:44.248+0000][7][gc,metaspace] GC(7) Metaspace: 28539K(29948K)->28539K(29948K) NonClass: 25310K(26368K)->25310K(26368K) Class: 3228K(3580K)->3228K(3580K)
[2023-01-09T09:51:44.249+0000][7][gc          ] GC(7) Pause Young (Normal) (G1 Evacuation Pause) 311M->20M(512M) 25.814ms
[2023-01-09T09:51:44.249+0000][7][gc,cpu      ] GC(7) User=0.01s Sys=0.01s Real=0.03s
[2023-01-09T09:51:44.250+0000][7][safepoint   ] Safepoint "G1CollectForAllocation", Time since last: 140505333 ns, Reaching safepoint: 127542 ns, At safepoint: 27042458 ns, Total: 27170000 ns
[2023-01-09T09:51:44.698+0000][7][safepoint   ] Safepoint "ICBufferFull", Time since last: 447927208 ns, Reaching safepoint: 187667 ns, At safepoint: 6542 ns, Total: 194209 ns
[2023-01-09T09:51:45.070+0000][7][gc,start    ] GC(8) Pause Young (Concurrent Start) (Metadata GC Threshold)
[2023-01-09T09:51:45.071+0000][7][gc,task     ] GC(8) Using 4 workers of 4 for evacuation
[2023-01-09T09:51:45.071+0000][7][gc,age      ] GC(8) Desired survivor size 20447232 bytes, new threshold 15 (max threshold 15)
[2023-01-09T09:51:45.091+0000][7][gc,age      ] GC(8) Age table with threshold 15 (max threshold 15)
[2023-01-09T09:51:45.092+0000][7][gc,age      ] GC(8) - age   1:    2154472 bytes,    2154472 total
[2023-01-09T09:51:45.093+0000][7][gc,age      ] GC(8) - age   2:    2295456 bytes,    4449928 total
[2023-01-09T09:51:45.094+0000][7][gc,age      ] GC(8) - age   3:     601976 bytes,    5051904 total
[2023-01-09T09:51:45.094+0000][7][gc,age      ] GC(8) - age   4:    3268192 bytes,    8320096 total
[2023-01-09T09:51:45.095+0000][7][gc,age      ] GC(8) - age   5:    4270272 bytes,   12590368 total
[2023-01-09T09:51:45.096+0000][7][gc,age      ] GC(8) - age   6:    1132856 bytes,   13723224 total
[2023-01-09T09:51:45.097+0000][7][gc,age      ] GC(8) - age   7:    2082808 bytes,   15806032 total
[2023-01-09T09:51:45.097+0000][7][gc,phases   ] GC(8)   Pre Evacuate Collection Set: 0.3ms
[2023-01-09T09:51:45.098+0000][7][gc,phases   ] GC(8)   Merge Heap Roots: 0.0ms
[2023-01-09T09:51:45.099+0000][7][gc,phases   ] GC(8)   Evacuate Collection Set: 15.0ms
[2023-01-09T09:51:45.100+0000][7][gc,phases   ] GC(8)   Post Evacuate Collection Set: 3.1ms
[2023-01-09T09:51:45.101+0000][7][gc,phases   ] GC(8)   Other: 9.4ms
[2023-01-09T09:51:45.101+0000][7][gc,heap     ] GC(8) Eden regions: 150->0(290)
[2023-01-09T09:51:45.102+0000][7][gc,heap     ] GC(8) Survivor regions: 16->17(39)
[2023-01-09T09:51:45.103+0000][7][gc,heap     ] GC(8) Old regions: 4->4
[2023-01-09T09:51:45.103+0000][7][gc,heap     ] GC(8) Archive regions: 0->0
[2023-01-09T09:51:45.104+0000][7][gc,heap     ] GC(8) Humongous regions: 1->1
[2023-01-09T09:51:45.104+0000][7][gc,metaspace] GC(8) Metaspace: 34182K(35964K)->34182K(35964K) NonClass: 30232K(31488K)->30232K(31488K) Class: 3949K(4476K)->3949K(4476K)
[2023-01-09T09:51:45.105+0000][7][gc          ] GC(8) Pause Young (Concurrent Start) (Metadata GC Threshold) 169M->21M(512M) 35.123ms
[2023-01-09T09:51:45.105+0000][7][gc,cpu      ] GC(8) User=0.02s Sys=0.01s Real=0.04s
[2023-01-09T09:51:45.106+0000][7][gc          ] GC(9) Concurrent Cycle
[2023-01-09T09:51:45.107+0000][7][gc,marking  ] GC(9) Concurrent Clear Claimed Marks
[2023-01-09T09:51:45.106+0000][7][safepoint   ] Safepoint "CollectForMetadataAllocation", Time since last: 362110125 ns, Reaching safepoint: 9687917 ns, At safepoint: 36569916 ns, Total: 46257833 ns
[2023-01-09T09:51:45.107+0000][7][gc,marking  ] GC(9) Concurrent Clear Claimed Marks 0.536ms
[2023-01-09T09:51:45.109+0000][7][gc,marking  ] GC(9) Concurrent Scan Root Regions
[2023-01-09T09:51:45.115+0000][7][gc,marking  ] GC(9) Concurrent Scan Root Regions 6.494ms
[2023-01-09T09:51:45.116+0000][7][gc,marking  ] GC(9) Concurrent Mark (7.352s)
[2023-01-09T09:51:45.117+0000][7][gc,marking  ] GC(9) Concurrent Mark From Roots
[2023-01-09T09:51:45.117+0000][7][gc,task     ] GC(9) Using 1 workers of 1 for marking
[2023-01-09T09:51:45.121+0000][7][gc,marking  ] GC(9) Concurrent Mark From Roots 4.605ms
[2023-01-09T09:51:45.124+0000][7][gc,marking  ] GC(9) Concurrent Preclean
[2023-01-09T09:51:45.125+0000][7][gc,marking  ] GC(9) Concurrent Preclean 0.848ms
[2023-01-09T09:51:45.126+0000][7][gc,marking  ] GC(9) Concurrent Mark (7.352s, 7.363s) 10.475ms
[2023-01-09T09:51:45.131+0000][7][gc,start    ] GC(9) Pause Remark
[2023-01-09T09:51:45.138+0000][7][gc          ] GC(9) Pause Remark 22M->22M(512M) 7.309ms
[2023-01-09T09:51:45.139+0000][7][gc,cpu      ] GC(9) User=0.00s Sys=0.00s Real=0.01s
[2023-01-09T09:51:45.140+0000][7][safepoint   ] Safepoint "G1Concurrent", Time since last: 20665459 ns, Reaching safepoint: 3598625 ns, At safepoint: 9218541 ns, Total: 12817166 ns
[2023-01-09T09:51:45.140+0000][7][gc,marking  ] GC(9) Concurrent Rebuild Remembered Sets
[2023-01-09T09:51:45.143+0000][7][gc,marking  ] GC(9) Concurrent Rebuild Remembered Sets 2.761ms
[2023-01-09T09:51:45.145+0000][7][gc,start    ] GC(9) Pause Cleanup
[2023-01-09T09:51:45.146+0000][7][gc          ] GC(9) Pause Cleanup 22M->22M(512M) 1.047ms
[2023-01-09T09:51:45.146+0000][7][gc,cpu      ] GC(9) User=0.00s Sys=0.00s Real=0.00s
[2023-01-09T09:51:45.147+0000][7][safepoint   ] Safepoint "G1Concurrent", Time since last: 4354667 ns, Reaching safepoint: 574000 ns, At safepoint: 2342583 ns, Total: 2916583 ns
[2023-01-09T09:51:45.149+0000][7][gc,marking  ] GC(9) Concurrent Cleanup for Next Mark
[2023-01-09T09:51:45.150+0000][7][gc,marking  ] GC(9) Concurrent Cleanup for Next Mark 1.178ms
[2023-01-09T09:51:45.150+0000][7][gc          ] GC(9) Concurrent Cycle 44.246ms
[2023-01-09T09:51:45.910+0000][7][safepoint   ] Safepoint "ICBufferFull", Time since last: 761915459 ns, Reaching safepoint: 736542 ns, At safepoint: 5458 ns, Total: 742000 ns
[2023-01-09T09:51:46.845+0000][7][safepoint   ] Safepoint "ICBufferFull", Time since last: 934982917 ns, Reaching safepoint: 794750 ns, At safepoint: 3500 ns, Total: 798250 ns
[2023-01-09T09:51:47.350+0000][7][safepoint   ] Safepoint "ICBufferFull", Time since last: 504082584 ns, Reaching safepoint: 185833 ns, At safepoint: 2583 ns, Total: 188416 ns
[2023-01-09T09:51:47.901+0000][7][safepoint   ] Safepoint "ICBufferFull", Time since last: 544946459 ns, Reaching safepoint: 6777750 ns, At safepoint: 9542 ns, Total: 6787292 ns
[2023-01-09T09:51:47.985+0000][7][gc,start    ] GC(10) Pause Young (Normal) (G1 Evacuation Pause)
[2023-01-09T09:51:47.987+0000][7][gc,task     ] GC(10) Using 4 workers of 4 for evacuation
[2023-01-09T09:51:47.988+0000][7][gc,age      ] GC(10) Desired survivor size 20447232 bytes, new threshold 15 (max threshold 15)
[2023-01-09T09:51:48.073+0000][7][gc,age      ] GC(10) Age table with threshold 15 (max threshold 15)
[2023-01-09T09:51:48.074+0000][7][gc,age      ] GC(10) - age   1:   25159200 bytes,   25159200 total
[2023-01-09T09:51:48.075+0000][7][gc,age      ] GC(10) - age   2:    2053360 bytes,   27212560 total
[2023-01-09T09:51:48.076+0000][7][gc,age      ] GC(10) - age   3:    2293960 bytes,   29506520 total
[2023-01-09T09:51:48.077+0000][7][gc,age      ] GC(10) - age   4:     596728 bytes,   30103248 total
[2023-01-09T09:51:48.078+0000][7][gc,age      ] GC(10) - age   5:    3256152 bytes,   33359400 total
[2023-01-09T09:51:48.079+0000][7][gc,age      ] GC(10) - age   6:    4239432 bytes,   37598832 total
[2023-01-09T09:51:48.080+0000][7][gc,age      ] GC(10) - age   7:    1106920 bytes,   38705752 total
[2023-01-09T09:51:48.080+0000][7][gc,age      ] GC(10) - age   8:    2075176 bytes,   40780928 total
[2023-01-09T09:51:48.081+0000][7][gc,phases   ] GC(10)   Pre Evacuate Collection Set: 0.5ms
[2023-01-09T09:51:48.082+0000][7][gc,phases   ] GC(10)   Merge Heap Roots: 0.1ms
[2023-01-09T09:51:48.083+0000][7][gc,phases   ] GC(10)   Evacuate Collection Set: 75.2ms
[2023-01-09T09:51:48.083+0000][7][gc,phases   ] GC(10)   Post Evacuate Collection Set: 8.4ms
[2023-01-09T09:51:48.084+0000][7][gc,phases   ] GC(10)   Other: 11.6ms
[2023-01-09T09:51:48.085+0000][7][gc,heap     ] GC(10) Eden regions: 290->0(268)
[2023-01-09T09:51:48.085+0000][7][gc,heap     ] GC(10) Survivor regions: 17->39(39)
[2023-01-09T09:51:48.086+0000][7][gc,heap     ] GC(10) Old regions: 4->9
[2023-01-09T09:51:48.086+0000][7][gc,heap     ] GC(10) Archive regions: 0->0
[2023-01-09T09:51:48.087+0000][7][gc,heap     ] GC(10) Humongous regions: 1->1
[2023-01-09T09:51:48.088+0000][7][gc,metaspace] GC(10) Metaspace: 43201K(45820K)->43201K(45820K) NonClass: 37970K(39936K)->37970K(39936K) Class: 5231K(5884K)->5231K(5884K)
[2023-01-09T09:51:48.089+0000][7][gc          ] GC(10) Pause Young (Normal) (G1 Evacuation Pause) 311M->48M(512M) 103.105ms
[2023-01-09T09:51:48.090+0000][7][gc,cpu      ] GC(10) User=0.08s Sys=0.00s Real=0.10s
[2023-01-09T09:51:48.091+0000][7][safepoint   ] Safepoint "G1CollectForAllocation", Time since last: 80275625 ns, Reaching safepoint: 3697750 ns, At safepoint: 105108791 ns, Total: 108806541 ns
[2023-01-09T09:51:48.708+0000][7][safepoint   ] Safepoint "ICBufferFull", Time since last: 613168626 ns, Reaching safepoint: 4367125 ns, At safepoint: 8916 ns, Total: 4376041 ns
[2023-01-09T09:51:49.928+0000][7][safepoint   ] Safepoint "ICBufferFull", Time since last: 1215890793 ns, Reaching safepoint: 3611291 ns, At safepoint: 4917 ns, Total: 3616208 ns
[2023-01-09T09:51:50.076+0000][7][gc,start    ] GC(11) Pause Young (Concurrent Start) (Metadata GC Threshold)
[2023-01-09T09:51:50.078+0000][7][gc,task     ] GC(11) Using 4 workers of 4 for evacuation
[2023-01-09T09:51:50.080+0000][7][gc,age      ] GC(11) Desired survivor size 20447232 bytes, new threshold 1 (max threshold 15)
[2023-01-09T09:51:50.156+0000][7][gc,age      ] GC(11) Age table with threshold 1 (max threshold 15)
[2023-01-09T09:51:50.157+0000][7][gc,age      ] GC(11) - age   1:    6312696 bytes,    6312696 total
[2023-01-09T09:51:50.158+0000][7][gc,phases   ] GC(11)   Pre Evacuate Collection Set: 1.7ms
[2023-01-09T09:51:50.159+0000][7][gc,phases   ] GC(11)   Merge Heap Roots: 5.1ms
[2023-01-09T09:51:50.160+0000][7][gc,phases   ] GC(11)   Evacuate Collection Set: 55.0ms
[2023-01-09T09:51:50.161+0000][7][gc,phases   ] GC(11)   Post Evacuate Collection Set: 13.6ms
[2023-01-09T09:51:50.161+0000][7][gc,phases   ] GC(11)   Other: 6.2ms
[2023-01-09T09:51:50.162+0000][7][gc,heap     ] GC(11) Eden regions: 116->0(290)
[2023-01-09T09:51:50.163+0000][7][gc,heap     ] GC(11) Survivor regions: 39->7(39)
[2023-01-09T09:51:50.164+0000][7][gc,heap     ] GC(11) Old regions: 9->49
[2023-01-09T09:51:50.165+0000][7][gc,heap     ] GC(11) Archive regions: 0->0
[2023-01-09T09:51:50.165+0000][7][gc,heap     ] GC(11) Humongous regions: 1->1
[2023-01-09T09:51:50.166+0000][7][gc,metaspace] GC(11) Metaspace: 57552K(60368K)->57552K(60368K) NonClass: 50161K(52180K)->50161K(52180K) Class: 7390K(8188K)->7390K(8188K)
[2023-01-09T09:51:50.167+0000][7][gc          ] GC(11) Pause Young (Concurrent Start) (Metadata GC Threshold) 164M->55M(512M) 90.683ms
[2023-01-09T09:51:50.168+0000][7][gc,cpu      ] GC(11) User=0.07s Sys=0.00s Real=0.09s
[2023-01-09T09:51:50.169+0000][7][gc          ] GC(12) Concurrent Cycle
[2023-01-09T09:51:50.170+0000][7][gc,marking  ] GC(12) Concurrent Clear Claimed Marks
[2023-01-09T09:51:50.171+0000][7][gc,marking  ] GC(12) Concurrent Clear Claimed Marks 0.689ms
[2023-01-09T09:51:50.171+0000][7][gc,marking  ] GC(12) Concurrent Scan Root Regions
[2023-01-09T09:51:50.173+0000][7][safepoint   ] Safepoint "CollectForMetadataAllocation", Time since last: 148550500 ns, Reaching safepoint: 114625 ns, At safepoint: 96910375 ns, Total: 97025000 ns
[2023-01-09T09:51:50.245+0000][7][gc,marking  ] GC(12) Concurrent Scan Root Regions 73.821ms
[2023-01-09T09:51:50.246+0000][7][gc,marking  ] GC(12) Concurrent Mark (12.483s)
[2023-01-09T09:51:50.247+0000][7][gc,marking  ] GC(12) Concurrent Mark From Roots
[2023-01-09T09:51:50.248+0000][7][gc,task     ] GC(12) Using 1 workers of 1 for marking
[2023-01-09T09:51:50.246+0000][7][safepoint   ] Safepoint "CollectForMetadataAllocation", Time since last: 72260667 ns, Reaching safepoint: 261750 ns, At safepoint: 70166 ns, Total: 331916 ns
[2023-01-09T09:51:50.269+0000][7][gc,marking  ] GC(12) Concurrent Mark From Roots 21.620ms
[2023-01-09T09:51:50.270+0000][7][gc,marking  ] GC(12) Concurrent Preclean
[2023-01-09T09:51:50.271+0000][7][gc,marking  ] GC(12) Concurrent Preclean 1.134ms
[2023-01-09T09:51:50.272+0000][7][gc,marking  ] GC(12) Concurrent Mark (12.483s, 12.509s) 25.848ms
[2023-01-09T09:51:50.273+0000][7][gc,start    ] GC(12) Pause Remark
[2023-01-09T09:51:50.278+0000][7][gc          ] GC(12) Pause Remark 58M->58M(512M) 5.025ms
[2023-01-09T09:51:50.279+0000][7][gc,cpu      ] GC(12) User=0.00s Sys=0.00s Real=0.01s
[2023-01-09T09:51:50.280+0000][7][safepoint   ] Safepoint "G1Concurrent", Time since last: 27058084 ns, Reaching safepoint: 160875 ns, At safepoint: 6688583 ns, Total: 6849458 ns
[2023-01-09T09:51:50.280+0000][7][gc,marking  ] GC(12) Concurrent Rebuild Remembered Sets
[2023-01-09T09:51:50.382+0000][7][gc,marking  ] GC(12) Concurrent Rebuild Remembered Sets 101.424ms
[2023-01-09T09:51:50.386+0000][7][gc,start    ] GC(12) Pause Cleanup
[2023-01-09T09:51:50.387+0000][7][gc          ] GC(12) Pause Cleanup 61M->61M(512M) 0.893ms
[2023-01-09T09:51:50.388+0000][7][gc,cpu      ] GC(12) User=0.00s Sys=0.00s Real=0.00s
[2023-01-09T09:51:50.388+0000][7][safepoint   ] Safepoint "G1Concurrent", Time since last: 104909334 ns, Reaching safepoint: 1232583 ns, At safepoint: 2496000 ns, Total: 3728583 ns
[2023-01-09T09:51:50.389+0000][7][gc,marking  ] GC(12) Concurrent Cleanup for Next Mark
[2023-01-09T09:51:50.391+0000][7][gc,marking  ] GC(12) Concurrent Cleanup for Next Mark 2.173ms
[2023-01-09T09:51:50.392+0000][7][gc          ] GC(12) Concurrent Cycle 223.571ms
[2023-01-09T09:51:51.390+0000][7][safepoint   ] Safepoint "ICBufferFull", Time since last: 1000917084 ns, Reaching safepoint: 616083 ns, At safepoint: 4250 ns, Total: 620333 ns
[2023-01-09T09:51:51.611+0000][7][safepoint   ] Safepoint "ICBufferFull", Time since last: 216104000 ns, Reaching safepoint: 4634958 ns, At safepoint: 5084 ns, Total: 4640042 ns
[2023-01-09T09:51:51.617+0000][7][safepoint   ] Safepoint "ICBufferFull", Time since last: 5896625 ns, Reaching safepoint: 794041 ns, At safepoint: 8959 ns, Total: 803000 ns
[2023-01-09T09:51:51.640+0000][7][safepoint   ] Safepoint "ICBufferFull", Time since last: 22262500 ns, Reaching safepoint: 863333 ns, At safepoint: 4833 ns, Total: 868166 ns
[2023-01-09T09:51:51.845+0000][7][safepoint   ] Safepoint "ICBufferFull", Time since last: 201963292 ns, Reaching safepoint: 3091084 ns, At safepoint: 12416 ns, Total: 3103500 ns
[2023-01-09T09:51:53.013+0000][7][safepoint   ] Safepoint "ICBufferFull", Time since last: 1162255209 ns, Reaching safepoint: 5668625 ns, At safepoint: 11583 ns, Total: 5680208 ns
[2023-01-09T09:51:53.285+0000][7][safepoint   ] Safepoint "ICBufferFull", Time since last: 269196917 ns, Reaching safepoint: 2832167 ns, At safepoint: 8750 ns, Total: 2840917 ns
[2023-01-09T09:51:54.026+0000][7][safepoint   ] Safepoint "ICBufferFull", Time since last: 740681209 ns, Reaching safepoint: 103500 ns, At safepoint: 2541 ns, Total: 106041 ns
[2023-01-09T09:51:54.457+0000][7][safepoint   ] Safepoint "ICBufferFull", Time since last: 430862167 ns, Reaching safepoint: 115292 ns, At safepoint: 2250 ns, Total: 117542 ns
[2023-01-09T09:51:54.500+0000][7][safepoint   ] Safepoint "ICBufferFull", Time since last: 42470666 ns, Reaching safepoint: 256959 ns, At safepoint: 8416 ns, Total: 265375 ns
[2023-01-09T09:51:54.948+0000][7][gc,heap,exit] Heap
[2023-01-09T09:51:54.948+0000][7][gc,heap,exit]  garbage-first heap   total 524288K, used 259769K [0x00000000e0000000, 0x0000000100000000)
[2023-01-09T09:51:54.950+0000][7][gc,heap,exit]   region size 1024K, 206 young (210944K), 7 survivors (7168K)
[2023-01-09T09:51:54.951+0000][7][gc,heap,exit]  Metaspace       used 86288K, capacity 89298K, committed 89500K, reserved 1126400K
[2023-01-09T09:51:54.952+0000][7][gc,heap,exit]   class space    used 11406K, capacity 12371K, committed 12488K, reserved 1048576K
