[2023-01-09T09:49:56.513+0000][163][gc] Using G1
[2023-01-09T09:49:56.523+0000][163][gc,init] Version: 15+36-1562 (release)
[2023-01-09T09:49:56.524+0000][163][gc,init] CPUs: 4 total, 4 available
[2023-01-09T09:49:56.524+0000][163][gc,init] Memory: 7951M
[2023-01-09T09:49:56.525+0000][163][gc,init] Large Page Support: Disabled
[2023-01-09T09:49:56.526+0000][163][gc,init] NUMA Support: Disabled
[2023-01-09T09:49:56.526+0000][163][gc,init] Compressed Oops: Enabled (32-bit)
[2023-01-09T09:49:56.527+0000][163][gc,init] Heap Region Size: 1M
[2023-01-09T09:49:56.528+0000][163][gc,init] Heap Min Capacity: 512M
[2023-01-09T09:49:56.528+0000][163][gc,init] Heap Initial Capacity: 512M
[2023-01-09T09:49:56.529+0000][163][gc,init] Heap Max Capacity: 512M
[2023-01-09T09:49:56.529+0000][163][gc,init] Pre-touch: Disabled
[2023-01-09T09:49:56.530+0000][163][gc,init] Parallel Workers: 4
[2023-01-09T09:49:56.531+0000][163][gc,init] Concurrent Workers: 1
[2023-01-09T09:49:56.531+0000][163][gc,init] Concurrent Refinement Workers: 4
[2023-01-09T09:49:56.532+0000][163][gc,init] Periodic GC: Disabled
[2023-01-09T09:49:56.532+0000][163][gc,metaspace] CDS disabled.
[2023-01-09T09:49:56.533+0000][163][gc,metaspace] Compressed class space mapped at: 0x0000000100000000-0x0000000140000000, size: 1073741824
[2023-01-09T09:49:56.533+0000][163][gc,metaspace] Narrow klass base: 0x0000000000000000, Narrow klass shift: 3, Narrow klass range: 0x140000000
[2023-01-09T09:49:56.642+0000][163][gc,heap,exit] Heap
[2023-01-09T09:49:56.643+0000][163][gc,heap,exit]  garbage-first heap   total 524288K, used 1024K [0x00000000e0000000, 0x0000000100000000)
[2023-01-09T09:49:56.644+0000][163][gc,heap,exit]   region size 1024K, 2 young (2048K), 0 survivors (0K)
[2023-01-09T09:49:56.645+0000][163][gc,heap,exit]  Metaspace       used 3315K, capacity 4480K, committed 4480K, reserved 1056768K
[2023-01-09T09:49:56.646+0000][163][gc,heap,exit]   class space    used 278K, capacity 384K, committed 384K, reserved 1048576K
