[2022-12-08T06:12:28.425+0000][6][gc] Using G1
[2022-12-08T06:12:29.003+0000][6][gc,init] Version: 15+36-1562 (release)
[2022-12-08T06:12:29.004+0000][6][gc,init] CPUs: 4 total, 4 available
[2022-12-08T06:12:29.005+0000][6][gc,init] Memory: 7951M
[2022-12-08T06:12:29.006+0000][6][gc,init] Large Page Support: Disabled
[2022-12-08T06:12:29.007+0000][6][gc,init] NUMA Support: Disabled
[2022-12-08T06:12:29.007+0000][6][gc,init] Compressed Oops: Enabled (32-bit)
[2022-12-08T06:12:29.008+0000][6][gc,init] Heap Region Size: 1M
[2022-12-08T06:12:29.009+0000][6][gc,init] Heap Min Capacity: 512M
[2022-12-08T06:12:29.010+0000][6][gc,init] Heap Initial Capacity: 512M
[2022-12-08T06:12:29.010+0000][6][gc,init] Heap Max Capacity: 512M
[2022-12-08T06:12:29.011+0000][6][gc,init] Pre-touch: Enabled
[2022-12-08T06:12:29.012+0000][6][gc,init] Parallel Workers: 4
[2022-12-08T06:12:29.013+0000][6][gc,init] Concurrent Workers: 1
[2022-12-08T06:12:29.014+0000][6][gc,init] Concurrent Refinement Workers: 4
[2022-12-08T06:12:29.014+0000][6][gc,init] Periodic GC: Disabled
[2022-12-08T06:12:29.015+0000][6][gc,metaspace] CDS disabled.
[2022-12-08T06:12:29.016+0000][6][gc,metaspace] Compressed class space mapped at: 0x0000000100000000-0x0000000140000000, size: 1073741824
[2022-12-08T06:12:29.017+0000][6][gc,metaspace] Narrow klass base: 0x0000000000000000, Narrow klass shift: 3, Narrow klass range: 0x140000000
[2022-12-08T06:12:29.358+0000][6][safepoint   ] Safepoint "ICBufferFull", Time since last: 314248208 ns, Reaching safepoint: 2190750 ns, At safepoint: 2459 ns, Total: 2193209 ns
[2022-12-08T06:12:29.976+0000][6][safepoint   ] Safepoint "ICBufferFull", Time since last: 618430833 ns, Reaching safepoint: 112709 ns, At safepoint: 2750 ns, Total: 115459 ns
[2022-12-08T06:12:30.490+0000][6][safepoint   ] Safepoint "ICBufferFull", Time since last: 513447542 ns, Reaching safepoint: 124583 ns, At safepoint: 3458 ns, Total: 128041 ns
[2022-12-08T06:12:31.345+0000][6][gc,start    ] GC(0) Pause Young (Normal) (G1 Evacuation Pause)
[2022-12-08T06:12:31.350+0000][6][gc,task     ] GC(0) Using 4 workers of 4 for evacuation
[2022-12-08T06:12:31.351+0000][6][gc,age      ] GC(0) Desired survivor size 2097152 bytes, new threshold 15 (max threshold 15)
[2022-12-08T06:12:31.363+0000][6][gc,age      ] GC(0) Age table with threshold 15 (max threshold 15)
[2022-12-08T06:12:31.364+0000][6][gc,age      ] GC(0) - age   1:    3927480 bytes,    3927480 total
[2022-12-08T06:12:31.365+0000][6][gc,phases   ] GC(0)   Pre Evacuate Collection Set: 1.2ms
[2022-12-08T06:12:31.366+0000][6][gc,phases   ] GC(0)   Merge Heap Roots: 0.0ms
[2022-12-08T06:12:31.383+0000][6][gc,phases   ] GC(0)   Evacuate Collection Set: 9.6ms
[2022-12-08T06:12:31.384+0000][6][gc,phases   ] GC(0)   Post Evacuate Collection Set: 0.5ms
[2022-12-08T06:12:31.385+0000][6][gc,phases   ] GC(0)   Other: 9.1ms
[2022-12-08T06:12:31.386+0000][6][gc,heap     ] GC(0) Eden regions: 25->0(25)
[2022-12-08T06:12:31.387+0000][6][gc,heap     ] GC(0) Survivor regions: 0->4(4)
[2022-12-08T06:12:31.388+0000][6][gc,heap     ] GC(0) Old regions: 0->0
[2022-12-08T06:12:31.389+0000][6][gc,heap     ] GC(0) Archive regions: 0->0
[2022-12-08T06:12:31.390+0000][6][gc,heap     ] GC(0) Humongous regions: 1->1
[2022-12-08T06:12:31.390+0000][6][gc,metaspace] GC(0) Metaspace: 15687K(16256K)->15687K(16256K) NonClass: 14100K(14592K)->14100K(14592K) Class: 1587K(1664K)->1587K(1664K)
[2022-12-08T06:12:31.392+0000][6][gc          ] GC(0) Pause Young (Normal) (G1 Evacuation Pause) 26M->4M(512M) 47.608ms
[2022-12-08T06:12:31.393+0000][6][gc,cpu      ] GC(0) User=0.01s Sys=0.00s Real=0.05s
[2022-12-08T06:12:31.394+0000][6][safepoint   ] Safepoint "G1CollectForAllocation", Time since last: 852786292 ns, Reaching safepoint: 1738542 ns, At safepoint: 49820542 ns, Total: 51559084 ns
[2022-12-08T06:12:31.945+0000][6][safepoint   ] Safepoint "ICBufferFull", Time since last: 547773542 ns, Reaching safepoint: 3177375 ns, At safepoint: 3875 ns, Total: 3181250 ns
[2022-12-08T06:12:32.146+0000][6][gc,start    ] GC(1) Pause Young (Concurrent Start) (Metadata GC Threshold)
[2022-12-08T06:12:32.148+0000][6][gc,task     ] GC(1) Using 4 workers of 4 for evacuation
[2022-12-08T06:12:32.149+0000][6][gc,age      ] GC(1) Desired survivor size 2097152 bytes, new threshold 1 (max threshold 15)
[2022-12-08T06:12:32.199+0000][6][gc,age      ] GC(1) Age table with threshold 1 (max threshold 15)
[2022-12-08T06:12:32.200+0000][6][gc,age      ] GC(1) - age   1:    2134136 bytes,    2134136 total
[2022-12-08T06:12:32.200+0000][6][gc,phases   ] GC(1)   Pre Evacuate Collection Set: 0.2ms
[2022-12-08T06:12:32.201+0000][6][gc,phases   ] GC(1)   Merge Heap Roots: 0.0ms
[2022-12-08T06:12:32.202+0000][6][gc,phases   ] GC(1)   Evacuate Collection Set: 46.6ms
[2022-12-08T06:12:32.203+0000][6][gc,phases   ] GC(1)   Post Evacuate Collection Set: 2.0ms
[2022-12-08T06:12:32.204+0000][6][gc,phases   ] GC(1)   Other: 5.8ms
[2022-12-08T06:12:32.205+0000][6][gc,heap     ] GC(1) Eden regions: 23->0(30)
[2022-12-08T06:12:32.205+0000][6][gc,heap     ] GC(1) Survivor regions: 4->3(4)
[2022-12-08T06:12:32.206+0000][6][gc,heap     ] GC(1) Old regions: 0->4
[2022-12-08T06:12:32.207+0000][6][gc,heap     ] GC(1) Archive regions: 0->0
[2022-12-08T06:12:32.208+0000][6][gc,heap     ] GC(1) Humongous regions: 1->1
[2022-12-08T06:12:32.209+0000][6][gc,metaspace] GC(1) Metaspace: 20682K(21248K)->20682K(21248K) NonClass: 18453K(18944K)->18453K(18944K) Class: 2228K(2304K)->2228K(2304K)
[2022-12-08T06:12:32.210+0000][6][gc          ] GC(1) Pause Young (Concurrent Start) (Metadata GC Threshold) 27M->7M(512M) 64.018ms
[2022-12-08T06:12:32.210+0000][6][gc,cpu      ] GC(1) User=0.02s Sys=0.01s Real=0.06s
[2022-12-08T06:12:32.211+0000][6][gc          ] GC(2) Concurrent Cycle
[2022-12-08T06:12:32.212+0000][6][gc,marking  ] GC(2) Concurrent Clear Claimed Marks
[2022-12-08T06:12:32.213+0000][6][gc,marking  ] GC(2) Concurrent Clear Claimed Marks 0.710ms
[2022-12-08T06:12:32.214+0000][6][gc,marking  ] GC(2) Concurrent Scan Root Regions
[2022-12-08T06:12:32.211+0000][6][safepoint   ] Safepoint "CollectForMetadataAllocation", Time since last: 200031208 ns, Reaching safepoint: 302333 ns, At safepoint: 65707000 ns, Total: 66009333 ns
[2022-12-08T06:12:32.217+0000][6][gc,marking  ] GC(2) Concurrent Scan Root Regions 3.381ms
[2022-12-08T06:12:32.218+0000][6][gc,marking  ] GC(2) Concurrent Mark (3.806s)
[2022-12-08T06:12:32.220+0000][6][gc,marking  ] GC(2) Concurrent Mark From Roots
[2022-12-08T06:12:32.220+0000][6][gc,task     ] GC(2) Using 1 workers of 1 for marking
[2022-12-08T06:12:32.221+0000][6][gc,marking  ] GC(2) Concurrent Mark From Roots 1.712ms
[2022-12-08T06:12:32.222+0000][6][gc,marking  ] GC(2) Concurrent Preclean
[2022-12-08T06:12:32.222+0000][6][gc,marking  ] GC(2) Concurrent Preclean 0.569ms
[2022-12-08T06:12:32.223+0000][6][gc,marking  ] GC(2) Concurrent Mark (3.806s, 3.812s) 5.483ms
[2022-12-08T06:12:32.224+0000][6][gc,start    ] GC(2) Pause Remark
[2022-12-08T06:12:32.226+0000][6][gc          ] GC(2) Pause Remark 7M->7M(512M) 1.907ms
[2022-12-08T06:12:32.227+0000][6][gc,cpu      ] GC(2) User=0.00s Sys=0.00s Real=0.00s
[2022-12-08T06:12:32.227+0000][6][safepoint   ] Safepoint "G1Concurrent", Time since last: 12649459 ns, Reaching safepoint: 42666 ns, At safepoint: 3158292 ns, Total: 3200958 ns
[2022-12-08T06:12:32.228+0000][6][gc,marking  ] GC(2) Concurrent Rebuild Remembered Sets
[2022-12-08T06:12:32.230+0000][6][gc,marking  ] GC(2) Concurrent Rebuild Remembered Sets 2.205ms
[2022-12-08T06:12:32.238+0000][6][gc,start    ] GC(2) Pause Cleanup
[2022-12-08T06:12:32.240+0000][6][gc          ] GC(2) Pause Cleanup 7M->7M(512M) 1.627ms
[2022-12-08T06:12:32.241+0000][6][gc,cpu      ] GC(2) User=0.00s Sys=0.01s Real=0.01s
[2022-12-08T06:12:32.242+0000][6][safepoint   ] Safepoint "G1Concurrent", Time since last: 10642292 ns, Reaching safepoint: 485541 ns, At safepoint: 3287542 ns, Total: 3773083 ns
[2022-12-08T06:12:32.242+0000][6][gc,marking  ] GC(2) Concurrent Cleanup for Next Mark
[2022-12-08T06:12:32.243+0000][6][gc,marking  ] GC(2) Concurrent Cleanup for Next Mark 1.017ms
[2022-12-08T06:12:32.244+0000][6][gc          ] GC(2) Concurrent Cycle 32.707ms
[2022-12-08T06:12:33.055+0000][6][gc,start    ] GC(3) Pause Young (Normal) (G1 Evacuation Pause)
[2022-12-08T06:12:33.056+0000][6][gc,task     ] GC(3) Using 4 workers of 4 for evacuation
[2022-12-08T06:12:33.058+0000][6][gc,age      ] GC(3) Desired survivor size 2621440 bytes, new threshold 15 (max threshold 15)
[2022-12-08T06:12:33.080+0000][6][gc,age      ] GC(3) Age table with threshold 15 (max threshold 15)
[2022-12-08T06:12:33.081+0000][6][gc,age      ] GC(3) - age   1:    2493368 bytes,    2493368 total
[2022-12-08T06:12:33.082+0000][6][gc,age      ] GC(3) - age   2:    2114216 bytes,    4607584 total
[2022-12-08T06:12:33.083+0000][6][gc,phases   ] GC(3)   Pre Evacuate Collection Set: 0.2ms
[2022-12-08T06:12:33.084+0000][6][gc,phases   ] GC(3)   Merge Heap Roots: 0.0ms
[2022-12-08T06:12:33.085+0000][6][gc,phases   ] GC(3)   Evacuate Collection Set: 18.2ms
[2022-12-08T06:12:33.086+0000][6][gc,phases   ] GC(3)   Post Evacuate Collection Set: 1.9ms
[2022-12-08T06:12:33.087+0000][6][gc,phases   ] GC(3)   Other: 8.0ms
[2022-12-08T06:12:33.088+0000][6][gc,heap     ] GC(3) Eden regions: 31->0(150)
[2022-12-08T06:12:33.089+0000][6][gc,heap     ] GC(3) Survivor regions: 3->5(5)
[2022-12-08T06:12:33.090+0000][6][gc,heap     ] GC(3) Old regions: 4->4
[2022-12-08T06:12:33.090+0000][6][gc,heap     ] GC(3) Archive regions: 0->0
[2022-12-08T06:12:33.092+0000][6][gc,heap     ] GC(3) Humongous regions: 1->1
[2022-12-08T06:12:33.093+0000][6][gc,metaspace] GC(3) Metaspace: 22427K(23040K)->22427K(23040K) NonClass: 20005K(20480K)->20005K(20480K) Class: 2422K(2560K)->2422K(2560K)
[2022-12-08T06:12:33.094+0000][6][gc          ] GC(3) Pause Young (Normal) (G1 Evacuation Pause) 38M->9M(512M) 39.332ms
[2022-12-08T06:12:33.095+0000][6][gc,cpu      ] GC(3) User=0.01s Sys=0.00s Real=0.04s
[2022-12-08T06:12:33.096+0000][6][safepoint   ] Safepoint "G1CollectForAllocation", Time since last: 810437750 ns, Reaching safepoint: 2854459 ns, At safepoint: 40792708 ns, Total: 43647167 ns
[2022-12-08T06:12:33.232+0000][6][safepoint   ] Safepoint "ICBufferFull", Time since last: 136151709 ns, Reaching safepoint: 56000 ns, At safepoint: 1791 ns, Total: 57791 ns
[2022-12-08T06:12:33.243+0000][6][safepoint   ] Safepoint "ICBufferFull", Time since last: 10941459 ns, Reaching safepoint: 52166 ns, At safepoint: 3625 ns, Total: 55791 ns
[2022-12-08T06:12:33.248+0000][6][safepoint   ] Safepoint "ICBufferFull", Time since last: 5078209 ns, Reaching safepoint: 45458 ns, At safepoint: 1958 ns, Total: 47416 ns
[2022-12-08T06:12:33.257+0000][6][safepoint   ] Safepoint "ICBufferFull", Time since last: 8994000 ns, Reaching safepoint: 49834 ns, At safepoint: 2125 ns, Total: 51959 ns
[2022-12-08T06:12:33.261+0000][6][safepoint   ] Safepoint "ICBufferFull", Time since last: 3627666 ns, Reaching safepoint: 200959 ns, At safepoint: 2416 ns, Total: 203375 ns
[2022-12-08T06:12:33.270+0000][6][safepoint   ] Safepoint "ICBufferFull", Time since last: 9408000 ns, Reaching safepoint: 69667 ns, At safepoint: 2083 ns, Total: 71750 ns
[2022-12-08T06:12:33.279+0000][6][safepoint   ] Safepoint "ICBufferFull", Time since last: 8308959 ns, Reaching safepoint: 48625 ns, At safepoint: 2250 ns, Total: 50875 ns
[2022-12-08T06:12:33.283+0000][6][safepoint   ] Safepoint "ICBufferFull", Time since last: 3974166 ns, Reaching safepoint: 62209 ns, At safepoint: 1833 ns, Total: 64042 ns
[2022-12-08T06:12:33.287+0000][6][safepoint   ] Safepoint "ICBufferFull", Time since last: 4467250 ns, Reaching safepoint: 42875 ns, At safepoint: 1792 ns, Total: 44667 ns
[2022-12-08T06:12:33.293+0000][6][safepoint   ] Safepoint "ICBufferFull", Time since last: 5408250 ns, Reaching safepoint: 44208 ns, At safepoint: 77167 ns, Total: 121375 ns
[2022-12-08T06:12:33.297+0000][6][safepoint   ] Safepoint "ICBufferFull", Time since last: 3702625 ns, Reaching safepoint: 40750 ns, At safepoint: 1666 ns, Total: 42416 ns
[2022-12-08T06:12:33.303+0000][6][safepoint   ] Safepoint "ICBufferFull", Time since last: 2072542 ns, Reaching safepoint: 4089292 ns, At safepoint: 6500 ns, Total: 4095792 ns
[2022-12-08T06:12:33.308+0000][6][safepoint   ] Safepoint "ICBufferFull", Time since last: 5602708 ns, Reaching safepoint: 36042 ns, At safepoint: 1291 ns, Total: 37333 ns
[2022-12-08T06:12:33.312+0000][6][safepoint   ] Safepoint "ICBufferFull", Time since last: 3274917 ns, Reaching safepoint: 266292 ns, At safepoint: 5625 ns, Total: 271917 ns
[2022-12-08T06:12:33.315+0000][6][safepoint   ] Safepoint "ICBufferFull", Time since last: 1436458 ns, Reaching safepoint: 1174042 ns, At safepoint: 3708 ns, Total: 1177750 ns
[2022-12-08T06:12:33.319+0000][6][safepoint   ] Safepoint "ICBufferFull", Time since last: 1870958 ns, Reaching safepoint: 2440084 ns, At safepoint: 5458 ns, Total: 2445542 ns
[2022-12-08T06:12:33.330+0000][6][safepoint   ] Safepoint "ICBufferFull", Time since last: 11253208 ns, Reaching safepoint: 116417 ns, At safepoint: 1708 ns, Total: 118125 ns
[2022-12-08T06:12:33.334+0000][6][safepoint   ] Safepoint "ICBufferFull", Time since last: 3203625 ns, Reaching safepoint: 115292 ns, At safepoint: 1708 ns, Total: 117000 ns
[2022-12-08T06:12:33.338+0000][6][safepoint   ] Safepoint "ICBufferFull", Time since last: 4327167 ns, Reaching safepoint: 112958 ns, At safepoint: 1959 ns, Total: 114917 ns
[2022-12-08T06:12:33.342+0000][6][safepoint   ] Safepoint "ICBufferFull", Time since last: 3697458 ns, Reaching safepoint: 139875 ns, At safepoint: 1708 ns, Total: 141583 ns
[2022-12-08T06:12:33.348+0000][6][safepoint   ] Safepoint "ICBufferFull", Time since last: 5213167 ns, Reaching safepoint: 924875 ns, At safepoint: 1792 ns, Total: 926667 ns
[2022-12-08T06:12:33.352+0000][6][safepoint   ] Safepoint "ICBufferFull", Time since last: 3487208 ns, Reaching safepoint: 111208 ns, At safepoint: 2000 ns, Total: 113208 ns
[2022-12-08T06:12:33.362+0000][6][safepoint   ] Safepoint "ICBufferFull", Time since last: 10654959 ns, Reaching safepoint: 119125 ns, At safepoint: 2000 ns, Total: 121125 ns
[2022-12-08T06:12:33.366+0000][6][safepoint   ] Safepoint "ICBufferFull", Time since last: 3642291 ns, Reaching safepoint: 108875 ns, At safepoint: 1584 ns, Total: 110459 ns
[2022-12-08T06:12:33.375+0000][6][safepoint   ] Safepoint "ICBufferFull", Time since last: 8943166 ns, Reaching safepoint: 146417 ns, At safepoint: 1625 ns, Total: 148042 ns
[2022-12-08T06:12:33.379+0000][6][safepoint   ] Safepoint "ICBufferFull", Time since last: 3892833 ns, Reaching safepoint: 109167 ns, At safepoint: 1792 ns, Total: 110959 ns
[2022-12-08T06:12:33.384+0000][6][safepoint   ] Safepoint "ICBufferFull", Time since last: 4618375 ns, Reaching safepoint: 107541 ns, At safepoint: 1834 ns, Total: 109375 ns
[2022-12-08T06:12:33.388+0000][6][safepoint   ] Safepoint "ICBufferFull", Time since last: 1389916 ns, Reaching safepoint: 2852209 ns, At safepoint: 9125 ns, Total: 2861334 ns
[2022-12-08T06:12:33.398+0000][6][safepoint   ] Safepoint "ICBufferFull", Time since last: 4162458 ns, Reaching safepoint: 5495500 ns, At safepoint: 8417 ns, Total: 5503917 ns
[2022-12-08T06:12:33.402+0000][6][safepoint   ] Safepoint "ICBufferFull", Time since last: 2735291 ns, Reaching safepoint: 1476084 ns, At safepoint: 8875 ns, Total: 1484959 ns
[2022-12-08T06:12:33.408+0000][6][safepoint   ] Safepoint "ICBufferFull", Time since last: 4837541 ns, Reaching safepoint: 1258959 ns, At safepoint: 2000 ns, Total: 1260959 ns
[2022-12-08T06:12:33.411+0000][6][safepoint   ] Safepoint "ICBufferFull", Time since last: 1732541 ns, Reaching safepoint: 1345375 ns, At safepoint: 10084 ns, Total: 1355459 ns
[2022-12-08T06:12:33.416+0000][6][safepoint   ] Safepoint "ICBufferFull", Time since last: 3467375 ns, Reaching safepoint: 707666 ns, At safepoint: 113084 ns, Total: 820750 ns
[2022-12-08T06:12:33.418+0000][6][safepoint   ] Safepoint "ICBufferFull", Time since last: 2004500 ns, Reaching safepoint: 926625 ns, At safepoint: 7916 ns, Total: 934541 ns
[2022-12-08T06:12:33.430+0000][6][safepoint   ] Safepoint "ICBufferFull", Time since last: 11403500 ns, Reaching safepoint: 50709 ns, At safepoint: 1666 ns, Total: 52375 ns
[2022-12-08T06:12:33.436+0000][6][safepoint   ] Safepoint "ICBufferFull", Time since last: 6365959 ns, Reaching safepoint: 109916 ns, At safepoint: 2167 ns, Total: 112083 ns
[2022-12-08T06:12:33.453+0000][6][safepoint   ] Safepoint "ICBufferFull", Time since last: 16544333 ns, Reaching safepoint: 484584 ns, At safepoint: 2708 ns, Total: 487292 ns
[2022-12-08T06:12:33.463+0000][6][safepoint   ] Safepoint "ICBufferFull", Time since last: 9730333 ns, Reaching safepoint: 123792 ns, At safepoint: 2000 ns, Total: 125792 ns
[2022-12-08T06:12:33.465+0000][6][safepoint   ] Safepoint "ICBufferFull", Time since last: 1918625 ns, Reaching safepoint: 212833 ns, At safepoint: 1792 ns, Total: 214625 ns
[2022-12-08T06:12:33.467+0000][6][safepoint   ] Safepoint "ICBufferFull", Time since last: 1209458 ns, Reaching safepoint: 111250 ns, At safepoint: 95834 ns, Total: 207084 ns
[2022-12-08T06:12:33.468+0000][6][safepoint   ] Safepoint "ICBufferFull", Time since last: 1535541 ns, Reaching safepoint: 104250 ns, At safepoint: 1750 ns, Total: 106000 ns
[2022-12-08T06:12:33.470+0000][6][safepoint   ] Safepoint "ICBufferFull", Time since last: 1488125 ns, Reaching safepoint: 109125 ns, At safepoint: 1542 ns, Total: 110667 ns
[2022-12-08T06:12:33.472+0000][6][safepoint   ] Safepoint "ICBufferFull", Time since last: 1451375 ns, Reaching safepoint: 251125 ns, At safepoint: 1917 ns, Total: 253042 ns
[2022-12-08T06:12:33.474+0000][6][safepoint   ] Safepoint "ICBufferFull", Time since last: 1845250 ns, Reaching safepoint: 381500 ns, At safepoint: 1875 ns, Total: 383375 ns
[2022-12-08T06:12:33.476+0000][6][safepoint   ] Safepoint "ICBufferFull", Time since last: 1638958 ns, Reaching safepoint: 135750 ns, At safepoint: 1917 ns, Total: 137667 ns
[2022-12-08T06:12:33.477+0000][6][safepoint   ] Safepoint "ICBufferFull", Time since last: 1181708 ns, Reaching safepoint: 99833 ns, At safepoint: 1459 ns, Total: 101292 ns
[2022-12-08T06:12:33.479+0000][6][safepoint   ] Safepoint "ICBufferFull", Time since last: 1884083 ns, Reaching safepoint: 154500 ns, At safepoint: 1667 ns, Total: 156167 ns
[2022-12-08T06:12:33.481+0000][6][safepoint   ] Safepoint "ICBufferFull", Time since last: 1762375 ns, Reaching safepoint: 199875 ns, At safepoint: 1666 ns, Total: 201541 ns
[2022-12-08T06:12:33.482+0000][6][safepoint   ] Safepoint "ICBufferFull", Time since last: 1114959 ns, Reaching safepoint: 95166 ns, At safepoint: 1250 ns, Total: 96416 ns
[2022-12-08T06:12:33.483+0000][6][safepoint   ] Safepoint "ICBufferFull", Time since last: 912250 ns, Reaching safepoint: 184625 ns, At safepoint: 1667 ns, Total: 186292 ns
[2022-12-08T06:12:33.486+0000][6][safepoint   ] Safepoint "ICBufferFull", Time since last: 1833208 ns, Reaching safepoint: 293334 ns, At safepoint: 1750 ns, Total: 295084 ns
[2022-12-08T06:12:33.487+0000][6][safepoint   ] Safepoint "ICBufferFull", Time since last: 1404208 ns, Reaching safepoint: 177708 ns, At safepoint: 1792 ns, Total: 179500 ns
[2022-12-08T06:12:33.489+0000][6][safepoint   ] Safepoint "ICBufferFull", Time since last: 1412667 ns, Reaching safepoint: 101166 ns, At safepoint: 1542 ns, Total: 102708 ns
[2022-12-08T06:12:33.490+0000][6][safepoint   ] Safepoint "ICBufferFull", Time since last: 1123750 ns, Reaching safepoint: 204000 ns, At safepoint: 1667 ns, Total: 205667 ns
[2022-12-08T06:12:33.491+0000][6][safepoint   ] Safepoint "ICBufferFull", Time since last: 1311541 ns, Reaching safepoint: 223167 ns, At safepoint: 1708 ns, Total: 224875 ns
[2022-12-08T06:12:33.493+0000][6][safepoint   ] Safepoint "ICBufferFull", Time since last: 1521750 ns, Reaching safepoint: 96750 ns, At safepoint: 1334 ns, Total: 98084 ns
[2022-12-08T06:12:33.494+0000][6][safepoint   ] Safepoint "ICBufferFull", Time since last: 1045083 ns, Reaching safepoint: 164708 ns, At safepoint: 1625 ns, Total: 166333 ns
[2022-12-08T06:12:33.496+0000][6][safepoint   ] Safepoint "ICBufferFull", Time since last: 1865125 ns, Reaching safepoint: 197334 ns, At safepoint: 1791 ns, Total: 199125 ns
[2022-12-08T06:12:33.500+0000][6][safepoint   ] Safepoint "ICBufferFull", Time since last: 2937125 ns, Reaching safepoint: 246250 ns, At safepoint: 1959 ns, Total: 248209 ns
[2022-12-08T06:12:33.505+0000][6][safepoint   ] Safepoint "ICBufferFull", Time since last: 5353833 ns, Reaching safepoint: 221083 ns, At safepoint: 1834 ns, Total: 222917 ns
[2022-12-08T06:12:33.508+0000][6][safepoint   ] Safepoint "ICBufferFull", Time since last: 3077750 ns, Reaching safepoint: 110541 ns, At safepoint: 6000 ns, Total: 116541 ns
[2022-12-08T06:12:33.510+0000][6][safepoint   ] Safepoint "ICBufferFull", Time since last: 1114375 ns, Reaching safepoint: 186834 ns, At safepoint: 1583 ns, Total: 188417 ns
[2022-12-08T06:12:33.512+0000][6][safepoint   ] Safepoint "ICBufferFull", Time since last: 864333 ns, Reaching safepoint: 1615459 ns, At safepoint: 3791 ns, Total: 1619250 ns
[2022-12-08T06:12:33.514+0000][6][safepoint   ] Safepoint "ICBufferFull", Time since last: 1232375 ns, Reaching safepoint: 187834 ns, At safepoint: 11500 ns, Total: 199334 ns
[2022-12-08T06:12:33.516+0000][6][safepoint   ] Safepoint "ICBufferFull", Time since last: 1777375 ns, Reaching safepoint: 179666 ns, At safepoint: 1417 ns, Total: 181083 ns
[2022-12-08T06:12:33.517+0000][6][safepoint   ] Safepoint "ICBufferFull", Time since last: 1694250 ns, Reaching safepoint: 117208 ns, At safepoint: 1625 ns, Total: 118833 ns
[2022-12-08T06:12:33.519+0000][6][safepoint   ] Safepoint "ICBufferFull", Time since last: 1685750 ns, Reaching safepoint: 221625 ns, At safepoint: 1792 ns, Total: 223417 ns
[2022-12-08T06:12:33.522+0000][6][safepoint   ] Safepoint "ICBufferFull", Time since last: 2412625 ns, Reaching safepoint: 129958 ns, At safepoint: 1750 ns, Total: 131708 ns
[2022-12-08T06:12:33.524+0000][6][safepoint   ] Safepoint "ICBufferFull", Time since last: 1691459 ns, Reaching safepoint: 202000 ns, At safepoint: 1666 ns, Total: 203666 ns
[2022-12-08T06:12:33.526+0000][6][safepoint   ] Safepoint "ICBufferFull", Time since last: 2381959 ns, Reaching safepoint: 253041 ns, At safepoint: 1875 ns, Total: 254916 ns
[2022-12-08T06:12:33.528+0000][6][safepoint   ] Safepoint "ICBufferFull", Time since last: 1570292 ns, Reaching safepoint: 121208 ns, At safepoint: 1375 ns, Total: 122583 ns
[2022-12-08T06:12:33.530+0000][6][safepoint   ] Safepoint "ICBufferFull", Time since last: 923417 ns, Reaching safepoint: 697542 ns, At safepoint: 2958 ns, Total: 700500 ns
[2022-12-08T06:12:33.533+0000][6][safepoint   ] Safepoint "ICBufferFull", Time since last: 2070958 ns, Reaching safepoint: 1543625 ns, At safepoint: 5250 ns, Total: 1548875 ns
[2022-12-08T06:12:33.541+0000][6][safepoint   ] Safepoint "ICBufferFull", Time since last: 7842834 ns, Reaching safepoint: 144958 ns, At safepoint: 2125 ns, Total: 147083 ns
[2022-12-08T06:12:33.547+0000][6][safepoint   ] Safepoint "ICBufferFull", Time since last: 1902625 ns, Reaching safepoint: 3541667 ns, At safepoint: 5416 ns, Total: 3547083 ns
[2022-12-08T06:12:33.551+0000][6][safepoint   ] Safepoint "ICBufferFull", Time since last: 2900084 ns, Reaching safepoint: 1077166 ns, At safepoint: 17834 ns, Total: 1095000 ns
[2022-12-08T06:12:33.555+0000][6][safepoint   ] Safepoint "ICBufferFull", Time since last: 1803583 ns, Reaching safepoint: 2805708 ns, At safepoint: 5459 ns, Total: 2811167 ns
[2022-12-08T06:12:33.557+0000][6][safepoint   ] Safepoint "ICBufferFull", Time since last: 1343625 ns, Reaching safepoint: 280041 ns, At safepoint: 3167 ns, Total: 283208 ns
[2022-12-08T06:12:33.567+0000][6][safepoint   ] Safepoint "ICBufferFull", Time since last: 9666750 ns, Reaching safepoint: 106792 ns, At safepoint: 1916 ns, Total: 108708 ns
[2022-12-08T06:12:33.650+0000][6][safepoint   ] Safepoint "ICBufferFull", Time since last: 82932667 ns, Reaching safepoint: 50458 ns, At safepoint: 1625 ns, Total: 52083 ns
[2022-12-08T06:12:33.661+0000][6][safepoint   ] Safepoint "ICBufferFull", Time since last: 1925042 ns, Reaching safepoint: 9423625 ns, At safepoint: 8917 ns, Total: 9432542 ns
[2022-12-08T06:12:33.663+0000][6][safepoint   ] Safepoint "ICBufferFull", Time since last: 1220583 ns, Reaching safepoint: 696333 ns, At safepoint: 57000 ns, Total: 753333 ns
[2022-12-08T06:12:33.671+0000][6][safepoint   ] Safepoint "ICBufferFull", Time since last: 1113542 ns, Reaching safepoint: 6400250 ns, At safepoint: 11917 ns, Total: 6412167 ns
[2022-12-08T06:12:33.679+0000][6][safepoint   ] Safepoint "ICBufferFull", Time since last: 5175125 ns, Reaching safepoint: 3713833 ns, At safepoint: 13542 ns, Total: 3727375 ns
[2022-12-08T06:12:33.684+0000][6][safepoint   ] Safepoint "ICBufferFull", Time since last: 3109583 ns, Reaching safepoint: 1068417 ns, At safepoint: 9375 ns, Total: 1077792 ns
[2022-12-08T06:12:33.687+0000][6][safepoint   ] Safepoint "ICBufferFull", Time since last: 1823000 ns, Reaching safepoint: 1160333 ns, At safepoint: 61542 ns, Total: 1221875 ns
[2022-12-08T06:12:33.689+0000][6][safepoint   ] Safepoint "ICBufferFull", Time since last: 1781250 ns, Reaching safepoint: 551041 ns, At safepoint: 35709 ns, Total: 586750 ns
[2022-12-08T06:12:33.696+0000][6][safepoint   ] Safepoint "ICBufferFull", Time since last: 4133083 ns, Reaching safepoint: 2788250 ns, At safepoint: 99542 ns, Total: 2887792 ns
[2022-12-08T06:12:33.699+0000][6][safepoint   ] Safepoint "ICBufferFull", Time since last: 2182041 ns, Reaching safepoint: 728000 ns, At safepoint: 181875 ns, Total: 909875 ns
[2022-12-08T06:12:33.702+0000][6][safepoint   ] Safepoint "ICBufferFull", Time since last: 1502625 ns, Reaching safepoint: 916417 ns, At safepoint: 154000 ns, Total: 1070417 ns
[2022-12-08T06:12:33.705+0000][6][safepoint   ] Safepoint "ICBufferFull", Time since last: 2186542 ns, Reaching safepoint: 1100291 ns, At safepoint: 7917 ns, Total: 1108208 ns
[2022-12-08T06:12:33.709+0000][6][safepoint   ] Safepoint "ICBufferFull", Time since last: 2057042 ns, Reaching safepoint: 1989041 ns, At safepoint: 58375 ns, Total: 2047416 ns
[2022-12-08T06:12:33.714+0000][6][safepoint   ] Safepoint "ICBufferFull", Time since last: 1212167 ns, Reaching safepoint: 3680333 ns, At safepoint: 6167 ns, Total: 3686500 ns
[2022-12-08T06:12:33.724+0000][6][safepoint   ] Safepoint "ICBufferFull", Time since last: 9971208 ns, Reaching safepoint: 112917 ns, At safepoint: 2250 ns, Total: 115167 ns
[2022-12-08T06:12:33.733+0000][6][safepoint   ] Safepoint "ICBufferFull", Time since last: 9085292 ns, Reaching safepoint: 214708 ns, At safepoint: 1667 ns, Total: 216375 ns
[2022-12-08T06:12:33.742+0000][6][safepoint   ] Safepoint "ICBufferFull", Time since last: 5197083 ns, Reaching safepoint: 2884375 ns, At safepoint: 7667 ns, Total: 2892042 ns
[2022-12-08T06:12:33.744+0000][6][safepoint   ] Safepoint "ICBufferFull", Time since last: 2468166 ns, Reaching safepoint: 109167 ns, At safepoint: 2542 ns, Total: 111709 ns
[2022-12-08T06:12:33.758+0000][6][safepoint   ] Safepoint "ICBufferFull", Time since last: 13760375 ns, Reaching safepoint: 271541 ns, At safepoint: 5959 ns, Total: 277500 ns
[2022-12-08T06:12:33.761+0000][6][safepoint   ] Safepoint "ICBufferFull", Time since last: 2898416 ns, Reaching safepoint: 111417 ns, At safepoint: 1792 ns, Total: 113209 ns
[2022-12-08T06:12:33.763+0000][6][safepoint   ] Safepoint "ICBufferFull", Time since last: 2050542 ns, Reaching safepoint: 107583 ns, At safepoint: 2167 ns, Total: 109750 ns
[2022-12-08T06:12:33.767+0000][6][safepoint   ] Safepoint "ICBufferFull", Time since last: 3991833 ns, Reaching safepoint: 180958 ns, At safepoint: 2042 ns, Total: 183000 ns
[2022-12-08T06:12:33.773+0000][6][safepoint   ] Safepoint "ICBufferFull", Time since last: 2900792 ns, Reaching safepoint: 3028125 ns, At safepoint: 2666 ns, Total: 3030791 ns
[2022-12-08T06:12:33.776+0000][6][safepoint   ] Safepoint "ICBufferFull", Time since last: 2075167 ns, Reaching safepoint: 155417 ns, At safepoint: 3416 ns, Total: 158833 ns
[2022-12-08T06:12:33.780+0000][6][safepoint   ] Safepoint "ICBufferFull", Time since last: 4468917 ns, Reaching safepoint: 107708 ns, At safepoint: 1750 ns, Total: 109458 ns
[2022-12-08T06:12:33.782+0000][6][safepoint   ] Safepoint "ICBufferFull", Time since last: 1362250 ns, Reaching safepoint: 98292 ns, At safepoint: 1417 ns, Total: 99709 ns
[2022-12-08T06:12:33.783+0000][6][safepoint   ] Safepoint "ICBufferFull", Time since last: 1595791 ns, Reaching safepoint: 102709 ns, At safepoint: 1625 ns, Total: 104334 ns
[2022-12-08T06:12:33.786+0000][6][safepoint   ] Safepoint "ICBufferFull", Time since last: 2255916 ns, Reaching safepoint: 198625 ns, At safepoint: 2542 ns, Total: 201167 ns
[2022-12-08T06:12:33.792+0000][6][safepoint   ] Safepoint "ICBufferFull", Time since last: 5483208 ns, Reaching safepoint: 850709 ns, At safepoint: 2125 ns, Total: 852834 ns
[2022-12-08T06:12:33.797+0000][6][safepoint   ] Safepoint "ICBufferFull", Time since last: 1627541 ns, Reaching safepoint: 3046584 ns, At safepoint: 5125 ns, Total: 3051709 ns
[2022-12-08T06:12:33.801+0000][6][safepoint   ] Safepoint "ICBufferFull", Time since last: 2035875 ns, Reaching safepoint: 2122000 ns, At safepoint: 3166 ns, Total: 2125166 ns
[2022-12-08T06:12:33.803+0000][6][safepoint   ] Safepoint "ICBufferFull", Time since last: 1694917 ns, Reaching safepoint: 154958 ns, At safepoint: 2542 ns, Total: 157500 ns
[2022-12-08T06:12:33.805+0000][6][safepoint   ] Safepoint "ICBufferFull", Time since last: 1328833 ns, Reaching safepoint: 461917 ns, At safepoint: 2833 ns, Total: 464750 ns
[2022-12-08T06:12:33.814+0000][6][safepoint   ] Safepoint "ICBufferFull", Time since last: 1627542 ns, Reaching safepoint: 7515833 ns, At safepoint: 4125 ns, Total: 7519958 ns
[2022-12-08T06:12:34.210+0000][6][safepoint   ] Safepoint "ICBufferFull", Time since last: 394288125 ns, Reaching safepoint: 2011250 ns, At safepoint: 3875 ns, Total: 2015125 ns
[2022-12-08T06:12:34.436+0000][6][gc,start    ] GC(4) Pause Young (Normal) (G1 Evacuation Pause)
[2022-12-08T06:12:34.437+0000][6][gc,task     ] GC(4) Using 4 workers of 4 for evacuation
[2022-12-08T06:12:34.438+0000][6][gc,age      ] GC(4) Desired survivor size 10485760 bytes, new threshold 15 (max threshold 15)
[2022-12-08T06:12:34.460+0000][6][gc,age      ] GC(4) Age table with threshold 15 (max threshold 15)
[2022-12-08T06:12:34.461+0000][6][gc,age      ] GC(4) - age   1:    4587880 bytes,    4587880 total
[2022-12-08T06:12:34.462+0000][6][gc,age      ] GC(4) - age   2:    1166872 bytes,    5754752 total
[2022-12-08T06:12:34.463+0000][6][gc,age      ] GC(4) - age   3:    2099904 bytes,    7854656 total
[2022-12-08T06:12:34.464+0000][6][gc,phases   ] GC(4)   Pre Evacuate Collection Set: 0.1ms
[2022-12-08T06:12:34.465+0000][6][gc,phases   ] GC(4)   Merge Heap Roots: 0.1ms
[2022-12-08T06:12:34.466+0000][6][gc,phases   ] GC(4)   Evacuate Collection Set: 19.6ms
[2022-12-08T06:12:34.467+0000][6][gc,phases   ] GC(4)   Post Evacuate Collection Set: 0.5ms
[2022-12-08T06:12:34.468+0000][6][gc,phases   ] GC(4)   Other: 8.2ms
[2022-12-08T06:12:34.469+0000][6][gc,heap     ] GC(4) Eden regions: 150->0(299)
[2022-12-08T06:12:34.471+0000][6][gc,heap     ] GC(4) Survivor regions: 5->8(20)
[2022-12-08T06:12:34.472+0000][6][gc,heap     ] GC(4) Old regions: 4->4
[2022-12-08T06:12:34.473+0000][6][gc,heap     ] GC(4) Archive regions: 0->0
[2022-12-08T06:12:34.475+0000][6][gc,heap     ] GC(4) Humongous regions: 2->1
[2022-12-08T06:12:34.477+0000][6][gc,metaspace] GC(4) Metaspace: 25888K(26624K)->25888K(26624K) NonClass: 22997K(23552K)->22997K(23552K) Class: 2891K(3072K)->2891K(3072K)
[2022-12-08T06:12:34.479+0000][6][gc          ] GC(4) Pause Young (Normal) (G1 Evacuation Pause) 160M->12M(512M) 43.675ms
[2022-12-08T06:12:34.481+0000][6][gc,cpu      ] GC(4) User=0.02s Sys=0.01s Real=0.05s
[2022-12-08T06:12:34.483+0000][6][safepoint   ] Safepoint "G1CollectForAllocation", Time since last: 225402000 ns, Reaching safepoint: 169584 ns, At safepoint: 47646292 ns, Total: 47815876 ns
[2022-12-08T06:12:35.433+0000][6][safepoint   ] Safepoint "ICBufferFull", Time since last: 946863416 ns, Reaching safepoint: 2655666 ns, At safepoint: 21042 ns, Total: 2676708 ns
[2022-12-08T06:12:35.781+0000][6][gc,start    ] GC(5) Pause Young (Normal) (G1 Evacuation Pause)
[2022-12-08T06:12:35.782+0000][6][gc,task     ] GC(5) Using 4 workers of 4 for evacuation
[2022-12-08T06:12:35.784+0000][6][gc,age      ] GC(5) Desired survivor size 20447232 bytes, new threshold 15 (max threshold 15)
[2022-12-08T06:12:35.819+0000][6][gc,age      ] GC(5) Age table with threshold 15 (max threshold 15)
[2022-12-08T06:12:35.821+0000][6][gc,age      ] GC(5) - age   1:    4074640 bytes,    4074640 total
[2022-12-08T06:12:35.822+0000][6][gc,age      ] GC(5) - age   2:    4278480 bytes,    8353120 total
[2022-12-08T06:12:35.823+0000][6][gc,age      ] GC(5) - age   3:    1166696 bytes,    9519816 total
[2022-12-08T06:12:35.824+0000][6][gc,age      ] GC(5) - age   4:    2099904 bytes,   11619720 total
[2022-12-08T06:12:35.825+0000][6][gc,phases   ] GC(5)   Pre Evacuate Collection Set: 0.1ms
[2022-12-08T06:12:35.826+0000][6][gc,phases   ] GC(5)   Merge Heap Roots: 0.1ms
[2022-12-08T06:12:35.828+0000][6][gc,phases   ] GC(5)   Evacuate Collection Set: 32.5ms
[2022-12-08T06:12:35.828+0000][6][gc,phases   ] GC(5)   Post Evacuate Collection Set: 1.9ms
[2022-12-08T06:12:35.829+0000][6][gc,phases   ] GC(5)   Other: 9.8ms
[2022-12-08T06:12:35.830+0000][6][gc,heap     ] GC(5) Eden regions: 299->0(295)
[2022-12-08T06:12:35.831+0000][6][gc,heap     ] GC(5) Survivor regions: 8->12(39)
[2022-12-08T06:12:35.831+0000][6][gc,heap     ] GC(5) Old regions: 4->4
[2022-12-08T06:12:35.832+0000][6][gc,heap     ] GC(5) Archive regions: 0->0
[2022-12-08T06:12:35.833+0000][6][gc,heap     ] GC(5) Humongous regions: 1->1
[2022-12-08T06:12:35.833+0000][6][gc,metaspace] GC(5) Metaspace: 27619K(28672K)->27619K(28672K) NonClass: 24534K(25344K)->24534K(25344K) Class: 3084K(3328K)->3084K(3328K)
[2022-12-08T06:12:35.834+0000][6][gc          ] GC(5) Pause Young (Normal) (G1 Evacuation Pause) 311M->16M(512M) 53.216ms
[2022-12-08T06:12:35.834+0000][6][gc,cpu      ] GC(5) User=0.03s Sys=0.00s Real=0.06s
[2022-12-08T06:12:35.835+0000][6][safepoint   ] Safepoint "G1CollectForAllocation", Time since last: 347337417 ns, Reaching safepoint: 193000 ns, At safepoint: 54524792 ns, Total: 54717792 ns
[2022-12-08T06:12:36.432+0000][6][gc,start    ] GC(6) Pause Young (Normal) (G1 Evacuation Pause)
[2022-12-08T06:12:36.436+0000][6][gc,task     ] GC(6) Using 4 workers of 4 for evacuation
[2022-12-08T06:12:36.437+0000][6][gc,age      ] GC(6) Desired survivor size 20447232 bytes, new threshold 15 (max threshold 15)
[2022-12-08T06:12:36.491+0000][6][gc,age      ] GC(6) Age table with threshold 15 (max threshold 15)
[2022-12-08T06:12:36.492+0000][6][gc,age      ] GC(6) - age   1:     902392 bytes,     902392 total
[2022-12-08T06:12:36.493+0000][6][gc,age      ] GC(6) - age   2:    3285768 bytes,    4188160 total
[2022-12-08T06:12:36.494+0000][6][gc,age      ] GC(6) - age   3:    4274176 bytes,    8462336 total
[2022-12-08T06:12:36.495+0000][6][gc,age      ] GC(6) - age   4:    1166552 bytes,    9628888 total
[2022-12-08T06:12:36.495+0000][6][gc,age      ] GC(6) - age   5:    2099904 bytes,   11728792 total
[2022-12-08T06:12:36.496+0000][6][gc,phases   ] GC(6)   Pre Evacuate Collection Set: 1.0ms
[2022-12-08T06:12:36.497+0000][6][gc,phases   ] GC(6)   Merge Heap Roots: 0.8ms
[2022-12-08T06:12:36.498+0000][6][gc,phases   ] GC(6)   Evacuate Collection Set: 44.7ms
[2022-12-08T06:12:36.499+0000][6][gc,phases   ] GC(6)   Post Evacuate Collection Set: 6.5ms
[2022-12-08T06:12:36.499+0000][6][gc,phases   ] GC(6)   Other: 10.9ms
[2022-12-08T06:12:36.500+0000][6][gc,heap     ] GC(6) Eden regions: 295->0(294)
[2022-12-08T06:12:36.501+0000][6][gc,heap     ] GC(6) Survivor regions: 12->13(39)
[2022-12-08T06:12:36.501+0000][6][gc,heap     ] GC(6) Old regions: 4->4
[2022-12-08T06:12:36.502+0000][6][gc,heap     ] GC(6) Archive regions: 0->0
[2022-12-08T06:12:36.502+0000][6][gc,heap     ] GC(6) Humongous regions: 1->1
[2022-12-08T06:12:36.503+0000][6][gc,metaspace] GC(6) Metaspace: 27982K(29312K)->27982K(29312K) NonClass: 24829K(25856K)->24829K(25856K) Class: 3152K(3456K)->3152K(3456K)
[2022-12-08T06:12:36.504+0000][6][gc          ] GC(6) Pause Young (Normal) (G1 Evacuation Pause) 311M->17M(512M) 71.338ms
[2022-12-08T06:12:36.504+0000][6][gc,cpu      ] GC(6) User=0.04s Sys=0.00s Real=0.07s
[2022-12-08T06:12:36.505+0000][6][safepoint   ] Safepoint "G1CollectForAllocation", Time since last: 594167833 ns, Reaching safepoint: 3025708 ns, At safepoint: 72612501 ns, Total: 75638209 ns
[2022-12-08T06:12:37.277+0000][6][gc,start    ] GC(7) Pause Young (Normal) (G1 Evacuation Pause)
[2022-12-08T06:12:37.278+0000][6][gc,task     ] GC(7) Using 4 workers of 4 for evacuation
[2022-12-08T06:12:37.279+0000][6][gc,age      ] GC(7) Desired survivor size 20447232 bytes, new threshold 15 (max threshold 15)
[2022-12-08T06:12:37.304+0000][6][gc,age      ] GC(7) Age table with threshold 15 (max threshold 15)
[2022-12-08T06:12:37.305+0000][6][gc,age      ] GC(7) - age   1:    4034648 bytes,    4034648 total
[2022-12-08T06:12:37.306+0000][6][gc,age      ] GC(7) - age   2:     610912 bytes,    4645560 total
[2022-12-08T06:12:37.307+0000][6][gc,age      ] GC(7) - age   3:    3283992 bytes,    7929552 total
[2022-12-08T06:12:37.307+0000][6][gc,age      ] GC(7) - age   4:    4273736 bytes,   12203288 total
[2022-12-08T06:12:37.308+0000][6][gc,age      ] GC(7) - age   5:    1166552 bytes,   13369840 total
[2022-12-08T06:12:37.309+0000][6][gc,age      ] GC(7) - age   6:    2099904 bytes,   15469744 total
[2022-12-08T06:12:37.309+0000][6][gc,phases   ] GC(7)   Pre Evacuate Collection Set: 0.4ms
[2022-12-08T06:12:37.310+0000][6][gc,phases   ] GC(7)   Merge Heap Roots: 0.1ms
[2022-12-08T06:12:37.311+0000][6][gc,phases   ] GC(7)   Evacuate Collection Set: 22.7ms
[2022-12-08T06:12:37.311+0000][6][gc,phases   ] GC(7)   Post Evacuate Collection Set: 0.8ms
[2022-12-08T06:12:37.312+0000][6][gc,phases   ] GC(7)   Other: 8.5ms
[2022-12-08T06:12:37.313+0000][6][gc,heap     ] GC(7) Eden regions: 294->0(291)
[2022-12-08T06:12:37.313+0000][6][gc,heap     ] GC(7) Survivor regions: 13->16(39)
[2022-12-08T06:12:37.314+0000][6][gc,heap     ] GC(7) Old regions: 4->4
[2022-12-08T06:12:37.315+0000][6][gc,heap     ] GC(7) Archive regions: 0->0
[2022-12-08T06:12:37.316+0000][6][gc,heap     ] GC(7) Humongous regions: 1->1
[2022-12-08T06:12:37.318+0000][6][gc,metaspace] GC(7) Metaspace: 28513K(29952K)->28513K(29952K) NonClass: 25280K(26368K)->25280K(26368K) Class: 3232K(3584K)->3232K(3584K)
[2022-12-08T06:12:37.319+0000][6][gc          ] GC(7) Pause Young (Normal) (G1 Evacuation Pause) 311M->20M(512M) 41.986ms
[2022-12-08T06:12:37.320+0000][6][gc,cpu      ] GC(7) User=0.02s Sys=0.00s Real=0.04s
[2022-12-08T06:12:37.321+0000][6][safepoint   ] Safepoint "G1CollectForAllocation", Time since last: 768821583 ns, Reaching safepoint: 3018334 ns, At safepoint: 43777250 ns, Total: 46795584 ns
[2022-12-08T06:12:37.615+0000][6][safepoint   ] Safepoint "ICBufferFull", Time since last: 293876708 ns, Reaching safepoint: 506917 ns, At safepoint: 3625 ns, Total: 510542 ns
[2022-12-08T06:12:38.128+0000][6][safepoint   ] Safepoint "ICBufferFull", Time since last: 513124708 ns, Reaching safepoint: 181209 ns, At safepoint: 1666 ns, Total: 182875 ns
[2022-12-08T06:12:38.222+0000][6][gc,start    ] GC(8) Pause Young (Concurrent Start) (Metadata GC Threshold)
[2022-12-08T06:12:38.223+0000][6][gc,task     ] GC(8) Using 4 workers of 4 for evacuation
[2022-12-08T06:12:38.224+0000][6][gc,age      ] GC(8) Desired survivor size 20447232 bytes, new threshold 15 (max threshold 15)
[2022-12-08T06:12:38.280+0000][6][gc,age      ] GC(8) Age table with threshold 15 (max threshold 15)
[2022-12-08T06:12:38.281+0000][6][gc,age      ] GC(8) - age   1:    2203960 bytes,    2203960 total
[2022-12-08T06:12:38.281+0000][6][gc,age      ] GC(8) - age   2:    2264344 bytes,    4468304 total
[2022-12-08T06:12:38.282+0000][6][gc,age      ] GC(8) - age   3:     599424 bytes,    5067728 total
[2022-12-08T06:12:38.299+0000][6][gc,age      ] GC(8) - age   4:    3268744 bytes,    8336472 total
[2022-12-08T06:12:38.301+0000][6][gc,age      ] GC(8) - age   5:    4263608 bytes,   12600080 total
[2022-12-08T06:12:38.304+0000][6][gc,age      ] GC(8) - age   6:    1136136 bytes,   13736216 total
[2022-12-08T06:12:38.306+0000][6][gc,age      ] GC(8) - age   7:    2097136 bytes,   15833352 total
[2022-12-08T06:12:38.306+0000][6][gc,phases   ] GC(8)   Pre Evacuate Collection Set: 0.1ms
[2022-12-08T06:12:38.307+0000][6][gc,phases   ] GC(8)   Merge Heap Roots: 0.1ms
[2022-12-08T06:12:38.308+0000][6][gc,phases   ] GC(8)   Evacuate Collection Set: 50.4ms
[2022-12-08T06:12:38.310+0000][6][gc,phases   ] GC(8)   Post Evacuate Collection Set: 0.7ms
[2022-12-08T06:12:38.311+0000][6][gc,phases   ] GC(8)   Other: 32.9ms
[2022-12-08T06:12:38.312+0000][6][gc,heap     ] GC(8) Eden regions: 165->0(290)
[2022-12-08T06:12:38.312+0000][6][gc,heap     ] GC(8) Survivor regions: 16->17(39)
[2022-12-08T06:12:38.313+0000][6][gc,heap     ] GC(8) Old regions: 4->4
[2022-12-08T06:12:38.314+0000][6][gc,heap     ] GC(8) Archive regions: 0->0
[2022-12-08T06:12:38.314+0000][6][gc,heap     ] GC(8) Humongous regions: 1->1
[2022-12-08T06:12:38.315+0000][6][gc,metaspace] GC(8) Metaspace: 33952K(35584K)->33952K(35584K) NonClass: 30011K(31232K)->30011K(31232K) Class: 3940K(4352K)->3940K(4352K)
[2022-12-08T06:12:38.316+0000][6][gc          ] GC(8) Pause Young (Concurrent Start) (Metadata GC Threshold) 184M->21M(512M) 93.520ms
[2022-12-08T06:12:38.316+0000][6][gc,cpu      ] GC(8) User=0.03s Sys=0.00s Real=0.09s
[2022-12-08T06:12:38.317+0000][6][safepoint   ] Safepoint "CollectForMetadataAllocation", Time since last: 91359209 ns, Reaching safepoint: 1227500 ns, At safepoint: 96247500 ns, Total: 97475000 ns
[2022-12-08T06:12:38.317+0000][6][gc          ] GC(9) Concurrent Cycle
[2022-12-08T06:12:38.319+0000][6][gc,marking  ] GC(9) Concurrent Clear Claimed Marks
[2022-12-08T06:12:38.320+0000][6][gc,marking  ] GC(9) Concurrent Clear Claimed Marks 0.619ms
[2022-12-08T06:12:38.321+0000][6][gc,marking  ] GC(9) Concurrent Scan Root Regions
[2022-12-08T06:12:38.329+0000][6][gc,marking  ] GC(9) Concurrent Scan Root Regions 8.429ms
[2022-12-08T06:12:38.330+0000][6][gc,marking  ] GC(9) Concurrent Mark (9.919s)
[2022-12-08T06:12:38.331+0000][6][gc,marking  ] GC(9) Concurrent Mark From Roots
[2022-12-08T06:12:38.332+0000][6][gc,task     ] GC(9) Using 1 workers of 1 for marking
[2022-12-08T06:12:38.345+0000][6][gc,marking  ] GC(9) Concurrent Mark From Roots 13.646ms
[2022-12-08T06:12:38.346+0000][6][gc,marking  ] GC(9) Concurrent Preclean
[2022-12-08T06:12:38.348+0000][6][gc,marking  ] GC(9) Concurrent Preclean 2.010ms
[2022-12-08T06:12:38.348+0000][6][gc,marking  ] GC(9) Concurrent Mark (9.919s, 9.937s) 18.248ms
[2022-12-08T06:12:38.349+0000][6][safepoint   ] Safepoint "CollectForMetadataAllocation", Time since last: 32025500 ns, Reaching safepoint: 148833 ns, At safepoint: 125042 ns, Total: 273875 ns
[2022-12-08T06:12:38.351+0000][6][gc,start    ] GC(9) Pause Remark
[2022-12-08T06:12:38.361+0000][6][gc          ] GC(9) Pause Remark 22M->22M(512M) 9.793ms
[2022-12-08T06:12:38.361+0000][6][gc,cpu      ] GC(9) User=0.00s Sys=0.00s Real=0.02s
[2022-12-08T06:12:38.362+0000][6][safepoint   ] Safepoint "G1Concurrent", Time since last: 1110166 ns, Reaching safepoint: 176875 ns, At safepoint: 11488500 ns, Total: 11665375 ns
[2022-12-08T06:12:38.363+0000][6][gc,marking  ] GC(9) Concurrent Rebuild Remembered Sets
[2022-12-08T06:12:38.366+0000][6][gc,marking  ] GC(9) Concurrent Rebuild Remembered Sets 2.706ms
[2022-12-08T06:12:38.368+0000][6][gc,start    ] GC(9) Pause Cleanup
[2022-12-08T06:12:38.369+0000][6][gc          ] GC(9) Pause Cleanup 22M->22M(512M) 1.234ms
[2022-12-08T06:12:38.370+0000][6][gc,cpu      ] GC(9) User=0.00s Sys=0.00s Real=0.00s
[2022-12-08T06:12:38.370+0000][6][safepoint   ] Safepoint "G1Concurrent", Time since last: 4532834 ns, Reaching safepoint: 1255583 ns, At safepoint: 2419083 ns, Total: 3674666 ns
[2022-12-08T06:12:38.373+0000][6][gc,marking  ] GC(9) Concurrent Cleanup for Next Mark
[2022-12-08T06:12:38.374+0000][6][gc,marking  ] GC(9) Concurrent Cleanup for Next Mark 0.947ms
[2022-12-08T06:12:38.375+0000][6][gc          ] GC(9) Concurrent Cycle 57.558ms
[2022-12-08T06:12:38.996+0000][6][safepoint   ] Safepoint "ICBufferFull", Time since last: 623231876 ns, Reaching safepoint: 2483750 ns, At safepoint: 20375 ns, Total: 2504125 ns
[2022-12-08T06:12:39.720+0000][6][safepoint   ] Safepoint "ICBufferFull", Time since last: 723466458 ns, Reaching safepoint: 117584 ns, At safepoint: 2625 ns, Total: 120209 ns
[2022-12-08T06:12:40.724+0000][6][safepoint   ] Safepoint "Cleanup", Time since last: 1002542292 ns, Reaching safepoint: 2004208 ns, At safepoint: 5250 ns, Total: 2009458 ns
[2022-12-08T06:12:41.651+0000][6][safepoint   ] Safepoint "ICBufferFull", Time since last: 926284626 ns, Reaching safepoint: 491041 ns, At safepoint: 3709 ns, Total: 494750 ns
[2022-12-08T06:12:41.819+0000][6][gc,start    ] GC(10) Pause Young (Concurrent Start) (G1 Evacuation Pause)
[2022-12-08T06:12:41.820+0000][6][gc,task     ] GC(10) Using 4 workers of 4 for evacuation
[2022-12-08T06:12:41.822+0000][6][gc,age      ] GC(10) Desired survivor size 20447232 bytes, new threshold 15 (max threshold 15)
[2022-12-08T06:12:41.919+0000][6][gc,age      ] GC(10) Age table with threshold 15 (max threshold 15)
[2022-12-08T06:12:41.920+0000][6][gc,age      ] GC(10) - age   1:   25220656 bytes,   25220656 total
[2022-12-08T06:12:41.921+0000][6][gc,age      ] GC(10) - age   2:    2049848 bytes,   27270504 total
[2022-12-08T06:12:41.922+0000][6][gc,age      ] GC(10) - age   3:    2260832 bytes,   29531336 total
[2022-12-08T06:12:41.923+0000][6][gc,age      ] GC(10) - age   4:     594176 bytes,   30125512 total
[2022-12-08T06:12:41.924+0000][6][gc,age      ] GC(10) - age   5:    3256672 bytes,   33382184 total
[2022-12-08T06:12:41.925+0000][6][gc,age      ] GC(10) - age   6:    4235976 bytes,   37618160 total
[2022-12-08T06:12:41.926+0000][6][gc,age      ] GC(10) - age   7:    1115512 bytes,   38733672 total
[2022-12-08T06:12:41.927+0000][6][gc,age      ] GC(10) - age   8:    2088960 bytes,   40822632 total
[2022-12-08T06:12:41.928+0000][6][gc,phases   ] GC(10)   Pre Evacuate Collection Set: 0.1ms
[2022-12-08T06:12:41.929+0000][6][gc,phases   ] GC(10)   Merge Heap Roots: 2.0ms
[2022-12-08T06:12:41.930+0000][6][gc,phases   ] GC(10)   Evacuate Collection Set: 75.9ms
[2022-12-08T06:12:41.931+0000][6][gc,phases   ] GC(10)   Post Evacuate Collection Set: 19.1ms
[2022-12-08T06:12:41.932+0000][6][gc,phases   ] GC(10)   Other: 12.0ms
[2022-12-08T06:12:41.933+0000][6][gc,heap     ] GC(10) Eden regions: 290->0(268)
[2022-12-08T06:12:41.934+0000][6][gc,heap     ] GC(10) Survivor regions: 17->39(39)
[2022-12-08T06:12:41.934+0000][6][gc,heap     ] GC(10) Old regions: 4->9
[2022-12-08T06:12:41.935+0000][6][gc,heap     ] GC(10) Archive regions: 0->0
[2022-12-08T06:12:41.936+0000][6][gc,heap     ] GC(10) Humongous regions: 1->1
[2022-12-08T06:12:41.937+0000][6][gc,metaspace] GC(10) Metaspace: 43261K(45824K)->43261K(45824K) NonClass: 38023K(39936K)->38023K(39936K) Class: 5238K(5888K)->5238K(5888K)
[2022-12-08T06:12:41.938+0000][6][gc          ] GC(10) Pause Young (Concurrent Start) (G1 Evacuation Pause) 311M->48M(512M) 118.927ms
[2022-12-08T06:12:41.939+0000][6][gc,cpu      ] GC(10) User=0.08s Sys=0.00s Real=0.12s
[2022-12-08T06:12:41.940+0000][6][gc          ] GC(11) Concurrent Cycle
[2022-12-08T06:12:41.941+0000][6][gc,marking  ] GC(11) Concurrent Clear Claimed Marks
[2022-12-08T06:12:41.942+0000][6][gc,marking  ] GC(11) Concurrent Clear Claimed Marks 1.755ms
[2022-12-08T06:12:41.943+0000][6][gc,marking  ] GC(11) Concurrent Scan Root Regions
[2022-12-08T06:12:41.944+0000][6][safepoint   ] Safepoint "G1CollectForAllocation", Time since last: 168029583 ns, Reaching safepoint: 169542 ns, At safepoint: 120671958 ns, Total: 120841500 ns
[2022-12-08T06:12:42.012+0000][6][gc,marking  ] GC(11) Concurrent Scan Root Regions 68.686ms
[2022-12-08T06:12:42.015+0000][6][gc,marking  ] GC(11) Concurrent Mark (13.603s)
[2022-12-08T06:12:42.016+0000][6][gc,marking  ] GC(11) Concurrent Mark From Roots
[2022-12-08T06:12:42.017+0000][6][gc,task     ] GC(11) Using 1 workers of 1 for marking
[2022-12-08T06:12:42.022+0000][6][gc,marking  ] GC(11) Concurrent Mark From Roots 6.347ms
[2022-12-08T06:12:42.023+0000][6][gc,marking  ] GC(11) Concurrent Preclean
[2022-12-08T06:12:42.024+0000][6][gc,marking  ] GC(11) Concurrent Preclean 1.044ms
[2022-12-08T06:12:42.025+0000][6][gc,marking  ] GC(11) Concurrent Mark (13.603s, 13.613s) 9.837ms
[2022-12-08T06:12:42.030+0000][6][gc,start    ] GC(11) Pause Remark
[2022-12-08T06:12:42.035+0000][6][gc          ] GC(11) Pause Remark 87M->87M(512M) 5.295ms
[2022-12-08T06:12:42.036+0000][6][gc,cpu      ] GC(11) User=0.01s Sys=0.00s Real=0.01s
[2022-12-08T06:12:42.037+0000][6][safepoint   ] Safepoint "G1Concurrent", Time since last: 85964417 ns, Reaching safepoint: 3582750 ns, At safepoint: 7696083 ns, Total: 11278833 ns
[2022-12-08T06:12:42.038+0000][6][gc,marking  ] GC(11) Concurrent Rebuild Remembered Sets
[2022-12-08T06:12:42.074+0000][6][gc,marking  ] GC(11) Concurrent Rebuild Remembered Sets 36.252ms
[2022-12-08T06:12:42.078+0000][6][gc,start    ] GC(11) Pause Cleanup
[2022-12-08T06:12:42.080+0000][6][gc          ] GC(11) Pause Cleanup 89M->89M(512M) 1.380ms
[2022-12-08T06:12:42.080+0000][6][gc,cpu      ] GC(11) User=0.00s Sys=0.00s Real=0.00s
[2022-12-08T06:12:42.082+0000][6][safepoint   ] Safepoint "G1Concurrent", Time since last: 38366500 ns, Reaching safepoint: 2767833 ns, At safepoint: 3248417 ns, Total: 6016250 ns
[2022-12-08T06:12:42.083+0000][6][gc,marking  ] GC(11) Concurrent Cleanup for Next Mark
[2022-12-08T06:12:42.084+0000][6][gc,marking  ] GC(11) Concurrent Cleanup for Next Mark 1.308ms
[2022-12-08T06:12:42.085+0000][6][gc          ] GC(11) Concurrent Cycle 144.602ms
[2022-12-08T06:12:42.903+0000][6][safepoint   ] Safepoint "ICBufferFull", Time since last: 820798042 ns, Reaching safepoint: 224334 ns, At safepoint: 3125 ns, Total: 227459 ns
[2022-12-08T06:12:43.725+0000][6][safepoint   ] Safepoint "ICBufferFull", Time since last: 822467917 ns, Reaching safepoint: 117083 ns, At safepoint: 1833 ns, Total: 118916 ns
[2022-12-08T06:12:44.124+0000][6][safepoint   ] Safepoint "ICBufferFull", Time since last: 398278042 ns, Reaching safepoint: 146625 ns, At safepoint: 1917 ns, Total: 148542 ns
[2022-12-08T06:12:45.100+0000][6][safepoint   ] Safepoint "ICBufferFull", Time since last: 975964750 ns, Reaching safepoint: 98667 ns, At safepoint: 2125 ns, Total: 100792 ns
[2022-12-08T06:12:45.684+0000][6][safepoint   ] Safepoint "ICBufferFull", Time since last: 582767125 ns, Reaching safepoint: 1751750 ns, At safepoint: 3542 ns, Total: 1755292 ns
[2022-12-08T06:12:46.703+0000][6][safepoint   ] Safepoint "Cleanup", Time since last: 1015002750 ns, Reaching safepoint: 4168000 ns, At safepoint: 13292 ns, Total: 4181292 ns
[2022-12-08T06:12:46.827+0000][6][gc,start    ] GC(12) Pause Young (Concurrent Start) (Metadata GC Threshold)
[2022-12-08T06:12:46.828+0000][6][gc,task     ] GC(12) Using 4 workers of 4 for evacuation
[2022-12-08T06:12:46.829+0000][6][gc,age      ] GC(12) Desired survivor size 20447232 bytes, new threshold 1 (max threshold 15)
[2022-12-08T06:12:46.954+0000][6][gc,age      ] GC(12) Age table with threshold 1 (max threshold 15)
[2022-12-08T06:12:46.955+0000][6][gc,age      ] GC(12) - age   1:   12222848 bytes,   12222848 total
[2022-12-08T06:12:46.956+0000][6][gc,phases   ] GC(12)   Pre Evacuate Collection Set: 0.7ms
[2022-12-08T06:12:46.957+0000][6][gc,phases   ] GC(12)   Merge Heap Roots: 0.2ms
[2022-12-08T06:12:46.958+0000][6][gc,phases   ] GC(12)   Evacuate Collection Set: 100.3ms
[2022-12-08T06:12:46.959+0000][6][gc,phases   ] GC(12)   Post Evacuate Collection Set: 21.9ms
[2022-12-08T06:12:46.960+0000][6][gc,phases   ] GC(12)   Other: 6.2ms
[2022-12-08T06:12:46.961+0000][6][gc,heap     ] GC(12) Eden regions: 226->0(280)
[2022-12-08T06:12:46.962+0000][6][gc,heap     ] GC(12) Survivor regions: 39->13(39)
[2022-12-08T06:12:46.963+0000][6][gc,heap     ] GC(12) Old regions: 9->49
[2022-12-08T06:12:46.964+0000][6][gc,heap     ] GC(12) Archive regions: 0->0
[2022-12-08T06:12:46.965+0000][6][gc,heap     ] GC(12) Humongous regions: 1->1
[2022-12-08T06:12:46.966+0000][6][gc,metaspace] GC(12) Metaspace: 72532K(76288K)->72532K(76288K) NonClass: 62995K(65792K)->62995K(65792K) Class: 9536K(10496K)->9536K(10496K)
[2022-12-08T06:12:46.967+0000][6][gc          ] GC(12) Pause Young (Concurrent Start) (Metadata GC Threshold) 273M->61M(512M) 139.599ms
[2022-12-08T06:12:46.968+0000][6][gc,cpu      ] GC(12) User=0.13s Sys=0.00s Real=0.14s
[2022-12-08T06:12:46.969+0000][6][safepoint   ] Safepoint "CollectForMetadataAllocation", Time since last: 123695750 ns, Reaching safepoint: 58167 ns, At safepoint: 141707333 ns, Total: 141765500 ns
[2022-12-08T06:12:46.969+0000][6][gc          ] GC(13) Concurrent Cycle
[2022-12-08T06:12:46.972+0000][6][gc,marking  ] GC(13) Concurrent Clear Claimed Marks
[2022-12-08T06:12:46.973+0000][6][gc,marking  ] GC(13) Concurrent Clear Claimed Marks 0.612ms
[2022-12-08T06:12:46.973+0000][6][gc,marking  ] GC(13) Concurrent Scan Root Regions
[2022-12-08T06:12:47.045+0000][6][gc,marking  ] GC(13) Concurrent Scan Root Regions 71.413ms
[2022-12-08T06:12:47.048+0000][6][gc,marking  ] GC(13) Concurrent Mark (18.636s)
[2022-12-08T06:12:47.049+0000][6][gc,marking  ] GC(13) Concurrent Mark From Roots
[2022-12-08T06:12:47.049+0000][6][gc,task     ] GC(13) Using 1 workers of 1 for marking
[2022-12-08T06:12:47.063+0000][6][safepoint   ] Safepoint "CollectForMetadataAllocation", Time since last: 92557417 ns, Reaching safepoint: 1766792 ns, At safepoint: 52041 ns, Total: 1818833 ns
[2022-12-08T06:12:47.078+0000][6][gc,marking  ] GC(13) Concurrent Mark From Roots 29.737ms
[2022-12-08T06:12:47.079+0000][6][gc,marking  ] GC(13) Concurrent Preclean
[2022-12-08T06:12:47.080+0000][6][gc,marking  ] GC(13) Concurrent Preclean 1.071ms
[2022-12-08T06:12:47.083+0000][6][gc,marking  ] GC(13) Concurrent Mark (18.636s, 18.671s) 35.182ms
[2022-12-08T06:12:47.099+0000][6][gc,start    ] GC(13) Pause Remark
[2022-12-08T06:12:47.105+0000][6][gc          ] GC(13) Pause Remark 65M->65M(512M) 6.238ms
[2022-12-08T06:12:47.107+0000][6][gc,cpu      ] GC(13) User=0.01s Sys=0.00s Real=0.01s
[2022-12-08T06:12:47.108+0000][6][safepoint   ] Safepoint "G1Concurrent", Time since last: 25889834 ns, Reaching safepoint: 10053416 ns, At safepoint: 8793417 ns, Total: 18846833 ns
[2022-12-08T06:12:47.109+0000][6][gc,marking  ] GC(13) Concurrent Rebuild Remembered Sets
[2022-12-08T06:12:47.192+0000][6][gc,marking  ] GC(13) Concurrent Rebuild Remembered Sets 82.272ms
[2022-12-08T06:12:47.203+0000][6][gc,start    ] GC(13) Pause Cleanup
[2022-12-08T06:12:47.204+0000][6][gc          ] GC(13) Pause Cleanup 67M->67M(512M) 1.452ms
[2022-12-08T06:12:47.205+0000][6][gc,cpu      ] GC(13) User=0.00s Sys=0.00s Real=0.00s
[2022-12-08T06:12:47.206+0000][6][safepoint   ] Safepoint "G1Concurrent", Time since last: 85683500 ns, Reaching safepoint: 8911333 ns, At safepoint: 3460292 ns, Total: 12371625 ns
[2022-12-08T06:12:47.207+0000][6][gc,marking  ] GC(13) Concurrent Cleanup for Next Mark
[2022-12-08T06:12:47.208+0000][6][gc,marking  ] GC(13) Concurrent Cleanup for Next Mark 1.469ms
[2022-12-08T06:12:47.209+0000][6][gc          ] GC(13) Concurrent Cycle 240.444ms
[2022-12-08T06:12:47.531+0000][6][safepoint   ] Safepoint "ICBufferFull", Time since last: 320641792 ns, Reaching safepoint: 3843916 ns, At safepoint: 15875 ns, Total: 3859791 ns
[2022-12-08T06:12:48.181+0000][6][safepoint   ] Safepoint "ICBufferFull", Time since last: 637748042 ns, Reaching safepoint: 12919917 ns, At safepoint: 6958 ns, Total: 12926875 ns
[2022-12-08T06:12:48.667+0000][6][safepoint   ] Safepoint "ICBufferFull", Time since last: 485363334 ns, Reaching safepoint: 226917 ns, At safepoint: 2333 ns, Total: 229250 ns
[2022-12-08T06:12:49.290+0000][6][gc,heap,exit] Heap
[2022-12-08T06:12:49.292+0000][6][gc,heap,exit]  garbage-first heap   total 524288K, used 157368K [0x00000000e0000000, 0x0000000100000000)
[2022-12-08T06:12:49.294+0000][6][gc,heap,exit]   region size 1024K, 106 young (108544K), 13 survivors (13312K)
[2022-12-08T06:12:49.297+0000][6][gc,heap,exit]  Metaspace       used 86319K, capacity 89298K, committed 90148K, reserved 1126400K
[2022-12-08T06:12:49.298+0000][6][gc,heap,exit]   class space    used 11407K, capacity 12371K, committed 12416K, reserved 1048576K
