[2023-02-24T08:27:28.810+0000][166][gc] Using G1
[2023-02-24T08:27:28.826+0000][166][gc,init] Version: 15+36-1562 (release)
[2023-02-24T08:27:28.829+0000][166][gc,init] CPUs: 4 total, 4 available
[2023-02-24T08:27:28.835+0000][166][gc,init] Memory: 7951M
[2023-02-24T08:27:28.837+0000][166][gc,init] Large Page Support: Disabled
[2023-02-24T08:27:28.839+0000][166][gc,init] NUMA Support: Disabled
[2023-02-24T08:27:28.841+0000][166][gc,init] Compressed Oops: Enabled (32-bit)
[2023-02-24T08:27:28.844+0000][166][gc,init] Heap Region Size: 1M
[2023-02-24T08:27:28.846+0000][166][gc,init] Heap Min Capacity: 512M
[2023-02-24T08:27:28.848+0000][166][gc,init] Heap Initial Capacity: 512M
[2023-02-24T08:27:28.850+0000][166][gc,init] Heap Max Capacity: 512M
[2023-02-24T08:27:28.851+0000][166][gc,init] Pre-touch: Disabled
[2023-02-24T08:27:28.854+0000][166][gc,init] Parallel Workers: 4
[2023-02-24T08:27:28.856+0000][166][gc,init] Concurrent Workers: 1
[2023-02-24T08:27:28.858+0000][166][gc,init] Concurrent Refinement Workers: 4
[2023-02-24T08:27:28.860+0000][166][gc,init] Periodic GC: Disabled
[2023-02-24T08:27:28.864+0000][166][gc,metaspace] CDS disabled.
[2023-02-24T08:27:28.866+0000][166][gc,metaspace] Compressed class space mapped at: 0x0000000100000000-0x0000000140000000, size: 1073741824
[2023-02-24T08:27:28.868+0000][166][gc,metaspace] Narrow klass base: 0x0000000000000000, Narrow klass shift: 3, Narrow klass range: 0x140000000
[2023-02-24T08:27:29.163+0000][166][gc,heap,exit] Heap
[2023-02-24T08:27:29.166+0000][166][gc,heap,exit]  garbage-first heap   total 524288K, used 1024K [0x00000000e0000000, 0x0000000100000000)
[2023-02-24T08:27:29.168+0000][166][gc,heap,exit]   region size 1024K, 2 young (2048K), 0 survivors (0K)
[2023-02-24T08:27:29.171+0000][166][gc,heap,exit]  Metaspace       used 3325K, capacity 4480K, committed 4480K, reserved 1056768K
[2023-02-24T08:27:29.172+0000][166][gc,heap,exit]   class space    used 278K, capacity 384K, committed 384K, reserved 1048576K
