[2023-02-24T08:25:55.794+0000][7][gc] Using G1
[2023-02-24T08:25:56.015+0000][7][gc,init] Version: 15+36-1562 (release)
[2023-02-24T08:25:56.016+0000][7][gc,init] CPUs: 4 total, 4 available
[2023-02-24T08:25:56.018+0000][7][gc,init] Memory: 7951M
[2023-02-24T08:25:56.018+0000][7][gc,init] Large Page Support: Disabled
[2023-02-24T08:25:56.020+0000][7][gc,init] NUMA Support: Disabled
[2023-02-24T08:25:56.021+0000][7][gc,init] Compressed Oops: Enabled (32-bit)
[2023-02-24T08:25:56.021+0000][7][gc,init] Heap Region Size: 1M
[2023-02-24T08:25:56.022+0000][7][gc,init] Heap Min Capacity: 512M
[2023-02-24T08:25:56.023+0000][7][gc,init] Heap Initial Capacity: 512M
[2023-02-24T08:25:56.023+0000][7][gc,init] Heap Max Capacity: 512M
[2023-02-24T08:25:56.024+0000][7][gc,init] Pre-touch: Enabled
[2023-02-24T08:25:56.025+0000][7][gc,init] Parallel Workers: 4
[2023-02-24T08:25:56.025+0000][7][gc,init] Concurrent Workers: 1
[2023-02-24T08:25:56.026+0000][7][gc,init] Concurrent Refinement Workers: 4
[2023-02-24T08:25:56.027+0000][7][gc,init] Periodic GC: Disabled
[2023-02-24T08:25:56.027+0000][7][gc,metaspace] CDS disabled.
[2023-02-24T08:25:56.028+0000][7][gc,metaspace] Compressed class space mapped at: 0x0000000100000000-0x0000000140000000, size: 1073741824
[2023-02-24T08:25:56.028+0000][7][gc,metaspace] Narrow klass base: 0x0000000000000000, Narrow klass shift: 3, Narrow klass range: 0x140000000
[2023-02-24T08:25:56.457+0000][7][safepoint   ] Safepoint "ICBufferFull", Time since last: 398882292 ns, Reaching safepoint: 3960583 ns, At safepoint: 3792 ns, Total: 3964375 ns
[2023-02-24T08:25:56.724+0000][7][safepoint   ] Safepoint "ICBufferFull", Time since last: 267052792 ns, Reaching safepoint: 65875 ns, At safepoint: 1875 ns, Total: 67750 ns
[2023-02-24T08:25:56.965+0000][7][safepoint   ] Safepoint "ICBufferFull", Time since last: 240250041 ns, Reaching safepoint: 850792 ns, At safepoint: 3208 ns, Total: 854000 ns
[2023-02-24T08:25:57.040+0000][7][gc,start    ] GC(0) Pause Young (Normal) (G1 Evacuation Pause)
[2023-02-24T08:25:57.050+0000][7][gc,task     ] GC(0) Using 4 workers of 4 for evacuation
[2023-02-24T08:25:57.052+0000][7][gc,age      ] GC(0) Desired survivor size 2097152 bytes, new threshold 15 (max threshold 15)
[2023-02-24T08:25:57.060+0000][7][gc,age      ] GC(0) Age table with threshold 15 (max threshold 15)
[2023-02-24T08:25:57.069+0000][7][gc,age      ] GC(0) - age   1:    3928440 bytes,    3928440 total
[2023-02-24T08:25:57.070+0000][7][gc,phases   ] GC(0)   Pre Evacuate Collection Set: 0.1ms
[2023-02-24T08:25:57.071+0000][7][gc,phases   ] GC(0)   Merge Heap Roots: 0.0ms
[2023-02-24T08:25:57.073+0000][7][gc,phases   ] GC(0)   Evacuate Collection Set: 6.8ms
[2023-02-24T08:25:57.074+0000][7][gc,phases   ] GC(0)   Post Evacuate Collection Set: 0.5ms
[2023-02-24T08:25:57.075+0000][7][gc,phases   ] GC(0)   Other: 22.7ms
[2023-02-24T08:25:57.075+0000][7][gc,heap     ] GC(0) Eden regions: 25->0(25)
[2023-02-24T08:25:57.076+0000][7][gc,heap     ] GC(0) Survivor regions: 0->4(4)
[2023-02-24T08:25:57.077+0000][7][gc,heap     ] GC(0) Old regions: 0->0
[2023-02-24T08:25:57.078+0000][7][gc,heap     ] GC(0) Archive regions: 0->0
[2023-02-24T08:25:57.079+0000][7][gc,heap     ] GC(0) Humongous regions: 1->1
[2023-02-24T08:25:57.080+0000][7][gc,metaspace] GC(0) Metaspace: 15758K(16384K)->15758K(16384K) NonClass: 14169K(14592K)->14169K(14592K) Class: 1589K(1792K)->1589K(1792K)
[2023-02-24T08:25:57.081+0000][7][gc          ] GC(0) Pause Young (Normal) (G1 Evacuation Pause) 26M->4M(512M) 40.653ms
[2023-02-24T08:25:57.082+0000][7][gc,cpu      ] GC(0) User=0.03s Sys=0.00s Real=0.04s
[2023-02-24T08:25:57.083+0000][7][safepoint   ] Safepoint "G1CollectForAllocation", Time since last: 72897334 ns, Reaching safepoint: 2301416 ns, At safepoint: 42229459 ns, Total: 44530875 ns
[2023-02-24T08:25:57.849+0000][7][safepoint   ] Safepoint "ICBufferFull", Time since last: 766145500 ns, Reaching safepoint: 153917 ns, At safepoint: 1833 ns, Total: 155750 ns
[2023-02-24T08:25:58.236+0000][7][gc,start    ] GC(1) Pause Young (Concurrent Start) (Metadata GC Threshold)
[2023-02-24T08:25:58.238+0000][7][gc,task     ] GC(1) Using 4 workers of 4 for evacuation
[2023-02-24T08:25:58.239+0000][7][gc,age      ] GC(1) Desired survivor size 2097152 bytes, new threshold 1 (max threshold 15)
[2023-02-24T08:25:58.252+0000][7][gc,age      ] GC(1) Age table with threshold 1 (max threshold 15)
[2023-02-24T08:25:58.253+0000][7][gc,age      ] GC(1) - age   1:    2133960 bytes,    2133960 total
[2023-02-24T08:25:58.254+0000][7][gc,phases   ] GC(1)   Pre Evacuate Collection Set: 0.1ms
[2023-02-24T08:25:58.255+0000][7][gc,phases   ] GC(1)   Merge Heap Roots: 0.0ms
[2023-02-24T08:25:58.255+0000][7][gc,phases   ] GC(1)   Evacuate Collection Set: 10.9ms
[2023-02-24T08:25:58.257+0000][7][gc,phases   ] GC(1)   Post Evacuate Collection Set: 0.5ms
[2023-02-24T08:25:58.258+0000][7][gc,phases   ] GC(1)   Other: 6.2ms
[2023-02-24T08:25:58.259+0000][7][gc,heap     ] GC(1) Eden regions: 23->0(35)
[2023-02-24T08:25:58.259+0000][7][gc,heap     ] GC(1) Survivor regions: 4->3(4)
[2023-02-24T08:25:58.260+0000][7][gc,heap     ] GC(1) Old regions: 0->4
[2023-02-24T08:25:58.261+0000][7][gc,heap     ] GC(1) Archive regions: 0->0
[2023-02-24T08:25:58.262+0000][7][gc,heap     ] GC(1) Humongous regions: 1->1
[2023-02-24T08:25:58.262+0000][7][gc,metaspace] GC(1) Metaspace: 20843K(21248K)->20843K(21248K) NonClass: 18617K(18944K)->18617K(18944K) Class: 2225K(2304K)->2225K(2304K)
[2023-02-24T08:25:58.263+0000][7][gc          ] GC(1) Pause Young (Concurrent Start) (Metadata GC Threshold) 27M->7M(512M) 27.059ms
[2023-02-24T08:25:58.264+0000][7][gc,cpu      ] GC(1) User=0.01s Sys=0.00s Real=0.03s
[2023-02-24T08:25:58.264+0000][7][gc          ] GC(2) Concurrent Cycle
[2023-02-24T08:25:58.265+0000][7][gc,marking  ] GC(2) Concurrent Clear Claimed Marks
[2023-02-24T08:25:58.266+0000][7][gc,marking  ] GC(2) Concurrent Clear Claimed Marks 0.615ms
[2023-02-24T08:25:58.266+0000][7][gc,marking  ] GC(2) Concurrent Scan Root Regions
[2023-02-24T08:25:58.264+0000][7][safepoint   ] Safepoint "CollectForMetadataAllocation", Time since last: 383423667 ns, Reaching safepoint: 3743708 ns, At safepoint: 28304667 ns, Total: 32048375 ns
[2023-02-24T08:25:58.269+0000][7][gc,marking  ] GC(2) Concurrent Scan Root Regions 2.769ms
[2023-02-24T08:25:58.270+0000][7][gc,marking  ] GC(2) Concurrent Mark (2.493s)
[2023-02-24T08:25:58.270+0000][7][gc,marking  ] GC(2) Concurrent Mark From Roots
[2023-02-24T08:25:58.271+0000][7][gc,task     ] GC(2) Using 1 workers of 1 for marking
[2023-02-24T08:25:58.272+0000][7][gc,marking  ] GC(2) Concurrent Mark From Roots 1.970ms
[2023-02-24T08:25:58.273+0000][7][gc,marking  ] GC(2) Concurrent Preclean
[2023-02-24T08:25:58.274+0000][7][gc,marking  ] GC(2) Concurrent Preclean 0.575ms
[2023-02-24T08:25:58.275+0000][7][gc,marking  ] GC(2) Concurrent Mark (2.493s, 2.499s) 5.515ms
[2023-02-24T08:25:58.281+0000][7][gc,start    ] GC(2) Pause Remark
[2023-02-24T08:25:58.283+0000][7][gc          ] GC(2) Pause Remark 7M->7M(512M) 2.356ms
[2023-02-24T08:25:58.284+0000][7][gc,cpu      ] GC(2) User=0.00s Sys=0.00s Real=0.00s
[2023-02-24T08:25:58.285+0000][7][safepoint   ] Safepoint "G1Concurrent", Time since last: 11841125 ns, Reaching safepoint: 4304000 ns, At safepoint: 4105667 ns, Total: 8409667 ns
[2023-02-24T08:25:58.286+0000][7][gc,marking  ] GC(2) Concurrent Rebuild Remembered Sets
[2023-02-24T08:25:58.288+0000][7][gc,marking  ] GC(2) Concurrent Rebuild Remembered Sets 2.616ms
[2023-02-24T08:25:58.290+0000][7][gc,start    ] GC(2) Pause Cleanup
[2023-02-24T08:25:58.291+0000][7][gc          ] GC(2) Pause Cleanup 7M->7M(512M) 1.015ms
[2023-02-24T08:25:58.291+0000][7][gc,cpu      ] GC(2) User=0.00s Sys=0.00s Real=0.00s
[2023-02-24T08:25:58.292+0000][7][safepoint   ] Safepoint "G1Concurrent", Time since last: 4664875 ns, Reaching safepoint: 287625 ns, At safepoint: 2426416 ns, Total: 2714041 ns
[2023-02-24T08:25:58.293+0000][7][gc,marking  ] GC(2) Concurrent Cleanup for Next Mark
[2023-02-24T08:25:58.294+0000][7][gc,marking  ] GC(2) Concurrent Cleanup for Next Mark 0.915ms
[2023-02-24T08:25:58.295+0000][7][gc          ] GC(2) Concurrent Cycle 30.337ms
[2023-02-24T08:25:58.876+0000][7][safepoint   ] Safepoint "ICBufferFull", Time since last: 580980001 ns, Reaching safepoint: 2741250 ns, At safepoint: 5541 ns, Total: 2746791 ns
[2023-02-24T08:25:58.903+0000][7][gc,start    ] GC(3) Pause Young (Normal) (G1 Evacuation Pause)
[2023-02-24T08:25:58.905+0000][7][gc,task     ] GC(3) Using 4 workers of 4 for evacuation
[2023-02-24T08:25:58.906+0000][7][gc,age      ] GC(3) Desired survivor size 2621440 bytes, new threshold 15 (max threshold 15)
[2023-02-24T08:25:58.924+0000][7][gc,age      ] GC(3) Age table with threshold 15 (max threshold 15)
[2023-02-24T08:25:58.925+0000][7][gc,age      ] GC(3) - age   1:    3032608 bytes,    3032608 total
[2023-02-24T08:25:58.926+0000][7][gc,age      ] GC(3) - age   2:    2114120 bytes,    5146728 total
[2023-02-24T08:25:58.927+0000][7][gc,phases   ] GC(3)   Pre Evacuate Collection Set: 1.8ms
[2023-02-24T08:25:58.928+0000][7][gc,phases   ] GC(3)   Merge Heap Roots: 0.0ms
[2023-02-24T08:25:58.929+0000][7][gc,phases   ] GC(3)   Evacuate Collection Set: 10.1ms
[2023-02-24T08:25:58.930+0000][7][gc,phases   ] GC(3)   Post Evacuate Collection Set: 3.6ms
[2023-02-24T08:25:58.931+0000][7][gc,phases   ] GC(3)   Other: 8.6ms
[2023-02-24T08:25:58.932+0000][7][gc,heap     ] GC(3) Eden regions: 35->0(182)
[2023-02-24T08:25:58.933+0000][7][gc,heap     ] GC(3) Survivor regions: 3->5(5)
[2023-02-24T08:25:58.934+0000][7][gc,heap     ] GC(3) Old regions: 4->4
[2023-02-24T08:25:58.935+0000][7][gc,heap     ] GC(3) Archive regions: 0->0
[2023-02-24T08:25:58.936+0000][7][gc,heap     ] GC(3) Humongous regions: 1->1
[2023-02-24T08:25:58.937+0000][7][gc,metaspace] GC(3) Metaspace: 22544K(23036K)->22544K(23036K) NonClass: 20127K(20480K)->20127K(20480K) Class: 2416K(2556K)->2416K(2556K)
[2023-02-24T08:25:58.938+0000][7][gc          ] GC(3) Pause Young (Normal) (G1 Evacuation Pause) 42M->9M(512M) 34.509ms
[2023-02-24T08:25:58.938+0000][7][gc,cpu      ] GC(3) User=0.01s Sys=0.00s Real=0.03s
[2023-02-24T08:25:58.939+0000][7][safepoint   ] Safepoint "G1CollectForAllocation", Time since last: 27266750 ns, Reaching safepoint: 40917 ns, At safepoint: 36213833 ns, Total: 36254750 ns
[2023-02-24T08:25:59.094+0000][7][safepoint   ] Safepoint "ICBufferFull", Time since last: 154761750 ns, Reaching safepoint: 46500 ns, At safepoint: 1917 ns, Total: 48417 ns
[2023-02-24T08:25:59.107+0000][7][safepoint   ] Safepoint "ICBufferFull", Time since last: 12681917 ns, Reaching safepoint: 42916 ns, At safepoint: 2000 ns, Total: 44916 ns
[2023-02-24T08:25:59.110+0000][7][safepoint   ] Safepoint "ICBufferFull", Time since last: 3262125 ns, Reaching safepoint: 43584 ns, At safepoint: 2333 ns, Total: 45917 ns
[2023-02-24T08:25:59.120+0000][7][safepoint   ] Safepoint "ICBufferFull", Time since last: 9926292 ns, Reaching safepoint: 44833 ns, At safepoint: 3167 ns, Total: 48000 ns
[2023-02-24T08:25:59.123+0000][7][safepoint   ] Safepoint "ICBufferFull", Time since last: 2347208 ns, Reaching safepoint: 38500 ns, At safepoint: 1917 ns, Total: 40417 ns
[2023-02-24T08:25:59.130+0000][7][safepoint   ] Safepoint "ICBufferFull", Time since last: 7636416 ns, Reaching safepoint: 41834 ns, At safepoint: 3583 ns, Total: 45417 ns
[2023-02-24T08:25:59.133+0000][7][safepoint   ] Safepoint "ICBufferFull", Time since last: 2850208 ns, Reaching safepoint: 37792 ns, At safepoint: 3167 ns, Total: 40959 ns
[2023-02-24T08:25:59.137+0000][7][safepoint   ] Safepoint "ICBufferFull", Time since last: 1979625 ns, Reaching safepoint: 1775750 ns, At safepoint: 28750 ns, Total: 1804500 ns
[2023-02-24T08:25:59.139+0000][7][safepoint   ] Safepoint "ICBufferFull", Time since last: 2547875 ns, Reaching safepoint: 40125 ns, At safepoint: 2166 ns, Total: 42291 ns
[2023-02-24T08:25:59.142+0000][7][safepoint   ] Safepoint "ICBufferFull", Time since last: 2092459 ns, Reaching safepoint: 40541 ns, At safepoint: 7417 ns, Total: 47958 ns
[2023-02-24T08:25:59.144+0000][7][safepoint   ] Safepoint "ICBufferFull", Time since last: 2033125 ns, Reaching safepoint: 49500 ns, At safepoint: 1958 ns, Total: 51458 ns
[2023-02-24T08:25:59.145+0000][7][safepoint   ] Safepoint "ICBufferFull", Time since last: 1531125 ns, Reaching safepoint: 105792 ns, At safepoint: 1875 ns, Total: 107667 ns
[2023-02-24T08:25:59.148+0000][7][safepoint   ] Safepoint "ICBufferFull", Time since last: 2768958 ns, Reaching safepoint: 108584 ns, At safepoint: 2041 ns, Total: 110625 ns
[2023-02-24T08:25:59.153+0000][7][safepoint   ] Safepoint "ICBufferFull", Time since last: 4502959 ns, Reaching safepoint: 118958 ns, At safepoint: 1958 ns, Total: 120916 ns
[2023-02-24T08:25:59.155+0000][7][safepoint   ] Safepoint "ICBufferFull", Time since last: 1758500 ns, Reaching safepoint: 107375 ns, At safepoint: 1959 ns, Total: 109334 ns
[2023-02-24T08:25:59.156+0000][7][safepoint   ] Safepoint "ICBufferFull", Time since last: 1546500 ns, Reaching safepoint: 104958 ns, At safepoint: 1833 ns, Total: 106791 ns
[2023-02-24T08:25:59.158+0000][7][safepoint   ] Safepoint "ICBufferFull", Time since last: 1534000 ns, Reaching safepoint: 143417 ns, At safepoint: 2000 ns, Total: 145417 ns
[2023-02-24T08:25:59.160+0000][7][safepoint   ] Safepoint "ICBufferFull", Time since last: 1873000 ns, Reaching safepoint: 141583 ns, At safepoint: 2209 ns, Total: 143792 ns
[2023-02-24T08:25:59.162+0000][7][safepoint   ] Safepoint "ICBufferFull", Time since last: 1547750 ns, Reaching safepoint: 102125 ns, At safepoint: 1666 ns, Total: 103791 ns
[2023-02-24T08:25:59.167+0000][7][safepoint   ] Safepoint "ICBufferFull", Time since last: 4853584 ns, Reaching safepoint: 119541 ns, At safepoint: 2167 ns, Total: 121708 ns
[2023-02-24T08:25:59.170+0000][7][safepoint   ] Safepoint "ICBufferFull", Time since last: 3636458 ns, Reaching safepoint: 112000 ns, At safepoint: 1750 ns, Total: 113750 ns
[2023-02-24T08:25:59.181+0000][7][safepoint   ] Safepoint "ICBufferFull", Time since last: 10222125 ns, Reaching safepoint: 120125 ns, At safepoint: 2167 ns, Total: 122292 ns
[2023-02-24T08:25:59.183+0000][7][safepoint   ] Safepoint "ICBufferFull", Time since last: 2421083 ns, Reaching safepoint: 108500 ns, At safepoint: 1709 ns, Total: 110209 ns
[2023-02-24T08:25:59.185+0000][7][safepoint   ] Safepoint "ICBufferFull", Time since last: 1925250 ns, Reaching safepoint: 107875 ns, At safepoint: 2041 ns, Total: 109916 ns
[2023-02-24T08:25:59.189+0000][7][safepoint   ] Safepoint "ICBufferFull", Time since last: 3325375 ns, Reaching safepoint: 109375 ns, At safepoint: 1834 ns, Total: 111209 ns
[2023-02-24T08:25:59.197+0000][7][safepoint   ] Safepoint "ICBufferFull", Time since last: 8126250 ns, Reaching safepoint: 155916 ns, At safepoint: 2250 ns, Total: 158166 ns
[2023-02-24T08:25:59.212+0000][7][safepoint   ] Safepoint "ICBufferFull", Time since last: 14570251 ns, Reaching safepoint: 116750 ns, At safepoint: 2291 ns, Total: 119041 ns
[2023-02-24T08:25:59.216+0000][7][safepoint   ] Safepoint "ICBufferFull", Time since last: 3872000 ns, Reaching safepoint: 130375 ns, At safepoint: 2542 ns, Total: 132917 ns
[2023-02-24T08:25:59.225+0000][7][safepoint   ] Safepoint "ICBufferFull", Time since last: 8959292 ns, Reaching safepoint: 153625 ns, At safepoint: 6541 ns, Total: 160166 ns
[2023-02-24T08:25:59.230+0000][7][safepoint   ] Safepoint "ICBufferFull", Time since last: 4731209 ns, Reaching safepoint: 38708 ns, At safepoint: 2208 ns, Total: 40916 ns
[2023-02-24T08:25:59.233+0000][7][safepoint   ] Safepoint "ICBufferFull", Time since last: 2918750 ns, Reaching safepoint: 39292 ns, At safepoint: 1958 ns, Total: 41250 ns
[2023-02-24T08:25:59.241+0000][7][safepoint   ] Safepoint "ICBufferFull", Time since last: 8295917 ns, Reaching safepoint: 426417 ns, At safepoint: 3208 ns, Total: 429625 ns
[2023-02-24T08:25:59.244+0000][7][safepoint   ] Safepoint "ICBufferFull", Time since last: 2478083 ns, Reaching safepoint: 587125 ns, At safepoint: 4500 ns, Total: 591625 ns
[2023-02-24T08:25:59.248+0000][7][safepoint   ] Safepoint "ICBufferFull", Time since last: 2764084 ns, Reaching safepoint: 381041 ns, At safepoint: 3584 ns, Total: 384625 ns
[2023-02-24T08:25:59.251+0000][7][safepoint   ] Safepoint "ICBufferFull", Time since last: 3683333 ns, Reaching safepoint: 154667 ns, At safepoint: 3250 ns, Total: 157917 ns
[2023-02-24T08:25:59.266+0000][7][safepoint   ] Safepoint "ICBufferFull", Time since last: 13730166 ns, Reaching safepoint: 806292 ns, At safepoint: 34875 ns, Total: 841167 ns
[2023-02-24T08:25:59.279+0000][7][safepoint   ] Safepoint "ICBufferFull", Time since last: 13288042 ns, Reaching safepoint: 133500 ns, At safepoint: 2000 ns, Total: 135500 ns
[2023-02-24T08:25:59.282+0000][7][safepoint   ] Safepoint "ICBufferFull", Time since last: 2970208 ns, Reaching safepoint: 129458 ns, At safepoint: 2875 ns, Total: 132333 ns
[2023-02-24T08:25:59.285+0000][7][safepoint   ] Safepoint "ICBufferFull", Time since last: 2368459 ns, Reaching safepoint: 196750 ns, At safepoint: 6208 ns, Total: 202958 ns
[2023-02-24T08:25:59.287+0000][7][safepoint   ] Safepoint "ICBufferFull", Time since last: 1736292 ns, Reaching safepoint: 97625 ns, At safepoint: 1791 ns, Total: 99416 ns
[2023-02-24T08:25:59.289+0000][7][safepoint   ] Safepoint "ICBufferFull", Time since last: 2170417 ns, Reaching safepoint: 109583 ns, At safepoint: 1834 ns, Total: 111417 ns
[2023-02-24T08:25:59.290+0000][7][safepoint   ] Safepoint "ICBufferFull", Time since last: 1171125 ns, Reaching safepoint: 105875 ns, At safepoint: 1708 ns, Total: 107583 ns
[2023-02-24T08:25:59.292+0000][7][safepoint   ] Safepoint "ICBufferFull", Time since last: 1496667 ns, Reaching safepoint: 99416 ns, At safepoint: 1917 ns, Total: 101333 ns
[2023-02-24T08:25:59.293+0000][7][safepoint   ] Safepoint "ICBufferFull", Time since last: 719958 ns, Reaching safepoint: 192209 ns, At safepoint: 69500 ns, Total: 261709 ns
[2023-02-24T08:25:59.294+0000][7][safepoint   ] Safepoint "ICBufferFull", Time since last: 1135625 ns, Reaching safepoint: 100458 ns, At safepoint: 1625 ns, Total: 102083 ns
[2023-02-24T08:25:59.296+0000][7][safepoint   ] Safepoint "ICBufferFull", Time since last: 1508833 ns, Reaching safepoint: 96125 ns, At safepoint: 1459 ns, Total: 97584 ns
[2023-02-24T08:25:59.300+0000][7][safepoint   ] Safepoint "ICBufferFull", Time since last: 4444916 ns, Reaching safepoint: 108542 ns, At safepoint: 2500 ns, Total: 111042 ns
[2023-02-24T08:25:59.302+0000][7][safepoint   ] Safepoint "ICBufferFull", Time since last: 1273292 ns, Reaching safepoint: 97416 ns, At safepoint: 1542 ns, Total: 98958 ns
[2023-02-24T08:25:59.303+0000][7][safepoint   ] Safepoint "ICBufferFull", Time since last: 1354208 ns, Reaching safepoint: 108792 ns, At safepoint: 1583 ns, Total: 110375 ns
[2023-02-24T08:25:59.304+0000][7][safepoint   ] Safepoint "ICBufferFull", Time since last: 852250 ns, Reaching safepoint: 101750 ns, At safepoint: 1500 ns, Total: 103250 ns
[2023-02-24T08:25:59.305+0000][7][safepoint   ] Safepoint "ICBufferFull", Time since last: 1147917 ns, Reaching safepoint: 97250 ns, At safepoint: 1583 ns, Total: 98833 ns
[2023-02-24T08:25:59.307+0000][7][safepoint   ] Safepoint "ICBufferFull", Time since last: 1234917 ns, Reaching safepoint: 103583 ns, At safepoint: 1875 ns, Total: 105458 ns
[2023-02-24T08:25:59.308+0000][7][safepoint   ] Safepoint "ICBufferFull", Time since last: 974167 ns, Reaching safepoint: 98750 ns, At safepoint: 1625 ns, Total: 100375 ns
[2023-02-24T08:25:59.309+0000][7][safepoint   ] Safepoint "ICBufferFull", Time since last: 1286417 ns, Reaching safepoint: 116625 ns, At safepoint: 1875 ns, Total: 118500 ns
[2023-02-24T08:25:59.311+0000][7][safepoint   ] Safepoint "ICBufferFull", Time since last: 1994000 ns, Reaching safepoint: 106916 ns, At safepoint: 2084 ns, Total: 109000 ns
[2023-02-24T08:25:59.312+0000][7][safepoint   ] Safepoint "ICBufferFull", Time since last: 965166 ns, Reaching safepoint: 113625 ns, At safepoint: 1500 ns, Total: 115125 ns
[2023-02-24T08:25:59.313+0000][7][safepoint   ] Safepoint "ICBufferFull", Time since last: 878000 ns, Reaching safepoint: 104417 ns, At safepoint: 1708 ns, Total: 106125 ns
[2023-02-24T08:25:59.315+0000][7][safepoint   ] Safepoint "ICBufferFull", Time since last: 1690625 ns, Reaching safepoint: 105084 ns, At safepoint: 1541 ns, Total: 106625 ns
[2023-02-24T08:25:59.319+0000][7][safepoint   ] Safepoint "ICBufferFull", Time since last: 4097250 ns, Reaching safepoint: 116500 ns, At safepoint: 1875 ns, Total: 118375 ns
[2023-02-24T08:25:59.322+0000][7][safepoint   ] Safepoint "ICBufferFull", Time since last: 2092792 ns, Reaching safepoint: 105375 ns, At safepoint: 1667 ns, Total: 107042 ns
[2023-02-24T08:25:59.323+0000][7][safepoint   ] Safepoint "ICBufferFull", Time since last: 1195833 ns, Reaching safepoint: 94917 ns, At safepoint: 37750 ns, Total: 132667 ns
[2023-02-24T08:25:59.325+0000][7][safepoint   ] Safepoint "ICBufferFull", Time since last: 1507375 ns, Reaching safepoint: 593125 ns, At safepoint: 2875 ns, Total: 596000 ns
[2023-02-24T08:25:59.327+0000][7][safepoint   ] Safepoint "ICBufferFull", Time since last: 1346000 ns, Reaching safepoint: 259583 ns, At safepoint: 2292 ns, Total: 261875 ns
[2023-02-24T08:25:59.329+0000][7][safepoint   ] Safepoint "ICBufferFull", Time since last: 2632708 ns, Reaching safepoint: 105917 ns, At safepoint: 1833 ns, Total: 107750 ns
[2023-02-24T08:25:59.332+0000][7][safepoint   ] Safepoint "ICBufferFull", Time since last: 1456167 ns, Reaching safepoint: 1404916 ns, At safepoint: 6500 ns, Total: 1411416 ns
[2023-02-24T08:25:59.336+0000][7][safepoint   ] Safepoint "ICBufferFull", Time since last: 1116000 ns, Reaching safepoint: 2632792 ns, At safepoint: 2667 ns, Total: 2635459 ns
[2023-02-24T08:25:59.339+0000][7][safepoint   ] Safepoint "ICBufferFull", Time since last: 1402375 ns, Reaching safepoint: 1105375 ns, At safepoint: 2708 ns, Total: 1108083 ns
[2023-02-24T08:25:59.340+0000][7][safepoint   ] Safepoint "ICBufferFull", Time since last: 1053958 ns, Reaching safepoint: 483250 ns, At safepoint: 1834 ns, Total: 485084 ns
[2023-02-24T08:25:59.344+0000][7][safepoint   ] Safepoint "ICBufferFull", Time since last: 1203750 ns, Reaching safepoint: 2722125 ns, At safepoint: 4125 ns, Total: 2726250 ns
[2023-02-24T08:25:59.346+0000][7][safepoint   ] Safepoint "ICBufferFull", Time since last: 1474041 ns, Reaching safepoint: 162584 ns, At safepoint: 2666 ns, Total: 165250 ns
[2023-02-24T08:25:59.349+0000][7][safepoint   ] Safepoint "ICBufferFull", Time since last: 1527792 ns, Reaching safepoint: 1473458 ns, At safepoint: 5084 ns, Total: 1478542 ns
[2023-02-24T08:25:59.353+0000][7][safepoint   ] Safepoint "ICBufferFull", Time since last: 1530958 ns, Reaching safepoint: 2793583 ns, At safepoint: 5375 ns, Total: 2798958 ns
[2023-02-24T08:25:59.416+0000][7][safepoint   ] Safepoint "ICBufferFull", Time since last: 62096917 ns, Reaching safepoint: 731708 ns, At safepoint: 3125 ns, Total: 734833 ns
[2023-02-24T08:25:59.890+0000][7][safepoint   ] Safepoint "ICBufferFull", Time since last: 467802292 ns, Reaching safepoint: 5914875 ns, At safepoint: 10125 ns, Total: 5925000 ns
[2023-02-24T08:26:00.252+0000][7][gc,start    ] GC(4) Pause Young (Normal) (G1 Evacuation Pause)
[2023-02-24T08:26:00.253+0000][7][gc,task     ] GC(4) Using 4 workers of 4 for evacuation
[2023-02-24T08:26:00.254+0000][7][gc,age      ] GC(4) Desired survivor size 12582912 bytes, new threshold 15 (max threshold 15)
[2023-02-24T08:26:00.272+0000][7][gc,age      ] GC(4) Age table with threshold 15 (max threshold 15)
[2023-02-24T08:26:00.272+0000][7][gc,age      ] GC(4) - age   1:    5284896 bytes,    5284896 total
[2023-02-24T08:26:00.273+0000][7][gc,age      ] GC(4) - age   2:    1161464 bytes,    6446360 total
[2023-02-24T08:26:00.274+0000][7][gc,age      ] GC(4) - age   3:    2099872 bytes,    8546232 total
[2023-02-24T08:26:00.274+0000][7][gc,phases   ] GC(4)   Pre Evacuate Collection Set: 0.4ms
[2023-02-24T08:26:00.277+0000][7][gc,phases   ] GC(4)   Merge Heap Roots: 2.7ms
[2023-02-24T08:26:00.278+0000][7][gc,phases   ] GC(4)   Evacuate Collection Set: 7.2ms
[2023-02-24T08:26:00.279+0000][7][gc,phases   ] GC(4)   Post Evacuate Collection Set: 6.3ms
[2023-02-24T08:26:00.279+0000][7][gc,phases   ] GC(4)   Other: 5.6ms
[2023-02-24T08:26:00.280+0000][7][gc,heap     ] GC(4) Eden regions: 182->0(298)
[2023-02-24T08:26:00.282+0000][7][gc,heap     ] GC(4) Survivor regions: 5->9(24)
[2023-02-24T08:26:00.282+0000][7][gc,heap     ] GC(4) Old regions: 4->4
[2023-02-24T08:26:00.283+0000][7][gc,heap     ] GC(4) Archive regions: 0->0
[2023-02-24T08:26:00.284+0000][7][gc,heap     ] GC(4) Humongous regions: 2->1
[2023-02-24T08:26:00.285+0000][7][gc,metaspace] GC(4) Metaspace: 25952K(26620K)->25952K(26620K) NonClass: 23064K(23552K)->23064K(23552K) Class: 2888K(3068K)->2888K(3068K)
[2023-02-24T08:26:00.286+0000][7][gc          ] GC(4) Pause Young (Normal) (G1 Evacuation Pause) 192M->13M(512M) 33.565ms
[2023-02-24T08:26:00.287+0000][7][gc,cpu      ] GC(4) User=0.03s Sys=0.01s Real=0.03s
[2023-02-24T08:26:00.288+0000][7][safepoint   ] Safepoint "G1CollectForAllocation", Time since last: 362437375 ns, Reaching safepoint: 237167 ns, At safepoint: 35640083 ns, Total: 35877250 ns
[2023-02-24T08:26:01.003+0000][7][safepoint   ] Safepoint "ICBufferFull", Time since last: 714225334 ns, Reaching safepoint: 924292 ns, At safepoint: 8000 ns, Total: 932292 ns
[2023-02-24T08:26:01.265+0000][7][gc,start    ] GC(5) Pause Young (Normal) (G1 Evacuation Pause)
[2023-02-24T08:26:01.267+0000][7][gc,task     ] GC(5) Using 4 workers of 4 for evacuation
[2023-02-24T08:26:01.268+0000][7][gc,age      ] GC(5) Desired survivor size 20447232 bytes, new threshold 15 (max threshold 15)
[2023-02-24T08:26:01.291+0000][7][gc,age      ] GC(5) Age table with threshold 15 (max threshold 15)
[2023-02-24T08:26:01.292+0000][7][gc,age      ] GC(5) - age   1:    3863760 bytes,    3863760 total
[2023-02-24T08:26:01.293+0000][7][gc,age      ] GC(5) - age   2:    4318760 bytes,    8182520 total
[2023-02-24T08:26:01.294+0000][7][gc,age      ] GC(5) - age   3:    1161288 bytes,    9343808 total
[2023-02-24T08:26:01.295+0000][7][gc,age      ] GC(5) - age   4:    2099872 bytes,   11443680 total
[2023-02-24T08:26:01.296+0000][7][gc,phases   ] GC(5)   Pre Evacuate Collection Set: 0.6ms
[2023-02-24T08:26:01.297+0000][7][gc,phases   ] GC(5)   Merge Heap Roots: 0.0ms
[2023-02-24T08:26:01.298+0000][7][gc,phases   ] GC(5)   Evacuate Collection Set: 19.6ms
[2023-02-24T08:26:01.299+0000][7][gc,phases   ] GC(5)   Post Evacuate Collection Set: 1.9ms
[2023-02-24T08:26:01.300+0000][7][gc,phases   ] GC(5)   Other: 9.0ms
[2023-02-24T08:26:01.301+0000][7][gc,heap     ] GC(5) Eden regions: 298->0(295)
[2023-02-24T08:26:01.302+0000][7][gc,heap     ] GC(5) Survivor regions: 9->12(39)
[2023-02-24T08:26:01.303+0000][7][gc,heap     ] GC(5) Old regions: 4->4
[2023-02-24T08:26:01.304+0000][7][gc,heap     ] GC(5) Archive regions: 0->0
[2023-02-24T08:26:01.304+0000][7][gc,heap     ] GC(5) Humongous regions: 1->1
[2023-02-24T08:26:01.305+0000][7][gc,metaspace] GC(5) Metaspace: 27654K(28668K)->27654K(28668K) NonClass: 24575K(25344K)->24575K(25344K) Class: 3079K(3324K)->3079K(3324K)
[2023-02-24T08:26:01.306+0000][7][gc          ] GC(5) Pause Young (Normal) (G1 Evacuation Pause) 311M->16M(512M) 40.933ms
[2023-02-24T08:26:01.307+0000][7][gc,cpu      ] GC(5) User=0.01s Sys=0.00s Real=0.04s
[2023-02-24T08:26:01.308+0000][7][safepoint   ] Safepoint "G1CollectForAllocation", Time since last: 262103166 ns, Reaching safepoint: 126167 ns, At safepoint: 42599042 ns, Total: 42725209 ns
[2023-02-24T08:26:02.015+0000][7][gc,start    ] GC(6) Pause Young (Normal) (G1 Evacuation Pause)
[2023-02-24T08:26:02.016+0000][7][gc,task     ] GC(6) Using 4 workers of 4 for evacuation
[2023-02-24T08:26:02.017+0000][7][gc,age      ] GC(6) Desired survivor size 20447232 bytes, new threshold 15 (max threshold 15)
[2023-02-24T08:26:02.040+0000][7][gc,age      ] GC(6) Age table with threshold 15 (max threshold 15)
[2023-02-24T08:26:02.041+0000][7][gc,age      ] GC(6) - age   1:     829984 bytes,     829984 total
[2023-02-24T08:26:02.041+0000][7][gc,age      ] GC(6) - age   2:    3282600 bytes,    4112584 total
[2023-02-24T08:26:02.042+0000][7][gc,age      ] GC(6) - age   3:    4314456 bytes,    8427040 total
[2023-02-24T08:26:02.043+0000][7][gc,age      ] GC(6) - age   4:    1161144 bytes,    9588184 total
[2023-02-24T08:26:02.044+0000][7][gc,age      ] GC(6) - age   5:    2099872 bytes,   11688056 total
[2023-02-24T08:26:02.045+0000][7][gc,phases   ] GC(6)   Pre Evacuate Collection Set: 0.2ms
[2023-02-24T08:26:02.047+0000][7][gc,phases   ] GC(6)   Merge Heap Roots: 0.1ms
[2023-02-24T08:26:02.048+0000][7][gc,phases   ] GC(6)   Evacuate Collection Set: 19.2ms
[2023-02-24T08:26:02.048+0000][7][gc,phases   ] GC(6)   Post Evacuate Collection Set: 2.5ms
[2023-02-24T08:26:02.049+0000][7][gc,phases   ] GC(6)   Other: 8.1ms
[2023-02-24T08:26:02.051+0000][7][gc,heap     ] GC(6) Eden regions: 295->0(295)
[2023-02-24T08:26:02.051+0000][7][gc,heap     ] GC(6) Survivor regions: 12->12(39)
[2023-02-24T08:26:02.052+0000][7][gc,heap     ] GC(6) Old regions: 4->4
[2023-02-24T08:26:02.052+0000][7][gc,heap     ] GC(6) Archive regions: 0->0
[2023-02-24T08:26:02.053+0000][7][gc,heap     ] GC(6) Humongous regions: 1->1
[2023-02-24T08:26:02.054+0000][7][gc,metaspace] GC(6) Metaspace: 28039K(29308K)->28039K(29308K) NonClass: 24890K(25856K)->24890K(25856K) Class: 3148K(3452K)->3148K(3452K)
[2023-02-24T08:26:02.054+0000][7][gc          ] GC(6) Pause Young (Normal) (G1 Evacuation Pause) 311M->16M(512M) 39.143ms
[2023-02-24T08:26:02.055+0000][7][gc,cpu      ] GC(6) User=0.01s Sys=0.00s Real=0.04s
[2023-02-24T08:26:02.055+0000][7][safepoint   ] Safepoint "G1CollectForAllocation", Time since last: 701158250 ns, Reaching safepoint: 6101584 ns, At safepoint: 40311500 ns, Total: 46413084 ns
[2023-02-24T08:26:02.807+0000][7][gc,start    ] GC(7) Pause Young (Normal) (G1 Evacuation Pause)
[2023-02-24T08:26:02.809+0000][7][gc,task     ] GC(7) Using 4 workers of 4 for evacuation
[2023-02-24T08:26:02.810+0000][7][gc,age      ] GC(7) Desired survivor size 20447232 bytes, new threshold 15 (max threshold 15)
[2023-02-24T08:26:02.835+0000][7][gc,age      ] GC(7) Age table with threshold 15 (max threshold 15)
[2023-02-24T08:26:02.837+0000][7][gc,age      ] GC(7) - age   1:    3064896 bytes,    3064896 total
[2023-02-24T08:26:02.837+0000][7][gc,age      ] GC(7) - age   2:     645144 bytes,    3710040 total
[2023-02-24T08:26:02.838+0000][7][gc,age      ] GC(7) - age   3:    3280824 bytes,    6990864 total
[2023-02-24T08:26:02.839+0000][7][gc,age      ] GC(7) - age   4:    4314016 bytes,   11304880 total
[2023-02-24T08:26:02.840+0000][7][gc,age      ] GC(7) - age   5:    1161144 bytes,   12466024 total
[2023-02-24T08:26:02.841+0000][7][gc,age      ] GC(7) - age   6:    2099872 bytes,   14565896 total
[2023-02-24T08:26:02.842+0000][7][gc,phases   ] GC(7)   Pre Evacuate Collection Set: 0.2ms
[2023-02-24T08:26:02.843+0000][7][gc,phases   ] GC(7)   Merge Heap Roots: 0.0ms
[2023-02-24T08:26:02.844+0000][7][gc,phases   ] GC(7)   Evacuate Collection Set: 19.0ms
[2023-02-24T08:26:02.845+0000][7][gc,phases   ] GC(7)   Post Evacuate Collection Set: 5.4ms
[2023-02-24T08:26:02.845+0000][7][gc,phases   ] GC(7)   Other: 10.4ms
[2023-02-24T08:26:02.846+0000][7][gc,heap     ] GC(7) Eden regions: 295->0(292)
[2023-02-24T08:26:02.847+0000][7][gc,heap     ] GC(7) Survivor regions: 12->15(39)
[2023-02-24T08:26:02.848+0000][7][gc,heap     ] GC(7) Old regions: 4->4
[2023-02-24T08:26:02.849+0000][7][gc,heap     ] GC(7) Archive regions: 0->0
[2023-02-24T08:26:02.850+0000][7][gc,heap     ] GC(7) Humongous regions: 1->1
[2023-02-24T08:26:02.851+0000][7][gc,metaspace] GC(7) Metaspace: 28565K(29948K)->28565K(29948K) NonClass: 25337K(26368K)->25337K(26368K) Class: 3228K(3580K)->3228K(3580K)
[2023-02-24T08:26:02.851+0000][7][gc          ] GC(7) Pause Young (Normal) (G1 Evacuation Pause) 311M->19M(512M) 44.444ms
[2023-02-24T08:26:02.852+0000][7][gc,cpu      ] GC(7) User=0.02s Sys=0.00s Real=0.05s
[2023-02-24T08:26:02.853+0000][7][safepoint   ] Safepoint "G1CollectForAllocation", Time since last: 742220500 ns, Reaching safepoint: 9336750 ns, At safepoint: 45720583 ns, Total: 55057333 ns
[2023-02-24T08:26:03.321+0000][7][safepoint   ] Safepoint "ICBufferFull", Time since last: 465022667 ns, Reaching safepoint: 3409333 ns, At safepoint: 4584 ns, Total: 3413917 ns
[2023-02-24T08:26:03.750+0000][7][gc,start    ] GC(8) Pause Young (Concurrent Start) (Metadata GC Threshold)
[2023-02-24T08:26:03.752+0000][7][gc,task     ] GC(8) Using 4 workers of 4 for evacuation
[2023-02-24T08:26:03.754+0000][7][gc,age      ] GC(8) Desired survivor size 20447232 bytes, new threshold 15 (max threshold 15)
[2023-02-24T08:26:03.773+0000][7][gc,age      ] GC(8) Age table with threshold 15 (max threshold 15)
[2023-02-24T08:26:03.775+0000][7][gc,age      ] GC(8) - age   1:    2240104 bytes,    2240104 total
[2023-02-24T08:26:03.776+0000][7][gc,age      ] GC(8) - age   2:    2259960 bytes,    4500064 total
[2023-02-24T08:26:03.777+0000][7][gc,age      ] GC(8) - age   3:     628768 bytes,    5128832 total
[2023-02-24T08:26:03.779+0000][7][gc,age      ] GC(8) - age   4:    3265248 bytes,    8394080 total
[2023-02-24T08:26:03.781+0000][7][gc,age      ] GC(8) - age   5:    4300896 bytes,   12694976 total
[2023-02-24T08:26:03.782+0000][7][gc,age      ] GC(8) - age   6:    1130760 bytes,   13825736 total
[2023-02-24T08:26:03.783+0000][7][gc,age      ] GC(8) - age   7:    2097136 bytes,   15922872 total
[2023-02-24T08:26:03.784+0000][7][gc,phases   ] GC(8)   Pre Evacuate Collection Set: 0.2ms
[2023-02-24T08:26:03.785+0000][7][gc,phases   ] GC(8)   Merge Heap Roots: 0.0ms
[2023-02-24T08:26:03.786+0000][7][gc,phases   ] GC(8)   Evacuate Collection Set: 16.2ms
[2023-02-24T08:26:03.787+0000][7][gc,phases   ] GC(8)   Post Evacuate Collection Set: 1.3ms
[2023-02-24T08:26:03.788+0000][7][gc,phases   ] GC(8)   Other: 16.0ms
[2023-02-24T08:26:03.788+0000][7][gc,heap     ] GC(8) Eden regions: 126->0(290)
[2023-02-24T08:26:03.789+0000][7][gc,heap     ] GC(8) Survivor regions: 15->17(39)
[2023-02-24T08:26:03.791+0000][7][gc,heap     ] GC(8) Old regions: 4->4
[2023-02-24T08:26:03.791+0000][7][gc,heap     ] GC(8) Archive regions: 0->0
[2023-02-24T08:26:03.792+0000][7][gc,heap     ] GC(8) Humongous regions: 1->1
[2023-02-24T08:26:03.794+0000][7][gc,metaspace] GC(8) Metaspace: 34351K(35964K)->34351K(35964K) NonClass: 30371K(31488K)->30371K(31488K) Class: 3979K(4476K)->3979K(4476K)
[2023-02-24T08:26:03.795+0000][7][gc          ] GC(8) Pause Young (Concurrent Start) (Metadata GC Threshold) 145M->21M(512M) 45.018ms
[2023-02-24T08:26:03.796+0000][7][gc,cpu      ] GC(8) User=0.02s Sys=0.01s Real=0.04s
[2023-02-24T08:26:03.796+0000][7][gc          ] GC(9) Concurrent Cycle
[2023-02-24T08:26:03.798+0000][7][gc,marking  ] GC(9) Concurrent Clear Claimed Marks
[2023-02-24T08:26:03.798+0000][7][safepoint   ] Safepoint "CollectForMetadataAllocation", Time since last: 428314958 ns, Reaching safepoint: 580875 ns, At safepoint: 47894625 ns, Total: 48475500 ns
[2023-02-24T08:26:03.799+0000][7][gc,marking  ] GC(9) Concurrent Clear Claimed Marks 1.061ms
[2023-02-24T08:26:03.807+0000][7][gc,marking  ] GC(9) Concurrent Scan Root Regions
[2023-02-24T08:26:03.818+0000][7][gc,marking  ] GC(9) Concurrent Scan Root Regions 10.789ms
[2023-02-24T08:26:03.819+0000][7][gc,marking  ] GC(9) Concurrent Mark (8.042s)
[2023-02-24T08:26:03.821+0000][7][gc,marking  ] GC(9) Concurrent Mark From Roots
[2023-02-24T08:26:03.822+0000][7][gc,task     ] GC(9) Using 1 workers of 1 for marking
[2023-02-24T08:26:03.834+0000][7][gc,marking  ] GC(9) Concurrent Mark From Roots 12.670ms
[2023-02-24T08:26:03.836+0000][7][gc,marking  ] GC(9) Concurrent Preclean
[2023-02-24T08:26:03.838+0000][7][gc,marking  ] GC(9) Concurrent Preclean 2.357ms
[2023-02-24T08:26:03.839+0000][7][gc,marking  ] GC(9) Concurrent Mark (8.042s, 8.063s) 20.302ms
[2023-02-24T08:26:03.848+0000][7][gc,start    ] GC(9) Pause Remark
[2023-02-24T08:26:03.852+0000][7][gc          ] GC(9) Pause Remark 22M->22M(512M) 4.138ms
[2023-02-24T08:26:03.853+0000][7][gc,cpu      ] GC(9) User=0.01s Sys=0.00s Real=0.01s
[2023-02-24T08:26:03.854+0000][7][safepoint   ] Safepoint "G1Concurrent", Time since last: 43389417 ns, Reaching safepoint: 6178042 ns, At safepoint: 6698625 ns, Total: 12876667 ns
[2023-02-24T08:26:03.855+0000][7][gc,marking  ] GC(9) Concurrent Rebuild Remembered Sets
[2023-02-24T08:26:03.859+0000][7][gc,marking  ] GC(9) Concurrent Rebuild Remembered Sets 3.319ms
[2023-02-24T08:26:03.867+0000][7][gc,start    ] GC(9) Pause Cleanup
[2023-02-24T08:26:03.868+0000][7][gc          ] GC(9) Pause Cleanup 22M->22M(512M) 1.507ms
[2023-02-24T08:26:03.873+0000][7][gc,cpu      ] GC(9) User=0.00s Sys=0.00s Real=0.01s
[2023-02-24T08:26:03.874+0000][7][safepoint   ] Safepoint "G1Concurrent", Time since last: 5664583 ns, Reaching safepoint: 6768625 ns, At safepoint: 7066917 ns, Total: 13835542 ns
[2023-02-24T08:26:03.875+0000][7][gc,marking  ] GC(9) Concurrent Cleanup for Next Mark
[2023-02-24T08:26:03.876+0000][7][gc,marking  ] GC(9) Concurrent Cleanup for Next Mark 1.914ms
[2023-02-24T08:26:03.878+0000][7][gc          ] GC(9) Concurrent Cycle 81.241ms
[2023-02-24T08:26:05.105+0000][7][safepoint   ] Safepoint "ICBufferFull", Time since last: 1227487292 ns, Reaching safepoint: 3778500 ns, At safepoint: 15292 ns, Total: 3793792 ns
[2023-02-24T08:26:06.111+0000][7][safepoint   ] Safepoint "Cleanup", Time since last: 1001667958 ns, Reaching safepoint: 4487667 ns, At safepoint: 10542 ns, Total: 4498209 ns
[2023-02-24T08:26:07.121+0000][7][safepoint   ] Safepoint "Cleanup", Time since last: 1001387459 ns, Reaching safepoint: 8849041 ns, At safepoint: 4042 ns, Total: 8853083 ns
[2023-02-24T08:26:07.731+0000][7][safepoint   ] Safepoint "ICBufferFull", Time since last: 609509125 ns, Reaching safepoint: 227709 ns, At safepoint: 4208 ns, Total: 231917 ns
[2023-02-24T08:26:07.868+0000][7][gc,start    ] GC(10) Pause Young (Normal) (G1 Evacuation Pause)
[2023-02-24T08:26:07.869+0000][7][gc,task     ] GC(10) Using 4 workers of 4 for evacuation
[2023-02-24T08:26:07.870+0000][7][gc,age      ] GC(10) Desired survivor size 20447232 bytes, new threshold 15 (max threshold 15)
[2023-02-24T08:26:07.941+0000][7][gc,age      ] GC(10) Age table with threshold 15 (max threshold 15)
[2023-02-24T08:26:07.942+0000][7][gc,age      ] GC(10) - age   1:   25796848 bytes,   25796848 total
[2023-02-24T08:26:07.943+0000][7][gc,age      ] GC(10) - age   2:    2030888 bytes,   27827736 total
[2023-02-24T08:26:07.944+0000][7][gc,age      ] GC(10) - age   3:    2255024 bytes,   30082760 total
[2023-02-24T08:26:07.945+0000][7][gc,age      ] GC(10) - age   4:     628400 bytes,   30711160 total
[2023-02-24T08:26:07.946+0000][7][gc,age      ] GC(10) - age   5:    3238568 bytes,   33949728 total
[2023-02-24T08:26:07.947+0000][7][gc,age      ] GC(10) - age   6:    4109408 bytes,   38059136 total
[2023-02-24T08:26:07.948+0000][7][gc,age      ] GC(10) - age   7:    1048880 bytes,   39108016 total
[2023-02-24T08:26:07.949+0000][7][gc,age      ] GC(10) - age   8:    1067824 bytes,   40175840 total
[2023-02-24T08:26:07.951+0000][7][gc,phases   ] GC(10)   Pre Evacuate Collection Set: 0.3ms
[2023-02-24T08:26:07.951+0000][7][gc,phases   ] GC(10)   Merge Heap Roots: 2.4ms
[2023-02-24T08:26:07.952+0000][7][gc,phases   ] GC(10)   Evacuate Collection Set: 54.1ms
[2023-02-24T08:26:07.953+0000][7][gc,phases   ] GC(10)   Post Evacuate Collection Set: 12.5ms
[2023-02-24T08:26:07.954+0000][7][gc,phases   ] GC(10)   Other: 13.2ms
[2023-02-24T08:26:07.954+0000][7][gc,heap     ] GC(10) Eden regions: 290->0(268)
[2023-02-24T08:26:07.956+0000][7][gc,heap     ] GC(10) Survivor regions: 17->39(39)
[2023-02-24T08:26:07.956+0000][7][gc,heap     ] GC(10) Old regions: 4->10
[2023-02-24T08:26:07.957+0000][7][gc,heap     ] GC(10) Archive regions: 0->0
[2023-02-24T08:26:07.958+0000][7][gc,heap     ] GC(10) Humongous regions: 1->1
[2023-02-24T08:26:07.959+0000][7][gc,metaspace] GC(10) Metaspace: 43241K(45564K)->43241K(45564K) NonClass: 38010K(39680K)->38010K(39680K) Class: 5230K(5884K)->5230K(5884K)
[2023-02-24T08:26:07.960+0000][7][gc          ] GC(10) Pause Young (Normal) (G1 Evacuation Pause) 311M->49M(512M) 92.038ms
[2023-02-24T08:26:07.961+0000][7][gc,cpu      ] GC(10) User=0.07s Sys=0.01s Real=0.10s
[2023-02-24T08:26:07.962+0000][7][safepoint   ] Safepoint "G1CollectForAllocation", Time since last: 136789917 ns, Reaching safepoint: 145250 ns, At safepoint: 94203208 ns, Total: 94348458 ns
[2023-02-24T08:26:08.477+0000][7][safepoint   ] Safepoint "ICBufferFull", Time since last: 514494125 ns, Reaching safepoint: 233667 ns, At safepoint: 4458 ns, Total: 238125 ns
[2023-02-24T08:26:10.032+0000][7][safepoint   ] Safepoint "Cleanup", Time since last: 1551020459 ns, Reaching safepoint: 4076042 ns, At safepoint: 31542 ns, Total: 4107584 ns
[2023-02-24T08:26:11.049+0000][7][safepoint   ] Safepoint "Cleanup", Time since last: 1012522124 ns, Reaching safepoint: 4419500 ns, At safepoint: 5084 ns, Total: 4424584 ns
[2023-02-24T08:26:11.103+0000][7][gc,start    ] GC(11) Pause Young (Concurrent Start) (Metadata GC Threshold)
[2023-02-24T08:26:11.105+0000][7][gc,task     ] GC(11) Using 4 workers of 4 for evacuation
[2023-02-24T08:26:11.107+0000][7][gc,age      ] GC(11) Desired survivor size 20447232 bytes, new threshold 1 (max threshold 15)
[2023-02-24T08:26:11.222+0000][7][gc,age      ] GC(11) Age table with threshold 1 (max threshold 15)
[2023-02-24T08:26:11.227+0000][7][gc,age      ] GC(11) - age   1:    6305928 bytes,    6305928 total
[2023-02-24T08:26:11.230+0000][7][gc,phases   ] GC(11)   Pre Evacuate Collection Set: 1.6ms
[2023-02-24T08:26:11.234+0000][7][gc,phases   ] GC(11)   Merge Heap Roots: 2.4ms
[2023-02-24T08:26:11.239+0000][7][gc,phases   ] GC(11)   Evacuate Collection Set: 104.6ms
[2023-02-24T08:26:11.241+0000][7][gc,phases   ] GC(11)   Post Evacuate Collection Set: 3.9ms
[2023-02-24T08:26:11.246+0000][7][gc,phases   ] GC(11)   Other: 14.8ms
[2023-02-24T08:26:11.248+0000][7][gc,heap     ] GC(11) Eden regions: 112->0(290)
[2023-02-24T08:26:11.249+0000][7][gc,heap     ] GC(11) Survivor regions: 39->7(39)
[2023-02-24T08:26:11.254+0000][7][gc,heap     ] GC(11) Old regions: 10->49
[2023-02-24T08:26:11.255+0000][7][gc,heap     ] GC(11) Archive regions: 0->0
[2023-02-24T08:26:11.258+0000][7][gc,heap     ] GC(11) Humongous regions: 1->1
[2023-02-24T08:26:11.262+0000][7][gc,metaspace] GC(11) Metaspace: 57540K(60368K)->57540K(60368K) NonClass: 50150K(52180K)->50150K(52180K) Class: 7390K(8188K)->7390K(8188K)
[2023-02-24T08:26:11.264+0000][7][gc          ] GC(11) Pause Young (Concurrent Start) (Metadata GC Threshold) 160M->56M(512M) 161.591ms
[2023-02-24T08:26:11.266+0000][7][gc,cpu      ] GC(11) User=0.14s Sys=0.00s Real=0.16s
[2023-02-24T08:26:11.269+0000][7][gc          ] GC(12) Concurrent Cycle
[2023-02-24T08:26:11.273+0000][7][gc,marking  ] GC(12) Concurrent Clear Claimed Marks
[2023-02-24T08:26:11.277+0000][7][gc,marking  ] GC(12) Concurrent Clear Claimed Marks 4.340ms
[2023-02-24T08:26:11.279+0000][7][gc,marking  ] GC(12) Concurrent Scan Root Regions
[2023-02-24T08:26:11.270+0000][7][safepoint   ] Safepoint "CollectForMetadataAllocation", Time since last: 53661833 ns, Reaching safepoint: 104292 ns, At safepoint: 166967833 ns, Total: 167072125 ns
[2023-02-24T08:26:11.429+0000][7][gc,marking  ] GC(12) Concurrent Scan Root Regions 149.923ms
[2023-02-24T08:26:11.434+0000][7][gc,marking  ] GC(12) Concurrent Mark (15.658s)
[2023-02-24T08:26:11.438+0000][7][gc,marking  ] GC(12) Concurrent Mark From Roots
[2023-02-24T08:26:11.440+0000][7][gc,task     ] GC(12) Using 1 workers of 1 for marking
[2023-02-24T08:26:11.475+0000][7][safepoint   ] Safepoint "CollectForMetadataAllocation", Time since last: 204943458 ns, Reaching safepoint: 708084 ns, At safepoint: 93416 ns, Total: 801500 ns
[2023-02-24T08:26:11.498+0000][7][gc,marking  ] GC(12) Concurrent Mark From Roots 59.434ms
[2023-02-24T08:26:11.502+0000][7][gc,marking  ] GC(12) Concurrent Preclean
[2023-02-24T08:26:11.507+0000][7][gc,marking  ] GC(12) Concurrent Preclean 4.924ms
[2023-02-24T08:26:11.509+0000][7][gc,marking  ] GC(12) Concurrent Mark (15.658s, 15.732s) 74.771ms
[2023-02-24T08:26:11.522+0000][7][gc,start    ] GC(12) Pause Remark
[2023-02-24T08:26:11.535+0000][7][gc          ] GC(12) Pause Remark 57M->57M(512M) 13.459ms
[2023-02-24T08:26:11.539+0000][7][gc,cpu      ] GC(12) User=0.02s Sys=0.00s Real=0.02s
[2023-02-24T08:26:11.540+0000][7][safepoint   ] Safepoint "G1Concurrent", Time since last: 36592667 ns, Reaching safepoint: 10105625 ns, At safepoint: 18255417 ns, Total: 28361042 ns
[2023-02-24T08:26:11.541+0000][7][gc,marking  ] GC(12) Concurrent Rebuild Remembered Sets
[2023-02-24T08:26:11.816+0000][7][gc,marking  ] GC(12) Concurrent Rebuild Remembered Sets 274.383ms
[2023-02-24T08:26:11.828+0000][7][gc,start    ] GC(12) Pause Cleanup
[2023-02-24T08:26:11.832+0000][7][gc          ] GC(12) Pause Cleanup 59M->59M(512M) 4.320ms
[2023-02-24T08:26:11.834+0000][7][gc,cpu      ] GC(12) User=0.01s Sys=0.00s Real=0.01s
[2023-02-24T08:26:11.836+0000][7][safepoint   ] Safepoint "G1Concurrent", Time since last: 280894292 ns, Reaching safepoint: 6771625 ns, At safepoint: 8486416 ns, Total: 15258041 ns
[2023-02-24T08:26:11.839+0000][7][gc,marking  ] GC(12) Concurrent Cleanup for Next Mark
[2023-02-24T08:26:11.850+0000][7][gc,marking  ] GC(12) Concurrent Cleanup for Next Mark 10.800ms
[2023-02-24T08:26:11.882+0000][7][gc          ] GC(12) Concurrent Cycle 613.109ms
[2023-02-24T08:26:13.008+0000][7][safepoint   ] Safepoint "Cleanup", Time since last: 1171377376 ns, Reaching safepoint: 215208 ns, At safepoint: 1833 ns, Total: 217041 ns
[2023-02-24T08:26:14.036+0000][7][safepoint   ] Safepoint "Cleanup", Time since last: 1024879918 ns, Reaching safepoint: 2973750 ns, At safepoint: 5375 ns, Total: 2979125 ns
[2023-02-24T08:26:15.048+0000][7][safepoint   ] Safepoint "Cleanup", Time since last: 1008894083 ns, Reaching safepoint: 3543292 ns, At safepoint: 20000 ns, Total: 3563292 ns
[2023-02-24T08:26:16.058+0000][7][safepoint   ] Safepoint "Cleanup", Time since last: 1004468876 ns, Reaching safepoint: 5370208 ns, At safepoint: 20083 ns, Total: 5390291 ns
[2023-02-24T08:26:16.529+0000][7][safepoint   ] Safepoint "ICBufferFull", Time since last: 470623042 ns, Reaching safepoint: 191667 ns, At safepoint: 3625 ns, Total: 195292 ns
[2023-02-24T08:26:16.571+0000][7][safepoint   ] Safepoint "ICBufferFull", Time since last: 41588791 ns, Reaching safepoint: 171375 ns, At safepoint: 2667 ns, Total: 174042 ns
[2023-02-24T08:26:16.578+0000][7][safepoint   ] Safepoint "ICBufferFull", Time since last: 6139125 ns, Reaching safepoint: 999042 ns, At safepoint: 4375 ns, Total: 1003417 ns
[2023-02-24T08:26:17.084+0000][7][safepoint   ] Safepoint "ICBufferFull", Time since last: 505324167 ns, Reaching safepoint: 268458 ns, At safepoint: 3042 ns, Total: 271500 ns
[2023-02-24T08:26:18.347+0000][7][safepoint   ] Safepoint "ICBufferFull", Time since last: 1260380500 ns, Reaching safepoint: 2616750 ns, At safepoint: 4875 ns, Total: 2621625 ns
[2023-02-24T08:26:18.742+0000][7][safepoint   ] Safepoint "ICBufferFull", Time since last: 394870792 ns, Reaching safepoint: 286667 ns, At safepoint: 2375 ns, Total: 289042 ns
[2023-02-24T08:26:19.152+0000][7][safepoint   ] Safepoint "ICBufferFull", Time since last: 403498458 ns, Reaching safepoint: 7157000 ns, At safepoint: 6584 ns, Total: 7163584 ns
[2023-02-24T08:26:19.665+0000][7][safepoint   ] Safepoint "ICBufferFull", Time since last: 508202833 ns, Reaching safepoint: 4506292 ns, At safepoint: 5917 ns, Total: 4512209 ns
[2023-02-24T08:26:20.537+0000][7][safepoint   ] Safepoint "ICBufferFull", Time since last: 868725292 ns, Reaching safepoint: 3091500 ns, At safepoint: 9958 ns, Total: 3101458 ns
[2023-02-24T08:26:20.560+0000][7][gc,heap,exit] Heap
[2023-02-24T08:26:20.562+0000][7][gc,heap,exit]  garbage-first heap   total 524288K, used 261317K [0x00000000e0000000, 0x0000000100000000)
[2023-02-24T08:26:20.563+0000][7][gc,heap,exit]   region size 1024K, 207 young (211968K), 7 survivors (7168K)
[2023-02-24T08:26:20.564+0000][7][gc,heap,exit]  Metaspace       used 86253K, capacity 89298K, committed 89372K, reserved 1126400K
[2023-02-24T08:26:20.565+0000][7][gc,heap,exit]   class space    used 11406K, capacity 12371K, committed 12412K, reserved 1048576K
