[2023-02-24T08:24:05.033+0000][8][gc] Using G1
[2023-02-24T08:24:05.189+0000][8][gc,init] Version: 15+36-1562 (release)
[2023-02-24T08:24:05.190+0000][8][gc,init] CPUs: 4 total, 4 available
[2023-02-24T08:24:05.191+0000][8][gc,init] Memory: 7951M
[2023-02-24T08:24:05.192+0000][8][gc,init] Large Page Support: Disabled
[2023-02-24T08:24:05.195+0000][8][gc,init] NUMA Support: Disabled
[2023-02-24T08:24:05.197+0000][8][gc,init] Compressed Oops: Enabled (32-bit)
[2023-02-24T08:24:05.199+0000][8][gc,init] Heap Region Size: 1M
[2023-02-24T08:24:05.202+0000][8][gc,init] Heap Min Capacity: 512M
[2023-02-24T08:24:05.204+0000][8][gc,init] Heap Initial Capacity: 512M
[2023-02-24T08:24:05.205+0000][8][gc,init] Heap Max Capacity: 512M
[2023-02-24T08:24:05.206+0000][8][gc,init] Pre-touch: Enabled
[2023-02-24T08:24:05.207+0000][8][gc,init] Parallel Workers: 4
[2023-02-24T08:24:05.208+0000][8][gc,init] Concurrent Workers: 1
[2023-02-24T08:24:05.210+0000][8][gc,init] Concurrent Refinement Workers: 4
[2023-02-24T08:24:05.212+0000][8][gc,init] Periodic GC: Disabled
[2023-02-24T08:24:05.215+0000][8][gc,metaspace] CDS disabled.
[2023-02-24T08:24:05.216+0000][8][gc,metaspace] Compressed class space mapped at: 0x0000000100000000-0x0000000140000000, size: 1073741824
[2023-02-24T08:24:05.216+0000][8][gc,metaspace] Narrow klass base: 0x0000000000000000, Narrow klass shift: 3, Narrow klass range: 0x140000000
[2023-02-24T08:24:05.568+0000][8][safepoint   ] Safepoint "ICBufferFull", Time since last: 332507667 ns, Reaching safepoint: 139417 ns, At safepoint: 1708 ns, Total: 141125 ns
[2023-02-24T08:24:05.792+0000][8][safepoint   ] Safepoint "ICBufferFull", Time since last: 223323958 ns, Reaching safepoint: 530459 ns, At safepoint: 2208 ns, Total: 532667 ns
[2023-02-24T08:24:06.091+0000][8][safepoint   ] Safepoint "ICBufferFull", Time since last: 297362458 ns, Reaching safepoint: 988667 ns, At safepoint: 2042 ns, Total: 990709 ns
[2023-02-24T08:24:06.147+0000][8][gc,start    ] GC(0) Pause Young (Normal) (G1 Evacuation Pause)
[2023-02-24T08:24:06.161+0000][8][gc,task     ] GC(0) Using 4 workers of 4 for evacuation
[2023-02-24T08:24:06.162+0000][8][gc,age      ] GC(0) Desired survivor size 2097152 bytes, new threshold 15 (max threshold 15)
[2023-02-24T08:24:06.174+0000][8][gc,age      ] GC(0) Age table with threshold 15 (max threshold 15)
[2023-02-24T08:24:06.182+0000][8][gc,age      ] GC(0) - age   1:    3949032 bytes,    3949032 total
[2023-02-24T08:24:06.191+0000][8][gc,phases   ] GC(0)   Pre Evacuate Collection Set: 0.1ms
[2023-02-24T08:24:06.193+0000][8][gc,phases   ] GC(0)   Merge Heap Roots: 4.4ms
[2023-02-24T08:24:06.194+0000][8][gc,phases   ] GC(0)   Evacuate Collection Set: 6.1ms
[2023-02-24T08:24:06.195+0000][8][gc,phases   ] GC(0)   Post Evacuate Collection Set: 0.3ms
[2023-02-24T08:24:06.196+0000][8][gc,phases   ] GC(0)   Other: 33.2ms
[2023-02-24T08:24:06.198+0000][8][gc,heap     ] GC(0) Eden regions: 25->0(25)
[2023-02-24T08:24:06.199+0000][8][gc,heap     ] GC(0) Survivor regions: 0->4(4)
[2023-02-24T08:24:06.201+0000][8][gc,heap     ] GC(0) Old regions: 0->0
[2023-02-24T08:24:06.202+0000][8][gc,heap     ] GC(0) Archive regions: 0->0
[2023-02-24T08:24:06.204+0000][8][gc,heap     ] GC(0) Humongous regions: 1->1
[2023-02-24T08:24:06.205+0000][8][gc,metaspace] GC(0) Metaspace: 15723K(16128K)->15723K(16128K) NonClass: 14137K(14336K)->14137K(14336K) Class: 1585K(1792K)->1585K(1792K)
[2023-02-24T08:24:06.206+0000][8][gc          ] GC(0) Pause Young (Normal) (G1 Evacuation Pause) 26M->4M(512M) 58.827ms
[2023-02-24T08:24:06.207+0000][8][gc,cpu      ] GC(0) User=0.02s Sys=0.00s Real=0.06s
[2023-02-24T08:24:06.208+0000][8][safepoint   ] Safepoint "G1CollectForAllocation", Time since last: 56391250 ns, Reaching safepoint: 114458 ns, At safepoint: 60714625 ns, Total: 60829083 ns
[2023-02-24T08:24:06.902+0000][8][safepoint   ] Safepoint "ICBufferFull", Time since last: 694194876 ns, Reaching safepoint: 99750 ns, At safepoint: 3291 ns, Total: 103041 ns
[2023-02-24T08:24:07.149+0000][8][gc,start    ] GC(1) Pause Young (Concurrent Start) (Metadata GC Threshold)
[2023-02-24T08:24:07.151+0000][8][gc,task     ] GC(1) Using 4 workers of 4 for evacuation
[2023-02-24T08:24:07.153+0000][8][gc,age      ] GC(1) Desired survivor size 2097152 bytes, new threshold 1 (max threshold 15)
[2023-02-24T08:24:07.171+0000][8][gc,age      ] GC(1) Age table with threshold 1 (max threshold 15)
[2023-02-24T08:24:07.173+0000][8][gc,age      ] GC(1) - age   1:    2138824 bytes,    2138824 total
[2023-02-24T08:24:07.174+0000][8][gc,phases   ] GC(1)   Pre Evacuate Collection Set: 0.1ms
[2023-02-24T08:24:07.175+0000][8][gc,phases   ] GC(1)   Merge Heap Roots: 0.0ms
[2023-02-24T08:24:07.176+0000][8][gc,phases   ] GC(1)   Evacuate Collection Set: 13.0ms
[2023-02-24T08:24:07.176+0000][8][gc,phases   ] GC(1)   Post Evacuate Collection Set: 0.5ms
[2023-02-24T08:24:07.177+0000][8][gc,phases   ] GC(1)   Other: 11.6ms
[2023-02-24T08:24:07.178+0000][8][gc,heap     ] GC(1) Eden regions: 23->0(34)
[2023-02-24T08:24:07.179+0000][8][gc,heap     ] GC(1) Survivor regions: 4->3(4)
[2023-02-24T08:24:07.180+0000][8][gc,heap     ] GC(1) Old regions: 0->4
[2023-02-24T08:24:07.181+0000][8][gc,heap     ] GC(1) Archive regions: 0->0
[2023-02-24T08:24:07.182+0000][8][gc,heap     ] GC(1) Humongous regions: 1->1
[2023-02-24T08:24:07.183+0000][8][gc,metaspace] GC(1) Metaspace: 20751K(21248K)->20751K(21248K) NonClass: 18525K(18944K)->18525K(18944K) Class: 2225K(2304K)->2225K(2304K)
[2023-02-24T08:24:07.185+0000][8][gc          ] GC(1) Pause Young (Concurrent Start) (Metadata GC Threshold) 27M->7M(512M) 36.086ms
[2023-02-24T08:24:07.186+0000][8][gc,cpu      ] GC(1) User=0.01s Sys=0.00s Real=0.04s
[2023-02-24T08:24:07.187+0000][8][gc          ] GC(2) Concurrent Cycle
[2023-02-24T08:24:07.187+0000][8][gc,marking  ] GC(2) Concurrent Clear Claimed Marks
[2023-02-24T08:24:07.188+0000][8][gc,marking  ] GC(2) Concurrent Clear Claimed Marks 0.951ms
[2023-02-24T08:24:07.189+0000][8][gc,marking  ] GC(2) Concurrent Scan Root Regions
[2023-02-24T08:24:07.187+0000][8][safepoint   ] Safepoint "CollectForMetadataAllocation", Time since last: 246791375 ns, Reaching safepoint: 146459 ns, At safepoint: 37983958 ns, Total: 38130417 ns
[2023-02-24T08:24:07.193+0000][8][gc,marking  ] GC(2) Concurrent Scan Root Regions 3.953ms
[2023-02-24T08:24:07.194+0000][8][gc,marking  ] GC(2) Concurrent Mark (2.176s)
[2023-02-24T08:24:07.195+0000][8][gc,marking  ] GC(2) Concurrent Mark From Roots
[2023-02-24T08:24:07.196+0000][8][gc,task     ] GC(2) Using 1 workers of 1 for marking
[2023-02-24T08:24:07.197+0000][8][gc,marking  ] GC(2) Concurrent Mark From Roots 2.175ms
[2023-02-24T08:24:07.198+0000][8][gc,marking  ] GC(2) Concurrent Preclean
[2023-02-24T08:24:07.202+0000][8][gc,marking  ] GC(2) Concurrent Preclean 3.934ms
[2023-02-24T08:24:07.202+0000][8][gc,marking  ] GC(2) Concurrent Mark (2.176s, 2.184s) 8.375ms
[2023-02-24T08:24:07.209+0000][8][gc,start    ] GC(2) Pause Remark
[2023-02-24T08:24:07.216+0000][8][gc          ] GC(2) Pause Remark 7M->7M(512M) 6.787ms
[2023-02-24T08:24:07.217+0000][8][gc,cpu      ] GC(2) User=0.00s Sys=0.00s Real=0.01s
[2023-02-24T08:24:07.218+0000][8][safepoint   ] Safepoint "G1Concurrent", Time since last: 22342167 ns, Reaching safepoint: 47291 ns, At safepoint: 8554542 ns, Total: 8601833 ns
[2023-02-24T08:24:07.219+0000][8][gc,marking  ] GC(2) Concurrent Rebuild Remembered Sets
[2023-02-24T08:24:07.222+0000][8][gc,marking  ] GC(2) Concurrent Rebuild Remembered Sets 2.585ms
[2023-02-24T08:24:07.224+0000][8][gc,start    ] GC(2) Pause Cleanup
[2023-02-24T08:24:07.225+0000][8][gc          ] GC(2) Pause Cleanup 7M->7M(512M) 0.745ms
[2023-02-24T08:24:07.225+0000][8][gc,cpu      ] GC(2) User=0.00s Sys=0.00s Real=0.00s
[2023-02-24T08:24:07.226+0000][8][safepoint   ] Safepoint "G1Concurrent", Time since last: 5096458 ns, Reaching safepoint: 868042 ns, At safepoint: 2270667 ns, Total: 3138709 ns
[2023-02-24T08:24:07.227+0000][8][gc,marking  ] GC(2) Concurrent Cleanup for Next Mark
[2023-02-24T08:24:07.228+0000][8][gc,marking  ] GC(2) Concurrent Cleanup for Next Mark 1.381ms
[2023-02-24T08:24:07.229+0000][8][gc          ] GC(2) Concurrent Cycle 42.462ms
[2023-02-24T08:24:07.784+0000][8][safepoint   ] Safepoint "ICBufferFull", Time since last: 558053208 ns, Reaching safepoint: 168125 ns, At safepoint: 1875 ns, Total: 170000 ns
[2023-02-24T08:24:07.828+0000][8][gc,start    ] GC(3) Pause Young (Normal) (G1 Evacuation Pause)
[2023-02-24T08:24:07.829+0000][8][gc,task     ] GC(3) Using 4 workers of 4 for evacuation
[2023-02-24T08:24:07.830+0000][8][gc,age      ] GC(3) Desired survivor size 2621440 bytes, new threshold 15 (max threshold 15)
[2023-02-24T08:24:07.846+0000][8][gc,age      ] GC(3) Age table with threshold 15 (max threshold 15)
[2023-02-24T08:24:07.848+0000][8][gc,age      ] GC(3) - age   1:    2943952 bytes,    2943952 total
[2023-02-24T08:24:07.849+0000][8][gc,age      ] GC(3) - age   2:    2117960 bytes,    5061912 total
[2023-02-24T08:24:07.850+0000][8][gc,phases   ] GC(3)   Pre Evacuate Collection Set: 0.1ms
[2023-02-24T08:24:07.850+0000][8][gc,phases   ] GC(3)   Merge Heap Roots: 0.0ms
[2023-02-24T08:24:07.851+0000][8][gc,phases   ] GC(3)   Evacuate Collection Set: 10.8ms
[2023-02-24T08:24:07.853+0000][8][gc,phases   ] GC(3)   Post Evacuate Collection Set: 0.4ms
[2023-02-24T08:24:07.854+0000][8][gc,phases   ] GC(3)   Other: 10.6ms
[2023-02-24T08:24:07.856+0000][8][gc,heap     ] GC(3) Eden regions: 34->0(190)
[2023-02-24T08:24:07.857+0000][8][gc,heap     ] GC(3) Survivor regions: 3->5(5)
[2023-02-24T08:24:07.858+0000][8][gc,heap     ] GC(3) Old regions: 4->4
[2023-02-24T08:24:07.859+0000][8][gc,heap     ] GC(3) Archive regions: 0->0
[2023-02-24T08:24:07.861+0000][8][gc,heap     ] GC(3) Humongous regions: 1->1
[2023-02-24T08:24:07.862+0000][8][gc,metaspace] GC(3) Metaspace: 22444K(23036K)->22444K(23036K) NonClass: 20033K(20476K)->20033K(20476K) Class: 2411K(2560K)->2411K(2560K)
[2023-02-24T08:24:07.863+0000][8][gc          ] GC(3) Pause Young (Normal) (G1 Evacuation Pause) 41M->9M(512M) 35.158ms
[2023-02-24T08:24:07.864+0000][8][gc,cpu      ] GC(3) User=0.02s Sys=0.00s Real=0.04s
[2023-02-24T08:24:07.865+0000][8][safepoint   ] Safepoint "G1CollectForAllocation", Time since last: 43157250 ns, Reaching safepoint: 124667 ns, At safepoint: 37312292 ns, Total: 37436959 ns
[2023-02-24T08:24:07.962+0000][8][safepoint   ] Safepoint "ICBufferFull", Time since last: 96775708 ns, Reaching safepoint: 345958 ns, At safepoint: 2750 ns, Total: 348708 ns
[2023-02-24T08:24:07.968+0000][8][safepoint   ] Safepoint "ICBufferFull", Time since last: 5509084 ns, Reaching safepoint: 45291 ns, At safepoint: 1917 ns, Total: 47208 ns
[2023-02-24T08:24:07.976+0000][8][safepoint   ] Safepoint "ICBufferFull", Time since last: 7882833 ns, Reaching safepoint: 41042 ns, At safepoint: 1958 ns, Total: 43000 ns
[2023-02-24T08:24:07.978+0000][8][safepoint   ] Safepoint "ICBufferFull", Time since last: 2064417 ns, Reaching safepoint: 109208 ns, At safepoint: 1792 ns, Total: 111000 ns
[2023-02-24T08:24:07.982+0000][8][safepoint   ] Safepoint "ICBufferFull", Time since last: 4580958 ns, Reaching safepoint: 45875 ns, At safepoint: 2084 ns, Total: 47959 ns
[2023-02-24T08:24:07.986+0000][8][safepoint   ] Safepoint "ICBufferFull", Time since last: 3288958 ns, Reaching safepoint: 41250 ns, At safepoint: 5500 ns, Total: 46750 ns
[2023-02-24T08:24:07.989+0000][8][safepoint   ] Safepoint "ICBufferFull", Time since last: 3480958 ns, Reaching safepoint: 35209 ns, At safepoint: 2041 ns, Total: 37250 ns
[2023-02-24T08:24:07.995+0000][8][safepoint   ] Safepoint "ICBufferFull", Time since last: 6067959 ns, Reaching safepoint: 40833 ns, At safepoint: 1667 ns, Total: 42500 ns
[2023-02-24T08:24:08.001+0000][8][safepoint   ] Safepoint "ICBufferFull", Time since last: 5189791 ns, Reaching safepoint: 109542 ns, At safepoint: 1958 ns, Total: 111500 ns
[2023-02-24T08:24:08.003+0000][8][safepoint   ] Safepoint "ICBufferFull", Time since last: 2439875 ns, Reaching safepoint: 108084 ns, At safepoint: 1875 ns, Total: 109959 ns
[2023-02-24T08:24:08.008+0000][8][safepoint   ] Safepoint "ICBufferFull", Time since last: 4971291 ns, Reaching safepoint: 38417 ns, At safepoint: 2208 ns, Total: 40625 ns
[2023-02-24T08:24:08.010+0000][8][safepoint   ] Safepoint "ICBufferFull", Time since last: 2049375 ns, Reaching safepoint: 104042 ns, At safepoint: 1625 ns, Total: 105667 ns
[2023-02-24T08:24:08.014+0000][8][safepoint   ] Safepoint "ICBufferFull", Time since last: 2759208 ns, Reaching safepoint: 714375 ns, At safepoint: 2750 ns, Total: 717125 ns
[2023-02-24T08:24:08.018+0000][8][safepoint   ] Safepoint "ICBufferFull", Time since last: 3675375 ns, Reaching safepoint: 39709 ns, At safepoint: 2250 ns, Total: 41959 ns
[2023-02-24T08:24:08.021+0000][8][safepoint   ] Safepoint "ICBufferFull", Time since last: 2959083 ns, Reaching safepoint: 35208 ns, At safepoint: 2334 ns, Total: 37542 ns
[2023-02-24T08:24:08.023+0000][8][safepoint   ] Safepoint "ICBufferFull", Time since last: 2191708 ns, Reaching safepoint: 106750 ns, At safepoint: 1833 ns, Total: 108583 ns
[2023-02-24T08:24:08.028+0000][8][safepoint   ] Safepoint "ICBufferFull", Time since last: 2387292 ns, Reaching safepoint: 2329833 ns, At safepoint: 4084 ns, Total: 2333917 ns
[2023-02-24T08:24:08.030+0000][8][safepoint   ] Safepoint "ICBufferFull", Time since last: 2550708 ns, Reaching safepoint: 117583 ns, At safepoint: 1917 ns, Total: 119500 ns
[2023-02-24T08:24:08.033+0000][8][safepoint   ] Safepoint "ICBufferFull", Time since last: 2072375 ns, Reaching safepoint: 91375 ns, At safepoint: 2750 ns, Total: 94125 ns
[2023-02-24T08:24:08.035+0000][8][safepoint   ] Safepoint "ICBufferFull", Time since last: 2862208 ns, Reaching safepoint: 107042 ns, At safepoint: 2042 ns, Total: 109084 ns
[2023-02-24T08:24:08.044+0000][8][safepoint   ] Safepoint "ICBufferFull", Time since last: 8387625 ns, Reaching safepoint: 114833 ns, At safepoint: 1833 ns, Total: 116666 ns
[2023-02-24T08:24:08.047+0000][8][safepoint   ] Safepoint "ICBufferFull", Time since last: 2560209 ns, Reaching safepoint: 213250 ns, At safepoint: 2041 ns, Total: 215291 ns
[2023-02-24T08:24:08.049+0000][8][safepoint   ] Safepoint "ICBufferFull", Time since last: 2325250 ns, Reaching safepoint: 105584 ns, At safepoint: 1916 ns, Total: 107500 ns
[2023-02-24T08:24:08.052+0000][8][safepoint   ] Safepoint "ICBufferFull", Time since last: 2269417 ns, Reaching safepoint: 175708 ns, At safepoint: 2167 ns, Total: 177875 ns
[2023-02-24T08:24:08.054+0000][8][safepoint   ] Safepoint "ICBufferFull", Time since last: 2478542 ns, Reaching safepoint: 107125 ns, At safepoint: 2000 ns, Total: 109125 ns
[2023-02-24T08:24:08.062+0000][8][safepoint   ] Safepoint "ICBufferFull", Time since last: 7716291 ns, Reaching safepoint: 109042 ns, At safepoint: 1958 ns, Total: 111000 ns
[2023-02-24T08:24:08.077+0000][8][safepoint   ] Safepoint "ICBufferFull", Time since last: 14706334 ns, Reaching safepoint: 115708 ns, At safepoint: 2083 ns, Total: 117791 ns
[2023-02-24T08:24:08.081+0000][8][safepoint   ] Safepoint "ICBufferFull", Time since last: 3752375 ns, Reaching safepoint: 40750 ns, At safepoint: 1875 ns, Total: 42625 ns
[2023-02-24T08:24:08.085+0000][8][safepoint   ] Safepoint "ICBufferFull", Time since last: 4356959 ns, Reaching safepoint: 106583 ns, At safepoint: 2250 ns, Total: 108833 ns
[2023-02-24T08:24:08.087+0000][8][safepoint   ] Safepoint "ICBufferFull", Time since last: 2160292 ns, Reaching safepoint: 111958 ns, At safepoint: 1750 ns, Total: 113708 ns
[2023-02-24T08:24:08.090+0000][8][safepoint   ] Safepoint "ICBufferFull", Time since last: 2792917 ns, Reaching safepoint: 61750 ns, At safepoint: 1750 ns, Total: 63500 ns
[2023-02-24T08:24:08.092+0000][8][safepoint   ] Safepoint "ICBufferFull", Time since last: 2025416 ns, Reaching safepoint: 101250 ns, At safepoint: 1917 ns, Total: 103167 ns
[2023-02-24T08:24:08.094+0000][8][safepoint   ] Safepoint "ICBufferFull", Time since last: 1877875 ns, Reaching safepoint: 98250 ns, At safepoint: 1750 ns, Total: 100000 ns
[2023-02-24T08:24:08.099+0000][8][safepoint   ] Safepoint "ICBufferFull", Time since last: 4228250 ns, Reaching safepoint: 147792 ns, At safepoint: 2333 ns, Total: 150125 ns
[2023-02-24T08:24:08.107+0000][8][safepoint   ] Safepoint "ICBufferFull", Time since last: 3057583 ns, Reaching safepoint: 5607000 ns, At safepoint: 5000 ns, Total: 5612000 ns
[2023-02-24T08:24:08.112+0000][8][safepoint   ] Safepoint "ICBufferFull", Time since last: 4612500 ns, Reaching safepoint: 107334 ns, At safepoint: 2041 ns, Total: 109375 ns
[2023-02-24T08:24:08.116+0000][8][safepoint   ] Safepoint "ICBufferFull", Time since last: 3655542 ns, Reaching safepoint: 103958 ns, At safepoint: 1834 ns, Total: 105792 ns
[2023-02-24T08:24:08.121+0000][8][safepoint   ] Safepoint "ICBufferFull", Time since last: 2512375 ns, Reaching safepoint: 2223250 ns, At safepoint: 5458 ns, Total: 2228708 ns
[2023-02-24T08:24:08.124+0000][8][safepoint   ] Safepoint "ICBufferFull", Time since last: 2095833 ns, Reaching safepoint: 1052542 ns, At safepoint: 2417 ns, Total: 1054959 ns
[2023-02-24T08:24:08.126+0000][8][safepoint   ] Safepoint "ICBufferFull", Time since last: 1627625 ns, Reaching safepoint: 221458 ns, At safepoint: 1625 ns, Total: 223083 ns
[2023-02-24T08:24:08.128+0000][8][safepoint   ] Safepoint "ICBufferFull", Time since last: 1732125 ns, Reaching safepoint: 278625 ns, At safepoint: 1875 ns, Total: 280500 ns
[2023-02-24T08:24:08.129+0000][8][safepoint   ] Safepoint "ICBufferFull", Time since last: 1629375 ns, Reaching safepoint: 147500 ns, At safepoint: 7917 ns, Total: 155417 ns
[2023-02-24T08:24:08.133+0000][8][safepoint   ] Safepoint "ICBufferFull", Time since last: 2429541 ns, Reaching safepoint: 772875 ns, At safepoint: 3000 ns, Total: 775875 ns
[2023-02-24T08:24:08.136+0000][8][safepoint   ] Safepoint "ICBufferFull", Time since last: 1672917 ns, Reaching safepoint: 1338167 ns, At safepoint: 4375 ns, Total: 1342542 ns
[2023-02-24T08:24:08.144+0000][8][safepoint   ] Safepoint "ICBufferFull", Time since last: 1384291 ns, Reaching safepoint: 6621667 ns, At safepoint: 5667 ns, Total: 6627334 ns
[2023-02-24T08:24:08.146+0000][8][safepoint   ] Safepoint "ICBufferFull", Time since last: 2017416 ns, Reaching safepoint: 114125 ns, At safepoint: 1792 ns, Total: 115917 ns
[2023-02-24T08:24:08.147+0000][8][safepoint   ] Safepoint "ICBufferFull", Time since last: 1376125 ns, Reaching safepoint: 101625 ns, At safepoint: 1375 ns, Total: 103000 ns
[2023-02-24T08:24:08.148+0000][8][safepoint   ] Safepoint "ICBufferFull", Time since last: 928875 ns, Reaching safepoint: 97125 ns, At safepoint: 1500 ns, Total: 98625 ns
[2023-02-24T08:24:08.149+0000][8][safepoint   ] Safepoint "ICBufferFull", Time since last: 912375 ns, Reaching safepoint: 126708 ns, At safepoint: 1625 ns, Total: 128333 ns
[2023-02-24T08:24:08.150+0000][8][safepoint   ] Safepoint "ICBufferFull", Time since last: 913167 ns, Reaching safepoint: 101625 ns, At safepoint: 1375 ns, Total: 103000 ns
[2023-02-24T08:24:08.154+0000][8][safepoint   ] Safepoint "ICBufferFull", Time since last: 1984625 ns, Reaching safepoint: 1306333 ns, At safepoint: 2500 ns, Total: 1308833 ns
[2023-02-24T08:24:08.156+0000][8][safepoint   ] Safepoint "ICBufferFull", Time since last: 1595959 ns, Reaching safepoint: 389958 ns, At safepoint: 1667 ns, Total: 391625 ns
[2023-02-24T08:24:08.158+0000][8][safepoint   ] Safepoint "ICBufferFull", Time since last: 1345958 ns, Reaching safepoint: 752500 ns, At safepoint: 1958 ns, Total: 754458 ns
[2023-02-24T08:24:08.160+0000][8][safepoint   ] Safepoint "ICBufferFull", Time since last: 1400917 ns, Reaching safepoint: 494250 ns, At safepoint: 1917 ns, Total: 496167 ns
[2023-02-24T08:24:08.162+0000][8][safepoint   ] Safepoint "ICBufferFull", Time since last: 1750958 ns, Reaching safepoint: 424792 ns, At safepoint: 2125 ns, Total: 426917 ns
[2023-02-24T08:24:08.164+0000][8][safepoint   ] Safepoint "ICBufferFull", Time since last: 1510291 ns, Reaching safepoint: 464167 ns, At safepoint: 4250 ns, Total: 468417 ns
[2023-02-24T08:24:08.166+0000][8][safepoint   ] Safepoint "ICBufferFull", Time since last: 1076208 ns, Reaching safepoint: 788875 ns, At safepoint: 2584 ns, Total: 791459 ns
[2023-02-24T08:24:08.168+0000][8][safepoint   ] Safepoint "ICBufferFull", Time since last: 1513541 ns, Reaching safepoint: 454792 ns, At safepoint: 1917 ns, Total: 456709 ns
[2023-02-24T08:24:08.171+0000][8][safepoint   ] Safepoint "ICBufferFull", Time since last: 1396541 ns, Reaching safepoint: 1600792 ns, At safepoint: 6292 ns, Total: 1607084 ns
[2023-02-24T08:24:08.175+0000][8][safepoint   ] Safepoint "ICBufferFull", Time since last: 2573750 ns, Reaching safepoint: 1477625 ns, At safepoint: 2958 ns, Total: 1480583 ns
[2023-02-24T08:24:08.178+0000][8][safepoint   ] Safepoint "ICBufferFull", Time since last: 2312417 ns, Reaching safepoint: 1098458 ns, At safepoint: 3375 ns, Total: 1101833 ns
[2023-02-24T08:24:08.181+0000][8][safepoint   ] Safepoint "ICBufferFull", Time since last: 1387500 ns, Reaching safepoint: 1230875 ns, At safepoint: 3375 ns, Total: 1234250 ns
[2023-02-24T08:24:08.185+0000][8][safepoint   ] Safepoint "ICBufferFull", Time since last: 2029167 ns, Reaching safepoint: 1915708 ns, At safepoint: 2875 ns, Total: 1918583 ns
[2023-02-24T08:24:08.187+0000][8][safepoint   ] Safepoint "ICBufferFull", Time since last: 1777458 ns, Reaching safepoint: 769500 ns, At safepoint: 3167 ns, Total: 772667 ns
[2023-02-24T08:24:08.191+0000][8][safepoint   ] Safepoint "ICBufferFull", Time since last: 1445750 ns, Reaching safepoint: 2025333 ns, At safepoint: 3500 ns, Total: 2028833 ns
[2023-02-24T08:24:08.196+0000][8][safepoint   ] Safepoint "ICBufferFull", Time since last: 1826625 ns, Reaching safepoint: 3094459 ns, At safepoint: 7541 ns, Total: 3102000 ns
[2023-02-24T08:24:08.199+0000][8][safepoint   ] Safepoint "ICBufferFull", Time since last: 1755792 ns, Reaching safepoint: 1262958 ns, At safepoint: 4084 ns, Total: 1267042 ns
[2023-02-24T08:24:08.203+0000][8][safepoint   ] Safepoint "ICBufferFull", Time since last: 1589625 ns, Reaching safepoint: 2399208 ns, At safepoint: 6792 ns, Total: 2406000 ns
[2023-02-24T08:24:08.209+0000][8][safepoint   ] Safepoint "ICBufferFull", Time since last: 1610250 ns, Reaching safepoint: 4369333 ns, At safepoint: 10208 ns, Total: 4379541 ns
[2023-02-24T08:24:08.215+0000][8][safepoint   ] Safepoint "ICBufferFull", Time since last: 2866125 ns, Reaching safepoint: 3151500 ns, At safepoint: 7834 ns, Total: 3159334 ns
[2023-02-24T08:24:08.216+0000][8][safepoint   ] Safepoint "ICBufferFull", Time since last: 1431541 ns, Reaching safepoint: 195000 ns, At safepoint: 4167 ns, Total: 199167 ns
[2023-02-24T08:24:08.221+0000][8][safepoint   ] Safepoint "ICBufferFull", Time since last: 1046333 ns, Reaching safepoint: 3301209 ns, At safepoint: 8875 ns, Total: 3310084 ns
[2023-02-24T08:24:08.225+0000][8][safepoint   ] Safepoint "ICBufferFull", Time since last: 3195083 ns, Reaching safepoint: 903458 ns, At safepoint: 3875 ns, Total: 907333 ns
[2023-02-24T08:24:08.231+0000][8][safepoint   ] Safepoint "ICBufferFull", Time since last: 3065209 ns, Reaching safepoint: 3587458 ns, At safepoint: 4583 ns, Total: 3592041 ns
[2023-02-24T08:24:08.239+0000][8][safepoint   ] Safepoint "ICBufferFull", Time since last: 3055917 ns, Reaching safepoint: 4221042 ns, At safepoint: 5250 ns, Total: 4226292 ns
[2023-02-24T08:24:08.247+0000][8][safepoint   ] Safepoint "ICBufferFull", Time since last: 4439666 ns, Reaching safepoint: 3509959 ns, At safepoint: 5833 ns, Total: 3515792 ns
[2023-02-24T08:24:08.252+0000][8][safepoint   ] Safepoint "ICBufferFull", Time since last: 3686417 ns, Reaching safepoint: 1292250 ns, At safepoint: 8833 ns, Total: 1301083 ns
[2023-02-24T08:24:08.258+0000][8][safepoint   ] Safepoint "ICBufferFull", Time since last: 2476500 ns, Reaching safepoint: 3518417 ns, At safepoint: 13958 ns, Total: 3532375 ns
[2023-02-24T08:24:08.266+0000][8][safepoint   ] Safepoint "ICBufferFull", Time since last: 2198333 ns, Reaching safepoint: 6330417 ns, At safepoint: 13208 ns, Total: 6343625 ns
[2023-02-24T08:24:08.334+0000][8][safepoint   ] Safepoint "ICBufferFull", Time since last: 63623334 ns, Reaching safepoint: 3825042 ns, At safepoint: 11000 ns, Total: 3836042 ns
[2023-02-24T08:24:08.338+0000][8][safepoint   ] Safepoint "ICBufferFull", Time since last: 2389166 ns, Reaching safepoint: 2385250 ns, At safepoint: 7792 ns, Total: 2393042 ns
[2023-02-24T08:24:08.341+0000][8][safepoint   ] Safepoint "ICBufferFull", Time since last: 1359625 ns, Reaching safepoint: 1384875 ns, At safepoint: 8833 ns, Total: 1393708 ns
[2023-02-24T08:24:08.347+0000][8][safepoint   ] Safepoint "ICBufferFull", Time since last: 2276334 ns, Reaching safepoint: 3742916 ns, At safepoint: 12584 ns, Total: 3755500 ns
[2023-02-24T08:24:08.351+0000][8][safepoint   ] Safepoint "ICBufferFull", Time since last: 1592041 ns, Reaching safepoint: 2437167 ns, At safepoint: 10792 ns, Total: 2447959 ns
[2023-02-24T08:24:08.356+0000][8][safepoint   ] Safepoint "ICBufferFull", Time since last: 1764875 ns, Reaching safepoint: 2588625 ns, At safepoint: 11791 ns, Total: 2600416 ns
[2023-02-24T08:24:08.362+0000][8][safepoint   ] Safepoint "ICBufferFull", Time since last: 1812917 ns, Reaching safepoint: 4181000 ns, At safepoint: 9125 ns, Total: 4190125 ns
[2023-02-24T08:24:08.366+0000][8][safepoint   ] Safepoint "ICBufferFull", Time since last: 2066250 ns, Reaching safepoint: 2487667 ns, At safepoint: 13958 ns, Total: 2501625 ns
[2023-02-24T08:24:08.370+0000][8][safepoint   ] Safepoint "ICBufferFull", Time since last: 1645958 ns, Reaching safepoint: 1799375 ns, At safepoint: 11209 ns, Total: 1810584 ns
[2023-02-24T08:24:08.375+0000][8][safepoint   ] Safepoint "ICBufferFull", Time since last: 1603666 ns, Reaching safepoint: 3331167 ns, At safepoint: 7417 ns, Total: 3338584 ns
[2023-02-24T08:24:08.379+0000][8][safepoint   ] Safepoint "ICBufferFull", Time since last: 1698416 ns, Reaching safepoint: 2372250 ns, At safepoint: 4917 ns, Total: 2377167 ns
[2023-02-24T08:24:08.382+0000][8][safepoint   ] Safepoint "ICBufferFull", Time since last: 1864292 ns, Reaching safepoint: 1467375 ns, At safepoint: 7333 ns, Total: 1474708 ns
[2023-02-24T08:24:08.387+0000][8][safepoint   ] Safepoint "ICBufferFull", Time since last: 1697917 ns, Reaching safepoint: 2914375 ns, At safepoint: 9958 ns, Total: 2924333 ns
[2023-02-24T08:24:08.393+0000][8][safepoint   ] Safepoint "ICBufferFull", Time since last: 2184750 ns, Reaching safepoint: 3833375 ns, At safepoint: 12542 ns, Total: 3845917 ns
[2023-02-24T08:24:08.399+0000][8][safepoint   ] Safepoint "ICBufferFull", Time since last: 2677583 ns, Reaching safepoint: 3291750 ns, At safepoint: 15958 ns, Total: 3307708 ns
[2023-02-24T08:24:08.401+0000][8][safepoint   ] Safepoint "ICBufferFull", Time since last: 1611584 ns, Reaching safepoint: 993875 ns, At safepoint: 9458 ns, Total: 1003333 ns
[2023-02-24T08:24:08.406+0000][8][safepoint   ] Safepoint "ICBufferFull", Time since last: 1538125 ns, Reaching safepoint: 2847500 ns, At safepoint: 13292 ns, Total: 2860792 ns
[2023-02-24T08:24:08.410+0000][8][safepoint   ] Safepoint "ICBufferFull", Time since last: 1605666 ns, Reaching safepoint: 2357917 ns, At safepoint: 10958 ns, Total: 2368875 ns
[2023-02-24T08:24:08.414+0000][8][safepoint   ] Safepoint "ICBufferFull", Time since last: 1899375 ns, Reaching safepoint: 2134834 ns, At safepoint: 16541 ns, Total: 2151375 ns
[2023-02-24T08:24:08.418+0000][8][safepoint   ] Safepoint "ICBufferFull", Time since last: 2140125 ns, Reaching safepoint: 1832375 ns, At safepoint: 9625 ns, Total: 1842000 ns
[2023-02-24T08:24:08.420+0000][8][safepoint   ] Safepoint "ICBufferFull", Time since last: 1673500 ns, Reaching safepoint: 504292 ns, At safepoint: 4625 ns, Total: 508917 ns
[2023-02-24T08:24:08.424+0000][8][safepoint   ] Safepoint "ICBufferFull", Time since last: 1539250 ns, Reaching safepoint: 2122500 ns, At safepoint: 8542 ns, Total: 2131042 ns
[2023-02-24T08:24:08.426+0000][8][safepoint   ] Safepoint "ICBufferFull", Time since last: 1796583 ns, Reaching safepoint: 932333 ns, At safepoint: 8375 ns, Total: 940708 ns
[2023-02-24T08:24:08.432+0000][8][safepoint   ] Safepoint "ICBufferFull", Time since last: 2024625 ns, Reaching safepoint: 3351709 ns, At safepoint: 12125 ns, Total: 3363834 ns
[2023-02-24T08:24:08.436+0000][8][safepoint   ] Safepoint "ICBufferFull", Time since last: 1756125 ns, Reaching safepoint: 2247791 ns, At safepoint: 16709 ns, Total: 2264500 ns
[2023-02-24T08:24:08.441+0000][8][safepoint   ] Safepoint "ICBufferFull", Time since last: 2084541 ns, Reaching safepoint: 2867334 ns, At safepoint: 7416 ns, Total: 2874750 ns
[2023-02-24T08:24:08.447+0000][8][safepoint   ] Safepoint "ICBufferFull", Time since last: 2654750 ns, Reaching safepoint: 3396459 ns, At safepoint: 10125 ns, Total: 3406584 ns
[2023-02-24T08:24:08.451+0000][8][safepoint   ] Safepoint "ICBufferFull", Time since last: 2423833 ns, Reaching safepoint: 2175833 ns, At safepoint: 8417 ns, Total: 2184250 ns
[2023-02-24T08:24:08.457+0000][8][safepoint   ] Safepoint "ICBufferFull", Time since last: 1531417 ns, Reaching safepoint: 3809541 ns, At safepoint: 13542 ns, Total: 3823083 ns
[2023-02-24T08:24:08.463+0000][8][safepoint   ] Safepoint "ICBufferFull", Time since last: 2017625 ns, Reaching safepoint: 3965625 ns, At safepoint: 12500 ns, Total: 3978125 ns
[2023-02-24T08:24:08.466+0000][8][safepoint   ] Safepoint "ICBufferFull", Time since last: 2330750 ns, Reaching safepoint: 938167 ns, At safepoint: 3916 ns, Total: 942083 ns
[2023-02-24T08:24:08.473+0000][8][safepoint   ] Safepoint "ICBufferFull", Time since last: 1483000 ns, Reaching safepoint: 5531125 ns, At safepoint: 12084 ns, Total: 5543209 ns
[2023-02-24T08:24:08.476+0000][8][safepoint   ] Safepoint "ICBufferFull", Time since last: 2581166 ns, Reaching safepoint: 800625 ns, At safepoint: 4167 ns, Total: 804792 ns
[2023-02-24T08:24:08.482+0000][8][safepoint   ] Safepoint "ICBufferFull", Time since last: 1071708 ns, Reaching safepoint: 4226667 ns, At safepoint: 9708 ns, Total: 4236375 ns
[2023-02-24T08:24:08.484+0000][8][safepoint   ] Safepoint "ICBufferFull", Time since last: 1594500 ns, Reaching safepoint: 406709 ns, At safepoint: 9458 ns, Total: 416167 ns
[2023-02-24T08:24:08.488+0000][8][safepoint   ] Safepoint "ICBufferFull", Time since last: 1285917 ns, Reaching safepoint: 2703750 ns, At safepoint: 13208 ns, Total: 2716958 ns
[2023-02-24T08:24:08.493+0000][8][safepoint   ] Safepoint "ICBufferFull", Time since last: 2204000 ns, Reaching safepoint: 2772208 ns, At safepoint: 18042 ns, Total: 2790250 ns
[2023-02-24T08:24:09.204+0000][8][safepoint   ] Safepoint "ICBufferFull", Time since last: 711239375 ns, Reaching safepoint: 193250 ns, At safepoint: 2292 ns, Total: 195542 ns
[2023-02-24T08:24:09.360+0000][8][gc,start    ] GC(4) Pause Young (Normal) (G1 Evacuation Pause)
[2023-02-24T08:24:09.366+0000][8][gc,task     ] GC(4) Using 4 workers of 4 for evacuation
[2023-02-24T08:24:09.368+0000][8][gc,age      ] GC(4) Desired survivor size 13107200 bytes, new threshold 15 (max threshold 15)
[2023-02-24T08:24:09.391+0000][8][gc,age      ] GC(4) Age table with threshold 15 (max threshold 15)
[2023-02-24T08:24:09.392+0000][8][gc,age      ] GC(4) - age   1:    5362912 bytes,    5362912 total
[2023-02-24T08:24:09.394+0000][8][gc,age      ] GC(4) - age   2:    1152456 bytes,    6515368 total
[2023-02-24T08:24:09.395+0000][8][gc,age      ] GC(4) - age   3:    2103648 bytes,    8619016 total
[2023-02-24T08:24:09.398+0000][8][gc,phases   ] GC(4)   Pre Evacuate Collection Set: 0.3ms
[2023-02-24T08:24:09.399+0000][8][gc,phases   ] GC(4)   Merge Heap Roots: 0.1ms
[2023-02-24T08:24:09.400+0000][8][gc,phases   ] GC(4)   Evacuate Collection Set: 15.1ms
[2023-02-24T08:24:09.401+0000][8][gc,phases   ] GC(4)   Post Evacuate Collection Set: 6.6ms
[2023-02-24T08:24:09.402+0000][8][gc,phases   ] GC(4)   Other: 15.5ms
[2023-02-24T08:24:09.403+0000][8][gc,heap     ] GC(4) Eden regions: 190->0(298)
[2023-02-24T08:24:09.404+0000][8][gc,heap     ] GC(4) Survivor regions: 5->9(25)
[2023-02-24T08:24:09.405+0000][8][gc,heap     ] GC(4) Old regions: 4->4
[2023-02-24T08:24:09.406+0000][8][gc,heap     ] GC(4) Archive regions: 0->0
[2023-02-24T08:24:09.407+0000][8][gc,heap     ] GC(4) Humongous regions: 2->1
[2023-02-24T08:24:09.409+0000][8][gc,metaspace] GC(4) Metaspace: 25939K(26620K)->25939K(26620K) NonClass: 23057K(23548K)->23057K(23548K) Class: 2882K(3072K)->2882K(3072K)
[2023-02-24T08:24:09.411+0000][8][gc          ] GC(4) Pause Young (Normal) (G1 Evacuation Pause) 200M->13M(512M) 50.741ms
[2023-02-24T08:24:09.412+0000][8][gc,cpu      ] GC(4) User=0.03s Sys=0.00s Real=0.05s
[2023-02-24T08:24:09.413+0000][8][safepoint   ] Safepoint "G1CollectForAllocation", Time since last: 155812625 ns, Reaching safepoint: 216292 ns, At safepoint: 52963041 ns, Total: 53179333 ns
[2023-02-24T08:24:09.936+0000][8][safepoint   ] Safepoint "ICBufferFull", Time since last: 522688334 ns, Reaching safepoint: 149667 ns, At safepoint: 2916 ns, Total: 152583 ns
[2023-02-24T08:24:10.203+0000][8][gc,start    ] GC(5) Pause Young (Normal) (G1 Evacuation Pause)
[2023-02-24T08:24:10.205+0000][8][gc,task     ] GC(5) Using 4 workers of 4 for evacuation
[2023-02-24T08:24:10.206+0000][8][gc,age      ] GC(5) Desired survivor size 20447232 bytes, new threshold 15 (max threshold 15)
[2023-02-24T08:24:10.228+0000][8][gc,age      ] GC(5) Age table with threshold 15 (max threshold 15)
[2023-02-24T08:24:10.229+0000][8][gc,age      ] GC(5) - age   1:    5064016 bytes,    5064016 total
[2023-02-24T08:24:10.230+0000][8][gc,age      ] GC(5) - age   2:    4320632 bytes,    9384648 total
[2023-02-24T08:24:10.231+0000][8][gc,age      ] GC(5) - age   3:    1152280 bytes,   10536928 total
[2023-02-24T08:24:10.233+0000][8][gc,age      ] GC(5) - age   4:    2103648 bytes,   12640576 total
[2023-02-24T08:24:10.234+0000][8][gc,phases   ] GC(5)   Pre Evacuate Collection Set: 1.7ms
[2023-02-24T08:24:10.235+0000][8][gc,phases   ] GC(5)   Merge Heap Roots: 1.2ms
[2023-02-24T08:24:10.236+0000][8][gc,phases   ] GC(5)   Evacuate Collection Set: 11.9ms
[2023-02-24T08:24:10.237+0000][8][gc,phases   ] GC(5)   Post Evacuate Collection Set: 6.1ms
[2023-02-24T08:24:10.239+0000][8][gc,phases   ] GC(5)   Other: 10.2ms
[2023-02-24T08:24:10.240+0000][8][gc,heap     ] GC(5) Eden regions: 298->0(294)
[2023-02-24T08:24:10.242+0000][8][gc,heap     ] GC(5) Survivor regions: 9->13(39)
[2023-02-24T08:24:10.243+0000][8][gc,heap     ] GC(5) Old regions: 4->4
[2023-02-24T08:24:10.243+0000][8][gc,heap     ] GC(5) Archive regions: 0->0
[2023-02-24T08:24:10.245+0000][8][gc,heap     ] GC(5) Humongous regions: 1->1
[2023-02-24T08:24:10.246+0000][8][gc,metaspace] GC(5) Metaspace: 27649K(28668K)->27649K(28668K) NonClass: 24575K(25340K)->24575K(25340K) Class: 3073K(3328K)->3073K(3328K)
[2023-02-24T08:24:10.248+0000][8][gc          ] GC(5) Pause Young (Normal) (G1 Evacuation Pause) 311M->17M(512M) 44.664ms
[2023-02-24T08:24:10.249+0000][8][gc,cpu      ] GC(5) User=0.02s Sys=0.00s Real=0.04s
[2023-02-24T08:24:10.250+0000][8][safepoint   ] Safepoint "G1CollectForAllocation", Time since last: 266816667 ns, Reaching safepoint: 303708 ns, At safepoint: 46940667 ns, Total: 47244375 ns
[2023-02-24T08:24:10.891+0000][8][gc,start    ] GC(6) Pause Young (Normal) (G1 Evacuation Pause)
[2023-02-24T08:24:10.893+0000][8][gc,task     ] GC(6) Using 4 workers of 4 for evacuation
[2023-02-24T08:24:10.897+0000][8][gc,age      ] GC(6) Desired survivor size 20447232 bytes, new threshold 15 (max threshold 15)
[2023-02-24T08:24:10.916+0000][8][gc,age      ] GC(6) Age table with threshold 15 (max threshold 15)
[2023-02-24T08:24:10.918+0000][8][gc,age      ] GC(6) - age   1:     755352 bytes,     755352 total
[2023-02-24T08:24:10.919+0000][8][gc,age      ] GC(6) - age   2:    3278096 bytes,    4033448 total
[2023-02-24T08:24:10.920+0000][8][gc,age      ] GC(6) - age   3:    4316328 bytes,    8349776 total
[2023-02-24T08:24:10.922+0000][8][gc,age      ] GC(6) - age   4:    1152136 bytes,    9501912 total
[2023-02-24T08:24:10.923+0000][8][gc,age      ] GC(6) - age   5:    2103648 bytes,   11605560 total
[2023-02-24T08:24:10.924+0000][8][gc,phases   ] GC(6)   Pre Evacuate Collection Set: 0.4ms
[2023-02-24T08:24:10.925+0000][8][gc,phases   ] GC(6)   Merge Heap Roots: 5.3ms
[2023-02-24T08:24:10.926+0000][8][gc,phases   ] GC(6)   Evacuate Collection Set: 11.0ms
[2023-02-24T08:24:10.929+0000][8][gc,phases   ] GC(6)   Post Evacuate Collection Set: 0.6ms
[2023-02-24T08:24:10.930+0000][8][gc,phases   ] GC(6)   Other: 15.2ms
[2023-02-24T08:24:10.930+0000][8][gc,heap     ] GC(6) Eden regions: 294->0(295)
[2023-02-24T08:24:10.933+0000][8][gc,heap     ] GC(6) Survivor regions: 13->12(39)
[2023-02-24T08:24:10.934+0000][8][gc,heap     ] GC(6) Old regions: 4->4
[2023-02-24T08:24:10.936+0000][8][gc,heap     ] GC(6) Archive regions: 0->0
[2023-02-24T08:24:10.937+0000][8][gc,heap     ] GC(6) Humongous regions: 1->1
[2023-02-24T08:24:10.938+0000][8][gc,metaspace] GC(6) Metaspace: 28024K(29308K)->28024K(29308K) NonClass: 24880K(25852K)->24880K(25852K) Class: 3143K(3456K)->3143K(3456K)
[2023-02-24T08:24:10.939+0000][8][gc          ] GC(6) Pause Young (Normal) (G1 Evacuation Pause) 311M->16M(512M) 47.468ms
[2023-02-24T08:24:10.939+0000][8][gc,cpu      ] GC(6) User=0.03s Sys=0.00s Real=0.05s
[2023-02-24T08:24:10.941+0000][8][safepoint   ] Safepoint "G1CollectForAllocation", Time since last: 639648166 ns, Reaching safepoint: 1735417 ns, At safepoint: 50280542 ns, Total: 52015959 ns
[2023-02-24T08:24:11.468+0000][8][gc,start    ] GC(7) Pause Young (Normal) (G1 Evacuation Pause)
[2023-02-24T08:24:11.470+0000][8][gc,task     ] GC(7) Using 4 workers of 4 for evacuation
[2023-02-24T08:24:11.471+0000][8][gc,age      ] GC(7) Desired survivor size 20447232 bytes, new threshold 15 (max threshold 15)
[2023-02-24T08:24:11.492+0000][8][gc,age      ] GC(7) Age table with threshold 15 (max threshold 15)
[2023-02-24T08:24:11.493+0000][8][gc,age      ] GC(7) - age   1:    3384376 bytes,    3384376 total
[2023-02-24T08:24:11.495+0000][8][gc,age      ] GC(7) - age   2:     646816 bytes,    4031192 total
[2023-02-24T08:24:11.495+0000][8][gc,age      ] GC(7) - age   3:    3276320 bytes,    7307512 total
[2023-02-24T08:24:11.496+0000][8][gc,age      ] GC(7) - age   4:    4315888 bytes,   11623400 total
[2023-02-24T08:24:11.497+0000][8][gc,age      ] GC(7) - age   5:    1152136 bytes,   12775536 total
[2023-02-24T08:24:11.498+0000][8][gc,age      ] GC(7) - age   6:    2103648 bytes,   14879184 total
[2023-02-24T08:24:11.500+0000][8][gc,phases   ] GC(7)   Pre Evacuate Collection Set: 0.2ms
[2023-02-24T08:24:11.500+0000][8][gc,phases   ] GC(7)   Merge Heap Roots: 0.2ms
[2023-02-24T08:24:11.501+0000][8][gc,phases   ] GC(7)   Evacuate Collection Set: 13.3ms
[2023-02-24T08:24:11.503+0000][8][gc,phases   ] GC(7)   Post Evacuate Collection Set: 6.3ms
[2023-02-24T08:24:11.505+0000][8][gc,phases   ] GC(7)   Other: 11.2ms
[2023-02-24T08:24:11.507+0000][8][gc,heap     ] GC(7) Eden regions: 295->0(292)
[2023-02-24T08:24:11.508+0000][8][gc,heap     ] GC(7) Survivor regions: 12->15(39)
[2023-02-24T08:24:11.509+0000][8][gc,heap     ] GC(7) Old regions: 4->4
[2023-02-24T08:24:11.510+0000][8][gc,heap     ] GC(7) Archive regions: 0->0
[2023-02-24T08:24:11.511+0000][8][gc,heap     ] GC(7) Humongous regions: 1->1
[2023-02-24T08:24:11.512+0000][8][gc,metaspace] GC(7) Metaspace: 28544K(29948K)->28544K(29948K) NonClass: 25321K(26364K)->25321K(26364K) Class: 3222K(3584K)->3222K(3584K)
[2023-02-24T08:24:11.513+0000][8][gc          ] GC(7) Pause Young (Normal) (G1 Evacuation Pause) 311M->19M(512M) 44.182ms
[2023-02-24T08:24:11.516+0000][8][gc,cpu      ] GC(7) User=0.01s Sys=0.00s Real=0.05s
[2023-02-24T08:24:11.517+0000][8][safepoint   ] Safepoint "G1CollectForAllocation", Time since last: 524872250 ns, Reaching safepoint: 2264708 ns, At safepoint: 48581125 ns, Total: 50845833 ns
[2023-02-24T08:24:12.135+0000][8][safepoint   ] Safepoint "ICBufferFull", Time since last: 613445251 ns, Reaching safepoint: 4199458 ns, At safepoint: 11250 ns, Total: 4210708 ns
[2023-02-24T08:24:12.369+0000][8][gc,start    ] GC(8) Pause Young (Concurrent Start) (Metadata GC Threshold)
[2023-02-24T08:24:12.370+0000][8][gc,task     ] GC(8) Using 4 workers of 4 for evacuation
[2023-02-24T08:24:12.371+0000][8][gc,age      ] GC(8) Desired survivor size 20447232 bytes, new threshold 15 (max threshold 15)
[2023-02-24T08:24:12.413+0000][8][gc,age      ] GC(8) Age table with threshold 15 (max threshold 15)
[2023-02-24T08:24:12.415+0000][8][gc,age      ] GC(8) - age   1:    2249384 bytes,    2249384 total
[2023-02-24T08:24:12.416+0000][8][gc,age      ] GC(8) - age   2:    2259568 bytes,    4508952 total
[2023-02-24T08:24:12.416+0000][8][gc,age      ] GC(8) - age   3:     630408 bytes,    5139360 total
[2023-02-24T08:24:12.417+0000][8][gc,age      ] GC(8) - age   4:    3260752 bytes,    8400112 total
[2023-02-24T08:24:12.418+0000][8][gc,age      ] GC(8) - age   5:    4302768 bytes,   12702880 total
[2023-02-24T08:24:12.419+0000][8][gc,age      ] GC(8) - age   6:    1121848 bytes,   13824728 total
[2023-02-24T08:24:12.421+0000][8][gc,age      ] GC(8) - age   7:    2100880 bytes,   15925608 total
[2023-02-24T08:24:12.422+0000][8][gc,phases   ] GC(8)   Pre Evacuate Collection Set: 1.3ms
[2023-02-24T08:24:12.422+0000][8][gc,phases   ] GC(8)   Merge Heap Roots: 0.1ms
[2023-02-24T08:24:12.423+0000][8][gc,phases   ] GC(8)   Evacuate Collection Set: 25.6ms
[2023-02-24T08:24:12.424+0000][8][gc,phases   ] GC(8)   Post Evacuate Collection Set: 14.4ms
[2023-02-24T08:24:12.425+0000][8][gc,phases   ] GC(8)   Other: 10.9ms
[2023-02-24T08:24:12.426+0000][8][gc,heap     ] GC(8) Eden regions: 123->0(291)
[2023-02-24T08:24:12.426+0000][8][gc,heap     ] GC(8) Survivor regions: 15->16(39)
[2023-02-24T08:24:12.428+0000][8][gc,heap     ] GC(8) Old regions: 4->4
[2023-02-24T08:24:12.428+0000][8][gc,heap     ] GC(8) Archive regions: 0->0
[2023-02-24T08:24:12.429+0000][8][gc,heap     ] GC(8) Humongous regions: 1->1
[2023-02-24T08:24:12.430+0000][8][gc,metaspace] GC(8) Metaspace: 34367K(36048K)->34367K(36048K) NonClass: 30384K(31696K)->30384K(31696K) Class: 3982K(4352K)->3982K(4352K)
[2023-02-24T08:24:12.431+0000][8][gc          ] GC(8) Pause Young (Concurrent Start) (Metadata GC Threshold) 142M->20M(512M) 61.368ms
[2023-02-24T08:24:12.431+0000][8][gc,cpu      ] GC(8) User=0.01s Sys=0.01s Real=0.06s
[2023-02-24T08:24:12.434+0000][8][safepoint   ] Safepoint "CollectForMetadataAllocation", Time since last: 232019000 ns, Reaching safepoint: 2607250 ns, At safepoint: 64360750 ns, Total: 66968000 ns
[2023-02-24T08:24:12.434+0000][8][gc          ] GC(9) Concurrent Cycle
[2023-02-24T08:24:12.435+0000][8][gc,marking  ] GC(9) Concurrent Clear Claimed Marks
[2023-02-24T08:24:12.436+0000][8][gc,marking  ] GC(9) Concurrent Clear Claimed Marks 0.557ms
[2023-02-24T08:24:12.436+0000][8][gc,marking  ] GC(9) Concurrent Scan Root Regions
[2023-02-24T08:24:12.442+0000][8][gc,marking  ] GC(9) Concurrent Scan Root Regions 5.416ms
[2023-02-24T08:24:12.443+0000][8][gc,marking  ] GC(9) Concurrent Mark (7.425s)
[2023-02-24T08:24:12.444+0000][8][gc,marking  ] GC(9) Concurrent Mark From Roots
[2023-02-24T08:24:12.446+0000][8][gc,task     ] GC(9) Using 1 workers of 1 for marking
[2023-02-24T08:24:12.457+0000][8][gc,marking  ] GC(9) Concurrent Mark From Roots 12.309ms
[2023-02-24T08:24:12.461+0000][8][gc,marking  ] GC(9) Concurrent Preclean
[2023-02-24T08:24:12.463+0000][8][gc,marking  ] GC(9) Concurrent Preclean 1.248ms
[2023-02-24T08:24:12.464+0000][8][gc,marking  ] GC(9) Concurrent Mark (7.425s, 7.446s) 20.940ms
[2023-02-24T08:24:12.467+0000][8][gc,start    ] GC(9) Pause Remark
[2023-02-24T08:24:12.474+0000][8][gc          ] GC(9) Pause Remark 21M->21M(512M) 7.394ms
[2023-02-24T08:24:12.476+0000][8][gc,cpu      ] GC(9) User=0.00s Sys=0.00s Real=0.01s
[2023-02-24T08:24:12.476+0000][8][safepoint   ] Safepoint "G1Concurrent", Time since last: 33181250 ns, Reaching safepoint: 66584 ns, At safepoint: 9253875 ns, Total: 9320459 ns
[2023-02-24T08:24:12.477+0000][8][gc,marking  ] GC(9) Concurrent Rebuild Remembered Sets
[2023-02-24T08:24:12.482+0000][8][gc,marking  ] GC(9) Concurrent Rebuild Remembered Sets 4.849ms
[2023-02-24T08:24:12.491+0000][8][gc,start    ] GC(9) Pause Cleanup
[2023-02-24T08:24:12.493+0000][8][gc          ] GC(9) Pause Cleanup 21M->21M(512M) 2.023ms
[2023-02-24T08:24:12.494+0000][8][gc,cpu      ] GC(9) User=0.00s Sys=0.00s Real=0.00s
[2023-02-24T08:24:12.495+0000][8][safepoint   ] Safepoint "G1Concurrent", Time since last: 14271125 ns, Reaching safepoint: 502041 ns, At safepoint: 3890709 ns, Total: 4392750 ns
[2023-02-24T08:24:12.496+0000][8][gc,marking  ] GC(9) Concurrent Cleanup for Next Mark
[2023-02-24T08:24:12.507+0000][8][gc,marking  ] GC(9) Concurrent Cleanup for Next Mark 10.939ms
[2023-02-24T08:24:12.508+0000][8][gc          ] GC(9) Concurrent Cycle 73.995ms
[2023-02-24T08:24:13.196+0000][8][safepoint   ] Safepoint "ICBufferFull", Time since last: 698069292 ns, Reaching safepoint: 2614416 ns, At safepoint: 3500 ns, Total: 2617916 ns
[2023-02-24T08:24:14.208+0000][8][safepoint   ] Safepoint "Cleanup", Time since last: 1002189876 ns, Reaching safepoint: 9852541 ns, At safepoint: 9292 ns, Total: 9861833 ns
[2023-02-24T08:24:15.211+0000][8][safepoint   ] Safepoint "Cleanup", Time since last: 1002983500 ns, Reaching safepoint: 642917 ns, At safepoint: 3375 ns, Total: 646292 ns
[2023-02-24T08:24:15.801+0000][8][safepoint   ] Safepoint "ICBufferFull", Time since last: 584868792 ns, Reaching safepoint: 4752500 ns, At safepoint: 3792 ns, Total: 4756292 ns
[2023-02-24T08:24:16.098+0000][8][gc,start    ] GC(10) Pause Young (Normal) (G1 Evacuation Pause)
[2023-02-24T08:24:16.098+0000][8][gc,task     ] GC(10) Using 4 workers of 4 for evacuation
[2023-02-24T08:24:16.099+0000][8][gc,age      ] GC(10) Desired survivor size 20447232 bytes, new threshold 15 (max threshold 15)
[2023-02-24T08:24:16.210+0000][8][gc,age      ] GC(10) Age table with threshold 15 (max threshold 15)
[2023-02-24T08:24:16.212+0000][8][gc,age      ] GC(10) - age   1:   25020128 bytes,   25020128 total
[2023-02-24T08:24:16.213+0000][8][gc,age      ] GC(10) - age   2:    2153600 bytes,   27173728 total
[2023-02-24T08:24:16.214+0000][8][gc,age      ] GC(10) - age   3:    2259024 bytes,   29432752 total
[2023-02-24T08:24:16.215+0000][8][gc,age      ] GC(10) - age   4:     630008 bytes,   30062760 total
[2023-02-24T08:24:16.215+0000][8][gc,age      ] GC(10) - age   5:    3249440 bytes,   33312200 total
[2023-02-24T08:24:16.216+0000][8][gc,age      ] GC(10) - age   6:    4277032 bytes,   37589232 total
[2023-02-24T08:24:16.218+0000][8][gc,age      ] GC(10) - age   7:    1101288 bytes,   38690520 total
[2023-02-24T08:24:16.219+0000][8][gc,age      ] GC(10) - age   8:    2092960 bytes,   40783480 total
[2023-02-24T08:24:16.220+0000][8][gc,phases   ] GC(10)   Pre Evacuate Collection Set: 0.1ms
[2023-02-24T08:24:16.221+0000][8][gc,phases   ] GC(10)   Merge Heap Roots: 0.0ms
[2023-02-24T08:24:16.222+0000][8][gc,phases   ] GC(10)   Evacuate Collection Set: 78.8ms
[2023-02-24T08:24:16.223+0000][8][gc,phases   ] GC(10)   Post Evacuate Collection Set: 30.8ms
[2023-02-24T08:24:16.224+0000][8][gc,phases   ] GC(10)   Other: 12.2ms
[2023-02-24T08:24:16.225+0000][8][gc,heap     ] GC(10) Eden regions: 291->0(268)
[2023-02-24T08:24:16.225+0000][8][gc,heap     ] GC(10) Survivor regions: 16->39(39)
[2023-02-24T08:24:16.227+0000][8][gc,heap     ] GC(10) Old regions: 4->9
[2023-02-24T08:24:16.228+0000][8][gc,heap     ] GC(10) Archive regions: 0->0
[2023-02-24T08:24:16.228+0000][8][gc,heap     ] GC(10) Humongous regions: 1->1
[2023-02-24T08:24:16.229+0000][8][gc,metaspace] GC(10) Metaspace: 43245K(45852K)->43245K(45852K) NonClass: 38012K(39888K)->38012K(39888K) Class: 5233K(5964K)->5233K(5964K)
[2023-02-24T08:24:16.230+0000][8][gc          ] GC(10) Pause Young (Normal) (G1 Evacuation Pause) 311M->48M(512M) 132.380ms
[2023-02-24T08:24:16.232+0000][8][gc,cpu      ] GC(10) User=0.07s Sys=0.00s Real=0.14s
[2023-02-24T08:24:16.233+0000][8][safepoint   ] Safepoint "G1CollectForAllocation", Time since last: 296321333 ns, Reaching safepoint: 498917 ns, At safepoint: 135009500 ns, Total: 135508417 ns
[2023-02-24T08:24:16.773+0000][8][safepoint   ] Safepoint "ICBufferFull", Time since last: 538993000 ns, Reaching safepoint: 1190292 ns, At safepoint: 2208 ns, Total: 1192500 ns
[2023-02-24T08:24:17.410+0000][8][safepoint   ] Safepoint "ICBufferFull", Time since last: 631979542 ns, Reaching safepoint: 5085125 ns, At safepoint: 4042 ns, Total: 5089167 ns
[2023-02-24T08:24:17.663+0000][8][gc,start    ] GC(11) Pause Young (Concurrent Start) (Metadata GC Threshold)
[2023-02-24T08:24:17.663+0000][8][gc,task     ] GC(11) Using 4 workers of 4 for evacuation
[2023-02-24T08:24:17.664+0000][8][gc,age      ] GC(11) Desired survivor size 20447232 bytes, new threshold 1 (max threshold 15)
[2023-02-24T08:24:17.735+0000][8][gc,age      ] GC(11) Age table with threshold 1 (max threshold 15)
[2023-02-24T08:24:17.736+0000][8][gc,age      ] GC(11) - age   1:    6303416 bytes,    6303416 total
[2023-02-24T08:24:17.738+0000][8][gc,phases   ] GC(11)   Pre Evacuate Collection Set: 0.5ms
[2023-02-24T08:24:17.739+0000][8][gc,phases   ] GC(11)   Merge Heap Roots: 0.8ms
[2023-02-24T08:24:17.740+0000][8][gc,phases   ] GC(11)   Evacuate Collection Set: 65.2ms
[2023-02-24T08:24:17.741+0000][8][gc,phases   ] GC(11)   Post Evacuate Collection Set: 3.9ms
[2023-02-24T08:24:17.742+0000][8][gc,phases   ] GC(11)   Other: 5.4ms
[2023-02-24T08:24:17.744+0000][8][gc,heap     ] GC(11) Eden regions: 112->0(290)
[2023-02-24T08:24:17.745+0000][8][gc,heap     ] GC(11) Survivor regions: 39->7(39)
[2023-02-24T08:24:17.745+0000][8][gc,heap     ] GC(11) Old regions: 9->49
[2023-02-24T08:24:17.746+0000][8][gc,heap     ] GC(11) Archive regions: 0->0
[2023-02-24T08:24:17.747+0000][8][gc,heap     ] GC(11) Humongous regions: 1->1
[2023-02-24T08:24:17.748+0000][8][gc,metaspace] GC(11) Metaspace: 57545K(60636K)->57545K(60636K) NonClass: 50156K(52432K)->50156K(52432K) Class: 7389K(8204K)->7389K(8204K)
[2023-02-24T08:24:17.748+0000][8][gc          ] GC(11) Pause Young (Concurrent Start) (Metadata GC Threshold) 160M->56M(512M) 85.730ms
[2023-02-24T08:24:17.749+0000][8][gc,cpu      ] GC(11) User=0.06s Sys=0.00s Real=0.08s
[2023-02-24T08:24:17.750+0000][8][safepoint   ] Safepoint "CollectForMetadataAllocation", Time since last: 252521167 ns, Reaching safepoint: 151666 ns, At safepoint: 87440125 ns, Total: 87591791 ns
[2023-02-24T08:24:17.750+0000][8][gc          ] GC(12) Concurrent Cycle
[2023-02-24T08:24:17.764+0000][8][gc,marking  ] GC(12) Concurrent Clear Claimed Marks
[2023-02-24T08:24:17.765+0000][8][gc,marking  ] GC(12) Concurrent Clear Claimed Marks 1.158ms
[2023-02-24T08:24:17.766+0000][8][gc,marking  ] GC(12) Concurrent Scan Root Regions
[2023-02-24T08:24:17.807+0000][8][safepoint   ] Safepoint "CollectForMetadataAllocation", Time since last: 56773084 ns, Reaching safepoint: 148916 ns, At safepoint: 72750 ns, Total: 221666 ns
[2023-02-24T08:24:17.824+0000][8][gc,marking  ] GC(12) Concurrent Scan Root Regions 57.667ms
[2023-02-24T08:24:17.832+0000][8][gc,marking  ] GC(12) Concurrent Mark (12.814s)
[2023-02-24T08:24:17.833+0000][8][gc,marking  ] GC(12) Concurrent Mark From Roots
[2023-02-24T08:24:17.834+0000][8][gc,task     ] GC(12) Using 1 workers of 1 for marking
[2023-02-24T08:24:17.836+0000][8][safepoint   ] Safepoint "CollectForMetadataAllocation", Time since last: 28784750 ns, Reaching safepoint: 109375 ns, At safepoint: 62709 ns, Total: 172084 ns
[2023-02-24T08:24:17.846+0000][8][gc,marking  ] GC(12) Concurrent Mark From Roots 13.116ms
[2023-02-24T08:24:17.851+0000][8][gc,marking  ] GC(12) Concurrent Preclean
[2023-02-24T08:24:17.852+0000][8][gc,marking  ] GC(12) Concurrent Preclean 0.749ms
[2023-02-24T08:24:17.853+0000][8][gc,marking  ] GC(12) Concurrent Mark (12.814s, 12.835s) 20.825ms
[2023-02-24T08:24:17.854+0000][8][gc,start    ] GC(12) Pause Remark
[2023-02-24T08:24:17.882+0000][8][gc          ] GC(12) Pause Remark 60M->60M(512M) 28.034ms
[2023-02-24T08:24:17.883+0000][8][gc,cpu      ] GC(12) User=0.01s Sys=0.00s Real=0.03s
[2023-02-24T08:24:17.884+0000][8][safepoint   ] Safepoint "G1Concurrent", Time since last: 17934708 ns, Reaching safepoint: 107708 ns, At safepoint: 30172459 ns, Total: 30280167 ns
[2023-02-24T08:24:17.886+0000][8][gc,marking  ] GC(12) Concurrent Rebuild Remembered Sets
[2023-02-24T08:24:18.027+0000][8][gc,marking  ] GC(12) Concurrent Rebuild Remembered Sets 141.205ms
[2023-02-24T08:24:18.030+0000][8][gc,start    ] GC(12) Pause Cleanup
[2023-02-24T08:24:18.031+0000][8][gc          ] GC(12) Pause Cleanup 62M->62M(512M) 1.245ms
[2023-02-24T08:24:18.032+0000][8][gc,cpu      ] GC(12) User=0.00s Sys=0.00s Real=0.00s
[2023-02-24T08:24:18.033+0000][8][safepoint   ] Safepoint "G1Concurrent", Time since last: 144270417 ns, Reaching safepoint: 1067416 ns, At safepoint: 3324750 ns, Total: 4392166 ns
[2023-02-24T08:24:18.034+0000][8][gc,marking  ] GC(12) Concurrent Cleanup for Next Mark
[2023-02-24T08:24:18.037+0000][8][gc,marking  ] GC(12) Concurrent Cleanup for Next Mark 3.047ms
[2023-02-24T08:24:18.039+0000][8][gc          ] GC(12) Concurrent Cycle 288.488ms
[2023-02-24T08:24:19.035+0000][8][safepoint   ] Safepoint "Cleanup", Time since last: 1001073042 ns, Reaching safepoint: 1162000 ns, At safepoint: 4792 ns, Total: 1166792 ns
[2023-02-24T08:24:19.241+0000][8][safepoint   ] Safepoint "ICBufferFull", Time since last: 206228500 ns, Reaching safepoint: 124083 ns, At safepoint: 13834 ns, Total: 137917 ns
[2023-02-24T08:24:20.244+0000][8][safepoint   ] Safepoint "Cleanup", Time since last: 1001723875 ns, Reaching safepoint: 1142209 ns, At safepoint: 9125 ns, Total: 1151334 ns
[2023-02-24T08:24:20.739+0000][8][safepoint   ] Safepoint "ICBufferFull", Time since last: 494727708 ns, Reaching safepoint: 100792 ns, At safepoint: 3000 ns, Total: 103792 ns
[2023-02-24T08:24:21.499+0000][8][safepoint   ] Safepoint "ICBufferFull", Time since last: 760086875 ns, Reaching safepoint: 123125 ns, At safepoint: 2375 ns, Total: 125500 ns
[2023-02-24T08:24:22.077+0000][8][safepoint   ] Safepoint "ICBufferFull", Time since last: 577534334 ns, Reaching safepoint: 216708 ns, At safepoint: 4542 ns, Total: 221250 ns
[2023-02-24T08:24:22.111+0000][8][safepoint   ] Safepoint "ICBufferFull", Time since last: 31150583 ns, Reaching safepoint: 2793417 ns, At safepoint: 63416 ns, Total: 2856833 ns
[2023-02-24T08:24:22.637+0000][8][safepoint   ] Safepoint "ICBufferFull", Time since last: 522744834 ns, Reaching safepoint: 3552250 ns, At safepoint: 9667 ns, Total: 3561917 ns
[2023-02-24T08:24:22.664+0000][8][gc,heap,exit] Heap
[2023-02-24T08:24:22.665+0000][8][gc,heap,exit]  garbage-first heap   total 524288K, used 260143K [0x00000000e0000000, 0x0000000100000000)
[2023-02-24T08:24:22.666+0000][8][gc,heap,exit]   region size 1024K, 206 young (210944K), 7 survivors (7168K)
[2023-02-24T08:24:22.667+0000][8][gc,heap,exit]  Metaspace       used 86274K, capacity 89298K, committed 89716K, reserved 1126400K
[2023-02-24T08:24:22.668+0000][8][gc,heap,exit]   class space    used 11403K, capacity 12371K, committed 12452K, reserved 1048576K
