[2023-02-24T08:28:19.682+0000][164][gc] Using G1
[2023-02-24T08:28:19.685+0000][164][gc,init] Version: 15+36-1562 (release)
[2023-02-24T08:28:19.686+0000][164][gc,init] CPUs: 4 total, 4 available
[2023-02-24T08:28:19.687+0000][164][gc,init] Memory: 7951M
[2023-02-24T08:28:19.688+0000][164][gc,init] Large Page Support: Disabled
[2023-02-24T08:28:19.689+0000][164][gc,init] NUMA Support: Disabled
[2023-02-24T08:28:19.690+0000][164][gc,init] Compressed Oops: Enabled (32-bit)
[2023-02-24T08:28:19.692+0000][164][gc,init] Heap Region Size: 1M
[2023-02-24T08:28:19.692+0000][164][gc,init] Heap Min Capacity: 512M
[2023-02-24T08:28:19.693+0000][164][gc,init] Heap Initial Capacity: 512M
[2023-02-24T08:28:19.695+0000][164][gc,init] Heap Max Capacity: 512M
[2023-02-24T08:28:19.696+0000][164][gc,init] Pre-touch: Disabled
[2023-02-24T08:28:19.697+0000][164][gc,init] Parallel Workers: 4
[2023-02-24T08:28:19.698+0000][164][gc,init] Concurrent Workers: 1
[2023-02-24T08:28:19.699+0000][164][gc,init] Concurrent Refinement Workers: 4
[2023-02-24T08:28:19.700+0000][164][gc,init] Periodic GC: Disabled
[2023-02-24T08:28:19.701+0000][164][gc,metaspace] CDS disabled.
[2023-02-24T08:28:19.703+0000][164][gc,metaspace] Compressed class space mapped at: 0x0000000100000000-0x0000000140000000, size: 1073741824
[2023-02-24T08:28:19.703+0000][164][gc,metaspace] Narrow klass base: 0x0000000000000000, Narrow klass shift: 3, Narrow klass range: 0x140000000
[2023-02-24T08:28:20.007+0000][164][gc,heap,exit] Heap
[2023-02-24T08:28:20.008+0000][164][gc,heap,exit]  garbage-first heap   total 524288K, used 1024K [0x00000000e0000000, 0x0000000100000000)
[2023-02-24T08:28:20.012+0000][164][gc,heap,exit]   region size 1024K, 2 young (2048K), 0 survivors (0K)
[2023-02-24T08:28:20.013+0000][164][gc,heap,exit]  Metaspace       used 3338K, capacity 4480K, committed 4480K, reserved 1056768K
[2023-02-24T08:28:20.014+0000][164][gc,heap,exit]   class space    used 278K, capacity 384K, committed 384K, reserved 1048576K
