[2023-01-09T09:48:35.296+0000][7][gc] Using G1
[2023-01-09T09:48:35.466+0000][7][gc,init] Version: 15+36-1562 (release)
[2023-01-09T09:48:35.469+0000][7][gc,init] CPUs: 4 total, 4 available
[2023-01-09T09:48:35.470+0000][7][gc,init] Memory: 7951M
[2023-01-09T09:48:35.471+0000][7][gc,init] Large Page Support: Disabled
[2023-01-09T09:48:35.472+0000][7][gc,init] NUMA Support: Disabled
[2023-01-09T09:48:35.472+0000][7][gc,init] Compressed Oops: Enabled (32-bit)
[2023-01-09T09:48:35.473+0000][7][gc,init] Heap Region Size: 1M
[2023-01-09T09:48:35.473+0000][7][gc,init] Heap Min Capacity: 512M
[2023-01-09T09:48:35.474+0000][7][gc,init] Heap Initial Capacity: 512M
[2023-01-09T09:48:35.475+0000][7][gc,init] Heap Max Capacity: 512M
[2023-01-09T09:48:35.475+0000][7][gc,init] Pre-touch: Enabled
[2023-01-09T09:48:35.476+0000][7][gc,init] Parallel Workers: 4
[2023-01-09T09:48:35.477+0000][7][gc,init] Concurrent Workers: 1
[2023-01-09T09:48:35.478+0000][7][gc,init] Concurrent Refinement Workers: 4
[2023-01-09T09:48:35.478+0000][7][gc,init] Periodic GC: Disabled
[2023-01-09T09:48:35.479+0000][7][gc,metaspace] CDS disabled.
[2023-01-09T09:48:35.480+0000][7][gc,metaspace] Compressed class space mapped at: 0x0000000100000000-0x0000000140000000, size: 1073741824
[2023-01-09T09:48:35.480+0000][7][gc,metaspace] Narrow klass base: 0x0000000000000000, Narrow klass shift: 3, Narrow klass range: 0x140000000
[2023-01-09T09:48:35.829+0000][7][safepoint   ] Safepoint "ICBufferFull", Time since last: 323591709 ns, Reaching safepoint: 3629125 ns, At safepoint: 2917 ns, Total: 3632042 ns
[2023-01-09T09:48:36.230+0000][7][safepoint   ] Safepoint "ICBufferFull", Time since last: 394758000 ns, Reaching safepoint: 6062958 ns, At safepoint: 10792 ns, Total: 6073750 ns
[2023-01-09T09:48:36.521+0000][7][safepoint   ] Safepoint "ICBufferFull", Time since last: 288915375 ns, Reaching safepoint: 2070708 ns, At safepoint: 2709 ns, Total: 2073417 ns
[2023-01-09T09:48:36.617+0000][7][gc,start    ] GC(0) Pause Young (Normal) (G1 Evacuation Pause)
[2023-01-09T09:48:36.618+0000][7][gc,task     ] GC(0) Using 4 workers of 4 for evacuation
[2023-01-09T09:48:36.619+0000][7][gc,age      ] GC(0) Desired survivor size 2097152 bytes, new threshold 15 (max threshold 15)
[2023-01-09T09:48:36.632+0000][7][gc,age      ] GC(0) Age table with threshold 15 (max threshold 15)
[2023-01-09T09:48:36.634+0000][7][gc,age      ] GC(0) - age   1:    3903448 bytes,    3903448 total
[2023-01-09T09:48:36.635+0000][7][gc,phases   ] GC(0)   Pre Evacuate Collection Set: 0.1ms
[2023-01-09T09:48:36.636+0000][7][gc,phases   ] GC(0)   Merge Heap Roots: 0.0ms
[2023-01-09T09:48:36.637+0000][7][gc,phases   ] GC(0)   Evacuate Collection Set: 11.1ms
[2023-01-09T09:48:36.637+0000][7][gc,phases   ] GC(0)   Post Evacuate Collection Set: 0.6ms
[2023-01-09T09:48:36.638+0000][7][gc,phases   ] GC(0)   Other: 6.6ms
[2023-01-09T09:48:36.639+0000][7][gc,heap     ] GC(0) Eden regions: 25->0(25)
[2023-01-09T09:48:36.639+0000][7][gc,heap     ] GC(0) Survivor regions: 0->4(4)
[2023-01-09T09:48:36.640+0000][7][gc,heap     ] GC(0) Old regions: 0->0
[2023-01-09T09:48:36.641+0000][7][gc,heap     ] GC(0) Archive regions: 0->0
[2023-01-09T09:48:36.641+0000][7][gc,heap     ] GC(0) Humongous regions: 1->1
[2023-01-09T09:48:36.642+0000][7][gc,metaspace] GC(0) Metaspace: 15620K(16128K)->15620K(16128K) NonClass: 14039K(14336K)->14039K(14336K) Class: 1580K(1792K)->1580K(1792K)
[2023-01-09T09:48:36.642+0000][7][gc          ] GC(0) Pause Young (Normal) (G1 Evacuation Pause) 26M->4M(512M) 25.686ms
[2023-01-09T09:48:36.643+0000][7][gc,cpu      ] GC(0) User=0.02s Sys=0.00s Real=0.02s
[2023-01-09T09:48:36.644+0000][7][safepoint   ] Safepoint "G1CollectForAllocation", Time since last: 95816875 ns, Reaching safepoint: 60625 ns, At safepoint: 27174666 ns, Total: 27235291 ns
[2023-01-09T09:48:37.365+0000][7][safepoint   ] Safepoint "ICBufferFull", Time since last: 720759751 ns, Reaching safepoint: 98958 ns, At safepoint: 1917 ns, Total: 100875 ns
[2023-01-09T09:48:37.666+0000][7][gc,start    ] GC(1) Pause Young (Concurrent Start) (Metadata GC Threshold)
[2023-01-09T09:48:37.668+0000][7][gc,task     ] GC(1) Using 4 workers of 4 for evacuation
[2023-01-09T09:48:37.669+0000][7][gc,age      ] GC(1) Desired survivor size 2097152 bytes, new threshold 1 (max threshold 15)
[2023-01-09T09:48:37.682+0000][7][gc,age      ] GC(1) Age table with threshold 1 (max threshold 15)
[2023-01-09T09:48:37.683+0000][7][gc,age      ] GC(1) - age   1:    2139152 bytes,    2139152 total
[2023-01-09T09:48:37.684+0000][7][gc,phases   ] GC(1)   Pre Evacuate Collection Set: 0.2ms
[2023-01-09T09:48:37.685+0000][7][gc,phases   ] GC(1)   Merge Heap Roots: 0.0ms
[2023-01-09T09:48:37.685+0000][7][gc,phases   ] GC(1)   Evacuate Collection Set: 11.6ms
[2023-01-09T09:48:37.686+0000][7][gc,phases   ] GC(1)   Post Evacuate Collection Set: 0.6ms
[2023-01-09T09:48:37.687+0000][7][gc,phases   ] GC(1)   Other: 5.7ms
[2023-01-09T09:48:37.687+0000][7][gc,heap     ] GC(1) Eden regions: 23->0(34)
[2023-01-09T09:48:37.688+0000][7][gc,heap     ] GC(1) Survivor regions: 4->3(4)
[2023-01-09T09:48:37.689+0000][7][gc,heap     ] GC(1) Old regions: 0->4
[2023-01-09T09:48:37.689+0000][7][gc,heap     ] GC(1) Archive regions: 0->0
[2023-01-09T09:48:37.690+0000][7][gc,heap     ] GC(1) Humongous regions: 1->1
[2023-01-09T09:48:37.691+0000][7][gc,metaspace] GC(1) Metaspace: 20731K(21248K)->20731K(21248K) NonClass: 18509K(18944K)->18509K(18944K) Class: 2222K(2304K)->2222K(2304K)
[2023-01-09T09:48:37.692+0000][7][gc          ] GC(1) Pause Young (Concurrent Start) (Metadata GC Threshold) 27M->6M(512M) 25.802ms
[2023-01-09T09:48:37.692+0000][7][gc,cpu      ] GC(1) User=0.01s Sys=0.00s Real=0.02s
[2023-01-09T09:48:37.693+0000][7][safepoint   ] Safepoint "CollectForMetadataAllocation", Time since last: 299005333 ns, Reaching safepoint: 2118250 ns, At safepoint: 27589250 ns, Total: 29707500 ns
[2023-01-09T09:48:37.693+0000][7][gc          ] GC(2) Concurrent Cycle
[2023-01-09T09:48:37.695+0000][7][gc,marking  ] GC(2) Concurrent Clear Claimed Marks
[2023-01-09T09:48:37.696+0000][7][gc,marking  ] GC(2) Concurrent Clear Claimed Marks 0.811ms
[2023-01-09T09:48:37.696+0000][7][gc,marking  ] GC(2) Concurrent Scan Root Regions
[2023-01-09T09:48:37.699+0000][7][gc,marking  ] GC(2) Concurrent Scan Root Regions 2.450ms
[2023-01-09T09:48:37.699+0000][7][gc,marking  ] GC(2) Concurrent Mark (2.435s)
[2023-01-09T09:48:37.701+0000][7][gc,marking  ] GC(2) Concurrent Mark From Roots
[2023-01-09T09:48:37.702+0000][7][gc,task     ] GC(2) Using 1 workers of 1 for marking
[2023-01-09T09:48:37.703+0000][7][gc,marking  ] GC(2) Concurrent Mark From Roots 1.981ms
[2023-01-09T09:48:37.704+0000][7][gc,marking  ] GC(2) Concurrent Preclean
[2023-01-09T09:48:37.704+0000][7][gc,marking  ] GC(2) Concurrent Preclean 0.673ms
[2023-01-09T09:48:37.705+0000][7][gc,marking  ] GC(2) Concurrent Mark (2.435s, 2.441s) 5.433ms
[2023-01-09T09:48:37.709+0000][7][gc,start    ] GC(2) Pause Remark
[2023-01-09T09:48:37.714+0000][7][gc          ] GC(2) Pause Remark 7M->7M(512M) 5.487ms
[2023-01-09T09:48:37.715+0000][7][gc,cpu      ] GC(2) User=0.00s Sys=0.00s Real=0.00s
[2023-01-09T09:48:37.716+0000][7][safepoint   ] Safepoint "G1Concurrent", Time since last: 12291208 ns, Reaching safepoint: 2977375 ns, At safepoint: 7238167 ns, Total: 10215542 ns
[2023-01-09T09:48:37.717+0000][7][gc,marking  ] GC(2) Concurrent Rebuild Remembered Sets
[2023-01-09T09:48:37.719+0000][7][gc,marking  ] GC(2) Concurrent Rebuild Remembered Sets 2.309ms
[2023-01-09T09:48:37.720+0000][7][gc,start    ] GC(2) Pause Cleanup
[2023-01-09T09:48:37.721+0000][7][gc          ] GC(2) Pause Cleanup 7M->7M(512M) 0.652ms
[2023-01-09T09:48:37.722+0000][7][gc,cpu      ] GC(2) User=0.00s Sys=0.00s Real=0.00s
[2023-01-09T09:48:37.723+0000][7][safepoint   ] Safepoint "G1Concurrent", Time since last: 4163167 ns, Reaching safepoint: 264708 ns, At safepoint: 2342250 ns, Total: 2606958 ns
[2023-01-09T09:48:37.724+0000][7][gc,marking  ] GC(2) Concurrent Cleanup for Next Mark
[2023-01-09T09:48:37.725+0000][7][gc,marking  ] GC(2) Concurrent Cleanup for Next Mark 0.931ms
[2023-01-09T09:48:37.725+0000][7][gc          ] GC(2) Concurrent Cycle 31.819ms
[2023-01-09T09:48:38.269+0000][7][safepoint   ] Safepoint "ICBufferFull", Time since last: 546611459 ns, Reaching safepoint: 98375 ns, At safepoint: 1875 ns, Total: 100250 ns
[2023-01-09T09:48:38.330+0000][7][gc,start    ] GC(3) Pause Young (Normal) (G1 Evacuation Pause)
[2023-01-09T09:48:38.332+0000][7][gc,task     ] GC(3) Using 4 workers of 4 for evacuation
[2023-01-09T09:48:38.332+0000][7][gc,age      ] GC(3) Desired survivor size 2621440 bytes, new threshold 15 (max threshold 15)
[2023-01-09T09:48:38.343+0000][7][gc,age      ] GC(3) Age table with threshold 15 (max threshold 15)
[2023-01-09T09:48:38.343+0000][7][gc,age      ] GC(3) - age   1:    2906448 bytes,    2906448 total
[2023-01-09T09:48:38.344+0000][7][gc,age      ] GC(3) - age   2:    2118048 bytes,    5024496 total
[2023-01-09T09:48:38.345+0000][7][gc,phases   ] GC(3)   Pre Evacuate Collection Set: 0.1ms
[2023-01-09T09:48:38.345+0000][7][gc,phases   ] GC(3)   Merge Heap Roots: 0.0ms
[2023-01-09T09:48:38.346+0000][7][gc,phases   ] GC(3)   Evacuate Collection Set: 8.5ms
[2023-01-09T09:48:38.347+0000][7][gc,phases   ] GC(3)   Post Evacuate Collection Set: 0.9ms
[2023-01-09T09:48:38.348+0000][7][gc,phases   ] GC(3)   Other: 4.7ms
[2023-01-09T09:48:38.348+0000][7][gc,heap     ] GC(3) Eden regions: 35->0(190)
[2023-01-09T09:48:38.349+0000][7][gc,heap     ] GC(3) Survivor regions: 3->5(5)
[2023-01-09T09:48:38.349+0000][7][gc,heap     ] GC(3) Old regions: 4->4
[2023-01-09T09:48:38.350+0000][7][gc,heap     ] GC(3) Archive regions: 0->0
[2023-01-09T09:48:38.351+0000][7][gc,heap     ] GC(3) Humongous regions: 1->1
[2023-01-09T09:48:38.351+0000][7][gc,metaspace] GC(3) Metaspace: 22479K(23040K)->22479K(23040K) NonClass: 20066K(20480K)->20066K(20480K) Class: 2413K(2560K)->2413K(2560K)
[2023-01-09T09:48:38.352+0000][7][gc          ] GC(3) Pause Young (Normal) (G1 Evacuation Pause) 41M->9M(512M) 21.521ms
[2023-01-09T09:48:38.353+0000][7][gc,cpu      ] GC(3) User=0.01s Sys=0.00s Real=0.02s
[2023-01-09T09:48:38.353+0000][7][safepoint   ] Safepoint "G1CollectForAllocation", Time since last: 60934791 ns, Reaching safepoint: 55292 ns, At safepoint: 22893333 ns, Total: 22948625 ns
[2023-01-09T09:48:38.505+0000][7][safepoint   ] Safepoint "ICBufferFull", Time since last: 152056876 ns, Reaching safepoint: 62916 ns, At safepoint: 1792 ns, Total: 64708 ns
[2023-01-09T09:48:38.518+0000][7][safepoint   ] Safepoint "ICBufferFull", Time since last: 12204792 ns, Reaching safepoint: 54291 ns, At safepoint: 1750 ns, Total: 56041 ns
[2023-01-09T09:48:38.521+0000][7][safepoint   ] Safepoint "ICBufferFull", Time since last: 3251167 ns, Reaching safepoint: 32583 ns, At safepoint: 1625 ns, Total: 34208 ns
[2023-01-09T09:48:38.524+0000][7][safepoint   ] Safepoint "ICBufferFull", Time since last: 3339292 ns, Reaching safepoint: 196500 ns, At safepoint: 2208 ns, Total: 198708 ns
[2023-01-09T09:48:38.526+0000][7][safepoint   ] Safepoint "ICBufferFull", Time since last: 1638625 ns, Reaching safepoint: 31875 ns, At safepoint: 1375 ns, Total: 33250 ns
[2023-01-09T09:48:38.530+0000][7][safepoint   ] Safepoint "ICBufferFull", Time since last: 1634000 ns, Reaching safepoint: 2080709 ns, At safepoint: 4416 ns, Total: 2085125 ns
[2023-01-09T09:48:38.534+0000][7][safepoint   ] Safepoint "ICBufferFull", Time since last: 3940167 ns, Reaching safepoint: 45542 ns, At safepoint: 2083 ns, Total: 47625 ns
[2023-01-09T09:48:38.539+0000][7][safepoint   ] Safepoint "ICBufferFull", Time since last: 4423375 ns, Reaching safepoint: 729042 ns, At safepoint: 2083 ns, Total: 731125 ns
[2023-01-09T09:48:38.544+0000][7][safepoint   ] Safepoint "ICBufferFull", Time since last: 2355167 ns, Reaching safepoint: 2689208 ns, At safepoint: 46417 ns, Total: 2735625 ns
[2023-01-09T09:48:38.549+0000][7][safepoint   ] Safepoint "ICBufferFull", Time since last: 2236875 ns, Reaching safepoint: 2329833 ns, At safepoint: 7917 ns, Total: 2337750 ns
[2023-01-09T09:48:38.556+0000][7][safepoint   ] Safepoint "ICBufferFull", Time since last: 6737208 ns, Reaching safepoint: 111208 ns, At safepoint: 1584 ns, Total: 112792 ns
[2023-01-09T09:48:38.562+0000][7][safepoint   ] Safepoint "ICBufferFull", Time since last: 2597916 ns, Reaching safepoint: 4332084 ns, At safepoint: 3333 ns, Total: 4335417 ns
[2023-01-09T09:48:38.577+0000][7][safepoint   ] Safepoint "ICBufferFull", Time since last: 14758250 ns, Reaching safepoint: 119208 ns, At safepoint: 1792 ns, Total: 121000 ns
[2023-01-09T09:48:38.579+0000][7][safepoint   ] Safepoint "ICBufferFull", Time since last: 1750000 ns, Reaching safepoint: 27292 ns, At safepoint: 1333 ns, Total: 28625 ns
[2023-01-09T09:48:38.581+0000][7][safepoint   ] Safepoint "ICBufferFull", Time since last: 1794917 ns, Reaching safepoint: 88416 ns, At safepoint: 2584 ns, Total: 91000 ns
[2023-01-09T09:48:38.582+0000][7][safepoint   ] Safepoint "ICBufferFull", Time since last: 1389083 ns, Reaching safepoint: 37750 ns, At safepoint: 5292 ns, Total: 43042 ns
[2023-01-09T09:48:38.584+0000][7][safepoint   ] Safepoint "ICBufferFull", Time since last: 1815500 ns, Reaching safepoint: 33083 ns, At safepoint: 1625 ns, Total: 34708 ns
[2023-01-09T09:48:38.586+0000][7][safepoint   ] Safepoint "ICBufferFull", Time since last: 1764917 ns, Reaching safepoint: 32416 ns, At safepoint: 6334 ns, Total: 38750 ns
[2023-01-09T09:48:38.593+0000][7][safepoint   ] Safepoint "ICBufferFull", Time since last: 6420416 ns, Reaching safepoint: 164959 ns, At safepoint: 2166 ns, Total: 167125 ns
[2023-01-09T09:48:38.596+0000][7][safepoint   ] Safepoint "ICBufferFull", Time since last: 2838917 ns, Reaching safepoint: 114833 ns, At safepoint: 1875 ns, Total: 116708 ns
[2023-01-09T09:48:38.602+0000][7][safepoint   ] Safepoint "ICBufferFull", Time since last: 6059042 ns, Reaching safepoint: 111417 ns, At safepoint: 1791 ns, Total: 113208 ns
[2023-01-09T09:48:38.604+0000][7][safepoint   ] Safepoint "ICBufferFull", Time since last: 1624084 ns, Reaching safepoint: 99958 ns, At safepoint: 1625 ns, Total: 101583 ns
[2023-01-09T09:48:38.605+0000][7][safepoint   ] Safepoint "ICBufferFull", Time since last: 1742958 ns, Reaching safepoint: 102209 ns, At safepoint: 1500 ns, Total: 103709 ns
[2023-01-09T09:48:38.607+0000][7][safepoint   ] Safepoint "ICBufferFull", Time since last: 1482416 ns, Reaching safepoint: 98542 ns, At safepoint: 1458 ns, Total: 100000 ns
[2023-01-09T09:48:38.609+0000][7][safepoint   ] Safepoint "ICBufferFull", Time since last: 1895792 ns, Reaching safepoint: 102458 ns, At safepoint: 1459 ns, Total: 103917 ns
[2023-01-09T09:48:38.611+0000][7][safepoint   ] Safepoint "ICBufferFull", Time since last: 2000208 ns, Reaching safepoint: 96792 ns, At safepoint: 1416 ns, Total: 98208 ns
[2023-01-09T09:48:38.613+0000][7][safepoint   ] Safepoint "ICBufferFull", Time since last: 1997625 ns, Reaching safepoint: 101459 ns, At safepoint: 1500 ns, Total: 102959 ns
[2023-01-09T09:48:38.615+0000][7][safepoint   ] Safepoint "ICBufferFull", Time since last: 1752500 ns, Reaching safepoint: 101583 ns, At safepoint: 1542 ns, Total: 103125 ns
[2023-01-09T09:48:38.617+0000][7][safepoint   ] Safepoint "ICBufferFull", Time since last: 1530875 ns, Reaching safepoint: 237750 ns, At safepoint: 3041 ns, Total: 240791 ns
[2023-01-09T09:48:38.619+0000][7][safepoint   ] Safepoint "ICBufferFull", Time since last: 1705459 ns, Reaching safepoint: 153083 ns, At safepoint: 1833 ns, Total: 154916 ns
[2023-01-09T09:48:38.620+0000][7][safepoint   ] Safepoint "ICBufferFull", Time since last: 1627667 ns, Reaching safepoint: 95917 ns, At safepoint: 1416 ns, Total: 97333 ns
[2023-01-09T09:48:38.622+0000][7][safepoint   ] Safepoint "ICBufferFull", Time since last: 1426917 ns, Reaching safepoint: 96917 ns, At safepoint: 1458 ns, Total: 98375 ns
[2023-01-09T09:48:38.623+0000][7][safepoint   ] Safepoint "ICBufferFull", Time since last: 1490417 ns, Reaching safepoint: 97500 ns, At safepoint: 1500 ns, Total: 99000 ns
[2023-01-09T09:48:38.625+0000][7][safepoint   ] Safepoint "ICBufferFull", Time since last: 1599083 ns, Reaching safepoint: 101500 ns, At safepoint: 1542 ns, Total: 103042 ns
[2023-01-09T09:48:38.627+0000][7][safepoint   ] Safepoint "ICBufferFull", Time since last: 1889916 ns, Reaching safepoint: 102917 ns, At safepoint: 1500 ns, Total: 104417 ns
[2023-01-09T09:48:38.630+0000][7][safepoint   ] Safepoint "ICBufferFull", Time since last: 2668417 ns, Reaching safepoint: 109583 ns, At safepoint: 1625 ns, Total: 111208 ns
[2023-01-09T09:48:38.638+0000][7][safepoint   ] Safepoint "ICBufferFull", Time since last: 8202500 ns, Reaching safepoint: 119167 ns, At safepoint: 2875 ns, Total: 122042 ns
[2023-01-09T09:48:38.643+0000][7][safepoint   ] Safepoint "ICBufferFull", Time since last: 4086333 ns, Reaching safepoint: 116792 ns, At safepoint: 1916 ns, Total: 118708 ns
[2023-01-09T09:48:38.644+0000][7][safepoint   ] Safepoint "ICBufferFull", Time since last: 1218834 ns, Reaching safepoint: 96583 ns, At safepoint: 1250 ns, Total: 97833 ns
[2023-01-09T09:48:38.645+0000][7][safepoint   ] Safepoint "ICBufferFull", Time since last: 1042083 ns, Reaching safepoint: 132500 ns, At safepoint: 1750 ns, Total: 134250 ns
[2023-01-09T09:48:38.649+0000][7][safepoint   ] Safepoint "ICBufferFull", Time since last: 3827709 ns, Reaching safepoint: 99833 ns, At safepoint: 1542 ns, Total: 101375 ns
[2023-01-09T09:48:38.650+0000][7][safepoint   ] Safepoint "ICBufferFull", Time since last: 1082250 ns, Reaching safepoint: 105416 ns, At safepoint: 1459 ns, Total: 106875 ns
[2023-01-09T09:48:38.651+0000][7][safepoint   ] Safepoint "ICBufferFull", Time since last: 998666 ns, Reaching safepoint: 103959 ns, At safepoint: 1375 ns, Total: 105334 ns
[2023-01-09T09:48:38.652+0000][7][safepoint   ] Safepoint "ICBufferFull", Time since last: 989250 ns, Reaching safepoint: 231541 ns, At safepoint: 1834 ns, Total: 233375 ns
[2023-01-09T09:48:38.655+0000][7][safepoint   ] Safepoint "ICBufferFull", Time since last: 2383583 ns, Reaching safepoint: 35917 ns, At safepoint: 1583 ns, Total: 37500 ns
[2023-01-09T09:48:38.656+0000][7][safepoint   ] Safepoint "ICBufferFull", Time since last: 892708 ns, Reaching safepoint: 20750 ns, At safepoint: 1292 ns, Total: 22042 ns
[2023-01-09T09:48:38.657+0000][7][safepoint   ] Safepoint "ICBufferFull", Time since last: 1123583 ns, Reaching safepoint: 22042 ns, At safepoint: 1250 ns, Total: 23292 ns
[2023-01-09T09:48:38.658+0000][7][safepoint   ] Safepoint "ICBufferFull", Time since last: 1415458 ns, Reaching safepoint: 23042 ns, At safepoint: 1292 ns, Total: 24334 ns
[2023-01-09T09:48:38.660+0000][7][safepoint   ] Safepoint "ICBufferFull", Time since last: 1376000 ns, Reaching safepoint: 23125 ns, At safepoint: 1333 ns, Total: 24458 ns
[2023-01-09T09:48:38.662+0000][7][safepoint   ] Safepoint "ICBufferFull", Time since last: 1717208 ns, Reaching safepoint: 24042 ns, At safepoint: 1333 ns, Total: 25375 ns
[2023-01-09T09:48:38.662+0000][7][safepoint   ] Safepoint "ICBufferFull", Time since last: 907042 ns, Reaching safepoint: 20917 ns, At safepoint: 875 ns, Total: 21792 ns
[2023-01-09T09:48:38.673+0000][7][safepoint   ] Safepoint "ICBufferFull", Time since last: 10742125 ns, Reaching safepoint: 123541 ns, At safepoint: 1667 ns, Total: 125208 ns
[2023-01-09T09:48:39.027+0000][7][safepoint   ] Safepoint "ICBufferFull", Time since last: 353615917 ns, Reaching safepoint: 197125 ns, At safepoint: 1791 ns, Total: 198916 ns
[2023-01-09T09:48:39.431+0000][7][gc,start    ] GC(4) Pause Young (Normal) (G1 Evacuation Pause)
[2023-01-09T09:48:39.432+0000][7][gc,task     ] GC(4) Using 4 workers of 4 for evacuation
[2023-01-09T09:48:39.433+0000][7][gc,age      ] GC(4) Desired survivor size 13107200 bytes, new threshold 15 (max threshold 15)
[2023-01-09T09:48:39.447+0000][7][gc,age      ] GC(4) Age table with threshold 15 (max threshold 15)
[2023-01-09T09:48:39.448+0000][7][gc,age      ] GC(4) - age   1:    6107184 bytes,    6107184 total
[2023-01-09T09:48:39.449+0000][7][gc,age      ] GC(4) - age   2:    1080248 bytes,    7187432 total
[2023-01-09T09:48:39.450+0000][7][gc,age      ] GC(4) - age   3:    2103704 bytes,    9291136 total
[2023-01-09T09:48:39.451+0000][7][gc,phases   ] GC(4)   Pre Evacuate Collection Set: 0.1ms
[2023-01-09T09:48:39.452+0000][7][gc,phases   ] GC(4)   Merge Heap Roots: 0.0ms
[2023-01-09T09:48:39.454+0000][7][gc,phases   ] GC(4)   Evacuate Collection Set: 12.0ms
[2023-01-09T09:48:39.455+0000][7][gc,phases   ] GC(4)   Post Evacuate Collection Set: 0.7ms
[2023-01-09T09:48:39.456+0000][7][gc,phases   ] GC(4)   Other: 7.3ms
[2023-01-09T09:48:39.457+0000][7][gc,heap     ] GC(4) Eden regions: 190->0(297)
[2023-01-09T09:48:39.458+0000][7][gc,heap     ] GC(4) Survivor regions: 5->10(25)
[2023-01-09T09:48:39.458+0000][7][gc,heap     ] GC(4) Old regions: 4->4
[2023-01-09T09:48:39.459+0000][7][gc,heap     ] GC(4) Archive regions: 0->0
[2023-01-09T09:48:39.460+0000][7][gc,heap     ] GC(4) Humongous regions: 2->1
[2023-01-09T09:48:39.460+0000][7][gc,metaspace] GC(4) Metaspace: 25942K(26624K)->25942K(26624K) NonClass: 23057K(23552K)->23057K(23552K) Class: 2884K(3072K)->2884K(3072K)
[2023-01-09T09:48:39.462+0000][7][gc          ] GC(4) Pause Young (Normal) (G1 Evacuation Pause) 200M->14M(512M) 31.250ms
[2023-01-09T09:48:39.463+0000][7][gc,cpu      ] GC(4) User=0.02s Sys=0.00s Real=0.03s
[2023-01-09T09:48:39.464+0000][7][safepoint   ] Safepoint "G1CollectForAllocation", Time since last: 403605959 ns, Reaching safepoint: 259583 ns, At safepoint: 33411375 ns, Total: 33670958 ns
[2023-01-09T09:48:40.446+0000][7][gc,start    ] GC(5) Pause Young (Normal) (G1 Evacuation Pause)
[2023-01-09T09:48:40.447+0000][7][gc,task     ] GC(5) Using 4 workers of 4 for evacuation
[2023-01-09T09:48:40.448+0000][7][gc,age      ] GC(5) Desired survivor size 20447232 bytes, new threshold 15 (max threshold 15)
[2023-01-09T09:48:40.481+0000][7][gc,age      ] GC(5) Age table with threshold 15 (max threshold 15)
[2023-01-09T09:48:40.483+0000][7][gc,age      ] GC(5) - age   1:    5298216 bytes,    5298216 total
[2023-01-09T09:48:40.483+0000][7][gc,age      ] GC(5) - age   2:    4325128 bytes,    9623344 total
[2023-01-09T09:48:40.484+0000][7][gc,age      ] GC(5) - age   3:    1080072 bytes,   10703416 total
[2023-01-09T09:48:40.485+0000][7][gc,age      ] GC(5) - age   4:    2103704 bytes,   12807120 total
[2023-01-09T09:48:40.486+0000][7][gc,phases   ] GC(5)   Pre Evacuate Collection Set: 0.2ms
[2023-01-09T09:48:40.487+0000][7][gc,phases   ] GC(5)   Merge Heap Roots: 0.0ms
[2023-01-09T09:48:40.488+0000][7][gc,phases   ] GC(5)   Evacuate Collection Set: 21.3ms
[2023-01-09T09:48:40.488+0000][7][gc,phases   ] GC(5)   Post Evacuate Collection Set: 11.0ms
[2023-01-09T09:48:40.489+0000][7][gc,phases   ] GC(5)   Other: 7.9ms
[2023-01-09T09:48:40.490+0000][7][gc,heap     ] GC(5) Eden regions: 297->0(293)
[2023-01-09T09:48:40.491+0000][7][gc,heap     ] GC(5) Survivor regions: 10->14(39)
[2023-01-09T09:48:40.492+0000][7][gc,heap     ] GC(5) Old regions: 4->4
[2023-01-09T09:48:40.492+0000][7][gc,heap     ] GC(5) Archive regions: 0->0
[2023-01-09T09:48:40.493+0000][7][gc,heap     ] GC(5) Humongous regions: 1->1
[2023-01-09T09:48:40.493+0000][7][gc,metaspace] GC(5) Metaspace: 27643K(28672K)->27643K(28672K) NonClass: 24567K(25344K)->24567K(25344K) Class: 3076K(3328K)->3076K(3328K)
[2023-01-09T09:48:40.494+0000][7][gc          ] GC(5) Pause Young (Normal) (G1 Evacuation Pause) 311M->18M(512M) 48.391ms
[2023-01-09T09:48:40.495+0000][7][gc,cpu      ] GC(5) User=0.02s Sys=0.00s Real=0.05s
[2023-01-09T09:48:40.496+0000][7][safepoint   ] Safepoint "G1CollectForAllocation", Time since last: 977796376 ns, Reaching safepoint: 3401541 ns, At safepoint: 50357875 ns, Total: 53759416 ns
[2023-01-09T09:48:41.214+0000][7][gc,start    ] GC(6) Pause Young (Normal) (G1 Evacuation Pause)
[2023-01-09T09:48:41.215+0000][7][gc,task     ] GC(6) Using 4 workers of 4 for evacuation
[2023-01-09T09:48:41.216+0000][7][gc,age      ] GC(6) Desired survivor size 20447232 bytes, new threshold 15 (max threshold 15)
[2023-01-09T09:48:41.242+0000][7][gc,age      ] GC(6) Age table with threshold 15 (max threshold 15)
[2023-01-09T09:48:41.243+0000][7][gc,age      ] GC(6) - age   1:     954360 bytes,     954360 total
[2023-01-09T09:48:41.243+0000][7][gc,age      ] GC(6) - age   2:    3281792 bytes,    4236152 total
[2023-01-09T09:48:41.244+0000][7][gc,age      ] GC(6) - age   3:    4320824 bytes,    8556976 total
[2023-01-09T09:48:41.245+0000][7][gc,age      ] GC(6) - age   4:    1079928 bytes,    9636904 total
[2023-01-09T09:48:41.246+0000][7][gc,age      ] GC(6) - age   5:    2103704 bytes,   11740608 total
[2023-01-09T09:48:41.247+0000][7][gc,phases   ] GC(6)   Pre Evacuate Collection Set: 0.4ms
[2023-01-09T09:48:41.248+0000][7][gc,phases   ] GC(6)   Merge Heap Roots: 0.1ms
[2023-01-09T09:48:41.249+0000][7][gc,phases   ] GC(6)   Evacuate Collection Set: 21.2ms
[2023-01-09T09:48:41.250+0000][7][gc,phases   ] GC(6)   Post Evacuate Collection Set: 3.2ms
[2023-01-09T09:48:41.250+0000][7][gc,phases   ] GC(6)   Other: 8.0ms
[2023-01-09T09:48:41.252+0000][7][gc,heap     ] GC(6) Eden regions: 293->0(294)
[2023-01-09T09:48:41.252+0000][7][gc,heap     ] GC(6) Survivor regions: 14->13(39)
[2023-01-09T09:48:41.254+0000][7][gc,heap     ] GC(6) Old regions: 4->4
[2023-01-09T09:48:41.255+0000][7][gc,heap     ] GC(6) Archive regions: 0->0
[2023-01-09T09:48:41.256+0000][7][gc,heap     ] GC(6) Humongous regions: 1->1
[2023-01-09T09:48:41.256+0000][7][gc,metaspace] GC(6) Metaspace: 28017K(29312K)->28017K(29312K) NonClass: 24871K(25856K)->24871K(25856K) Class: 3145K(3456K)->3145K(3456K)
[2023-01-09T09:48:41.257+0000][7][gc          ] GC(6) Pause Young (Normal) (G1 Evacuation Pause) 311M->17M(512M) 43.008ms
[2023-01-09T09:48:41.258+0000][7][gc,cpu      ] GC(6) User=0.02s Sys=0.00s Real=0.05s
[2023-01-09T09:48:41.259+0000][7][safepoint   ] Safepoint "G1CollectForAllocation", Time since last: 718134584 ns, Reaching safepoint: 99250 ns, At safepoint: 45200084 ns, Total: 45299334 ns
[2023-01-09T09:48:41.661+0000][7][gc,start    ] GC(7) Pause Young (Normal) (G1 Evacuation Pause)
[2023-01-09T09:48:41.662+0000][7][gc,task     ] GC(7) Using 4 workers of 4 for evacuation
[2023-01-09T09:48:41.663+0000][7][gc,age      ] GC(7) Desired survivor size 20447232 bytes, new threshold 15 (max threshold 15)
[2023-01-09T09:48:41.689+0000][7][gc,age      ] GC(7) Age table with threshold 15 (max threshold 15)
[2023-01-09T09:48:41.690+0000][7][gc,age      ] GC(7) - age   1:    2737656 bytes,    2737656 total
[2023-01-09T09:48:41.691+0000][7][gc,age      ] GC(7) - age   2:     646536 bytes,    3384192 total
[2023-01-09T09:48:41.691+0000][7][gc,age      ] GC(7) - age   3:    3280016 bytes,    6664208 total
[2023-01-09T09:48:41.693+0000][7][gc,age      ] GC(7) - age   4:    4320384 bytes,   10984592 total
[2023-01-09T09:48:41.694+0000][7][gc,age      ] GC(7) - age   5:    1079928 bytes,   12064520 total
[2023-01-09T09:48:41.695+0000][7][gc,age      ] GC(7) - age   6:    2103704 bytes,   14168224 total
[2023-01-09T09:48:41.696+0000][7][gc,phases   ] GC(7)   Pre Evacuate Collection Set: 0.4ms
[2023-01-09T09:48:41.696+0000][7][gc,phases   ] GC(7)   Merge Heap Roots: 0.1ms
[2023-01-09T09:48:41.697+0000][7][gc,phases   ] GC(7)   Evacuate Collection Set: 22.7ms
[2023-01-09T09:48:41.698+0000][7][gc,phases   ] GC(7)   Post Evacuate Collection Set: 1.7ms
[2023-01-09T09:48:41.699+0000][7][gc,phases   ] GC(7)   Other: 10.1ms
[2023-01-09T09:48:41.700+0000][7][gc,heap     ] GC(7) Eden regions: 294->0(292)
[2023-01-09T09:48:41.700+0000][7][gc,heap     ] GC(7) Survivor regions: 13->15(39)
[2023-01-09T09:48:41.701+0000][7][gc,heap     ] GC(7) Old regions: 4->4
[2023-01-09T09:48:41.702+0000][7][gc,heap     ] GC(7) Archive regions: 0->0
[2023-01-09T09:48:41.702+0000][7][gc,heap     ] GC(7) Humongous regions: 1->1
[2023-01-09T09:48:41.703+0000][7][gc,metaspace] GC(7) Metaspace: 28537K(29952K)->28537K(29952K) NonClass: 25312K(26368K)->25312K(26368K) Class: 3224K(3584K)->3224K(3584K)
[2023-01-09T09:48:41.704+0000][7][gc          ] GC(7) Pause Young (Normal) (G1 Evacuation Pause) 311M->19M(512M) 43.622ms
[2023-01-09T09:48:41.705+0000][7][gc,cpu      ] GC(7) User=0.02s Sys=0.00s Real=0.04s
[2023-01-09T09:48:41.706+0000][7][safepoint   ] Safepoint "G1CollectForAllocation", Time since last: 400670208 ns, Reaching safepoint: 655583 ns, At safepoint: 45143709 ns, Total: 45799292 ns
[2023-01-09T09:48:42.164+0000][7][safepoint   ] Safepoint "ICBufferFull", Time since last: 457673583 ns, Reaching safepoint: 136542 ns, At safepoint: 7583 ns, Total: 144125 ns
[2023-01-09T09:48:42.519+0000][7][gc,start    ] GC(8) Pause Young (Concurrent Start) (Metadata GC Threshold)
[2023-01-09T09:48:42.520+0000][7][gc,task     ] GC(8) Using 4 workers of 4 for evacuation
[2023-01-09T09:48:42.521+0000][7][gc,age      ] GC(8) Desired survivor size 20447232 bytes, new threshold 15 (max threshold 15)
[2023-01-09T09:48:42.535+0000][7][gc,age      ] GC(8) Age table with threshold 15 (max threshold 15)
[2023-01-09T09:48:42.537+0000][7][gc,age      ] GC(8) - age   1:    2108936 bytes,    2108936 total
[2023-01-09T09:48:42.538+0000][7][gc,age      ] GC(8) - age   2:    2261664 bytes,    4370600 total
[2023-01-09T09:48:42.539+0000][7][gc,age      ] GC(8) - age   3:     635248 bytes,    5005848 total
[2023-01-09T09:48:42.540+0000][7][gc,age      ] GC(8) - age   4:    3265240 bytes,    8271088 total
[2023-01-09T09:48:42.541+0000][7][gc,age      ] GC(8) - age   5:    4309168 bytes,   12580256 total
[2023-01-09T09:48:42.541+0000][7][gc,age      ] GC(8) - age   6:    1068944 bytes,   13649200 total
[2023-01-09T09:48:42.542+0000][7][gc,age      ] GC(8) - age   7:    2100712 bytes,   15749912 total
[2023-01-09T09:48:42.544+0000][7][gc,phases   ] GC(8)   Pre Evacuate Collection Set: 0.2ms
[2023-01-09T09:48:42.544+0000][7][gc,phases   ] GC(8)   Merge Heap Roots: 0.0ms
[2023-01-09T09:48:42.545+0000][7][gc,phases   ] GC(8)   Evacuate Collection Set: 10.9ms
[2023-01-09T09:48:42.546+0000][7][gc,phases   ] GC(8)   Post Evacuate Collection Set: 2.0ms
[2023-01-09T09:48:42.547+0000][7][gc,phases   ] GC(8)   Other: 11.7ms
[2023-01-09T09:48:42.548+0000][7][gc,heap     ] GC(8) Eden regions: 119->0(291)
[2023-01-09T09:48:42.549+0000][7][gc,heap     ] GC(8) Survivor regions: 15->16(39)
[2023-01-09T09:48:42.549+0000][7][gc,heap     ] GC(8) Old regions: 4->4
[2023-01-09T09:48:42.550+0000][7][gc,heap     ] GC(8) Archive regions: 0->0
[2023-01-09T09:48:42.551+0000][7][gc,heap     ] GC(8) Humongous regions: 1->1
[2023-01-09T09:48:42.552+0000][7][gc,metaspace] GC(8) Metaspace: 33977K(35584K)->33977K(35584K) NonClass: 30046K(31232K)->30046K(31232K) Class: 3931K(4352K)->3931K(4352K)
[2023-01-09T09:48:42.553+0000][7][gc          ] GC(8) Pause Young (Concurrent Start) (Metadata GC Threshold) 137M->20M(512M) 33.724ms
[2023-01-09T09:48:42.554+0000][7][gc,cpu      ] GC(8) User=0.01s Sys=0.00s Real=0.03s
[2023-01-09T09:48:42.555+0000][7][gc          ] GC(9) Concurrent Cycle
[2023-01-09T09:48:42.555+0000][7][gc,marking  ] GC(9) Concurrent Clear Claimed Marks
[2023-01-09T09:48:42.555+0000][7][safepoint   ] Safepoint "CollectForMetadataAllocation", Time since last: 353355084 ns, Reaching safepoint: 1744166 ns, At safepoint: 36329209 ns, Total: 38073375 ns
[2023-01-09T09:48:42.557+0000][7][gc,marking  ] GC(9) Concurrent Clear Claimed Marks 1.056ms
[2023-01-09T09:48:42.558+0000][7][gc,marking  ] GC(9) Concurrent Scan Root Regions
[2023-01-09T09:48:42.563+0000][7][gc,marking  ] GC(9) Concurrent Scan Root Regions 4.492ms
[2023-01-09T09:48:42.564+0000][7][gc,marking  ] GC(9) Concurrent Mark (7.300s)
[2023-01-09T09:48:42.565+0000][7][gc,marking  ] GC(9) Concurrent Mark From Roots
[2023-01-09T09:48:42.565+0000][7][gc,task     ] GC(9) Using 1 workers of 1 for marking
[2023-01-09T09:48:42.570+0000][7][gc,marking  ] GC(9) Concurrent Mark From Roots 5.737ms
[2023-01-09T09:48:42.572+0000][7][gc,marking  ] GC(9) Concurrent Preclean
[2023-01-09T09:48:42.572+0000][7][gc,marking  ] GC(9) Concurrent Preclean 0.691ms
[2023-01-09T09:48:42.573+0000][7][gc,marking  ] GC(9) Concurrent Mark (7.300s, 7.309s) 9.694ms
[2023-01-09T09:48:42.576+0000][7][gc,start    ] GC(9) Pause Remark
[2023-01-09T09:48:42.582+0000][7][gc          ] GC(9) Pause Remark 21M->21M(512M) 5.611ms
[2023-01-09T09:48:42.583+0000][7][gc,cpu      ] GC(9) User=0.01s Sys=0.00s Real=0.00s
[2023-01-09T09:48:42.583+0000][7][safepoint   ] Safepoint "G1Concurrent", Time since last: 19162166 ns, Reaching safepoint: 1792125 ns, At safepoint: 7243584 ns, Total: 9035709 ns
[2023-01-09T09:48:42.584+0000][7][gc,marking  ] GC(9) Concurrent Rebuild Remembered Sets
[2023-01-09T09:48:42.588+0000][7][gc,marking  ] GC(9) Concurrent Rebuild Remembered Sets 3.698ms
[2023-01-09T09:48:42.589+0000][7][gc,start    ] GC(9) Pause Cleanup
[2023-01-09T09:48:42.590+0000][7][gc          ] GC(9) Pause Cleanup 21M->21M(512M) 0.977ms
[2023-01-09T09:48:42.591+0000][7][gc,cpu      ] GC(9) User=0.00s Sys=0.00s Real=0.00s
[2023-01-09T09:48:42.592+0000][7][safepoint   ] Safepoint "G1Concurrent", Time since last: 5358708 ns, Reaching safepoint: 688417 ns, At safepoint: 2632000 ns, Total: 3320417 ns
[2023-01-09T09:48:42.593+0000][7][gc,marking  ] GC(9) Concurrent Cleanup for Next Mark
[2023-01-09T09:48:42.594+0000][7][gc,marking  ] GC(9) Concurrent Cleanup for Next Mark 0.917ms
[2023-01-09T09:48:42.594+0000][7][gc          ] GC(9) Concurrent Cycle 39.616ms
[2023-01-09T09:48:43.273+0000][7][safepoint   ] Safepoint "ICBufferFull", Time since last: 680685708 ns, Reaching safepoint: 195334 ns, At safepoint: 2083 ns, Total: 197417 ns
[2023-01-09T09:48:43.837+0000][7][safepoint   ] Safepoint "ICBufferFull", Time since last: 561571750 ns, Reaching safepoint: 2873959 ns, At safepoint: 8291 ns, Total: 2882250 ns
[2023-01-09T09:48:44.844+0000][7][safepoint   ] Safepoint "Cleanup", Time since last: 1004298459 ns, Reaching safepoint: 2495792 ns, At safepoint: 3708 ns, Total: 2499500 ns
[2023-01-09T09:48:45.375+0000][7][safepoint   ] Safepoint "ICBufferFull", Time since last: 530521834 ns, Reaching safepoint: 112833 ns, At safepoint: 6917 ns, Total: 119750 ns
[2023-01-09T09:48:45.688+0000][7][gc,start    ] GC(10) Pause Young (Normal) (G1 Evacuation Pause)
[2023-01-09T09:48:45.689+0000][7][gc,task     ] GC(10) Using 4 workers of 4 for evacuation
[2023-01-09T09:48:45.690+0000][7][gc,age      ] GC(10) Desired survivor size 20447232 bytes, new threshold 15 (max threshold 15)
[2023-01-09T09:48:45.800+0000][7][gc,age      ] GC(10) Age table with threshold 15 (max threshold 15)
[2023-01-09T09:48:45.802+0000][7][gc,age      ] GC(10) - age   1:   25108720 bytes,   25108720 total
[2023-01-09T09:48:45.803+0000][7][gc,age      ] GC(10) - age   2:    1989568 bytes,   27098288 total
[2023-01-09T09:48:45.804+0000][7][gc,age      ] GC(10) - age   3:    2258120 bytes,   29356408 total
[2023-01-09T09:48:45.805+0000][7][gc,age      ] GC(10) - age   4:     629872 bytes,   29986280 total
[2023-01-09T09:48:45.805+0000][7][gc,age      ] GC(10) - age   5:    3253256 bytes,   33239536 total
[2023-01-09T09:48:45.806+0000][7][gc,age      ] GC(10) - age   6:    4278192 bytes,   37517728 total
[2023-01-09T09:48:45.807+0000][7][gc,age      ] GC(10) - age   7:    1042808 bytes,   38560536 total
[2023-01-09T09:48:45.808+0000][7][gc,age      ] GC(10) - age   8:    2092632 bytes,   40653168 total
[2023-01-09T09:48:45.808+0000][7][gc,phases   ] GC(10)   Pre Evacuate Collection Set: 0.2ms
[2023-01-09T09:48:45.809+0000][7][gc,phases   ] GC(10)   Merge Heap Roots: 0.3ms
[2023-01-09T09:48:45.810+0000][7][gc,phases   ] GC(10)   Evacuate Collection Set: 98.7ms
[2023-01-09T09:48:45.811+0000][7][gc,phases   ] GC(10)   Post Evacuate Collection Set: 10.7ms
[2023-01-09T09:48:45.811+0000][7][gc,phases   ] GC(10)   Other: 10.8ms
[2023-01-09T09:48:45.812+0000][7][gc,heap     ] GC(10) Eden regions: 291->0(268)
[2023-01-09T09:48:45.813+0000][7][gc,heap     ] GC(10) Survivor regions: 16->39(39)
[2023-01-09T09:48:45.813+0000][7][gc,heap     ] GC(10) Old regions: 4->9
[2023-01-09T09:48:45.814+0000][7][gc,heap     ] GC(10) Archive regions: 0->0
[2023-01-09T09:48:45.815+0000][7][gc,heap     ] GC(10) Humongous regions: 1->1
[2023-01-09T09:48:45.816+0000][7][gc,metaspace] GC(10) Metaspace: 43184K(45824K)->43184K(45824K) NonClass: 37956K(39936K)->37956K(39936K) Class: 5227K(5888K)->5227K(5888K)
[2023-01-09T09:48:45.816+0000][7][gc          ] GC(10) Pause Young (Normal) (G1 Evacuation Pause) 311M->48M(512M) 128.652ms
[2023-01-09T09:48:45.817+0000][7][gc,cpu      ] GC(10) User=0.12s Sys=0.00s Real=0.13s
[2023-01-09T09:48:45.818+0000][7][safepoint   ] Safepoint "G1CollectForAllocation", Time since last: 312857125 ns, Reaching safepoint: 88250 ns, At safepoint: 130153167 ns, Total: 130241417 ns
[2023-01-09T09:48:46.265+0000][7][safepoint   ] Safepoint "ICBufferFull", Time since last: 444571583 ns, Reaching safepoint: 2631792 ns, At safepoint: 13583 ns, Total: 2645375 ns
[2023-01-09T09:48:47.346+0000][7][safepoint   ] Safepoint "ICBufferFull", Time since last: 1078296001 ns, Reaching safepoint: 2451750 ns, At safepoint: 3708 ns, Total: 2455458 ns
[2023-01-09T09:48:47.658+0000][7][gc,start    ] GC(11) Pause Young (Concurrent Start) (Metadata GC Threshold)
[2023-01-09T09:48:47.659+0000][7][gc,task     ] GC(11) Using 4 workers of 4 for evacuation
[2023-01-09T09:48:47.660+0000][7][gc,age      ] GC(11) Desired survivor size 20447232 bytes, new threshold 1 (max threshold 15)
[2023-01-09T09:48:47.723+0000][7][gc,age      ] GC(11) Age table with threshold 1 (max threshold 15)
[2023-01-09T09:48:47.724+0000][7][gc,age      ] GC(11) - age   1:    5220608 bytes,    5220608 total
[2023-01-09T09:48:47.725+0000][7][gc,phases   ] GC(11)   Pre Evacuate Collection Set: 0.4ms
[2023-01-09T09:48:47.725+0000][7][gc,phases   ] GC(11)   Merge Heap Roots: 0.3ms
[2023-01-09T09:48:47.726+0000][7][gc,phases   ] GC(11)   Evacuate Collection Set: 59.9ms
[2023-01-09T09:48:47.727+0000][7][gc,phases   ] GC(11)   Post Evacuate Collection Set: 1.5ms
[2023-01-09T09:48:47.727+0000][7][gc,phases   ] GC(11)   Other: 4.9ms
[2023-01-09T09:48:47.728+0000][7][gc,heap     ] GC(11) Eden regions: 106->0(291)
[2023-01-09T09:48:47.729+0000][7][gc,heap     ] GC(11) Survivor regions: 39->7(39)
[2023-01-09T09:48:47.729+0000][7][gc,heap     ] GC(11) Old regions: 9->48
[2023-01-09T09:48:47.730+0000][7][gc,heap     ] GC(11) Archive regions: 0->0
[2023-01-09T09:48:47.730+0000][7][gc,heap     ] GC(11) Humongous regions: 1->1
[2023-01-09T09:48:47.731+0000][7][gc,metaspace] GC(11) Metaspace: 56636K(59648K)->56636K(59648K) NonClass: 49335K(51456K)->49335K(51456K) Class: 7301K(8192K)->7301K(8192K)
[2023-01-09T09:48:47.732+0000][7][gc          ] GC(11) Pause Young (Concurrent Start) (Metadata GC Threshold) 154M->55M(512M) 73.774ms
[2023-01-09T09:48:47.732+0000][7][gc,cpu      ] GC(11) User=0.07s Sys=0.00s Real=0.07s
[2023-01-09T09:48:47.733+0000][7][safepoint   ] Safepoint "CollectForMetadataAllocation", Time since last: 309460042 ns, Reaching safepoint: 2446292 ns, At safepoint: 75250125 ns, Total: 77696417 ns
[2023-01-09T09:48:47.733+0000][7][gc          ] GC(12) Concurrent Cycle
[2023-01-09T09:48:47.735+0000][7][gc,marking  ] GC(12) Concurrent Clear Claimed Marks
[2023-01-09T09:48:47.736+0000][7][gc,marking  ] GC(12) Concurrent Clear Claimed Marks 0.978ms
[2023-01-09T09:48:47.737+0000][7][gc,marking  ] GC(12) Concurrent Scan Root Regions
[2023-01-09T09:48:47.814+0000][7][gc,marking  ] GC(12) Concurrent Scan Root Regions 77.291ms
[2023-01-09T09:48:47.817+0000][7][gc,marking  ] GC(12) Concurrent Mark (12.553s)
[2023-01-09T09:48:47.819+0000][7][gc,marking  ] GC(12) Concurrent Mark From Roots
[2023-01-09T09:48:47.819+0000][7][gc,task     ] GC(12) Using 1 workers of 1 for marking
[2023-01-09T09:48:47.827+0000][7][safepoint   ] Safepoint "CollectForMetadataAllocation", Time since last: 94091458 ns, Reaching safepoint: 74333 ns, At safepoint: 65334 ns, Total: 139667 ns
[2023-01-09T09:48:47.841+0000][7][gc,marking  ] GC(12) Concurrent Mark From Roots 22.150ms
[2023-01-09T09:48:47.845+0000][7][gc,marking  ] GC(12) Concurrent Preclean
[2023-01-09T09:48:47.846+0000][7][gc,marking  ] GC(12) Concurrent Preclean 1.207ms
[2023-01-09T09:48:47.847+0000][7][gc,marking  ] GC(12) Concurrent Mark (12.553s, 12.583s) 29.727ms
[2023-01-09T09:48:47.856+0000][7][gc,start    ] GC(12) Pause Remark
[2023-01-09T09:48:47.859+0000][7][gc          ] GC(12) Pause Remark 62M->62M(512M) 3.604ms
[2023-01-09T09:48:47.860+0000][7][gc,cpu      ] GC(12) User=0.01s Sys=0.00s Real=0.00s
[2023-01-09T09:48:47.861+0000][7][safepoint   ] Safepoint "G1Concurrent", Time since last: 20453625 ns, Reaching safepoint: 8019375 ns, At safepoint: 5484416 ns, Total: 13503791 ns
[2023-01-09T09:48:47.862+0000][7][gc,marking  ] GC(12) Concurrent Rebuild Remembered Sets
[2023-01-09T09:48:47.948+0000][7][gc,marking  ] GC(12) Concurrent Rebuild Remembered Sets 86.442ms
[2023-01-09T09:48:47.951+0000][7][gc,start    ] GC(12) Pause Cleanup
[2023-01-09T09:48:47.952+0000][7][gc          ] GC(12) Pause Cleanup 66M->66M(512M) 1.006ms
[2023-01-09T09:48:47.953+0000][7][gc,cpu      ] GC(12) User=0.00s Sys=0.00s Real=0.00s
[2023-01-09T09:48:47.954+0000][7][safepoint   ] Safepoint "G1Concurrent", Time since last: 89073084 ns, Reaching safepoint: 882041 ns, At safepoint: 2980542 ns, Total: 3862583 ns
[2023-01-09T09:48:47.955+0000][7][gc,marking  ] GC(12) Concurrent Cleanup for Next Mark
[2023-01-09T09:48:47.957+0000][7][gc,marking  ] GC(12) Concurrent Cleanup for Next Mark 1.184ms
[2023-01-09T09:48:47.957+0000][7][gc          ] GC(12) Concurrent Cycle 224.298ms
[2023-01-09T09:48:48.772+0000][7][safepoint   ] Safepoint "ICBufferFull", Time since last: 817927334 ns, Reaching safepoint: 252708 ns, At safepoint: 2125 ns, Total: 254833 ns
[2023-01-09T09:48:49.332+0000][7][safepoint   ] Safepoint "ICBufferFull", Time since last: 559442167 ns, Reaching safepoint: 185625 ns, At safepoint: 2583 ns, Total: 188208 ns
[2023-01-09T09:48:49.334+0000][7][safepoint   ] Safepoint "ICBufferFull", Time since last: 2144750 ns, Reaching safepoint: 187667 ns, At safepoint: 1708 ns, Total: 189375 ns
[2023-01-09T09:48:49.960+0000][7][safepoint   ] Safepoint "ICBufferFull", Time since last: 625103042 ns, Reaching safepoint: 501167 ns, At safepoint: 2583 ns, Total: 503750 ns
[2023-01-09T09:48:50.827+0000][7][safepoint   ] Safepoint "ICBufferFull", Time since last: 866475376 ns, Reaching safepoint: 559125 ns, At safepoint: 3750 ns, Total: 562875 ns
[2023-01-09T09:48:51.131+0000][7][safepoint   ] Safepoint "ICBufferFull", Time since last: 304187500 ns, Reaching safepoint: 98333 ns, At safepoint: 1542 ns, Total: 99875 ns
[2023-01-09T09:48:51.277+0000][7][safepoint   ] Safepoint "ICBufferFull", Time since last: 146114500 ns, Reaching safepoint: 105083 ns, At safepoint: 6000 ns, Total: 111083 ns
[2023-01-09T09:48:51.752+0000][7][safepoint   ] Safepoint "ICBufferFull", Time since last: 474248667 ns, Reaching safepoint: 106459 ns, At safepoint: 5125 ns, Total: 111584 ns
[2023-01-09T09:48:52.113+0000][7][safepoint   ] Safepoint "ICBufferFull", Time since last: 361418250 ns, Reaching safepoint: 206208 ns, At safepoint: 2250 ns, Total: 208458 ns
[2023-01-09T09:48:52.207+0000][7][gc,heap,exit] Heap
[2023-01-09T09:48:52.208+0000][7][gc,heap,exit]  garbage-first heap   total 524288K, used 264704K [0x00000000e0000000, 0x0000000100000000)
[2023-01-09T09:48:52.209+0000][7][gc,heap,exit]   region size 1024K, 211 young (216064K), 7 survivors (7168K)
[2023-01-09T09:48:52.210+0000][7][gc,heap,exit]  Metaspace       used 86254K, capacity 89298K, committed 89636K, reserved 1126400K
[2023-01-09T09:48:52.211+0000][7][gc,heap,exit]   class space    used 11404K, capacity 12371K, committed 12416K, reserved 1048576K
