[2023-02-24T08:24:04.852+0000][167][gc] Using G1
[2023-02-24T08:24:04.863+0000][167][gc,init] Version: 15+36-1562 (release)
[2023-02-24T08:24:04.864+0000][167][gc,init] CPUs: 4 total, 4 available
[2023-02-24T08:24:04.865+0000][167][gc,init] Memory: 7951M
[2023-02-24T08:24:04.866+0000][167][gc,init] Large Page Support: Disabled
[2023-02-24T08:24:04.866+0000][167][gc,init] NUMA Support: Disabled
[2023-02-24T08:24:04.867+0000][167][gc,init] Compressed Oops: Enabled (32-bit)
[2023-02-24T08:24:04.870+0000][167][gc,init] Heap Region Size: 1M
[2023-02-24T08:24:04.871+0000][167][gc,init] Heap Min Capacity: 512M
[2023-02-24T08:24:04.871+0000][167][gc,init] Heap Initial Capacity: 512M
[2023-02-24T08:24:04.872+0000][167][gc,init] Heap Max Capacity: 512M
[2023-02-24T08:24:04.872+0000][167][gc,init] Pre-touch: Disabled
[2023-02-24T08:24:04.873+0000][167][gc,init] Parallel Workers: 4
[2023-02-24T08:24:04.874+0000][167][gc,init] Concurrent Workers: 1
[2023-02-24T08:24:04.875+0000][167][gc,init] Concurrent Refinement Workers: 4
[2023-02-24T08:24:04.875+0000][167][gc,init] Periodic GC: Disabled
[2023-02-24T08:24:04.876+0000][167][gc,metaspace] CDS disabled.
[2023-02-24T08:24:04.876+0000][167][gc,metaspace] Compressed class space mapped at: 0x0000000100000000-0x0000000140000000, size: 1073741824
[2023-02-24T08:24:04.877+0000][167][gc,metaspace] Narrow klass base: 0x0000000000000000, Narrow klass shift: 3, Narrow klass range: 0x140000000
[2023-02-24T08:24:04.959+0000][167][gc,heap,exit] Heap
[2023-02-24T08:24:04.960+0000][167][gc,heap,exit]  garbage-first heap   total 524288K, used 1024K [0x00000000e0000000, 0x0000000100000000)
[2023-02-24T08:24:04.962+0000][167][gc,heap,exit]   region size 1024K, 2 young (2048K), 0 survivors (0K)
[2023-02-24T08:24:04.964+0000][167][gc,heap,exit]  Metaspace       used 3315K, capacity 4480K, committed 4480K, reserved 1056768K
[2023-02-24T08:24:04.967+0000][167][gc,heap,exit]   class space    used 278K, capacity 384K, committed 384K, reserved 1048576K
