[2023-01-09T09:50:16.836+0000][7][gc] Using G1
[2023-01-09T09:50:16.954+0000][7][gc,init] Version: 15+36-1562 (release)
[2023-01-09T09:50:16.954+0000][7][gc,init] CPUs: 4 total, 4 available
[2023-01-09T09:50:16.955+0000][7][gc,init] Memory: 7951M
[2023-01-09T09:50:16.956+0000][7][gc,init] Large Page Support: Disabled
[2023-01-09T09:50:16.957+0000][7][gc,init] NUMA Support: Disabled
[2023-01-09T09:50:16.958+0000][7][gc,init] Compressed Oops: Enabled (32-bit)
[2023-01-09T09:50:16.959+0000][7][gc,init] Heap Region Size: 1M
[2023-01-09T09:50:16.960+0000][7][gc,init] Heap Min Capacity: 512M
[2023-01-09T09:50:16.960+0000][7][gc,init] Heap Initial Capacity: 512M
[2023-01-09T09:50:16.961+0000][7][gc,init] Heap Max Capacity: 512M
[2023-01-09T09:50:16.962+0000][7][gc,init] Pre-touch: Enabled
[2023-01-09T09:50:16.963+0000][7][gc,init] Parallel Workers: 4
[2023-01-09T09:50:16.964+0000][7][gc,init] Concurrent Workers: 1
[2023-01-09T09:50:16.965+0000][7][gc,init] Concurrent Refinement Workers: 4
[2023-01-09T09:50:16.966+0000][7][gc,init] Periodic GC: Disabled
[2023-01-09T09:50:16.967+0000][7][gc,metaspace] CDS disabled.
[2023-01-09T09:50:16.968+0000][7][gc,metaspace] Compressed class space mapped at: 0x0000000100000000-0x0000000140000000, size: 1073741824
[2023-01-09T09:50:16.969+0000][7][gc,metaspace] Narrow klass base: 0x0000000000000000, Narrow klass shift: 3, Narrow klass range: 0x140000000
[2023-01-09T09:50:17.294+0000][7][safepoint   ] Safepoint "ICBufferFull", Time since last: 308619334 ns, Reaching safepoint: 63541 ns, At safepoint: 2042 ns, Total: 65583 ns
[2023-01-09T09:50:17.623+0000][7][safepoint   ] Safepoint "ICBufferFull", Time since last: 328837834 ns, Reaching safepoint: 133041 ns, At safepoint: 1917 ns, Total: 134958 ns
[2023-01-09T09:50:17.830+0000][7][safepoint   ] Safepoint "ICBufferFull", Time since last: 206384292 ns, Reaching safepoint: 138208 ns, At safepoint: 1583 ns, Total: 139791 ns
[2023-01-09T09:50:18.080+0000][7][gc,start    ] GC(0) Pause Young (Normal) (G1 Evacuation Pause)
[2023-01-09T09:50:18.084+0000][7][gc,task     ] GC(0) Using 4 workers of 4 for evacuation
[2023-01-09T09:50:18.085+0000][7][gc,age      ] GC(0) Desired survivor size 2097152 bytes, new threshold 15 (max threshold 15)
[2023-01-09T09:50:18.108+0000][7][gc,age      ] GC(0) Age table with threshold 15 (max threshold 15)
[2023-01-09T09:50:18.109+0000][7][gc,age      ] GC(0) - age   1:    3940648 bytes,    3940648 total
[2023-01-09T09:50:18.110+0000][7][gc,phases   ] GC(0)   Pre Evacuate Collection Set: 0.1ms
[2023-01-09T09:50:18.111+0000][7][gc,phases   ] GC(0)   Merge Heap Roots: 0.0ms
[2023-01-09T09:50:18.112+0000][7][gc,phases   ] GC(0)   Evacuate Collection Set: 21.1ms
[2023-01-09T09:50:18.113+0000][7][gc,phases   ] GC(0)   Post Evacuate Collection Set: 0.6ms
[2023-01-09T09:50:18.113+0000][7][gc,phases   ] GC(0)   Other: 8.4ms
[2023-01-09T09:50:18.114+0000][7][gc,heap     ] GC(0) Eden regions: 25->0(25)
[2023-01-09T09:50:18.115+0000][7][gc,heap     ] GC(0) Survivor regions: 0->4(4)
[2023-01-09T09:50:18.116+0000][7][gc,heap     ] GC(0) Old regions: 0->0
[2023-01-09T09:50:18.117+0000][7][gc,heap     ] GC(0) Archive regions: 0->0
[2023-01-09T09:50:18.117+0000][7][gc,heap     ] GC(0) Humongous regions: 1->1
[2023-01-09T09:50:18.118+0000][7][gc,metaspace] GC(0) Metaspace: 15681K(16128K)->15681K(16128K) NonClass: 14100K(14336K)->14100K(14336K) Class: 1580K(1792K)->1580K(1792K)
[2023-01-09T09:50:18.121+0000][7][gc          ] GC(0) Pause Young (Normal) (G1 Evacuation Pause) 26M->4M(512M) 39.870ms
[2023-01-09T09:50:18.122+0000][7][gc,cpu      ] GC(0) User=0.02s Sys=0.00s Real=0.04s
[2023-01-09T09:50:18.122+0000][7][safepoint   ] Safepoint "G1CollectForAllocation", Time since last: 250298584 ns, Reaching safepoint: 151125 ns, At safepoint: 42394916 ns, Total: 42546041 ns
[2023-01-09T09:50:18.775+0000][7][safepoint   ] Safepoint "ICBufferFull", Time since last: 651999834 ns, Reaching safepoint: 104208 ns, At safepoint: 3917 ns, Total: 108125 ns
[2023-01-09T09:50:19.092+0000][7][gc,start    ] GC(1) Pause Young (Concurrent Start) (Metadata GC Threshold)
[2023-01-09T09:50:19.094+0000][7][gc,task     ] GC(1) Using 4 workers of 4 for evacuation
[2023-01-09T09:50:19.095+0000][7][gc,age      ] GC(1) Desired survivor size 2097152 bytes, new threshold 1 (max threshold 15)
[2023-01-09T09:50:19.110+0000][7][gc,age      ] GC(1) Age table with threshold 1 (max threshold 15)
[2023-01-09T09:50:19.112+0000][7][gc,age      ] GC(1) - age   1:    2140792 bytes,    2140792 total
[2023-01-09T09:50:19.112+0000][7][gc,phases   ] GC(1)   Pre Evacuate Collection Set: 0.1ms
[2023-01-09T09:50:19.113+0000][7][gc,phases   ] GC(1)   Merge Heap Roots: 0.0ms
[2023-01-09T09:50:19.114+0000][7][gc,phases   ] GC(1)   Evacuate Collection Set: 13.8ms
[2023-01-09T09:50:19.115+0000][7][gc,phases   ] GC(1)   Post Evacuate Collection Set: 0.5ms
[2023-01-09T09:50:19.115+0000][7][gc,phases   ] GC(1)   Other: 5.9ms
[2023-01-09T09:50:19.116+0000][7][gc,heap     ] GC(1) Eden regions: 23->0(35)
[2023-01-09T09:50:19.117+0000][7][gc,heap     ] GC(1) Survivor regions: 4->3(4)
[2023-01-09T09:50:19.117+0000][7][gc,heap     ] GC(1) Old regions: 0->4
[2023-01-09T09:50:19.118+0000][7][gc,heap     ] GC(1) Archive regions: 0->0
[2023-01-09T09:50:19.119+0000][7][gc,heap     ] GC(1) Humongous regions: 1->1
[2023-01-09T09:50:19.119+0000][7][gc,metaspace] GC(1) Metaspace: 20807K(21248K)->20807K(21248K) NonClass: 18583K(18944K)->18583K(18944K) Class: 2224K(2304K)->2224K(2304K)
[2023-01-09T09:50:19.120+0000][7][gc          ] GC(1) Pause Young (Concurrent Start) (Metadata GC Threshold) 27M->6M(512M) 28.250ms
[2023-01-09T09:50:19.121+0000][7][gc,cpu      ] GC(1) User=0.01s Sys=0.00s Real=0.03s
[2023-01-09T09:50:19.122+0000][7][safepoint   ] Safepoint "CollectForMetadataAllocation", Time since last: 317469500 ns, Reaching safepoint: 90209 ns, At safepoint: 29749708 ns, Total: 29839917 ns
[2023-01-09T09:50:19.122+0000][7][gc          ] GC(2) Concurrent Cycle
[2023-01-09T09:50:19.123+0000][7][gc,marking  ] GC(2) Concurrent Clear Claimed Marks
[2023-01-09T09:50:19.124+0000][7][gc,marking  ] GC(2) Concurrent Clear Claimed Marks 0.718ms
[2023-01-09T09:50:19.125+0000][7][gc,marking  ] GC(2) Concurrent Scan Root Regions
[2023-01-09T09:50:19.132+0000][7][gc,marking  ] GC(2) Concurrent Scan Root Regions 7.713ms
[2023-01-09T09:50:19.133+0000][7][gc,marking  ] GC(2) Concurrent Mark (2.314s)
[2023-01-09T09:50:19.134+0000][7][gc,marking  ] GC(2) Concurrent Mark From Roots
[2023-01-09T09:50:19.135+0000][7][gc,task     ] GC(2) Using 1 workers of 1 for marking
[2023-01-09T09:50:19.136+0000][7][gc,marking  ] GC(2) Concurrent Mark From Roots 1.558ms
[2023-01-09T09:50:19.136+0000][7][gc,marking  ] GC(2) Concurrent Preclean
[2023-01-09T09:50:19.137+0000][7][gc,marking  ] GC(2) Concurrent Preclean 0.889ms
[2023-01-09T09:50:19.138+0000][7][gc,marking  ] GC(2) Concurrent Mark (2.314s, 2.318s) 4.390ms
[2023-01-09T09:50:19.138+0000][7][gc,start    ] GC(2) Pause Remark
[2023-01-09T09:50:19.143+0000][7][gc          ] GC(2) Pause Remark 7M->7M(512M) 4.985ms
[2023-01-09T09:50:19.145+0000][7][gc,cpu      ] GC(2) User=0.00s Sys=0.00s Real=0.00s
[2023-01-09T09:50:19.146+0000][7][safepoint   ] Safepoint "G1Concurrent", Time since last: 16525125 ns, Reaching safepoint: 31750 ns, At safepoint: 7374625 ns, Total: 7406375 ns
[2023-01-09T09:50:19.147+0000][7][gc,marking  ] GC(2) Concurrent Rebuild Remembered Sets
[2023-01-09T09:50:19.149+0000][7][gc,marking  ] GC(2) Concurrent Rebuild Remembered Sets 2.697ms
[2023-01-09T09:50:19.150+0000][7][gc,start    ] GC(2) Pause Cleanup
[2023-01-09T09:50:19.151+0000][7][gc          ] GC(2) Pause Cleanup 7M->7M(512M) 0.757ms
[2023-01-09T09:50:19.152+0000][7][gc,cpu      ] GC(2) User=0.01s Sys=0.00s Real=0.00s
[2023-01-09T09:50:19.152+0000][7][safepoint   ] Safepoint "G1Concurrent", Time since last: 4419542 ns, Reaching safepoint: 280416 ns, At safepoint: 1798167 ns, Total: 2078583 ns
[2023-01-09T09:50:19.153+0000][7][gc,marking  ] GC(2) Concurrent Cleanup for Next Mark
[2023-01-09T09:50:19.154+0000][7][gc,marking  ] GC(2) Concurrent Cleanup for Next Mark 0.786ms
[2023-01-09T09:50:19.154+0000][7][gc          ] GC(2) Concurrent Cycle 32.260ms
[2023-01-09T09:50:19.698+0000][7][safepoint   ] Safepoint "ICBufferFull", Time since last: 534080167 ns, Reaching safepoint: 11713208 ns, At safepoint: 5875 ns, Total: 11719083 ns
[2023-01-09T09:50:19.705+0000][7][gc,start    ] GC(3) Pause Young (Normal) (G1 Evacuation Pause)
[2023-01-09T09:50:19.706+0000][7][gc,task     ] GC(3) Using 4 workers of 4 for evacuation
[2023-01-09T09:50:19.707+0000][7][gc,age      ] GC(3) Desired survivor size 2621440 bytes, new threshold 15 (max threshold 15)
[2023-01-09T09:50:19.732+0000][7][gc,age      ] GC(3) Age table with threshold 15 (max threshold 15)
[2023-01-09T09:50:19.733+0000][7][gc,age      ] GC(3) - age   1:    2907672 bytes,    2907672 total
[2023-01-09T09:50:19.734+0000][7][gc,age      ] GC(3) - age   2:    2119896 bytes,    5027568 total
[2023-01-09T09:50:19.735+0000][7][gc,phases   ] GC(3)   Pre Evacuate Collection Set: 0.1ms
[2023-01-09T09:50:19.736+0000][7][gc,phases   ] GC(3)   Merge Heap Roots: 0.0ms
[2023-01-09T09:50:19.737+0000][7][gc,phases   ] GC(3)   Evacuate Collection Set: 16.8ms
[2023-01-09T09:50:19.738+0000][7][gc,phases   ] GC(3)   Post Evacuate Collection Set: 7.7ms
[2023-01-09T09:50:19.739+0000][7][gc,phases   ] GC(3)   Other: 5.3ms
[2023-01-09T09:50:19.740+0000][7][gc,heap     ] GC(3) Eden regions: 36->0(183)
[2023-01-09T09:50:19.741+0000][7][gc,heap     ] GC(3) Survivor regions: 3->5(5)
[2023-01-09T09:50:19.741+0000][7][gc,heap     ] GC(3) Old regions: 4->4
[2023-01-09T09:50:19.742+0000][7][gc,heap     ] GC(3) Archive regions: 0->0
[2023-01-09T09:50:19.743+0000][7][gc,heap     ] GC(3) Humongous regions: 1->1
[2023-01-09T09:50:19.744+0000][7][gc,metaspace] GC(3) Metaspace: 22483K(23040K)->22483K(23040K) NonClass: 20068K(20480K)->20068K(20480K) Class: 2414K(2560K)->2414K(2560K)
[2023-01-09T09:50:19.744+0000][7][gc          ] GC(3) Pause Young (Normal) (G1 Evacuation Pause) 42M->10M(512M) 39.104ms
[2023-01-09T09:50:19.745+0000][7][gc,cpu      ] GC(3) User=0.01s Sys=0.00s Real=0.04s
[2023-01-09T09:50:19.746+0000][7][safepoint   ] Safepoint "G1CollectForAllocation", Time since last: 2931917 ns, Reaching safepoint: 4301083 ns, At safepoint: 40982084 ns, Total: 45283167 ns
[2023-01-09T09:50:19.876+0000][7][safepoint   ] Safepoint "ICBufferFull", Time since last: 129383500 ns, Reaching safepoint: 57583 ns, At safepoint: 2708 ns, Total: 60291 ns
[2023-01-09T09:50:19.883+0000][7][safepoint   ] Safepoint "ICBufferFull", Time since last: 6996792 ns, Reaching safepoint: 41917 ns, At safepoint: 3333 ns, Total: 45250 ns
[2023-01-09T09:50:19.891+0000][7][safepoint   ] Safepoint "ICBufferFull", Time since last: 8186667 ns, Reaching safepoint: 42916 ns, At safepoint: 1917 ns, Total: 44833 ns
[2023-01-09T09:50:19.902+0000][7][safepoint   ] Safepoint "ICBufferFull", Time since last: 11010167 ns, Reaching safepoint: 66000 ns, At safepoint: 2083 ns, Total: 68083 ns
[2023-01-09T09:50:19.909+0000][7][safepoint   ] Safepoint "ICBufferFull", Time since last: 6925667 ns, Reaching safepoint: 48083 ns, At safepoint: 2083 ns, Total: 50166 ns
[2023-01-09T09:50:19.913+0000][7][safepoint   ] Safepoint "ICBufferFull", Time since last: 4044834 ns, Reaching safepoint: 39166 ns, At safepoint: 2917 ns, Total: 42083 ns
[2023-01-09T09:50:19.916+0000][7][safepoint   ] Safepoint "ICBufferFull", Time since last: 2059875 ns, Reaching safepoint: 861583 ns, At safepoint: 2250 ns, Total: 863833 ns
[2023-01-09T09:50:19.919+0000][7][safepoint   ] Safepoint "ICBufferFull", Time since last: 1992250 ns, Reaching safepoint: 1383917 ns, At safepoint: 2167 ns, Total: 1386084 ns
[2023-01-09T09:50:19.923+0000][7][safepoint   ] Safepoint "ICBufferFull", Time since last: 2210875 ns, Reaching safepoint: 1583500 ns, At safepoint: 2708 ns, Total: 1586208 ns
[2023-01-09T09:50:19.927+0000][7][safepoint   ] Safepoint "ICBufferFull", Time since last: 2260250 ns, Reaching safepoint: 1577000 ns, At safepoint: 2583 ns, Total: 1579583 ns
[2023-01-09T09:50:19.929+0000][7][safepoint   ] Safepoint "ICBufferFull", Time since last: 1511084 ns, Reaching safepoint: 466208 ns, At safepoint: 1917 ns, Total: 468125 ns
[2023-01-09T09:50:19.931+0000][7][safepoint   ] Safepoint "ICBufferFull", Time since last: 1660333 ns, Reaching safepoint: 349875 ns, At safepoint: 1667 ns, Total: 351542 ns
[2023-01-09T09:50:19.935+0000][7][safepoint   ] Safepoint "ICBufferFull", Time since last: 2183166 ns, Reaching safepoint: 1581625 ns, At safepoint: 2584 ns, Total: 1584209 ns
[2023-01-09T09:50:19.937+0000][7][safepoint   ] Safepoint "ICBufferFull", Time since last: 1590625 ns, Reaching safepoint: 133166 ns, At safepoint: 1834 ns, Total: 135000 ns
[2023-01-09T09:50:19.938+0000][7][safepoint   ] Safepoint "ICBufferFull", Time since last: 1307041 ns, Reaching safepoint: 165167 ns, At safepoint: 1750 ns, Total: 166917 ns
[2023-01-09T09:50:19.940+0000][7][safepoint   ] Safepoint "ICBufferFull", Time since last: 1522208 ns, Reaching safepoint: 479292 ns, At safepoint: 1750 ns, Total: 481042 ns
[2023-01-09T09:50:19.942+0000][7][safepoint   ] Safepoint "ICBufferFull", Time since last: 1504542 ns, Reaching safepoint: 133083 ns, At safepoint: 1583 ns, Total: 134666 ns
[2023-01-09T09:50:19.945+0000][7][safepoint   ] Safepoint "ICBufferFull", Time since last: 1829459 ns, Reaching safepoint: 1552875 ns, At safepoint: 3375 ns, Total: 1556250 ns
[2023-01-09T09:50:19.954+0000][7][safepoint   ] Safepoint "ICBufferFull", Time since last: 1762833 ns, Reaching safepoint: 7223333 ns, At safepoint: 5334 ns, Total: 7228667 ns
[2023-01-09T09:50:19.958+0000][7][safepoint   ] Safepoint "ICBufferFull", Time since last: 2503625 ns, Reaching safepoint: 1496500 ns, At safepoint: 2375 ns, Total: 1498875 ns
[2023-01-09T09:50:19.960+0000][7][safepoint   ] Safepoint "ICBufferFull", Time since last: 1795375 ns, Reaching safepoint: 200000 ns, At safepoint: 1708 ns, Total: 201708 ns
[2023-01-09T09:50:19.962+0000][7][safepoint   ] Safepoint "ICBufferFull", Time since last: 1785125 ns, Reaching safepoint: 169167 ns, At safepoint: 2791 ns, Total: 171958 ns
[2023-01-09T09:50:19.967+0000][7][safepoint   ] Safepoint "ICBufferFull", Time since last: 1632334 ns, Reaching safepoint: 3271125 ns, At safepoint: 86333 ns, Total: 3357458 ns
[2023-01-09T09:50:19.970+0000][7][safepoint   ] Safepoint "ICBufferFull", Time since last: 2453292 ns, Reaching safepoint: 402041 ns, At safepoint: 2167 ns, Total: 404208 ns
[2023-01-09T09:50:19.972+0000][7][safepoint   ] Safepoint "ICBufferFull", Time since last: 2056750 ns, Reaching safepoint: 131583 ns, At safepoint: 1875 ns, Total: 133458 ns
[2023-01-09T09:50:19.978+0000][7][safepoint   ] Safepoint "ICBufferFull", Time since last: 4082584 ns, Reaching safepoint: 2104500 ns, At safepoint: 2375 ns, Total: 2106875 ns
[2023-01-09T09:50:19.981+0000][7][safepoint   ] Safepoint "ICBufferFull", Time since last: 2544833 ns, Reaching safepoint: 254625 ns, At safepoint: 1750 ns, Total: 256375 ns
[2023-01-09T09:50:19.989+0000][7][safepoint   ] Safepoint "ICBufferFull", Time since last: 4367125 ns, Reaching safepoint: 3932833 ns, At safepoint: 3959 ns, Total: 3936792 ns
[2023-01-09T09:50:19.992+0000][7][safepoint   ] Safepoint "ICBufferFull", Time since last: 1983375 ns, Reaching safepoint: 1049125 ns, At safepoint: 3000 ns, Total: 1052125 ns
[2023-01-09T09:50:19.997+0000][7][safepoint   ] Safepoint "ICBufferFull", Time since last: 1524083 ns, Reaching safepoint: 3165958 ns, At safepoint: 8959 ns, Total: 3174917 ns
[2023-01-09T09:50:20.002+0000][7][safepoint   ] Safepoint "ICBufferFull", Time since last: 2272833 ns, Reaching safepoint: 2645667 ns, At safepoint: 7708 ns, Total: 2653375 ns
[2023-01-09T09:50:20.006+0000][7][safepoint   ] Safepoint "ICBufferFull", Time since last: 3317792 ns, Reaching safepoint: 240375 ns, At safepoint: 2541 ns, Total: 242916 ns
[2023-01-09T09:50:20.010+0000][7][safepoint   ] Safepoint "ICBufferFull", Time since last: 3179542 ns, Reaching safepoint: 1551958 ns, At safepoint: 2667 ns, Total: 1554625 ns
[2023-01-09T09:50:20.014+0000][7][safepoint   ] Safepoint "ICBufferFull", Time since last: 2050000 ns, Reaching safepoint: 1995583 ns, At safepoint: 6542 ns, Total: 2002125 ns
[2023-01-09T09:50:20.017+0000][7][safepoint   ] Safepoint "ICBufferFull", Time since last: 2258917 ns, Reaching safepoint: 691708 ns, At safepoint: 3125 ns, Total: 694833 ns
[2023-01-09T09:50:20.024+0000][7][safepoint   ] Safepoint "ICBufferFull", Time since last: 7025917 ns, Reaching safepoint: 33916 ns, At safepoint: 1709 ns, Total: 35625 ns
[2023-01-09T09:50:20.030+0000][7][safepoint   ] Safepoint "ICBufferFull", Time since last: 4787416 ns, Reaching safepoint: 581792 ns, At safepoint: 1875 ns, Total: 583667 ns
[2023-01-09T09:50:20.040+0000][7][safepoint   ] Safepoint "ICBufferFull", Time since last: 10466292 ns, Reaching safepoint: 157041 ns, At safepoint: 1875 ns, Total: 158916 ns
[2023-01-09T09:50:20.042+0000][7][safepoint   ] Safepoint "ICBufferFull", Time since last: 1893250 ns, Reaching safepoint: 106042 ns, At safepoint: 1667 ns, Total: 107709 ns
[2023-01-09T09:50:20.044+0000][7][safepoint   ] Safepoint "ICBufferFull", Time since last: 1340916 ns, Reaching safepoint: 99834 ns, At safepoint: 1541 ns, Total: 101375 ns
[2023-01-09T09:50:20.051+0000][7][safepoint   ] Safepoint "ICBufferFull", Time since last: 6870000 ns, Reaching safepoint: 120709 ns, At safepoint: 2250 ns, Total: 122959 ns
[2023-01-09T09:50:20.058+0000][7][safepoint   ] Safepoint "ICBufferFull", Time since last: 1297250 ns, Reaching safepoint: 5849875 ns, At safepoint: 9416 ns, Total: 5859291 ns
[2023-01-09T09:50:20.063+0000][7][safepoint   ] Safepoint "ICBufferFull", Time since last: 1795042 ns, Reaching safepoint: 3303375 ns, At safepoint: 5250 ns, Total: 3308625 ns
[2023-01-09T09:50:20.069+0000][7][safepoint   ] Safepoint "ICBufferFull", Time since last: 1398833 ns, Reaching safepoint: 4289292 ns, At safepoint: 8000 ns, Total: 4297292 ns
[2023-01-09T09:50:20.073+0000][7][safepoint   ] Safepoint "ICBufferFull", Time since last: 1640000 ns, Reaching safepoint: 2666750 ns, At safepoint: 4250 ns, Total: 2671000 ns
[2023-01-09T09:50:20.074+0000][7][safepoint   ] Safepoint "ICBufferFull", Time since last: 1340625 ns, Reaching safepoint: 104125 ns, At safepoint: 1958 ns, Total: 106083 ns
[2023-01-09T09:50:20.076+0000][7][safepoint   ] Safepoint "ICBufferFull", Time since last: 947000 ns, Reaching safepoint: 161459 ns, At safepoint: 2125 ns, Total: 163584 ns
[2023-01-09T09:50:20.078+0000][7][safepoint   ] Safepoint "ICBufferFull", Time since last: 1161083 ns, Reaching safepoint: 1553000 ns, At safepoint: 7750 ns, Total: 1560750 ns
[2023-01-09T09:50:20.080+0000][7][safepoint   ] Safepoint "ICBufferFull", Time since last: 1256417 ns, Reaching safepoint: 104833 ns, At safepoint: 1458 ns, Total: 106291 ns
[2023-01-09T09:50:20.081+0000][7][safepoint   ] Safepoint "ICBufferFull", Time since last: 1055542 ns, Reaching safepoint: 97750 ns, At safepoint: 1458 ns, Total: 99208 ns
[2023-01-09T09:50:20.082+0000][7][safepoint   ] Safepoint "ICBufferFull", Time since last: 1331209 ns, Reaching safepoint: 95791 ns, At safepoint: 1250 ns, Total: 97041 ns
[2023-01-09T09:50:20.084+0000][7][safepoint   ] Safepoint "ICBufferFull", Time since last: 1167542 ns, Reaching safepoint: 312125 ns, At safepoint: 3083 ns, Total: 315208 ns
[2023-01-09T09:50:20.088+0000][7][safepoint   ] Safepoint "ICBufferFull", Time since last: 1348709 ns, Reaching safepoint: 2920166 ns, At safepoint: 3375 ns, Total: 2923541 ns
[2023-01-09T09:50:20.090+0000][7][safepoint   ] Safepoint "ICBufferFull", Time since last: 2311750 ns, Reaching safepoint: 98834 ns, At safepoint: 1541 ns, Total: 100375 ns
[2023-01-09T09:50:20.092+0000][7][safepoint   ] Safepoint "ICBufferFull", Time since last: 1138375 ns, Reaching safepoint: 95167 ns, At safepoint: 1500 ns, Total: 96667 ns
[2023-01-09T09:50:20.093+0000][7][safepoint   ] Safepoint "ICBufferFull", Time since last: 1100625 ns, Reaching safepoint: 102792 ns, At safepoint: 1458 ns, Total: 104250 ns
[2023-01-09T09:50:20.094+0000][7][safepoint   ] Safepoint "ICBufferFull", Time since last: 1407125 ns, Reaching safepoint: 101458 ns, At safepoint: 1375 ns, Total: 102833 ns
[2023-01-09T09:50:20.099+0000][7][safepoint   ] Safepoint "ICBufferFull", Time since last: 4868375 ns, Reaching safepoint: 108834 ns, At safepoint: 1916 ns, Total: 110750 ns
[2023-01-09T09:50:20.102+0000][7][safepoint   ] Safepoint "ICBufferFull", Time since last: 2361500 ns, Reaching safepoint: 98667 ns, At safepoint: 1417 ns, Total: 100084 ns
[2023-01-09T09:50:20.103+0000][7][safepoint   ] Safepoint "ICBufferFull", Time since last: 1380041 ns, Reaching safepoint: 95167 ns, At safepoint: 1333 ns, Total: 96500 ns
[2023-01-09T09:50:20.113+0000][7][safepoint   ] Safepoint "ICBufferFull", Time since last: 9555792 ns, Reaching safepoint: 192083 ns, At safepoint: 2167 ns, Total: 194250 ns
[2023-01-09T09:50:20.116+0000][7][safepoint   ] Safepoint "ICBufferFull", Time since last: 2300917 ns, Reaching safepoint: 1016833 ns, At safepoint: 2583 ns, Total: 1019416 ns
[2023-01-09T09:50:20.122+0000][7][safepoint   ] Safepoint "ICBufferFull", Time since last: 5010459 ns, Reaching safepoint: 111458 ns, At safepoint: 1667 ns, Total: 113125 ns
[2023-01-09T09:50:20.123+0000][7][safepoint   ] Safepoint "ICBufferFull", Time since last: 1599208 ns, Reaching safepoint: 100625 ns, At safepoint: 1333 ns, Total: 101958 ns
[2023-01-09T09:50:20.124+0000][7][safepoint   ] Safepoint "ICBufferFull", Time since last: 1182584 ns, Reaching safepoint: 101041 ns, At safepoint: 1459 ns, Total: 102500 ns
[2023-01-09T09:50:20.130+0000][7][safepoint   ] Safepoint "ICBufferFull", Time since last: 1945875 ns, Reaching safepoint: 3594458 ns, At safepoint: 3667 ns, Total: 3598125 ns
[2023-01-09T09:50:20.132+0000][7][safepoint   ] Safepoint "ICBufferFull", Time since last: 1445833 ns, Reaching safepoint: 92583 ns, At safepoint: 1917 ns, Total: 94500 ns
[2023-01-09T09:50:20.133+0000][7][safepoint   ] Safepoint "ICBufferFull", Time since last: 1108625 ns, Reaching safepoint: 92750 ns, At safepoint: 1792 ns, Total: 94542 ns
[2023-01-09T09:50:20.134+0000][7][safepoint   ] Safepoint "ICBufferFull", Time since last: 967750 ns, Reaching safepoint: 98250 ns, At safepoint: 1375 ns, Total: 99625 ns
[2023-01-09T09:50:20.135+0000][7][safepoint   ] Safepoint "ICBufferFull", Time since last: 1012166 ns, Reaching safepoint: 164459 ns, At safepoint: 1708 ns, Total: 166167 ns
[2023-01-09T09:50:20.137+0000][7][safepoint   ] Safepoint "ICBufferFull", Time since last: 1043083 ns, Reaching safepoint: 1076000 ns, At safepoint: 3125 ns, Total: 1079125 ns
[2023-01-09T09:50:20.140+0000][7][safepoint   ] Safepoint "ICBufferFull", Time since last: 1228584 ns, Reaching safepoint: 1209625 ns, At safepoint: 3291 ns, Total: 1212916 ns
[2023-01-09T09:50:20.143+0000][7][safepoint   ] Safepoint "ICBufferFull", Time since last: 2604917 ns, Reaching safepoint: 1256208 ns, At safepoint: 11959 ns, Total: 1268167 ns
[2023-01-09T09:50:20.703+0000][7][safepoint   ] Safepoint "ICBufferFull", Time since last: 559308333 ns, Reaching safepoint: 106084 ns, At safepoint: 2708 ns, Total: 108792 ns
[2023-01-09T09:50:21.109+0000][7][safepoint   ] Safepoint "ICBufferFull", Time since last: 399668209 ns, Reaching safepoint: 6464875 ns, At safepoint: 9958 ns, Total: 6474833 ns
[2023-01-09T09:50:21.167+0000][7][gc,start    ] GC(4) Pause Young (Normal) (G1 Evacuation Pause)
[2023-01-09T09:50:21.168+0000][7][gc,task     ] GC(4) Using 4 workers of 4 for evacuation
[2023-01-09T09:50:21.169+0000][7][gc,age      ] GC(4) Desired survivor size 12582912 bytes, new threshold 15 (max threshold 15)
[2023-01-09T09:50:21.203+0000][7][gc,age      ] GC(4) Age table with threshold 15 (max threshold 15)
[2023-01-09T09:50:21.204+0000][7][gc,age      ] GC(4) - age   1:    5323000 bytes,    5323000 total
[2023-01-09T09:50:21.205+0000][7][gc,age      ] GC(4) - age   2:    1074288 bytes,    6397288 total
[2023-01-09T09:50:21.206+0000][7][gc,age      ] GC(4) - age   3:    2105584 bytes,    8502872 total
[2023-01-09T09:50:21.207+0000][7][gc,phases   ] GC(4)   Pre Evacuate Collection Set: 0.2ms
[2023-01-09T09:50:21.208+0000][7][gc,phases   ] GC(4)   Merge Heap Roots: 0.1ms
[2023-01-09T09:50:21.209+0000][7][gc,phases   ] GC(4)   Evacuate Collection Set: 19.5ms
[2023-01-09T09:50:21.210+0000][7][gc,phases   ] GC(4)   Post Evacuate Collection Set: 13.0ms
[2023-01-09T09:50:21.211+0000][7][gc,phases   ] GC(4)   Other: 6.9ms
[2023-01-09T09:50:21.212+0000][7][gc,heap     ] GC(4) Eden regions: 183->0(298)
[2023-01-09T09:50:21.213+0000][7][gc,heap     ] GC(4) Survivor regions: 5->9(24)
[2023-01-09T09:50:21.214+0000][7][gc,heap     ] GC(4) Old regions: 4->4
[2023-01-09T09:50:21.215+0000][7][gc,heap     ] GC(4) Archive regions: 0->0
[2023-01-09T09:50:21.215+0000][7][gc,heap     ] GC(4) Humongous regions: 2->1
[2023-01-09T09:50:21.216+0000][7][gc,metaspace] GC(4) Metaspace: 25973K(26880K)->25973K(26880K) NonClass: 23087K(23808K)->23087K(23808K) Class: 2886K(3072K)->2886K(3072K)
[2023-01-09T09:50:21.217+0000][7][gc          ] GC(4) Pause Young (Normal) (G1 Evacuation Pause) 194M->13M(512M) 50.011ms
[2023-01-09T09:50:21.218+0000][7][gc,cpu      ] GC(4) User=0.02s Sys=0.00s Real=0.05s
[2023-01-09T09:50:21.219+0000][7][safepoint   ] Safepoint "G1CollectForAllocation", Time since last: 52931542 ns, Reaching safepoint: 5079208 ns, At safepoint: 52035792 ns, Total: 57115000 ns
[2023-01-09T09:50:21.837+0000][7][safepoint   ] Safepoint "ICBufferFull", Time since last: 613132792 ns, Reaching safepoint: 4670083 ns, At safepoint: 8125 ns, Total: 4678208 ns
[2023-01-09T09:50:22.072+0000][7][gc,start    ] GC(5) Pause Young (Normal) (G1 Evacuation Pause)
[2023-01-09T09:50:22.074+0000][7][gc,task     ] GC(5) Using 4 workers of 4 for evacuation
[2023-01-09T09:50:22.075+0000][7][gc,age      ] GC(5) Desired survivor size 20447232 bytes, new threshold 15 (max threshold 15)
[2023-01-09T09:50:22.105+0000][7][gc,age      ] GC(5) Age table with threshold 15 (max threshold 15)
[2023-01-09T09:50:22.106+0000][7][gc,age      ] GC(5) - age   1:    3700264 bytes,    3700264 total
[2023-01-09T09:50:22.107+0000][7][gc,age      ] GC(5) - age   2:    4327056 bytes,    8027320 total
[2023-01-09T09:50:22.108+0000][7][gc,age      ] GC(5) - age   3:    1074112 bytes,    9101432 total
[2023-01-09T09:50:22.109+0000][7][gc,age      ] GC(5) - age   4:    2105584 bytes,   11207016 total
[2023-01-09T09:50:22.110+0000][7][gc,phases   ] GC(5)   Pre Evacuate Collection Set: 0.3ms
[2023-01-09T09:50:22.111+0000][7][gc,phases   ] GC(5)   Merge Heap Roots: 0.1ms
[2023-01-09T09:50:22.112+0000][7][gc,phases   ] GC(5)   Evacuate Collection Set: 26.8ms
[2023-01-09T09:50:22.113+0000][7][gc,phases   ] GC(5)   Post Evacuate Collection Set: 1.7ms
[2023-01-09T09:50:22.114+0000][7][gc,phases   ] GC(5)   Other: 9.2ms
[2023-01-09T09:50:22.115+0000][7][gc,heap     ] GC(5) Eden regions: 298->0(296)
[2023-01-09T09:50:22.116+0000][7][gc,heap     ] GC(5) Survivor regions: 9->11(39)
[2023-01-09T09:50:22.117+0000][7][gc,heap     ] GC(5) Old regions: 4->4
[2023-01-09T09:50:22.118+0000][7][gc,heap     ] GC(5) Archive regions: 0->0
[2023-01-09T09:50:22.119+0000][7][gc,heap     ] GC(5) Humongous regions: 1->1
[2023-01-09T09:50:22.120+0000][7][gc,metaspace] GC(5) Metaspace: 27677K(28672K)->27677K(28672K) NonClass: 24600K(25344K)->24600K(25344K) Class: 3077K(3328K)->3077K(3328K)
[2023-01-09T09:50:22.120+0000][7][gc          ] GC(5) Pause Young (Normal) (G1 Evacuation Pause) 311M->16M(512M) 48.282ms
[2023-01-09T09:50:22.121+0000][7][gc,cpu      ] GC(5) User=0.03s Sys=0.00s Real=0.05s
[2023-01-09T09:50:22.122+0000][7][safepoint   ] Safepoint "G1CollectForAllocation", Time since last: 234927000 ns, Reaching safepoint: 202583 ns, At safepoint: 50145584 ns, Total: 50348167 ns
[2023-01-09T09:50:22.763+0000][7][gc,start    ] GC(6) Pause Young (Normal) (G1 Evacuation Pause)
[2023-01-09T09:50:22.764+0000][7][gc,task     ] GC(6) Using 4 workers of 4 for evacuation
[2023-01-09T09:50:22.764+0000][7][gc,age      ] GC(6) Desired survivor size 20447232 bytes, new threshold 15 (max threshold 15)
[2023-01-09T09:50:22.797+0000][7][gc,age      ] GC(6) Age table with threshold 15 (max threshold 15)
[2023-01-09T09:50:22.798+0000][7][gc,age      ] GC(6) - age   1:     697112 bytes,     697112 total
[2023-01-09T09:50:22.799+0000][7][gc,age      ] GC(6) - age   2:    3278008 bytes,    3975120 total
[2023-01-09T09:50:22.800+0000][7][gc,age      ] GC(6) - age   3:    4322752 bytes,    8297872 total
[2023-01-09T09:50:22.801+0000][7][gc,age      ] GC(6) - age   4:    1073968 bytes,    9371840 total
[2023-01-09T09:50:22.805+0000][7][gc,age      ] GC(6) - age   5:    2105584 bytes,   11477424 total
[2023-01-09T09:50:22.805+0000][7][gc,phases   ] GC(6)   Pre Evacuate Collection Set: 0.2ms
[2023-01-09T09:50:22.806+0000][7][gc,phases   ] GC(6)   Merge Heap Roots: 0.1ms
[2023-01-09T09:50:22.807+0000][7][gc,phases   ] GC(6)   Evacuate Collection Set: 18.7ms
[2023-01-09T09:50:22.807+0000][7][gc,phases   ] GC(6)   Post Evacuate Collection Set: 12.6ms
[2023-01-09T09:50:22.808+0000][7][gc,phases   ] GC(6)   Other: 10.7ms
[2023-01-09T09:50:22.809+0000][7][gc,heap     ] GC(6) Eden regions: 296->0(295)
[2023-01-09T09:50:22.809+0000][7][gc,heap     ] GC(6) Survivor regions: 11->12(39)
[2023-01-09T09:50:22.810+0000][7][gc,heap     ] GC(6) Old regions: 4->4
[2023-01-09T09:50:22.811+0000][7][gc,heap     ] GC(6) Archive regions: 0->0
[2023-01-09T09:50:22.812+0000][7][gc,heap     ] GC(6) Humongous regions: 1->1
[2023-01-09T09:50:22.812+0000][7][gc,metaspace] GC(6) Metaspace: 28056K(29312K)->28056K(29312K) NonClass: 24909K(25856K)->24909K(25856K) Class: 3147K(3456K)->3147K(3456K)
[2023-01-09T09:50:22.813+0000][7][gc          ] GC(6) Pause Young (Normal) (G1 Evacuation Pause) 312M->16M(512M) 50.002ms
[2023-01-09T09:50:22.814+0000][7][gc,cpu      ] GC(6) User=0.04s Sys=0.00s Real=0.05s
[2023-01-09T09:50:22.815+0000][7][safepoint   ] Safepoint "G1CollectForAllocation", Time since last: 640728083 ns, Reaching safepoint: 194375 ns, At safepoint: 51589875 ns, Total: 51784250 ns
[2023-01-09T09:50:23.437+0000][7][gc,start    ] GC(7) Pause Young (Normal) (G1 Evacuation Pause)
[2023-01-09T09:50:23.438+0000][7][gc,task     ] GC(7) Using 4 workers of 4 for evacuation
[2023-01-09T09:50:23.439+0000][7][gc,age      ] GC(7) Desired survivor size 20447232 bytes, new threshold 15 (max threshold 15)
[2023-01-09T09:50:23.458+0000][7][gc,age      ] GC(7) Age table with threshold 15 (max threshold 15)
[2023-01-09T09:50:23.459+0000][7][gc,age      ] GC(7) - age   1:    2798144 bytes,    2798144 total
[2023-01-09T09:50:23.460+0000][7][gc,age      ] GC(7) - age   2:     647048 bytes,    3445192 total
[2023-01-09T09:50:23.461+0000][7][gc,age      ] GC(7) - age   3:    3276232 bytes,    6721424 total
[2023-01-09T09:50:23.462+0000][7][gc,age      ] GC(7) - age   4:    4322312 bytes,   11043736 total
[2023-01-09T09:50:23.462+0000][7][gc,age      ] GC(7) - age   5:    1073968 bytes,   12117704 total
[2023-01-09T09:50:23.463+0000][7][gc,age      ] GC(7) - age   6:    2105584 bytes,   14223288 total
[2023-01-09T09:50:23.464+0000][7][gc,phases   ] GC(7)   Pre Evacuate Collection Set: 0.2ms
[2023-01-09T09:50:23.465+0000][7][gc,phases   ] GC(7)   Merge Heap Roots: 0.1ms
[2023-01-09T09:50:23.465+0000][7][gc,phases   ] GC(7)   Evacuate Collection Set: 16.7ms
[2023-01-09T09:50:23.466+0000][7][gc,phases   ] GC(7)   Post Evacuate Collection Set: 0.9ms
[2023-01-09T09:50:23.467+0000][7][gc,phases   ] GC(7)   Other: 9.2ms
[2023-01-09T09:50:23.468+0000][7][gc,heap     ] GC(7) Eden regions: 295->0(292)
[2023-01-09T09:50:23.468+0000][7][gc,heap     ] GC(7) Survivor regions: 12->15(39)
[2023-01-09T09:50:23.469+0000][7][gc,heap     ] GC(7) Old regions: 4->4
[2023-01-09T09:50:23.470+0000][7][gc,heap     ] GC(7) Archive regions: 0->0
[2023-01-09T09:50:23.470+0000][7][gc,heap     ] GC(7) Humongous regions: 1->1
[2023-01-09T09:50:23.471+0000][7][gc,metaspace] GC(7) Metaspace: 28575K(29952K)->28575K(29952K) NonClass: 25349K(26368K)->25349K(26368K) Class: 3226K(3584K)->3226K(3584K)
[2023-01-09T09:50:23.472+0000][7][gc          ] GC(7) Pause Young (Normal) (G1 Evacuation Pause) 311M->19M(512M) 34.778ms
[2023-01-09T09:50:23.472+0000][7][gc,cpu      ] GC(7) User=0.02s Sys=0.00s Real=0.03s
[2023-01-09T09:50:23.473+0000][7][safepoint   ] Safepoint "G1CollectForAllocation", Time since last: 619743417 ns, Reaching safepoint: 2615209 ns, At safepoint: 36147166 ns, Total: 38762375 ns
[2023-01-09T09:50:24.009+0000][7][safepoint   ] Safepoint "ICBufferFull", Time since last: 535564959 ns, Reaching safepoint: 234542 ns, At safepoint: 3416 ns, Total: 237958 ns
[2023-01-09T09:50:24.301+0000][7][gc,start    ] GC(8) Pause Young (Concurrent Start) (Metadata GC Threshold)
[2023-01-09T09:50:24.302+0000][7][gc,task     ] GC(8) Using 4 workers of 4 for evacuation
[2023-01-09T09:50:24.303+0000][7][gc,age      ] GC(8) Desired survivor size 20447232 bytes, new threshold 15 (max threshold 15)
[2023-01-09T09:50:24.331+0000][7][gc,age      ] GC(8) Age table with threshold 15 (max threshold 15)
[2023-01-09T09:50:24.332+0000][7][gc,age      ] GC(8) - age   1:    2077448 bytes,    2077448 total
[2023-01-09T09:50:24.333+0000][7][gc,age      ] GC(8) - age   2:    2261072 bytes,    4338520 total
[2023-01-09T09:50:24.333+0000][7][gc,age      ] GC(8) - age   3:     635792 bytes,    4974312 total
[2023-01-09T09:50:24.334+0000][7][gc,age      ] GC(8) - age   4:    3261424 bytes,    8235736 total
[2023-01-09T09:50:24.335+0000][7][gc,age      ] GC(8) - age   5:    4311160 bytes,   12546896 total
[2023-01-09T09:50:24.336+0000][7][gc,age      ] GC(8) - age   6:    1062856 bytes,   13609752 total
[2023-01-09T09:50:24.337+0000][7][gc,age      ] GC(8) - age   7:    2102816 bytes,   15712568 total
[2023-01-09T09:50:24.338+0000][7][gc,phases   ] GC(8)   Pre Evacuate Collection Set: 0.9ms
[2023-01-09T09:50:24.338+0000][7][gc,phases   ] GC(8)   Merge Heap Roots: 1.6ms
[2023-01-09T09:50:24.339+0000][7][gc,phases   ] GC(8)   Evacuate Collection Set: 22.4ms
[2023-01-09T09:50:24.340+0000][7][gc,phases   ] GC(8)   Post Evacuate Collection Set: 1.5ms
[2023-01-09T09:50:24.341+0000][7][gc,phases   ] GC(8)   Other: 10.3ms
[2023-01-09T09:50:24.342+0000][7][gc,heap     ] GC(8) Eden regions: 125->0(291)
[2023-01-09T09:50:24.343+0000][7][gc,heap     ] GC(8) Survivor regions: 15->16(39)
[2023-01-09T09:50:24.343+0000][7][gc,heap     ] GC(8) Old regions: 4->4
[2023-01-09T09:50:24.344+0000][7][gc,heap     ] GC(8) Archive regions: 0->0
[2023-01-09T09:50:24.345+0000][7][gc,heap     ] GC(8) Humongous regions: 1->1
[2023-01-09T09:50:24.346+0000][7][gc,metaspace] GC(8) Metaspace: 33863K(35584K)->33863K(35584K) NonClass: 29943K(31232K)->29943K(31232K) Class: 3919K(4352K)->3919K(4352K)
[2023-01-09T09:50:24.346+0000][7][gc          ] GC(8) Pause Young (Concurrent Start) (Metadata GC Threshold) 144M->21M(512M) 45.203ms
[2023-01-09T09:50:24.347+0000][7][gc,cpu      ] GC(8) User=0.02s Sys=0.00s Real=0.05s
[2023-01-09T09:50:24.348+0000][7][safepoint   ] Safepoint "CollectForMetadataAllocation", Time since last: 290505542 ns, Reaching safepoint: 1627625 ns, At safepoint: 47174375 ns, Total: 48802000 ns
[2023-01-09T09:50:24.349+0000][7][gc          ] GC(9) Concurrent Cycle
[2023-01-09T09:50:24.350+0000][7][gc,marking  ] GC(9) Concurrent Clear Claimed Marks
[2023-01-09T09:50:24.351+0000][7][gc,marking  ] GC(9) Concurrent Clear Claimed Marks 0.976ms
[2023-01-09T09:50:24.352+0000][7][gc,marking  ] GC(9) Concurrent Scan Root Regions
[2023-01-09T09:50:24.356+0000][7][gc,marking  ] GC(9) Concurrent Scan Root Regions 4.416ms
[2023-01-09T09:50:24.358+0000][7][gc,marking  ] GC(9) Concurrent Mark (7.538s)
[2023-01-09T09:50:24.359+0000][7][gc,marking  ] GC(9) Concurrent Mark From Roots
[2023-01-09T09:50:24.359+0000][7][gc,task     ] GC(9) Using 1 workers of 1 for marking
[2023-01-09T09:50:24.367+0000][7][gc,marking  ] GC(9) Concurrent Mark From Roots 8.331ms
[2023-01-09T09:50:24.370+0000][7][gc,marking  ] GC(9) Concurrent Preclean
[2023-01-09T09:50:24.367+0000][7][safepoint   ] Safepoint "CollectForMetadataAllocation", Time since last: 18679042 ns, Reaching safepoint: 133583 ns, At safepoint: 66792 ns, Total: 200375 ns
[2023-01-09T09:50:24.371+0000][7][gc,marking  ] GC(9) Concurrent Preclean 1.117ms
[2023-01-09T09:50:24.372+0000][7][gc,marking  ] GC(9) Concurrent Mark (7.538s, 7.553s) 14.507ms
[2023-01-09T09:50:24.374+0000][7][gc,start    ] GC(9) Pause Remark
[2023-01-09T09:50:24.377+0000][7][gc          ] GC(9) Pause Remark 22M->22M(512M) 2.982ms
[2023-01-09T09:50:24.377+0000][7][gc,cpu      ] GC(9) User=0.00s Sys=0.00s Real=0.01s
[2023-01-09T09:50:24.378+0000][7][safepoint   ] Safepoint "G1Concurrent", Time since last: 6313875 ns, Reaching safepoint: 140458 ns, At safepoint: 4733000 ns, Total: 4873458 ns
[2023-01-09T09:50:24.382+0000][7][gc,marking  ] GC(9) Concurrent Rebuild Remembered Sets
[2023-01-09T09:50:24.384+0000][7][gc,marking  ] GC(9) Concurrent Rebuild Remembered Sets 2.583ms
[2023-01-09T09:50:24.388+0000][7][gc,start    ] GC(9) Pause Cleanup
[2023-01-09T09:50:24.389+0000][7][gc          ] GC(9) Pause Cleanup 23M->23M(512M) 1.011ms
[2023-01-09T09:50:24.390+0000][7][gc,cpu      ] GC(9) User=0.00s Sys=0.00s Real=0.00s
[2023-01-09T09:50:24.391+0000][7][safepoint   ] Safepoint "G1Concurrent", Time since last: 9598208 ns, Reaching safepoint: 393959 ns, At safepoint: 2563875 ns, Total: 2957834 ns
[2023-01-09T09:50:24.392+0000][7][gc,marking  ] GC(9) Concurrent Cleanup for Next Mark
[2023-01-09T09:50:24.393+0000][7][gc,marking  ] GC(9) Concurrent Cleanup for Next Mark 1.128ms
[2023-01-09T09:50:24.394+0000][7][gc          ] GC(9) Concurrent Cycle 44.181ms
[2023-01-09T09:50:24.946+0000][7][safepoint   ] Safepoint "ICBufferFull", Time since last: 554298917 ns, Reaching safepoint: 889000 ns, At safepoint: 4583 ns, Total: 893583 ns
[2023-01-09T09:50:25.837+0000][7][safepoint   ] Safepoint "ICBufferFull", Time since last: 886790459 ns, Reaching safepoint: 4230416 ns, At safepoint: 4500 ns, Total: 4234916 ns
[2023-01-09T09:50:26.738+0000][7][safepoint   ] Safepoint "ICBufferFull", Time since last: 900329376 ns, Reaching safepoint: 191875 ns, At safepoint: 9083 ns, Total: 200958 ns
[2023-01-09T09:50:27.142+0000][7][safepoint   ] Safepoint "ICBufferFull", Time since last: 403642625 ns, Reaching safepoint: 229625 ns, At safepoint: 1750 ns, Total: 231375 ns
[2023-01-09T09:50:27.259+0000][7][gc,start    ] GC(10) Pause Young (Concurrent Start) (G1 Evacuation Pause)
[2023-01-09T09:50:27.260+0000][7][gc,task     ] GC(10) Using 4 workers of 4 for evacuation
[2023-01-09T09:50:27.261+0000][7][gc,age      ] GC(10) Desired survivor size 20447232 bytes, new threshold 15 (max threshold 15)
[2023-01-09T09:50:27.346+0000][7][gc,age      ] GC(10) Age table with threshold 15 (max threshold 15)
[2023-01-09T09:50:27.351+0000][7][gc,age      ] GC(10) - age   1:   25007112 bytes,   25007112 total
[2023-01-09T09:50:27.352+0000][7][gc,age      ] GC(10) - age   2:    1965112 bytes,   26972224 total
[2023-01-09T09:50:27.352+0000][7][gc,age      ] GC(10) - age   3:    2257432 bytes,   29229656 total
[2023-01-09T09:50:27.353+0000][7][gc,age      ] GC(10) - age   4:     630544 bytes,   29860200 total
[2023-01-09T09:50:27.353+0000][7][gc,age      ] GC(10) - age   5:    3249568 bytes,   33109768 total
[2023-01-09T09:50:27.354+0000][7][gc,age      ] GC(10) - age   6:    4277976 bytes,   37387744 total
[2023-01-09T09:50:27.355+0000][7][gc,age      ] GC(10) - age   7:    1036640 bytes,   38424384 total
[2023-01-09T09:50:27.355+0000][7][gc,age      ] GC(10) - age   8:    2094896 bytes,   40519280 total
[2023-01-09T09:50:27.356+0000][7][gc,phases   ] GC(10)   Pre Evacuate Collection Set: 0.9ms
[2023-01-09T09:50:27.356+0000][7][gc,phases   ] GC(10)   Merge Heap Roots: 0.9ms
[2023-01-09T09:50:27.357+0000][7][gc,phases   ] GC(10)   Evacuate Collection Set: 78.2ms
[2023-01-09T09:50:27.358+0000][7][gc,phases   ] GC(10)   Post Evacuate Collection Set: 4.4ms
[2023-01-09T09:50:27.358+0000][7][gc,phases   ] GC(10)   Other: 12.5ms
[2023-01-09T09:50:27.359+0000][7][gc,heap     ] GC(10) Eden regions: 291->0(268)
[2023-01-09T09:50:27.360+0000][7][gc,heap     ] GC(10) Survivor regions: 16->39(39)
[2023-01-09T09:50:27.361+0000][7][gc,heap     ] GC(10) Old regions: 4->10
[2023-01-09T09:50:27.361+0000][7][gc,heap     ] GC(10) Archive regions: 0->0
[2023-01-09T09:50:27.362+0000][7][gc,heap     ] GC(10) Humongous regions: 1->1
[2023-01-09T09:50:27.363+0000][7][gc,metaspace] GC(10) Metaspace: 43272K(45568K)->43272K(45568K) NonClass: 38041K(39680K)->38041K(39680K) Class: 5230K(5888K)->5230K(5888K)
[2023-01-09T09:50:27.363+0000][7][gc          ] GC(10) Pause Young (Concurrent Start) (G1 Evacuation Pause) 312M->49M(512M) 104.448ms
[2023-01-09T09:50:27.364+0000][7][gc,cpu      ] GC(10) User=0.10s Sys=0.00s Real=0.10s
[2023-01-09T09:50:27.365+0000][7][safepoint   ] Safepoint "G1CollectForAllocation", Time since last: 112708750 ns, Reaching safepoint: 4822167 ns, At safepoint: 106333416 ns, Total: 111155583 ns
[2023-01-09T09:50:27.365+0000][7][gc          ] GC(11) Concurrent Cycle
[2023-01-09T09:50:27.367+0000][7][gc,marking  ] GC(11) Concurrent Clear Claimed Marks
[2023-01-09T09:50:27.374+0000][7][gc,marking  ] GC(11) Concurrent Clear Claimed Marks 6.426ms
[2023-01-09T09:50:27.374+0000][7][gc,marking  ] GC(11) Concurrent Scan Root Regions
[2023-01-09T09:50:27.461+0000][7][gc,marking  ] GC(11) Concurrent Scan Root Regions 86.124ms
[2023-01-09T09:50:27.462+0000][7][gc,marking  ] GC(11) Concurrent Mark (10.642s)
[2023-01-09T09:50:27.463+0000][7][gc,marking  ] GC(11) Concurrent Mark From Roots
[2023-01-09T09:50:27.464+0000][7][gc,task     ] GC(11) Using 1 workers of 1 for marking
[2023-01-09T09:50:27.473+0000][7][gc,marking  ] GC(11) Concurrent Mark From Roots 10.108ms
[2023-01-09T09:50:27.474+0000][7][gc,marking  ] GC(11) Concurrent Preclean
[2023-01-09T09:50:27.475+0000][7][gc,marking  ] GC(11) Concurrent Preclean 1.052ms
[2023-01-09T09:50:27.476+0000][7][gc,marking  ] GC(11) Concurrent Mark (10.642s, 10.656s) 14.141ms
[2023-01-09T09:50:27.478+0000][7][gc,start    ] GC(11) Pause Remark
[2023-01-09T09:50:27.497+0000][7][gc          ] GC(11) Pause Remark 87M->87M(512M) 19.503ms
[2023-01-09T09:50:27.498+0000][7][gc,cpu      ] GC(11) User=0.00s Sys=0.00s Real=0.02s
[2023-01-09T09:50:27.499+0000][7][safepoint   ] Safepoint "G1Concurrent", Time since last: 112621792 ns, Reaching safepoint: 75500 ns, At safepoint: 21148125 ns, Total: 21223625 ns
[2023-01-09T09:50:27.500+0000][7][gc,marking  ] GC(11) Concurrent Rebuild Remembered Sets
[2023-01-09T09:50:27.519+0000][7][gc,marking  ] GC(11) Concurrent Rebuild Remembered Sets 18.867ms
[2023-01-09T09:50:27.520+0000][7][gc,start    ] GC(11) Pause Cleanup
[2023-01-09T09:50:27.521+0000][7][gc          ] GC(11) Pause Cleanup 87M->87M(512M) 0.863ms
[2023-01-09T09:50:27.522+0000][7][gc,cpu      ] GC(11) User=0.00s Sys=0.00s Real=0.00s
[2023-01-09T09:50:27.523+0000][7][safepoint   ] Safepoint "G1Concurrent", Time since last: 20667583 ns, Reaching safepoint: 667167 ns, At safepoint: 2499041 ns, Total: 3166208 ns
[2023-01-09T09:50:27.524+0000][7][gc,marking  ] GC(11) Concurrent Cleanup for Next Mark
[2023-01-09T09:50:27.533+0000][7][gc,marking  ] GC(11) Concurrent Cleanup for Next Mark 9.151ms
[2023-01-09T09:50:27.534+0000][7][gc          ] GC(11) Concurrent Cycle 168.880ms
[2023-01-09T09:50:28.149+0000][7][safepoint   ] Safepoint "ICBufferFull", Time since last: 626393626 ns, Reaching safepoint: 205291 ns, At safepoint: 2459 ns, Total: 207750 ns
[2023-01-09T09:50:29.157+0000][7][safepoint   ] Safepoint "ICBufferFull", Time since last: 1007614833 ns, Reaching safepoint: 170167 ns, At safepoint: 1750 ns, Total: 171917 ns
[2023-01-09T09:50:29.770+0000][7][safepoint   ] Safepoint "ICBufferFull", Time since last: 612565042 ns, Reaching safepoint: 229250 ns, At safepoint: 2083 ns, Total: 231333 ns
[2023-01-09T09:50:30.791+0000][7][safepoint   ] Safepoint "Cleanup", Time since last: 1001732168 ns, Reaching safepoint: 19056375 ns, At safepoint: 7833 ns, Total: 19064208 ns
[2023-01-09T09:50:30.944+0000][7][safepoint   ] Safepoint "ICBufferFull", Time since last: 144959583 ns, Reaching safepoint: 8382292 ns, At safepoint: 20625 ns, Total: 8402917 ns
[2023-01-09T09:50:31.020+0000][7][safepoint   ] Safepoint "ICBufferFull", Time since last: 75588458 ns, Reaching safepoint: 135875 ns, At safepoint: 1917 ns, Total: 137792 ns
[2023-01-09T09:50:32.030+0000][7][safepoint   ] Safepoint "Cleanup", Time since last: 1001802792 ns, Reaching safepoint: 7926708 ns, At safepoint: 3750 ns, Total: 7930458 ns
[2023-01-09T09:50:32.292+0000][7][gc,start    ] GC(12) Pause Young (Concurrent Start) (Metadata GC Threshold)
[2023-01-09T09:50:32.293+0000][7][gc,task     ] GC(12) Using 4 workers of 4 for evacuation
[2023-01-09T09:50:32.294+0000][7][gc,age      ] GC(12) Desired survivor size 20447232 bytes, new threshold 1 (max threshold 15)
[2023-01-09T09:50:32.391+0000][7][gc,age      ] GC(12) Age table with threshold 1 (max threshold 15)
[2023-01-09T09:50:32.392+0000][7][gc,age      ] GC(12) - age   1:   12272392 bytes,   12272392 total
[2023-01-09T09:50:32.393+0000][7][gc,phases   ] GC(12)   Pre Evacuate Collection Set: 0.5ms
[2023-01-09T09:50:32.394+0000][7][gc,phases   ] GC(12)   Merge Heap Roots: 3.4ms
[2023-01-09T09:50:32.395+0000][7][gc,phases   ] GC(12)   Evacuate Collection Set: 84.1ms
[2023-01-09T09:50:32.395+0000][7][gc,phases   ] GC(12)   Post Evacuate Collection Set: 7.1ms
[2023-01-09T09:50:32.396+0000][7][gc,phases   ] GC(12)   Other: 6.0ms
[2023-01-09T09:50:32.397+0000][7][gc,heap     ] GC(12) Eden regions: 227->0(281)
[2023-01-09T09:50:32.398+0000][7][gc,heap     ] GC(12) Survivor regions: 39->13(39)
[2023-01-09T09:50:32.398+0000][7][gc,heap     ] GC(12) Old regions: 10->48
[2023-01-09T09:50:32.399+0000][7][gc,heap     ] GC(12) Archive regions: 0->0
[2023-01-09T09:50:32.400+0000][7][gc,heap     ] GC(12) Humongous regions: 1->1
[2023-01-09T09:50:32.400+0000][7][gc,metaspace] GC(12) Metaspace: 72817K(76288K)->72817K(76288K) NonClass: 63248K(65792K)->63248K(65792K) Class: 9569K(10496K)->9569K(10496K)
[2023-01-09T09:50:32.401+0000][7][gc          ] GC(12) Pause Young (Concurrent Start) (Metadata GC Threshold) 275M->61M(512M) 109.221ms
[2023-01-09T09:50:32.402+0000][7][gc,cpu      ] GC(12) User=0.09s Sys=0.01s Real=0.11s
[2023-01-09T09:50:32.403+0000][7][gc          ] GC(13) Concurrent Cycle
[2023-01-09T09:50:32.404+0000][7][gc,marking  ] GC(13) Concurrent Clear Claimed Marks
[2023-01-09T09:50:32.405+0000][7][gc,marking  ] GC(13) Concurrent Clear Claimed Marks 1.079ms
[2023-01-09T09:50:32.405+0000][7][gc,marking  ] GC(13) Concurrent Scan Root Regions
[2023-01-09T09:50:32.403+0000][7][safepoint   ] Safepoint "CollectForMetadataAllocation", Time since last: 262087459 ns, Reaching safepoint: 65333 ns, At safepoint: 111160334 ns, Total: 111225667 ns
[2023-01-09T09:50:32.435+0000][7][gc,marking  ] GC(13) Concurrent Scan Root Regions 29.184ms
[2023-01-09T09:50:32.436+0000][7][gc,marking  ] GC(13) Concurrent Mark (15.616s)
[2023-01-09T09:50:32.436+0000][7][gc,marking  ] GC(13) Concurrent Mark From Roots
[2023-01-09T09:50:32.437+0000][7][gc,task     ] GC(13) Using 1 workers of 1 for marking
[2023-01-09T09:50:32.439+0000][7][safepoint   ] Safepoint "CollectForMetadataAllocation", Time since last: 36280125 ns, Reaching safepoint: 84500 ns, At safepoint: 74833 ns, Total: 159333 ns
[2023-01-09T09:50:32.465+0000][7][gc,marking  ] GC(13) Concurrent Mark From Roots 28.911ms
[2023-01-09T09:50:32.466+0000][7][gc,marking  ] GC(13) Concurrent Preclean
[2023-01-09T09:50:32.467+0000][7][gc,marking  ] GC(13) Concurrent Preclean 0.994ms
[2023-01-09T09:50:32.468+0000][7][gc,marking  ] GC(13) Concurrent Mark (15.616s, 15.648s) 32.049ms
[2023-01-09T09:50:32.468+0000][7][gc,start    ] GC(13) Pause Remark
[2023-01-09T09:50:32.486+0000][7][gc          ] GC(13) Pause Remark 64M->64M(512M) 18.151ms
[2023-01-09T09:50:32.487+0000][7][gc,cpu      ] GC(13) User=0.01s Sys=0.00s Real=0.02s
[2023-01-09T09:50:32.488+0000][7][safepoint   ] Safepoint "G1Concurrent", Time since last: 28690125 ns, Reaching safepoint: 40833 ns, At safepoint: 20330375 ns, Total: 20371208 ns
[2023-01-09T09:50:32.489+0000][7][gc,marking  ] GC(13) Concurrent Rebuild Remembered Sets
[2023-01-09T09:50:32.582+0000][7][gc,marking  ] GC(13) Concurrent Rebuild Remembered Sets 92.850ms
[2023-01-09T09:50:32.586+0000][7][gc,start    ] GC(13) Pause Cleanup
[2023-01-09T09:50:32.587+0000][7][gc          ] GC(13) Pause Cleanup 67M->67M(512M) 1.314ms
[2023-01-09T09:50:32.588+0000][7][gc,cpu      ] GC(13) User=0.00s Sys=0.00s Real=0.00s
[2023-01-09T09:50:32.588+0000][7][safepoint   ] Safepoint "G1Concurrent", Time since last: 95918125 ns, Reaching safepoint: 1337167 ns, At safepoint: 2766333 ns, Total: 4103500 ns
[2023-01-09T09:50:32.589+0000][7][gc,marking  ] GC(13) Concurrent Cleanup for Next Mark
[2023-01-09T09:50:32.605+0000][7][gc,marking  ] GC(13) Concurrent Cleanup for Next Mark 15.451ms
[2023-01-09T09:50:32.606+0000][7][gc          ] GC(13) Concurrent Cycle 202.880ms
[2023-01-09T09:50:32.863+0000][7][safepoint   ] Safepoint "ICBufferFull", Time since last: 274290959 ns, Reaching safepoint: 195667 ns, At safepoint: 6750 ns, Total: 202417 ns
[2023-01-09T09:50:33.661+0000][7][safepoint   ] Safepoint "ICBufferFull", Time since last: 797838333 ns, Reaching safepoint: 166250 ns, At safepoint: 2709 ns, Total: 168959 ns
[2023-01-09T09:50:34.217+0000][7][safepoint   ] Safepoint "ICBufferFull", Time since last: 555097791 ns, Reaching safepoint: 348750 ns, At safepoint: 5542 ns, Total: 354292 ns
[2023-01-09T09:50:34.524+0000][7][gc,heap,exit] Heap
[2023-01-09T09:50:34.525+0000][7][gc,heap,exit]  garbage-first heap   total 524288K, used 154565K [0x00000000e0000000, 0x0000000100000000)
[2023-01-09T09:50:34.526+0000][7][gc,heap,exit]   region size 1024K, 104 young (106496K), 13 survivors (13312K)
[2023-01-09T09:50:34.526+0000][7][gc,heap,exit]  Metaspace       used 86268K, capacity 89298K, committed 90240K, reserved 1126400K
[2023-01-09T09:50:34.527+0000][7][gc,heap,exit]   class space    used 11408K, capacity 12371K, committed 12416K, reserved 1048576K
