[2023-02-24T08:25:08.815+0000][7][gc] Using G1
[2023-02-24T08:25:08.929+0000][7][gc,init] Version: 15+36-1562 (release)
[2023-02-24T08:25:08.930+0000][7][gc,init] CPUs: 4 total, 4 available
[2023-02-24T08:25:08.931+0000][7][gc,init] Memory: 7951M
[2023-02-24T08:25:08.932+0000][7][gc,init] Large Page Support: Disabled
[2023-02-24T08:25:08.933+0000][7][gc,init] NUMA Support: Disabled
[2023-02-24T08:25:08.934+0000][7][gc,init] Compressed Oops: Enabled (32-bit)
[2023-02-24T08:25:08.935+0000][7][gc,init] Heap Region Size: 1M
[2023-02-24T08:25:08.936+0000][7][gc,init] Heap Min Capacity: 512M
[2023-02-24T08:25:08.937+0000][7][gc,init] Heap Initial Capacity: 512M
[2023-02-24T08:25:08.938+0000][7][gc,init] Heap Max Capacity: 512M
[2023-02-24T08:25:08.939+0000][7][gc,init] Pre-touch: Enabled
[2023-02-24T08:25:08.940+0000][7][gc,init] Parallel Workers: 4
[2023-02-24T08:25:08.941+0000][7][gc,init] Concurrent Workers: 1
[2023-02-24T08:25:08.943+0000][7][gc,init] Concurrent Refinement Workers: 4
[2023-02-24T08:25:08.945+0000][7][gc,init] Periodic GC: Disabled
[2023-02-24T08:25:08.946+0000][7][gc,metaspace] CDS disabled.
[2023-02-24T08:25:08.947+0000][7][gc,metaspace] Compressed class space mapped at: 0x0000000100000000-0x0000000140000000, size: 1073741824
[2023-02-24T08:25:08.948+0000][7][gc,metaspace] Narrow klass base: 0x0000000000000000, Narrow klass shift: 3, Narrow klass range: 0x140000000
[2023-02-24T08:25:09.435+0000][7][safepoint   ] Safepoint "ICBufferFull", Time since last: 454246333 ns, Reaching safepoint: 562334 ns, At safepoint: 4333 ns, Total: 566667 ns
[2023-02-24T08:25:09.864+0000][7][safepoint   ] Safepoint "ICBufferFull", Time since last: 429066709 ns, Reaching safepoint: 59458 ns, At safepoint: 1625 ns, Total: 61083 ns
[2023-02-24T08:25:10.170+0000][7][safepoint   ] Safepoint "ICBufferFull", Time since last: 304125083 ns, Reaching safepoint: 2535792 ns, At safepoint: 3625 ns, Total: 2539417 ns
[2023-02-24T08:25:10.290+0000][7][gc,start    ] GC(0) Pause Young (Normal) (G1 Evacuation Pause)
[2023-02-24T08:25:10.292+0000][7][gc,task     ] GC(0) Using 4 workers of 4 for evacuation
[2023-02-24T08:25:10.293+0000][7][gc,age      ] GC(0) Desired survivor size 2097152 bytes, new threshold 15 (max threshold 15)
[2023-02-24T08:25:10.312+0000][7][gc,age      ] GC(0) Age table with threshold 15 (max threshold 15)
[2023-02-24T08:25:10.313+0000][7][gc,age      ] GC(0) - age   1:    3949856 bytes,    3949856 total
[2023-02-24T08:25:10.314+0000][7][gc,phases   ] GC(0)   Pre Evacuate Collection Set: 0.1ms
[2023-02-24T08:25:10.315+0000][7][gc,phases   ] GC(0)   Merge Heap Roots: 0.0ms
[2023-02-24T08:25:10.316+0000][7][gc,phases   ] GC(0)   Evacuate Collection Set: 17.2ms
[2023-02-24T08:25:10.316+0000][7][gc,phases   ] GC(0)   Post Evacuate Collection Set: 0.5ms
[2023-02-24T08:25:10.317+0000][7][gc,phases   ] GC(0)   Other: 6.8ms
[2023-02-24T08:25:10.318+0000][7][gc,heap     ] GC(0) Eden regions: 25->0(25)
[2023-02-24T08:25:10.319+0000][7][gc,heap     ] GC(0) Survivor regions: 0->4(4)
[2023-02-24T08:25:10.320+0000][7][gc,heap     ] GC(0) Old regions: 0->0
[2023-02-24T08:25:10.320+0000][7][gc,heap     ] GC(0) Archive regions: 0->0
[2023-02-24T08:25:10.321+0000][7][gc,heap     ] GC(0) Humongous regions: 1->1
[2023-02-24T08:25:10.322+0000][7][gc,metaspace] GC(0) Metaspace: 15750K(16128K)->15750K(16128K) NonClass: 14164K(14336K)->14164K(14336K) Class: 1585K(1792K)->1585K(1792K)
[2023-02-24T08:25:10.323+0000][7][gc          ] GC(0) Pause Young (Normal) (G1 Evacuation Pause) 26M->4M(512M) 33.815ms
[2023-02-24T08:25:10.324+0000][7][gc,cpu      ] GC(0) User=0.02s Sys=0.01s Real=0.03s
[2023-02-24T08:25:10.325+0000][7][safepoint   ] Safepoint "G1CollectForAllocation", Time since last: 119067708 ns, Reaching safepoint: 118375 ns, At safepoint: 36024000 ns, Total: 36142375 ns
[2023-02-24T08:25:11.571+0000][7][safepoint   ] Safepoint "ICBufferFull", Time since last: 1245814542 ns, Reaching safepoint: 98458 ns, At safepoint: 2917 ns, Total: 101375 ns
[2023-02-24T08:25:12.319+0000][7][gc,start    ] GC(1) Pause Young (Concurrent Start) (Metadata GC Threshold)
[2023-02-24T08:25:12.321+0000][7][gc,task     ] GC(1) Using 4 workers of 4 for evacuation
[2023-02-24T08:25:12.322+0000][7][gc,age      ] GC(1) Desired survivor size 2097152 bytes, new threshold 1 (max threshold 15)
[2023-02-24T08:25:12.337+0000][7][gc,age      ] GC(1) Age table with threshold 1 (max threshold 15)
[2023-02-24T08:25:12.339+0000][7][gc,age      ] GC(1) - age   1:    2140280 bytes,    2140280 total
[2023-02-24T08:25:12.341+0000][7][gc,phases   ] GC(1)   Pre Evacuate Collection Set: 0.1ms
[2023-02-24T08:25:12.342+0000][7][gc,phases   ] GC(1)   Merge Heap Roots: 0.0ms
[2023-02-24T08:25:12.343+0000][7][gc,phases   ] GC(1)   Evacuate Collection Set: 14.2ms
[2023-02-24T08:25:12.344+0000][7][gc,phases   ] GC(1)   Post Evacuate Collection Set: 0.8ms
[2023-02-24T08:25:12.345+0000][7][gc,phases   ] GC(1)   Other: 7.4ms
[2023-02-24T08:25:12.346+0000][7][gc,heap     ] GC(1) Eden regions: 23->0(29)
[2023-02-24T08:25:12.347+0000][7][gc,heap     ] GC(1) Survivor regions: 4->3(4)
[2023-02-24T08:25:12.348+0000][7][gc,heap     ] GC(1) Old regions: 0->4
[2023-02-24T08:25:12.348+0000][7][gc,heap     ] GC(1) Archive regions: 0->0
[2023-02-24T08:25:12.349+0000][7][gc,heap     ] GC(1) Humongous regions: 1->1
[2023-02-24T08:25:12.349+0000][7][gc,metaspace] GC(1) Metaspace: 20851K(21248K)->20851K(21248K) NonClass: 18626K(18944K)->18626K(18944K) Class: 2224K(2304K)->2224K(2304K)
[2023-02-24T08:25:12.351+0000][7][gc          ] GC(1) Pause Young (Concurrent Start) (Metadata GC Threshold) 27M->7M(512M) 31.940ms
[2023-02-24T08:25:12.352+0000][7][gc,cpu      ] GC(1) User=0.01s Sys=0.00s Real=0.04s
[2023-02-24T08:25:12.353+0000][7][safepoint   ] Safepoint "CollectForMetadataAllocation", Time since last: 747409084 ns, Reaching safepoint: 96583 ns, At safepoint: 34345875 ns, Total: 34442458 ns
[2023-02-24T08:25:12.353+0000][7][gc          ] GC(2) Concurrent Cycle
[2023-02-24T08:25:12.355+0000][7][gc,marking  ] GC(2) Concurrent Clear Claimed Marks
[2023-02-24T08:25:12.356+0000][7][gc,marking  ] GC(2) Concurrent Clear Claimed Marks 0.705ms
[2023-02-24T08:25:12.357+0000][7][gc,marking  ] GC(2) Concurrent Scan Root Regions
[2023-02-24T08:25:12.360+0000][7][gc,marking  ] GC(2) Concurrent Scan Root Regions 3.065ms
[2023-02-24T08:25:12.361+0000][7][gc,marking  ] GC(2) Concurrent Mark (3.559s)
[2023-02-24T08:25:12.364+0000][7][gc,marking  ] GC(2) Concurrent Mark From Roots
[2023-02-24T08:25:12.365+0000][7][gc,task     ] GC(2) Using 1 workers of 1 for marking
[2023-02-24T08:25:12.367+0000][7][gc,marking  ] GC(2) Concurrent Mark From Roots 3.113ms
[2023-02-24T08:25:12.368+0000][7][gc,marking  ] GC(2) Concurrent Preclean
[2023-02-24T08:25:12.369+0000][7][gc,marking  ] GC(2) Concurrent Preclean 0.875ms
[2023-02-24T08:25:12.371+0000][7][gc,marking  ] GC(2) Concurrent Mark (3.559s, 3.569s) 10.030ms
[2023-02-24T08:25:12.382+0000][7][gc,start    ] GC(2) Pause Remark
[2023-02-24T08:25:12.387+0000][7][gc          ] GC(2) Pause Remark 7M->7M(512M) 5.628ms
[2023-02-24T08:25:12.388+0000][7][gc,cpu      ] GC(2) User=0.00s Sys=0.00s Real=0.00s
[2023-02-24T08:25:12.389+0000][7][safepoint   ] Safepoint "G1Concurrent", Time since last: 19059500 ns, Reaching safepoint: 9482167 ns, At safepoint: 7714208 ns, Total: 17196375 ns
[2023-02-24T08:25:12.390+0000][7][gc,marking  ] GC(2) Concurrent Rebuild Remembered Sets
[2023-02-24T08:25:12.393+0000][7][gc,marking  ] GC(2) Concurrent Rebuild Remembered Sets 2.509ms
[2023-02-24T08:25:12.394+0000][7][gc,start    ] GC(2) Pause Cleanup
[2023-02-24T08:25:12.395+0000][7][gc          ] GC(2) Pause Cleanup 7M->7M(512M) 0.991ms
[2023-02-24T08:25:12.396+0000][7][gc,cpu      ] GC(2) User=0.00s Sys=0.00s Real=0.00s
[2023-02-24T08:25:12.397+0000][7][safepoint   ] Safepoint "G1Concurrent", Time since last: 4124375 ns, Reaching safepoint: 289333 ns, At safepoint: 3414709 ns, Total: 3704042 ns
[2023-02-24T08:25:12.398+0000][7][gc,marking  ] GC(2) Concurrent Cleanup for Next Mark
[2023-02-24T08:25:12.400+0000][7][gc,marking  ] GC(2) Concurrent Cleanup for Next Mark 1.575ms
[2023-02-24T08:25:12.401+0000][7][gc          ] GC(2) Concurrent Cycle 48.001ms
[2023-02-24T08:25:13.476+0000][7][safepoint   ] Safepoint "Cleanup", Time since last: 1077912625 ns, Reaching safepoint: 1182125 ns, At safepoint: 2334 ns, Total: 1184459 ns
[2023-02-24T08:25:13.775+0000][7][gc,start    ] GC(3) Pause Young (Normal) (G1 Evacuation Pause)
[2023-02-24T08:25:13.777+0000][7][gc,task     ] GC(3) Using 4 workers of 4 for evacuation
[2023-02-24T08:25:13.779+0000][7][gc,age      ] GC(3) Desired survivor size 2621440 bytes, new threshold 15 (max threshold 15)
[2023-02-24T08:25:13.804+0000][7][gc,age      ] GC(3) Age table with threshold 15 (max threshold 15)
[2023-02-24T08:25:13.804+0000][7][gc,age      ] GC(3) - age   1:    2231264 bytes,    2231264 total
[2023-02-24T08:25:13.805+0000][7][gc,age      ] GC(3) - age   2:    2119416 bytes,    4350680 total
[2023-02-24T08:25:13.806+0000][7][gc,phases   ] GC(3)   Pre Evacuate Collection Set: 0.1ms
[2023-02-24T08:25:13.807+0000][7][gc,phases   ] GC(3)   Merge Heap Roots: 0.0ms
[2023-02-24T08:25:13.808+0000][7][gc,phases   ] GC(3)   Evacuate Collection Set: 19.6ms
[2023-02-24T08:25:13.809+0000][7][gc,phases   ] GC(3)   Post Evacuate Collection Set: 3.0ms
[2023-02-24T08:25:13.813+0000][7][gc,phases   ] GC(3)   Other: 8.0ms
[2023-02-24T08:25:13.814+0000][7][gc,heap     ] GC(3) Eden regions: 30->0(172)
[2023-02-24T08:25:13.817+0000][7][gc,heap     ] GC(3) Survivor regions: 3->5(5)
[2023-02-24T08:25:13.819+0000][7][gc,heap     ] GC(3) Old regions: 4->4
[2023-02-24T08:25:13.821+0000][7][gc,heap     ] GC(3) Archive regions: 0->0
[2023-02-24T08:25:13.823+0000][7][gc,heap     ] GC(3) Humongous regions: 1->1
[2023-02-24T08:25:13.824+0000][7][gc,metaspace] GC(3) Metaspace: 22501K(23040K)->22501K(23040K) NonClass: 20091K(20480K)->20091K(20480K) Class: 2410K(2560K)->2410K(2560K)
[2023-02-24T08:25:13.825+0000][7][gc          ] GC(3) Pause Young (Normal) (G1 Evacuation Pause) 37M->9M(512M) 49.311ms
[2023-02-24T08:25:13.826+0000][7][gc,cpu      ] GC(3) User=0.02s Sys=0.00s Real=0.05s
[2023-02-24T08:25:13.826+0000][7][safepoint   ] Safepoint "G1CollectForAllocation", Time since last: 299109125 ns, Reaching safepoint: 185375 ns, At safepoint: 50826917 ns, Total: 51012292 ns
[2023-02-24T08:25:13.981+0000][7][safepoint   ] Safepoint "ICBufferFull", Time since last: 154883166 ns, Reaching safepoint: 165917 ns, At safepoint: 8042 ns, Total: 173959 ns
[2023-02-24T08:25:13.990+0000][7][safepoint   ] Safepoint "ICBufferFull", Time since last: 8225291 ns, Reaching safepoint: 388667 ns, At safepoint: 4333 ns, Total: 393000 ns
[2023-02-24T08:25:14.011+0000][7][safepoint   ] Safepoint "ICBufferFull", Time since last: 2575875 ns, Reaching safepoint: 18380250 ns, At safepoint: 11667 ns, Total: 18391917 ns
[2023-02-24T08:25:14.015+0000][7][safepoint   ] Safepoint "ICBufferFull", Time since last: 3250083 ns, Reaching safepoint: 1263625 ns, At safepoint: 3042 ns, Total: 1266667 ns
[2023-02-24T08:25:14.021+0000][7][safepoint   ] Safepoint "ICBufferFull", Time since last: 3900667 ns, Reaching safepoint: 1317208 ns, At safepoint: 3292 ns, Total: 1320500 ns
[2023-02-24T08:25:14.025+0000][7][safepoint   ] Safepoint "ICBufferFull", Time since last: 1953083 ns, Reaching safepoint: 2574167 ns, At safepoint: 3666 ns, Total: 2577833 ns
[2023-02-24T08:25:14.034+0000][7][safepoint   ] Safepoint "ICBufferFull", Time since last: 4272500 ns, Reaching safepoint: 4175167 ns, At safepoint: 5875 ns, Total: 4181042 ns
[2023-02-24T08:25:14.041+0000][7][safepoint   ] Safepoint "ICBufferFull", Time since last: 4101042 ns, Reaching safepoint: 2802750 ns, At safepoint: 7125 ns, Total: 2809875 ns
[2023-02-24T08:25:14.047+0000][7][safepoint   ] Safepoint "ICBufferFull", Time since last: 3724416 ns, Reaching safepoint: 2912417 ns, At safepoint: 3500 ns, Total: 2915917 ns
[2023-02-24T08:25:14.051+0000][7][safepoint   ] Safepoint "ICBufferFull", Time since last: 2012375 ns, Reaching safepoint: 1752125 ns, At safepoint: 3625 ns, Total: 1755750 ns
[2023-02-24T08:25:14.059+0000][7][safepoint   ] Safepoint "ICBufferFull", Time since last: 3792667 ns, Reaching safepoint: 3737625 ns, At safepoint: 3875 ns, Total: 3741500 ns
[2023-02-24T08:25:14.069+0000][7][safepoint   ] Safepoint "ICBufferFull", Time since last: 7155666 ns, Reaching safepoint: 2936875 ns, At safepoint: 4584 ns, Total: 2941459 ns
[2023-02-24T08:25:14.078+0000][7][safepoint   ] Safepoint "ICBufferFull", Time since last: 3384875 ns, Reaching safepoint: 6021166 ns, At safepoint: 9000 ns, Total: 6030166 ns
[2023-02-24T08:25:14.085+0000][7][safepoint   ] Safepoint "ICBufferFull", Time since last: 1454792 ns, Reaching safepoint: 5409542 ns, At safepoint: 6625 ns, Total: 5416167 ns
[2023-02-24T08:25:14.092+0000][7][safepoint   ] Safepoint "ICBufferFull", Time since last: 3880666 ns, Reaching safepoint: 3212959 ns, At safepoint: 7291 ns, Total: 3220250 ns
[2023-02-24T08:25:14.099+0000][7][safepoint   ] Safepoint "ICBufferFull", Time since last: 3763875 ns, Reaching safepoint: 3596542 ns, At safepoint: 102708 ns, Total: 3699250 ns
[2023-02-24T08:25:14.109+0000][7][safepoint   ] Safepoint "ICBufferFull", Time since last: 3304542 ns, Reaching safepoint: 6154125 ns, At safepoint: 14792 ns, Total: 6168917 ns
[2023-02-24T08:25:14.113+0000][7][safepoint   ] Safepoint "ICBufferFull", Time since last: 2776083 ns, Reaching safepoint: 952083 ns, At safepoint: 38667 ns, Total: 990750 ns
[2023-02-24T08:25:14.119+0000][7][safepoint   ] Safepoint "ICBufferFull", Time since last: 5481708 ns, Reaching safepoint: 1226417 ns, At safepoint: 8667 ns, Total: 1235084 ns
[2023-02-24T08:25:14.143+0000][7][safepoint   ] Safepoint "ICBufferFull", Time since last: 13423458 ns, Reaching safepoint: 10612292 ns, At safepoint: 11791 ns, Total: 10624083 ns
[2023-02-24T08:25:14.152+0000][7][safepoint   ] Safepoint "ICBufferFull", Time since last: 3876667 ns, Reaching safepoint: 4721542 ns, At safepoint: 10500 ns, Total: 4732042 ns
[2023-02-24T08:25:14.164+0000][7][safepoint   ] Safepoint "ICBufferFull", Time since last: 3919708 ns, Reaching safepoint: 8277333 ns, At safepoint: 7875 ns, Total: 8285208 ns
[2023-02-24T08:25:14.182+0000][7][safepoint   ] Safepoint "ICBufferFull", Time since last: 4304334 ns, Reaching safepoint: 13381000 ns, At safepoint: 9000 ns, Total: 13390000 ns
[2023-02-24T08:25:14.189+0000][7][safepoint   ] Safepoint "ICBufferFull", Time since last: 2004958 ns, Reaching safepoint: 4928708 ns, At safepoint: 11084 ns, Total: 4939792 ns
[2023-02-24T08:25:14.193+0000][7][safepoint   ] Safepoint "ICBufferFull", Time since last: 1909375 ns, Reaching safepoint: 2249166 ns, At safepoint: 5500 ns, Total: 2254666 ns
[2023-02-24T08:25:14.215+0000][7][safepoint   ] Safepoint "ICBufferFull", Time since last: 8020375 ns, Reaching safepoint: 13879000 ns, At safepoint: 119042 ns, Total: 13998042 ns
[2023-02-24T08:25:14.234+0000][7][safepoint   ] Safepoint "ICBufferFull", Time since last: 5307542 ns, Reaching safepoint: 13576083 ns, At safepoint: 11292 ns, Total: 13587375 ns
[2023-02-24T08:25:14.245+0000][7][safepoint   ] Safepoint "ICBufferFull", Time since last: 3628583 ns, Reaching safepoint: 7393333 ns, At safepoint: 9000 ns, Total: 7402333 ns
[2023-02-24T08:25:14.254+0000][7][safepoint   ] Safepoint "ICBufferFull", Time since last: 8911000 ns, Reaching safepoint: 414959 ns, At safepoint: 4958 ns, Total: 419917 ns
[2023-02-24T08:25:14.257+0000][7][safepoint   ] Safepoint "ICBufferFull", Time since last: 1860833 ns, Reaching safepoint: 420625 ns, At safepoint: 19375 ns, Total: 440000 ns
[2023-02-24T08:25:14.274+0000][7][safepoint   ] Safepoint "ICBufferFull", Time since last: 10101292 ns, Reaching safepoint: 7416375 ns, At safepoint: 76583 ns, Total: 7492958 ns
[2023-02-24T08:25:14.279+0000][7][safepoint   ] Safepoint "ICBufferFull", Time since last: 1787000 ns, Reaching safepoint: 2909584 ns, At safepoint: 8541 ns, Total: 2918125 ns
[2023-02-24T08:25:14.293+0000][7][safepoint   ] Safepoint "ICBufferFull", Time since last: 4346959 ns, Reaching safepoint: 9939916 ns, At safepoint: 9459 ns, Total: 9949375 ns
[2023-02-24T08:25:14.309+0000][7][safepoint   ] Safepoint "ICBufferFull", Time since last: 14978833 ns, Reaching safepoint: 430750 ns, At safepoint: 2500 ns, Total: 433250 ns
[2023-02-24T08:25:14.346+0000][7][safepoint   ] Safepoint "ICBufferFull", Time since last: 36408500 ns, Reaching safepoint: 1271167 ns, At safepoint: 5166 ns, Total: 1276333 ns
[2023-02-24T08:25:14.360+0000][7][safepoint   ] Safepoint "ICBufferFull", Time since last: 11744209 ns, Reaching safepoint: 1727583 ns, At safepoint: 4542 ns, Total: 1732125 ns
[2023-02-24T08:25:14.442+0000][7][safepoint   ] Safepoint "ICBufferFull", Time since last: 82306791 ns, Reaching safepoint: 183250 ns, At safepoint: 3334 ns, Total: 186584 ns
[2023-02-24T08:25:14.493+0000][7][safepoint   ] Safepoint "ICBufferFull", Time since last: 50456666 ns, Reaching safepoint: 58917 ns, At safepoint: 2917 ns, Total: 61834 ns
[2023-02-24T08:25:14.494+0000][7][safepoint   ] Safepoint "ICBufferFull", Time since last: 980166 ns, Reaching safepoint: 322792 ns, At safepoint: 2542 ns, Total: 325334 ns
[2023-02-24T08:25:14.496+0000][7][safepoint   ] Safepoint "ICBufferFull", Time since last: 1292083 ns, Reaching safepoint: 244000 ns, At safepoint: 1875 ns, Total: 245875 ns
[2023-02-24T08:25:14.498+0000][7][safepoint   ] Safepoint "ICBufferFull", Time since last: 1708458 ns, Reaching safepoint: 826042 ns, At safepoint: 3958 ns, Total: 830000 ns
[2023-02-24T08:25:14.507+0000][7][safepoint   ] Safepoint "ICBufferFull", Time since last: 1167875 ns, Reaching safepoint: 7961542 ns, At safepoint: 7958 ns, Total: 7969500 ns
[2023-02-24T08:25:14.512+0000][7][safepoint   ] Safepoint "ICBufferFull", Time since last: 2063917 ns, Reaching safepoint: 2548750 ns, At safepoint: 13542 ns, Total: 2562292 ns
[2023-02-24T08:25:14.515+0000][7][safepoint   ] Safepoint "ICBufferFull", Time since last: 2295416 ns, Reaching safepoint: 353209 ns, At safepoint: 2166 ns, Total: 355375 ns
[2023-02-24T08:25:14.516+0000][7][safepoint   ] Safepoint "ICBufferFull", Time since last: 1599375 ns, Reaching safepoint: 138709 ns, At safepoint: 1833 ns, Total: 140542 ns
[2023-02-24T08:25:14.518+0000][7][safepoint   ] Safepoint "ICBufferFull", Time since last: 943125 ns, Reaching safepoint: 240709 ns, At safepoint: 1708 ns, Total: 242417 ns
[2023-02-24T08:25:14.519+0000][7][safepoint   ] Safepoint "ICBufferFull", Time since last: 969708 ns, Reaching safepoint: 239917 ns, At safepoint: 1500 ns, Total: 241417 ns
[2023-02-24T08:25:14.523+0000][7][safepoint   ] Safepoint "ICBufferFull", Time since last: 1450292 ns, Reaching safepoint: 2908458 ns, At safepoint: 79792 ns, Total: 2988250 ns
[2023-02-24T08:25:14.525+0000][7][safepoint   ] Safepoint "ICBufferFull", Time since last: 1201083 ns, Reaching safepoint: 507542 ns, At safepoint: 2208 ns, Total: 509750 ns
[2023-02-24T08:25:14.529+0000][7][safepoint   ] Safepoint "ICBufferFull", Time since last: 1300125 ns, Reaching safepoint: 2697875 ns, At safepoint: 6500 ns, Total: 2704375 ns
[2023-02-24T08:25:14.531+0000][7][safepoint   ] Safepoint "ICBufferFull", Time since last: 1239542 ns, Reaching safepoint: 396208 ns, At safepoint: 1667 ns, Total: 397875 ns
[2023-02-24T08:25:14.532+0000][7][safepoint   ] Safepoint "ICBufferFull", Time since last: 1087791 ns, Reaching safepoint: 287167 ns, At safepoint: 2125 ns, Total: 289292 ns
[2023-02-24T08:25:14.533+0000][7][safepoint   ] Safepoint "ICBufferFull", Time since last: 1236667 ns, Reaching safepoint: 119041 ns, At safepoint: 1875 ns, Total: 120916 ns
[2023-02-24T08:25:14.534+0000][7][safepoint   ] Safepoint "ICBufferFull", Time since last: 1003750 ns, Reaching safepoint: 106917 ns, At safepoint: 1292 ns, Total: 108209 ns
[2023-02-24T08:25:14.536+0000][7][safepoint   ] Safepoint "ICBufferFull", Time since last: 1129666 ns, Reaching safepoint: 76750 ns, At safepoint: 1500 ns, Total: 78250 ns
[2023-02-24T08:25:14.537+0000][7][safepoint   ] Safepoint "ICBufferFull", Time since last: 1135750 ns, Reaching safepoint: 69917 ns, At safepoint: 1542 ns, Total: 71459 ns
[2023-02-24T08:25:14.538+0000][7][safepoint   ] Safepoint "ICBufferFull", Time since last: 1296875 ns, Reaching safepoint: 186083 ns, At safepoint: 1458 ns, Total: 187541 ns
[2023-02-24T08:25:14.540+0000][7][safepoint   ] Safepoint "ICBufferFull", Time since last: 1145917 ns, Reaching safepoint: 107292 ns, At safepoint: 1625 ns, Total: 108917 ns
[2023-02-24T08:25:14.542+0000][7][safepoint   ] Safepoint "ICBufferFull", Time since last: 2049208 ns, Reaching safepoint: 575250 ns, At safepoint: 2542 ns, Total: 577792 ns
[2023-02-24T08:25:14.544+0000][7][safepoint   ] Safepoint "ICBufferFull", Time since last: 1100208 ns, Reaching safepoint: 517833 ns, At safepoint: 2084 ns, Total: 519917 ns
[2023-02-24T08:25:14.546+0000][7][safepoint   ] Safepoint "ICBufferFull", Time since last: 1475333 ns, Reaching safepoint: 789000 ns, At safepoint: 2000 ns, Total: 791000 ns
[2023-02-24T08:25:14.548+0000][7][safepoint   ] Safepoint "ICBufferFull", Time since last: 1397875 ns, Reaching safepoint: 531542 ns, At safepoint: 3500 ns, Total: 535042 ns
[2023-02-24T08:25:14.550+0000][7][safepoint   ] Safepoint "ICBufferFull", Time since last: 1568666 ns, Reaching safepoint: 116917 ns, At safepoint: 1583 ns, Total: 118500 ns
[2023-02-24T08:25:14.553+0000][7][safepoint   ] Safepoint "ICBufferFull", Time since last: 2054709 ns, Reaching safepoint: 765125 ns, At safepoint: 3500 ns, Total: 768625 ns
[2023-02-24T08:25:14.555+0000][7][safepoint   ] Safepoint "ICBufferFull", Time since last: 1966041 ns, Reaching safepoint: 259917 ns, At safepoint: 3750 ns, Total: 263667 ns
[2023-02-24T08:25:14.557+0000][7][safepoint   ] Safepoint "ICBufferFull", Time since last: 1629292 ns, Reaching safepoint: 411916 ns, At safepoint: 2625 ns, Total: 414541 ns
[2023-02-24T08:25:14.562+0000][7][safepoint   ] Safepoint "ICBufferFull", Time since last: 1949459 ns, Reaching safepoint: 3188750 ns, At safepoint: 5916 ns, Total: 3194666 ns
[2023-02-24T08:25:14.564+0000][7][safepoint   ] Safepoint "ICBufferFull", Time since last: 1585042 ns, Reaching safepoint: 904500 ns, At safepoint: 2917 ns, Total: 907417 ns
[2023-02-24T08:25:14.566+0000][7][safepoint   ] Safepoint "ICBufferFull", Time since last: 981333 ns, Reaching safepoint: 1048667 ns, At safepoint: 3375 ns, Total: 1052042 ns
[2023-02-24T08:25:14.571+0000][7][safepoint   ] Safepoint "ICBufferFull", Time since last: 980000 ns, Reaching safepoint: 3470250 ns, At safepoint: 6916 ns, Total: 3477166 ns
[2023-02-24T08:25:14.573+0000][7][safepoint   ] Safepoint "ICBufferFull", Time since last: 1064917 ns, Reaching safepoint: 1024708 ns, At safepoint: 4084 ns, Total: 1028792 ns
[2023-02-24T08:25:14.579+0000][7][safepoint   ] Safepoint "ICBufferFull", Time since last: 3350083 ns, Reaching safepoint: 2546042 ns, At safepoint: 5458 ns, Total: 2551500 ns
[2023-02-24T08:25:14.582+0000][7][safepoint   ] Safepoint "ICBufferFull", Time since last: 2642042 ns, Reaching safepoint: 612333 ns, At safepoint: 3333 ns, Total: 615666 ns
[2023-02-24T08:25:14.590+0000][7][safepoint   ] Safepoint "ICBufferFull", Time since last: 2658834 ns, Reaching safepoint: 5069458 ns, At safepoint: 9000 ns, Total: 5078458 ns
[2023-02-24T08:25:14.594+0000][7][safepoint   ] Safepoint "ICBufferFull", Time since last: 2360292 ns, Reaching safepoint: 1939416 ns, At safepoint: 5584 ns, Total: 1945000 ns
[2023-02-24T08:25:14.598+0000][7][safepoint   ] Safepoint "ICBufferFull", Time since last: 3543833 ns, Reaching safepoint: 188458 ns, At safepoint: 3584 ns, Total: 192042 ns
[2023-02-24T08:25:14.602+0000][7][safepoint   ] Safepoint "ICBufferFull", Time since last: 3250541 ns, Reaching safepoint: 1131292 ns, At safepoint: 4625 ns, Total: 1135917 ns
[2023-02-24T08:25:14.606+0000][7][safepoint   ] Safepoint "ICBufferFull", Time since last: 1865083 ns, Reaching safepoint: 1578625 ns, At safepoint: 4334 ns, Total: 1582959 ns
[2023-02-24T08:25:14.609+0000][7][safepoint   ] Safepoint "ICBufferFull", Time since last: 1764208 ns, Reaching safepoint: 1277250 ns, At safepoint: 4167 ns, Total: 1281417 ns
[2023-02-24T08:25:14.654+0000][7][safepoint   ] Safepoint "ICBufferFull", Time since last: 43169666 ns, Reaching safepoint: 2431167 ns, At safepoint: 7125 ns, Total: 2438292 ns
[2023-02-24T08:25:14.659+0000][7][safepoint   ] Safepoint "ICBufferFull", Time since last: 2174250 ns, Reaching safepoint: 2203875 ns, At safepoint: 7833 ns, Total: 2211708 ns
[2023-02-24T08:25:14.662+0000][7][safepoint   ] Safepoint "ICBufferFull", Time since last: 2454709 ns, Reaching safepoint: 484125 ns, At safepoint: 4333 ns, Total: 488458 ns
[2023-02-24T08:25:14.668+0000][7][safepoint   ] Safepoint "ICBufferFull", Time since last: 1516875 ns, Reaching safepoint: 4255250 ns, At safepoint: 10208 ns, Total: 4265458 ns
[2023-02-24T08:25:14.671+0000][7][safepoint   ] Safepoint "ICBufferFull", Time since last: 2477125 ns, Reaching safepoint: 1093292 ns, At safepoint: 10125 ns, Total: 1103417 ns
[2023-02-24T08:25:14.673+0000][7][safepoint   ] Safepoint "ICBufferFull", Time since last: 1226000 ns, Reaching safepoint: 851333 ns, At safepoint: 4959 ns, Total: 856292 ns
[2023-02-24T08:25:14.678+0000][7][safepoint   ] Safepoint "ICBufferFull", Time since last: 1450916 ns, Reaching safepoint: 2883959 ns, At safepoint: 6750 ns, Total: 2890709 ns
[2023-02-24T08:25:14.679+0000][7][safepoint   ] Safepoint "ICBufferFull", Time since last: 1227041 ns, Reaching safepoint: 413209 ns, At safepoint: 2333 ns, Total: 415542 ns
[2023-02-24T08:25:14.681+0000][7][safepoint   ] Safepoint "ICBufferFull", Time since last: 1190917 ns, Reaching safepoint: 667041 ns, At safepoint: 3917 ns, Total: 670958 ns
[2023-02-24T08:25:14.683+0000][7][safepoint   ] Safepoint "ICBufferFull", Time since last: 1085042 ns, Reaching safepoint: 695833 ns, At safepoint: 4000 ns, Total: 699833 ns
[2023-02-24T08:25:14.685+0000][7][safepoint   ] Safepoint "ICBufferFull", Time since last: 891625 ns, Reaching safepoint: 856458 ns, At safepoint: 4750 ns, Total: 861208 ns
[2023-02-24T08:25:14.693+0000][7][safepoint   ] Safepoint "ICBufferFull", Time since last: 827250 ns, Reaching safepoint: 7287084 ns, At safepoint: 6416 ns, Total: 7293500 ns
[2023-02-24T08:25:14.700+0000][7][safepoint   ] Safepoint "ICBufferFull", Time since last: 921792 ns, Reaching safepoint: 6291417 ns, At safepoint: 10166 ns, Total: 6301583 ns
[2023-02-24T08:25:14.704+0000][7][safepoint   ] Safepoint "ICBufferFull", Time since last: 1470709 ns, Reaching safepoint: 2577041 ns, At safepoint: 8667 ns, Total: 2585708 ns
[2023-02-24T08:25:14.710+0000][7][safepoint   ] Safepoint "ICBufferFull", Time since last: 1317792 ns, Reaching safepoint: 4809166 ns, At safepoint: 7000 ns, Total: 4816166 ns
[2023-02-24T08:25:14.714+0000][7][safepoint   ] Safepoint "ICBufferFull", Time since last: 1055167 ns, Reaching safepoint: 2514500 ns, At safepoint: 6125 ns, Total: 2520625 ns
[2023-02-24T08:25:14.720+0000][7][safepoint   ] Safepoint "ICBufferFull", Time since last: 1304583 ns, Reaching safepoint: 4975375 ns, At safepoint: 7792 ns, Total: 4983167 ns
[2023-02-24T08:25:14.727+0000][7][safepoint   ] Safepoint "ICBufferFull", Time since last: 4210458 ns, Reaching safepoint: 2870334 ns, At safepoint: 5750 ns, Total: 2876084 ns
[2023-02-24T08:25:14.730+0000][7][safepoint   ] Safepoint "ICBufferFull", Time since last: 1341625 ns, Reaching safepoint: 1918041 ns, At safepoint: 4959 ns, Total: 1923000 ns
[2023-02-24T08:25:14.737+0000][7][safepoint   ] Safepoint "ICBufferFull", Time since last: 1494583 ns, Reaching safepoint: 5112750 ns, At safepoint: 12208 ns, Total: 5124958 ns
[2023-02-24T08:25:14.742+0000][7][safepoint   ] Safepoint "ICBufferFull", Time since last: 1363167 ns, Reaching safepoint: 3811583 ns, At safepoint: 10250 ns, Total: 3821833 ns
[2023-02-24T08:25:14.744+0000][7][safepoint   ] Safepoint "ICBufferFull", Time since last: 1443709 ns, Reaching safepoint: 461791 ns, At safepoint: 5834 ns, Total: 467625 ns
[2023-02-24T08:25:14.745+0000][7][safepoint   ] Safepoint "ICBufferFull", Time since last: 1220625 ns, Reaching safepoint: 148000 ns, At safepoint: 2166 ns, Total: 150166 ns
[2023-02-24T08:25:14.748+0000][7][safepoint   ] Safepoint "ICBufferFull", Time since last: 1597625 ns, Reaching safepoint: 1297292 ns, At safepoint: 4333 ns, Total: 1301625 ns
[2023-02-24T08:25:14.755+0000][7][safepoint   ] Safepoint "ICBufferFull", Time since last: 1099584 ns, Reaching safepoint: 5472791 ns, At safepoint: 7375 ns, Total: 5480166 ns
[2023-02-24T08:25:14.758+0000][7][safepoint   ] Safepoint "ICBufferFull", Time since last: 1333042 ns, Reaching safepoint: 1319583 ns, At safepoint: 3209 ns, Total: 1322792 ns
[2023-02-24T08:25:14.760+0000][7][safepoint   ] Safepoint "ICBufferFull", Time since last: 1876791 ns, Reaching safepoint: 200209 ns, At safepoint: 3375 ns, Total: 203584 ns
[2023-02-24T08:25:14.762+0000][7][safepoint   ] Safepoint "ICBufferFull", Time since last: 1334125 ns, Reaching safepoint: 1082791 ns, At safepoint: 5834 ns, Total: 1088625 ns
[2023-02-24T08:25:14.764+0000][7][safepoint   ] Safepoint "ICBufferFull", Time since last: 1469166 ns, Reaching safepoint: 449709 ns, At safepoint: 2500 ns, Total: 452209 ns
[2023-02-24T08:25:14.769+0000][7][safepoint   ] Safepoint "ICBufferFull", Time since last: 1071416 ns, Reaching safepoint: 3827875 ns, At safepoint: 7750 ns, Total: 3835625 ns
[2023-02-24T08:25:14.774+0000][7][safepoint   ] Safepoint "ICBufferFull", Time since last: 1445459 ns, Reaching safepoint: 3941208 ns, At safepoint: 12042 ns, Total: 3953250 ns
[2023-02-24T08:25:14.776+0000][7][safepoint   ] Safepoint "ICBufferFull", Time since last: 1303791 ns, Reaching safepoint: 459750 ns, At safepoint: 6292 ns, Total: 466042 ns
[2023-02-24T08:25:14.778+0000][7][safepoint   ] Safepoint "ICBufferFull", Time since last: 1442667 ns, Reaching safepoint: 423458 ns, At safepoint: 3500 ns, Total: 426958 ns
[2023-02-24T08:25:14.779+0000][7][safepoint   ] Safepoint "ICBufferFull", Time since last: 1318458 ns, Reaching safepoint: 141125 ns, At safepoint: 2209 ns, Total: 143334 ns
[2023-02-24T08:25:14.781+0000][7][safepoint   ] Safepoint "ICBufferFull", Time since last: 1229083 ns, Reaching safepoint: 139083 ns, At safepoint: 2375 ns, Total: 141458 ns
[2023-02-24T08:25:14.787+0000][7][safepoint   ] Safepoint "ICBufferFull", Time since last: 1476959 ns, Reaching safepoint: 4314625 ns, At safepoint: 8791 ns, Total: 4323416 ns
[2023-02-24T08:25:14.790+0000][7][safepoint   ] Safepoint "ICBufferFull", Time since last: 1895084 ns, Reaching safepoint: 1157791 ns, At safepoint: 4167 ns, Total: 1161958 ns
[2023-02-24T08:25:14.795+0000][7][safepoint   ] Safepoint "ICBufferFull", Time since last: 1578833 ns, Reaching safepoint: 3728000 ns, At safepoint: 8500 ns, Total: 3736500 ns
[2023-02-24T08:25:14.800+0000][7][safepoint   ] Safepoint "ICBufferFull", Time since last: 1439334 ns, Reaching safepoint: 3846583 ns, At safepoint: 8333 ns, Total: 3854916 ns
[2023-02-24T08:25:14.802+0000][7][safepoint   ] Safepoint "ICBufferFull", Time since last: 1294417 ns, Reaching safepoint: 270750 ns, At safepoint: 3208 ns, Total: 273958 ns
[2023-02-24T08:25:15.547+0000][7][safepoint   ] Safepoint "ICBufferFull", Time since last: 745178834 ns, Reaching safepoint: 103500 ns, At safepoint: 1833 ns, Total: 105333 ns
[2023-02-24T08:25:15.742+0000][7][gc,start    ] GC(4) Pause Young (Normal) (G1 Evacuation Pause)
[2023-02-24T08:25:15.744+0000][7][gc,task     ] GC(4) Using 4 workers of 4 for evacuation
[2023-02-24T08:25:15.745+0000][7][gc,age      ] GC(4) Desired survivor size 12058624 bytes, new threshold 15 (max threshold 15)
[2023-02-24T08:25:15.773+0000][7][gc,age      ] GC(4) Age table with threshold 15 (max threshold 15)
[2023-02-24T08:25:15.774+0000][7][gc,age      ] GC(4) - age   1:    6187320 bytes,    6187320 total
[2023-02-24T08:25:15.775+0000][7][gc,age      ] GC(4) - age   2:    1152008 bytes,    7339328 total
[2023-02-24T08:25:15.776+0000][7][gc,age      ] GC(4) - age   3:    2105104 bytes,    9444432 total
[2023-02-24T08:25:15.778+0000][7][gc,phases   ] GC(4)   Pre Evacuate Collection Set: 0.3ms
[2023-02-24T08:25:15.778+0000][7][gc,phases   ] GC(4)   Merge Heap Roots: 0.5ms
[2023-02-24T08:25:15.779+0000][7][gc,phases   ] GC(4)   Evacuate Collection Set: 25.3ms
[2023-02-24T08:25:15.780+0000][7][gc,phases   ] GC(4)   Post Evacuate Collection Set: 0.9ms
[2023-02-24T08:25:15.781+0000][7][gc,phases   ] GC(4)   Other: 8.2ms
[2023-02-24T08:25:15.782+0000][7][gc,heap     ] GC(4) Eden regions: 172->0(297)
[2023-02-24T08:25:15.783+0000][7][gc,heap     ] GC(4) Survivor regions: 5->10(23)
[2023-02-24T08:25:15.783+0000][7][gc,heap     ] GC(4) Old regions: 4->4
[2023-02-24T08:25:15.785+0000][7][gc,heap     ] GC(4) Archive regions: 0->0
[2023-02-24T08:25:15.786+0000][7][gc,heap     ] GC(4) Humongous regions: 2->1
[2023-02-24T08:25:15.787+0000][7][gc,metaspace] GC(4) Metaspace: 25955K(26624K)->25955K(26624K) NonClass: 23078K(23552K)->23078K(23552K) Class: 2877K(3072K)->2877K(3072K)
[2023-02-24T08:25:15.788+0000][7][gc          ] GC(4) Pause Young (Normal) (G1 Evacuation Pause) 182M->14M(512M) 45.163ms
[2023-02-24T08:25:15.788+0000][7][gc,cpu      ] GC(4) User=0.02s Sys=0.01s Real=0.04s
[2023-02-24T08:25:15.789+0000][7][safepoint   ] Safepoint "G1CollectForAllocation", Time since last: 195210500 ns, Reaching safepoint: 141000 ns, At safepoint: 46642625 ns, Total: 46783625 ns
[2023-02-24T08:25:16.243+0000][7][safepoint   ] Safepoint "ICBufferFull", Time since last: 453701834 ns, Reaching safepoint: 260375 ns, At safepoint: 2208 ns, Total: 262583 ns
[2023-02-24T08:25:16.660+0000][7][gc,start    ] GC(5) Pause Young (Normal) (G1 Evacuation Pause)
[2023-02-24T08:25:16.662+0000][7][gc,task     ] GC(5) Using 4 workers of 4 for evacuation
[2023-02-24T08:25:16.665+0000][7][gc,age      ] GC(5) Desired survivor size 20447232 bytes, new threshold 15 (max threshold 15)
[2023-02-24T08:25:16.698+0000][7][gc,age      ] GC(5) Age table with threshold 15 (max threshold 15)
[2023-02-24T08:25:16.699+0000][7][gc,age      ] GC(5) - age   1:    5237168 bytes,    5237168 total
[2023-02-24T08:25:16.700+0000][7][gc,age      ] GC(5) - age   2:    4279792 bytes,    9516960 total
[2023-02-24T08:25:16.701+0000][7][gc,age      ] GC(5) - age   3:    1151832 bytes,   10668792 total
[2023-02-24T08:25:16.702+0000][7][gc,age      ] GC(5) - age   4:    2105104 bytes,   12773896 total
[2023-02-24T08:25:16.703+0000][7][gc,phases   ] GC(5)   Pre Evacuate Collection Set: 0.5ms
[2023-02-24T08:25:16.704+0000][7][gc,phases   ] GC(5)   Merge Heap Roots: 6.3ms
[2023-02-24T08:25:16.705+0000][7][gc,phases   ] GC(5)   Evacuate Collection Set: 20.5ms
[2023-02-24T08:25:16.707+0000][7][gc,phases   ] GC(5)   Post Evacuate Collection Set: 4.4ms
[2023-02-24T08:25:16.707+0000][7][gc,phases   ] GC(5)   Other: 11.6ms
[2023-02-24T08:25:16.709+0000][7][gc,heap     ] GC(5) Eden regions: 297->0(293)
[2023-02-24T08:25:16.709+0000][7][gc,heap     ] GC(5) Survivor regions: 10->14(39)
[2023-02-24T08:25:16.710+0000][7][gc,heap     ] GC(5) Old regions: 4->4
[2023-02-24T08:25:16.711+0000][7][gc,heap     ] GC(5) Archive regions: 0->0
[2023-02-24T08:25:16.712+0000][7][gc,heap     ] GC(5) Humongous regions: 1->1
[2023-02-24T08:25:16.713+0000][7][gc,metaspace] GC(5) Metaspace: 27672K(28672K)->27672K(28672K) NonClass: 24600K(25344K)->24600K(25344K) Class: 3071K(3328K)->3071K(3328K)
[2023-02-24T08:25:16.715+0000][7][gc          ] GC(5) Pause Young (Normal) (G1 Evacuation Pause) 311M->18M(512M) 54.686ms
[2023-02-24T08:25:16.715+0000][7][gc,cpu      ] GC(5) User=0.02s Sys=0.00s Real=0.05s
[2023-02-24T08:25:16.716+0000][7][safepoint   ] Safepoint "G1CollectForAllocation", Time since last: 416670792 ns, Reaching safepoint: 180375 ns, At safepoint: 56490917 ns, Total: 56671292 ns
[2023-02-24T08:25:17.577+0000][7][gc,start    ] GC(6) Pause Young (Normal) (G1 Evacuation Pause)
[2023-02-24T08:25:17.578+0000][7][gc,task     ] GC(6) Using 4 workers of 4 for evacuation
[2023-02-24T08:25:17.579+0000][7][gc,age      ] GC(6) Desired survivor size 20447232 bytes, new threshold 15 (max threshold 15)
[2023-02-24T08:25:17.609+0000][7][gc,age      ] GC(6) Age table with threshold 15 (max threshold 15)
[2023-02-24T08:25:17.610+0000][7][gc,age      ] GC(6) - age   1:    2307544 bytes,    2307544 total
[2023-02-24T08:25:17.611+0000][7][gc,age      ] GC(6) - age   2:    3285104 bytes,    5592648 total
[2023-02-24T08:25:17.612+0000][7][gc,age      ] GC(6) - age   3:    4275488 bytes,    9868136 total
[2023-02-24T08:25:17.613+0000][7][gc,age      ] GC(6) - age   4:    1151688 bytes,   11019824 total
[2023-02-24T08:25:17.614+0000][7][gc,age      ] GC(6) - age   5:    2105104 bytes,   13124928 total
[2023-02-24T08:25:17.614+0000][7][gc,phases   ] GC(6)   Pre Evacuate Collection Set: 0.2ms
[2023-02-24T08:25:17.616+0000][7][gc,phases   ] GC(6)   Merge Heap Roots: 0.0ms
[2023-02-24T08:25:17.617+0000][7][gc,phases   ] GC(6)   Evacuate Collection Set: 23.3ms
[2023-02-24T08:25:17.618+0000][7][gc,phases   ] GC(6)   Post Evacuate Collection Set: 6.0ms
[2023-02-24T08:25:17.618+0000][7][gc,phases   ] GC(6)   Other: 7.6ms
[2023-02-24T08:25:17.619+0000][7][gc,heap     ] GC(6) Eden regions: 293->0(293)
[2023-02-24T08:25:17.620+0000][7][gc,heap     ] GC(6) Survivor regions: 14->14(39)
[2023-02-24T08:25:17.621+0000][7][gc,heap     ] GC(6) Old regions: 4->4
[2023-02-24T08:25:17.621+0000][7][gc,heap     ] GC(6) Archive regions: 0->0
[2023-02-24T08:25:17.622+0000][7][gc,heap     ] GC(6) Humongous regions: 1->1
[2023-02-24T08:25:17.623+0000][7][gc,metaspace] GC(6) Metaspace: 28041K(29312K)->28041K(29312K) NonClass: 24902K(25856K)->24902K(25856K) Class: 3139K(3456K)->3139K(3456K)
[2023-02-24T08:25:17.624+0000][7][gc          ] GC(6) Pause Young (Normal) (G1 Evacuation Pause) 311M->18M(512M) 46.454ms
[2023-02-24T08:25:17.624+0000][7][gc,cpu      ] GC(6) User=0.02s Sys=0.01s Real=0.05s
[2023-02-24T08:25:17.625+0000][7][safepoint   ] Safepoint "G1CollectForAllocation", Time since last: 860354584 ns, Reaching safepoint: 430583 ns, At safepoint: 47666917 ns, Total: 48097500 ns
[2023-02-24T08:25:18.322+0000][7][gc,start    ] GC(7) Pause Young (Normal) (G1 Evacuation Pause)
[2023-02-24T08:25:18.323+0000][7][gc,task     ] GC(7) Using 4 workers of 4 for evacuation
[2023-02-24T08:25:18.324+0000][7][gc,age      ] GC(7) Desired survivor size 20447232 bytes, new threshold 15 (max threshold 15)
[2023-02-24T08:25:18.344+0000][7][gc,age      ] GC(7) Age table with threshold 15 (max threshold 15)
[2023-02-24T08:25:18.345+0000][7][gc,age      ] GC(7) - age   1:    3296880 bytes,    3296880 total
[2023-02-24T08:25:18.347+0000][7][gc,age      ] GC(7) - age   2:     610984 bytes,    3907864 total
[2023-02-24T08:25:18.347+0000][7][gc,age      ] GC(7) - age   3:    3283328 bytes,    7191192 total
[2023-02-24T08:25:18.348+0000][7][gc,age      ] GC(7) - age   4:    4275048 bytes,   11466240 total
[2023-02-24T08:25:18.349+0000][7][gc,age      ] GC(7) - age   5:    1151688 bytes,   12617928 total
[2023-02-24T08:25:18.351+0000][7][gc,age      ] GC(7) - age   6:    2105104 bytes,   14723032 total
[2023-02-24T08:25:18.351+0000][7][gc,phases   ] GC(7)   Pre Evacuate Collection Set: 0.5ms
[2023-02-24T08:25:18.352+0000][7][gc,phases   ] GC(7)   Merge Heap Roots: 0.1ms
[2023-02-24T08:25:18.353+0000][7][gc,phases   ] GC(7)   Evacuate Collection Set: 17.8ms
[2023-02-24T08:25:18.354+0000][7][gc,phases   ] GC(7)   Post Evacuate Collection Set: 0.7ms
[2023-02-24T08:25:18.355+0000][7][gc,phases   ] GC(7)   Other: 10.2ms
[2023-02-24T08:25:18.355+0000][7][gc,heap     ] GC(7) Eden regions: 293->0(292)
[2023-02-24T08:25:18.357+0000][7][gc,heap     ] GC(7) Survivor regions: 14->15(39)
[2023-02-24T08:25:18.358+0000][7][gc,heap     ] GC(7) Old regions: 4->4
[2023-02-24T08:25:18.359+0000][7][gc,heap     ] GC(7) Archive regions: 0->0
[2023-02-24T08:25:18.360+0000][7][gc,heap     ] GC(7) Humongous regions: 1->1
[2023-02-24T08:25:18.362+0000][7][gc,metaspace] GC(7) Metaspace: 28589K(29952K)->28589K(29952K) NonClass: 25369K(26368K)->25369K(26368K) Class: 3220K(3584K)->3220K(3584K)
[2023-02-24T08:25:18.363+0000][7][gc          ] GC(7) Pause Young (Normal) (G1 Evacuation Pause) 311M->19M(512M) 41.179ms
[2023-02-24T08:25:18.364+0000][7][gc,cpu      ] GC(7) User=0.02s Sys=0.00s Real=0.04s
[2023-02-24T08:25:18.365+0000][7][safepoint   ] Safepoint "G1CollectForAllocation", Time since last: 693682167 ns, Reaching safepoint: 3488208 ns, At safepoint: 42829875 ns, Total: 46318083 ns
[2023-02-24T08:25:18.911+0000][7][safepoint   ] Safepoint "ICBufferFull", Time since last: 540500459 ns, Reaching safepoint: 5796041 ns, At safepoint: 7750 ns, Total: 5803791 ns
[2023-02-24T08:25:19.229+0000][7][gc,start    ] GC(8) Pause Young (Concurrent Start) (Metadata GC Threshold)
[2023-02-24T08:25:19.233+0000][7][gc,task     ] GC(8) Using 4 workers of 4 for evacuation
[2023-02-24T08:25:19.235+0000][7][gc,age      ] GC(8) Desired survivor size 20447232 bytes, new threshold 15 (max threshold 15)
[2023-02-24T08:25:19.262+0000][7][gc,age      ] GC(8) Age table with threshold 15 (max threshold 15)
[2023-02-24T08:25:19.263+0000][7][gc,age      ] GC(8) - age   1:    2177704 bytes,    2177704 total
[2023-02-24T08:25:19.264+0000][7][gc,age      ] GC(8) - age   2:    2298816 bytes,    4476520 total
[2023-02-24T08:25:19.265+0000][7][gc,age      ] GC(8) - age   3:     599496 bytes,    5076016 total
[2023-02-24T08:25:19.266+0000][7][gc,age      ] GC(8) - age   4:    3268048 bytes,    8344064 total
[2023-02-24T08:25:19.267+0000][7][gc,age      ] GC(8) - age   5:    4264856 bytes,   12608920 total
[2023-02-24T08:25:19.268+0000][7][gc,age      ] GC(8) - age   6:    1121272 bytes,   13730192 total
[2023-02-24T08:25:19.269+0000][7][gc,age      ] GC(8) - age   7:    2102208 bytes,   15832400 total
[2023-02-24T08:25:19.270+0000][7][gc,phases   ] GC(8)   Pre Evacuate Collection Set: 0.4ms
[2023-02-24T08:25:19.271+0000][7][gc,phases   ] GC(8)   Merge Heap Roots: 0.0ms
[2023-02-24T08:25:19.272+0000][7][gc,phases   ] GC(8)   Evacuate Collection Set: 17.5ms
[2023-02-24T08:25:19.273+0000][7][gc,phases   ] GC(8)   Post Evacuate Collection Set: 8.2ms
[2023-02-24T08:25:19.274+0000][7][gc,phases   ] GC(8)   Other: 14.9ms
[2023-02-24T08:25:19.275+0000][7][gc,heap     ] GC(8) Eden regions: 147->0(291)
[2023-02-24T08:25:19.276+0000][7][gc,heap     ] GC(8) Survivor regions: 15->16(39)
[2023-02-24T08:25:19.277+0000][7][gc,heap     ] GC(8) Old regions: 4->4
[2023-02-24T08:25:19.278+0000][7][gc,heap     ] GC(8) Archive regions: 0->0
[2023-02-24T08:25:19.279+0000][7][gc,heap     ] GC(8) Humongous regions: 1->1
[2023-02-24T08:25:19.280+0000][7][gc,metaspace] GC(8) Metaspace: 33997K(35584K)->33997K(35584K) NonClass: 30063K(31232K)->30063K(31232K) Class: 3933K(4352K)->3933K(4352K)
[2023-02-24T08:25:19.281+0000][7][gc          ] GC(8) Pause Young (Concurrent Start) (Metadata GC Threshold) 166M->20M(512M) 51.871ms
[2023-02-24T08:25:19.282+0000][7][gc,cpu      ] GC(8) User=0.02s Sys=0.01s Real=0.05s
[2023-02-24T08:25:19.284+0000][7][gc          ] GC(9) Concurrent Cycle
[2023-02-24T08:25:19.285+0000][7][gc,marking  ] GC(9) Concurrent Clear Claimed Marks
[2023-02-24T08:25:19.286+0000][7][gc,marking  ] GC(9) Concurrent Clear Claimed Marks 0.889ms
[2023-02-24T08:25:19.286+0000][7][gc,marking  ] GC(9) Concurrent Scan Root Regions
[2023-02-24T08:25:19.284+0000][7][safepoint   ] Safepoint "CollectForMetadataAllocation", Time since last: 317850250 ns, Reaching safepoint: 220375 ns, At safepoint: 55131584 ns, Total: 55351959 ns
[2023-02-24T08:25:19.291+0000][7][gc,marking  ] GC(9) Concurrent Scan Root Regions 5.091ms
[2023-02-24T08:25:19.292+0000][7][gc,marking  ] GC(9) Concurrent Mark (10.490s)
[2023-02-24T08:25:19.296+0000][7][gc,marking  ] GC(9) Concurrent Mark From Roots
[2023-02-24T08:25:19.297+0000][7][gc,task     ] GC(9) Using 1 workers of 1 for marking
[2023-02-24T08:25:19.304+0000][7][gc,marking  ] GC(9) Concurrent Mark From Roots 8.493ms
[2023-02-24T08:25:19.306+0000][7][gc,marking  ] GC(9) Concurrent Preclean
[2023-02-24T08:25:19.306+0000][7][gc,marking  ] GC(9) Concurrent Preclean 0.768ms
[2023-02-24T08:25:19.307+0000][7][gc,marking  ] GC(9) Concurrent Mark (10.490s, 10.505s) 14.808ms
[2023-02-24T08:25:19.311+0000][7][safepoint   ] Safepoint "CollectForMetadataAllocation", Time since last: 24225791 ns, Reaching safepoint: 2729834 ns, At safepoint: 77250 ns, Total: 2807084 ns
[2023-02-24T08:25:19.316+0000][7][gc,start    ] GC(9) Pause Remark
[2023-02-24T08:25:19.325+0000][7][gc          ] GC(9) Pause Remark 22M->22M(512M) 9.165ms
[2023-02-24T08:25:19.326+0000][7][gc,cpu      ] GC(9) User=0.00s Sys=0.00s Real=0.01s
[2023-02-24T08:25:19.327+0000][7][safepoint   ] Safepoint "G1Concurrent", Time since last: 2926083 ns, Reaching safepoint: 1450417 ns, At safepoint: 11453875 ns, Total: 12904292 ns
[2023-02-24T08:25:19.328+0000][7][gc,marking  ] GC(9) Concurrent Rebuild Remembered Sets
[2023-02-24T08:25:19.331+0000][7][gc,marking  ] GC(9) Concurrent Rebuild Remembered Sets 3.249ms
[2023-02-24T08:25:19.334+0000][7][gc,start    ] GC(9) Pause Cleanup
[2023-02-24T08:25:19.334+0000][7][gc          ] GC(9) Pause Cleanup 22M->22M(512M) 0.885ms
[2023-02-24T08:25:19.335+0000][7][gc,cpu      ] GC(9) User=0.00s Sys=0.00s Real=0.00s
[2023-02-24T08:25:19.336+0000][7][safepoint   ] Safepoint "G1Concurrent", Time since last: 5831000 ns, Reaching safepoint: 492625 ns, At safepoint: 2723750 ns, Total: 3216375 ns
[2023-02-24T08:25:19.337+0000][7][gc,marking  ] GC(9) Concurrent Cleanup for Next Mark
[2023-02-24T08:25:19.339+0000][7][gc,marking  ] GC(9) Concurrent Cleanup for Next Mark 1.626ms
[2023-02-24T08:25:19.341+0000][7][gc          ] GC(9) Concurrent Cycle 56.531ms
[2023-02-24T08:25:20.140+0000][7][safepoint   ] Safepoint "ICBufferFull", Time since last: 803998750 ns, Reaching safepoint: 192625 ns, At safepoint: 2250 ns, Total: 194875 ns
[2023-02-24T08:25:21.144+0000][7][safepoint   ] Safepoint "Cleanup", Time since last: 1003498334 ns, Reaching safepoint: 115417 ns, At safepoint: 1208 ns, Total: 116625 ns
[2023-02-24T08:25:21.865+0000][7][safepoint   ] Safepoint "ICBufferFull", Time since last: 720852542 ns, Reaching safepoint: 207083 ns, At safepoint: 2125 ns, Total: 209208 ns
[2023-02-24T08:25:22.492+0000][7][safepoint   ] Safepoint "ICBufferFull", Time since last: 621354209 ns, Reaching safepoint: 5129708 ns, At safepoint: 5917 ns, Total: 5135625 ns
[2023-02-24T08:25:22.647+0000][7][gc,start    ] GC(10) Pause Young (Concurrent Start) (G1 Evacuation Pause)
[2023-02-24T08:25:22.648+0000][7][gc,task     ] GC(10) Using 4 workers of 4 for evacuation
[2023-02-24T08:25:22.649+0000][7][gc,age      ] GC(10) Desired survivor size 20447232 bytes, new threshold 15 (max threshold 15)
[2023-02-24T08:25:22.724+0000][7][gc,age      ] GC(10) Age table with threshold 15 (max threshold 15)
[2023-02-24T08:25:22.729+0000][7][gc,age      ] GC(10) - age   1:   24776432 bytes,   24776432 total
[2023-02-24T08:25:22.730+0000][7][gc,age      ] GC(10) - age   2:    2024568 bytes,   26801000 total
[2023-02-24T08:25:22.731+0000][7][gc,age      ] GC(10) - age   3:    2295272 bytes,   29096272 total
[2023-02-24T08:25:22.732+0000][7][gc,age      ] GC(10) - age   4:     594248 bytes,   29690520 total
[2023-02-24T08:25:22.732+0000][7][gc,age      ] GC(10) - age   5:    3256072 bytes,   32946592 total
[2023-02-24T08:25:22.733+0000][7][gc,age      ] GC(10) - age   6:    4237224 bytes,   37183816 total
[2023-02-24T08:25:22.734+0000][7][gc,age      ] GC(10) - age   7:    1100968 bytes,   38284784 total
[2023-02-24T08:25:22.735+0000][7][gc,age      ] GC(10) - age   8:    2094512 bytes,   40379296 total
[2023-02-24T08:25:22.736+0000][7][gc,phases   ] GC(10)   Pre Evacuate Collection Set: 0.1ms
[2023-02-24T08:25:22.737+0000][7][gc,phases   ] GC(10)   Merge Heap Roots: 0.1ms
[2023-02-24T08:25:22.738+0000][7][gc,phases   ] GC(10)   Evacuate Collection Set: 67.6ms
[2023-02-24T08:25:22.738+0000][7][gc,phases   ] GC(10)   Post Evacuate Collection Set: 6.0ms
[2023-02-24T08:25:22.739+0000][7][gc,phases   ] GC(10)   Other: 14.9ms
[2023-02-24T08:25:22.740+0000][7][gc,heap     ] GC(10) Eden regions: 291->0(268)
[2023-02-24T08:25:22.741+0000][7][gc,heap     ] GC(10) Survivor regions: 16->39(39)
[2023-02-24T08:25:22.742+0000][7][gc,heap     ] GC(10) Old regions: 4->10
[2023-02-24T08:25:22.743+0000][7][gc,heap     ] GC(10) Archive regions: 0->0
[2023-02-24T08:25:22.744+0000][7][gc,heap     ] GC(10) Humongous regions: 1->1
[2023-02-24T08:25:22.745+0000][7][gc,metaspace] GC(10) Metaspace: 43281K(45568K)->43281K(45568K) NonClass: 38049K(39680K)->38049K(39680K) Class: 5231K(5888K)->5231K(5888K)
[2023-02-24T08:25:22.746+0000][7][gc          ] GC(10) Pause Young (Concurrent Start) (G1 Evacuation Pause) 311M->49M(512M) 98.567ms
[2023-02-24T08:25:22.746+0000][7][gc,cpu      ] GC(10) User=0.10s Sys=0.01s Real=0.10s
[2023-02-24T08:25:22.747+0000][7][safepoint   ] Safepoint "G1CollectForAllocation", Time since last: 152761542 ns, Reaching safepoint: 2666083 ns, At safepoint: 100368000 ns, Total: 103034083 ns
[2023-02-24T08:25:22.747+0000][7][gc          ] GC(11) Concurrent Cycle
[2023-02-24T08:25:22.750+0000][7][gc,marking  ] GC(11) Concurrent Clear Claimed Marks
[2023-02-24T08:25:22.750+0000][7][gc,marking  ] GC(11) Concurrent Clear Claimed Marks 0.740ms
[2023-02-24T08:25:22.751+0000][7][gc,marking  ] GC(11) Concurrent Scan Root Regions
[2023-02-24T08:25:22.797+0000][7][gc,marking  ] GC(11) Concurrent Scan Root Regions 45.456ms
[2023-02-24T08:25:22.798+0000][7][gc,marking  ] GC(11) Concurrent Mark (13.995s)
[2023-02-24T08:25:22.798+0000][7][gc,marking  ] GC(11) Concurrent Mark From Roots
[2023-02-24T08:25:22.799+0000][7][gc,task     ] GC(11) Using 1 workers of 1 for marking
[2023-02-24T08:25:22.803+0000][7][gc,marking  ] GC(11) Concurrent Mark From Roots 5.183ms
[2023-02-24T08:25:22.804+0000][7][gc,marking  ] GC(11) Concurrent Preclean
[2023-02-24T08:25:22.805+0000][7][gc,marking  ] GC(11) Concurrent Preclean 0.877ms
[2023-02-24T08:25:22.806+0000][7][gc,marking  ] GC(11) Concurrent Mark (13.995s, 14.004s) 8.598ms
[2023-02-24T08:25:22.808+0000][7][gc,start    ] GC(11) Pause Remark
[2023-02-24T08:25:22.831+0000][7][gc          ] GC(11) Pause Remark 84M->84M(512M) 23.395ms
[2023-02-24T08:25:22.832+0000][7][gc,cpu      ] GC(11) User=0.01s Sys=0.00s Real=0.03s
[2023-02-24T08:25:22.833+0000][7][safepoint   ] Safepoint "G1Concurrent", Time since last: 59946333 ns, Reaching safepoint: 152250 ns, At safepoint: 25485334 ns, Total: 25637584 ns
[2023-02-24T08:25:22.834+0000][7][gc,marking  ] GC(11) Concurrent Rebuild Remembered Sets
[2023-02-24T08:25:22.844+0000][7][gc,marking  ] GC(11) Concurrent Rebuild Remembered Sets 10.183ms
[2023-02-24T08:25:22.846+0000][7][gc,start    ] GC(11) Pause Cleanup
[2023-02-24T08:25:22.847+0000][7][gc          ] GC(11) Pause Cleanup 84M->84M(512M) 1.243ms
[2023-02-24T08:25:22.848+0000][7][gc,cpu      ] GC(11) User=0.00s Sys=0.00s Real=0.00s
[2023-02-24T08:25:22.849+0000][7][safepoint   ] Safepoint "G1Concurrent", Time since last: 12648083 ns, Reaching safepoint: 427625 ns, At safepoint: 3167833 ns, Total: 3595458 ns
[2023-02-24T08:25:22.850+0000][7][gc,marking  ] GC(11) Concurrent Cleanup for Next Mark
[2023-02-24T08:25:22.854+0000][7][gc,marking  ] GC(11) Concurrent Cleanup for Next Mark 4.369ms
[2023-02-24T08:25:22.856+0000][7][gc          ] GC(11) Concurrent Cycle 108.125ms
[2023-02-24T08:25:23.794+0000][7][safepoint   ] Safepoint "ICBufferFull", Time since last: 944999001 ns, Reaching safepoint: 112917 ns, At safepoint: 5916 ns, Total: 118833 ns
[2023-02-24T08:25:24.805+0000][7][safepoint   ] Safepoint "Cleanup", Time since last: 1003766834 ns, Reaching safepoint: 6468542 ns, At safepoint: 7375 ns, Total: 6475917 ns
[2023-02-24T08:25:25.533+0000][7][safepoint   ] Safepoint "ICBufferFull", Time since last: 724571458 ns, Reaching safepoint: 4024375 ns, At safepoint: 5625 ns, Total: 4030000 ns
[2023-02-24T08:25:26.413+0000][7][safepoint   ] Safepoint "ICBufferFull", Time since last: 879703584 ns, Reaching safepoint: 107084 ns, At safepoint: 2458 ns, Total: 109542 ns
[2023-02-24T08:25:26.826+0000][7][safepoint   ] Safepoint "ICBufferFull", Time since last: 412605958 ns, Reaching safepoint: 403084 ns, At safepoint: 2666 ns, Total: 405750 ns
[2023-02-24T08:25:27.828+0000][7][safepoint   ] Safepoint "Cleanup", Time since last: 1001073459 ns, Reaching safepoint: 580334 ns, At safepoint: 2208 ns, Total: 582542 ns
[2023-02-24T08:25:27.938+0000][7][gc,start    ] GC(12) Pause Young (Concurrent Start) (Metadata GC Threshold)
[2023-02-24T08:25:27.939+0000][7][gc,task     ] GC(12) Using 4 workers of 4 for evacuation
[2023-02-24T08:25:27.941+0000][7][gc,age      ] GC(12) Desired survivor size 20447232 bytes, new threshold 1 (max threshold 15)
[2023-02-24T08:25:28.076+0000][7][gc,age      ] GC(12) Age table with threshold 1 (max threshold 15)
[2023-02-24T08:25:28.078+0000][7][gc,age      ] GC(12) - age   1:   12263024 bytes,   12263024 total
[2023-02-24T08:25:28.079+0000][7][gc,phases   ] GC(12)   Pre Evacuate Collection Set: 0.2ms
[2023-02-24T08:25:28.080+0000][7][gc,phases   ] GC(12)   Merge Heap Roots: 0.3ms
[2023-02-24T08:25:28.081+0000][7][gc,phases   ] GC(12)   Evacuate Collection Set: 125.7ms
[2023-02-24T08:25:28.083+0000][7][gc,phases   ] GC(12)   Post Evacuate Collection Set: 7.5ms
[2023-02-24T08:25:28.084+0000][7][gc,phases   ] GC(12)   Other: 7.5ms
[2023-02-24T08:25:28.085+0000][7][gc,heap     ] GC(12) Eden regions: 222->0(280)
[2023-02-24T08:25:28.086+0000][7][gc,heap     ] GC(12) Survivor regions: 39->13(39)
[2023-02-24T08:25:28.087+0000][7][gc,heap     ] GC(12) Old regions: 10->48
[2023-02-24T08:25:28.088+0000][7][gc,heap     ] GC(12) Archive regions: 0->0
[2023-02-24T08:25:28.089+0000][7][gc,heap     ] GC(12) Humongous regions: 1->1
[2023-02-24T08:25:28.090+0000][7][gc,metaspace] GC(12) Metaspace: 72789K(76288K)->72789K(76288K) NonClass: 63221K(65792K)->63221K(65792K) Class: 9568K(10496K)->9568K(10496K)
[2023-02-24T08:25:28.091+0000][7][gc          ] GC(12) Pause Young (Concurrent Start) (Metadata GC Threshold) 271M->61M(512M) 152.751ms
[2023-02-24T08:25:28.092+0000][7][gc,cpu      ] GC(12) User=0.09s Sys=0.01s Real=0.16s
[2023-02-24T08:25:28.093+0000][7][safepoint   ] Safepoint "CollectForMetadataAllocation", Time since last: 109326958 ns, Reaching safepoint: 1017125 ns, At safepoint: 155460000 ns, Total: 156477125 ns
[2023-02-24T08:25:28.093+0000][7][gc          ] GC(13) Concurrent Cycle
[2023-02-24T08:25:28.104+0000][7][gc,marking  ] GC(13) Concurrent Clear Claimed Marks
[2023-02-24T08:25:28.110+0000][7][gc,marking  ] GC(13) Concurrent Clear Claimed Marks 6.080ms
[2023-02-24T08:25:28.117+0000][7][gc,marking  ] GC(13) Concurrent Scan Root Regions
[2023-02-24T08:25:28.150+0000][7][safepoint   ] Safepoint "CollectForMetadataAllocation", Time since last: 56287500 ns, Reaching safepoint: 83959 ns, At safepoint: 93291 ns, Total: 177250 ns
[2023-02-24T08:25:28.192+0000][7][safepoint   ] Safepoint "CollectForMetadataAllocation", Time since last: 41584000 ns, Reaching safepoint: 74667 ns, At safepoint: 60875 ns, Total: 135542 ns
[2023-02-24T08:25:28.193+0000][7][gc,marking  ] GC(13) Concurrent Scan Root Regions 75.683ms
[2023-02-24T08:25:28.194+0000][7][gc,marking  ] GC(13) Concurrent Mark (19.391s)
[2023-02-24T08:25:28.195+0000][7][gc,marking  ] GC(13) Concurrent Mark From Roots
[2023-02-24T08:25:28.196+0000][7][gc,task     ] GC(13) Using 1 workers of 1 for marking
[2023-02-24T08:25:28.211+0000][7][gc,marking  ] GC(13) Concurrent Mark From Roots 16.066ms
[2023-02-24T08:25:28.213+0000][7][gc,marking  ] GC(13) Concurrent Preclean
[2023-02-24T08:25:28.214+0000][7][gc,marking  ] GC(13) Concurrent Preclean 0.878ms
[2023-02-24T08:25:28.214+0000][7][gc,marking  ] GC(13) Concurrent Mark (19.391s, 19.412s) 20.147ms
[2023-02-24T08:25:28.216+0000][7][gc,start    ] GC(13) Pause Remark
[2023-02-24T08:25:28.230+0000][7][gc          ] GC(13) Pause Remark 65M->65M(512M) 14.777ms
[2023-02-24T08:25:28.231+0000][7][gc,cpu      ] GC(13) User=0.01s Sys=0.00s Real=0.02s
[2023-02-24T08:25:28.232+0000][7][safepoint   ] Safepoint "G1Concurrent", Time since last: 23438625 ns, Reaching safepoint: 413125 ns, At safepoint: 16897208 ns, Total: 17310333 ns
[2023-02-24T08:25:28.233+0000][7][gc,marking  ] GC(13) Concurrent Rebuild Remembered Sets
[2023-02-24T08:25:28.323+0000][7][gc,marking  ] GC(13) Concurrent Rebuild Remembered Sets 90.105ms
[2023-02-24T08:25:28.328+0000][7][gc,start    ] GC(13) Pause Cleanup
[2023-02-24T08:25:28.330+0000][7][gc          ] GC(13) Pause Cleanup 68M->68M(512M) 1.127ms
[2023-02-24T08:25:28.330+0000][7][gc,cpu      ] GC(13) User=0.01s Sys=0.00s Real=0.01s
[2023-02-24T08:25:28.331+0000][7][safepoint   ] Safepoint "G1Concurrent", Time since last: 92050125 ns, Reaching safepoint: 3930750 ns, At safepoint: 2792917 ns, Total: 6723667 ns
[2023-02-24T08:25:28.332+0000][7][gc,marking  ] GC(13) Concurrent Cleanup for Next Mark
[2023-02-24T08:25:28.334+0000][7][gc,marking  ] GC(13) Concurrent Cleanup for Next Mark 1.512ms
[2023-02-24T08:25:28.335+0000][7][gc          ] GC(13) Concurrent Cycle 241.256ms
[2023-02-24T08:25:28.541+0000][7][safepoint   ] Safepoint "ICBufferFull", Time since last: 207167375 ns, Reaching safepoint: 2809042 ns, At safepoint: 8042 ns, Total: 2817084 ns
[2023-02-24T08:25:29.255+0000][7][safepoint   ] Safepoint "ICBufferFull", Time since last: 709498958 ns, Reaching safepoint: 4442792 ns, At safepoint: 4458 ns, Total: 4447250 ns
[2023-02-24T08:25:30.215+0000][7][safepoint   ] Safepoint "ICBufferFull", Time since last: 958478209 ns, Reaching safepoint: 1511167 ns, At safepoint: 18625 ns, Total: 1529792 ns
[2023-02-24T08:25:30.681+0000][7][gc,heap,exit] Heap
[2023-02-24T08:25:30.683+0000][7][gc,heap,exit]  garbage-first heap   total 524288K, used 154913K [0x00000000e0000000, 0x0000000100000000)
[2023-02-24T08:25:30.683+0000][7][gc,heap,exit]   region size 1024K, 104 young (106496K), 13 survivors (13312K)
[2023-02-24T08:25:30.685+0000][7][gc,heap,exit]  Metaspace       used 86255K, capacity 89298K, committed 90240K, reserved 1126400K
[2023-02-24T08:25:30.686+0000][7][gc,heap,exit]   class space    used 11404K, capacity 12371K, committed 12416K, reserved 1048576K
