[2023-02-24T08:23:24.640+0000][7][gc] Using G1
[2023-02-24T08:23:24.846+0000][7][gc,init] Version: 15+36-1562 (release)
[2023-02-24T08:23:24.847+0000][7][gc,init] CPUs: 4 total, 4 available
[2023-02-24T08:23:24.848+0000][7][gc,init] Memory: 7951M
[2023-02-24T08:23:24.848+0000][7][gc,init] Large Page Support: Disabled
[2023-02-24T08:23:24.849+0000][7][gc,init] NUMA Support: Disabled
[2023-02-24T08:23:24.850+0000][7][gc,init] Compressed Oops: Enabled (32-bit)
[2023-02-24T08:23:24.850+0000][7][gc,init] Heap Region Size: 1M
[2023-02-24T08:23:24.852+0000][7][gc,init] Heap Min Capacity: 512M
[2023-02-24T08:23:24.853+0000][7][gc,init] Heap Initial Capacity: 512M
[2023-02-24T08:23:24.853+0000][7][gc,init] Heap Max Capacity: 512M
[2023-02-24T08:23:24.854+0000][7][gc,init] Pre-touch: Enabled
[2023-02-24T08:23:24.855+0000][7][gc,init] Parallel Workers: 4
[2023-02-24T08:23:24.856+0000][7][gc,init] Concurrent Workers: 1
[2023-02-24T08:23:24.858+0000][7][gc,init] Concurrent Refinement Workers: 4
[2023-02-24T08:23:24.859+0000][7][gc,init] Periodic GC: Disabled
[2023-02-24T08:23:24.860+0000][7][gc,metaspace] CDS disabled.
[2023-02-24T08:23:24.861+0000][7][gc,metaspace] Compressed class space mapped at: 0x0000000100000000-0x0000000140000000, size: 1073741824
[2023-02-24T08:23:24.862+0000][7][gc,metaspace] Narrow klass base: 0x0000000000000000, Narrow klass shift: 3, Narrow klass range: 0x140000000
[2023-02-24T08:23:25.291+0000][7][safepoint   ] Safepoint "ICBufferFull", Time since last: 388713500 ns, Reaching safepoint: 170333 ns, At safepoint: 1834 ns, Total: 172167 ns
[2023-02-24T08:23:25.612+0000][7][safepoint   ] Safepoint "ICBufferFull", Time since last: 321468875 ns, Reaching safepoint: 76375 ns, At safepoint: 2250 ns, Total: 78625 ns
[2023-02-24T08:23:26.133+0000][7][safepoint   ] Safepoint "ICBufferFull", Time since last: 521118000 ns, Reaching safepoint: 144583 ns, At safepoint: 1584 ns, Total: 146167 ns
[2023-02-24T08:23:26.303+0000][7][gc,start    ] GC(0) Pause Young (Normal) (G1 Evacuation Pause)
[2023-02-24T08:23:26.306+0000][7][gc,task     ] GC(0) Using 4 workers of 4 for evacuation
[2023-02-24T08:23:26.307+0000][7][gc,age      ] GC(0) Desired survivor size 2097152 bytes, new threshold 15 (max threshold 15)
[2023-02-24T08:23:26.322+0000][7][gc,age      ] GC(0) Age table with threshold 15 (max threshold 15)
[2023-02-24T08:23:26.324+0000][7][gc,age      ] GC(0) - age   1:    3936576 bytes,    3936576 total
[2023-02-24T08:23:26.325+0000][7][gc,phases   ] GC(0)   Pre Evacuate Collection Set: 0.1ms
[2023-02-24T08:23:26.326+0000][7][gc,phases   ] GC(0)   Merge Heap Roots: 0.0ms
[2023-02-24T08:23:26.327+0000][7][gc,phases   ] GC(0)   Evacuate Collection Set: 13.4ms
[2023-02-24T08:23:26.327+0000][7][gc,phases   ] GC(0)   Post Evacuate Collection Set: 0.5ms
[2023-02-24T08:23:26.329+0000][7][gc,phases   ] GC(0)   Other: 8.2ms
[2023-02-24T08:23:26.330+0000][7][gc,heap     ] GC(0) Eden regions: 25->0(25)
[2023-02-24T08:23:26.331+0000][7][gc,heap     ] GC(0) Survivor regions: 0->4(4)
[2023-02-24T08:23:26.331+0000][7][gc,heap     ] GC(0) Old regions: 0->0
[2023-02-24T08:23:26.333+0000][7][gc,heap     ] GC(0) Archive regions: 0->0
[2023-02-24T08:23:26.333+0000][7][gc,heap     ] GC(0) Humongous regions: 1->1
[2023-02-24T08:23:26.334+0000][7][gc,metaspace] GC(0) Metaspace: 15615K(16128K)->15615K(16128K) NonClass: 14037K(14336K)->14037K(14336K) Class: 1577K(1792K)->1577K(1792K)
[2023-02-24T08:23:26.335+0000][7][gc          ] GC(0) Pause Young (Normal) (G1 Evacuation Pause) 26M->4M(512M) 31.626ms
[2023-02-24T08:23:26.336+0000][7][gc,cpu      ] GC(0) User=0.03s Sys=0.01s Real=0.03s
[2023-02-24T08:23:26.336+0000][7][safepoint   ] Safepoint "G1CollectForAllocation", Time since last: 169744541 ns, Reaching safepoint: 50000 ns, At safepoint: 33370500 ns, Total: 33420500 ns
[2023-02-24T08:23:27.089+0000][7][safepoint   ] Safepoint "ICBufferFull", Time since last: 752108001 ns, Reaching safepoint: 472333 ns, At safepoint: 2292 ns, Total: 474625 ns
[2023-02-24T08:23:27.416+0000][7][gc,start    ] GC(1) Pause Young (Concurrent Start) (Metadata GC Threshold)
[2023-02-24T08:23:27.419+0000][7][gc,task     ] GC(1) Using 4 workers of 4 for evacuation
[2023-02-24T08:23:27.419+0000][7][gc,age      ] GC(1) Desired survivor size 2097152 bytes, new threshold 1 (max threshold 15)
[2023-02-24T08:23:27.432+0000][7][gc,age      ] GC(1) Age table with threshold 1 (max threshold 15)
[2023-02-24T08:23:27.434+0000][7][gc,age      ] GC(1) - age   1:    2141128 bytes,    2141128 total
[2023-02-24T08:23:27.435+0000][7][gc,phases   ] GC(1)   Pre Evacuate Collection Set: 0.1ms
[2023-02-24T08:23:27.436+0000][7][gc,phases   ] GC(1)   Merge Heap Roots: 0.2ms
[2023-02-24T08:23:27.437+0000][7][gc,phases   ] GC(1)   Evacuate Collection Set: 11.7ms
[2023-02-24T08:23:27.438+0000][7][gc,phases   ] GC(1)   Post Evacuate Collection Set: 0.5ms
[2023-02-24T08:23:27.440+0000][7][gc,phases   ] GC(1)   Other: 6.3ms
[2023-02-24T08:23:27.441+0000][7][gc,heap     ] GC(1) Eden regions: 23->0(34)
[2023-02-24T08:23:27.442+0000][7][gc,heap     ] GC(1) Survivor regions: 4->3(4)
[2023-02-24T08:23:27.443+0000][7][gc,heap     ] GC(1) Old regions: 0->4
[2023-02-24T08:23:27.444+0000][7][gc,heap     ] GC(1) Archive regions: 0->0
[2023-02-24T08:23:27.445+0000][7][gc,heap     ] GC(1) Humongous regions: 1->1
[2023-02-24T08:23:27.446+0000][7][gc,metaspace] GC(1) Metaspace: 20736K(21248K)->20736K(21248K) NonClass: 18514K(18944K)->18514K(18944K) Class: 2222K(2304K)->2222K(2304K)
[2023-02-24T08:23:27.447+0000][7][gc          ] GC(1) Pause Young (Concurrent Start) (Metadata GC Threshold) 27M->6M(512M) 30.763ms
[2023-02-24T08:23:27.448+0000][7][gc,cpu      ] GC(1) User=0.01s Sys=0.00s Real=0.03s
[2023-02-24T08:23:27.449+0000][7][safepoint   ] Safepoint "CollectForMetadataAllocation", Time since last: 325729542 ns, Reaching safepoint: 1246583 ns, At safepoint: 32763500 ns, Total: 34010083 ns
[2023-02-24T08:23:27.449+0000][7][gc          ] GC(2) Concurrent Cycle
[2023-02-24T08:23:27.454+0000][7][gc,marking  ] GC(2) Concurrent Clear Claimed Marks
[2023-02-24T08:23:27.455+0000][7][gc,marking  ] GC(2) Concurrent Clear Claimed Marks 1.012ms
[2023-02-24T08:23:27.456+0000][7][gc,marking  ] GC(2) Concurrent Scan Root Regions
[2023-02-24T08:23:27.458+0000][7][gc,marking  ] GC(2) Concurrent Scan Root Regions 2.557ms
[2023-02-24T08:23:27.459+0000][7][gc,marking  ] GC(2) Concurrent Mark (2.832s)
[2023-02-24T08:23:27.460+0000][7][gc,marking  ] GC(2) Concurrent Mark From Roots
[2023-02-24T08:23:27.462+0000][7][gc,task     ] GC(2) Using 1 workers of 1 for marking
[2023-02-24T08:23:27.463+0000][7][gc,marking  ] GC(2) Concurrent Mark From Roots 3.317ms
[2023-02-24T08:23:27.464+0000][7][gc,marking  ] GC(2) Concurrent Preclean
[2023-02-24T08:23:27.464+0000][7][gc,marking  ] GC(2) Concurrent Preclean 0.555ms
[2023-02-24T08:23:27.466+0000][7][gc,marking  ] GC(2) Concurrent Mark (2.832s, 2.839s) 6.933ms
[2023-02-24T08:23:27.467+0000][7][gc,start    ] GC(2) Pause Remark
[2023-02-24T08:23:27.470+0000][7][gc          ] GC(2) Pause Remark 7M->7M(512M) 2.297ms
[2023-02-24T08:23:27.472+0000][7][gc,cpu      ] GC(2) User=0.00s Sys=0.00s Real=0.01s
[2023-02-24T08:23:27.473+0000][7][safepoint   ] Safepoint "G1Concurrent", Time since last: 18318042 ns, Reaching safepoint: 182083 ns, At safepoint: 5780042 ns, Total: 5962125 ns
[2023-02-24T08:23:27.474+0000][7][gc,marking  ] GC(2) Concurrent Rebuild Remembered Sets
[2023-02-24T08:23:27.476+0000][7][gc,marking  ] GC(2) Concurrent Rebuild Remembered Sets 2.495ms
[2023-02-24T08:23:27.481+0000][7][gc,start    ] GC(2) Pause Cleanup
[2023-02-24T08:23:27.483+0000][7][gc          ] GC(2) Pause Cleanup 7M->7M(512M) 1.270ms
[2023-02-24T08:23:27.483+0000][7][gc,cpu      ] GC(2) User=0.00s Sys=0.00s Real=0.00s
[2023-02-24T08:23:27.485+0000][7][safepoint   ] Safepoint "G1Concurrent", Time since last: 4819791 ns, Reaching safepoint: 3580834 ns, At safepoint: 3697750 ns, Total: 7278584 ns
[2023-02-24T08:23:27.486+0000][7][gc,marking  ] GC(2) Concurrent Cleanup for Next Mark
[2023-02-24T08:23:27.487+0000][7][gc,marking  ] GC(2) Concurrent Cleanup for Next Mark 1.026ms
[2023-02-24T08:23:27.488+0000][7][gc          ] GC(2) Concurrent Cycle 39.138ms
[2023-02-24T08:23:28.113+0000][7][safepoint   ] Safepoint "ICBufferFull", Time since last: 627365000 ns, Reaching safepoint: 122833 ns, At safepoint: 2417 ns, Total: 125250 ns
[2023-02-24T08:23:28.151+0000][7][gc,start    ] GC(3) Pause Young (Normal) (G1 Evacuation Pause)
[2023-02-24T08:23:28.152+0000][7][gc,task     ] GC(3) Using 4 workers of 4 for evacuation
[2023-02-24T08:23:28.153+0000][7][gc,age      ] GC(3) Desired survivor size 2621440 bytes, new threshold 15 (max threshold 15)
[2023-02-24T08:23:28.163+0000][7][gc,age      ] GC(3) Age table with threshold 15 (max threshold 15)
[2023-02-24T08:23:28.165+0000][7][gc,age      ] GC(3) - age   1:    3023920 bytes,    3023920 total
[2023-02-24T08:23:28.165+0000][7][gc,age      ] GC(3) - age   2:    2051272 bytes,    5075192 total
[2023-02-24T08:23:28.167+0000][7][gc,phases   ] GC(3)   Pre Evacuate Collection Set: 0.3ms
[2023-02-24T08:23:28.168+0000][7][gc,phases   ] GC(3)   Merge Heap Roots: 0.0ms
[2023-02-24T08:23:28.168+0000][7][gc,phases   ] GC(3)   Evacuate Collection Set: 8.8ms
[2023-02-24T08:23:28.169+0000][7][gc,phases   ] GC(3)   Post Evacuate Collection Set: 0.4ms
[2023-02-24T08:23:28.170+0000][7][gc,phases   ] GC(3)   Other: 6.3ms
[2023-02-24T08:23:28.171+0000][7][gc,heap     ] GC(3) Eden regions: 35->0(182)
[2023-02-24T08:23:28.171+0000][7][gc,heap     ] GC(3) Survivor regions: 3->5(5)
[2023-02-24T08:23:28.172+0000][7][gc,heap     ] GC(3) Old regions: 4->4
[2023-02-24T08:23:28.173+0000][7][gc,heap     ] GC(3) Archive regions: 0->0
[2023-02-24T08:23:28.173+0000][7][gc,heap     ] GC(3) Humongous regions: 1->1
[2023-02-24T08:23:28.174+0000][7][gc,metaspace] GC(3) Metaspace: 22462K(23036K)->22462K(23036K) NonClass: 20053K(20480K)->20053K(20480K) Class: 2408K(2556K)->2408K(2556K)
[2023-02-24T08:23:28.175+0000][7][gc          ] GC(3) Pause Young (Normal) (G1 Evacuation Pause) 41M->9M(512M) 24.054ms
[2023-02-24T08:23:28.177+0000][7][gc,cpu      ] GC(3) User=0.02s Sys=0.00s Real=0.02s
[2023-02-24T08:23:28.178+0000][7][safepoint   ] Safepoint "G1CollectForAllocation", Time since last: 38298208 ns, Reaching safepoint: 45792 ns, At safepoint: 27103208 ns, Total: 27149000 ns
[2023-02-24T08:23:28.343+0000][7][safepoint   ] Safepoint "ICBufferFull", Time since last: 154487709 ns, Reaching safepoint: 9932583 ns, At safepoint: 7958 ns, Total: 9940541 ns
[2023-02-24T08:23:28.350+0000][7][safepoint   ] Safepoint "ICBufferFull", Time since last: 7047125 ns, Reaching safepoint: 856250 ns, At safepoint: 4084 ns, Total: 860334 ns
[2023-02-24T08:23:28.363+0000][7][safepoint   ] Safepoint "ICBufferFull", Time since last: 10175083 ns, Reaching safepoint: 2027458 ns, At safepoint: 4292 ns, Total: 2031750 ns
[2023-02-24T08:23:28.367+0000][7][safepoint   ] Safepoint "ICBufferFull", Time since last: 4278583 ns, Reaching safepoint: 42667 ns, At safepoint: 1833 ns, Total: 44500 ns
[2023-02-24T08:23:28.372+0000][7][safepoint   ] Safepoint "ICBufferFull", Time since last: 4626292 ns, Reaching safepoint: 42958 ns, At safepoint: 2084 ns, Total: 45042 ns
[2023-02-24T08:23:28.378+0000][7][safepoint   ] Safepoint "ICBufferFull", Time since last: 5959500 ns, Reaching safepoint: 42708 ns, At safepoint: 2792 ns, Total: 45500 ns
[2023-02-24T08:23:28.387+0000][7][safepoint   ] Safepoint "ICBufferFull", Time since last: 8894125 ns, Reaching safepoint: 49541 ns, At safepoint: 1792 ns, Total: 51333 ns
[2023-02-24T08:23:28.393+0000][7][safepoint   ] Safepoint "ICBufferFull", Time since last: 5932625 ns, Reaching safepoint: 40875 ns, At safepoint: 1708 ns, Total: 42583 ns
[2023-02-24T08:23:28.400+0000][7][safepoint   ] Safepoint "ICBufferFull", Time since last: 7029209 ns, Reaching safepoint: 43458 ns, At safepoint: 2792 ns, Total: 46250 ns
[2023-02-24T08:23:28.404+0000][7][safepoint   ] Safepoint "ICBufferFull", Time since last: 3943791 ns, Reaching safepoint: 40292 ns, At safepoint: 1750 ns, Total: 42042 ns
[2023-02-24T08:23:28.407+0000][7][safepoint   ] Safepoint "ICBufferFull", Time since last: 2952750 ns, Reaching safepoint: 43583 ns, At safepoint: 1709 ns, Total: 45292 ns
[2023-02-24T08:23:28.412+0000][7][safepoint   ] Safepoint "ICBufferFull", Time since last: 4971958 ns, Reaching safepoint: 42833 ns, At safepoint: 1667 ns, Total: 44500 ns
[2023-02-24T08:23:28.417+0000][7][safepoint   ] Safepoint "ICBufferFull", Time since last: 4921000 ns, Reaching safepoint: 43125 ns, At safepoint: 1708 ns, Total: 44833 ns
[2023-02-24T08:23:28.419+0000][7][safepoint   ] Safepoint "ICBufferFull", Time since last: 2640709 ns, Reaching safepoint: 116041 ns, At safepoint: 3375 ns, Total: 119416 ns
[2023-02-24T08:23:28.423+0000][7][safepoint   ] Safepoint "ICBufferFull", Time since last: 3405375 ns, Reaching safepoint: 40709 ns, At safepoint: 1958 ns, Total: 42667 ns
[2023-02-24T08:23:28.429+0000][7][safepoint   ] Safepoint "ICBufferFull", Time since last: 5446417 ns, Reaching safepoint: 311958 ns, At safepoint: 5708 ns, Total: 317666 ns
[2023-02-24T08:23:28.431+0000][7][safepoint   ] Safepoint "ICBufferFull", Time since last: 2553000 ns, Reaching safepoint: 36959 ns, At safepoint: 1791 ns, Total: 38750 ns
[2023-02-24T08:23:28.434+0000][7][safepoint   ] Safepoint "ICBufferFull", Time since last: 2933167 ns, Reaching safepoint: 30833 ns, At safepoint: 1250 ns, Total: 32083 ns
[2023-02-24T08:23:28.436+0000][7][safepoint   ] Safepoint "ICBufferFull", Time since last: 1379042 ns, Reaching safepoint: 19208 ns, At safepoint: 875 ns, Total: 20083 ns
[2023-02-24T08:23:28.441+0000][7][safepoint   ] Safepoint "ICBufferFull", Time since last: 1943042 ns, Reaching safepoint: 3132917 ns, At safepoint: 7333 ns, Total: 3140250 ns
[2023-02-24T08:23:28.446+0000][7][safepoint   ] Safepoint "ICBufferFull", Time since last: 2320667 ns, Reaching safepoint: 2636041 ns, At safepoint: 4167 ns, Total: 2640208 ns
[2023-02-24T08:23:28.454+0000][7][safepoint   ] Safepoint "ICBufferFull", Time since last: 1866042 ns, Reaching safepoint: 6103250 ns, At safepoint: 10708 ns, Total: 6113958 ns
[2023-02-24T08:23:28.460+0000][7][safepoint   ] Safepoint "ICBufferFull", Time since last: 2915750 ns, Reaching safepoint: 3394792 ns, At safepoint: 4166 ns, Total: 3398958 ns
[2023-02-24T08:23:28.466+0000][7][safepoint   ] Safepoint "ICBufferFull", Time since last: 2390375 ns, Reaching safepoint: 3315209 ns, At safepoint: 4583 ns, Total: 3319792 ns
[2023-02-24T08:23:28.468+0000][7][safepoint   ] Safepoint "ICBufferFull", Time since last: 2108375 ns, Reaching safepoint: 110208 ns, At safepoint: 1875 ns, Total: 112083 ns
[2023-02-24T08:23:28.472+0000][7][safepoint   ] Safepoint "ICBufferFull", Time since last: 4268667 ns, Reaching safepoint: 108750 ns, At safepoint: 1792 ns, Total: 110542 ns
[2023-02-24T08:23:28.475+0000][7][safepoint   ] Safepoint "ICBufferFull", Time since last: 3056000 ns, Reaching safepoint: 111958 ns, At safepoint: 1917 ns, Total: 113875 ns
[2023-02-24T08:23:28.479+0000][7][safepoint   ] Safepoint "ICBufferFull", Time since last: 3368875 ns, Reaching safepoint: 473500 ns, At safepoint: 2125 ns, Total: 475625 ns
[2023-02-24T08:23:28.483+0000][7][safepoint   ] Safepoint "ICBufferFull", Time since last: 2351583 ns, Reaching safepoint: 1623125 ns, At safepoint: 4667 ns, Total: 1627792 ns
[2023-02-24T08:23:28.486+0000][7][safepoint   ] Safepoint "ICBufferFull", Time since last: 2668333 ns, Reaching safepoint: 108625 ns, At safepoint: 1833 ns, Total: 110458 ns
[2023-02-24T08:23:28.488+0000][7][safepoint   ] Safepoint "ICBufferFull", Time since last: 2056875 ns, Reaching safepoint: 109375 ns, At safepoint: 1667 ns, Total: 111042 ns
[2023-02-24T08:23:28.491+0000][7][safepoint   ] Safepoint "ICBufferFull", Time since last: 2515083 ns, Reaching safepoint: 110500 ns, At safepoint: 2167 ns, Total: 112667 ns
[2023-02-24T08:23:28.493+0000][7][safepoint   ] Safepoint "ICBufferFull", Time since last: 2405250 ns, Reaching safepoint: 78167 ns, At safepoint: 2000 ns, Total: 80167 ns
[2023-02-24T08:23:28.508+0000][7][safepoint   ] Safepoint "ICBufferFull", Time since last: 14347417 ns, Reaching safepoint: 336750 ns, At safepoint: 1958 ns, Total: 338708 ns
[2023-02-24T08:23:28.515+0000][7][safepoint   ] Safepoint "ICBufferFull", Time since last: 7281083 ns, Reaching safepoint: 143709 ns, At safepoint: 1791 ns, Total: 145500 ns
[2023-02-24T08:23:28.519+0000][7][safepoint   ] Safepoint "ICBufferFull", Time since last: 3447834 ns, Reaching safepoint: 268875 ns, At safepoint: 2333 ns, Total: 271208 ns
[2023-02-24T08:23:28.527+0000][7][safepoint   ] Safepoint "ICBufferFull", Time since last: 3612125 ns, Reaching safepoint: 4662042 ns, At safepoint: 8125 ns, Total: 4670167 ns
[2023-02-24T08:23:28.539+0000][7][safepoint   ] Safepoint "ICBufferFull", Time since last: 8588041 ns, Reaching safepoint: 2842084 ns, At safepoint: 3166 ns, Total: 2845250 ns
[2023-02-24T08:23:28.541+0000][7][safepoint   ] Safepoint "ICBufferFull", Time since last: 1856959 ns, Reaching safepoint: 110500 ns, At safepoint: 1791 ns, Total: 112291 ns
[2023-02-24T08:23:28.542+0000][7][safepoint   ] Safepoint "ICBufferFull", Time since last: 1192542 ns, Reaching safepoint: 124292 ns, At safepoint: 1708 ns, Total: 126000 ns
[2023-02-24T08:23:28.543+0000][7][safepoint   ] Safepoint "ICBufferFull", Time since last: 1070167 ns, Reaching safepoint: 138958 ns, At safepoint: 2500 ns, Total: 141458 ns
[2023-02-24T08:23:28.544+0000][7][safepoint   ] Safepoint "ICBufferFull", Time since last: 1007875 ns, Reaching safepoint: 52208 ns, At safepoint: 1584 ns, Total: 53792 ns
[2023-02-24T08:23:28.546+0000][7][safepoint   ] Safepoint "ICBufferFull", Time since last: 1028166 ns, Reaching safepoint: 186084 ns, At safepoint: 2083 ns, Total: 188167 ns
[2023-02-24T08:23:28.547+0000][7][safepoint   ] Safepoint "ICBufferFull", Time since last: 857542 ns, Reaching safepoint: 316500 ns, At safepoint: 1708 ns, Total: 318208 ns
[2023-02-24T08:23:28.549+0000][7][safepoint   ] Safepoint "ICBufferFull", Time since last: 1166042 ns, Reaching safepoint: 1570375 ns, At safepoint: 2125 ns, Total: 1572500 ns
[2023-02-24T08:23:28.552+0000][7][safepoint   ] Safepoint "ICBufferFull", Time since last: 1235958 ns, Reaching safepoint: 863458 ns, At safepoint: 2584 ns, Total: 866042 ns
[2023-02-24T08:23:28.553+0000][7][safepoint   ] Safepoint "ICBufferFull", Time since last: 1267000 ns, Reaching safepoint: 156916 ns, At safepoint: 2000 ns, Total: 158916 ns
[2023-02-24T08:23:28.554+0000][7][safepoint   ] Safepoint "ICBufferFull", Time since last: 1302084 ns, Reaching safepoint: 168041 ns, At safepoint: 1584 ns, Total: 169625 ns
[2023-02-24T08:23:28.557+0000][7][safepoint   ] Safepoint "ICBufferFull", Time since last: 1809000 ns, Reaching safepoint: 385875 ns, At safepoint: 1875 ns, Total: 387750 ns
[2023-02-24T08:23:28.558+0000][7][safepoint   ] Safepoint "ICBufferFull", Time since last: 793666 ns, Reaching safepoint: 227584 ns, At safepoint: 1666 ns, Total: 229250 ns
[2023-02-24T08:23:28.560+0000][7][safepoint   ] Safepoint "ICBufferFull", Time since last: 1011792 ns, Reaching safepoint: 1067000 ns, At safepoint: 8458 ns, Total: 1075458 ns
[2023-02-24T08:23:28.562+0000][7][safepoint   ] Safepoint "ICBufferFull", Time since last: 1392959 ns, Reaching safepoint: 596333 ns, At safepoint: 2542 ns, Total: 598875 ns
[2023-02-24T08:23:28.563+0000][7][safepoint   ] Safepoint "ICBufferFull", Time since last: 1057791 ns, Reaching safepoint: 123959 ns, At safepoint: 1708 ns, Total: 125667 ns
[2023-02-24T08:23:28.564+0000][7][safepoint   ] Safepoint "ICBufferFull", Time since last: 970833 ns, Reaching safepoint: 426334 ns, At safepoint: 1708 ns, Total: 428042 ns
[2023-02-24T08:23:28.565+0000][7][safepoint   ] Safepoint "ICBufferFull", Time since last: 960875 ns, Reaching safepoint: 134333 ns, At safepoint: 1917 ns, Total: 136250 ns
[2023-02-24T08:23:28.566+0000][7][safepoint   ] Safepoint "ICBufferFull", Time since last: 775208 ns, Reaching safepoint: 100459 ns, At safepoint: 1333 ns, Total: 101792 ns
[2023-02-24T08:23:28.567+0000][7][safepoint   ] Safepoint "ICBufferFull", Time since last: 865083 ns, Reaching safepoint: 186792 ns, At safepoint: 1667 ns, Total: 188459 ns
[2023-02-24T08:23:28.569+0000][7][safepoint   ] Safepoint "ICBufferFull", Time since last: 978375 ns, Reaching safepoint: 255000 ns, At safepoint: 1791 ns, Total: 256791 ns
[2023-02-24T08:23:28.572+0000][7][safepoint   ] Safepoint "ICBufferFull", Time since last: 2665417 ns, Reaching safepoint: 229083 ns, At safepoint: 2042 ns, Total: 231125 ns
[2023-02-24T08:23:28.575+0000][7][safepoint   ] Safepoint "ICBufferFull", Time since last: 2363292 ns, Reaching safepoint: 938083 ns, At safepoint: 2167 ns, Total: 940250 ns
[2023-02-24T08:23:28.577+0000][7][safepoint   ] Safepoint "ICBufferFull", Time since last: 1472250 ns, Reaching safepoint: 577458 ns, At safepoint: 2333 ns, Total: 579791 ns
[2023-02-24T08:23:28.579+0000][7][safepoint   ] Safepoint "ICBufferFull", Time since last: 1161667 ns, Reaching safepoint: 731417 ns, At safepoint: 2541 ns, Total: 733958 ns
[2023-02-24T08:23:28.581+0000][7][safepoint   ] Safepoint "ICBufferFull", Time since last: 1853417 ns, Reaching safepoint: 349000 ns, At safepoint: 3250 ns, Total: 352250 ns
[2023-02-24T08:23:28.596+0000][7][safepoint   ] Safepoint "ICBufferFull", Time since last: 1612708 ns, Reaching safepoint: 12998375 ns, At safepoint: 9000 ns, Total: 13007375 ns
[2023-02-24T08:23:28.609+0000][7][safepoint   ] Safepoint "ICBufferFull", Time since last: 3208667 ns, Reaching safepoint: 9755625 ns, At safepoint: 9792 ns, Total: 9765417 ns
[2023-02-24T08:23:28.625+0000][7][safepoint   ] Safepoint "ICBufferFull", Time since last: 1880458 ns, Reaching safepoint: 14124792 ns, At safepoint: 12958 ns, Total: 14137750 ns
[2023-02-24T08:23:28.634+0000][7][safepoint   ] Safepoint "ICBufferFull", Time since last: 1715333 ns, Reaching safepoint: 7239542 ns, At safepoint: 15208 ns, Total: 7254750 ns
[2023-02-24T08:23:28.641+0000][7][safepoint   ] Safepoint "ICBufferFull", Time since last: 6248292 ns, Reaching safepoint: 1343083 ns, At safepoint: 4875 ns, Total: 1347958 ns
[2023-02-24T08:23:28.654+0000][7][safepoint   ] Safepoint "ICBufferFull", Time since last: 2118542 ns, Reaching safepoint: 10310417 ns, At safepoint: 18625 ns, Total: 10329042 ns
[2023-02-24T08:23:29.385+0000][7][safepoint   ] Safepoint "ICBufferFull", Time since last: 731004083 ns, Reaching safepoint: 200542 ns, At safepoint: 2125 ns, Total: 202667 ns
[2023-02-24T08:23:29.604+0000][7][gc,start    ] GC(4) Pause Young (Normal) (G1 Evacuation Pause)
[2023-02-24T08:23:29.605+0000][7][gc,task     ] GC(4) Using 4 workers of 4 for evacuation
[2023-02-24T08:23:29.607+0000][7][gc,age      ] GC(4) Desired survivor size 12582912 bytes, new threshold 15 (max threshold 15)
[2023-02-24T08:23:29.624+0000][7][gc,age      ] GC(4) Age table with threshold 15 (max threshold 15)
[2023-02-24T08:23:29.625+0000][7][gc,age      ] GC(4) - age   1:    5288920 bytes,    5288920 total
[2023-02-24T08:23:29.626+0000][7][gc,age      ] GC(4) - age   2:    1152336 bytes,    6441256 total
[2023-02-24T08:23:29.627+0000][7][gc,age      ] GC(4) - age   3:    2036896 bytes,    8478152 total
[2023-02-24T08:23:29.628+0000][7][gc,phases   ] GC(4)   Pre Evacuate Collection Set: 0.1ms
[2023-02-24T08:23:29.629+0000][7][gc,phases   ] GC(4)   Merge Heap Roots: 0.0ms
[2023-02-24T08:23:29.629+0000][7][gc,phases   ] GC(4)   Evacuate Collection Set: 15.8ms
[2023-02-24T08:23:29.630+0000][7][gc,phases   ] GC(4)   Post Evacuate Collection Set: 0.5ms
[2023-02-24T08:23:29.631+0000][7][gc,phases   ] GC(4)   Other: 7.1ms
[2023-02-24T08:23:29.631+0000][7][gc,heap     ] GC(4) Eden regions: 182->0(298)
[2023-02-24T08:23:29.632+0000][7][gc,heap     ] GC(4) Survivor regions: 5->9(24)
[2023-02-24T08:23:29.633+0000][7][gc,heap     ] GC(4) Old regions: 4->4
[2023-02-24T08:23:29.634+0000][7][gc,heap     ] GC(4) Archive regions: 0->0
[2023-02-24T08:23:29.635+0000][7][gc,heap     ] GC(4) Humongous regions: 2->1
[2023-02-24T08:23:29.635+0000][7][gc,metaspace] GC(4) Metaspace: 25905K(26748K)->25905K(26748K) NonClass: 23026K(23552K)->23026K(23552K) Class: 2879K(3196K)->2879K(3196K)
[2023-02-24T08:23:29.636+0000][7][gc          ] GC(4) Pause Young (Normal) (G1 Evacuation Pause) 192M->13M(512M) 31.926ms
[2023-02-24T08:23:29.637+0000][7][gc,cpu      ] GC(4) User=0.02s Sys=0.00s Real=0.03s
[2023-02-24T08:23:29.637+0000][7][safepoint   ] Safepoint "G1CollectForAllocation", Time since last: 216046792 ns, Reaching safepoint: 3367125 ns, At safepoint: 33233875 ns, Total: 36601000 ns
[2023-02-24T08:23:29.867+0000][7][safepoint   ] Safepoint "ICBufferFull", Time since last: 226567291 ns, Reaching safepoint: 2636084 ns, At safepoint: 3541 ns, Total: 2639625 ns
[2023-02-24T08:23:30.443+0000][7][gc,start    ] GC(5) Pause Young (Normal) (G1 Evacuation Pause)
[2023-02-24T08:23:30.444+0000][7][gc,task     ] GC(5) Using 4 workers of 4 for evacuation
[2023-02-24T08:23:30.445+0000][7][gc,age      ] GC(5) Desired survivor size 20447232 bytes, new threshold 15 (max threshold 15)
[2023-02-24T08:23:30.473+0000][7][gc,age      ] GC(5) Age table with threshold 15 (max threshold 15)
[2023-02-24T08:23:30.474+0000][7][gc,age      ] GC(5) - age   1:    3766056 bytes,    3766056 total
[2023-02-24T08:23:30.475+0000][7][gc,age      ] GC(5) - age   2:    4325776 bytes,    8091832 total
[2023-02-24T08:23:30.476+0000][7][gc,age      ] GC(5) - age   3:    1152160 bytes,    9243992 total
[2023-02-24T08:23:30.477+0000][7][gc,age      ] GC(5) - age   4:    2036896 bytes,   11280888 total
[2023-02-24T08:23:30.478+0000][7][gc,phases   ] GC(5)   Pre Evacuate Collection Set: 8.7ms
[2023-02-24T08:23:30.479+0000][7][gc,phases   ] GC(5)   Merge Heap Roots: 5.5ms
[2023-02-24T08:23:30.480+0000][7][gc,phases   ] GC(5)   Evacuate Collection Set: 12.1ms
[2023-02-24T08:23:30.481+0000][7][gc,phases   ] GC(5)   Post Evacuate Collection Set: 0.6ms
[2023-02-24T08:23:30.482+0000][7][gc,phases   ] GC(5)   Other: 7.8ms
[2023-02-24T08:23:30.483+0000][7][gc,heap     ] GC(5) Eden regions: 298->0(295)
[2023-02-24T08:23:30.484+0000][7][gc,heap     ] GC(5) Survivor regions: 9->12(39)
[2023-02-24T08:23:30.485+0000][7][gc,heap     ] GC(5) Old regions: 4->4
[2023-02-24T08:23:30.486+0000][7][gc,heap     ] GC(5) Archive regions: 0->0
[2023-02-24T08:23:30.487+0000][7][gc,heap     ] GC(5) Humongous regions: 1->1
[2023-02-24T08:23:30.488+0000][7][gc,metaspace] GC(5) Metaspace: 27598K(28412K)->27598K(28412K) NonClass: 24527K(25088K)->24527K(25088K) Class: 3070K(3324K)->3070K(3324K)
[2023-02-24T08:23:30.489+0000][7][gc          ] GC(5) Pause Young (Normal) (G1 Evacuation Pause) 311M->16M(512M) 45.639ms
[2023-02-24T08:23:30.490+0000][7][gc,cpu      ] GC(5) User=0.02s Sys=0.00s Real=0.05s
[2023-02-24T08:23:30.490+0000][7][safepoint   ] Safepoint "G1CollectForAllocation", Time since last: 576359667 ns, Reaching safepoint: 163209 ns, At safepoint: 47289625 ns, Total: 47452834 ns
[2023-02-24T08:23:31.050+0000][7][gc,start    ] GC(6) Pause Young (Normal) (G1 Evacuation Pause)
[2023-02-24T08:23:31.051+0000][7][gc,task     ] GC(6) Using 4 workers of 4 for evacuation
[2023-02-24T08:23:31.052+0000][7][gc,age      ] GC(6) Desired survivor size 20447232 bytes, new threshold 15 (max threshold 15)
[2023-02-24T08:23:31.070+0000][7][gc,age      ] GC(6) Age table with threshold 15 (max threshold 15)
[2023-02-24T08:23:31.072+0000][7][gc,age      ] GC(6) - age   1:     701192 bytes,     701192 total
[2023-02-24T08:23:31.073+0000][7][gc,age      ] GC(6) - age   2:    3278232 bytes,    3979424 total
[2023-02-24T08:23:31.074+0000][7][gc,age      ] GC(6) - age   3:    4321472 bytes,    8300896 total
[2023-02-24T08:23:31.075+0000][7][gc,age      ] GC(6) - age   4:    1152016 bytes,    9452912 total
[2023-02-24T08:23:31.076+0000][7][gc,age      ] GC(6) - age   5:    2036896 bytes,   11489808 total
[2023-02-24T08:23:31.077+0000][7][gc,phases   ] GC(6)   Pre Evacuate Collection Set: 0.1ms
[2023-02-24T08:23:31.077+0000][7][gc,phases   ] GC(6)   Merge Heap Roots: 0.1ms
[2023-02-24T08:23:31.078+0000][7][gc,phases   ] GC(6)   Evacuate Collection Set: 16.3ms
[2023-02-24T08:23:31.079+0000][7][gc,phases   ] GC(6)   Post Evacuate Collection Set: 0.6ms
[2023-02-24T08:23:31.080+0000][7][gc,phases   ] GC(6)   Other: 9.5ms
[2023-02-24T08:23:31.080+0000][7][gc,heap     ] GC(6) Eden regions: 295->0(295)
[2023-02-24T08:23:31.081+0000][7][gc,heap     ] GC(6) Survivor regions: 12->12(39)
[2023-02-24T08:23:31.082+0000][7][gc,heap     ] GC(6) Old regions: 4->4
[2023-02-24T08:23:31.083+0000][7][gc,heap     ] GC(6) Archive regions: 0->0
[2023-02-24T08:23:31.085+0000][7][gc,heap     ] GC(6) Humongous regions: 1->1
[2023-02-24T08:23:31.086+0000][7][gc,metaspace] GC(6) Metaspace: 27981K(29308K)->27981K(29308K) NonClass: 24842K(25856K)->24842K(25856K) Class: 3138K(3452K)->3138K(3452K)
[2023-02-24T08:23:31.087+0000][7][gc          ] GC(6) Pause Young (Normal) (G1 Evacuation Pause) 311M->16M(512M) 36.598ms
[2023-02-24T08:23:31.088+0000][7][gc,cpu      ] GC(6) User=0.02s Sys=0.00s Real=0.03s
[2023-02-24T08:23:31.089+0000][7][safepoint   ] Safepoint "G1CollectForAllocation", Time since last: 559561167 ns, Reaching safepoint: 140791 ns, At safepoint: 38507459 ns, Total: 38648250 ns
[2023-02-24T08:23:31.623+0000][7][gc,start    ] GC(7) Pause Young (Normal) (G1 Evacuation Pause)
[2023-02-24T08:23:31.624+0000][7][gc,task     ] GC(7) Using 4 workers of 4 for evacuation
[2023-02-24T08:23:31.625+0000][7][gc,age      ] GC(7) Desired survivor size 20447232 bytes, new threshold 15 (max threshold 15)
[2023-02-24T08:23:31.645+0000][7][gc,age      ] GC(7) Age table with threshold 15 (max threshold 15)
[2023-02-24T08:23:31.646+0000][7][gc,age      ] GC(7) - age   1:    2971472 bytes,    2971472 total
[2023-02-24T08:23:31.647+0000][7][gc,age      ] GC(7) - age   2:     620808 bytes,    3592280 total
[2023-02-24T08:23:31.648+0000][7][gc,age      ] GC(7) - age   3:    3276456 bytes,    6868736 total
[2023-02-24T08:23:31.648+0000][7][gc,age      ] GC(7) - age   4:    4321032 bytes,   11189768 total
[2023-02-24T08:23:31.649+0000][7][gc,age      ] GC(7) - age   5:    1152016 bytes,   12341784 total
[2023-02-24T08:23:31.650+0000][7][gc,age      ] GC(7) - age   6:    2036896 bytes,   14378680 total
[2023-02-24T08:23:31.651+0000][7][gc,phases   ] GC(7)   Pre Evacuate Collection Set: 0.2ms
[2023-02-24T08:23:31.652+0000][7][gc,phases   ] GC(7)   Merge Heap Roots: 0.1ms
[2023-02-24T08:23:31.652+0000][7][gc,phases   ] GC(7)   Evacuate Collection Set: 17.6ms
[2023-02-24T08:23:31.653+0000][7][gc,phases   ] GC(7)   Post Evacuate Collection Set: 1.3ms
[2023-02-24T08:23:31.655+0000][7][gc,phases   ] GC(7)   Other: 9.2ms
[2023-02-24T08:23:31.656+0000][7][gc,heap     ] GC(7) Eden regions: 295->0(292)
[2023-02-24T08:23:31.656+0000][7][gc,heap     ] GC(7) Survivor regions: 12->15(39)
[2023-02-24T08:23:31.657+0000][7][gc,heap     ] GC(7) Old regions: 4->4
[2023-02-24T08:23:31.658+0000][7][gc,heap     ] GC(7) Archive regions: 0->0
[2023-02-24T08:23:31.659+0000][7][gc,heap     ] GC(7) Humongous regions: 1->1
[2023-02-24T08:23:31.659+0000][7][gc,metaspace] GC(7) Metaspace: 28507K(29948K)->28507K(29948K) NonClass: 25287K(26368K)->25287K(26368K) Class: 3219K(3580K)->3219K(3580K)
[2023-02-24T08:23:31.660+0000][7][gc          ] GC(7) Pause Young (Normal) (G1 Evacuation Pause) 311M->19M(512M) 37.154ms
[2023-02-24T08:23:31.661+0000][7][gc,cpu      ] GC(7) User=0.02s Sys=0.00s Real=0.04s
[2023-02-24T08:23:31.662+0000][7][safepoint   ] Safepoint "G1CollectForAllocation", Time since last: 533886708 ns, Reaching safepoint: 175625 ns, At safepoint: 39051667 ns, Total: 39227292 ns
[2023-02-24T08:23:32.115+0000][7][safepoint   ] Safepoint "ICBufferFull", Time since last: 452864875 ns, Reaching safepoint: 135667 ns, At safepoint: 5750 ns, Total: 141417 ns
[2023-02-24T08:23:32.535+0000][7][gc,start    ] GC(8) Pause Young (Concurrent Start) (Metadata GC Threshold)
[2023-02-24T08:23:32.536+0000][7][gc,task     ] GC(8) Using 4 workers of 4 for evacuation
[2023-02-24T08:23:32.537+0000][7][gc,age      ] GC(8) Desired survivor size 20447232 bytes, new threshold 15 (max threshold 15)
[2023-02-24T08:23:32.557+0000][7][gc,age      ] GC(8) Age table with threshold 15 (max threshold 15)
[2023-02-24T08:23:32.558+0000][7][gc,age      ] GC(8) - age   1:    2254696 bytes,    2254696 total
[2023-02-24T08:23:32.559+0000][7][gc,age      ] GC(8) - age   2:    2283408 bytes,    4538104 total
[2023-02-24T08:23:32.560+0000][7][gc,age      ] GC(8) - age   3:     605144 bytes,    5143248 total
[2023-02-24T08:23:32.560+0000][7][gc,age      ] GC(8) - age   4:    3260856 bytes,    8404104 total
[2023-02-24T08:23:32.561+0000][7][gc,age      ] GC(8) - age   5:    4307944 bytes,   12712048 total
[2023-02-24T08:23:32.563+0000][7][gc,age      ] GC(8) - age   6:    1121696 bytes,   13833744 total
[2023-02-24T08:23:32.564+0000][7][gc,age      ] GC(8) - age   7:    2034000 bytes,   15867744 total
[2023-02-24T08:23:32.565+0000][7][gc,phases   ] GC(8)   Pre Evacuate Collection Set: 0.4ms
[2023-02-24T08:23:32.565+0000][7][gc,phases   ] GC(8)   Merge Heap Roots: 0.1ms
[2023-02-24T08:23:32.566+0000][7][gc,phases   ] GC(8)   Evacuate Collection Set: 17.7ms
[2023-02-24T08:23:32.568+0000][7][gc,phases   ] GC(8)   Post Evacuate Collection Set: 0.9ms
[2023-02-24T08:23:32.568+0000][7][gc,phases   ] GC(8)   Other: 10.3ms
[2023-02-24T08:23:32.569+0000][7][gc,heap     ] GC(8) Eden regions: 127->0(291)
[2023-02-24T08:23:32.570+0000][7][gc,heap     ] GC(8) Survivor regions: 15->16(39)
[2023-02-24T08:23:32.572+0000][7][gc,heap     ] GC(8) Old regions: 4->4
[2023-02-24T08:23:32.573+0000][7][gc,heap     ] GC(8) Archive regions: 0->0
[2023-02-24T08:23:32.574+0000][7][gc,heap     ] GC(8) Humongous regions: 1->1
[2023-02-24T08:23:32.574+0000][7][gc,metaspace] GC(8) Metaspace: 34368K(36048K)->34368K(36048K) NonClass: 30388K(31700K)->30388K(31700K) Class: 3980K(4348K)->3980K(4348K)
[2023-02-24T08:23:32.575+0000][7][gc          ] GC(8) Pause Young (Concurrent Start) (Metadata GC Threshold) 146M->20M(512M) 39.709ms
[2023-02-24T08:23:32.575+0000][7][gc,cpu      ] GC(8) User=0.01s Sys=0.00s Real=0.04s
[2023-02-24T08:23:32.577+0000][7][gc          ] GC(9) Concurrent Cycle
[2023-02-24T08:23:32.578+0000][7][gc,marking  ] GC(9) Concurrent Clear Claimed Marks
[2023-02-24T08:23:32.579+0000][7][gc,marking  ] GC(9) Concurrent Clear Claimed Marks 1.121ms
[2023-02-24T08:23:32.580+0000][7][gc,marking  ] GC(9) Concurrent Scan Root Regions
[2023-02-24T08:23:32.577+0000][7][safepoint   ] Safepoint "CollectForMetadataAllocation", Time since last: 417970000 ns, Reaching safepoint: 2385417 ns, At safepoint: 41801708 ns, Total: 44187125 ns
[2023-02-24T08:23:32.590+0000][7][gc,marking  ] GC(9) Concurrent Scan Root Regions 10.047ms
[2023-02-24T08:23:32.592+0000][7][gc,marking  ] GC(9) Concurrent Mark (7.965s)
[2023-02-24T08:23:32.593+0000][7][gc,marking  ] GC(9) Concurrent Mark From Roots
[2023-02-24T08:23:32.594+0000][7][gc,task     ] GC(9) Using 1 workers of 1 for marking
[2023-02-24T08:23:32.598+0000][7][gc,marking  ] GC(9) Concurrent Mark From Roots 5.515ms
[2023-02-24T08:23:32.607+0000][7][gc,marking  ] GC(9) Concurrent Preclean
[2023-02-24T08:23:32.608+0000][7][gc,marking  ] GC(9) Concurrent Preclean 1.567ms
[2023-02-24T08:23:32.609+0000][7][gc,marking  ] GC(9) Concurrent Mark (7.965s, 7.982s) 17.184ms
[2023-02-24T08:23:32.614+0000][7][gc,start    ] GC(9) Pause Remark
[2023-02-24T08:23:32.618+0000][7][gc          ] GC(9) Pause Remark 21M->21M(512M) 4.107ms
[2023-02-24T08:23:32.619+0000][7][gc,cpu      ] GC(9) User=0.00s Sys=0.00s Real=0.00s
[2023-02-24T08:23:32.620+0000][7][safepoint   ] Safepoint "G1Concurrent", Time since last: 33044125 ns, Reaching safepoint: 3555208 ns, At safepoint: 6344750 ns, Total: 9899958 ns
[2023-02-24T08:23:32.621+0000][7][gc,marking  ] GC(9) Concurrent Rebuild Remembered Sets
[2023-02-24T08:23:32.624+0000][7][gc,marking  ] GC(9) Concurrent Rebuild Remembered Sets 2.893ms
[2023-02-24T08:23:32.627+0000][7][gc,start    ] GC(9) Pause Cleanup
[2023-02-24T08:23:32.629+0000][7][gc          ] GC(9) Pause Cleanup 21M->21M(512M) 1.212ms
[2023-02-24T08:23:32.630+0000][7][gc,cpu      ] GC(9) User=0.00s Sys=0.00s Real=0.01s
[2023-02-24T08:23:32.631+0000][7][safepoint   ] Safepoint "G1Concurrent", Time since last: 5023709 ns, Reaching safepoint: 2528666 ns, At safepoint: 3306292 ns, Total: 5834958 ns
[2023-02-24T08:23:32.633+0000][7][gc,marking  ] GC(9) Concurrent Cleanup for Next Mark
[2023-02-24T08:23:32.636+0000][7][gc,marking  ] GC(9) Concurrent Cleanup for Next Mark 2.901ms
[2023-02-24T08:23:32.637+0000][7][gc          ] GC(9) Concurrent Cycle 60.064ms
[2023-02-24T08:23:33.221+0000][7][safepoint   ] Safepoint "ICBufferFull", Time since last: 590431459 ns, Reaching safepoint: 207041 ns, At safepoint: 5709 ns, Total: 212750 ns
[2023-02-24T08:23:33.988+0000][7][safepoint   ] Safepoint "ICBufferFull", Time since last: 753619667 ns, Reaching safepoint: 12591791 ns, At safepoint: 12292 ns, Total: 12604083 ns
[2023-02-24T08:23:34.986+0000][7][safepoint   ] Safepoint "ICBufferFull", Time since last: 997766042 ns, Reaching safepoint: 261375 ns, At safepoint: 2209 ns, Total: 263584 ns
[2023-02-24T08:23:35.520+0000][7][safepoint   ] Safepoint "ICBufferFull", Time since last: 533917708 ns, Reaching safepoint: 127375 ns, At safepoint: 3584 ns, Total: 130959 ns
[2023-02-24T08:23:35.607+0000][7][gc,start    ] GC(10) Pause Young (Normal) (G1 Evacuation Pause)
[2023-02-24T08:23:35.608+0000][7][gc,task     ] GC(10) Using 4 workers of 4 for evacuation
[2023-02-24T08:23:35.609+0000][7][gc,age      ] GC(10) Desired survivor size 20447232 bytes, new threshold 15 (max threshold 15)
[2023-02-24T08:23:35.696+0000][7][gc,age      ] GC(10) Age table with threshold 15 (max threshold 15)
[2023-02-24T08:23:35.697+0000][7][gc,age      ] GC(10) - age   1:   24959664 bytes,   24959664 total
[2023-02-24T08:23:35.698+0000][7][gc,age      ] GC(10) - age   2:    2157592 bytes,   27117256 total
[2023-02-24T08:23:35.700+0000][7][gc,age      ] GC(10) - age   3:    2282832 bytes,   29400088 total
[2023-02-24T08:23:35.701+0000][7][gc,age      ] GC(10) - age   4:     604712 bytes,   30004800 total
[2023-02-24T08:23:35.702+0000][7][gc,age      ] GC(10) - age   5:    3249544 bytes,   33254344 total
[2023-02-24T08:23:35.703+0000][7][gc,age      ] GC(10) - age   6:    4282144 bytes,   37536488 total
[2023-02-24T08:23:35.704+0000][7][gc,age      ] GC(10) - age   7:    1100784 bytes,   38637272 total
[2023-02-24T08:23:35.705+0000][7][gc,age      ] GC(10) - age   8:    2025888 bytes,   40663160 total
[2023-02-24T08:23:35.705+0000][7][gc,phases   ] GC(10)   Pre Evacuate Collection Set: 0.3ms
[2023-02-24T08:23:35.706+0000][7][gc,phases   ] GC(10)   Merge Heap Roots: 0.0ms
[2023-02-24T08:23:35.707+0000][7][gc,phases   ] GC(10)   Evacuate Collection Set: 74.7ms
[2023-02-24T08:23:35.708+0000][7][gc,phases   ] GC(10)   Post Evacuate Collection Set: 10.6ms
[2023-02-24T08:23:35.708+0000][7][gc,phases   ] GC(10)   Other: 13.0ms
[2023-02-24T08:23:35.710+0000][7][gc,heap     ] GC(10) Eden regions: 291->0(268)
[2023-02-24T08:23:35.711+0000][7][gc,heap     ] GC(10) Survivor regions: 16->39(39)
[2023-02-24T08:23:35.712+0000][7][gc,heap     ] GC(10) Old regions: 4->9
[2023-02-24T08:23:35.716+0000][7][gc,heap     ] GC(10) Archive regions: 0->0
[2023-02-24T08:23:35.718+0000][7][gc,heap     ] GC(10) Humongous regions: 1->1
[2023-02-24T08:23:35.722+0000][7][gc,metaspace] GC(10) Metaspace: 43248K(45520K)->43248K(45520K) NonClass: 38017K(39636K)->38017K(39636K) Class: 5230K(5884K)->5230K(5884K)
[2023-02-24T08:23:35.734+0000][7][gc          ] GC(10) Pause Young (Normal) (G1 Evacuation Pause) 311M->48M(512M) 126.816ms
[2023-02-24T08:23:35.735+0000][7][gc,cpu      ] GC(10) User=0.10s Sys=0.00s Real=0.13s
[2023-02-24T08:23:35.736+0000][7][safepoint   ] Safepoint "G1CollectForAllocation", Time since last: 86886333 ns, Reaching safepoint: 125625 ns, At safepoint: 129068958 ns, Total: 129194583 ns
[2023-02-24T08:23:36.052+0000][7][safepoint   ] Safepoint "ICBufferFull", Time since last: 315508959 ns, Reaching safepoint: 188875 ns, At safepoint: 56666 ns, Total: 245541 ns
[2023-02-24T08:23:36.692+0000][7][safepoint   ] Safepoint "ICBufferFull", Time since last: 638920167 ns, Reaching safepoint: 1226542 ns, At safepoint: 4625 ns, Total: 1231167 ns
[2023-02-24T08:23:37.025+0000][7][safepoint   ] Safepoint "ICBufferFull", Time since last: 333325625 ns, Reaching safepoint: 223209 ns, At safepoint: 3208 ns, Total: 226417 ns
[2023-02-24T08:23:37.226+0000][7][gc,start    ] GC(11) Pause Young (Concurrent Start) (Metadata GC Threshold)
[2023-02-24T08:23:37.227+0000][7][gc,task     ] GC(11) Using 4 workers of 4 for evacuation
[2023-02-24T08:23:37.228+0000][7][gc,age      ] GC(11) Desired survivor size 20447232 bytes, new threshold 1 (max threshold 15)
[2023-02-24T08:23:37.299+0000][7][gc,age      ] GC(11) Age table with threshold 1 (max threshold 15)
[2023-02-24T08:23:37.300+0000][7][gc,age      ] GC(11) - age   1:    6294776 bytes,    6294776 total
[2023-02-24T08:23:37.301+0000][7][gc,phases   ] GC(11)   Pre Evacuate Collection Set: 0.2ms
[2023-02-24T08:23:37.302+0000][7][gc,phases   ] GC(11)   Merge Heap Roots: 0.2ms
[2023-02-24T08:23:37.303+0000][7][gc,phases   ] GC(11)   Evacuate Collection Set: 65.8ms
[2023-02-24T08:23:37.303+0000][7][gc,phases   ] GC(11)   Post Evacuate Collection Set: 1.3ms
[2023-02-24T08:23:37.304+0000][7][gc,phases   ] GC(11)   Other: 8.0ms
[2023-02-24T08:23:37.305+0000][7][gc,heap     ] GC(11) Eden regions: 111->0(290)
[2023-02-24T08:23:37.306+0000][7][gc,heap     ] GC(11) Survivor regions: 39->7(39)
[2023-02-24T08:23:37.306+0000][7][gc,heap     ] GC(11) Old regions: 9->49
[2023-02-24T08:23:37.307+0000][7][gc,heap     ] GC(11) Archive regions: 0->0
[2023-02-24T08:23:37.308+0000][7][gc,heap     ] GC(11) Humongous regions: 1->1
[2023-02-24T08:23:37.309+0000][7][gc,metaspace] GC(11) Metaspace: 57367K(60296K)->57367K(60296K) NonClass: 50005K(52108K)->50005K(52108K) Class: 7361K(8188K)->7361K(8188K)
[2023-02-24T08:23:37.310+0000][7][gc          ] GC(11) Pause Young (Concurrent Start) (Metadata GC Threshold) 159M->56M(512M) 84.094ms
[2023-02-24T08:23:37.311+0000][7][gc,cpu      ] GC(11) User=0.07s Sys=0.00s Real=0.09s
[2023-02-24T08:23:37.312+0000][7][safepoint   ] Safepoint "CollectForMetadataAllocation", Time since last: 200278208 ns, Reaching safepoint: 94042 ns, At safepoint: 86110250 ns, Total: 86204292 ns
[2023-02-24T08:23:37.312+0000][7][gc          ] GC(12) Concurrent Cycle
[2023-02-24T08:23:37.316+0000][7][gc,marking  ] GC(12) Concurrent Clear Claimed Marks
[2023-02-24T08:23:37.317+0000][7][gc,marking  ] GC(12) Concurrent Clear Claimed Marks 1.391ms
[2023-02-24T08:23:37.318+0000][7][gc,marking  ] GC(12) Concurrent Scan Root Regions
[2023-02-24T08:23:37.324+0000][7][safepoint   ] Safepoint "CollectForMetadataAllocation", Time since last: 6723333 ns, Reaching safepoint: 5127000 ns, At safepoint: 69417 ns, Total: 5196417 ns
[2023-02-24T08:23:37.362+0000][7][safepoint   ] Safepoint "CollectForMetadataAllocation", Time since last: 37952708 ns, Reaching safepoint: 68375 ns, At safepoint: 58667 ns, Total: 127042 ns
[2023-02-24T08:23:37.386+0000][7][gc,marking  ] GC(12) Concurrent Scan Root Regions 68.154ms
[2023-02-24T08:23:37.388+0000][7][gc,marking  ] GC(12) Concurrent Mark (12.760s)
[2023-02-24T08:23:37.389+0000][7][gc,marking  ] GC(12) Concurrent Mark From Roots
[2023-02-24T08:23:37.389+0000][7][gc,task     ] GC(12) Using 1 workers of 1 for marking
[2023-02-24T08:23:37.402+0000][7][gc,marking  ] GC(12) Concurrent Mark From Roots 12.842ms
[2023-02-24T08:23:37.403+0000][7][gc,marking  ] GC(12) Concurrent Preclean
[2023-02-24T08:23:37.404+0000][7][gc,marking  ] GC(12) Concurrent Preclean 1.068ms
[2023-02-24T08:23:37.405+0000][7][gc,marking  ] GC(12) Concurrent Mark (12.760s, 12.777s) 16.785ms
[2023-02-24T08:23:37.415+0000][7][gc,start    ] GC(12) Pause Remark
[2023-02-24T08:23:37.420+0000][7][gc          ] GC(12) Pause Remark 58M->58M(512M) 5.798ms
[2023-02-24T08:23:37.423+0000][7][gc,cpu      ] GC(12) User=0.00s Sys=0.00s Real=0.01s
[2023-02-24T08:23:37.423+0000][7][safepoint   ] Safepoint "G1Concurrent", Time since last: 44172792 ns, Reaching safepoint: 8720958 ns, At safepoint: 8700458 ns, Total: 17421416 ns
[2023-02-24T08:23:37.424+0000][7][gc,marking  ] GC(12) Concurrent Rebuild Remembered Sets
[2023-02-24T08:23:37.491+0000][7][gc,marking  ] GC(12) Concurrent Rebuild Remembered Sets 66.948ms
[2023-02-24T08:23:37.499+0000][7][gc,start    ] GC(12) Pause Cleanup
[2023-02-24T08:23:37.502+0000][7][gc          ] GC(12) Pause Cleanup 61M->61M(512M) 2.155ms
[2023-02-24T08:23:37.502+0000][7][gc,cpu      ] GC(12) User=0.00s Sys=0.00s Real=0.01s
[2023-02-24T08:23:37.503+0000][7][safepoint   ] Safepoint "G1Concurrent", Time since last: 71655584 ns, Reaching safepoint: 4385333 ns, At safepoint: 3647500 ns, Total: 8032833 ns
[2023-02-24T08:23:37.504+0000][7][gc,marking  ] GC(12) Concurrent Cleanup for Next Mark
[2023-02-24T08:23:37.513+0000][7][gc,marking  ] GC(12) Concurrent Cleanup for Next Mark 8.961ms
[2023-02-24T08:23:37.514+0000][7][gc          ] GC(12) Concurrent Cycle 201.980ms
[2023-02-24T08:23:38.505+0000][7][safepoint   ] Safepoint "Cleanup", Time since last: 1001746042 ns, Reaching safepoint: 224417 ns, At safepoint: 1958 ns, Total: 226375 ns
[2023-02-24T08:23:38.911+0000][7][safepoint   ] Safepoint "ICBufferFull", Time since last: 405562000 ns, Reaching safepoint: 193542 ns, At safepoint: 2875 ns, Total: 196417 ns
[2023-02-24T08:23:38.919+0000][7][safepoint   ] Safepoint "ICBufferFull", Time since last: 7852542 ns, Reaching safepoint: 149000 ns, At safepoint: 2333 ns, Total: 151333 ns
[2023-02-24T08:23:39.551+0000][7][safepoint   ] Safepoint "ICBufferFull", Time since last: 632211334 ns, Reaching safepoint: 218916 ns, At safepoint: 2875 ns, Total: 221791 ns
[2023-02-24T08:23:40.491+0000][7][safepoint   ] Safepoint "ICBufferFull", Time since last: 939527417 ns, Reaching safepoint: 572459 ns, At safepoint: 2291 ns, Total: 574750 ns
[2023-02-24T08:23:41.194+0000][7][safepoint   ] Safepoint "ICBufferFull", Time since last: 702134001 ns, Reaching safepoint: 456125 ns, At safepoint: 10041 ns, Total: 466166 ns
[2023-02-24T08:23:41.591+0000][7][safepoint   ] Safepoint "ICBufferFull", Time since last: 391265042 ns, Reaching safepoint: 5548583 ns, At safepoint: 5417 ns, Total: 5554000 ns
[2023-02-24T08:23:41.915+0000][7][safepoint   ] Safepoint "ICBufferFull", Time since last: 323515709 ns, Reaching safepoint: 587916 ns, At safepoint: 10667 ns, Total: 598583 ns
[2023-02-24T08:23:42.477+0000][7][gc,heap,exit] Heap
[2023-02-24T08:23:42.478+0000][7][gc,heap,exit]  garbage-first heap   total 524288K, used 260284K [0x00000000e0000000, 0x0000000100000000)
[2023-02-24T08:23:42.479+0000][7][gc,heap,exit]   region size 1024K, 206 young (210944K), 7 survivors (7168K)
[2023-02-24T08:23:42.480+0000][7][gc,heap,exit]  Metaspace       used 86295K, capacity 89362K, committed 90452K, reserved 1128448K
[2023-02-24T08:23:42.481+0000][7][gc,heap,exit]   class space    used 11405K, capacity 12371K, committed 12488K, reserved 1048576K
