[2023-01-09T09:49:56.713+0000][6][gc] Using G1
[2023-01-09T09:49:56.849+0000][6][gc,init] Version: 15+36-1562 (release)
[2023-01-09T09:49:56.850+0000][6][gc,init] CPUs: 4 total, 4 available
[2023-01-09T09:49:56.851+0000][6][gc,init] Memory: 7951M
[2023-01-09T09:49:56.851+0000][6][gc,init] Large Page Support: Disabled
[2023-01-09T09:49:56.852+0000][6][gc,init] NUMA Support: Disabled
[2023-01-09T09:49:56.853+0000][6][gc,init] Compressed Oops: Enabled (32-bit)
[2023-01-09T09:49:56.854+0000][6][gc,init] Heap Region Size: 1M
[2023-01-09T09:49:56.855+0000][6][gc,init] Heap Min Capacity: 512M
[2023-01-09T09:49:56.855+0000][6][gc,init] Heap Initial Capacity: 512M
[2023-01-09T09:49:56.856+0000][6][gc,init] Heap Max Capacity: 512M
[2023-01-09T09:49:56.857+0000][6][gc,init] Pre-touch: Enabled
[2023-01-09T09:49:56.857+0000][6][gc,init] Parallel Workers: 4
[2023-01-09T09:49:56.858+0000][6][gc,init] Concurrent Workers: 1
[2023-01-09T09:49:56.859+0000][6][gc,init] Concurrent Refinement Workers: 4
[2023-01-09T09:49:56.859+0000][6][gc,init] Periodic GC: Disabled
[2023-01-09T09:49:56.860+0000][6][gc,metaspace] CDS disabled.
[2023-01-09T09:49:56.861+0000][6][gc,metaspace] Compressed class space mapped at: 0x0000000100000000-0x0000000140000000, size: 1073741824
[2023-01-09T09:49:56.862+0000][6][gc,metaspace] Narrow klass base: 0x0000000000000000, Narrow klass shift: 3, Narrow klass range: 0x140000000
[2023-01-09T09:49:57.184+0000][6][safepoint   ] Safepoint "ICBufferFull", Time since last: 307426083 ns, Reaching safepoint: 389417 ns, At safepoint: 3750 ns, Total: 393167 ns
[2023-01-09T09:49:57.306+0000][6][safepoint   ] Safepoint "ICBufferFull", Time since last: 120482833 ns, Reaching safepoint: 1666041 ns, At safepoint: 9375 ns, Total: 1675416 ns
[2023-01-09T09:49:57.493+0000][6][safepoint   ] Safepoint "ICBufferFull", Time since last: 186193875 ns, Reaching safepoint: 148584 ns, At safepoint: 2875 ns, Total: 151459 ns
[2023-01-09T09:49:57.690+0000][6][gc,start    ] GC(0) Pause Young (Normal) (G1 Evacuation Pause)
[2023-01-09T09:49:57.693+0000][6][gc,task     ] GC(0) Using 4 workers of 4 for evacuation
[2023-01-09T09:49:57.695+0000][6][gc,age      ] GC(0) Desired survivor size 2097152 bytes, new threshold 15 (max threshold 15)
[2023-01-09T09:49:57.726+0000][6][gc,age      ] GC(0) Age table with threshold 15 (max threshold 15)
[2023-01-09T09:49:57.728+0000][6][gc,age      ] GC(0) - age   1:    3928608 bytes,    3928608 total
[2023-01-09T09:49:57.728+0000][6][gc,phases   ] GC(0)   Pre Evacuate Collection Set: 0.2ms
[2023-01-09T09:49:57.729+0000][6][gc,phases   ] GC(0)   Merge Heap Roots: 0.0ms
[2023-01-09T09:49:57.730+0000][6][gc,phases   ] GC(0)   Evacuate Collection Set: 27.9ms
[2023-01-09T09:49:57.731+0000][6][gc,phases   ] GC(0)   Post Evacuate Collection Set: 0.7ms
[2023-01-09T09:49:57.732+0000][6][gc,phases   ] GC(0)   Other: 9.6ms
[2023-01-09T09:49:57.733+0000][6][gc,heap     ] GC(0) Eden regions: 25->0(25)
[2023-01-09T09:49:57.734+0000][6][gc,heap     ] GC(0) Survivor regions: 0->4(4)
[2023-01-09T09:49:57.734+0000][6][gc,heap     ] GC(0) Old regions: 0->0
[2023-01-09T09:49:57.735+0000][6][gc,heap     ] GC(0) Archive regions: 0->0
[2023-01-09T09:49:57.736+0000][6][gc,heap     ] GC(0) Humongous regions: 1->1
[2023-01-09T09:49:57.737+0000][6][gc,metaspace] GC(0) Metaspace: 15689K(16128K)->15689K(16128K) NonClass: 14106K(14336K)->14106K(14336K) Class: 1582K(1792K)->1582K(1792K)
[2023-01-09T09:49:57.737+0000][6][gc          ] GC(0) Pause Young (Normal) (G1 Evacuation Pause) 26M->4M(512M) 47.289ms
[2023-01-09T09:49:57.738+0000][6][gc,cpu      ] GC(0) User=0.02s Sys=0.00s Real=0.05s
[2023-01-09T09:49:57.738+0000][6][safepoint   ] Safepoint "G1CollectForAllocation", Time since last: 197300083 ns, Reaching safepoint: 65083 ns, At safepoint: 48262875 ns, Total: 48327958 ns
[2023-01-09T09:49:58.503+0000][6][safepoint   ] Safepoint "ICBufferFull", Time since last: 764429626 ns, Reaching safepoint: 164750 ns, At safepoint: 1541 ns, Total: 166291 ns
[2023-01-09T09:49:58.810+0000][6][gc,start    ] GC(1) Pause Young (Concurrent Start) (Metadata GC Threshold)
[2023-01-09T09:49:58.812+0000][6][gc,task     ] GC(1) Using 4 workers of 4 for evacuation
[2023-01-09T09:49:58.814+0000][6][gc,age      ] GC(1) Desired survivor size 2097152 bytes, new threshold 1 (max threshold 15)
[2023-01-09T09:49:58.839+0000][6][gc,age      ] GC(1) Age table with threshold 1 (max threshold 15)
[2023-01-09T09:49:58.839+0000][6][gc,age      ] GC(1) - age   1:    2140512 bytes,    2140512 total
[2023-01-09T09:49:58.840+0000][6][gc,phases   ] GC(1)   Pre Evacuate Collection Set: 0.4ms
[2023-01-09T09:49:58.841+0000][6][gc,phases   ] GC(1)   Merge Heap Roots: 0.1ms
[2023-01-09T09:49:58.842+0000][6][gc,phases   ] GC(1)   Evacuate Collection Set: 23.2ms
[2023-01-09T09:49:58.843+0000][6][gc,phases   ] GC(1)   Post Evacuate Collection Set: 0.4ms
[2023-01-09T09:49:58.845+0000][6][gc,phases   ] GC(1)   Other: 6.1ms
[2023-01-09T09:49:58.846+0000][6][gc,heap     ] GC(1) Eden regions: 23->0(29)
[2023-01-09T09:49:58.846+0000][6][gc,heap     ] GC(1) Survivor regions: 4->3(4)
[2023-01-09T09:49:58.847+0000][6][gc,heap     ] GC(1) Old regions: 0->4
[2023-01-09T09:49:58.848+0000][6][gc,heap     ] GC(1) Archive regions: 0->0
[2023-01-09T09:49:58.849+0000][6][gc,heap     ] GC(1) Humongous regions: 1->1
[2023-01-09T09:49:58.850+0000][6][gc,metaspace] GC(1) Metaspace: 20781K(21248K)->20781K(21248K) NonClass: 18557K(18944K)->18557K(18944K) Class: 2224K(2304K)->2224K(2304K)
[2023-01-09T09:49:58.851+0000][6][gc          ] GC(1) Pause Young (Concurrent Start) (Metadata GC Threshold) 27M->7M(512M) 40.529ms
[2023-01-09T09:49:58.851+0000][6][gc,cpu      ] GC(1) User=0.01s Sys=0.00s Real=0.04s
[2023-01-09T09:49:58.852+0000][6][safepoint   ] Safepoint "CollectForMetadataAllocation", Time since last: 306679167 ns, Reaching safepoint: 453292 ns, At safepoint: 42353750 ns, Total: 42807042 ns
[2023-01-09T09:49:58.852+0000][6][gc          ] GC(2) Concurrent Cycle
[2023-01-09T09:49:58.854+0000][6][gc,marking  ] GC(2) Concurrent Clear Claimed Marks
[2023-01-09T09:49:58.855+0000][6][gc,marking  ] GC(2) Concurrent Clear Claimed Marks 1.080ms
[2023-01-09T09:49:58.856+0000][6][gc,marking  ] GC(2) Concurrent Scan Root Regions
[2023-01-09T09:49:58.861+0000][6][gc,marking  ] GC(2) Concurrent Scan Root Regions 4.266ms
[2023-01-09T09:49:58.861+0000][6][gc,marking  ] GC(2) Concurrent Mark (2.161s)
[2023-01-09T09:49:58.863+0000][6][gc,marking  ] GC(2) Concurrent Mark From Roots
[2023-01-09T09:49:58.864+0000][6][gc,task     ] GC(2) Using 1 workers of 1 for marking
[2023-01-09T09:49:58.870+0000][6][gc,marking  ] GC(2) Concurrent Mark From Roots 7.391ms
[2023-01-09T09:49:58.871+0000][6][gc,marking  ] GC(2) Concurrent Preclean
[2023-01-09T09:49:58.872+0000][6][gc,marking  ] GC(2) Concurrent Preclean 0.676ms
[2023-01-09T09:49:58.873+0000][6][gc,marking  ] GC(2) Concurrent Mark (2.161s, 2.173s) 11.442ms
[2023-01-09T09:49:58.874+0000][6][gc,start    ] GC(2) Pause Remark
[2023-01-09T09:49:58.876+0000][6][gc          ] GC(2) Pause Remark 8M->8M(512M) 2.126ms
[2023-01-09T09:49:58.877+0000][6][gc,cpu      ] GC(2) User=0.00s Sys=0.00s Real=0.01s
[2023-01-09T09:49:58.877+0000][6][safepoint   ] Safepoint "G1Concurrent", Time since last: 21279375 ns, Reaching safepoint: 32208 ns, At safepoint: 3540250 ns, Total: 3572458 ns
[2023-01-09T09:49:58.878+0000][6][gc,marking  ] GC(2) Concurrent Rebuild Remembered Sets
[2023-01-09T09:49:58.880+0000][6][gc,marking  ] GC(2) Concurrent Rebuild Remembered Sets 2.269ms
[2023-01-09T09:49:58.887+0000][6][gc,start    ] GC(2) Pause Cleanup
[2023-01-09T09:49:58.889+0000][6][gc          ] GC(2) Pause Cleanup 8M->8M(512M) 1.359ms
[2023-01-09T09:49:58.889+0000][6][gc,cpu      ] GC(2) User=0.00s Sys=0.00s Real=0.00s
[2023-01-09T09:49:58.890+0000][6][safepoint   ] Safepoint "G1Concurrent", Time since last: 3968250 ns, Reaching safepoint: 6031834 ns, At safepoint: 3041625 ns, Total: 9073459 ns
[2023-01-09T09:49:58.891+0000][6][gc,marking  ] GC(2) Concurrent Cleanup for Next Mark
[2023-01-09T09:49:58.893+0000][6][gc,marking  ] GC(2) Concurrent Cleanup for Next Mark 1.350ms
[2023-01-09T09:49:58.893+0000][6][gc          ] GC(2) Concurrent Cycle 41.073ms
[2023-01-09T09:49:59.526+0000][6][gc,start    ] GC(3) Pause Young (Normal) (G1 Evacuation Pause)
[2023-01-09T09:49:59.527+0000][6][gc,task     ] GC(3) Using 4 workers of 4 for evacuation
[2023-01-09T09:49:59.528+0000][6][gc,age      ] GC(3) Desired survivor size 2097152 bytes, new threshold 1 (max threshold 15)
[2023-01-09T09:49:59.539+0000][6][gc,age      ] GC(3) Age table with threshold 1 (max threshold 15)
[2023-01-09T09:49:59.540+0000][6][gc,age      ] GC(3) - age   1:    1950104 bytes,    1950104 total
[2023-01-09T09:49:59.541+0000][6][gc,phases   ] GC(3)   Pre Evacuate Collection Set: 2.2ms
[2023-01-09T09:49:59.541+0000][6][gc,phases   ] GC(3)   Merge Heap Roots: 0.0ms
[2023-01-09T09:49:59.542+0000][6][gc,phases   ] GC(3)   Evacuate Collection Set: 6.1ms
[2023-01-09T09:49:59.543+0000][6][gc,phases   ] GC(3)   Post Evacuate Collection Set: 1.6ms
[2023-01-09T09:49:59.544+0000][6][gc,phases   ] GC(3)   Other: 4.8ms
[2023-01-09T09:49:59.545+0000][6][gc,heap     ] GC(3) Eden regions: 29->0(191)
[2023-01-09T09:49:59.545+0000][6][gc,heap     ] GC(3) Survivor regions: 3->3(4)
[2023-01-09T09:49:59.546+0000][6][gc,heap     ] GC(3) Old regions: 4->6
[2023-01-09T09:49:59.547+0000][6][gc,heap     ] GC(3) Archive regions: 0->0
[2023-01-09T09:49:59.547+0000][6][gc,heap     ] GC(3) Humongous regions: 1->1
[2023-01-09T09:49:59.548+0000][6][gc,metaspace] GC(3) Metaspace: 22493K(23036K)->22493K(23036K) NonClass: 20078K(20476K)->20078K(20476K) Class: 2415K(2560K)->2415K(2560K)
[2023-01-09T09:49:59.549+0000][6][gc          ] GC(3) Pause Young (Normal) (G1 Evacuation Pause) 36M->9M(512M) 22.947ms
[2023-01-09T09:49:59.549+0000][6][gc,cpu      ] GC(3) User=0.01s Sys=0.00s Real=0.02s
[2023-01-09T09:49:59.550+0000][6][safepoint   ] Safepoint "G1CollectForAllocation", Time since last: 635364667 ns, Reaching safepoint: 172916 ns, At safepoint: 24412042 ns, Total: 24584958 ns
[2023-01-09T09:49:59.623+0000][6][safepoint   ] Safepoint "ICBufferFull", Time since last: 73246500 ns, Reaching safepoint: 43417 ns, At safepoint: 1958 ns, Total: 45375 ns
[2023-01-09T09:49:59.632+0000][6][safepoint   ] Safepoint "ICBufferFull", Time since last: 8130083 ns, Reaching safepoint: 31625 ns, At safepoint: 1125 ns, Total: 32750 ns
[2023-01-09T09:49:59.634+0000][6][safepoint   ] Safepoint "ICBufferFull", Time since last: 2140959 ns, Reaching safepoint: 32500 ns, At safepoint: 1458 ns, Total: 33958 ns
[2023-01-09T09:49:59.641+0000][6][safepoint   ] Safepoint "ICBufferFull", Time since last: 6685792 ns, Reaching safepoint: 121000 ns, At safepoint: 2458 ns, Total: 123458 ns
[2023-01-09T09:49:59.648+0000][6][safepoint   ] Safepoint "ICBufferFull", Time since last: 7530667 ns, Reaching safepoint: 243125 ns, At safepoint: 1708 ns, Total: 244833 ns
[2023-01-09T09:49:59.651+0000][6][safepoint   ] Safepoint "ICBufferFull", Time since last: 1865292 ns, Reaching safepoint: 742875 ns, At safepoint: 2416 ns, Total: 745291 ns
[2023-01-09T09:49:59.654+0000][6][safepoint   ] Safepoint "ICBufferFull", Time since last: 2352292 ns, Reaching safepoint: 1088750 ns, At safepoint: 2375 ns, Total: 1091125 ns
[2023-01-09T09:49:59.659+0000][6][safepoint   ] Safepoint "ICBufferFull", Time since last: 1613083 ns, Reaching safepoint: 2950792 ns, At safepoint: 2292 ns, Total: 2953084 ns
[2023-01-09T09:49:59.664+0000][6][safepoint   ] Safepoint "ICBufferFull", Time since last: 2191333 ns, Reaching safepoint: 2803125 ns, At safepoint: 3458 ns, Total: 2806583 ns
[2023-01-09T09:49:59.666+0000][6][safepoint   ] Safepoint "ICBufferFull", Time since last: 2129709 ns, Reaching safepoint: 100666 ns, At safepoint: 1459 ns, Total: 102125 ns
[2023-01-09T09:49:59.671+0000][6][safepoint   ] Safepoint "ICBufferFull", Time since last: 1826250 ns, Reaching safepoint: 2510750 ns, At safepoint: 3416 ns, Total: 2514166 ns
[2023-01-09T09:49:59.674+0000][6][safepoint   ] Safepoint "ICBufferFull", Time since last: 1746292 ns, Reaching safepoint: 1236500 ns, At safepoint: 3333 ns, Total: 1239833 ns
[2023-01-09T09:49:59.677+0000][6][safepoint   ] Safepoint "ICBufferFull", Time since last: 1663834 ns, Reaching safepoint: 1902916 ns, At safepoint: 4042 ns, Total: 1906958 ns
[2023-01-09T09:49:59.680+0000][6][safepoint   ] Safepoint "ICBufferFull", Time since last: 2860125 ns, Reaching safepoint: 202917 ns, At safepoint: 2666 ns, Total: 205583 ns
[2023-01-09T09:49:59.682+0000][6][safepoint   ] Safepoint "ICBufferFull", Time since last: 1911000 ns, Reaching safepoint: 243417 ns, At safepoint: 1708 ns, Total: 245125 ns
[2023-01-09T09:49:59.693+0000][6][safepoint   ] Safepoint "ICBufferFull", Time since last: 10348875 ns, Reaching safepoint: 41209 ns, At safepoint: 13666 ns, Total: 54875 ns
[2023-01-09T09:49:59.696+0000][6][safepoint   ] Safepoint "ICBufferFull", Time since last: 2387250 ns, Reaching safepoint: 727834 ns, At safepoint: 1666 ns, Total: 729500 ns
[2023-01-09T09:49:59.699+0000][6][safepoint   ] Safepoint "ICBufferFull", Time since last: 1767417 ns, Reaching safepoint: 933292 ns, At safepoint: 2250 ns, Total: 935542 ns
[2023-01-09T09:49:59.704+0000][6][safepoint   ] Safepoint "ICBufferFull", Time since last: 1770250 ns, Reaching safepoint: 3402208 ns, At safepoint: 3833 ns, Total: 3406041 ns
[2023-01-09T09:49:59.706+0000][6][safepoint   ] Safepoint "ICBufferFull", Time since last: 2428792 ns, Reaching safepoint: 100583 ns, At safepoint: 1542 ns, Total: 102125 ns
[2023-01-09T09:49:59.709+0000][6][safepoint   ] Safepoint "ICBufferFull", Time since last: 2217458 ns, Reaching safepoint: 101584 ns, At safepoint: 1666 ns, Total: 103250 ns
[2023-01-09T09:49:59.710+0000][6][safepoint   ] Safepoint "ICBufferFull", Time since last: 1417625 ns, Reaching safepoint: 97542 ns, At safepoint: 1417 ns, Total: 98959 ns
[2023-01-09T09:49:59.715+0000][6][safepoint   ] Safepoint "ICBufferFull", Time since last: 1716541 ns, Reaching safepoint: 2960959 ns, At safepoint: 3291 ns, Total: 2964250 ns
[2023-01-09T09:49:59.717+0000][6][safepoint   ] Safepoint "ICBufferFull", Time since last: 2017292 ns, Reaching safepoint: 158833 ns, At safepoint: 1875 ns, Total: 160708 ns
[2023-01-09T09:49:59.723+0000][6][safepoint   ] Safepoint "ICBufferFull", Time since last: 4248042 ns, Reaching safepoint: 1479500 ns, At safepoint: 2708 ns, Total: 1482208 ns
[2023-01-09T09:49:59.725+0000][6][safepoint   ] Safepoint "ICBufferFull", Time since last: 2497959 ns, Reaching safepoint: 47583 ns, At safepoint: 1458 ns, Total: 49041 ns
[2023-01-09T09:49:59.728+0000][6][safepoint   ] Safepoint "ICBufferFull", Time since last: 2182792 ns, Reaching safepoint: 105000 ns, At safepoint: 1458 ns, Total: 106458 ns
[2023-01-09T09:49:59.729+0000][6][safepoint   ] Safepoint "ICBufferFull", Time since last: 1659500 ns, Reaching safepoint: 105209 ns, At safepoint: 1666 ns, Total: 106875 ns
[2023-01-09T09:49:59.736+0000][6][safepoint   ] Safepoint "ICBufferFull", Time since last: 6487709 ns, Reaching safepoint: 199000 ns, At safepoint: 2000 ns, Total: 201000 ns
[2023-01-09T09:49:59.750+0000][6][safepoint   ] Safepoint "ICBufferFull", Time since last: 13463208 ns, Reaching safepoint: 116458 ns, At safepoint: 2000 ns, Total: 118458 ns
[2023-01-09T09:49:59.752+0000][6][safepoint   ] Safepoint "ICBufferFull", Time since last: 2427667 ns, Reaching safepoint: 105667 ns, At safepoint: 1333 ns, Total: 107000 ns
[2023-01-09T09:49:59.754+0000][6][safepoint   ] Safepoint "ICBufferFull", Time since last: 1842500 ns, Reaching safepoint: 100417 ns, At safepoint: 5000 ns, Total: 105417 ns
[2023-01-09T09:49:59.756+0000][6][safepoint   ] Safepoint "ICBufferFull", Time since last: 1610416 ns, Reaching safepoint: 101042 ns, At safepoint: 1333 ns, Total: 102375 ns
[2023-01-09T09:49:59.757+0000][6][safepoint   ] Safepoint "ICBufferFull", Time since last: 1532417 ns, Reaching safepoint: 100417 ns, At safepoint: 1458 ns, Total: 101875 ns
[2023-01-09T09:49:59.760+0000][6][safepoint   ] Safepoint "ICBufferFull", Time since last: 2185667 ns, Reaching safepoint: 103750 ns, At safepoint: 1500 ns, Total: 105250 ns
[2023-01-09T09:49:59.762+0000][6][safepoint   ] Safepoint "ICBufferFull", Time since last: 2585291 ns, Reaching safepoint: 108417 ns, At safepoint: 1667 ns, Total: 110084 ns
[2023-01-09T09:49:59.778+0000][6][safepoint   ] Safepoint "ICBufferFull", Time since last: 15532666 ns, Reaching safepoint: 119750 ns, At safepoint: 2667 ns, Total: 122417 ns
[2023-01-09T09:49:59.783+0000][6][safepoint   ] Safepoint "ICBufferFull", Time since last: 4738583 ns, Reaching safepoint: 176250 ns, At safepoint: 2167 ns, Total: 178417 ns
[2023-01-09T09:49:59.785+0000][6][safepoint   ] Safepoint "ICBufferFull", Time since last: 1422583 ns, Reaching safepoint: 94834 ns, At safepoint: 1416 ns, Total: 96250 ns
[2023-01-09T09:49:59.786+0000][6][safepoint   ] Safepoint "ICBufferFull", Time since last: 1103000 ns, Reaching safepoint: 94875 ns, At safepoint: 1459 ns, Total: 96334 ns
[2023-01-09T09:49:59.787+0000][6][safepoint   ] Safepoint "ICBufferFull", Time since last: 1030583 ns, Reaching safepoint: 95000 ns, At safepoint: 1417 ns, Total: 96417 ns
[2023-01-09T09:49:59.791+0000][6][safepoint   ] Safepoint "ICBufferFull", Time since last: 1452041 ns, Reaching safepoint: 2710417 ns, At safepoint: 4000 ns, Total: 2714417 ns
[2023-01-09T09:49:59.793+0000][6][safepoint   ] Safepoint "ICBufferFull", Time since last: 1416250 ns, Reaching safepoint: 104833 ns, At safepoint: 1375 ns, Total: 106208 ns
[2023-01-09T09:49:59.794+0000][6][safepoint   ] Safepoint "ICBufferFull", Time since last: 1096875 ns, Reaching safepoint: 105167 ns, At safepoint: 1375 ns, Total: 106542 ns
[2023-01-09T09:49:59.796+0000][6][safepoint   ] Safepoint "ICBufferFull", Time since last: 2130250 ns, Reaching safepoint: 109167 ns, At safepoint: 1583 ns, Total: 110750 ns
[2023-01-09T09:49:59.797+0000][6][safepoint   ] Safepoint "ICBufferFull", Time since last: 1020750 ns, Reaching safepoint: 94958 ns, At safepoint: 1292 ns, Total: 96250 ns
[2023-01-09T09:49:59.798+0000][6][safepoint   ] Safepoint "ICBufferFull", Time since last: 1243375 ns, Reaching safepoint: 94208 ns, At safepoint: 1292 ns, Total: 95500 ns
[2023-01-09T09:49:59.800+0000][6][safepoint   ] Safepoint "ICBufferFull", Time since last: 1196875 ns, Reaching safepoint: 95708 ns, At safepoint: 1459 ns, Total: 97167 ns
[2023-01-09T09:49:59.801+0000][6][safepoint   ] Safepoint "ICBufferFull", Time since last: 1084291 ns, Reaching safepoint: 129625 ns, At safepoint: 1500 ns, Total: 131125 ns
[2023-01-09T09:49:59.802+0000][6][safepoint   ] Safepoint "ICBufferFull", Time since last: 1215209 ns, Reaching safepoint: 100500 ns, At safepoint: 1500 ns, Total: 102000 ns
[2023-01-09T09:49:59.804+0000][6][safepoint   ] Safepoint "ICBufferFull", Time since last: 1475583 ns, Reaching safepoint: 99542 ns, At safepoint: 1916 ns, Total: 101458 ns
[2023-01-09T09:49:59.805+0000][6][safepoint   ] Safepoint "ICBufferFull", Time since last: 1455667 ns, Reaching safepoint: 97875 ns, At safepoint: 1458 ns, Total: 99333 ns
[2023-01-09T09:49:59.807+0000][6][safepoint   ] Safepoint "ICBufferFull", Time since last: 1172084 ns, Reaching safepoint: 92166 ns, At safepoint: 1334 ns, Total: 93500 ns
[2023-01-09T09:49:59.808+0000][6][safepoint   ] Safepoint "ICBufferFull", Time since last: 859708 ns, Reaching safepoint: 152375 ns, At safepoint: 1750 ns, Total: 154125 ns
[2023-01-09T09:49:59.809+0000][6][safepoint   ] Safepoint "ICBufferFull", Time since last: 1027500 ns, Reaching safepoint: 95625 ns, At safepoint: 1250 ns, Total: 96875 ns
[2023-01-09T09:49:59.810+0000][6][safepoint   ] Safepoint "ICBufferFull", Time since last: 890500 ns, Reaching safepoint: 110042 ns, At safepoint: 1458 ns, Total: 111500 ns
[2023-01-09T09:49:59.811+0000][6][safepoint   ] Safepoint "ICBufferFull", Time since last: 986042 ns, Reaching safepoint: 95333 ns, At safepoint: 1500 ns, Total: 96833 ns
[2023-01-09T09:49:59.812+0000][6][safepoint   ] Safepoint "ICBufferFull", Time since last: 1210708 ns, Reaching safepoint: 97875 ns, At safepoint: 1875 ns, Total: 99750 ns
[2023-01-09T09:49:59.813+0000][6][safepoint   ] Safepoint "ICBufferFull", Time since last: 1109334 ns, Reaching safepoint: 95208 ns, At safepoint: 1458 ns, Total: 96666 ns
[2023-01-09T09:49:59.815+0000][6][safepoint   ] Safepoint "ICBufferFull", Time since last: 1203959 ns, Reaching safepoint: 94125 ns, At safepoint: 1333 ns, Total: 95458 ns
[2023-01-09T09:49:59.817+0000][6][safepoint   ] Safepoint "ICBufferFull", Time since last: 1944292 ns, Reaching safepoint: 99791 ns, At safepoint: 1292 ns, Total: 101083 ns
[2023-01-09T09:49:59.818+0000][6][safepoint   ] Safepoint "ICBufferFull", Time since last: 1070375 ns, Reaching safepoint: 175833 ns, At safepoint: 1959 ns, Total: 177792 ns
[2023-01-09T09:49:59.819+0000][6][safepoint   ] Safepoint "ICBufferFull", Time since last: 1132333 ns, Reaching safepoint: 94792 ns, At safepoint: 1375 ns, Total: 96167 ns
[2023-01-09T09:49:59.821+0000][6][safepoint   ] Safepoint "ICBufferFull", Time since last: 1221125 ns, Reaching safepoint: 96416 ns, At safepoint: 1334 ns, Total: 97750 ns
[2023-01-09T09:49:59.822+0000][6][safepoint   ] Safepoint "ICBufferFull", Time since last: 1097875 ns, Reaching safepoint: 93458 ns, At safepoint: 1333 ns, Total: 94791 ns
[2023-01-09T09:49:59.824+0000][6][safepoint   ] Safepoint "ICBufferFull", Time since last: 2041500 ns, Reaching safepoint: 31459 ns, At safepoint: 1583 ns, Total: 33042 ns
[2023-01-09T09:49:59.825+0000][6][safepoint   ] Safepoint "ICBufferFull", Time since last: 1260375 ns, Reaching safepoint: 30625 ns, At safepoint: 1333 ns, Total: 31958 ns
[2023-01-09T09:49:59.826+0000][6][safepoint   ] Safepoint "ICBufferFull", Time since last: 1138750 ns, Reaching safepoint: 21584 ns, At safepoint: 1333 ns, Total: 22917 ns
[2023-01-09T09:49:59.827+0000][6][safepoint   ] Safepoint "ICBufferFull", Time since last: 1139083 ns, Reaching safepoint: 23625 ns, At safepoint: 1375 ns, Total: 25000 ns
[2023-01-09T09:49:59.829+0000][6][safepoint   ] Safepoint "ICBufferFull", Time since last: 1093292 ns, Reaching safepoint: 24167 ns, At safepoint: 1375 ns, Total: 25542 ns
[2023-01-09T09:49:59.832+0000][6][safepoint   ] Safepoint "ICBufferFull", Time since last: 3907333 ns, Reaching safepoint: 34542 ns, At safepoint: 1666 ns, Total: 36208 ns
[2023-01-09T09:49:59.834+0000][6][safepoint   ] Safepoint "ICBufferFull", Time since last: 1178667 ns, Reaching safepoint: 24500 ns, At safepoint: 1292 ns, Total: 25792 ns
[2023-01-09T09:49:59.838+0000][6][safepoint   ] Safepoint "ICBufferFull", Time since last: 4063708 ns, Reaching safepoint: 117125 ns, At safepoint: 1917 ns, Total: 119042 ns
[2023-01-09T09:49:59.841+0000][6][safepoint   ] Safepoint "ICBufferFull", Time since last: 2513500 ns, Reaching safepoint: 114208 ns, At safepoint: 1583 ns, Total: 115791 ns
[2023-01-09T09:49:59.843+0000][6][safepoint   ] Safepoint "ICBufferFull", Time since last: 2147167 ns, Reaching safepoint: 102750 ns, At safepoint: 1542 ns, Total: 104292 ns
[2023-01-09T09:49:59.845+0000][6][safepoint   ] Safepoint "ICBufferFull", Time since last: 2596958 ns, Reaching safepoint: 112167 ns, At safepoint: 1583 ns, Total: 113750 ns
[2023-01-09T09:49:59.848+0000][6][safepoint   ] Safepoint "ICBufferFull", Time since last: 2402250 ns, Reaching safepoint: 147583 ns, At safepoint: 1709 ns, Total: 149292 ns
[2023-01-09T09:49:59.850+0000][6][safepoint   ] Safepoint "ICBufferFull", Time since last: 1864375 ns, Reaching safepoint: 116375 ns, At safepoint: 1750 ns, Total: 118125 ns
[2023-01-09T09:49:59.852+0000][6][safepoint   ] Safepoint "ICBufferFull", Time since last: 1594041 ns, Reaching safepoint: 100625 ns, At safepoint: 1750 ns, Total: 102375 ns
[2023-01-09T09:49:59.892+0000][6][safepoint   ] Safepoint "ICBufferFull", Time since last: 40025792 ns, Reaching safepoint: 129250 ns, At safepoint: 2708 ns, Total: 131958 ns
[2023-01-09T09:49:59.895+0000][6][safepoint   ] Safepoint "ICBufferFull", Time since last: 2711959 ns, Reaching safepoint: 103291 ns, At safepoint: 2167 ns, Total: 105458 ns
[2023-01-09T09:49:59.896+0000][6][safepoint   ] Safepoint "ICBufferFull", Time since last: 1227250 ns, Reaching safepoint: 79208 ns, At safepoint: 1667 ns, Total: 80875 ns
[2023-01-09T09:49:59.897+0000][6][safepoint   ] Safepoint "ICBufferFull", Time since last: 1259833 ns, Reaching safepoint: 96042 ns, At safepoint: 1750 ns, Total: 97792 ns
[2023-01-09T09:49:59.901+0000][6][safepoint   ] Safepoint "ICBufferFull", Time since last: 3170292 ns, Reaching safepoint: 98500 ns, At safepoint: 1833 ns, Total: 100333 ns
[2023-01-09T09:49:59.903+0000][6][safepoint   ] Safepoint "ICBufferFull", Time since last: 2143750 ns, Reaching safepoint: 96667 ns, At safepoint: 1791 ns, Total: 98458 ns
[2023-01-09T09:49:59.904+0000][6][safepoint   ] Safepoint "ICBufferFull", Time since last: 1128417 ns, Reaching safepoint: 45875 ns, At safepoint: 1875 ns, Total: 47750 ns
[2023-01-09T09:49:59.905+0000][6][safepoint   ] Safepoint "ICBufferFull", Time since last: 962792 ns, Reaching safepoint: 177708 ns, At safepoint: 1500 ns, Total: 179208 ns
[2023-01-09T09:49:59.906+0000][6][safepoint   ] Safepoint "ICBufferFull", Time since last: 1197083 ns, Reaching safepoint: 93375 ns, At safepoint: 1375 ns, Total: 94750 ns
[2023-01-09T09:49:59.908+0000][6][safepoint   ] Safepoint "ICBufferFull", Time since last: 1070875 ns, Reaching safepoint: 95167 ns, At safepoint: 1917 ns, Total: 97084 ns
[2023-01-09T09:49:59.909+0000][6][safepoint   ] Safepoint "ICBufferFull", Time since last: 1263166 ns, Reaching safepoint: 130584 ns, At safepoint: 2208 ns, Total: 132792 ns
[2023-01-09T09:49:59.910+0000][6][safepoint   ] Safepoint "ICBufferFull", Time since last: 1109208 ns, Reaching safepoint: 94459 ns, At safepoint: 1375 ns, Total: 95834 ns
[2023-01-09T09:49:59.912+0000][6][safepoint   ] Safepoint "ICBufferFull", Time since last: 1284583 ns, Reaching safepoint: 95917 ns, At safepoint: 1833 ns, Total: 97750 ns
[2023-01-09T09:49:59.913+0000][6][safepoint   ] Safepoint "ICBufferFull", Time since last: 1060542 ns, Reaching safepoint: 99083 ns, At safepoint: 1542 ns, Total: 100625 ns
[2023-01-09T09:49:59.914+0000][6][safepoint   ] Safepoint "ICBufferFull", Time since last: 1001375 ns, Reaching safepoint: 238416 ns, At safepoint: 1834 ns, Total: 240250 ns
[2023-01-09T09:49:59.915+0000][6][safepoint   ] Safepoint "ICBufferFull", Time since last: 1038458 ns, Reaching safepoint: 95917 ns, At safepoint: 1333 ns, Total: 97250 ns
[2023-01-09T09:49:59.916+0000][6][safepoint   ] Safepoint "ICBufferFull", Time since last: 1085583 ns, Reaching safepoint: 100250 ns, At safepoint: 1459 ns, Total: 101709 ns
[2023-01-09T09:49:59.917+0000][6][safepoint   ] Safepoint "ICBufferFull", Time since last: 1014458 ns, Reaching safepoint: 94042 ns, At safepoint: 1375 ns, Total: 95417 ns
[2023-01-09T09:49:59.919+0000][6][safepoint   ] Safepoint "ICBufferFull", Time since last: 1196375 ns, Reaching safepoint: 100708 ns, At safepoint: 1958 ns, Total: 102666 ns
[2023-01-09T09:49:59.920+0000][6][safepoint   ] Safepoint "ICBufferFull", Time since last: 853625 ns, Reaching safepoint: 141625 ns, At safepoint: 1750 ns, Total: 143375 ns
[2023-01-09T09:49:59.921+0000][6][safepoint   ] Safepoint "ICBufferFull", Time since last: 765834 ns, Reaching safepoint: 170458 ns, At safepoint: 1708 ns, Total: 172166 ns
[2023-01-09T09:49:59.922+0000][6][safepoint   ] Safepoint "ICBufferFull", Time since last: 1082459 ns, Reaching safepoint: 98208 ns, At safepoint: 1292 ns, Total: 99500 ns
[2023-01-09T09:49:59.923+0000][6][safepoint   ] Safepoint "ICBufferFull", Time since last: 869916 ns, Reaching safepoint: 92459 ns, At safepoint: 1250 ns, Total: 93709 ns
[2023-01-09T09:49:59.924+0000][6][safepoint   ] Safepoint "ICBufferFull", Time since last: 918500 ns, Reaching safepoint: 262333 ns, At safepoint: 1792 ns, Total: 264125 ns
[2023-01-09T09:49:59.925+0000][6][safepoint   ] Safepoint "ICBufferFull", Time since last: 1163041 ns, Reaching safepoint: 95125 ns, At safepoint: 1417 ns, Total: 96542 ns
[2023-01-09T09:49:59.926+0000][6][safepoint   ] Safepoint "ICBufferFull", Time since last: 999208 ns, Reaching safepoint: 158792 ns, At safepoint: 2042 ns, Total: 160834 ns
[2023-01-09T09:49:59.928+0000][6][safepoint   ] Safepoint "ICBufferFull", Time since last: 1177208 ns, Reaching safepoint: 95583 ns, At safepoint: 1375 ns, Total: 96958 ns
[2023-01-09T09:49:59.929+0000][6][safepoint   ] Safepoint "ICBufferFull", Time since last: 961334 ns, Reaching safepoint: 95791 ns, At safepoint: 1375 ns, Total: 97166 ns
[2023-01-09T09:49:59.930+0000][6][safepoint   ] Safepoint "ICBufferFull", Time since last: 934459 ns, Reaching safepoint: 97541 ns, At safepoint: 1292 ns, Total: 98833 ns
[2023-01-09T09:49:59.932+0000][6][safepoint   ] Safepoint "ICBufferFull", Time since last: 1641125 ns, Reaching safepoint: 146958 ns, At safepoint: 2167 ns, Total: 149125 ns
[2023-01-09T09:49:59.933+0000][6][safepoint   ] Safepoint "ICBufferFull", Time since last: 1434667 ns, Reaching safepoint: 101291 ns, At safepoint: 1584 ns, Total: 102875 ns
[2023-01-09T09:49:59.937+0000][6][safepoint   ] Safepoint "ICBufferFull", Time since last: 3366416 ns, Reaching safepoint: 105959 ns, At safepoint: 1541 ns, Total: 107500 ns
[2023-01-09T09:49:59.938+0000][6][safepoint   ] Safepoint "ICBufferFull", Time since last: 1197250 ns, Reaching safepoint: 102459 ns, At safepoint: 1458 ns, Total: 103917 ns
[2023-01-09T09:49:59.939+0000][6][safepoint   ] Safepoint "ICBufferFull", Time since last: 1310042 ns, Reaching safepoint: 97291 ns, At safepoint: 1542 ns, Total: 98833 ns
[2023-01-09T09:49:59.940+0000][6][safepoint   ] Safepoint "ICBufferFull", Time since last: 1032583 ns, Reaching safepoint: 102709 ns, At safepoint: 1291 ns, Total: 104000 ns
[2023-01-09T09:49:59.942+0000][6][safepoint   ] Safepoint "ICBufferFull", Time since last: 1217709 ns, Reaching safepoint: 95541 ns, At safepoint: 1334 ns, Total: 96875 ns
[2023-01-09T09:49:59.945+0000][6][safepoint   ] Safepoint "ICBufferFull", Time since last: 2736125 ns, Reaching safepoint: 112375 ns, At safepoint: 1708 ns, Total: 114083 ns
[2023-01-09T09:49:59.946+0000][6][safepoint   ] Safepoint "ICBufferFull", Time since last: 1421000 ns, Reaching safepoint: 98750 ns, At safepoint: 1583 ns, Total: 100333 ns
[2023-01-09T09:49:59.948+0000][6][safepoint   ] Safepoint "ICBufferFull", Time since last: 1359584 ns, Reaching safepoint: 94500 ns, At safepoint: 1750 ns, Total: 96250 ns
[2023-01-09T09:49:59.990+0000][6][safepoint   ] Safepoint "ICBufferFull", Time since last: 42310416 ns, Reaching safepoint: 206667 ns, At safepoint: 1875 ns, Total: 208542 ns
[2023-01-09T09:50:00.517+0000][6][safepoint   ] Safepoint "ICBufferFull", Time since last: 526908000 ns, Reaching safepoint: 178292 ns, At safepoint: 1583 ns, Total: 179875 ns
[2023-01-09T09:50:00.611+0000][6][gc,start    ] GC(4) Pause Young (Normal) (G1 Evacuation Pause)
[2023-01-09T09:50:00.612+0000][6][gc,task     ] GC(4) Using 4 workers of 4 for evacuation
[2023-01-09T09:50:00.614+0000][6][gc,age      ] GC(4) Desired survivor size 13107200 bytes, new threshold 15 (max threshold 15)
[2023-01-09T09:50:00.623+0000][6][gc,age      ] GC(4) Age table with threshold 15 (max threshold 15)
[2023-01-09T09:50:00.623+0000][6][gc,age      ] GC(4) - age   1:    4676576 bytes,    4676576 total
[2023-01-09T09:50:00.624+0000][6][gc,age      ] GC(4) - age   2:    1162488 bytes,    5839064 total
[2023-01-09T09:50:00.625+0000][6][gc,phases   ] GC(4)   Pre Evacuate Collection Set: 0.1ms
[2023-01-09T09:50:00.626+0000][6][gc,phases   ] GC(4)   Merge Heap Roots: 0.1ms
[2023-01-09T09:50:00.628+0000][6][gc,phases   ] GC(4)   Evacuate Collection Set: 7.5ms
[2023-01-09T09:50:00.628+0000][6][gc,phases   ] GC(4)   Post Evacuate Collection Set: 0.5ms
[2023-01-09T09:50:00.629+0000][6][gc,phases   ] GC(4)   Other: 6.1ms
[2023-01-09T09:50:00.630+0000][6][gc,heap     ] GC(4) Eden regions: 191->0(301)
[2023-01-09T09:50:00.636+0000][6][gc,heap     ] GC(4) Survivor regions: 3->6(25)
[2023-01-09T09:50:00.637+0000][6][gc,heap     ] GC(4) Old regions: 6->6
[2023-01-09T09:50:00.638+0000][6][gc,heap     ] GC(4) Archive regions: 0->0
[2023-01-09T09:50:00.638+0000][6][gc,heap     ] GC(4) Humongous regions: 2->1
[2023-01-09T09:50:00.639+0000][6][gc,metaspace] GC(4) Metaspace: 25954K(26620K)->25954K(26620K) NonClass: 23068K(23548K)->23068K(23548K) Class: 2886K(3072K)->2886K(3072K)
[2023-01-09T09:50:00.640+0000][6][gc          ] GC(4) Pause Young (Normal) (G1 Evacuation Pause) 201M->12M(512M) 28.388ms
[2023-01-09T09:50:00.640+0000][6][gc,cpu      ] GC(4) User=0.02s Sys=0.01s Real=0.03s
[2023-01-09T09:50:00.641+0000][6][safepoint   ] Safepoint "G1CollectForAllocation", Time since last: 93801750 ns, Reaching safepoint: 145834 ns, At safepoint: 30089833 ns, Total: 30235667 ns
[2023-01-09T09:50:01.158+0000][6][safepoint   ] Safepoint "ICBufferFull", Time since last: 517022959 ns, Reaching safepoint: 196833 ns, At safepoint: 1750 ns, Total: 198583 ns
[2023-01-09T09:50:01.582+0000][6][gc,start    ] GC(5) Pause Young (Normal) (G1 Evacuation Pause)
[2023-01-09T09:50:01.583+0000][6][gc,task     ] GC(5) Using 4 workers of 4 for evacuation
[2023-01-09T09:50:01.584+0000][6][gc,age      ] GC(5) Desired survivor size 20447232 bytes, new threshold 15 (max threshold 15)
[2023-01-09T09:50:01.608+0000][6][gc,age      ] GC(5) Age table with threshold 15 (max threshold 15)
[2023-01-09T09:50:01.608+0000][6][gc,age      ] GC(5) - age   1:    5091152 bytes,    5091152 total
[2023-01-09T09:50:01.609+0000][6][gc,age      ] GC(5) - age   2:    4321736 bytes,    9412888 total
[2023-01-09T09:50:01.610+0000][6][gc,age      ] GC(5) - age   3:    1162312 bytes,   10575200 total
[2023-01-09T09:50:01.611+0000][6][gc,phases   ] GC(5)   Pre Evacuate Collection Set: 0.1ms
[2023-01-09T09:50:01.612+0000][6][gc,phases   ] GC(5)   Merge Heap Roots: 0.2ms
[2023-01-09T09:50:01.612+0000][6][gc,phases   ] GC(5)   Evacuate Collection Set: 21.3ms
[2023-01-09T09:50:01.613+0000][6][gc,phases   ] GC(5)   Post Evacuate Collection Set: 1.3ms
[2023-01-09T09:50:01.614+0000][6][gc,phases   ] GC(5)   Other: 6.2ms
[2023-01-09T09:50:01.615+0000][6][gc,heap     ] GC(5) Eden regions: 301->0(296)
[2023-01-09T09:50:01.615+0000][6][gc,heap     ] GC(5) Survivor regions: 6->11(39)
[2023-01-09T09:50:01.616+0000][6][gc,heap     ] GC(5) Old regions: 6->6
[2023-01-09T09:50:01.616+0000][6][gc,heap     ] GC(5) Archive regions: 0->0
[2023-01-09T09:50:01.617+0000][6][gc,heap     ] GC(5) Humongous regions: 1->1
[2023-01-09T09:50:01.617+0000][6][gc,metaspace] GC(5) Metaspace: 27653K(28668K)->27653K(28668K) NonClass: 24575K(25340K)->24575K(25340K) Class: 3077K(3328K)->3077K(3328K)
[2023-01-09T09:50:01.618+0000][6][gc          ] GC(5) Pause Young (Normal) (G1 Evacuation Pause) 313M->17M(512M) 35.745ms
[2023-01-09T09:50:01.619+0000][6][gc,cpu      ] GC(5) User=0.01s Sys=0.00s Real=0.04s
[2023-01-09T09:50:01.620+0000][6][safepoint   ] Safepoint "G1CollectForAllocation", Time since last: 420850709 ns, Reaching safepoint: 2793666 ns, At safepoint: 38031000 ns, Total: 40824666 ns
[2023-01-09T09:50:02.198+0000][6][gc,start    ] GC(6) Pause Young (Normal) (G1 Evacuation Pause)
[2023-01-09T09:50:02.199+0000][6][gc,task     ] GC(6) Using 4 workers of 4 for evacuation
[2023-01-09T09:50:02.200+0000][6][gc,age      ] GC(6) Desired survivor size 20447232 bytes, new threshold 15 (max threshold 15)
[2023-01-09T09:50:02.221+0000][6][gc,age      ] GC(6) Age table with threshold 15 (max threshold 15)
[2023-01-09T09:50:02.222+0000][6][gc,age      ] GC(6) - age   1:     960392 bytes,     960392 total
[2023-01-09T09:50:02.224+0000][6][gc,age      ] GC(6) - age   2:    3278904 bytes,    4239296 total
[2023-01-09T09:50:02.225+0000][6][gc,age      ] GC(6) - age   3:    4317432 bytes,    8556728 total
[2023-01-09T09:50:02.226+0000][6][gc,age      ] GC(6) - age   4:    1162168 bytes,    9718896 total
[2023-01-09T09:50:02.227+0000][6][gc,phases   ] GC(6)   Pre Evacuate Collection Set: 0.1ms
[2023-01-09T09:50:02.228+0000][6][gc,phases   ] GC(6)   Merge Heap Roots: 0.0ms
[2023-01-09T09:50:02.228+0000][6][gc,phases   ] GC(6)   Evacuate Collection Set: 16.3ms
[2023-01-09T09:50:02.229+0000][6][gc,phases   ] GC(6)   Post Evacuate Collection Set: 0.5ms
[2023-01-09T09:50:02.230+0000][6][gc,phases   ] GC(6)   Other: 11.6ms
[2023-01-09T09:50:02.232+0000][6][gc,heap     ] GC(6) Eden regions: 296->0(297)
[2023-01-09T09:50:02.233+0000][6][gc,heap     ] GC(6) Survivor regions: 11->10(39)
[2023-01-09T09:50:02.234+0000][6][gc,heap     ] GC(6) Old regions: 6->6
[2023-01-09T09:50:02.235+0000][6][gc,heap     ] GC(6) Archive regions: 0->0
[2023-01-09T09:50:02.236+0000][6][gc,heap     ] GC(6) Humongous regions: 1->1
[2023-01-09T09:50:02.237+0000][6][gc,metaspace] GC(6) Metaspace: 28038K(29308K)->28038K(29308K) NonClass: 24891K(25852K)->24891K(25852K) Class: 3147K(3456K)->3147K(3456K)
[2023-01-09T09:50:02.238+0000][6][gc          ] GC(6) Pause Young (Normal) (G1 Evacuation Pause) 313M->16M(512M) 40.116ms
[2023-01-09T09:50:02.240+0000][6][gc,cpu      ] GC(6) User=0.03s Sys=0.01s Real=0.04s
[2023-01-09T09:50:02.244+0000][6][safepoint   ] Safepoint "G1CollectForAllocation", Time since last: 577894834 ns, Reaching safepoint: 146833 ns, At safepoint: 45818500 ns, Total: 45965333 ns
[2023-01-09T09:50:03.145+0000][6][gc,start    ] GC(7) Pause Young (Normal) (G1 Evacuation Pause)
[2023-01-09T09:50:03.146+0000][6][gc,task     ] GC(7) Using 4 workers of 4 for evacuation
[2023-01-09T09:50:03.147+0000][6][gc,age      ] GC(7) Desired survivor size 20447232 bytes, new threshold 15 (max threshold 15)
[2023-01-09T09:50:03.164+0000][6][gc,age      ] GC(7) Age table with threshold 15 (max threshold 15)
[2023-01-09T09:50:03.165+0000][6][gc,age      ] GC(7) - age   1:    3269784 bytes,    3269784 total
[2023-01-09T09:50:03.166+0000][6][gc,age      ] GC(7) - age   2:     646016 bytes,    3915800 total
[2023-01-09T09:50:03.167+0000][6][gc,age      ] GC(7) - age   3:    3277128 bytes,    7192928 total
[2023-01-09T09:50:03.168+0000][6][gc,age      ] GC(7) - age   4:    4316992 bytes,   11509920 total
[2023-01-09T09:50:03.168+0000][6][gc,age      ] GC(7) - age   5:    1162168 bytes,   12672088 total
[2023-01-09T09:50:03.170+0000][6][gc,phases   ] GC(7)   Pre Evacuate Collection Set: 0.5ms
[2023-01-09T09:50:03.170+0000][6][gc,phases   ] GC(7)   Merge Heap Roots: 0.1ms
[2023-01-09T09:50:03.171+0000][6][gc,phases   ] GC(7)   Evacuate Collection Set: 12.0ms
[2023-01-09T09:50:03.172+0000][6][gc,phases   ] GC(7)   Post Evacuate Collection Set: 3.1ms
[2023-01-09T09:50:03.173+0000][6][gc,phases   ] GC(7)   Other: 8.8ms
[2023-01-09T09:50:03.174+0000][6][gc,heap     ] GC(7) Eden regions: 297->0(293)
[2023-01-09T09:50:03.175+0000][6][gc,heap     ] GC(7) Survivor regions: 10->14(39)
[2023-01-09T09:50:03.176+0000][6][gc,heap     ] GC(7) Old regions: 6->6
[2023-01-09T09:50:03.176+0000][6][gc,heap     ] GC(7) Archive regions: 0->0
[2023-01-09T09:50:03.177+0000][6][gc,heap     ] GC(7) Humongous regions: 1->1
[2023-01-09T09:50:03.178+0000][6][gc,metaspace] GC(7) Metaspace: 28561K(29948K)->28561K(29948K) NonClass: 25335K(26364K)->25335K(26364K) Class: 3226K(3584K)->3226K(3584K)
[2023-01-09T09:50:03.179+0000][6][gc          ] GC(7) Pause Young (Normal) (G1 Evacuation Pause) 313M->20M(512M) 34.130ms
[2023-01-09T09:50:03.180+0000][6][gc,cpu      ] GC(7) User=0.01s Sys=0.01s Real=0.03s
[2023-01-09T09:50:03.181+0000][6][safepoint   ] Safepoint "G1CollectForAllocation", Time since last: 900883459 ns, Reaching safepoint: 165375 ns, At safepoint: 36041667 ns, Total: 36207042 ns
[2023-01-09T09:50:03.844+0000][6][safepoint   ] Safepoint "ICBufferFull", Time since last: 662921500 ns, Reaching safepoint: 189500 ns, At safepoint: 2542 ns, Total: 192042 ns
[2023-01-09T09:50:04.098+0000][6][gc,start    ] GC(8) Pause Young (Concurrent Start) (Metadata GC Threshold)
[2023-01-09T09:50:04.099+0000][6][gc,task     ] GC(8) Using 4 workers of 4 for evacuation
[2023-01-09T09:50:04.100+0000][6][gc,age      ] GC(8) Desired survivor size 20447232 bytes, new threshold 15 (max threshold 15)
[2023-01-09T09:50:04.116+0000][6][gc,age      ] GC(8) Age table with threshold 15 (max threshold 15)
[2023-01-09T09:50:04.116+0000][6][gc,age      ] GC(8) - age   1:    2242880 bytes,    2242880 total
[2023-01-09T09:50:04.117+0000][6][gc,age      ] GC(8) - age   2:    2258960 bytes,    4501840 total
[2023-01-09T09:50:04.118+0000][6][gc,age      ] GC(8) - age   3:     629608 bytes,    5131448 total
[2023-01-09T09:50:04.119+0000][6][gc,age      ] GC(8) - age   4:    3261648 bytes,    8393096 total
[2023-01-09T09:50:04.120+0000][6][gc,age      ] GC(8) - age   5:    4303904 bytes,   12697000 total
[2023-01-09T09:50:04.121+0000][6][gc,age      ] GC(8) - age   6:    1131944 bytes,   13828944 total
[2023-01-09T09:50:04.122+0000][6][gc,phases   ] GC(8)   Pre Evacuate Collection Set: 0.3ms
[2023-01-09T09:50:04.123+0000][6][gc,phases   ] GC(8)   Merge Heap Roots: 3.0ms
[2023-01-09T09:50:04.125+0000][6][gc,phases   ] GC(8)   Evacuate Collection Set: 10.3ms
[2023-01-09T09:50:04.126+0000][6][gc,phases   ] GC(8)   Post Evacuate Collection Set: 0.5ms
[2023-01-09T09:50:04.127+0000][6][gc,phases   ] GC(8)   Other: 9.5ms
[2023-01-09T09:50:04.127+0000][6][gc,heap     ] GC(8) Eden regions: 118->0(293)
[2023-01-09T09:50:04.128+0000][6][gc,heap     ] GC(8) Survivor regions: 14->14(39)
[2023-01-09T09:50:04.129+0000][6][gc,heap     ] GC(8) Old regions: 6->6
[2023-01-09T09:50:04.129+0000][6][gc,heap     ] GC(8) Archive regions: 0->0
[2023-01-09T09:50:04.130+0000][6][gc,heap     ] GC(8) Humongous regions: 1->1
[2023-01-09T09:50:04.131+0000][6][gc,metaspace] GC(8) Metaspace: 34338K(36048K)->34338K(36048K) NonClass: 30358K(31696K)->30358K(31696K) Class: 3979K(4352K)->3979K(4352K)
[2023-01-09T09:50:04.132+0000][6][gc          ] GC(8) Pause Young (Concurrent Start) (Metadata GC Threshold) 138M->20M(512M) 33.108ms
[2023-01-09T09:50:04.132+0000][6][gc,cpu      ] GC(8) User=0.02s Sys=0.00s Real=0.03s
[2023-01-09T09:50:04.133+0000][6][safepoint   ] Safepoint "CollectForMetadataAllocation", Time since last: 253233458 ns, Reaching safepoint: 981292 ns, At safepoint: 35054416 ns, Total: 36035708 ns
[2023-01-09T09:50:04.134+0000][6][gc          ] GC(9) Concurrent Cycle
[2023-01-09T09:50:04.135+0000][6][gc,marking  ] GC(9) Concurrent Clear Claimed Marks
[2023-01-09T09:50:04.136+0000][6][gc,marking  ] GC(9) Concurrent Clear Claimed Marks 0.783ms
[2023-01-09T09:50:04.136+0000][6][gc,marking  ] GC(9) Concurrent Scan Root Regions
[2023-01-09T09:50:04.140+0000][6][gc,marking  ] GC(9) Concurrent Scan Root Regions 3.917ms
[2023-01-09T09:50:04.141+0000][6][gc,marking  ] GC(9) Concurrent Mark (7.441s)
[2023-01-09T09:50:04.142+0000][6][gc,marking  ] GC(9) Concurrent Mark From Roots
[2023-01-09T09:50:04.143+0000][6][gc,task     ] GC(9) Using 1 workers of 1 for marking
[2023-01-09T09:50:04.158+0000][6][gc,marking  ] GC(9) Concurrent Mark From Roots 15.777ms
[2023-01-09T09:50:04.170+0000][6][gc,marking  ] GC(9) Concurrent Preclean
[2023-01-09T09:50:04.171+0000][6][gc,marking  ] GC(9) Concurrent Preclean 1.222ms
[2023-01-09T09:50:04.172+0000][6][gc,marking  ] GC(9) Concurrent Mark (7.441s, 7.472s) 30.947ms
[2023-01-09T09:50:04.183+0000][6][gc,start    ] GC(9) Pause Remark
[2023-01-09T09:50:04.190+0000][6][gc          ] GC(9) Pause Remark 22M->22M(512M) 7.031ms
[2023-01-09T09:50:04.191+0000][6][gc,cpu      ] GC(9) User=0.00s Sys=0.00s Real=0.01s
[2023-01-09T09:50:04.192+0000][6][safepoint   ] Safepoint "G1Concurrent", Time since last: 41527167 ns, Reaching safepoint: 8017333 ns, At safepoint: 9328417 ns, Total: 17345750 ns
[2023-01-09T09:50:04.193+0000][6][gc,marking  ] GC(9) Concurrent Rebuild Remembered Sets
[2023-01-09T09:50:04.197+0000][6][gc,marking  ] GC(9) Concurrent Rebuild Remembered Sets 3.911ms
[2023-01-09T09:50:04.199+0000][6][gc,start    ] GC(9) Pause Cleanup
[2023-01-09T09:50:04.200+0000][6][gc          ] GC(9) Pause Cleanup 23M->23M(512M) 0.931ms
[2023-01-09T09:50:04.200+0000][6][gc,cpu      ] GC(9) User=0.00s Sys=0.00s Real=0.00s
[2023-01-09T09:50:04.201+0000][6][safepoint   ] Safepoint "G1Concurrent", Time since last: 5743125 ns, Reaching safepoint: 495667 ns, At safepoint: 2627625 ns, Total: 3123292 ns
[2023-01-09T09:50:04.202+0000][6][gc,marking  ] GC(9) Concurrent Cleanup for Next Mark
[2023-01-09T09:50:04.206+0000][6][gc,marking  ] GC(9) Concurrent Cleanup for Next Mark 4.212ms
[2023-01-09T09:50:04.210+0000][6][gc          ] GC(9) Concurrent Cycle 75.734ms
[2023-01-09T09:50:05.229+0000][6][safepoint   ] Safepoint "Cleanup", Time since last: 1027342584 ns, Reaching safepoint: 713458 ns, At safepoint: 3917 ns, Total: 717375 ns
[2023-01-09T09:50:05.613+0000][6][safepoint   ] Safepoint "ICBufferFull", Time since last: 383472166 ns, Reaching safepoint: 117709 ns, At safepoint: 3833 ns, Total: 121542 ns
[2023-01-09T09:50:06.420+0000][6][safepoint   ] Safepoint "ICBufferFull", Time since last: 798941959 ns, Reaching safepoint: 8312167 ns, At safepoint: 5208 ns, Total: 8317375 ns
[2023-01-09T09:50:06.714+0000][6][safepoint   ] Safepoint "ICBufferFull", Time since last: 293496833 ns, Reaching safepoint: 117292 ns, At safepoint: 3250 ns, Total: 120542 ns
[2023-01-09T09:50:07.182+0000][6][gc,start    ] GC(10) Pause Young (Normal) (G1 Evacuation Pause)
[2023-01-09T09:50:07.183+0000][6][gc,task     ] GC(10) Using 4 workers of 4 for evacuation
[2023-01-09T09:50:07.201+0000][6][gc,age      ] GC(10) Desired survivor size 20447232 bytes, new threshold 15 (max threshold 15)
[2023-01-09T09:50:07.319+0000][6][gc,age      ] GC(10) Age table with threshold 15 (max threshold 15)
[2023-01-09T09:50:07.320+0000][6][gc,age      ] GC(10) - age   1:   27161544 bytes,   27161544 total
[2023-01-09T09:50:07.321+0000][6][gc,age      ] GC(10) - age   2:    2146480 bytes,   29308024 total
[2023-01-09T09:50:07.322+0000][6][gc,age      ] GC(10) - age   3:    2258352 bytes,   31566376 total
[2023-01-09T09:50:07.323+0000][6][gc,age      ] GC(10) - age   4:     629112 bytes,   32195488 total
[2023-01-09T09:50:07.324+0000][6][gc,age      ] GC(10) - age   5:    3250240 bytes,   35445728 total
[2023-01-09T09:50:07.325+0000][6][gc,age      ] GC(10) - age   6:    4277256 bytes,   39722984 total
[2023-01-09T09:50:07.326+0000][6][gc,age      ] GC(10) - age   7:    1111160 bytes,   40834144 total
[2023-01-09T09:50:07.327+0000][6][gc,phases   ] GC(10)   Pre Evacuate Collection Set: 0.1ms
[2023-01-09T09:50:07.327+0000][6][gc,phases   ] GC(10)   Merge Heap Roots: 0.0ms
[2023-01-09T09:50:07.328+0000][6][gc,phases   ] GC(10)   Evacuate Collection Set: 83.2ms
[2023-01-09T09:50:07.329+0000][6][gc,phases   ] GC(10)   Post Evacuate Collection Set: 33.5ms
[2023-01-09T09:50:07.330+0000][6][gc,phases   ] GC(10)   Other: 28.2ms
[2023-01-09T09:50:07.331+0000][6][gc,heap     ] GC(10) Eden regions: 293->0(268)
[2023-01-09T09:50:07.331+0000][6][gc,heap     ] GC(10) Survivor regions: 14->39(39)
[2023-01-09T09:50:07.332+0000][6][gc,heap     ] GC(10) Old regions: 6->9
[2023-01-09T09:50:07.333+0000][6][gc,heap     ] GC(10) Archive regions: 0->0
[2023-01-09T09:50:07.333+0000][6][gc,heap     ] GC(10) Humongous regions: 1->1
[2023-01-09T09:50:07.334+0000][6][gc,metaspace] GC(10) Metaspace: 43180K(45468K)->43180K(45468K) NonClass: 37951K(39580K)->37951K(39580K) Class: 5229K(5888K)->5229K(5888K)
[2023-01-09T09:50:07.335+0000][6][gc          ] GC(10) Pause Young (Normal) (G1 Evacuation Pause) 313M->48M(512M) 153.134ms
[2023-01-09T09:50:07.335+0000][6][gc,cpu      ] GC(10) User=0.13s Sys=0.00s Real=0.16s
[2023-01-09T09:50:07.336+0000][6][safepoint   ] Safepoint "G1CollectForAllocation", Time since last: 467623792 ns, Reaching safepoint: 169125 ns, At safepoint: 154230500 ns, Total: 154399625 ns
[2023-01-09T09:50:07.790+0000][6][safepoint   ] Safepoint "ICBufferFull", Time since last: 454128209 ns, Reaching safepoint: 194125 ns, At safepoint: 2250 ns, Total: 196375 ns
[2023-01-09T09:50:08.773+0000][6][safepoint   ] Safepoint "ICBufferFull", Time since last: 982894917 ns, Reaching safepoint: 117750 ns, At safepoint: 2166 ns, Total: 119916 ns
[2023-01-09T09:50:09.215+0000][6][safepoint   ] Safepoint "ICBufferFull", Time since last: 441570959 ns, Reaching safepoint: 166000 ns, At safepoint: 5125 ns, Total: 171125 ns
[2023-01-09T09:50:09.347+0000][6][gc,start    ] GC(11) Pause Young (Concurrent Start) (Metadata GC Threshold)
[2023-01-09T09:50:09.348+0000][6][gc,task     ] GC(11) Using 4 workers of 4 for evacuation
[2023-01-09T09:50:09.348+0000][6][gc,age      ] GC(11) Desired survivor size 20447232 bytes, new threshold 1 (max threshold 15)
[2023-01-09T09:50:09.456+0000][6][gc,age      ] GC(11) Age table with threshold 1 (max threshold 15)
[2023-01-09T09:50:09.457+0000][6][gc,age      ] GC(11) - age   1:    6317800 bytes,    6317800 total
[2023-01-09T09:50:09.458+0000][6][gc,phases   ] GC(11)   Pre Evacuate Collection Set: 0.4ms
[2023-01-09T09:50:09.459+0000][6][gc,phases   ] GC(11)   Merge Heap Roots: 0.2ms
[2023-01-09T09:50:09.460+0000][6][gc,phases   ] GC(11)   Evacuate Collection Set: 105.1ms
[2023-01-09T09:50:09.461+0000][6][gc,phases   ] GC(11)   Post Evacuate Collection Set: 1.5ms
[2023-01-09T09:50:09.463+0000][6][gc,phases   ] GC(11)   Other: 4.7ms
[2023-01-09T09:50:09.464+0000][6][gc,heap     ] GC(11) Eden regions: 110->0(289)
[2023-01-09T09:50:09.465+0000][6][gc,heap     ] GC(11) Survivor regions: 39->8(39)
[2023-01-09T09:50:09.465+0000][6][gc,heap     ] GC(11) Old regions: 9->49
[2023-01-09T09:50:09.466+0000][6][gc,heap     ] GC(11) Archive regions: 0->0
[2023-01-09T09:50:09.466+0000][6][gc,heap     ] GC(11) Humongous regions: 1->1
[2023-01-09T09:50:09.467+0000][6][gc,metaspace] GC(11) Metaspace: 57667K(60572K)->57667K(60572K) NonClass: 50264K(52380K)->50264K(52380K) Class: 7403K(8192K)->7403K(8192K)
[2023-01-09T09:50:09.468+0000][6][gc          ] GC(11) Pause Young (Concurrent Start) (Metadata GC Threshold) 158M->56M(512M) 121.510ms
[2023-01-09T09:50:09.469+0000][6][gc,cpu      ] GC(11) User=0.07s Sys=0.00s Real=0.12s
[2023-01-09T09:50:09.470+0000][6][safepoint   ] Safepoint "CollectForMetadataAllocation", Time since last: 131304667 ns, Reaching safepoint: 388708 ns, At safepoint: 123500750 ns, Total: 123889458 ns
[2023-01-09T09:50:09.470+0000][6][gc          ] GC(12) Concurrent Cycle
[2023-01-09T09:50:09.473+0000][6][gc,marking  ] GC(12) Concurrent Clear Claimed Marks
[2023-01-09T09:50:09.473+0000][6][gc,marking  ] GC(12) Concurrent Clear Claimed Marks 0.722ms
[2023-01-09T09:50:09.474+0000][6][gc,marking  ] GC(12) Concurrent Scan Root Regions
[2023-01-09T09:50:09.513+0000][6][gc,marking  ] GC(12) Concurrent Scan Root Regions 38.869ms
[2023-01-09T09:50:09.517+0000][6][gc,marking  ] GC(12) Concurrent Mark (12.818s)
[2023-01-09T09:50:09.518+0000][6][gc,marking  ] GC(12) Concurrent Mark From Roots
[2023-01-09T09:50:09.519+0000][6][gc,task     ] GC(12) Using 1 workers of 1 for marking
[2023-01-09T09:50:09.530+0000][6][gc,marking  ] GC(12) Concurrent Mark From Roots 11.340ms
[2023-01-09T09:50:09.530+0000][6][gc,marking  ] GC(12) Concurrent Preclean
[2023-01-09T09:50:09.531+0000][6][gc,marking  ] GC(12) Concurrent Preclean 0.828ms
[2023-01-09T09:50:09.532+0000][6][gc,marking  ] GC(12) Concurrent Mark (12.818s, 12.832s) 14.372ms
[2023-01-09T09:50:09.533+0000][6][gc,start    ] GC(12) Pause Remark
[2023-01-09T09:50:09.543+0000][6][gc          ] GC(12) Pause Remark 58M->58M(512M) 9.844ms
[2023-01-09T09:50:09.544+0000][6][gc,cpu      ] GC(12) User=0.00s Sys=0.00s Real=0.01s
[2023-01-09T09:50:09.544+0000][6][safepoint   ] Safepoint "G1Concurrent", Time since last: 62349000 ns, Reaching safepoint: 360750 ns, At safepoint: 11638375 ns, Total: 11999125 ns
[2023-01-09T09:50:09.545+0000][6][gc,marking  ] GC(12) Concurrent Rebuild Remembered Sets
[2023-01-09T09:50:09.628+0000][6][gc,marking  ] GC(12) Concurrent Rebuild Remembered Sets 82.845ms
[2023-01-09T09:50:09.631+0000][6][gc,start    ] GC(12) Pause Cleanup
[2023-01-09T09:50:09.632+0000][6][gc          ] GC(12) Pause Cleanup 63M->63M(512M) 0.958ms
[2023-01-09T09:50:09.632+0000][6][gc,cpu      ] GC(12) User=0.00s Sys=0.00s Real=0.00s
[2023-01-09T09:50:09.634+0000][6][safepoint   ] Safepoint "G1Concurrent", Time since last: 85253542 ns, Reaching safepoint: 951208 ns, At safepoint: 2981333 ns, Total: 3932541 ns
[2023-01-09T09:50:09.635+0000][6][gc,marking  ] GC(12) Concurrent Cleanup for Next Mark
[2023-01-09T09:50:09.636+0000][6][gc,marking  ] GC(12) Concurrent Cleanup for Next Mark 1.848ms
[2023-01-09T09:50:09.637+0000][6][gc          ] GC(12) Concurrent Cycle 167.181ms
[2023-01-09T09:50:10.544+0000][6][safepoint   ] Safepoint "ICBufferFull", Time since last: 910468376 ns, Reaching safepoint: 263542 ns, At safepoint: 2708 ns, Total: 266250 ns
[2023-01-09T09:50:10.785+0000][6][safepoint   ] Safepoint "ICBufferFull", Time since last: 239663042 ns, Reaching safepoint: 1168666 ns, At safepoint: 3834 ns, Total: 1172500 ns
[2023-01-09T09:50:10.789+0000][6][safepoint   ] Safepoint "ICBufferFull", Time since last: 3999750 ns, Reaching safepoint: 193791 ns, At safepoint: 2167 ns, Total: 195958 ns
[2023-01-09T09:50:10.794+0000][6][safepoint   ] Safepoint "ICBufferFull", Time since last: 1480500 ns, Reaching safepoint: 3180000 ns, At safepoint: 9833 ns, Total: 3189833 ns
[2023-01-09T09:50:10.905+0000][6][safepoint   ] Safepoint "ICBufferFull", Time since last: 110226917 ns, Reaching safepoint: 905083 ns, At safepoint: 2417 ns, Total: 907500 ns
[2023-01-09T09:50:11.907+0000][6][safepoint   ] Safepoint "Cleanup", Time since last: 1001140250 ns, Reaching safepoint: 548125 ns, At safepoint: 2459 ns, Total: 550584 ns
[2023-01-09T09:50:12.433+0000][6][safepoint   ] Safepoint "ICBufferFull", Time since last: 526248625 ns, Reaching safepoint: 101958 ns, At safepoint: 1792 ns, Total: 103750 ns
[2023-01-09T09:50:13.037+0000][6][safepoint   ] Safepoint "ICBufferFull", Time since last: 603999250 ns, Reaching safepoint: 94792 ns, At safepoint: 1958 ns, Total: 96750 ns
[2023-01-09T09:50:13.369+0000][6][safepoint   ] Safepoint "ICBufferFull", Time since last: 330271834 ns, Reaching safepoint: 1800708 ns, At safepoint: 3292 ns, Total: 1804000 ns
[2023-01-09T09:50:13.728+0000][6][gc,heap,exit] Heap
[2023-01-09T09:50:13.729+0000][6][gc,heap,exit]  garbage-first heap   total 524288K, used 260938K [0x00000000e0000000, 0x0000000100000000)
[2023-01-09T09:50:13.730+0000][6][gc,heap,exit]   region size 1024K, 207 young (211968K), 8 survivors (8192K)
[2023-01-09T09:50:13.731+0000][6][gc,heap,exit]  Metaspace       used 86237K, capacity 89298K, committed 90396K, reserved 1128448K
[2023-01-09T09:50:13.732+0000][6][gc,heap,exit]   class space    used 11407K, capacity 12371K, committed 12416K, reserved 1048576K
