[2023-02-24T08:29:41.161+0000][7][gc] Using G1
[2023-02-24T08:29:41.381+0000][7][gc,init] Version: 15+36-1562 (release)
[2023-02-24T08:29:41.382+0000][7][gc,init] CPUs: 4 total, 4 available
[2023-02-24T08:29:41.383+0000][7][gc,init] Memory: 7951M
[2023-02-24T08:29:41.384+0000][7][gc,init] Large Page Support: Disabled
[2023-02-24T08:29:41.385+0000][7][gc,init] NUMA Support: Disabled
[2023-02-24T08:29:41.385+0000][7][gc,init] Compressed Oops: Enabled (32-bit)
[2023-02-24T08:29:41.386+0000][7][gc,init] Heap Region Size: 1M
[2023-02-24T08:29:41.388+0000][7][gc,init] Heap Min Capacity: 512M
[2023-02-24T08:29:41.388+0000][7][gc,init] Heap Initial Capacity: 512M
[2023-02-24T08:29:41.389+0000][7][gc,init] Heap Max Capacity: 512M
[2023-02-24T08:29:41.390+0000][7][gc,init] Pre-touch: Enabled
[2023-02-24T08:29:41.390+0000][7][gc,init] Parallel Workers: 4
[2023-02-24T08:29:41.391+0000][7][gc,init] Concurrent Workers: 1
[2023-02-24T08:29:41.391+0000][7][gc,init] Concurrent Refinement Workers: 4
[2023-02-24T08:29:41.392+0000][7][gc,init] Periodic GC: Disabled
[2023-02-24T08:29:41.393+0000][7][gc,metaspace] CDS disabled.
[2023-02-24T08:29:41.394+0000][7][gc,metaspace] Compressed class space mapped at: 0x0000000100000000-0x0000000140000000, size: 1073741824
[2023-02-24T08:29:41.395+0000][7][gc,metaspace] Narrow klass base: 0x0000000000000000, Narrow klass shift: 3, Narrow klass range: 0x140000000
[2023-02-24T08:29:41.712+0000][7][safepoint   ] Safepoint "ICBufferFull", Time since last: 301772208 ns, Reaching safepoint: 208500 ns, At safepoint: 4042 ns, Total: 212542 ns
[2023-02-24T08:29:42.076+0000][7][safepoint   ] Safepoint "ICBufferFull", Time since last: 363658334 ns, Reaching safepoint: 84666 ns, At safepoint: 7917 ns, Total: 92583 ns
[2023-02-24T08:29:42.489+0000][7][safepoint   ] Safepoint "ICBufferFull", Time since last: 406218375 ns, Reaching safepoint: 7465209 ns, At safepoint: 7750 ns, Total: 7472959 ns
[2023-02-24T08:29:42.557+0000][7][gc,start    ] GC(0) Pause Young (Normal) (G1 Evacuation Pause)
[2023-02-24T08:29:42.560+0000][7][gc,task     ] GC(0) Using 4 workers of 4 for evacuation
[2023-02-24T08:29:42.564+0000][7][gc,age      ] GC(0) Desired survivor size 2097152 bytes, new threshold 15 (max threshold 15)
[2023-02-24T08:29:42.593+0000][7][gc,age      ] GC(0) Age table with threshold 15 (max threshold 15)
[2023-02-24T08:29:42.595+0000][7][gc,age      ] GC(0) - age   1:    3909160 bytes,    3909160 total
[2023-02-24T08:29:42.596+0000][7][gc,phases   ] GC(0)   Pre Evacuate Collection Set: 2.7ms
[2023-02-24T08:29:42.597+0000][7][gc,phases   ] GC(0)   Merge Heap Roots: 0.0ms
[2023-02-24T08:29:42.598+0000][7][gc,phases   ] GC(0)   Evacuate Collection Set: 20.5ms
[2023-02-24T08:29:42.599+0000][7][gc,phases   ] GC(0)   Post Evacuate Collection Set: 2.3ms
[2023-02-24T08:29:42.600+0000][7][gc,phases   ] GC(0)   Other: 13.3ms
[2023-02-24T08:29:42.601+0000][7][gc,heap     ] GC(0) Eden regions: 25->0(25)
[2023-02-24T08:29:42.602+0000][7][gc,heap     ] GC(0) Survivor regions: 0->4(4)
[2023-02-24T08:29:42.603+0000][7][gc,heap     ] GC(0) Old regions: 0->0
[2023-02-24T08:29:42.604+0000][7][gc,heap     ] GC(0) Archive regions: 0->0
[2023-02-24T08:29:42.604+0000][7][gc,heap     ] GC(0) Humongous regions: 1->1
[2023-02-24T08:29:42.605+0000][7][gc,metaspace] GC(0) Metaspace: 15675K(16000K)->15675K(16000K) NonClass: 14098K(14336K)->14098K(14336K) Class: 1577K(1664K)->1577K(1664K)
[2023-02-24T08:29:42.606+0000][7][gc          ] GC(0) Pause Young (Normal) (G1 Evacuation Pause) 26M->4M(512M) 49.294ms
[2023-02-24T08:29:42.607+0000][7][gc,cpu      ] GC(0) User=0.03s Sys=0.00s Real=0.05s
[2023-02-24T08:29:42.609+0000][7][safepoint   ] Safepoint "G1CollectForAllocation", Time since last: 62786583 ns, Reaching safepoint: 4737250 ns, At safepoint: 51868417 ns, Total: 56605667 ns
[2023-02-24T08:29:43.404+0000][7][safepoint   ] Safepoint "ICBufferFull", Time since last: 792735292 ns, Reaching safepoint: 2451333 ns, At safepoint: 3083 ns, Total: 2454416 ns
[2023-02-24T08:29:43.698+0000][7][gc,start    ] GC(1) Pause Young (Concurrent Start) (Metadata GC Threshold)
[2023-02-24T08:29:43.701+0000][7][gc,task     ] GC(1) Using 4 workers of 4 for evacuation
[2023-02-24T08:29:43.702+0000][7][gc,age      ] GC(1) Desired survivor size 2097152 bytes, new threshold 1 (max threshold 15)
[2023-02-24T08:29:43.717+0000][7][gc,age      ] GC(1) Age table with threshold 1 (max threshold 15)
[2023-02-24T08:29:43.720+0000][7][gc,age      ] GC(1) - age   1:    2139208 bytes,    2139208 total
[2023-02-24T08:29:43.722+0000][7][gc,phases   ] GC(1)   Pre Evacuate Collection Set: 0.1ms
[2023-02-24T08:29:43.724+0000][7][gc,phases   ] GC(1)   Merge Heap Roots: 0.1ms
[2023-02-24T08:29:43.725+0000][7][gc,phases   ] GC(1)   Evacuate Collection Set: 13.6ms
[2023-02-24T08:29:43.725+0000][7][gc,phases   ] GC(1)   Post Evacuate Collection Set: 0.5ms
[2023-02-24T08:29:43.726+0000][7][gc,phases   ] GC(1)   Other: 9.5ms
[2023-02-24T08:29:43.727+0000][7][gc,heap     ] GC(1) Eden regions: 23->0(34)
[2023-02-24T08:29:43.728+0000][7][gc,heap     ] GC(1) Survivor regions: 4->3(4)
[2023-02-24T08:29:43.729+0000][7][gc,heap     ] GC(1) Old regions: 0->4
[2023-02-24T08:29:43.730+0000][7][gc,heap     ] GC(1) Archive regions: 0->0
[2023-02-24T08:29:43.731+0000][7][gc,heap     ] GC(1) Humongous regions: 1->1
[2023-02-24T08:29:43.732+0000][7][gc,metaspace] GC(1) Metaspace: 20659K(21248K)->20659K(21248K) NonClass: 18440K(18944K)->18440K(18944K) Class: 2218K(2304K)->2218K(2304K)
[2023-02-24T08:29:43.733+0000][7][gc          ] GC(1) Pause Young (Concurrent Start) (Metadata GC Threshold) 27M->6M(512M) 34.985ms
[2023-02-24T08:29:43.734+0000][7][gc,cpu      ] GC(1) User=0.00s Sys=0.00s Real=0.03s
[2023-02-24T08:29:43.735+0000][7][gc          ] GC(2) Concurrent Cycle
[2023-02-24T08:29:43.736+0000][7][gc,marking  ] GC(2) Concurrent Clear Claimed Marks
[2023-02-24T08:29:43.737+0000][7][gc,marking  ] GC(2) Concurrent Clear Claimed Marks 1.590ms
[2023-02-24T08:29:43.738+0000][7][gc,marking  ] GC(2) Concurrent Scan Root Regions
[2023-02-24T08:29:43.741+0000][7][gc,marking  ] GC(2) Concurrent Scan Root Regions 3.004ms
[2023-02-24T08:29:43.742+0000][7][gc,marking  ] GC(2) Concurrent Mark (2.601s)
[2023-02-24T08:29:43.743+0000][7][gc,marking  ] GC(2) Concurrent Mark From Roots
[2023-02-24T08:29:43.744+0000][7][gc,task     ] GC(2) Using 1 workers of 1 for marking
[2023-02-24T08:29:43.736+0000][7][safepoint   ] Safepoint "CollectForMetadataAllocation", Time since last: 292817500 ns, Reaching safepoint: 1552250 ns, At safepoint: 37447709 ns, Total: 38999959 ns
[2023-02-24T08:29:43.746+0000][7][gc,marking  ] GC(2) Concurrent Mark From Roots 3.032ms
[2023-02-24T08:29:43.747+0000][7][gc,marking  ] GC(2) Concurrent Preclean
[2023-02-24T08:29:43.747+0000][7][gc,marking  ] GC(2) Concurrent Preclean 0.568ms
[2023-02-24T08:29:43.748+0000][7][gc,marking  ] GC(2) Concurrent Mark (2.601s, 2.607s) 5.648ms
[2023-02-24T08:29:43.749+0000][7][gc,start    ] GC(2) Pause Remark
[2023-02-24T08:29:43.754+0000][7][gc          ] GC(2) Pause Remark 7M->7M(512M) 4.285ms
[2023-02-24T08:29:43.755+0000][7][gc,cpu      ] GC(2) User=0.00s Sys=0.00s Real=0.00s
[2023-02-24T08:29:43.755+0000][7][safepoint   ] Safepoint "G1Concurrent", Time since last: 13213375 ns, Reaching safepoint: 470875 ns, At safepoint: 5857958 ns, Total: 6328833 ns
[2023-02-24T08:29:43.756+0000][7][gc,marking  ] GC(2) Concurrent Rebuild Remembered Sets
[2023-02-24T08:29:43.758+0000][7][gc,marking  ] GC(2) Concurrent Rebuild Remembered Sets 2.469ms
[2023-02-24T08:29:43.760+0000][7][gc,start    ] GC(2) Pause Cleanup
[2023-02-24T08:29:43.761+0000][7][gc          ] GC(2) Pause Cleanup 7M->7M(512M) 0.830ms
[2023-02-24T08:29:43.762+0000][7][gc,cpu      ] GC(2) User=0.00s Sys=0.00s Real=0.00s
[2023-02-24T08:29:43.762+0000][7][safepoint   ] Safepoint "G1Concurrent", Time since last: 4077417 ns, Reaching safepoint: 758833 ns, At safepoint: 2366708 ns, Total: 3125541 ns
[2023-02-24T08:29:43.764+0000][7][gc,marking  ] GC(2) Concurrent Cleanup for Next Mark
[2023-02-24T08:29:43.765+0000][7][gc,marking  ] GC(2) Concurrent Cleanup for Next Mark 1.308ms
[2023-02-24T08:29:43.766+0000][7][gc          ] GC(2) Concurrent Cycle 30.901ms
[2023-02-24T08:29:44.285+0000][7][gc,start    ] GC(3) Pause Young (Normal) (G1 Evacuation Pause)
[2023-02-24T08:29:44.290+0000][7][gc,task     ] GC(3) Using 4 workers of 4 for evacuation
[2023-02-24T08:29:44.291+0000][7][gc,age      ] GC(3) Desired survivor size 2621440 bytes, new threshold 15 (max threshold 15)
[2023-02-24T08:29:44.311+0000][7][gc,age      ] GC(3) Age table with threshold 15 (max threshold 15)
[2023-02-24T08:29:44.312+0000][7][gc,age      ] GC(3) - age   1:    3022648 bytes,    3022648 total
[2023-02-24T08:29:44.313+0000][7][gc,age      ] GC(3) - age   2:    2090688 bytes,    5113336 total
[2023-02-24T08:29:44.314+0000][7][gc,phases   ] GC(3)   Pre Evacuate Collection Set: 0.4ms
[2023-02-24T08:29:44.315+0000][7][gc,phases   ] GC(3)   Merge Heap Roots: 0.0ms
[2023-02-24T08:29:44.316+0000][7][gc,phases   ] GC(3)   Evacuate Collection Set: 12.3ms
[2023-02-24T08:29:44.317+0000][7][gc,phases   ] GC(3)   Post Evacuate Collection Set: 4.6ms
[2023-02-24T08:29:44.318+0000][7][gc,phases   ] GC(3)   Other: 11.8ms
[2023-02-24T08:29:44.319+0000][7][gc,heap     ] GC(3) Eden regions: 35->0(178)
[2023-02-24T08:29:44.320+0000][7][gc,heap     ] GC(3) Survivor regions: 3->5(5)
[2023-02-24T08:29:44.321+0000][7][gc,heap     ] GC(3) Old regions: 4->4
[2023-02-24T08:29:44.321+0000][7][gc,heap     ] GC(3) Archive regions: 0->0
[2023-02-24T08:29:44.322+0000][7][gc,heap     ] GC(3) Humongous regions: 1->1
[2023-02-24T08:29:44.323+0000][7][gc,metaspace] GC(3) Metaspace: 22336K(23040K)->22336K(23040K) NonClass: 19931K(20480K)->19931K(20480K) Class: 2404K(2560K)->2404K(2560K)
[2023-02-24T08:29:44.324+0000][7][gc          ] GC(3) Pause Young (Normal) (G1 Evacuation Pause) 41M->9M(512M) 38.823ms
[2023-02-24T08:29:44.324+0000][7][gc,cpu      ] GC(3) User=0.01s Sys=0.00s Real=0.04s
[2023-02-24T08:29:44.325+0000][7][safepoint   ] Safepoint "G1CollectForAllocation", Time since last: 522127667 ns, Reaching safepoint: 303709 ns, At safepoint: 40372583 ns, Total: 40676292 ns
[2023-02-24T08:29:44.381+0000][7][safepoint   ] Safepoint "ICBufferFull", Time since last: 55900458 ns, Reaching safepoint: 141084 ns, At safepoint: 2125 ns, Total: 143209 ns
[2023-02-24T08:29:44.397+0000][7][safepoint   ] Safepoint "ICBufferFull", Time since last: 15226458 ns, Reaching safepoint: 120708 ns, At safepoint: 1667 ns, Total: 122375 ns
[2023-02-24T08:29:44.406+0000][7][safepoint   ] Safepoint "ICBufferFull", Time since last: 9726167 ns, Reaching safepoint: 116250 ns, At safepoint: 2041 ns, Total: 118291 ns
[2023-02-24T08:29:44.414+0000][7][safepoint   ] Safepoint "ICBufferFull", Time since last: 1904125 ns, Reaching safepoint: 5779209 ns, At safepoint: 4333 ns, Total: 5783542 ns
[2023-02-24T08:29:44.417+0000][7][safepoint   ] Safepoint "ICBufferFull", Time since last: 2221083 ns, Reaching safepoint: 474375 ns, At safepoint: 2834 ns, Total: 477209 ns
[2023-02-24T08:29:44.421+0000][7][safepoint   ] Safepoint "ICBufferFull", Time since last: 3602708 ns, Reaching safepoint: 195625 ns, At safepoint: 2000 ns, Total: 197625 ns
[2023-02-24T08:29:44.424+0000][7][safepoint   ] Safepoint "ICBufferFull", Time since last: 2908042 ns, Reaching safepoint: 891125 ns, At safepoint: 4500 ns, Total: 895625 ns
[2023-02-24T08:29:44.427+0000][7][safepoint   ] Safepoint "ICBufferFull", Time since last: 2036958 ns, Reaching safepoint: 418167 ns, At safepoint: 2416 ns, Total: 420583 ns
[2023-02-24T08:29:44.444+0000][7][safepoint   ] Safepoint "ICBufferFull", Time since last: 14606375 ns, Reaching safepoint: 2313459 ns, At safepoint: 2708 ns, Total: 2316167 ns
[2023-02-24T08:29:44.452+0000][7][safepoint   ] Safepoint "ICBufferFull", Time since last: 4181042 ns, Reaching safepoint: 3762500 ns, At safepoint: 12583 ns, Total: 3775083 ns
[2023-02-24T08:29:44.454+0000][7][safepoint   ] Safepoint "ICBufferFull", Time since last: 2069375 ns, Reaching safepoint: 317542 ns, At safepoint: 2000 ns, Total: 319542 ns
[2023-02-24T08:29:44.457+0000][7][safepoint   ] Safepoint "ICBufferFull", Time since last: 1758125 ns, Reaching safepoint: 902833 ns, At safepoint: 2458 ns, Total: 905291 ns
[2023-02-24T08:29:44.466+0000][7][safepoint   ] Safepoint "ICBufferFull", Time since last: 4689542 ns, Reaching safepoint: 4270750 ns, At safepoint: 13792 ns, Total: 4284542 ns
[2023-02-24T08:29:44.468+0000][7][safepoint   ] Safepoint "ICBufferFull", Time since last: 1682166 ns, Reaching safepoint: 311792 ns, At safepoint: 2125 ns, Total: 313917 ns
[2023-02-24T08:29:44.472+0000][7][safepoint   ] Safepoint "ICBufferFull", Time since last: 1490917 ns, Reaching safepoint: 2476083 ns, At safepoint: 3375 ns, Total: 2479458 ns
[2023-02-24T08:29:44.476+0000][7][safepoint   ] Safepoint "ICBufferFull", Time since last: 4090083 ns, Reaching safepoint: 140167 ns, At safepoint: 2208 ns, Total: 142375 ns
[2023-02-24T08:29:44.480+0000][7][safepoint   ] Safepoint "ICBufferFull", Time since last: 3667209 ns, Reaching safepoint: 92041 ns, At safepoint: 1792 ns, Total: 93833 ns
[2023-02-24T08:29:44.482+0000][7][safepoint   ] Safepoint "ICBufferFull", Time since last: 1879542 ns, Reaching safepoint: 116000 ns, At safepoint: 1458 ns, Total: 117458 ns
[2023-02-24T08:29:44.494+0000][7][safepoint   ] Safepoint "ICBufferFull", Time since last: 12547417 ns, Reaching safepoint: 129666 ns, At safepoint: 1750 ns, Total: 131416 ns
[2023-02-24T08:29:44.497+0000][7][safepoint   ] Safepoint "ICBufferFull", Time since last: 2635459 ns, Reaching safepoint: 109375 ns, At safepoint: 1750 ns, Total: 111125 ns
[2023-02-24T08:29:44.500+0000][7][safepoint   ] Safepoint "ICBufferFull", Time since last: 2833583 ns, Reaching safepoint: 107458 ns, At safepoint: 1750 ns, Total: 109208 ns
[2023-02-24T08:29:44.507+0000][7][safepoint   ] Safepoint "ICBufferFull", Time since last: 6738417 ns, Reaching safepoint: 125083 ns, At safepoint: 2459 ns, Total: 127542 ns
[2023-02-24T08:29:44.510+0000][7][safepoint   ] Safepoint "ICBufferFull", Time since last: 2933791 ns, Reaching safepoint: 114625 ns, At safepoint: 1959 ns, Total: 116584 ns
[2023-02-24T08:29:44.524+0000][7][safepoint   ] Safepoint "ICBufferFull", Time since last: 13391416 ns, Reaching safepoint: 111334 ns, At safepoint: 1916 ns, Total: 113250 ns
[2023-02-24T08:29:44.526+0000][7][safepoint   ] Safepoint "ICBufferFull", Time since last: 2341417 ns, Reaching safepoint: 118167 ns, At safepoint: 2250 ns, Total: 120417 ns
[2023-02-24T08:29:44.537+0000][7][safepoint   ] Safepoint "ICBufferFull", Time since last: 11036958 ns, Reaching safepoint: 243000 ns, At safepoint: 5500 ns, Total: 248500 ns
[2023-02-24T08:29:44.545+0000][7][safepoint   ] Safepoint "ICBufferFull", Time since last: 7299834 ns, Reaching safepoint: 145291 ns, At safepoint: 2500 ns, Total: 147791 ns
[2023-02-24T08:29:44.561+0000][7][safepoint   ] Safepoint "ICBufferFull", Time since last: 16032959 ns, Reaching safepoint: 112166 ns, At safepoint: 1792 ns, Total: 113958 ns
[2023-02-24T08:29:44.569+0000][7][safepoint   ] Safepoint "ICBufferFull", Time since last: 7531208 ns, Reaching safepoint: 423542 ns, At safepoint: 7625 ns, Total: 431167 ns
[2023-02-24T08:29:44.578+0000][7][safepoint   ] Safepoint "ICBufferFull", Time since last: 8712625 ns, Reaching safepoint: 222458 ns, At safepoint: 2667 ns, Total: 225125 ns
[2023-02-24T08:29:44.580+0000][7][safepoint   ] Safepoint "ICBufferFull", Time since last: 2516458 ns, Reaching safepoint: 107625 ns, At safepoint: 1584 ns, Total: 109209 ns
[2023-02-24T08:29:44.582+0000][7][safepoint   ] Safepoint "ICBufferFull", Time since last: 2077416 ns, Reaching safepoint: 29125 ns, At safepoint: 1459 ns, Total: 30584 ns
[2023-02-24T08:29:44.585+0000][7][safepoint   ] Safepoint "ICBufferFull", Time since last: 2255791 ns, Reaching safepoint: 31125 ns, At safepoint: 1709 ns, Total: 32834 ns
[2023-02-24T08:29:44.587+0000][7][safepoint   ] Safepoint "ICBufferFull", Time since last: 2472208 ns, Reaching safepoint: 113500 ns, At safepoint: 2417 ns, Total: 115917 ns
[2023-02-24T08:29:44.603+0000][7][safepoint   ] Safepoint "ICBufferFull", Time since last: 13048625 ns, Reaching safepoint: 2359833 ns, At safepoint: 2333 ns, Total: 2362166 ns
[2023-02-24T08:29:44.605+0000][7][safepoint   ] Safepoint "ICBufferFull", Time since last: 2454417 ns, Reaching safepoint: 159375 ns, At safepoint: 1750 ns, Total: 161125 ns
[2023-02-24T08:29:44.615+0000][7][safepoint   ] Safepoint "ICBufferFull", Time since last: 8923167 ns, Reaching safepoint: 199625 ns, At safepoint: 32625 ns, Total: 232250 ns
[2023-02-24T08:29:44.625+0000][7][safepoint   ] Safepoint "ICBufferFull", Time since last: 10010333 ns, Reaching safepoint: 286625 ns, At safepoint: 2708 ns, Total: 289333 ns
[2023-02-24T08:29:44.627+0000][7][safepoint   ] Safepoint "ICBufferFull", Time since last: 2486834 ns, Reaching safepoint: 31125 ns, At safepoint: 1583 ns, Total: 32708 ns
[2023-02-24T08:29:44.632+0000][7][safepoint   ] Safepoint "ICBufferFull", Time since last: 2454333 ns, Reaching safepoint: 2094834 ns, At safepoint: 2791 ns, Total: 2097625 ns
[2023-02-24T08:29:44.633+0000][7][safepoint   ] Safepoint "ICBufferFull", Time since last: 1525709 ns, Reaching safepoint: 25541 ns, At safepoint: 1792 ns, Total: 27333 ns
[2023-02-24T08:29:44.636+0000][7][safepoint   ] Safepoint "ICBufferFull", Time since last: 1347667 ns, Reaching safepoint: 1337625 ns, At safepoint: 2916 ns, Total: 1340541 ns
[2023-02-24T08:29:44.638+0000][7][safepoint   ] Safepoint "ICBufferFull", Time since last: 1468750 ns, Reaching safepoint: 832917 ns, At safepoint: 2583 ns, Total: 835500 ns
[2023-02-24T08:29:44.640+0000][7][safepoint   ] Safepoint "ICBufferFull", Time since last: 1277209 ns, Reaching safepoint: 29666 ns, At safepoint: 1584 ns, Total: 31250 ns
[2023-02-24T08:29:44.642+0000][7][safepoint   ] Safepoint "ICBufferFull", Time since last: 1879000 ns, Reaching safepoint: 97375 ns, At safepoint: 2625 ns, Total: 100000 ns
[2023-02-24T08:29:44.643+0000][7][safepoint   ] Safepoint "ICBufferFull", Time since last: 1052250 ns, Reaching safepoint: 134791 ns, At safepoint: 1459 ns, Total: 136250 ns
[2023-02-24T08:29:44.645+0000][7][safepoint   ] Safepoint "ICBufferFull", Time since last: 1068291 ns, Reaching safepoint: 743417 ns, At safepoint: 2000 ns, Total: 745417 ns
[2023-02-24T08:29:44.646+0000][7][safepoint   ] Safepoint "ICBufferFull", Time since last: 1394375 ns, Reaching safepoint: 140292 ns, At safepoint: 2500 ns, Total: 142792 ns
[2023-02-24T08:29:44.647+0000][7][safepoint   ] Safepoint "ICBufferFull", Time since last: 759500 ns, Reaching safepoint: 144583 ns, At safepoint: 2292 ns, Total: 146875 ns
[2023-02-24T08:29:44.649+0000][7][safepoint   ] Safepoint "ICBufferFull", Time since last: 1307791 ns, Reaching safepoint: 25875 ns, At safepoint: 1375 ns, Total: 27250 ns
[2023-02-24T08:29:44.649+0000][7][safepoint   ] Safepoint "ICBufferFull", Time since last: 928417 ns, Reaching safepoint: 27333 ns, At safepoint: 1500 ns, Total: 28833 ns
[2023-02-24T08:29:44.652+0000][7][safepoint   ] Safepoint "ICBufferFull", Time since last: 1324625 ns, Reaching safepoint: 803042 ns, At safepoint: 2375 ns, Total: 805417 ns
[2023-02-24T08:29:44.653+0000][7][safepoint   ] Safepoint "ICBufferFull", Time since last: 1216750 ns, Reaching safepoint: 156458 ns, At safepoint: 1542 ns, Total: 158000 ns
[2023-02-24T08:29:44.654+0000][7][safepoint   ] Safepoint "ICBufferFull", Time since last: 1024292 ns, Reaching safepoint: 112125 ns, At safepoint: 1791 ns, Total: 113916 ns
[2023-02-24T08:29:44.657+0000][7][safepoint   ] Safepoint "ICBufferFull", Time since last: 2048667 ns, Reaching safepoint: 604792 ns, At safepoint: 2166 ns, Total: 606958 ns
[2023-02-24T08:29:44.660+0000][7][safepoint   ] Safepoint "ICBufferFull", Time since last: 772000 ns, Reaching safepoint: 2206667 ns, At safepoint: 3500 ns, Total: 2210167 ns
[2023-02-24T08:29:44.661+0000][7][safepoint   ] Safepoint "ICBufferFull", Time since last: 1184417 ns, Reaching safepoint: 223500 ns, At safepoint: 2500 ns, Total: 226000 ns
[2023-02-24T08:29:44.662+0000][7][safepoint   ] Safepoint "ICBufferFull", Time since last: 885041 ns, Reaching safepoint: 93834 ns, At safepoint: 875 ns, Total: 94709 ns
[2023-02-24T08:29:44.663+0000][7][safepoint   ] Safepoint "ICBufferFull", Time since last: 862458 ns, Reaching safepoint: 235208 ns, At safepoint: 1417 ns, Total: 236625 ns
[2023-02-24T08:29:44.665+0000][7][safepoint   ] Safepoint "ICBufferFull", Time since last: 1383625 ns, Reaching safepoint: 128042 ns, At safepoint: 1666 ns, Total: 129708 ns
[2023-02-24T08:29:44.668+0000][7][safepoint   ] Safepoint "ICBufferFull", Time since last: 3089709 ns, Reaching safepoint: 101875 ns, At safepoint: 1250 ns, Total: 103125 ns
[2023-02-24T08:29:44.669+0000][7][safepoint   ] Safepoint "ICBufferFull", Time since last: 1177875 ns, Reaching safepoint: 98291 ns, At safepoint: 1375 ns, Total: 99666 ns
[2023-02-24T08:29:44.670+0000][7][safepoint   ] Safepoint "ICBufferFull", Time since last: 1047334 ns, Reaching safepoint: 98791 ns, At safepoint: 1334 ns, Total: 100125 ns
[2023-02-24T08:29:44.672+0000][7][safepoint   ] Safepoint "ICBufferFull", Time since last: 1063041 ns, Reaching safepoint: 98209 ns, At safepoint: 1500 ns, Total: 99709 ns
[2023-02-24T08:29:44.672+0000][7][safepoint   ] Safepoint "ICBufferFull", Time since last: 745375 ns, Reaching safepoint: 176291 ns, At safepoint: 1875 ns, Total: 178166 ns
[2023-02-24T08:29:44.673+0000][7][safepoint   ] Safepoint "ICBufferFull", Time since last: 870209 ns, Reaching safepoint: 98958 ns, At safepoint: 1417 ns, Total: 100375 ns
[2023-02-24T08:29:44.674+0000][7][safepoint   ] Safepoint "ICBufferFull", Time since last: 753500 ns, Reaching safepoint: 97333 ns, At safepoint: 1375 ns, Total: 98708 ns
[2023-02-24T08:29:44.676+0000][7][safepoint   ] Safepoint "ICBufferFull", Time since last: 1713417 ns, Reaching safepoint: 104333 ns, At safepoint: 1667 ns, Total: 106000 ns
[2023-02-24T08:29:44.679+0000][7][safepoint   ] Safepoint "ICBufferFull", Time since last: 2728041 ns, Reaching safepoint: 111417 ns, At safepoint: 1792 ns, Total: 113209 ns
[2023-02-24T08:29:44.682+0000][7][safepoint   ] Safepoint "ICBufferFull", Time since last: 2893666 ns, Reaching safepoint: 101375 ns, At safepoint: 1750 ns, Total: 103125 ns
[2023-02-24T08:29:44.685+0000][7][safepoint   ] Safepoint "ICBufferFull", Time since last: 1118042 ns, Reaching safepoint: 1690000 ns, At safepoint: 7083 ns, Total: 1697083 ns
[2023-02-24T08:29:44.688+0000][7][safepoint   ] Safepoint "ICBufferFull", Time since last: 1287417 ns, Reaching safepoint: 2112917 ns, At safepoint: 2208 ns, Total: 2115125 ns
[2023-02-24T08:29:44.698+0000][7][safepoint   ] Safepoint "ICBufferFull", Time since last: 10048417 ns, Reaching safepoint: 104791 ns, At safepoint: 1334 ns, Total: 106125 ns
[2023-02-24T08:29:44.701+0000][7][safepoint   ] Safepoint "ICBufferFull", Time since last: 2765750 ns, Reaching safepoint: 103125 ns, At safepoint: 958 ns, Total: 104083 ns
[2023-02-24T08:29:44.704+0000][7][safepoint   ] Safepoint "ICBufferFull", Time since last: 2399583 ns, Reaching safepoint: 134084 ns, At safepoint: 1791 ns, Total: 135875 ns
[2023-02-24T08:29:44.708+0000][7][safepoint   ] Safepoint "ICBufferFull", Time since last: 4601542 ns, Reaching safepoint: 113417 ns, At safepoint: 2083 ns, Total: 115500 ns
[2023-02-24T08:29:44.713+0000][7][safepoint   ] Safepoint "ICBufferFull", Time since last: 4163833 ns, Reaching safepoint: 146792 ns, At safepoint: 1875 ns, Total: 148667 ns
[2023-02-24T08:29:44.717+0000][7][safepoint   ] Safepoint "ICBufferFull", Time since last: 3853625 ns, Reaching safepoint: 134042 ns, At safepoint: 2375 ns, Total: 136417 ns
[2023-02-24T08:29:44.721+0000][7][safepoint   ] Safepoint "ICBufferFull", Time since last: 3825750 ns, Reaching safepoint: 160833 ns, At safepoint: 2208 ns, Total: 163041 ns
[2023-02-24T08:29:44.810+0000][7][safepoint   ] Safepoint "ICBufferFull", Time since last: 89100375 ns, Reaching safepoint: 137667 ns, At safepoint: 2000 ns, Total: 139667 ns
[2023-02-24T08:29:44.815+0000][7][safepoint   ] Safepoint "ICBufferFull", Time since last: 5321417 ns, Reaching safepoint: 136958 ns, At safepoint: 1917 ns, Total: 138875 ns
[2023-02-24T08:29:44.820+0000][7][safepoint   ] Safepoint "ICBufferFull", Time since last: 1993208 ns, Reaching safepoint: 2733542 ns, At safepoint: 4208 ns, Total: 2737750 ns
[2023-02-24T08:29:44.823+0000][7][safepoint   ] Safepoint "ICBufferFull", Time since last: 2127500 ns, Reaching safepoint: 553250 ns, At safepoint: 3458 ns, Total: 556708 ns
[2023-02-24T08:29:44.830+0000][7][safepoint   ] Safepoint "ICBufferFull", Time since last: 6988084 ns, Reaching safepoint: 114958 ns, At safepoint: 2083 ns, Total: 117041 ns
[2023-02-24T08:29:44.832+0000][7][safepoint   ] Safepoint "ICBufferFull", Time since last: 1554334 ns, Reaching safepoint: 433583 ns, At safepoint: 2167 ns, Total: 435750 ns
[2023-02-24T08:29:44.837+0000][7][safepoint   ] Safepoint "ICBufferFull", Time since last: 5028708 ns, Reaching safepoint: 102792 ns, At safepoint: 1958 ns, Total: 104750 ns
[2023-02-24T08:29:44.839+0000][7][safepoint   ] Safepoint "ICBufferFull", Time since last: 1509583 ns, Reaching safepoint: 260709 ns, At safepoint: 2125 ns, Total: 262834 ns
[2023-02-24T08:29:44.842+0000][7][safepoint   ] Safepoint "ICBufferFull", Time since last: 2542750 ns, Reaching safepoint: 134625 ns, At safepoint: 2166 ns, Total: 136791 ns
[2023-02-24T08:29:44.844+0000][7][safepoint   ] Safepoint "ICBufferFull", Time since last: 762875 ns, Reaching safepoint: 1634959 ns, At safepoint: 5625 ns, Total: 1640584 ns
[2023-02-24T08:29:44.846+0000][7][safepoint   ] Safepoint "ICBufferFull", Time since last: 1090000 ns, Reaching safepoint: 163125 ns, At safepoint: 893666 ns, Total: 1056791 ns
[2023-02-24T08:29:44.847+0000][7][safepoint   ] Safepoint "ICBufferFull", Time since last: 1074209 ns, Reaching safepoint: 114708 ns, At safepoint: 2000 ns, Total: 116708 ns
[2023-02-24T08:29:44.850+0000][7][safepoint   ] Safepoint "ICBufferFull", Time since last: 2741542 ns, Reaching safepoint: 114958 ns, At safepoint: 2250 ns, Total: 117208 ns
[2023-02-24T08:29:44.853+0000][7][safepoint   ] Safepoint "ICBufferFull", Time since last: 934083 ns, Reaching safepoint: 1649375 ns, At safepoint: 6584 ns, Total: 1655959 ns
[2023-02-24T08:29:44.856+0000][7][safepoint   ] Safepoint "ICBufferFull", Time since last: 3496750 ns, Reaching safepoint: 108125 ns, At safepoint: 1958 ns, Total: 110083 ns
[2023-02-24T08:29:44.858+0000][7][safepoint   ] Safepoint "ICBufferFull", Time since last: 1069167 ns, Reaching safepoint: 174583 ns, At safepoint: 1667 ns, Total: 176250 ns
[2023-02-24T08:29:44.859+0000][7][safepoint   ] Safepoint "ICBufferFull", Time since last: 888166 ns, Reaching safepoint: 99917 ns, At safepoint: 1333 ns, Total: 101250 ns
[2023-02-24T08:29:44.860+0000][7][safepoint   ] Safepoint "ICBufferFull", Time since last: 921209 ns, Reaching safepoint: 262041 ns, At safepoint: 1792 ns, Total: 263833 ns
[2023-02-24T08:29:44.867+0000][7][safepoint   ] Safepoint "ICBufferFull", Time since last: 4144792 ns, Reaching safepoint: 3051333 ns, At safepoint: 3333 ns, Total: 3054666 ns
[2023-02-24T08:29:44.888+0000][7][safepoint   ] Safepoint "ICBufferFull", Time since last: 21308709 ns, Reaching safepoint: 39083 ns, At safepoint: 4875 ns, Total: 43958 ns
[2023-02-24T08:29:44.890+0000][7][safepoint   ] Safepoint "ICBufferFull", Time since last: 1760500 ns, Reaching safepoint: 47875 ns, At safepoint: 2042 ns, Total: 49917 ns
[2023-02-24T08:29:44.891+0000][7][safepoint   ] Safepoint "ICBufferFull", Time since last: 1318625 ns, Reaching safepoint: 28000 ns, At safepoint: 1583 ns, Total: 29583 ns
[2023-02-24T08:29:44.893+0000][7][safepoint   ] Safepoint "ICBufferFull", Time since last: 1270250 ns, Reaching safepoint: 34125 ns, At safepoint: 1583 ns, Total: 35708 ns
[2023-02-24T08:29:44.894+0000][7][safepoint   ] Safepoint "ICBufferFull", Time since last: 1361000 ns, Reaching safepoint: 94084 ns, At safepoint: 1750 ns, Total: 95834 ns
[2023-02-24T08:29:44.896+0000][7][safepoint   ] Safepoint "ICBufferFull", Time since last: 1381416 ns, Reaching safepoint: 396667 ns, At safepoint: 2042 ns, Total: 398709 ns
[2023-02-24T08:29:44.898+0000][7][safepoint   ] Safepoint "ICBufferFull", Time since last: 1506250 ns, Reaching safepoint: 677750 ns, At safepoint: 6250 ns, Total: 684000 ns
[2023-02-24T08:29:44.902+0000][7][safepoint   ] Safepoint "ICBufferFull", Time since last: 3263000 ns, Reaching safepoint: 93083 ns, At safepoint: 1583 ns, Total: 94666 ns
[2023-02-24T08:29:44.904+0000][7][safepoint   ] Safepoint "ICBufferFull", Time since last: 1760875 ns, Reaching safepoint: 768542 ns, At safepoint: 3583 ns, Total: 772125 ns
[2023-02-24T08:29:44.907+0000][7][safepoint   ] Safepoint "ICBufferFull", Time since last: 3022709 ns, Reaching safepoint: 168541 ns, At safepoint: 2000 ns, Total: 170541 ns
[2023-02-24T08:29:44.912+0000][7][safepoint   ] Safepoint "ICBufferFull", Time since last: 4779792 ns, Reaching safepoint: 111250 ns, At safepoint: 1958 ns, Total: 113208 ns
[2023-02-24T08:29:44.913+0000][7][safepoint   ] Safepoint "ICBufferFull", Time since last: 1023667 ns, Reaching safepoint: 99750 ns, At safepoint: 1333 ns, Total: 101083 ns
[2023-02-24T08:29:44.914+0000][7][safepoint   ] Safepoint "ICBufferFull", Time since last: 918375 ns, Reaching safepoint: 155792 ns, At safepoint: 2875 ns, Total: 158667 ns
[2023-02-24T08:29:44.915+0000][7][safepoint   ] Safepoint "ICBufferFull", Time since last: 798500 ns, Reaching safepoint: 197708 ns, At safepoint: 2042 ns, Total: 199750 ns
[2023-02-24T08:29:44.916+0000][7][safepoint   ] Safepoint "ICBufferFull", Time since last: 852250 ns, Reaching safepoint: 95583 ns, At safepoint: 1500 ns, Total: 97083 ns
[2023-02-24T08:29:44.917+0000][7][safepoint   ] Safepoint "ICBufferFull", Time since last: 709750 ns, Reaching safepoint: 165917 ns, At safepoint: 1458 ns, Total: 167375 ns
[2023-02-24T08:29:44.918+0000][7][safepoint   ] Safepoint "ICBufferFull", Time since last: 941792 ns, Reaching safepoint: 134583 ns, At safepoint: 1834 ns, Total: 136417 ns
[2023-02-24T08:29:44.923+0000][7][safepoint   ] Safepoint "ICBufferFull", Time since last: 1813833 ns, Reaching safepoint: 2634083 ns, At safepoint: 8209 ns, Total: 2642292 ns
[2023-02-24T08:29:44.929+0000][7][safepoint   ] Safepoint "ICBufferFull", Time since last: 1457500 ns, Reaching safepoint: 4556125 ns, At safepoint: 10333 ns, Total: 4566458 ns
[2023-02-24T08:29:44.930+0000][7][safepoint   ] Safepoint "ICBufferFull", Time since last: 1400708 ns, Reaching safepoint: 108959 ns, At safepoint: 2041 ns, Total: 111000 ns
[2023-02-24T08:29:44.931+0000][7][safepoint   ] Safepoint "ICBufferFull", Time since last: 1016250 ns, Reaching safepoint: 97000 ns, At safepoint: 1334 ns, Total: 98334 ns
[2023-02-24T08:29:45.152+0000][7][safepoint   ] Safepoint "ICBufferFull", Time since last: 218092750 ns, Reaching safepoint: 2365666 ns, At safepoint: 8500 ns, Total: 2374166 ns
[2023-02-24T08:29:45.161+0000][7][safepoint   ] Safepoint "ICBufferFull", Time since last: 2236334 ns, Reaching safepoint: 7290041 ns, At safepoint: 22500 ns, Total: 7312541 ns
[2023-02-24T08:29:45.166+0000][7][safepoint   ] Safepoint "ICBufferFull", Time since last: 1221334 ns, Reaching safepoint: 3317333 ns, At safepoint: 9083 ns, Total: 3326416 ns
[2023-02-24T08:29:45.170+0000][7][safepoint   ] Safepoint "ICBufferFull", Time since last: 1733750 ns, Reaching safepoint: 2296084 ns, At safepoint: 10250 ns, Total: 2306334 ns
[2023-02-24T08:29:45.175+0000][7][safepoint   ] Safepoint "ICBufferFull", Time since last: 1475208 ns, Reaching safepoint: 3237875 ns, At safepoint: 8542 ns, Total: 3246417 ns
[2023-02-24T08:29:45.178+0000][7][safepoint   ] Safepoint "ICBufferFull", Time since last: 2260833 ns, Reaching safepoint: 1462000 ns, At safepoint: 6667 ns, Total: 1468667 ns
[2023-02-24T08:29:45.182+0000][7][safepoint   ] Safepoint "ICBufferFull", Time since last: 1002916 ns, Reaching safepoint: 2324709 ns, At safepoint: 12541 ns, Total: 2337250 ns
[2023-02-24T08:29:45.186+0000][7][safepoint   ] Safepoint "ICBufferFull", Time since last: 2243167 ns, Reaching safepoint: 1834625 ns, At safepoint: 11208 ns, Total: 1845833 ns
[2023-02-24T08:29:45.192+0000][7][safepoint   ] Safepoint "ICBufferFull", Time since last: 1920959 ns, Reaching safepoint: 3980958 ns, At safepoint: 11167 ns, Total: 3992125 ns
[2023-02-24T08:29:45.198+0000][7][safepoint   ] Safepoint "ICBufferFull", Time since last: 2076000 ns, Reaching safepoint: 4139208 ns, At safepoint: 11250 ns, Total: 4150458 ns
[2023-02-24T08:29:45.208+0000][7][safepoint   ] Safepoint "ICBufferFull", Time since last: 1633583 ns, Reaching safepoint: 8370167 ns, At safepoint: 10500 ns, Total: 8380667 ns
[2023-02-24T08:29:45.216+0000][7][safepoint   ] Safepoint "ICBufferFull", Time since last: 2054042 ns, Reaching safepoint: 5998333 ns, At safepoint: 10667 ns, Total: 6009000 ns
[2023-02-24T08:29:45.223+0000][7][safepoint   ] Safepoint "ICBufferFull", Time since last: 2150250 ns, Reaching safepoint: 4601708 ns, At safepoint: 32750 ns, Total: 4634458 ns
[2023-02-24T08:29:45.227+0000][7][safepoint   ] Safepoint "ICBufferFull", Time since last: 1643792 ns, Reaching safepoint: 2072000 ns, At safepoint: 8708 ns, Total: 2080708 ns
[2023-02-24T08:29:45.237+0000][7][safepoint   ] Safepoint "ICBufferFull", Time since last: 10450458 ns, Reaching safepoint: 122834 ns, At safepoint: 1833 ns, Total: 124667 ns
[2023-02-24T08:29:45.254+0000][7][safepoint   ] Safepoint "ICBufferFull", Time since last: 3937584 ns, Reaching safepoint: 13030375 ns, At safepoint: 11333 ns, Total: 13041708 ns
[2023-02-24T08:29:45.264+0000][7][safepoint   ] Safepoint "ICBufferFull", Time since last: 1777917 ns, Reaching safepoint: 7827875 ns, At safepoint: 9250 ns, Total: 7837125 ns
[2023-02-24T08:29:45.267+0000][7][safepoint   ] Safepoint "ICBufferFull", Time since last: 2533125 ns, Reaching safepoint: 644291 ns, At safepoint: 26709 ns, Total: 671000 ns
[2023-02-24T08:29:45.277+0000][7][safepoint   ] Safepoint "ICBufferFull", Time since last: 1440708 ns, Reaching safepoint: 9025917 ns, At safepoint: 50541 ns, Total: 9076458 ns
[2023-02-24T08:29:45.279+0000][7][safepoint   ] Safepoint "ICBufferFull", Time since last: 1698459 ns, Reaching safepoint: 49500 ns, At safepoint: 1208 ns, Total: 50708 ns
[2023-02-24T08:29:45.890+0000][7][safepoint   ] Safepoint "ICBufferFull", Time since last: 603927208 ns, Reaching safepoint: 6960875 ns, At safepoint: 8459 ns, Total: 6969334 ns
[2023-02-24T08:29:46.061+0000][7][gc,start    ] GC(4) Pause Young (Normal) (G1 Evacuation Pause)
[2023-02-24T08:29:46.064+0000][7][gc,task     ] GC(4) Using 4 workers of 4 for evacuation
[2023-02-24T08:29:46.068+0000][7][gc,age      ] GC(4) Desired survivor size 12058624 bytes, new threshold 15 (max threshold 15)
[2023-02-24T08:29:46.090+0000][7][gc,age      ] GC(4) Age table with threshold 15 (max threshold 15)
[2023-02-24T08:29:46.091+0000][7][gc,age      ] GC(4) - age   1:    4519720 bytes,    4519720 total
[2023-02-24T08:29:46.093+0000][7][gc,age      ] GC(4) - age   2:    1151616 bytes,    5671336 total
[2023-02-24T08:29:46.094+0000][7][gc,age      ] GC(4) - age   3:    2076304 bytes,    7747640 total
[2023-02-24T08:29:46.094+0000][7][gc,phases   ] GC(4)   Pre Evacuate Collection Set: 0.1ms
[2023-02-24T08:29:46.095+0000][7][gc,phases   ] GC(4)   Merge Heap Roots: 0.1ms
[2023-02-24T08:29:46.096+0000][7][gc,phases   ] GC(4)   Evacuate Collection Set: 20.2ms
[2023-02-24T08:29:46.097+0000][7][gc,phases   ] GC(4)   Post Evacuate Collection Set: 0.5ms
[2023-02-24T08:29:46.098+0000][7][gc,phases   ] GC(4)   Other: 12.7ms
[2023-02-24T08:29:46.098+0000][7][gc,heap     ] GC(4) Eden regions: 178->0(299)
[2023-02-24T08:29:46.099+0000][7][gc,heap     ] GC(4) Survivor regions: 5->8(23)
[2023-02-24T08:29:46.100+0000][7][gc,heap     ] GC(4) Old regions: 4->4
[2023-02-24T08:29:46.101+0000][7][gc,heap     ] GC(4) Archive regions: 0->0
[2023-02-24T08:29:46.102+0000][7][gc,heap     ] GC(4) Humongous regions: 2->1
[2023-02-24T08:29:46.102+0000][7][gc,metaspace] GC(4) Metaspace: 25854K(26624K)->25854K(26624K) NonClass: 22978K(23552K)->22978K(23552K) Class: 2875K(3072K)->2875K(3072K)
[2023-02-24T08:29:46.103+0000][7][gc          ] GC(4) Pause Young (Normal) (G1 Evacuation Pause) 188M->12M(512M) 42.095ms
[2023-02-24T08:29:46.104+0000][7][gc,cpu      ] GC(4) User=0.02s Sys=0.00s Real=0.04s
[2023-02-24T08:29:46.105+0000][7][safepoint   ] Safepoint "G1CollectForAllocation", Time since last: 165380208 ns, Reaching safepoint: 5379792 ns, At safepoint: 44078708 ns, Total: 49458500 ns
[2023-02-24T08:29:46.786+0000][7][safepoint   ] Safepoint "ICBufferFull", Time since last: 676239709 ns, Reaching safepoint: 4550042 ns, At safepoint: 14541 ns, Total: 4564583 ns
[2023-02-24T08:29:47.676+0000][7][gc,start    ] GC(5) Pause Young (Normal) (G1 Evacuation Pause)
[2023-02-24T08:29:47.677+0000][7][gc,task     ] GC(5) Using 4 workers of 4 for evacuation
[2023-02-24T08:29:47.678+0000][7][gc,age      ] GC(5) Desired survivor size 20447232 bytes, new threshold 15 (max threshold 15)
[2023-02-24T08:29:47.706+0000][7][gc,age      ] GC(5) Age table with threshold 15 (max threshold 15)
[2023-02-24T08:29:47.707+0000][7][gc,age      ] GC(5) - age   1:    4075504 bytes,    4075504 total
[2023-02-24T08:29:47.708+0000][7][gc,age      ] GC(5) - age   2:    4320936 bytes,    8396440 total
[2023-02-24T08:29:47.709+0000][7][gc,age      ] GC(5) - age   3:    1151440 bytes,    9547880 total
[2023-02-24T08:29:47.710+0000][7][gc,age      ] GC(5) - age   4:    2076304 bytes,   11624184 total
[2023-02-24T08:29:47.711+0000][7][gc,phases   ] GC(5)   Pre Evacuate Collection Set: 0.3ms
[2023-02-24T08:29:47.712+0000][7][gc,phases   ] GC(5)   Merge Heap Roots: 0.1ms
[2023-02-24T08:29:47.713+0000][7][gc,phases   ] GC(5)   Evacuate Collection Set: 18.4ms
[2023-02-24T08:29:47.714+0000][7][gc,phases   ] GC(5)   Post Evacuate Collection Set: 8.3ms
[2023-02-24T08:29:47.715+0000][7][gc,phases   ] GC(5)   Other: 7.6ms
[2023-02-24T08:29:47.717+0000][7][gc,heap     ] GC(5) Eden regions: 299->0(295)
[2023-02-24T08:29:47.717+0000][7][gc,heap     ] GC(5) Survivor regions: 8->12(39)
[2023-02-24T08:29:47.719+0000][7][gc,heap     ] GC(5) Old regions: 4->4
[2023-02-24T08:29:47.720+0000][7][gc,heap     ] GC(5) Archive regions: 0->0
[2023-02-24T08:29:47.721+0000][7][gc,heap     ] GC(5) Humongous regions: 1->1
[2023-02-24T08:29:47.721+0000][7][gc,metaspace] GC(5) Metaspace: 27565K(28672K)->27565K(28672K) NonClass: 24498K(25344K)->24498K(25344K) Class: 3066K(3328K)->3066K(3328K)
[2023-02-24T08:29:47.722+0000][7][gc          ] GC(5) Pause Young (Normal) (G1 Evacuation Pause) 311M->16M(512M) 45.975ms
[2023-02-24T08:29:47.723+0000][7][gc,cpu      ] GC(5) User=0.03s Sys=0.00s Real=0.05s
[2023-02-24T08:29:47.724+0000][7][safepoint   ] Safepoint "G1CollectForAllocation", Time since last: 890138751 ns, Reaching safepoint: 166166 ns, At safepoint: 47985250 ns, Total: 48151416 ns
[2023-02-24T08:29:48.489+0000][7][gc,start    ] GC(6) Pause Young (Normal) (G1 Evacuation Pause)
[2023-02-24T08:29:48.490+0000][7][gc,task     ] GC(6) Using 4 workers of 4 for evacuation
[2023-02-24T08:29:48.491+0000][7][gc,age      ] GC(6) Desired survivor size 20447232 bytes, new threshold 15 (max threshold 15)
[2023-02-24T08:29:48.504+0000][7][gc,age      ] GC(6) Age table with threshold 15 (max threshold 15)
[2023-02-24T08:29:48.505+0000][7][gc,age      ] GC(6) - age   1:    2497288 bytes,    2497288 total
[2023-02-24T08:29:48.506+0000][7][gc,age      ] GC(6) - age   2:    3277848 bytes,    5775136 total
[2023-02-24T08:29:48.508+0000][7][gc,age      ] GC(6) - age   3:    4316632 bytes,   10091768 total
[2023-02-24T08:29:48.509+0000][7][gc,age      ] GC(6) - age   4:    1151296 bytes,   11243064 total
[2023-02-24T08:29:48.509+0000][7][gc,age      ] GC(6) - age   5:    2076304 bytes,   13319368 total
[2023-02-24T08:29:48.510+0000][7][gc,phases   ] GC(6)   Pre Evacuate Collection Set: 0.1ms
[2023-02-24T08:29:48.511+0000][7][gc,phases   ] GC(6)   Merge Heap Roots: 0.0ms
[2023-02-24T08:29:48.512+0000][7][gc,phases   ] GC(6)   Evacuate Collection Set: 11.1ms
[2023-02-24T08:29:48.513+0000][7][gc,phases   ] GC(6)   Post Evacuate Collection Set: 0.8ms
[2023-02-24T08:29:48.513+0000][7][gc,phases   ] GC(6)   Other: 9.2ms
[2023-02-24T08:29:48.514+0000][7][gc,heap     ] GC(6) Eden regions: 295->0(293)
[2023-02-24T08:29:48.515+0000][7][gc,heap     ] GC(6) Survivor regions: 12->14(39)
[2023-02-24T08:29:48.515+0000][7][gc,heap     ] GC(6) Old regions: 4->4
[2023-02-24T08:29:48.516+0000][7][gc,heap     ] GC(6) Archive regions: 0->0
[2023-02-24T08:29:48.517+0000][7][gc,heap     ] GC(6) Humongous regions: 1->1
[2023-02-24T08:29:48.517+0000][7][gc,metaspace] GC(6) Metaspace: 27930K(29056K)->27930K(29056K) NonClass: 24795K(25600K)->24795K(25600K) Class: 3134K(3456K)->3134K(3456K)
[2023-02-24T08:29:48.519+0000][7][gc          ] GC(6) Pause Young (Normal) (G1 Evacuation Pause) 311M->18M(512M) 30.025ms
[2023-02-24T08:29:48.519+0000][7][gc,cpu      ] GC(6) User=0.01s Sys=0.00s Real=0.03s
[2023-02-24T08:29:48.520+0000][7][safepoint   ] Safepoint "G1CollectForAllocation", Time since last: 757717042 ns, Reaching safepoint: 6935292 ns, At safepoint: 31364500 ns, Total: 38299792 ns
[2023-02-24T08:29:49.159+0000][7][gc,start    ] GC(7) Pause Young (Normal) (G1 Evacuation Pause)
[2023-02-24T08:29:49.160+0000][7][gc,task     ] GC(7) Using 4 workers of 4 for evacuation
[2023-02-24T08:29:49.161+0000][7][gc,age      ] GC(7) Desired survivor size 20447232 bytes, new threshold 15 (max threshold 15)
[2023-02-24T08:29:49.194+0000][7][gc,age      ] GC(7) Age table with threshold 15 (max threshold 15)
[2023-02-24T08:29:49.195+0000][7][gc,age      ] GC(7) - age   1:    2920488 bytes,    2920488 total
[2023-02-24T08:29:49.196+0000][7][gc,age      ] GC(7) - age   2:     611920 bytes,    3532408 total
[2023-02-24T08:29:49.199+0000][7][gc,age      ] GC(7) - age   3:    3276072 bytes,    6808480 total
[2023-02-24T08:29:49.200+0000][7][gc,age      ] GC(7) - age   4:    4316192 bytes,   11124672 total
[2023-02-24T08:29:49.201+0000][7][gc,age      ] GC(7) - age   5:    1151296 bytes,   12275968 total
[2023-02-24T08:29:49.202+0000][7][gc,age      ] GC(7) - age   6:    2076304 bytes,   14352272 total
[2023-02-24T08:29:49.203+0000][7][gc,phases   ] GC(7)   Pre Evacuate Collection Set: 0.2ms
[2023-02-24T08:29:49.204+0000][7][gc,phases   ] GC(7)   Merge Heap Roots: 0.2ms
[2023-02-24T08:29:49.204+0000][7][gc,phases   ] GC(7)   Evacuate Collection Set: 29.8ms
[2023-02-24T08:29:49.205+0000][7][gc,phases   ] GC(7)   Post Evacuate Collection Set: 2.0ms
[2023-02-24T08:29:49.208+0000][7][gc,phases   ] GC(7)   Other: 11.5ms
[2023-02-24T08:29:49.209+0000][7][gc,heap     ] GC(7) Eden regions: 293->0(292)
[2023-02-24T08:29:49.210+0000][7][gc,heap     ] GC(7) Survivor regions: 14->15(39)
[2023-02-24T08:29:49.210+0000][7][gc,heap     ] GC(7) Old regions: 4->4
[2023-02-24T08:29:49.211+0000][7][gc,heap     ] GC(7) Archive regions: 0->0
[2023-02-24T08:29:49.212+0000][7][gc,heap     ] GC(7) Humongous regions: 1->1
[2023-02-24T08:29:49.213+0000][7][gc,metaspace] GC(7) Metaspace: 28455K(29952K)->28455K(29952K) NonClass: 25239K(26368K)->25239K(26368K) Class: 3215K(3584K)->3215K(3584K)
[2023-02-24T08:29:49.213+0000][7][gc          ] GC(7) Pause Young (Normal) (G1 Evacuation Pause) 311M->19M(512M) 54.046ms
[2023-02-24T08:29:49.214+0000][7][gc,cpu      ] GC(7) User=0.03s Sys=0.00s Real=0.05s
[2023-02-24T08:29:49.214+0000][7][safepoint   ] Safepoint "G1CollectForAllocation", Time since last: 638789709 ns, Reaching safepoint: 281166 ns, At safepoint: 55350542 ns, Total: 55631708 ns
[2023-02-24T08:29:49.667+0000][7][safepoint   ] Safepoint "ICBufferFull", Time since last: 452350084 ns, Reaching safepoint: 545916 ns, At safepoint: 34375 ns, Total: 580291 ns
[2023-02-24T08:29:50.030+0000][7][gc,start    ] GC(8) Pause Young (Concurrent Start) (Metadata GC Threshold)
[2023-02-24T08:29:50.031+0000][7][gc,task     ] GC(8) Using 4 workers of 4 for evacuation
[2023-02-24T08:29:50.032+0000][7][gc,age      ] GC(8) Desired survivor size 20447232 bytes, new threshold 15 (max threshold 15)
[2023-02-24T08:29:50.064+0000][7][gc,age      ] GC(8) Age table with threshold 15 (max threshold 15)
[2023-02-24T08:29:50.065+0000][7][gc,age      ] GC(8) - age   1:    2146016 bytes,    2146016 total
[2023-02-24T08:29:50.066+0000][7][gc,age      ] GC(8) - age   2:    2296304 bytes,    4442320 total
[2023-02-24T08:29:50.067+0000][7][gc,age      ] GC(8) - age   3:     601104 bytes,    5043424 total
[2023-02-24T08:29:50.068+0000][7][gc,age      ] GC(8) - age   4:    3261080 bytes,    8304504 total
[2023-02-24T08:29:50.068+0000][7][gc,age      ] GC(8) - age   5:    4304928 bytes,   12609432 total
[2023-02-24T08:29:50.069+0000][7][gc,age      ] GC(8) - age   6:    1120848 bytes,   13730280 total
[2023-02-24T08:29:50.070+0000][7][gc,age      ] GC(8) - age   7:    2073312 bytes,   15803592 total
[2023-02-24T08:29:50.071+0000][7][gc,phases   ] GC(8)   Pre Evacuate Collection Set: 0.2ms
[2023-02-24T08:29:50.072+0000][7][gc,phases   ] GC(8)   Merge Heap Roots: 0.1ms
[2023-02-24T08:29:50.073+0000][7][gc,phases   ] GC(8)   Evacuate Collection Set: 24.8ms
[2023-02-24T08:29:50.073+0000][7][gc,phases   ] GC(8)   Post Evacuate Collection Set: 5.4ms
[2023-02-24T08:29:50.074+0000][7][gc,phases   ] GC(8)   Other: 10.7ms
[2023-02-24T08:29:50.075+0000][7][gc,heap     ] GC(8) Eden regions: 132->0(291)
[2023-02-24T08:29:50.075+0000][7][gc,heap     ] GC(8) Survivor regions: 15->16(39)
[2023-02-24T08:29:50.076+0000][7][gc,heap     ] GC(8) Old regions: 4->4
[2023-02-24T08:29:50.077+0000][7][gc,heap     ] GC(8) Archive regions: 0->0
[2023-02-24T08:29:50.077+0000][7][gc,heap     ] GC(8) Humongous regions: 1->1
[2023-02-24T08:29:50.078+0000][7][gc,metaspace] GC(8) Metaspace: 33894K(35584K)->33894K(35584K) NonClass: 29965K(31232K)->29965K(31232K) Class: 3928K(4352K)->3928K(4352K)
[2023-02-24T08:29:50.079+0000][7][gc          ] GC(8) Pause Young (Concurrent Start) (Metadata GC Threshold) 150M->20M(512M) 49.029ms
[2023-02-24T08:29:50.080+0000][7][gc,cpu      ] GC(8) User=0.01s Sys=0.00s Real=0.05s
[2023-02-24T08:29:50.080+0000][7][safepoint   ] Safepoint "CollectForMetadataAllocation", Time since last: 359075459 ns, Reaching safepoint: 3394208 ns, At safepoint: 50488042 ns, Total: 53882250 ns
[2023-02-24T08:29:50.080+0000][7][gc          ] GC(9) Concurrent Cycle
[2023-02-24T08:29:50.082+0000][7][gc,marking  ] GC(9) Concurrent Clear Claimed Marks
[2023-02-24T08:29:50.083+0000][7][gc,marking  ] GC(9) Concurrent Clear Claimed Marks 0.645ms
[2023-02-24T08:29:50.083+0000][7][gc,marking  ] GC(9) Concurrent Scan Root Regions
[2023-02-24T08:29:50.087+0000][7][gc,marking  ] GC(9) Concurrent Scan Root Regions 4.414ms
[2023-02-24T08:29:50.093+0000][7][gc,marking  ] GC(9) Concurrent Mark (8.952s)
[2023-02-24T08:29:50.094+0000][7][gc,marking  ] GC(9) Concurrent Mark From Roots
[2023-02-24T08:29:50.095+0000][7][gc,task     ] GC(9) Using 1 workers of 1 for marking
[2023-02-24T08:29:50.099+0000][7][gc,marking  ] GC(9) Concurrent Mark From Roots 4.596ms
[2023-02-24T08:29:50.100+0000][7][gc,marking  ] GC(9) Concurrent Preclean
[2023-02-24T08:29:50.101+0000][7][gc,marking  ] GC(9) Concurrent Preclean 0.810ms
[2023-02-24T08:29:50.102+0000][7][gc,marking  ] GC(9) Concurrent Mark (8.952s, 8.961s) 8.861ms
[2023-02-24T08:29:50.107+0000][7][gc,start    ] GC(9) Pause Remark
[2023-02-24T08:29:50.112+0000][7][gc          ] GC(9) Pause Remark 21M->21M(512M) 5.881ms
[2023-02-24T08:29:50.114+0000][7][gc,cpu      ] GC(9) User=0.00s Sys=0.01s Real=0.01s
[2023-02-24T08:29:50.115+0000][7][safepoint   ] Safepoint "G1Concurrent", Time since last: 21920791 ns, Reaching safepoint: 4191792 ns, At safepoint: 8286292 ns, Total: 12478084 ns
[2023-02-24T08:29:50.115+0000][7][gc,marking  ] GC(9) Concurrent Rebuild Remembered Sets
[2023-02-24T08:29:50.118+0000][7][gc,marking  ] GC(9) Concurrent Rebuild Remembered Sets 2.911ms
[2023-02-24T08:29:50.120+0000][7][gc,start    ] GC(9) Pause Cleanup
[2023-02-24T08:29:50.121+0000][7][gc          ] GC(9) Pause Cleanup 21M->21M(512M) 1.358ms
[2023-02-24T08:29:50.122+0000][7][gc,cpu      ] GC(9) User=0.00s Sys=0.00s Real=0.00s
[2023-02-24T08:29:50.123+0000][7][safepoint   ] Safepoint "G1Concurrent", Time since last: 4666458 ns, Reaching safepoint: 684292 ns, At safepoint: 2892625 ns, Total: 3576917 ns
[2023-02-24T08:29:50.124+0000][7][gc,marking  ] GC(9) Concurrent Cleanup for Next Mark
[2023-02-24T08:29:50.125+0000][7][gc,marking  ] GC(9) Concurrent Cleanup for Next Mark 1.034ms
[2023-02-24T08:29:50.126+0000][7][gc          ] GC(9) Concurrent Cycle 45.138ms
[2023-02-24T08:29:51.045+0000][7][safepoint   ] Safepoint "ICBufferFull", Time since last: 913807250 ns, Reaching safepoint: 8211667 ns, At safepoint: 10917 ns, Total: 8222584 ns
[2023-02-24T08:29:52.058+0000][7][safepoint   ] Safepoint "Cleanup", Time since last: 1001205458 ns, Reaching safepoint: 11658792 ns, At safepoint: 5833 ns, Total: 11664625 ns
[2023-02-24T08:29:52.912+0000][7][safepoint   ] Safepoint "ICBufferFull", Time since last: 851057167 ns, Reaching safepoint: 2843667 ns, At safepoint: 4667 ns, Total: 2848334 ns
[2023-02-24T08:29:53.424+0000][7][safepoint   ] Safepoint "ICBufferFull", Time since last: 510622042 ns, Reaching safepoint: 1433291 ns, At safepoint: 4209 ns, Total: 1437500 ns
[2023-02-24T08:29:53.442+0000][7][gc,start    ] GC(10) Pause Young (Normal) (G1 Evacuation Pause)
[2023-02-24T08:29:53.443+0000][7][gc,task     ] GC(10) Using 4 workers of 4 for evacuation
[2023-02-24T08:29:53.444+0000][7][gc,age      ] GC(10) Desired survivor size 20447232 bytes, new threshold 15 (max threshold 15)
[2023-02-24T08:29:53.535+0000][7][gc,age      ] GC(10) Age table with threshold 15 (max threshold 15)
[2023-02-24T08:29:53.537+0000][7][gc,age      ] GC(10) - age   1:   25156528 bytes,   25156528 total
[2023-02-24T08:29:53.538+0000][7][gc,age      ] GC(10) - age   2:    1993744 bytes,   27150272 total
[2023-02-24T08:29:53.539+0000][7][gc,age      ] GC(10) - age   3:    2292696 bytes,   29442968 total
[2023-02-24T08:29:53.540+0000][7][gc,age      ] GC(10) - age   4:     595760 bytes,   30038728 total
[2023-02-24T08:29:53.541+0000][7][gc,age      ] GC(10) - age   5:    3249096 bytes,   33287824 total
[2023-02-24T08:29:53.542+0000][7][gc,age      ] GC(10) - age   6:    4277016 bytes,   37564840 total
[2023-02-24T08:29:53.543+0000][7][gc,age      ] GC(10) - age   7:    1100480 bytes,   38665320 total
[2023-02-24T08:29:53.544+0000][7][gc,age      ] GC(10) - age   8:    2064992 bytes,   40730312 total
[2023-02-24T08:29:53.545+0000][7][gc,phases   ] GC(10)   Pre Evacuate Collection Set: 0.2ms
[2023-02-24T08:29:53.546+0000][7][gc,phases   ] GC(10)   Merge Heap Roots: 0.1ms
[2023-02-24T08:29:53.547+0000][7][gc,phases   ] GC(10)   Evacuate Collection Set: 85.6ms
[2023-02-24T08:29:53.548+0000][7][gc,phases   ] GC(10)   Post Evacuate Collection Set: 4.5ms
[2023-02-24T08:29:53.549+0000][7][gc,phases   ] GC(10)   Other: 12.6ms
[2023-02-24T08:29:53.550+0000][7][gc,heap     ] GC(10) Eden regions: 291->0(268)
[2023-02-24T08:29:53.551+0000][7][gc,heap     ] GC(10) Survivor regions: 16->39(39)
[2023-02-24T08:29:53.552+0000][7][gc,heap     ] GC(10) Old regions: 4->9
[2023-02-24T08:29:53.553+0000][7][gc,heap     ] GC(10) Archive regions: 0->0
[2023-02-24T08:29:53.553+0000][7][gc,heap     ] GC(10) Humongous regions: 1->1
[2023-02-24T08:29:53.554+0000][7][gc,metaspace] GC(10) Metaspace: 43154K(45824K)->43154K(45824K) NonClass: 37928K(39936K)->37928K(39936K) Class: 5226K(5888K)->5226K(5888K)
[2023-02-24T08:29:53.555+0000][7][gc          ] GC(10) Pause Young (Normal) (G1 Evacuation Pause) 311M->48M(512M) 112.546ms
[2023-02-24T08:29:53.556+0000][7][gc,cpu      ] GC(10) User=0.08s Sys=0.00s Real=0.11s
[2023-02-24T08:29:53.558+0000][7][safepoint   ] Safepoint "G1CollectForAllocation", Time since last: 18346625 ns, Reaching safepoint: 185875 ns, At safepoint: 115725500 ns, Total: 115911375 ns
[2023-02-24T08:29:53.875+0000][7][safepoint   ] Safepoint "ICBufferFull", Time since last: 310726292 ns, Reaching safepoint: 5817333 ns, At safepoint: 15583 ns, Total: 5832916 ns
[2023-02-24T08:29:54.876+0000][7][safepoint   ] Safepoint "ICBufferFull", Time since last: 1001343001 ns, Reaching safepoint: 207500 ns, At safepoint: 3083 ns, Total: 210583 ns
[2023-02-24T08:29:55.460+0000][7][gc,start    ] GC(11) Pause Young (Concurrent Start) (Metadata GC Threshold)
[2023-02-24T08:29:55.461+0000][7][gc,task     ] GC(11) Using 4 workers of 4 for evacuation
[2023-02-24T08:29:55.463+0000][7][gc,age      ] GC(11) Desired survivor size 20447232 bytes, new threshold 1 (max threshold 15)
[2023-02-24T08:29:55.539+0000][7][gc,age      ] GC(11) Age table with threshold 1 (max threshold 15)
[2023-02-24T08:29:55.540+0000][7][gc,age      ] GC(11) - age   1:    5167896 bytes,    5167896 total
[2023-02-24T08:29:55.541+0000][7][gc,phases   ] GC(11)   Pre Evacuate Collection Set: 0.4ms
[2023-02-24T08:29:55.542+0000][7][gc,phases   ] GC(11)   Merge Heap Roots: 0.2ms
[2023-02-24T08:29:55.543+0000][7][gc,phases   ] GC(11)   Evacuate Collection Set: 73.9ms
[2023-02-24T08:29:55.546+0000][7][gc,phases   ] GC(11)   Post Evacuate Collection Set: 1.1ms
[2023-02-24T08:29:55.547+0000][7][gc,phases   ] GC(11)   Other: 6.0ms
[2023-02-24T08:29:55.548+0000][7][gc,heap     ] GC(11) Eden regions: 106->0(291)
[2023-02-24T08:29:55.549+0000][7][gc,heap     ] GC(11) Survivor regions: 39->6(39)
[2023-02-24T08:29:55.550+0000][7][gc,heap     ] GC(11) Old regions: 9->49
[2023-02-24T08:29:55.550+0000][7][gc,heap     ] GC(11) Archive regions: 0->0
[2023-02-24T08:29:55.552+0000][7][gc,heap     ] GC(11) Humongous regions: 1->1
[2023-02-24T08:29:55.553+0000][7][gc,metaspace] GC(11) Metaspace: 56386K(59648K)->56386K(59648K) NonClass: 49111K(51456K)->49111K(51456K) Class: 7274K(8192K)->7274K(8192K)
[2023-02-24T08:29:55.560+0000][7][gc          ] GC(11) Pause Young (Concurrent Start) (Metadata GC Threshold) 154M->55M(512M) 99.931ms
[2023-02-24T08:29:55.561+0000][7][gc,cpu      ] GC(11) User=0.08s Sys=0.00s Real=0.10s
[2023-02-24T08:29:55.562+0000][7][safepoint   ] Safepoint "CollectForMetadataAllocation", Time since last: 576489584 ns, Reaching safepoint: 6978583 ns, At safepoint: 102335958 ns, Total: 109314541 ns
[2023-02-24T08:29:55.562+0000][7][gc          ] GC(12) Concurrent Cycle
[2023-02-24T08:29:55.568+0000][7][gc,marking  ] GC(12) Concurrent Clear Claimed Marks
[2023-02-24T08:29:55.571+0000][7][gc,marking  ] GC(12) Concurrent Clear Claimed Marks 3.006ms
[2023-02-24T08:29:55.574+0000][7][gc,marking  ] GC(12) Concurrent Scan Root Regions
[2023-02-24T08:29:55.638+0000][7][gc,marking  ] GC(12) Concurrent Scan Root Regions 63.955ms
[2023-02-24T08:29:55.639+0000][7][gc,marking  ] GC(12) Concurrent Mark (14.498s)
[2023-02-24T08:29:55.640+0000][7][gc,marking  ] GC(12) Concurrent Mark From Roots
[2023-02-24T08:29:55.641+0000][7][gc,task     ] GC(12) Using 1 workers of 1 for marking
[2023-02-24T08:29:55.667+0000][7][gc,marking  ] GC(12) Concurrent Mark From Roots 27.020ms
[2023-02-24T08:29:55.668+0000][7][gc,marking  ] GC(12) Concurrent Preclean
[2023-02-24T08:29:55.669+0000][7][gc,marking  ] GC(12) Concurrent Preclean 0.867ms
[2023-02-24T08:29:55.670+0000][7][gc,marking  ] GC(12) Concurrent Mark (14.498s, 14.529s) 30.781ms
[2023-02-24T08:29:55.673+0000][7][gc,start    ] GC(12) Pause Remark
[2023-02-24T08:29:55.675+0000][7][gc          ] GC(12) Pause Remark 59M->59M(512M) 2.619ms
[2023-02-24T08:29:55.676+0000][7][gc,cpu      ] GC(12) User=0.00s Sys=0.00s Real=0.00s
[2023-02-24T08:29:55.677+0000][7][safepoint   ] Safepoint "G1Concurrent", Time since last: 108551292 ns, Reaching safepoint: 2187917 ns, At safepoint: 4110458 ns, Total: 6298375 ns
[2023-02-24T08:29:55.678+0000][7][gc,marking  ] GC(12) Concurrent Rebuild Remembered Sets
[2023-02-24T08:29:55.778+0000][7][gc,marking  ] GC(12) Concurrent Rebuild Remembered Sets 99.698ms
[2023-02-24T08:29:55.780+0000][7][gc,start    ] GC(12) Pause Cleanup
[2023-02-24T08:29:55.781+0000][7][gc          ] GC(12) Pause Cleanup 63M->63M(512M) 0.982ms
[2023-02-24T08:29:55.782+0000][7][gc,cpu      ] GC(12) User=0.00s Sys=0.00s Real=0.00s
[2023-02-24T08:29:55.782+0000][7][safepoint   ] Safepoint "G1Concurrent", Time since last: 102138209 ns, Reaching safepoint: 980333 ns, At safepoint: 2446875 ns, Total: 3427208 ns
[2023-02-24T08:29:55.783+0000][7][gc,marking  ] GC(12) Concurrent Cleanup for Next Mark
[2023-02-24T08:29:55.784+0000][7][gc,marking  ] GC(12) Concurrent Cleanup for Next Mark 0.973ms
[2023-02-24T08:29:55.785+0000][7][gc          ] GC(12) Concurrent Cycle 222.802ms
[2023-02-24T08:29:56.869+0000][7][safepoint   ] Safepoint "Cleanup", Time since last: 1085539500 ns, Reaching safepoint: 1438000 ns, At safepoint: 3834 ns, Total: 1441834 ns
[2023-02-24T08:29:57.363+0000][7][safepoint   ] Safepoint "ICBufferFull", Time since last: 493257000 ns, Reaching safepoint: 166625 ns, At safepoint: 2000 ns, Total: 168625 ns
[2023-02-24T08:29:58.043+0000][7][safepoint   ] Safepoint "ICBufferFull", Time since last: 679568250 ns, Reaching safepoint: 664667 ns, At safepoint: 3833 ns, Total: 668500 ns
[2023-02-24T08:29:59.241+0000][7][safepoint   ] Safepoint "ICBufferFull", Time since last: 1197732501 ns, Reaching safepoint: 531042 ns, At safepoint: 8750 ns, Total: 539792 ns
[2023-02-24T08:30:00.132+0000][7][safepoint   ] Safepoint "ICBufferFull", Time since last: 890444708 ns, Reaching safepoint: 144500 ns, At safepoint: 2917 ns, Total: 147417 ns
[2023-02-24T08:30:01.061+0000][7][safepoint   ] Safepoint "ICBufferFull", Time since last: 926227500 ns, Reaching safepoint: 2502959 ns, At safepoint: 9125 ns, Total: 2512084 ns
[2023-02-24T08:30:01.226+0000][7][safepoint   ] Safepoint "ICBufferFull", Time since last: 163012500 ns, Reaching safepoint: 2159500 ns, At safepoint: 9958 ns, Total: 2169458 ns
[2023-02-24T08:30:01.360+0000][7][safepoint   ] Safepoint "ICBufferFull", Time since last: 134013834 ns, Reaching safepoint: 156916 ns, At safepoint: 3750 ns, Total: 160666 ns
[2023-02-24T08:30:01.642+0000][7][gc,heap,exit] Heap
[2023-02-24T08:30:01.643+0000][7][gc,heap,exit]  garbage-first heap   total 524288K, used 266799K [0x00000000e0000000, 0x0000000100000000)
[2023-02-24T08:30:01.644+0000][7][gc,heap,exit]   region size 1024K, 212 young (217088K), 6 survivors (6144K)
[2023-02-24T08:30:01.645+0000][7][gc,heap,exit]  Metaspace       used 86294K, capacity 89362K, committed 89892K, reserved 1126400K
[2023-02-24T08:30:01.646+0000][7][gc,heap,exit]   class space    used 11404K, capacity 12371K, committed 12416K, reserved 1048576K
