[2022-12-08T05:55:34.253+0000][6][gc] Using G1
[2022-12-08T05:55:34.488+0000][6][gc,init] Version: 15+36-1562 (release)
[2022-12-08T05:55:34.490+0000][6][gc,init] CPUs: 4 total, 4 available
[2022-12-08T05:55:34.491+0000][6][gc,init] Memory: 7951M
[2022-12-08T05:55:34.492+0000][6][gc,init] Large Page Support: Disabled
[2022-12-08T05:55:34.492+0000][6][gc,init] NUMA Support: Disabled
[2022-12-08T05:55:34.493+0000][6][gc,init] Compressed Oops: Enabled (32-bit)
[2022-12-08T05:55:34.494+0000][6][gc,init] Heap Region Size: 1M
[2022-12-08T05:55:34.495+0000][6][gc,init] Heap Min Capacity: 512M
[2022-12-08T05:55:34.496+0000][6][gc,init] Heap Initial Capacity: 512M
[2022-12-08T05:55:34.496+0000][6][gc,init] Heap Max Capacity: 512M
[2022-12-08T05:55:34.497+0000][6][gc,init] Pre-touch: Enabled
[2022-12-08T05:55:34.498+0000][6][gc,init] Parallel Workers: 4
[2022-12-08T05:55:34.498+0000][6][gc,init] Concurrent Workers: 1
[2022-12-08T05:55:34.499+0000][6][gc,init] Concurrent Refinement Workers: 4
[2022-12-08T05:55:34.500+0000][6][gc,init] Periodic GC: Disabled
[2022-12-08T05:55:34.500+0000][6][gc,metaspace] CDS disabled.
[2022-12-08T05:55:34.501+0000][6][gc,metaspace] Compressed class space mapped at: 0x0000000100000000-0x0000000140000000, size: 1073741824
[2022-12-08T05:55:34.502+0000][6][gc,metaspace] Narrow klass base: 0x0000000000000000, Narrow klass shift: 3, Narrow klass range: 0x140000000
[2022-12-08T05:55:34.850+0000][6][safepoint   ] Safepoint "ICBufferFull", Time since last: 321961959 ns, Reaching safepoint: 967375 ns, At safepoint: 3833 ns, Total: 971208 ns
[2022-12-08T05:55:35.151+0000][6][safepoint   ] Safepoint "ICBufferFull", Time since last: 300783209 ns, Reaching safepoint: 200666 ns, At safepoint: 1667 ns, Total: 202333 ns
[2022-12-08T05:55:35.434+0000][6][safepoint   ] Safepoint "ICBufferFull", Time since last: 280700458 ns, Reaching safepoint: 1810209 ns, At safepoint: 4125 ns, Total: 1814334 ns
[2022-12-08T05:55:35.643+0000][6][gc,start    ] GC(0) Pause Young (Normal) (G1 Evacuation Pause)
[2022-12-08T05:55:35.653+0000][6][gc,task     ] GC(0) Using 4 workers of 4 for evacuation
[2022-12-08T05:55:35.654+0000][6][gc,age      ] GC(0) Desired survivor size 2097152 bytes, new threshold 15 (max threshold 15)
[2022-12-08T05:55:35.673+0000][6][gc,age      ] GC(0) Age table with threshold 15 (max threshold 15)
[2022-12-08T05:55:35.674+0000][6][gc,age      ] GC(0) - age   1:    3934072 bytes,    3934072 total
[2022-12-08T05:55:35.674+0000][6][gc,phases   ] GC(0)   Pre Evacuate Collection Set: 0.3ms
[2022-12-08T05:55:35.675+0000][6][gc,phases   ] GC(0)   Merge Heap Roots: 0.0ms
[2022-12-08T05:55:35.676+0000][6][gc,phases   ] GC(0)   Evacuate Collection Set: 16.5ms
[2022-12-08T05:55:35.677+0000][6][gc,phases   ] GC(0)   Post Evacuate Collection Set: 1.3ms
[2022-12-08T05:55:35.677+0000][6][gc,phases   ] GC(0)   Other: 13.0ms
[2022-12-08T05:55:35.678+0000][6][gc,heap     ] GC(0) Eden regions: 25->0(25)
[2022-12-08T05:55:35.679+0000][6][gc,heap     ] GC(0) Survivor regions: 0->4(4)
[2022-12-08T05:55:35.680+0000][6][gc,heap     ] GC(0) Old regions: 0->0
[2022-12-08T05:55:35.680+0000][6][gc,heap     ] GC(0) Archive regions: 0->0
[2022-12-08T05:55:35.681+0000][6][gc,heap     ] GC(0) Humongous regions: 1->1
[2022-12-08T05:55:35.682+0000][6][gc,metaspace] GC(0) Metaspace: 15612K(16384K)->15612K(16384K) NonClass: 14035K(14592K)->14035K(14592K) Class: 1577K(1792K)->1577K(1792K)
[2022-12-08T05:55:35.682+0000][6][gc          ] GC(0) Pause Young (Normal) (G1 Evacuation Pause) 26M->4M(512M) 38.961ms
[2022-12-08T05:55:35.683+0000][6][gc,cpu      ] GC(0) User=0.00s Sys=0.00s Real=0.04s
[2022-12-08T05:55:35.684+0000][6][safepoint   ] Safepoint "G1CollectForAllocation", Time since last: 209477208 ns, Reaching safepoint: 63750 ns, At safepoint: 40365334 ns, Total: 40429084 ns
[2022-12-08T05:55:36.437+0000][6][safepoint   ] Safepoint "ICBufferFull", Time since last: 753520292 ns, Reaching safepoint: 89958 ns, At safepoint: 1833 ns, Total: 91791 ns
[2022-12-08T05:55:36.728+0000][6][gc,start    ] GC(1) Pause Young (Concurrent Start) (Metadata GC Threshold)
[2022-12-08T05:55:36.730+0000][6][gc,task     ] GC(1) Using 4 workers of 4 for evacuation
[2022-12-08T05:55:36.731+0000][6][gc,age      ] GC(1) Desired survivor size 2097152 bytes, new threshold 1 (max threshold 15)
[2022-12-08T05:55:36.746+0000][6][gc,age      ] GC(1) Age table with threshold 1 (max threshold 15)
[2022-12-08T05:55:36.747+0000][6][gc,age      ] GC(1) - age   1:    2142504 bytes,    2142504 total
[2022-12-08T05:55:36.748+0000][6][gc,phases   ] GC(1)   Pre Evacuate Collection Set: 0.2ms
[2022-12-08T05:55:36.749+0000][6][gc,phases   ] GC(1)   Merge Heap Roots: 0.0ms
[2022-12-08T05:55:36.750+0000][6][gc,phases   ] GC(1)   Evacuate Collection Set: 14.3ms
[2022-12-08T05:55:36.750+0000][6][gc,phases   ] GC(1)   Post Evacuate Collection Set: 0.4ms
[2022-12-08T05:55:36.751+0000][6][gc,phases   ] GC(1)   Other: 5.3ms
[2022-12-08T05:55:36.752+0000][6][gc,heap     ] GC(1) Eden regions: 23->0(30)
[2022-12-08T05:55:36.753+0000][6][gc,heap     ] GC(1) Survivor regions: 4->3(4)
[2022-12-08T05:55:36.754+0000][6][gc,heap     ] GC(1) Old regions: 0->4
[2022-12-08T05:55:36.755+0000][6][gc,heap     ] GC(1) Archive regions: 0->0
[2022-12-08T05:55:36.756+0000][6][gc,heap     ] GC(1) Humongous regions: 1->1
[2022-12-08T05:55:36.756+0000][6][gc,metaspace] GC(1) Metaspace: 20672K(21248K)->20672K(21248K) NonClass: 18449K(18944K)->18449K(18944K) Class: 2222K(2304K)->2222K(2304K)
[2022-12-08T05:55:36.757+0000][6][gc          ] GC(1) Pause Young (Concurrent Start) (Metadata GC Threshold) 27M->7M(512M) 29.220ms
[2022-12-08T05:55:36.758+0000][6][gc,cpu      ] GC(1) User=0.01s Sys=0.00s Real=0.03s
[2022-12-08T05:55:36.759+0000][6][safepoint   ] Safepoint "CollectForMetadataAllocation", Time since last: 290753250 ns, Reaching safepoint: 139250 ns, At safepoint: 30664167 ns, Total: 30803417 ns
[2022-12-08T05:55:36.759+0000][6][gc          ] GC(2) Concurrent Cycle
[2022-12-08T05:55:36.760+0000][6][gc,marking  ] GC(2) Concurrent Clear Claimed Marks
[2022-12-08T05:55:36.761+0000][6][gc,marking  ] GC(2) Concurrent Clear Claimed Marks 0.622ms
[2022-12-08T05:55:36.761+0000][6][gc,marking  ] GC(2) Concurrent Scan Root Regions
[2022-12-08T05:55:36.766+0000][6][gc,marking  ] GC(2) Concurrent Scan Root Regions 4.582ms
[2022-12-08T05:55:36.767+0000][6][gc,marking  ] GC(2) Concurrent Mark (2.530s)
[2022-12-08T05:55:36.768+0000][6][gc,marking  ] GC(2) Concurrent Mark From Roots
[2022-12-08T05:55:36.769+0000][6][gc,task     ] GC(2) Using 1 workers of 1 for marking
[2022-12-08T05:55:36.770+0000][6][gc,marking  ] GC(2) Concurrent Mark From Roots 2.449ms
[2022-12-08T05:55:36.771+0000][6][gc,marking  ] GC(2) Concurrent Preclean
[2022-12-08T05:55:36.772+0000][6][gc,marking  ] GC(2) Concurrent Preclean 0.843ms
[2022-12-08T05:55:36.773+0000][6][gc,marking  ] GC(2) Concurrent Mark (2.530s, 2.536s) 5.769ms
[2022-12-08T05:55:36.777+0000][6][gc,start    ] GC(2) Pause Remark
[2022-12-08T05:55:36.786+0000][6][gc          ] GC(2) Pause Remark 7M->7M(512M) 8.442ms
[2022-12-08T05:55:36.787+0000][6][gc,cpu      ] GC(2) User=0.01s Sys=0.00s Real=0.01s
[2022-12-08T05:55:36.788+0000][6][safepoint   ] Safepoint "G1Concurrent", Time since last: 18308042 ns, Reaching safepoint: 114291 ns, At safepoint: 10944209 ns, Total: 11058500 ns
[2022-12-08T05:55:36.789+0000][6][gc,marking  ] GC(2) Concurrent Rebuild Remembered Sets
[2022-12-08T05:55:36.792+0000][6][gc,marking  ] GC(2) Concurrent Rebuild Remembered Sets 2.499ms
[2022-12-08T05:55:36.793+0000][6][gc,start    ] GC(2) Pause Cleanup
[2022-12-08T05:55:36.794+0000][6][gc          ] GC(2) Pause Cleanup 7M->7M(512M) 0.823ms
[2022-12-08T05:55:36.795+0000][6][gc,cpu      ] GC(2) User=0.00s Sys=0.00s Real=0.01s
[2022-12-08T05:55:36.796+0000][6][safepoint   ] Safepoint "G1Concurrent", Time since last: 4792500 ns, Reaching safepoint: 535708 ns, At safepoint: 2906125 ns, Total: 3441833 ns
[2022-12-08T05:55:36.797+0000][6][gc,marking  ] GC(2) Concurrent Cleanup for Next Mark
[2022-12-08T05:55:36.798+0000][6][gc,marking  ] GC(2) Concurrent Cleanup for Next Mark 1.295ms
[2022-12-08T05:55:36.799+0000][6][gc          ] GC(2) Concurrent Cycle 40.440ms
[2022-12-08T05:55:37.223+0000][6][gc,start    ] GC(3) Pause Young (Normal) (G1 Evacuation Pause)
[2022-12-08T05:55:37.224+0000][6][gc,task     ] GC(3) Using 4 workers of 4 for evacuation
[2022-12-08T05:55:37.226+0000][6][gc,age      ] GC(3) Desired survivor size 2621440 bytes, new threshold 15 (max threshold 15)
[2022-12-08T05:55:37.234+0000][6][gc,age      ] GC(3) Age table with threshold 15 (max threshold 15)
[2022-12-08T05:55:37.235+0000][6][gc,age      ] GC(3) - age   1:    2255000 bytes,    2255000 total
[2022-12-08T05:55:37.236+0000][6][gc,age      ] GC(3) - age   2:    2121640 bytes,    4376640 total
[2022-12-08T05:55:37.242+0000][6][gc,phases   ] GC(3)   Pre Evacuate Collection Set: 0.3ms
[2022-12-08T05:55:37.243+0000][6][gc,phases   ] GC(3)   Merge Heap Roots: 0.1ms
[2022-12-08T05:55:37.243+0000][6][gc,phases   ] GC(3)   Evacuate Collection Set: 6.7ms
[2022-12-08T05:55:37.244+0000][6][gc,phases   ] GC(3)   Post Evacuate Collection Set: 0.4ms
[2022-12-08T05:55:37.245+0000][6][gc,phases   ] GC(3)   Other: 10.7ms
[2022-12-08T05:55:37.246+0000][6][gc,heap     ] GC(3) Eden regions: 30->0(183)
[2022-12-08T05:55:37.247+0000][6][gc,heap     ] GC(3) Survivor regions: 3->5(5)
[2022-12-08T05:55:37.247+0000][6][gc,heap     ] GC(3) Old regions: 4->4
[2022-12-08T05:55:37.248+0000][6][gc,heap     ] GC(3) Archive regions: 0->0
[2022-12-08T05:55:37.249+0000][6][gc,heap     ] GC(3) Humongous regions: 1->1
[2022-12-08T05:55:37.250+0000][6][gc,metaspace] GC(3) Metaspace: 22358K(23040K)->22358K(23040K) NonClass: 19950K(20480K)->19950K(20480K) Class: 2407K(2560K)->2407K(2560K)
[2022-12-08T05:55:37.252+0000][6][gc          ] GC(3) Pause Young (Normal) (G1 Evacuation Pause) 37M->9M(512M) 28.036ms
[2022-12-08T05:55:37.252+0000][6][gc,cpu      ] GC(3) User=0.02s Sys=0.00s Real=0.03s
[2022-12-08T05:55:37.256+0000][6][safepoint   ] Safepoint "G1CollectForAllocation", Time since last: 424343625 ns, Reaching safepoint: 2701917 ns, At safepoint: 32474417 ns, Total: 35176334 ns
[2022-12-08T05:55:37.323+0000][6][safepoint   ] Safepoint "ICBufferFull", Time since last: 67055625 ns, Reaching safepoint: 131375 ns, At safepoint: 2000 ns, Total: 133375 ns
[2022-12-08T05:55:37.327+0000][6][safepoint   ] Safepoint "ICBufferFull", Time since last: 4072833 ns, Reaching safepoint: 110250 ns, At safepoint: 1792 ns, Total: 112042 ns
[2022-12-08T05:55:37.331+0000][6][safepoint   ] Safepoint "ICBufferFull", Time since last: 3855708 ns, Reaching safepoint: 111458 ns, At safepoint: 2000 ns, Total: 113458 ns
[2022-12-08T05:55:37.333+0000][6][safepoint   ] Safepoint "ICBufferFull", Time since last: 1856875 ns, Reaching safepoint: 100709 ns, At safepoint: 1583 ns, Total: 102292 ns
[2022-12-08T05:55:37.335+0000][6][safepoint   ] Safepoint "ICBufferFull", Time since last: 1742000 ns, Reaching safepoint: 145792 ns, At safepoint: 1916 ns, Total: 147708 ns
[2022-12-08T05:55:37.337+0000][6][safepoint   ] Safepoint "ICBufferFull", Time since last: 2329709 ns, Reaching safepoint: 107750 ns, At safepoint: 1625 ns, Total: 109375 ns
[2022-12-08T05:55:37.355+0000][6][safepoint   ] Safepoint "ICBufferFull", Time since last: 17301500 ns, Reaching safepoint: 114000 ns, At safepoint: 1791 ns, Total: 115791 ns
[2022-12-08T05:55:37.359+0000][6][safepoint   ] Safepoint "ICBufferFull", Time since last: 3845834 ns, Reaching safepoint: 107916 ns, At safepoint: 1917 ns, Total: 109833 ns
[2022-12-08T05:55:37.362+0000][6][safepoint   ] Safepoint "ICBufferFull", Time since last: 2805500 ns, Reaching safepoint: 109792 ns, At safepoint: 2000 ns, Total: 111792 ns
[2022-12-08T05:55:37.364+0000][6][safepoint   ] Safepoint "ICBufferFull", Time since last: 2043291 ns, Reaching safepoint: 100334 ns, At safepoint: 1750 ns, Total: 102084 ns
[2022-12-08T05:55:37.366+0000][6][safepoint   ] Safepoint "ICBufferFull", Time since last: 1950000 ns, Reaching safepoint: 108250 ns, At safepoint: 1833 ns, Total: 110083 ns
[2022-12-08T05:55:37.372+0000][6][safepoint   ] Safepoint "ICBufferFull", Time since last: 6122000 ns, Reaching safepoint: 126833 ns, At safepoint: 2625 ns, Total: 129458 ns
[2022-12-08T05:55:37.380+0000][6][safepoint   ] Safepoint "ICBufferFull", Time since last: 7895792 ns, Reaching safepoint: 107208 ns, At safepoint: 1834 ns, Total: 109042 ns
[2022-12-08T05:55:37.384+0000][6][safepoint   ] Safepoint "ICBufferFull", Time since last: 4129708 ns, Reaching safepoint: 111625 ns, At safepoint: 1833 ns, Total: 113458 ns
[2022-12-08T05:55:37.390+0000][6][safepoint   ] Safepoint "ICBufferFull", Time since last: 4946625 ns, Reaching safepoint: 109875 ns, At safepoint: 1750 ns, Total: 111625 ns
[2022-12-08T05:55:37.397+0000][6][safepoint   ] Safepoint "ICBufferFull", Time since last: 2863375 ns, Reaching safepoint: 4671500 ns, At safepoint: 4584 ns, Total: 4676084 ns
[2022-12-08T05:55:37.400+0000][6][safepoint   ] Safepoint "ICBufferFull", Time since last: 2291458 ns, Reaching safepoint: 966958 ns, At safepoint: 2667 ns, Total: 969625 ns
[2022-12-08T05:55:37.403+0000][6][safepoint   ] Safepoint "ICBufferFull", Time since last: 2420250 ns, Reaching safepoint: 95667 ns, At safepoint: 1791 ns, Total: 97458 ns
[2022-12-08T05:55:37.411+0000][6][safepoint   ] Safepoint "ICBufferFull", Time since last: 7663209 ns, Reaching safepoint: 185791 ns, At safepoint: 1959 ns, Total: 187750 ns
[2022-12-08T05:55:37.413+0000][6][safepoint   ] Safepoint "ICBufferFull", Time since last: 2511458 ns, Reaching safepoint: 278833 ns, At safepoint: 2000 ns, Total: 280833 ns
[2022-12-08T05:55:37.416+0000][6][safepoint   ] Safepoint "ICBufferFull", Time since last: 1998709 ns, Reaching safepoint: 143916 ns, At safepoint: 2000 ns, Total: 145916 ns
[2022-12-08T05:55:37.419+0000][6][safepoint   ] Safepoint "ICBufferFull", Time since last: 2113959 ns, Reaching safepoint: 938333 ns, At safepoint: 2500 ns, Total: 940833 ns
[2022-12-08T05:55:37.423+0000][6][safepoint   ] Safepoint "ICBufferFull", Time since last: 3021375 ns, Reaching safepoint: 1258333 ns, At safepoint: 139584 ns, Total: 1397917 ns
[2022-12-08T05:55:37.426+0000][6][safepoint   ] Safepoint "ICBufferFull", Time since last: 2260750 ns, Reaching safepoint: 321083 ns, At safepoint: 2333 ns, Total: 323416 ns
[2022-12-08T05:55:37.429+0000][6][safepoint   ] Safepoint "ICBufferFull", Time since last: 1868542 ns, Reaching safepoint: 1205292 ns, At safepoint: 2666 ns, Total: 1207958 ns
[2022-12-08T05:55:37.437+0000][6][safepoint   ] Safepoint "ICBufferFull", Time since last: 8528459 ns, Reaching safepoint: 139833 ns, At safepoint: 2958 ns, Total: 142791 ns
[2022-12-08T05:55:37.442+0000][6][safepoint   ] Safepoint "ICBufferFull", Time since last: 4212959 ns, Reaching safepoint: 81208 ns, At safepoint: 1708 ns, Total: 82916 ns
[2022-12-08T05:55:37.445+0000][6][safepoint   ] Safepoint "ICBufferFull", Time since last: 2654292 ns, Reaching safepoint: 510167 ns, At safepoint: 2291 ns, Total: 512458 ns
[2022-12-08T05:55:37.448+0000][6][safepoint   ] Safepoint "ICBufferFull", Time since last: 2583709 ns, Reaching safepoint: 256833 ns, At safepoint: 1917 ns, Total: 258750 ns
[2022-12-08T05:55:37.452+0000][6][safepoint   ] Safepoint "ICBufferFull", Time since last: 1630625 ns, Reaching safepoint: 2384458 ns, At safepoint: 4458 ns, Total: 2388916 ns
[2022-12-08T05:55:37.460+0000][6][safepoint   ] Safepoint "ICBufferFull", Time since last: 6859209 ns, Reaching safepoint: 1235625 ns, At safepoint: 2166 ns, Total: 1237791 ns
[2022-12-08T05:55:37.464+0000][6][safepoint   ] Safepoint "ICBufferFull", Time since last: 2444042 ns, Reaching safepoint: 1819458 ns, At safepoint: 3167 ns, Total: 1822625 ns
[2022-12-08T05:55:37.466+0000][6][safepoint   ] Safepoint "ICBufferFull", Time since last: 2122542 ns, Reaching safepoint: 64833 ns, At safepoint: 1417 ns, Total: 66250 ns
[2022-12-08T05:55:37.474+0000][6][safepoint   ] Safepoint "ICBufferFull", Time since last: 7761208 ns, Reaching safepoint: 45458 ns, At safepoint: 2042 ns, Total: 47500 ns
[2022-12-08T05:55:37.485+0000][6][safepoint   ] Safepoint "ICBufferFull", Time since last: 11122667 ns, Reaching safepoint: 38791 ns, At safepoint: 1875 ns, Total: 40666 ns
[2022-12-08T05:55:37.510+0000][6][safepoint   ] Safepoint "ICBufferFull", Time since last: 15357875 ns, Reaching safepoint: 9410709 ns, At safepoint: 6250 ns, Total: 9416959 ns
[2022-12-08T05:55:37.514+0000][6][safepoint   ] Safepoint "ICBufferFull", Time since last: 4015875 ns, Reaching safepoint: 33375 ns, At safepoint: 1291 ns, Total: 34666 ns
[2022-12-08T05:55:37.537+0000][6][safepoint   ] Safepoint "ICBufferFull", Time since last: 22910542 ns, Reaching safepoint: 90292 ns, At safepoint: 1916 ns, Total: 92208 ns
[2022-12-08T05:55:37.539+0000][6][safepoint   ] Safepoint "ICBufferFull", Time since last: 1659750 ns, Reaching safepoint: 62292 ns, At safepoint: 1417 ns, Total: 63709 ns
[2022-12-08T05:55:37.540+0000][6][safepoint   ] Safepoint "ICBufferFull", Time since last: 869541 ns, Reaching safepoint: 56167 ns, At safepoint: 875 ns, Total: 57042 ns
[2022-12-08T05:55:37.541+0000][6][safepoint   ] Safepoint "ICBufferFull", Time since last: 952500 ns, Reaching safepoint: 172250 ns, At safepoint: 1708 ns, Total: 173958 ns
[2022-12-08T05:55:37.542+0000][6][safepoint   ] Safepoint "ICBufferFull", Time since last: 1311042 ns, Reaching safepoint: 40833 ns, At safepoint: 1084 ns, Total: 41917 ns
[2022-12-08T05:55:37.544+0000][6][safepoint   ] Safepoint "ICBufferFull", Time since last: 2116500 ns, Reaching safepoint: 52000 ns, At safepoint: 1708 ns, Total: 53708 ns
[2022-12-08T05:55:37.545+0000][6][safepoint   ] Safepoint "ICBufferFull", Time since last: 976208 ns, Reaching safepoint: 54500 ns, At safepoint: 1042 ns, Total: 55542 ns
[2022-12-08T05:55:37.546+0000][6][safepoint   ] Safepoint "ICBufferFull", Time since last: 899042 ns, Reaching safepoint: 71333 ns, At safepoint: 2208 ns, Total: 73541 ns
[2022-12-08T05:55:37.548+0000][6][safepoint   ] Safepoint "ICBufferFull", Time since last: 1154334 ns, Reaching safepoint: 41166 ns, At safepoint: 4709 ns, Total: 45875 ns
[2022-12-08T05:55:37.549+0000][6][safepoint   ] Safepoint "ICBufferFull", Time since last: 1286375 ns, Reaching safepoint: 43166 ns, At safepoint: 4792 ns, Total: 47958 ns
[2022-12-08T05:55:37.551+0000][6][safepoint   ] Safepoint "ICBufferFull", Time since last: 1554500 ns, Reaching safepoint: 49208 ns, At safepoint: 5000 ns, Total: 54208 ns
[2022-12-08T05:55:37.552+0000][6][safepoint   ] Safepoint "ICBufferFull", Time since last: 1626709 ns, Reaching safepoint: 53125 ns, At safepoint: 5291 ns, Total: 58416 ns
[2022-12-08T05:55:37.556+0000][6][safepoint   ] Safepoint "ICBufferFull", Time since last: 1287125 ns, Reaching safepoint: 2481459 ns, At safepoint: 8375 ns, Total: 2489834 ns
[2022-12-08T05:55:37.558+0000][6][safepoint   ] Safepoint "ICBufferFull", Time since last: 1430458 ns, Reaching safepoint: 47792 ns, At safepoint: 1250 ns, Total: 49042 ns
[2022-12-08T05:55:37.559+0000][6][safepoint   ] Safepoint "ICBufferFull", Time since last: 987458 ns, Reaching safepoint: 46875 ns, At safepoint: 1708 ns, Total: 48583 ns
[2022-12-08T05:55:37.560+0000][6][safepoint   ] Safepoint "ICBufferFull", Time since last: 959959 ns, Reaching safepoint: 191083 ns, At safepoint: 7000 ns, Total: 198083 ns
[2022-12-08T05:55:37.561+0000][6][safepoint   ] Safepoint "ICBufferFull", Time since last: 765500 ns, Reaching safepoint: 86125 ns, At safepoint: 2333 ns, Total: 88458 ns
[2022-12-08T05:55:37.561+0000][6][safepoint   ] Safepoint "ICBufferFull", Time since last: 856292 ns, Reaching safepoint: 43917 ns, At safepoint: 1250 ns, Total: 45167 ns
[2022-12-08T05:55:37.562+0000][6][safepoint   ] Safepoint "ICBufferFull", Time since last: 861666 ns, Reaching safepoint: 65334 ns, At safepoint: 1166 ns, Total: 66500 ns
[2022-12-08T05:55:37.564+0000][6][safepoint   ] Safepoint "ICBufferFull", Time since last: 1282792 ns, Reaching safepoint: 41042 ns, At safepoint: 1000 ns, Total: 42042 ns
[2022-12-08T05:55:37.565+0000][6][safepoint   ] Safepoint "ICBufferFull", Time since last: 1200916 ns, Reaching safepoint: 46167 ns, At safepoint: 4667 ns, Total: 50834 ns
[2022-12-08T05:55:37.566+0000][6][safepoint   ] Safepoint "ICBufferFull", Time since last: 1292583 ns, Reaching safepoint: 53083 ns, At safepoint: 6375 ns, Total: 59458 ns
[2022-12-08T05:55:37.567+0000][6][safepoint   ] Safepoint "ICBufferFull", Time since last: 987000 ns, Reaching safepoint: 118500 ns, At safepoint: 1250 ns, Total: 119750 ns
[2022-12-08T05:55:37.569+0000][6][safepoint   ] Safepoint "ICBufferFull", Time since last: 1626917 ns, Reaching safepoint: 138833 ns, At safepoint: 4625 ns, Total: 143458 ns
[2022-12-08T05:55:37.570+0000][6][safepoint   ] Safepoint "ICBufferFull", Time since last: 972250 ns, Reaching safepoint: 128667 ns, At safepoint: 5542 ns, Total: 134209 ns
[2022-12-08T05:55:37.582+0000][6][safepoint   ] Safepoint "ICBufferFull", Time since last: 821166 ns, Reaching safepoint: 10460834 ns, At safepoint: 9000 ns, Total: 10469834 ns
[2022-12-08T05:55:37.583+0000][6][safepoint   ] Safepoint "ICBufferFull", Time since last: 1224500 ns, Reaching safepoint: 151708 ns, At safepoint: 5917 ns, Total: 157625 ns
[2022-12-08T05:55:37.584+0000][6][safepoint   ] Safepoint "ICBufferFull", Time since last: 978208 ns, Reaching safepoint: 163958 ns, At safepoint: 5917 ns, Total: 169875 ns
[2022-12-08T05:55:37.585+0000][6][safepoint   ] Safepoint "ICBufferFull", Time since last: 1094875 ns, Reaching safepoint: 145375 ns, At safepoint: 36000 ns, Total: 181375 ns
[2022-12-08T05:55:37.586+0000][6][safepoint   ] Safepoint "ICBufferFull", Time since last: 848583 ns, Reaching safepoint: 166542 ns, At safepoint: 24792 ns, Total: 191334 ns
[2022-12-08T05:55:37.587+0000][6][safepoint   ] Safepoint "ICBufferFull", Time since last: 910458 ns, Reaching safepoint: 113708 ns, At safepoint: 1834 ns, Total: 115542 ns
[2022-12-08T05:55:37.589+0000][6][safepoint   ] Safepoint "ICBufferFull", Time since last: 1069125 ns, Reaching safepoint: 156375 ns, At safepoint: 2041 ns, Total: 158416 ns
[2022-12-08T05:55:37.592+0000][6][safepoint   ] Safepoint "ICBufferFull", Time since last: 1429000 ns, Reaching safepoint: 1510959 ns, At safepoint: 3375 ns, Total: 1514334 ns
[2022-12-08T05:55:37.593+0000][6][safepoint   ] Safepoint "ICBufferFull", Time since last: 1030333 ns, Reaching safepoint: 43292 ns, At safepoint: 1125 ns, Total: 44417 ns
[2022-12-08T05:55:37.594+0000][6][safepoint   ] Safepoint "ICBufferFull", Time since last: 1117666 ns, Reaching safepoint: 49167 ns, At safepoint: 5750 ns, Total: 54917 ns
[2022-12-08T05:55:37.597+0000][6][safepoint   ] Safepoint "ICBufferFull", Time since last: 2595792 ns, Reaching safepoint: 46958 ns, At safepoint: 1375 ns, Total: 48333 ns
[2022-12-08T05:55:37.599+0000][6][safepoint   ] Safepoint "ICBufferFull", Time since last: 2160583 ns, Reaching safepoint: 46417 ns, At safepoint: 1250 ns, Total: 47667 ns
[2022-12-08T05:55:37.601+0000][6][safepoint   ] Safepoint "ICBufferFull", Time since last: 1864708 ns, Reaching safepoint: 53500 ns, At safepoint: 1667 ns, Total: 55167 ns
[2022-12-08T05:55:37.621+0000][6][safepoint   ] Safepoint "ICBufferFull", Time since last: 9273417 ns, Reaching safepoint: 11147125 ns, At safepoint: 12625 ns, Total: 11159750 ns
[2022-12-08T05:55:37.624+0000][6][safepoint   ] Safepoint "ICBufferFull", Time since last: 3137250 ns, Reaching safepoint: 125000 ns, At safepoint: 1625 ns, Total: 126625 ns
[2022-12-08T05:55:37.626+0000][6][safepoint   ] Safepoint "ICBufferFull", Time since last: 1765625 ns, Reaching safepoint: 124583 ns, At safepoint: 2000 ns, Total: 126583 ns
[2022-12-08T05:55:37.631+0000][6][safepoint   ] Safepoint "ICBufferFull", Time since last: 4176208 ns, Reaching safepoint: 128792 ns, At safepoint: 1292 ns, Total: 130084 ns
[2022-12-08T05:55:37.704+0000][6][safepoint   ] Safepoint "ICBufferFull", Time since last: 73788375 ns, Reaching safepoint: 132333 ns, At safepoint: 1583 ns, Total: 133916 ns
[2022-12-08T05:55:37.707+0000][6][safepoint   ] Safepoint "ICBufferFull", Time since last: 2025000 ns, Reaching safepoint: 122292 ns, At safepoint: 1458 ns, Total: 123750 ns
[2022-12-08T05:55:37.711+0000][6][safepoint   ] Safepoint "ICBufferFull", Time since last: 1040459 ns, Reaching safepoint: 3449875 ns, At safepoint: 8250 ns, Total: 3458125 ns
[2022-12-08T05:55:37.712+0000][6][safepoint   ] Safepoint "ICBufferFull", Time since last: 1189791 ns, Reaching safepoint: 173459 ns, At safepoint: 1958 ns, Total: 175417 ns
[2022-12-08T05:55:37.715+0000][6][safepoint   ] Safepoint "ICBufferFull", Time since last: 2606958 ns, Reaching safepoint: 115792 ns, At safepoint: 1250 ns, Total: 117042 ns
[2022-12-08T05:55:37.716+0000][6][safepoint   ] Safepoint "ICBufferFull", Time since last: 977667 ns, Reaching safepoint: 195625 ns, At safepoint: 5375 ns, Total: 201000 ns
[2022-12-08T05:55:37.717+0000][6][safepoint   ] Safepoint "ICBufferFull", Time since last: 854500 ns, Reaching safepoint: 109833 ns, At safepoint: 4458 ns, Total: 114291 ns
[2022-12-08T05:55:37.718+0000][6][safepoint   ] Safepoint "ICBufferFull", Time since last: 778459 ns, Reaching safepoint: 118208 ns, At safepoint: 5125 ns, Total: 123333 ns
[2022-12-08T05:55:37.722+0000][6][safepoint   ] Safepoint "ICBufferFull", Time since last: 4008208 ns, Reaching safepoint: 122042 ns, At safepoint: 1583 ns, Total: 123625 ns
[2022-12-08T05:55:37.723+0000][6][safepoint   ] Safepoint "ICBufferFull", Time since last: 1069917 ns, Reaching safepoint: 38500 ns, At safepoint: 1167 ns, Total: 39667 ns
[2022-12-08T05:55:37.725+0000][6][safepoint   ] Safepoint "ICBufferFull", Time since last: 1773708 ns, Reaching safepoint: 48167 ns, At safepoint: 4708 ns, Total: 52875 ns
[2022-12-08T05:55:37.726+0000][6][safepoint   ] Safepoint "ICBufferFull", Time since last: 1038667 ns, Reaching safepoint: 66541 ns, At safepoint: 7167 ns, Total: 73708 ns
[2022-12-08T05:55:37.727+0000][6][safepoint   ] Safepoint "ICBufferFull", Time since last: 814750 ns, Reaching safepoint: 32375 ns, At safepoint: 1917 ns, Total: 34292 ns
[2022-12-08T05:55:37.732+0000][6][safepoint   ] Safepoint "ICBufferFull", Time since last: 877125 ns, Reaching safepoint: 148333 ns, At safepoint: 3759667 ns, Total: 3908000 ns
[2022-12-08T05:55:37.733+0000][6][safepoint   ] Safepoint "ICBufferFull", Time since last: 1196166 ns, Reaching safepoint: 152042 ns, At safepoint: 1792 ns, Total: 153834 ns
[2022-12-08T05:55:37.735+0000][6][safepoint   ] Safepoint "ICBufferFull", Time since last: 1067000 ns, Reaching safepoint: 43125 ns, At safepoint: 1166 ns, Total: 44291 ns
[2022-12-08T05:55:37.736+0000][6][safepoint   ] Safepoint "ICBufferFull", Time since last: 973334 ns, Reaching safepoint: 78041 ns, At safepoint: 1750 ns, Total: 79791 ns
[2022-12-08T05:55:37.737+0000][6][safepoint   ] Safepoint "ICBufferFull", Time since last: 966709 ns, Reaching safepoint: 273750 ns, At safepoint: 2208 ns, Total: 275958 ns
[2022-12-08T05:55:37.738+0000][6][safepoint   ] Safepoint "ICBufferFull", Time since last: 701500 ns, Reaching safepoint: 37708 ns, At safepoint: 1042 ns, Total: 38750 ns
[2022-12-08T05:55:37.738+0000][6][safepoint   ] Safepoint "ICBufferFull", Time since last: 795792 ns, Reaching safepoint: 73541 ns, At safepoint: 1084 ns, Total: 74625 ns
[2022-12-08T05:55:37.740+0000][6][safepoint   ] Safepoint "ICBufferFull", Time since last: 1421166 ns, Reaching safepoint: 43375 ns, At safepoint: 1209 ns, Total: 44584 ns
[2022-12-08T05:55:37.741+0000][6][safepoint   ] Safepoint "ICBufferFull", Time since last: 1334708 ns, Reaching safepoint: 38000 ns, At safepoint: 8875 ns, Total: 46875 ns
[2022-12-08T05:55:37.742+0000][6][safepoint   ] Safepoint "ICBufferFull", Time since last: 905917 ns, Reaching safepoint: 59625 ns, At safepoint: 2083 ns, Total: 61708 ns
[2022-12-08T05:55:37.745+0000][6][safepoint   ] Safepoint "ICBufferFull", Time since last: 2359417 ns, Reaching safepoint: 96166 ns, At safepoint: 5667 ns, Total: 101833 ns
[2022-12-08T05:55:37.746+0000][6][safepoint   ] Safepoint "ICBufferFull", Time since last: 920375 ns, Reaching safepoint: 49375 ns, At safepoint: 1083 ns, Total: 50458 ns
[2022-12-08T05:55:37.747+0000][6][safepoint   ] Safepoint "ICBufferFull", Time since last: 1504834 ns, Reaching safepoint: 39625 ns, At safepoint: 1125 ns, Total: 40750 ns
[2022-12-08T05:55:37.749+0000][6][safepoint   ] Safepoint "ICBufferFull", Time since last: 1275458 ns, Reaching safepoint: 47667 ns, At safepoint: 1041 ns, Total: 48708 ns
[2022-12-08T05:55:37.749+0000][6][safepoint   ] Safepoint "ICBufferFull", Time since last: 856959 ns, Reaching safepoint: 38583 ns, At safepoint: 917 ns, Total: 39500 ns
[2022-12-08T05:55:37.757+0000][6][safepoint   ] Safepoint "ICBufferFull", Time since last: 2514791 ns, Reaching safepoint: 5063625 ns, At safepoint: 10250 ns, Total: 5073875 ns
[2022-12-08T05:55:37.763+0000][6][safepoint   ] Safepoint "ICBufferFull", Time since last: 1464709 ns, Reaching safepoint: 4543000 ns, At safepoint: 9166 ns, Total: 4552166 ns
[2022-12-08T05:55:37.769+0000][6][safepoint   ] Safepoint "ICBufferFull", Time since last: 1182667 ns, Reaching safepoint: 4863084 ns, At safepoint: 7291 ns, Total: 4870375 ns
[2022-12-08T05:55:37.770+0000][6][safepoint   ] Safepoint "ICBufferFull", Time since last: 1133500 ns, Reaching safepoint: 139125 ns, At safepoint: 5167 ns, Total: 144292 ns
[2022-12-08T05:55:37.772+0000][6][safepoint   ] Safepoint "ICBufferFull", Time since last: 1247833 ns, Reaching safepoint: 64334 ns, At safepoint: 4833 ns, Total: 69167 ns
[2022-12-08T05:55:37.773+0000][6][safepoint   ] Safepoint "ICBufferFull", Time since last: 833333 ns, Reaching safepoint: 58042 ns, At safepoint: 1375 ns, Total: 59417 ns
[2022-12-08T05:55:37.773+0000][6][safepoint   ] Safepoint "ICBufferFull", Time since last: 787833 ns, Reaching safepoint: 56584 ns, At safepoint: 1000 ns, Total: 57584 ns
[2022-12-08T05:55:37.775+0000][6][safepoint   ] Safepoint "ICBufferFull", Time since last: 973333 ns, Reaching safepoint: 191792 ns, At safepoint: 7041 ns, Total: 198833 ns
[2022-12-08T05:55:37.776+0000][6][safepoint   ] Safepoint "ICBufferFull", Time since last: 1550167 ns, Reaching safepoint: 50042 ns, At safepoint: 1041 ns, Total: 51083 ns
[2022-12-08T05:55:37.778+0000][6][safepoint   ] Safepoint "ICBufferFull", Time since last: 1844625 ns, Reaching safepoint: 48625 ns, At safepoint: 1500 ns, Total: 50125 ns
[2022-12-08T05:55:37.779+0000][6][safepoint   ] Safepoint "ICBufferFull", Time since last: 1226625 ns, Reaching safepoint: 44042 ns, At safepoint: 1167 ns, Total: 45209 ns
[2022-12-08T05:55:37.780+0000][6][safepoint   ] Safepoint "ICBufferFull", Time since last: 956291 ns, Reaching safepoint: 41792 ns, At safepoint: 2042 ns, Total: 43834 ns
[2022-12-08T05:55:37.921+0000][6][safepoint   ] Safepoint "ICBufferFull", Time since last: 140240750 ns, Reaching safepoint: 148083 ns, At safepoint: 3375 ns, Total: 151458 ns
[2022-12-08T05:55:37.924+0000][6][safepoint   ] Safepoint "ICBufferFull", Time since last: 2659875 ns, Reaching safepoint: 1024625 ns, At safepoint: 4625 ns, Total: 1029250 ns
[2022-12-08T05:55:37.937+0000][6][safepoint   ] Safepoint "ICBufferFull", Time since last: 11828833 ns, Reaching safepoint: 263917 ns, At safepoint: 4042 ns, Total: 267959 ns
[2022-12-08T05:55:37.940+0000][6][safepoint   ] Safepoint "ICBufferFull", Time since last: 983208 ns, Reaching safepoint: 2204708 ns, At safepoint: 3875 ns, Total: 2208583 ns
[2022-12-08T05:55:37.945+0000][6][safepoint   ] Safepoint "ICBufferFull", Time since last: 1278209 ns, Reaching safepoint: 4134916 ns, At safepoint: 5542 ns, Total: 4140458 ns
[2022-12-08T05:55:37.947+0000][6][safepoint   ] Safepoint "ICBufferFull", Time since last: 1212208 ns, Reaching safepoint: 307292 ns, At safepoint: 3542 ns, Total: 310834 ns
[2022-12-08T05:55:37.948+0000][6][safepoint   ] Safepoint "ICBufferFull", Time since last: 758625 ns, Reaching safepoint: 332500 ns, At safepoint: 2583 ns, Total: 335083 ns
[2022-12-08T05:55:37.949+0000][6][safepoint   ] Safepoint "ICBufferFull", Time since last: 762167 ns, Reaching safepoint: 269875 ns, At safepoint: 3250 ns, Total: 273125 ns
[2022-12-08T05:55:37.955+0000][6][safepoint   ] Safepoint "ICBufferFull", Time since last: 735750 ns, Reaching safepoint: 5108041 ns, At safepoint: 7500 ns, Total: 5115541 ns
[2022-12-08T05:55:37.958+0000][6][safepoint   ] Safepoint "ICBufferFull", Time since last: 1065625 ns, Reaching safepoint: 2124834 ns, At safepoint: 4916 ns, Total: 2129750 ns
[2022-12-08T05:55:37.960+0000][6][safepoint   ] Safepoint "ICBufferFull", Time since last: 1348209 ns, Reaching safepoint: 920916 ns, At safepoint: 2750 ns, Total: 923666 ns
[2022-12-08T05:55:37.968+0000][6][safepoint   ] Safepoint "ICBufferFull", Time since last: 1170500 ns, Reaching safepoint: 6775417 ns, At safepoint: 10458 ns, Total: 6785875 ns
[2022-12-08T05:55:37.971+0000][6][safepoint   ] Safepoint "ICBufferFull", Time since last: 2371167 ns, Reaching safepoint: 239583 ns, At safepoint: 3542 ns, Total: 243125 ns
[2022-12-08T05:55:37.972+0000][6][safepoint   ] Safepoint "ICBufferFull", Time since last: 794875 ns, Reaching safepoint: 311708 ns, At safepoint: 2959 ns, Total: 314667 ns
[2022-12-08T05:55:37.973+0000][6][safepoint   ] Safepoint "ICBufferFull", Time since last: 716125 ns, Reaching safepoint: 176583 ns, At safepoint: 3458 ns, Total: 180041 ns
[2022-12-08T05:55:37.978+0000][6][safepoint   ] Safepoint "ICBufferFull", Time since last: 803334 ns, Reaching safepoint: 4657375 ns, At safepoint: 5833 ns, Total: 4663208 ns
[2022-12-08T05:55:37.982+0000][6][safepoint   ] Safepoint "ICBufferFull", Time since last: 1245750 ns, Reaching safepoint: 2181125 ns, At safepoint: 7667 ns, Total: 2188792 ns
[2022-12-08T05:55:37.983+0000][6][safepoint   ] Safepoint "ICBufferFull", Time since last: 1220375 ns, Reaching safepoint: 267833 ns, At safepoint: 3583 ns, Total: 271416 ns
[2022-12-08T05:55:37.986+0000][6][safepoint   ] Safepoint "ICBufferFull", Time since last: 1131292 ns, Reaching safepoint: 2175625 ns, At safepoint: 3583 ns, Total: 2179208 ns
[2022-12-08T05:55:37.991+0000][6][safepoint   ] Safepoint "ICBufferFull", Time since last: 1181834 ns, Reaching safepoint: 3520625 ns, At safepoint: 4583 ns, Total: 3525208 ns
[2022-12-08T05:55:37.993+0000][6][safepoint   ] Safepoint "ICBufferFull", Time since last: 1738125 ns, Reaching safepoint: 44708 ns, At safepoint: 2250 ns, Total: 46958 ns
[2022-12-08T05:55:37.998+0000][6][safepoint   ] Safepoint "ICBufferFull", Time since last: 1601334 ns, Reaching safepoint: 3547958 ns, At safepoint: 7500 ns, Total: 3555458 ns
[2022-12-08T05:55:38.001+0000][6][safepoint   ] Safepoint "ICBufferFull", Time since last: 1237000 ns, Reaching safepoint: 1820875 ns, At safepoint: 6292 ns, Total: 1827167 ns
[2022-12-08T05:55:38.575+0000][6][safepoint   ] Safepoint "ICBufferFull", Time since last: 572931042 ns, Reaching safepoint: 1180291 ns, At safepoint: 4834 ns, Total: 1185125 ns
[2022-12-08T05:55:38.691+0000][6][gc,start    ] GC(4) Pause Young (Normal) (G1 Evacuation Pause)
[2022-12-08T05:55:38.692+0000][6][gc,task     ] GC(4) Using 4 workers of 4 for evacuation
[2022-12-08T05:55:38.693+0000][6][gc,age      ] GC(4) Desired survivor size 12582912 bytes, new threshold 15 (max threshold 15)
[2022-12-08T05:55:38.715+0000][6][gc,age      ] GC(4) Age table with threshold 15 (max threshold 15)
[2022-12-08T05:55:38.717+0000][6][gc,age      ] GC(4) - age   1:    4407808 bytes,    4407808 total
[2022-12-08T05:55:38.717+0000][6][gc,age      ] GC(4) - age   2:    1149856 bytes,    5557664 total
[2022-12-08T05:55:38.718+0000][6][gc,age      ] GC(4) - age   3:    2107264 bytes,    7664928 total
[2022-12-08T05:55:38.719+0000][6][gc,phases   ] GC(4)   Pre Evacuate Collection Set: 0.1ms
[2022-12-08T05:55:38.721+0000][6][gc,phases   ] GC(4)   Merge Heap Roots: 0.0ms
[2022-12-08T05:55:38.722+0000][6][gc,phases   ] GC(4)   Evacuate Collection Set: 17.7ms
[2022-12-08T05:55:38.722+0000][6][gc,phases   ] GC(4)   Post Evacuate Collection Set: 2.4ms
[2022-12-08T05:55:38.723+0000][6][gc,phases   ] GC(4)   Other: 8.3ms
[2022-12-08T05:55:38.724+0000][6][gc,heap     ] GC(4) Eden regions: 183->0(299)
[2022-12-08T05:55:38.725+0000][6][gc,heap     ] GC(4) Survivor regions: 5->8(24)
[2022-12-08T05:55:38.726+0000][6][gc,heap     ] GC(4) Old regions: 4->4
[2022-12-08T05:55:38.726+0000][6][gc,heap     ] GC(4) Archive regions: 0->0
[2022-12-08T05:55:38.727+0000][6][gc,heap     ] GC(4) Humongous regions: 2->1
[2022-12-08T05:55:38.728+0000][6][gc,metaspace] GC(4) Metaspace: 25782K(26624K)->25782K(26624K) NonClass: 22903K(23552K)->22903K(23552K) Class: 2879K(3072K)->2879K(3072K)
[2022-12-08T05:55:38.729+0000][6][gc          ] GC(4) Pause Young (Normal) (G1 Evacuation Pause) 193M->12M(512M) 38.365ms
[2022-12-08T05:55:38.730+0000][6][gc,cpu      ] GC(4) User=0.03s Sys=0.00s Real=0.04s
[2022-12-08T05:55:38.732+0000][6][safepoint   ] Safepoint "G1CollectForAllocation", Time since last: 115106708 ns, Reaching safepoint: 212750 ns, At safepoint: 40932667 ns, Total: 41145417 ns
[2022-12-08T05:55:39.066+0000][6][safepoint   ] Safepoint "ICBufferFull", Time since last: 334301625 ns, Reaching safepoint: 216583 ns, At safepoint: 3625 ns, Total: 220208 ns
[2022-12-08T05:55:39.841+0000][6][gc,start    ] GC(5) Pause Young (Normal) (G1 Evacuation Pause)
[2022-12-08T05:55:39.843+0000][6][gc,task     ] GC(5) Using 4 workers of 4 for evacuation
[2022-12-08T05:55:39.844+0000][6][gc,age      ] GC(5) Desired survivor size 20447232 bytes, new threshold 15 (max threshold 15)
[2022-12-08T05:55:39.862+0000][6][gc,age      ] GC(5) Age table with threshold 15 (max threshold 15)
[2022-12-08T05:55:39.863+0000][6][gc,age      ] GC(5) - age   1:    4080544 bytes,    4080544 total
[2022-12-08T05:55:39.864+0000][6][gc,age      ] GC(5) - age   2:    4319104 bytes,    8399648 total
[2022-12-08T05:55:39.865+0000][6][gc,age      ] GC(5) - age   3:    1149680 bytes,    9549328 total
[2022-12-08T05:55:39.866+0000][6][gc,age      ] GC(5) - age   4:    2107264 bytes,   11656592 total
[2022-12-08T05:55:39.868+0000][6][gc,phases   ] GC(5)   Pre Evacuate Collection Set: 1.9ms
[2022-12-08T05:55:39.868+0000][6][gc,phases   ] GC(5)   Merge Heap Roots: 0.9ms
[2022-12-08T05:55:39.869+0000][6][gc,phases   ] GC(5)   Evacuate Collection Set: 13.1ms
[2022-12-08T05:55:39.870+0000][6][gc,phases   ] GC(5)   Post Evacuate Collection Set: 1.1ms
[2022-12-08T05:55:39.871+0000][6][gc,phases   ] GC(5)   Other: 9.4ms
[2022-12-08T05:55:39.872+0000][6][gc,heap     ] GC(5) Eden regions: 299->0(294)
[2022-12-08T05:55:39.872+0000][6][gc,heap     ] GC(5) Survivor regions: 8->13(39)
[2022-12-08T05:55:39.873+0000][6][gc,heap     ] GC(5) Old regions: 4->4
[2022-12-08T05:55:39.874+0000][6][gc,heap     ] GC(5) Archive regions: 0->0
[2022-12-08T05:55:39.875+0000][6][gc,heap     ] GC(5) Humongous regions: 1->1
[2022-12-08T05:55:39.876+0000][6][gc,metaspace] GC(5) Metaspace: 27495K(28672K)->27495K(28672K) NonClass: 24425K(25344K)->24425K(25344K) Class: 3070K(3328K)->3070K(3328K)
[2022-12-08T05:55:39.877+0000][6][gc          ] GC(5) Pause Young (Normal) (G1 Evacuation Pause) 311M->17M(512M) 36.093ms
[2022-12-08T05:55:39.878+0000][6][gc,cpu      ] GC(5) User=0.02s Sys=0.00s Real=0.04s
[2022-12-08T05:55:39.879+0000][6][safepoint   ] Safepoint "G1CollectForAllocation", Time since last: 775081250 ns, Reaching safepoint: 186042 ns, At safepoint: 38107250 ns, Total: 38293292 ns
[2022-12-08T05:55:40.586+0000][6][safepoint   ] Safepoint "ICBufferFull", Time since last: 706121292 ns, Reaching safepoint: 170959 ns, At safepoint: 4208 ns, Total: 175167 ns
[2022-12-08T05:55:40.638+0000][6][gc,start    ] GC(6) Pause Young (Normal) (G1 Evacuation Pause)
[2022-12-08T05:55:40.639+0000][6][gc,task     ] GC(6) Using 4 workers of 4 for evacuation
[2022-12-08T05:55:40.640+0000][6][gc,age      ] GC(6) Desired survivor size 20447232 bytes, new threshold 15 (max threshold 15)
[2022-12-08T05:55:40.668+0000][6][gc,age      ] GC(6) Age table with threshold 15 (max threshold 15)
[2022-12-08T05:55:40.669+0000][6][gc,age      ] GC(6) - age   1:    2397144 bytes,    2397144 total
[2022-12-08T05:55:40.670+0000][6][gc,age      ] GC(6) - age   2:    3281304 bytes,    5678448 total
[2022-12-08T05:55:40.671+0000][6][gc,age      ] GC(6) - age   3:    4314800 bytes,    9993248 total
[2022-12-08T05:55:40.672+0000][6][gc,age      ] GC(6) - age   4:    1149536 bytes,   11142784 total
[2022-12-08T05:55:40.673+0000][6][gc,age      ] GC(6) - age   5:    2107264 bytes,   13250048 total
[2022-12-08T05:55:40.673+0000][6][gc,phases   ] GC(6)   Pre Evacuate Collection Set: 0.1ms
[2022-12-08T05:55:40.674+0000][6][gc,phases   ] GC(6)   Merge Heap Roots: 0.1ms
[2022-12-08T05:55:40.675+0000][6][gc,phases   ] GC(6)   Evacuate Collection Set: 26.5ms
[2022-12-08T05:55:40.676+0000][6][gc,phases   ] GC(6)   Post Evacuate Collection Set: 0.7ms
[2022-12-08T05:55:40.677+0000][6][gc,phases   ] GC(6)   Other: 8.3ms
[2022-12-08T05:55:40.679+0000][6][gc,heap     ] GC(6) Eden regions: 294->0(293)
[2022-12-08T05:55:40.680+0000][6][gc,heap     ] GC(6) Survivor regions: 13->14(39)
[2022-12-08T05:55:40.680+0000][6][gc,heap     ] GC(6) Old regions: 4->4
[2022-12-08T05:55:40.681+0000][6][gc,heap     ] GC(6) Archive regions: 0->0
[2022-12-08T05:55:40.682+0000][6][gc,heap     ] GC(6) Humongous regions: 1->1
[2022-12-08T05:55:40.683+0000][6][gc,metaspace] GC(6) Metaspace: 27863K(29056K)->27863K(29056K) NonClass: 24725K(25600K)->24725K(25600K) Class: 3138K(3456K)->3138K(3456K)
[2022-12-08T05:55:40.684+0000][6][gc          ] GC(6) Pause Young (Normal) (G1 Evacuation Pause) 311M->18M(512M) 46.495ms
[2022-12-08T05:55:40.687+0000][6][gc,cpu      ] GC(6) User=0.02s Sys=0.00s Real=0.05s
[2022-12-08T05:55:40.688+0000][6][safepoint   ] Safepoint "G1CollectForAllocation", Time since last: 50913875 ns, Reaching safepoint: 1020750 ns, At safepoint: 50021833 ns, Total: 51042583 ns
[2022-12-08T05:55:41.210+0000][6][gc,start    ] GC(7) Pause Young (Normal) (G1 Evacuation Pause)
[2022-12-08T05:55:41.211+0000][6][gc,task     ] GC(7) Using 4 workers of 4 for evacuation
[2022-12-08T05:55:41.212+0000][6][gc,age      ] GC(7) Desired survivor size 20447232 bytes, new threshold 15 (max threshold 15)
[2022-12-08T05:55:41.227+0000][6][gc,age      ] GC(7) Age table with threshold 15 (max threshold 15)
[2022-12-08T05:55:41.228+0000][6][gc,age      ] GC(7) - age   1:    2898064 bytes,    2898064 total
[2022-12-08T05:55:41.229+0000][6][gc,age      ] GC(7) - age   2:     610832 bytes,    3508896 total
[2022-12-08T05:55:41.230+0000][6][gc,age      ] GC(7) - age   3:    3279528 bytes,    6788424 total
[2022-12-08T05:55:41.231+0000][6][gc,age      ] GC(7) - age   4:    4314360 bytes,   11102784 total
[2022-12-08T05:55:41.232+0000][6][gc,age      ] GC(7) - age   5:    1149536 bytes,   12252320 total
[2022-12-08T05:55:41.233+0000][6][gc,age      ] GC(7) - age   6:    2107264 bytes,   14359584 total
[2022-12-08T05:55:41.234+0000][6][gc,phases   ] GC(7)   Pre Evacuate Collection Set: 0.1ms
[2022-12-08T05:55:41.234+0000][6][gc,phases   ] GC(7)   Merge Heap Roots: 0.1ms
[2022-12-08T05:55:41.235+0000][6][gc,phases   ] GC(7)   Evacuate Collection Set: 13.1ms
[2022-12-08T05:55:41.236+0000][6][gc,phases   ] GC(7)   Post Evacuate Collection Set: 0.7ms
[2022-12-08T05:55:41.237+0000][6][gc,phases   ] GC(7)   Other: 9.9ms
[2022-12-08T05:55:41.238+0000][6][gc,heap     ] GC(7) Eden regions: 293->0(292)
[2022-12-08T05:55:41.239+0000][6][gc,heap     ] GC(7) Survivor regions: 14->15(39)
[2022-12-08T05:55:41.239+0000][6][gc,heap     ] GC(7) Old regions: 4->4
[2022-12-08T05:55:41.240+0000][6][gc,heap     ] GC(7) Archive regions: 0->0
[2022-12-08T05:55:41.241+0000][6][gc,heap     ] GC(7) Humongous regions: 1->1
[2022-12-08T05:55:41.241+0000][6][gc,metaspace] GC(7) Metaspace: 28392K(29696K)->28392K(29696K) NonClass: 25173K(26112K)->25173K(26112K) Class: 3219K(3584K)->3219K(3584K)
[2022-12-08T05:55:41.242+0000][6][gc          ] GC(7) Pause Young (Normal) (G1 Evacuation Pause) 311M->19M(512M) 32.232ms
[2022-12-08T05:55:41.243+0000][6][gc,cpu      ] GC(7) User=0.02s Sys=0.00s Real=0.03s
[2022-12-08T05:55:41.243+0000][6][safepoint   ] Safepoint "G1CollectForAllocation", Time since last: 521960125 ns, Reaching safepoint: 165375 ns, At safepoint: 33674959 ns, Total: 33840334 ns
[2022-12-08T05:55:41.720+0000][6][safepoint   ] Safepoint "ICBufferFull", Time since last: 473496167 ns, Reaching safepoint: 2798916 ns, At safepoint: 6375 ns, Total: 2805291 ns
[2022-12-08T05:55:42.186+0000][6][gc,start    ] GC(8) Pause Young (Concurrent Start) (Metadata GC Threshold)
[2022-12-08T05:55:42.187+0000][6][gc,task     ] GC(8) Using 4 workers of 4 for evacuation
[2022-12-08T05:55:42.188+0000][6][gc,age      ] GC(8) Desired survivor size 20447232 bytes, new threshold 15 (max threshold 15)
[2022-12-08T05:55:42.204+0000][6][gc,age      ] GC(8) Age table with threshold 15 (max threshold 15)
[2022-12-08T05:55:42.205+0000][6][gc,age      ] GC(8) - age   1:    2146136 bytes,    2146136 total
[2022-12-08T05:55:42.207+0000][6][gc,age      ] GC(8) - age   2:    2296848 bytes,    4442984 total
[2022-12-08T05:55:42.208+0000][6][gc,age      ] GC(8) - age   3:     600016 bytes,    5043000 total
[2022-12-08T05:55:42.209+0000][6][gc,age      ] GC(8) - age   4:    3264560 bytes,    8307560 total
[2022-12-08T05:55:42.209+0000][6][gc,age      ] GC(8) - age   5:    4303128 bytes,   12610688 total
[2022-12-08T05:55:42.210+0000][6][gc,age      ] GC(8) - age   6:    1119096 bytes,   13729784 total
[2022-12-08T05:55:42.211+0000][6][gc,age      ] GC(8) - age   7:    2104368 bytes,   15834152 total
[2022-12-08T05:55:42.212+0000][6][gc,phases   ] GC(8)   Pre Evacuate Collection Set: 0.4ms
[2022-12-08T05:55:42.213+0000][6][gc,phases   ] GC(8)   Merge Heap Roots: 0.7ms
[2022-12-08T05:55:42.213+0000][6][gc,phases   ] GC(8)   Evacuate Collection Set: 10.0ms
[2022-12-08T05:55:42.214+0000][6][gc,phases   ] GC(8)   Post Evacuate Collection Set: 4.0ms
[2022-12-08T05:55:42.214+0000][6][gc,phases   ] GC(8)   Other: 10.9ms
[2022-12-08T05:55:42.215+0000][6][gc,heap     ] GC(8) Eden regions: 132->0(291)
[2022-12-08T05:55:42.215+0000][6][gc,heap     ] GC(8) Survivor regions: 15->16(39)
[2022-12-08T05:55:42.216+0000][6][gc,heap     ] GC(8) Old regions: 4->4
[2022-12-08T05:55:42.216+0000][6][gc,heap     ] GC(8) Archive regions: 0->0
[2022-12-08T05:55:42.217+0000][6][gc,heap     ] GC(8) Humongous regions: 1->1
[2022-12-08T05:55:42.218+0000][6][gc,metaspace] GC(8) Metaspace: 33911K(35584K)->33911K(35584K) NonClass: 29980K(31232K)->29980K(31232K) Class: 3930K(4352K)->3930K(4352K)
[2022-12-08T05:55:42.218+0000][6][gc          ] GC(8) Pause Young (Concurrent Start) (Metadata GC Threshold) 150M->20M(512M) 32.583ms
[2022-12-08T05:55:42.219+0000][6][gc,cpu      ] GC(8) User=0.02s Sys=0.01s Real=0.03s
[2022-12-08T05:55:42.219+0000][6][gc          ] GC(9) Concurrent Cycle
[2022-12-08T05:55:42.220+0000][6][gc,marking  ] GC(9) Concurrent Clear Claimed Marks
[2022-12-08T05:55:42.221+0000][6][gc,marking  ] GC(9) Concurrent Clear Claimed Marks 0.580ms
[2022-12-08T05:55:42.221+0000][6][gc,marking  ] GC(9) Concurrent Scan Root Regions
[2022-12-08T05:55:42.219+0000][6][safepoint   ] Safepoint "CollectForMetadataAllocation", Time since last: 465749292 ns, Reaching safepoint: 100209 ns, At safepoint: 33803458 ns, Total: 33903667 ns
[2022-12-08T05:55:42.226+0000][6][gc,marking  ] GC(9) Concurrent Scan Root Regions 5.109ms
[2022-12-08T05:55:42.227+0000][6][gc,marking  ] GC(9) Concurrent Mark (7.991s)
[2022-12-08T05:55:42.228+0000][6][gc,marking  ] GC(9) Concurrent Mark From Roots
[2022-12-08T05:55:42.229+0000][6][gc,task     ] GC(9) Using 1 workers of 1 for marking
[2022-12-08T05:55:42.237+0000][6][gc,marking  ] GC(9) Concurrent Mark From Roots 9.166ms
[2022-12-08T05:55:42.239+0000][6][gc,marking  ] GC(9) Concurrent Preclean
[2022-12-08T05:55:42.240+0000][6][gc,marking  ] GC(9) Concurrent Preclean 0.686ms
[2022-12-08T05:55:42.240+0000][6][gc,marking  ] GC(9) Concurrent Mark (7.991s, 8.004s) 12.919ms
[2022-12-08T05:55:42.242+0000][6][gc,start    ] GC(9) Pause Remark
[2022-12-08T05:55:42.248+0000][6][gc          ] GC(9) Pause Remark 21M->21M(512M) 6.778ms
[2022-12-08T05:55:42.249+0000][6][gc,cpu      ] GC(9) User=0.00s Sys=0.00s Real=0.01s
[2022-12-08T05:55:42.250+0000][6][safepoint   ] Safepoint "G1Concurrent", Time since last: 21821958 ns, Reaching safepoint: 291709 ns, At safepoint: 8711375 ns, Total: 9003084 ns
[2022-12-08T05:55:42.251+0000][6][gc,marking  ] GC(9) Concurrent Rebuild Remembered Sets
[2022-12-08T05:55:42.254+0000][6][gc,marking  ] GC(9) Concurrent Rebuild Remembered Sets 2.870ms
[2022-12-08T05:55:42.255+0000][6][gc,start    ] GC(9) Pause Cleanup
[2022-12-08T05:55:42.256+0000][6][gc          ] GC(9) Pause Cleanup 21M->21M(512M) 0.891ms
[2022-12-08T05:55:42.257+0000][6][gc,cpu      ] GC(9) User=0.00s Sys=0.00s Real=0.00s
[2022-12-08T05:55:42.258+0000][6][safepoint   ] Safepoint "G1Concurrent", Time since last: 4281583 ns, Reaching safepoint: 624833 ns, At safepoint: 2732542 ns, Total: 3357375 ns
[2022-12-08T05:55:42.259+0000][6][gc,marking  ] GC(9) Concurrent Cleanup for Next Mark
[2022-12-08T05:55:42.261+0000][6][gc,marking  ] GC(9) Concurrent Cleanup for Next Mark 2.232ms
[2022-12-08T05:55:42.262+0000][6][gc          ] GC(9) Concurrent Cycle 42.183ms
[2022-12-08T05:55:43.513+0000][6][safepoint   ] Safepoint "ICBufferFull", Time since last: 1255222334 ns, Reaching safepoint: 199167 ns, At safepoint: 3208 ns, Total: 202375 ns
[2022-12-08T05:55:44.494+0000][6][safepoint   ] Safepoint "ICBufferFull", Time since last: 980971875 ns, Reaching safepoint: 99375 ns, At safepoint: 6959 ns, Total: 106334 ns
[2022-12-08T05:55:44.923+0000][6][gc,start    ] GC(10) Pause Young (Normal) (G1 Evacuation Pause)
[2022-12-08T05:55:44.925+0000][6][gc,task     ] GC(10) Using 4 workers of 4 for evacuation
[2022-12-08T05:55:44.926+0000][6][gc,age      ] GC(10) Desired survivor size 20447232 bytes, new threshold 15 (max threshold 15)
[2022-12-08T05:55:45.005+0000][6][gc,age      ] GC(10) Age table with threshold 15 (max threshold 15)
[2022-12-08T05:55:45.006+0000][6][gc,age      ] GC(10) - age   1:   25113784 bytes,   25113784 total
[2022-12-08T05:55:45.007+0000][6][gc,age      ] GC(10) - age   2:    1993512 bytes,   27107296 total
[2022-12-08T05:55:45.009+0000][6][gc,age      ] GC(10) - age   3:    2293336 bytes,   29400632 total
[2022-12-08T05:55:45.010+0000][6][gc,age      ] GC(10) - age   4:     594704 bytes,   29995336 total
[2022-12-08T05:55:45.012+0000][6][gc,age      ] GC(10) - age   5:    3252640 bytes,   33247976 total
[2022-12-08T05:55:45.012+0000][6][gc,age      ] GC(10) - age   6:    4275408 bytes,   37523384 total
[2022-12-08T05:55:45.013+0000][6][gc,age      ] GC(10) - age   7:    1098600 bytes,   38621984 total
[2022-12-08T05:55:45.014+0000][6][gc,age      ] GC(10) - age   8:    2096256 bytes,   40718240 total
[2022-12-08T05:55:45.015+0000][6][gc,phases   ] GC(10)   Pre Evacuate Collection Set: 0.4ms
[2022-12-08T05:55:45.016+0000][6][gc,phases   ] GC(10)   Merge Heap Roots: 0.2ms
[2022-12-08T05:55:45.017+0000][6][gc,phases   ] GC(10)   Evacuate Collection Set: 77.0ms
[2022-12-08T05:55:45.018+0000][6][gc,phases   ] GC(10)   Post Evacuate Collection Set: 1.2ms
[2022-12-08T05:55:45.019+0000][6][gc,phases   ] GC(10)   Other: 13.2ms
[2022-12-08T05:55:45.020+0000][6][gc,heap     ] GC(10) Eden regions: 291->0(268)
[2022-12-08T05:55:45.021+0000][6][gc,heap     ] GC(10) Survivor regions: 16->39(39)
[2022-12-08T05:55:45.022+0000][6][gc,heap     ] GC(10) Old regions: 4->9
[2022-12-08T05:55:45.022+0000][6][gc,heap     ] GC(10) Archive regions: 0->0
[2022-12-08T05:55:45.023+0000][6][gc,heap     ] GC(10) Humongous regions: 1->1
[2022-12-08T05:55:45.024+0000][6][gc,metaspace] GC(10) Metaspace: 43182K(45824K)->43182K(45824K) NonClass: 37955K(39936K)->37955K(39936K) Class: 5226K(5888K)->5226K(5888K)
[2022-12-08T05:55:45.025+0000][6][gc          ] GC(10) Pause Young (Normal) (G1 Evacuation Pause) 311M->48M(512M) 101.466ms
[2022-12-08T05:55:45.026+0000][6][gc,cpu      ] GC(10) User=0.07s Sys=0.00s Real=0.11s
[2022-12-08T05:55:45.027+0000][6][safepoint   ] Safepoint "G1CollectForAllocation", Time since last: 426800417 ns, Reaching safepoint: 2275625 ns, At safepoint: 103671166 ns, Total: 105946791 ns
[2022-12-08T05:55:45.379+0000][6][safepoint   ] Safepoint "ICBufferFull", Time since last: 351583292 ns, Reaching safepoint: 163667 ns, At safepoint: 2750 ns, Total: 166417 ns
[2022-12-08T05:55:46.040+0000][6][safepoint   ] Safepoint "ICBufferFull", Time since last: 660532917 ns, Reaching safepoint: 162333 ns, At safepoint: 2458 ns, Total: 164791 ns
[2022-12-08T05:55:46.253+0000][6][gc,start    ] GC(11) Pause Young (Concurrent Start) (Metadata GC Threshold)
[2022-12-08T05:55:46.254+0000][6][gc,task     ] GC(11) Using 4 workers of 4 for evacuation
[2022-12-08T05:55:46.255+0000][6][gc,age      ] GC(11) Desired survivor size 20447232 bytes, new threshold 1 (max threshold 15)
[2022-12-08T05:55:46.331+0000][6][gc,age      ] GC(11) Age table with threshold 1 (max threshold 15)
[2022-12-08T05:55:46.332+0000][6][gc,age      ] GC(11) - age   1:    6275056 bytes,    6275056 total
[2022-12-08T05:55:46.333+0000][6][gc,phases   ] GC(11)   Pre Evacuate Collection Set: 0.4ms
[2022-12-08T05:55:46.335+0000][6][gc,phases   ] GC(11)   Merge Heap Roots: 0.2ms
[2022-12-08T05:55:46.336+0000][6][gc,phases   ] GC(11)   Evacuate Collection Set: 72.4ms
[2022-12-08T05:55:46.337+0000][6][gc,phases   ] GC(11)   Post Evacuate Collection Set: 1.5ms
[2022-12-08T05:55:46.338+0000][6][gc,phases   ] GC(11)   Other: 5.9ms
[2022-12-08T05:55:46.339+0000][6][gc,heap     ] GC(11) Eden regions: 116->0(290)
[2022-12-08T05:55:46.340+0000][6][gc,heap     ] GC(11) Survivor regions: 39->8(39)
[2022-12-08T05:55:46.341+0000][6][gc,heap     ] GC(11) Old regions: 9->48
[2022-12-08T05:55:46.341+0000][6][gc,heap     ] GC(11) Archive regions: 0->0
[2022-12-08T05:55:46.342+0000][6][gc,heap     ] GC(11) Humongous regions: 1->1
[2022-12-08T05:55:46.343+0000][6][gc,metaspace] GC(11) Metaspace: 56890K(59648K)->56890K(59648K) NonClass: 49567K(51456K)->49567K(51456K) Class: 7323K(8192K)->7323K(8192K)
[2022-12-08T05:55:46.344+0000][6][gc          ] GC(11) Pause Young (Concurrent Start) (Metadata GC Threshold) 164M->56M(512M) 91.085ms
[2022-12-08T05:55:46.345+0000][6][gc,cpu      ] GC(11) User=0.07s Sys=0.00s Real=0.10s
[2022-12-08T05:55:46.345+0000][6][gc          ] GC(12) Concurrent Cycle
[2022-12-08T05:55:46.347+0000][6][gc,marking  ] GC(12) Concurrent Clear Claimed Marks
[2022-12-08T05:55:46.349+0000][6][gc,marking  ] GC(12) Concurrent Clear Claimed Marks 1.155ms
[2022-12-08T05:55:46.349+0000][6][gc,marking  ] GC(12) Concurrent Scan Root Regions
[2022-12-08T05:55:46.345+0000][6][safepoint   ] Safepoint "CollectForMetadataAllocation", Time since last: 213139084 ns, Reaching safepoint: 79917 ns, At safepoint: 92546666 ns, Total: 92626583 ns
[2022-12-08T05:55:46.381+0000][6][safepoint   ] Safepoint "CollectForMetadataAllocation", Time since last: 35636459 ns, Reaching safepoint: 134416 ns, At safepoint: 56875 ns, Total: 191291 ns
[2022-12-08T05:55:46.403+0000][6][gc,marking  ] GC(12) Concurrent Scan Root Regions 53.183ms
[2022-12-08T05:55:46.405+0000][6][gc,marking  ] GC(12) Concurrent Mark (12.169s)
[2022-12-08T05:55:46.406+0000][6][gc,marking  ] GC(12) Concurrent Mark From Roots
[2022-12-08T05:55:46.406+0000][6][gc,task     ] GC(12) Using 1 workers of 1 for marking
[2022-12-08T05:55:46.409+0000][6][safepoint   ] Safepoint "CollectForMetadataAllocation", Time since last: 27948084 ns, Reaching safepoint: 67166 ns, At safepoint: 86959 ns, Total: 154125 ns
[2022-12-08T05:55:46.419+0000][6][gc,marking  ] GC(12) Concurrent Mark From Roots 13.266ms
[2022-12-08T05:55:46.420+0000][6][gc,marking  ] GC(12) Concurrent Preclean
[2022-12-08T05:55:46.421+0000][6][gc,marking  ] GC(12) Concurrent Preclean 0.739ms
[2022-12-08T05:55:46.421+0000][6][gc,marking  ] GC(12) Concurrent Mark (12.169s, 12.185s) 16.426ms
[2022-12-08T05:55:46.423+0000][6][gc,start    ] GC(12) Pause Remark
[2022-12-08T05:55:46.431+0000][6][gc          ] GC(12) Pause Remark 57M->57M(512M) 8.428ms
[2022-12-08T05:55:46.432+0000][6][gc,cpu      ] GC(12) User=0.00s Sys=0.00s Real=0.01s
[2022-12-08T05:55:46.433+0000][6][safepoint   ] Safepoint "G1Concurrent", Time since last: 13041833 ns, Reaching safepoint: 392208 ns, At safepoint: 10200417 ns, Total: 10592625 ns
[2022-12-08T05:55:46.434+0000][6][gc,marking  ] GC(12) Concurrent Rebuild Remembered Sets
[2022-12-08T05:55:46.539+0000][6][gc,marking  ] GC(12) Concurrent Rebuild Remembered Sets 105.202ms
[2022-12-08T05:55:46.541+0000][6][gc,start    ] GC(12) Pause Cleanup
[2022-12-08T05:55:46.542+0000][6][gc          ] GC(12) Pause Cleanup 60M->60M(512M) 0.936ms
[2022-12-08T05:55:46.542+0000][6][gc,cpu      ] GC(12) User=0.00s Sys=0.00s Real=0.00s
[2022-12-08T05:55:46.543+0000][6][safepoint   ] Safepoint "G1Concurrent", Time since last: 107346875 ns, Reaching safepoint: 514667 ns, At safepoint: 2313833 ns, Total: 2828500 ns
[2022-12-08T05:55:46.544+0000][6][gc,marking  ] GC(12) Concurrent Cleanup for Next Mark
[2022-12-08T05:55:46.545+0000][6][gc,marking  ] GC(12) Concurrent Cleanup for Next Mark 1.179ms
[2022-12-08T05:55:46.546+0000][6][gc          ] GC(12) Concurrent Cycle 200.420ms
[2022-12-08T05:55:47.542+0000][6][safepoint   ] Safepoint "ICBufferFull", Time since last: 998576125 ns, Reaching safepoint: 227834 ns, At safepoint: 2833 ns, Total: 230667 ns
[2022-12-08T05:55:48.137+0000][6][safepoint   ] Safepoint "ICBufferFull", Time since last: 594780542 ns, Reaching safepoint: 172125 ns, At safepoint: 1958 ns, Total: 174083 ns
[2022-12-08T05:55:48.963+0000][6][safepoint   ] Safepoint "ICBufferFull", Time since last: 824694584 ns, Reaching safepoint: 1231750 ns, At safepoint: 17167 ns, Total: 1248917 ns
[2022-12-08T05:55:49.761+0000][6][safepoint   ] Safepoint "ICBufferFull", Time since last: 793865583 ns, Reaching safepoint: 4393209 ns, At safepoint: 6583 ns, Total: 4399792 ns
[2022-12-08T05:55:49.970+0000][6][safepoint   ] Safepoint "ICBufferFull", Time since last: 208616917 ns, Reaching safepoint: 705875 ns, At safepoint: 7583 ns, Total: 713458 ns
[2022-12-08T05:55:50.352+0000][6][safepoint   ] Safepoint "ICBufferFull", Time since last: 380952375 ns, Reaching safepoint: 92167 ns, At safepoint: 9000 ns, Total: 101167 ns
[2022-12-08T05:55:50.998+0000][6][safepoint   ] Safepoint "ICBufferFull", Time since last: 646615750 ns, Reaching safepoint: 99417 ns, At safepoint: 1792 ns, Total: 101209 ns
[2022-12-08T05:55:52.007+0000][6][safepoint   ] Safepoint "Cleanup", Time since last: 1008318042 ns, Reaching safepoint: 92250 ns, At safepoint: 6166 ns, Total: 98416 ns
[2022-12-08T05:55:55.015+0000][6][safepoint   ] Safepoint "Cleanup", Time since last: 3008672168 ns, Reaching safepoint: 68167 ns, At safepoint: 1208 ns, Total: 69375 ns
[2022-12-08T05:55:59.020+0000][6][safepoint   ] Safepoint "Cleanup", Time since last: 4004842419 ns, Reaching safepoint: 97542 ns, At safepoint: 6250 ns, Total: 103792 ns
[2022-12-08T05:56:03.024+0000][6][safepoint   ] Safepoint "Cleanup", Time since last: 4003607002 ns, Reaching safepoint: 91750 ns, At safepoint: 7208 ns, Total: 98958 ns
[2022-12-08T05:56:13.032+0000][6][safepoint   ] Safepoint "Cleanup", Time since last: 10008317838 ns, Reaching safepoint: 124917 ns, At safepoint: 7458 ns, Total: 132375 ns
[2022-12-08T05:56:22.040+0000][6][safepoint   ] Safepoint "Cleanup", Time since last: 9007159462 ns, Reaching safepoint: 85208 ns, At safepoint: 2042 ns, Total: 87250 ns
[2022-12-08T05:56:23.043+0000][6][safepoint   ] Safepoint "Cleanup", Time since last: 1003013125 ns, Reaching safepoint: 86250 ns, At safepoint: 7750 ns, Total: 94000 ns
[2022-12-08T05:56:36.053+0000][6][safepoint   ] Safepoint "Cleanup", Time since last: 13009635215 ns, Reaching safepoint: 103416 ns, At safepoint: 15000 ns, Total: 118416 ns
[2022-12-08T05:56:37.055+0000][6][safepoint   ] Safepoint "Cleanup", Time since last: 1002205542 ns, Reaching safepoint: 57584 ns, At safepoint: 5791 ns, Total: 63375 ns
[2022-12-08T05:56:52.068+0000][6][safepoint   ] Safepoint "Cleanup", Time since last: 15012645423 ns, Reaching safepoint: 70584 ns, At safepoint: 6250 ns, Total: 76834 ns
[2022-12-08T05:56:59.081+0000][6][safepoint   ] Safepoint "Cleanup", Time since last: 7012858420 ns, Reaching safepoint: 133750 ns, At safepoint: 6333 ns, Total: 140083 ns
[2022-12-08T05:57:04.088+0000][6][safepoint   ] Safepoint "Cleanup", Time since last: 5007318419 ns, Reaching safepoint: 105333 ns, At safepoint: 1750 ns, Total: 107083 ns
[2022-12-08T05:57:11.099+0000][6][safepoint   ] Safepoint "Cleanup", Time since last: 7010408712 ns, Reaching safepoint: 51208 ns, At safepoint: 1542 ns, Total: 52750 ns
[2022-12-08T05:57:12.100+0000][6][safepoint   ] Safepoint "Cleanup", Time since last: 1001604542 ns, Reaching safepoint: 56542 ns, At safepoint: 6583 ns, Total: 63125 ns
[2022-12-08T05:57:20.108+0000][6][safepoint   ] Safepoint "Cleanup", Time since last: 8006976795 ns, Reaching safepoint: 136958 ns, At safepoint: 6417 ns, Total: 143375 ns
[2022-12-08T05:57:21.113+0000][6][safepoint   ] Safepoint "Cleanup", Time since last: 1005144459 ns, Reaching safepoint: 64750 ns, At safepoint: 7167 ns, Total: 71917 ns
[2022-12-08T05:57:22.114+0000][6][safepoint   ] Safepoint "Cleanup", Time since last: 1001322500 ns, Reaching safepoint: 60375 ns, At safepoint: 1417 ns, Total: 61792 ns
[2022-12-08T05:57:23.118+0000][6][safepoint   ] Safepoint "Cleanup", Time since last: 1003284542 ns, Reaching safepoint: 84375 ns, At safepoint: 1375 ns, Total: 85750 ns
[2022-12-08T05:57:24.119+0000][6][safepoint   ] Safepoint "Cleanup", Time since last: 1001157084 ns, Reaching safepoint: 103791 ns, At safepoint: 7125 ns, Total: 110916 ns
[2022-12-08T05:57:27.123+0000][6][safepoint   ] Safepoint "Cleanup", Time since last: 3003548793 ns, Reaching safepoint: 164500 ns, At safepoint: 6042 ns, Total: 170542 ns
[2022-12-08T05:57:31.126+0000][6][safepoint   ] Safepoint "Cleanup", Time since last: 4003638627 ns, Reaching safepoint: 72333 ns, At safepoint: 1292 ns, Total: 73625 ns
[2022-12-08T05:57:35.131+0000][6][safepoint   ] Safepoint "Cleanup", Time since last: 4004905460 ns, Reaching safepoint: 103375 ns, At safepoint: 7375 ns, Total: 110750 ns
[2022-12-08T05:57:37.136+0000][6][safepoint   ] Safepoint "Cleanup", Time since last: 2004702460 ns, Reaching safepoint: 65333 ns, At safepoint: 1167 ns, Total: 66500 ns
[2022-12-08T05:57:38.138+0000][6][safepoint   ] Safepoint "Cleanup", Time since last: 1001225833 ns, Reaching safepoint: 62834 ns, At safepoint: 1083 ns, Total: 63917 ns
[2022-12-08T05:57:39.140+0000][6][safepoint   ] Safepoint "Cleanup", Time since last: 1002208459 ns, Reaching safepoint: 81958 ns, At safepoint: 1667 ns, Total: 83625 ns
[2022-12-08T05:57:51.150+0000][6][safepoint   ] Safepoint "Cleanup", Time since last: 12009686088 ns, Reaching safepoint: 69500 ns, At safepoint: 29750 ns, Total: 99250 ns
[2022-12-08T05:57:57.166+0000][6][safepoint   ] Safepoint "Cleanup", Time since last: 6016718878 ns, Reaching safepoint: 89875 ns, At safepoint: 4875 ns, Total: 94750 ns
[2022-12-08T05:57:58.168+0000][6][safepoint   ] Safepoint "Cleanup", Time since last: 1001960501 ns, Reaching safepoint: 141208 ns, At safepoint: 18083 ns, Total: 159291 ns
[2022-12-08T05:58:09.178+0000][6][safepoint   ] Safepoint "Cleanup", Time since last: 11009329464 ns, Reaching safepoint: 91583 ns, At safepoint: 6958 ns, Total: 98541 ns
[2022-12-08T05:58:11.182+0000][6][safepoint   ] Safepoint "Cleanup", Time since last: 2004011210 ns, Reaching safepoint: 64041 ns, At safepoint: 1750 ns, Total: 65791 ns
[2022-12-08T05:58:27.192+0000][6][safepoint   ] Safepoint "Cleanup", Time since last: 16009597215 ns, Reaching safepoint: 122834 ns, At safepoint: 6583 ns, Total: 129417 ns
[2022-12-08T05:58:28.194+0000][6][safepoint   ] Safepoint "Cleanup", Time since last: 1002170126 ns, Reaching safepoint: 147666 ns, At safepoint: 7625 ns, Total: 155291 ns
[2022-12-08T05:58:29.195+0000][6][safepoint   ] Safepoint "Cleanup", Time since last: 1001188042 ns, Reaching safepoint: 73417 ns, At safepoint: 5417 ns, Total: 78834 ns
[2022-12-08T05:58:37.202+0000][6][safepoint   ] Safepoint "Cleanup", Time since last: 8006511920 ns, Reaching safepoint: 76500 ns, At safepoint: 11250 ns, Total: 87750 ns
[2022-12-08T05:58:41.204+0000][6][safepoint   ] Safepoint "Cleanup", Time since last: 4001805919 ns, Reaching safepoint: 77125 ns, At safepoint: 6083 ns, Total: 83208 ns
[2022-12-08T05:58:54.216+0000][6][safepoint   ] Safepoint "Cleanup", Time since last: 13012137297 ns, Reaching safepoint: 75959 ns, At safepoint: 1125 ns, Total: 77084 ns
[2022-12-08T05:58:57.219+0000][6][safepoint   ] Safepoint "Cleanup", Time since last: 3002915459 ns, Reaching safepoint: 76292 ns, At safepoint: 7042 ns, Total: 83334 ns
[2022-12-08T05:59:01.224+0000][6][safepoint   ] Safepoint "Cleanup", Time since last: 4004752918 ns, Reaching safepoint: 69334 ns, At safepoint: 4583 ns, Total: 73917 ns
[2022-12-08T05:59:02.227+0000][6][safepoint   ] Safepoint "Cleanup", Time since last: 1002774459 ns, Reaching safepoint: 80083 ns, At safepoint: 5542 ns, Total: 85625 ns
[2022-12-08T05:59:09.234+0000][6][safepoint   ] Safepoint "Cleanup", Time since last: 7006932420 ns, Reaching safepoint: 101042 ns, At safepoint: 1375 ns, Total: 102417 ns
[2022-12-08T05:59:17.240+0000][6][safepoint   ] Safepoint "Cleanup", Time since last: 8005262712 ns, Reaching safepoint: 520208 ns, At safepoint: 8000 ns, Total: 528208 ns
[2022-12-08T05:59:22.246+0000][6][safepoint   ] Safepoint "Cleanup", Time since last: 5006147960 ns, Reaching safepoint: 134500 ns, At safepoint: 6500 ns, Total: 141000 ns
[2022-12-08T05:59:52.275+0000][6][safepoint   ] Safepoint "Cleanup", Time since last: 30028344971 ns, Reaching safepoint: 321500 ns, At safepoint: 2084 ns, Total: 323584 ns
[2022-12-08T06:00:41.363+0000][6][safepoint   ] Safepoint "Cleanup", Time since last: 49081221481 ns, Reaching safepoint: 234625 ns, At safepoint: 7625 ns, Total: 242250 ns
[2022-12-08T06:00:46.366+0000][6][safepoint   ] Safepoint "Cleanup", Time since last: 5002915586 ns, Reaching safepoint: 132500 ns, At safepoint: 9125 ns, Total: 141625 ns
[2022-12-08T06:01:07.422+0000][6][safepoint   ] Safepoint "Cleanup", Time since last: 21045179468 ns, Reaching safepoint: 398166 ns, At safepoint: 13834 ns, Total: 412000 ns
[2022-12-08T06:02:37.623+0000][6][safepoint   ] Safepoint "Cleanup", Time since last: 90196324707 ns, Reaching safepoint: 1467166 ns, At safepoint: 29042 ns, Total: 1496208 ns
[2022-12-08T06:02:47.235+0000][6][gc,start    ] GC(13) Pause Young (Concurrent Start) (G1 Evacuation Pause)
[2022-12-08T06:02:47.239+0000][6][gc,task     ] GC(13) Using 4 workers of 4 for evacuation
[2022-12-08T06:02:47.242+0000][6][gc,age      ] GC(13) Desired survivor size 19922944 bytes, new threshold 15 (max threshold 15)
[2022-12-08T06:02:47.318+0000][6][gc,age      ] GC(13) Age table with threshold 15 (max threshold 15)
[2022-12-08T06:02:47.319+0000][6][gc,age      ] GC(13) - age   1:   11398288 bytes,   11398288 total
[2022-12-08T06:02:47.320+0000][6][gc,age      ] GC(13) - age   2:    6106624 bytes,   17504912 total
[2022-12-08T06:02:47.321+0000][6][gc,phases   ] GC(13)   Pre Evacuate Collection Set: 3.8ms
[2022-12-08T06:02:47.322+0000][6][gc,phases   ] GC(13)   Merge Heap Roots: 0.8ms
[2022-12-08T06:02:47.322+0000][6][gc,phases   ] GC(13)   Evacuate Collection Set: 65.4ms
[2022-12-08T06:02:47.323+0000][6][gc,phases   ] GC(13)   Post Evacuate Collection Set: 3.5ms
[2022-12-08T06:02:47.324+0000][6][gc,phases   ] GC(13)   Other: 12.1ms
[2022-12-08T06:02:47.325+0000][6][gc,heap     ] GC(13) Eden regions: 290->0(280)
[2022-12-08T06:02:47.325+0000][6][gc,heap     ] GC(13) Survivor regions: 8->18(38)
[2022-12-08T06:02:47.326+0000][6][gc,heap     ] GC(13) Old regions: 48->48
[2022-12-08T06:02:47.327+0000][6][gc,heap     ] GC(13) Archive regions: 0->0
[2022-12-08T06:02:47.327+0000][6][gc,heap     ] GC(13) Humongous regions: 1->1
[2022-12-08T06:02:47.328+0000][6][gc,metaspace] GC(13) Metaspace: 86275K(89636K)->86275K(89636K) NonClass: 74929K(77220K)->74929K(77220K) Class: 11345K(12416K)->11345K(12416K)
[2022-12-08T06:02:47.329+0000][6][gc          ] GC(13) Pause Young (Concurrent Start) (G1 Evacuation Pause) 346M->66M(512M) 93.075ms
[2022-12-08T06:02:47.329+0000][6][gc,cpu      ] GC(13) User=0.27s Sys=0.01s Real=0.09s
[2022-12-08T06:02:47.330+0000][6][safepoint   ] Safepoint "G1CollectForAllocation", Time since last: 9611854713 ns, Reaching safepoint: 724375 ns, At safepoint: 94462708 ns, Total: 95187083 ns
[2022-12-08T06:02:47.330+0000][6][gc          ] GC(14) Concurrent Cycle
[2022-12-08T06:02:47.334+0000][6][gc,marking  ] GC(14) Concurrent Clear Claimed Marks
[2022-12-08T06:02:47.337+0000][6][gc,marking  ] GC(14) Concurrent Clear Claimed Marks 3.004ms
[2022-12-08T06:02:47.339+0000][6][gc,marking  ] GC(14) Concurrent Scan Root Regions
[2022-12-08T06:02:47.350+0000][6][gc,marking  ] GC(14) Concurrent Scan Root Regions 11.845ms
[2022-12-08T06:02:47.352+0000][6][gc,marking  ] GC(14) Concurrent Mark (433.094s)
[2022-12-08T06:02:47.353+0000][6][gc,marking  ] GC(14) Concurrent Mark From Roots
[2022-12-08T06:02:47.354+0000][6][gc,task     ] GC(14) Using 1 workers of 1 for marking
[2022-12-08T06:02:47.408+0000][6][gc,marking  ] GC(14) Concurrent Mark From Roots 55.443ms
[2022-12-08T06:02:47.409+0000][6][gc,marking  ] GC(14) Concurrent Preclean
[2022-12-08T06:02:47.410+0000][6][gc,marking  ] GC(14) Concurrent Preclean 0.966ms
[2022-12-08T06:02:47.411+0000][6][gc,marking  ] GC(14) Concurrent Mark (433.094s, 433.154s) 59.603ms
[2022-12-08T06:02:47.413+0000][6][gc,start    ] GC(14) Pause Remark
[2022-12-08T06:02:47.427+0000][6][gc          ] GC(14) Pause Remark 68M->68M(512M) 14.484ms
[2022-12-08T06:02:47.428+0000][6][gc,cpu      ] GC(14) User=0.03s Sys=0.00s Real=0.02s
[2022-12-08T06:02:47.429+0000][6][safepoint   ] Safepoint "G1Concurrent", Time since last: 82790209 ns, Reaching safepoint: 393500 ns, At safepoint: 16448583 ns, Total: 16842083 ns
[2022-12-08T06:02:47.431+0000][6][gc,marking  ] GC(14) Concurrent Rebuild Remembered Sets
[2022-12-08T06:02:47.461+0000][6][gc,marking  ] GC(14) Concurrent Rebuild Remembered Sets 30.116ms
[2022-12-08T06:02:47.464+0000][6][gc,start    ] GC(14) Pause Cleanup
[2022-12-08T06:02:47.466+0000][6][gc          ] GC(14) Pause Cleanup 68M->68M(512M) 1.896ms
[2022-12-08T06:02:47.467+0000][6][gc,cpu      ] GC(14) User=0.00s Sys=0.00s Real=0.01s
[2022-12-08T06:02:47.469+0000][6][safepoint   ] Safepoint "G1Concurrent", Time since last: 32311583 ns, Reaching safepoint: 2278334 ns, At safepoint: 5417750 ns, Total: 7696084 ns
[2022-12-08T06:02:47.471+0000][6][gc,marking  ] GC(14) Concurrent Cleanup for Next Mark
[2022-12-08T06:02:47.478+0000][6][gc,marking  ] GC(14) Concurrent Cleanup for Next Mark 7.091ms
[2022-12-08T06:02:47.479+0000][6][gc          ] GC(14) Concurrent Cycle 149.308ms
[2022-12-08T06:02:52.484+0000][6][safepoint   ] Safepoint "Cleanup", Time since last: 5012961251 ns, Reaching safepoint: 1021542 ns, At safepoint: 32542 ns, Total: 1054084 ns
[2022-12-08T06:02:57.502+0000][6][safepoint   ] Safepoint "Cleanup", Time since last: 5017854002 ns, Reaching safepoint: 299708 ns, At safepoint: 26084 ns, Total: 325792 ns
[2022-12-08T06:04:11.639+0000][6][safepoint   ] Safepoint "Cleanup", Time since last: 74136553783 ns, Reaching safepoint: 343125 ns, At safepoint: 28125 ns, Total: 371250 ns
[2022-12-08T06:04:29.665+0000][6][safepoint   ] Safepoint "Cleanup", Time since last: 18024639925 ns, Reaching safepoint: 416167 ns, At safepoint: 4875 ns, Total: 421042 ns
[2022-12-08T06:04:37.683+0000][6][safepoint   ] Safepoint "Cleanup", Time since last: 8018237420 ns, Reaching safepoint: 234917 ns, At safepoint: 14166 ns, Total: 249083 ns
[2022-12-08T06:04:38.710+0000][6][safepoint   ] Safepoint "Cleanup", Time since last: 1027109251 ns, Reaching safepoint: 79250 ns, At safepoint: 11042 ns, Total: 90292 ns
[2022-12-08T06:04:39.712+0000][6][safepoint   ] Safepoint "Cleanup", Time since last: 1001614500 ns, Reaching safepoint: 225458 ns, At safepoint: 12125 ns, Total: 237583 ns
