[2023-01-09T09:47:09.706+0000][7][gc] Using G1
[2023-01-09T09:47:09.909+0000][7][gc,init] Version: 15+36-1562 (release)
[2023-01-09T09:47:09.910+0000][7][gc,init] CPUs: 4 total, 4 available
[2023-01-09T09:47:09.912+0000][7][gc,init] Memory: 7951M
[2023-01-09T09:47:09.913+0000][7][gc,init] Large Page Support: Disabled
[2023-01-09T09:47:09.914+0000][7][gc,init] NUMA Support: Disabled
[2023-01-09T09:47:09.915+0000][7][gc,init] Compressed Oops: Enabled (32-bit)
[2023-01-09T09:47:09.916+0000][7][gc,init] Heap Region Size: 1M
[2023-01-09T09:47:09.917+0000][7][gc,init] Heap Min Capacity: 512M
[2023-01-09T09:47:09.918+0000][7][gc,init] Heap Initial Capacity: 512M
[2023-01-09T09:47:09.919+0000][7][gc,init] Heap Max Capacity: 512M
[2023-01-09T09:47:09.920+0000][7][gc,init] Pre-touch: Enabled
[2023-01-09T09:47:09.920+0000][7][gc,init] Parallel Workers: 4
[2023-01-09T09:47:09.921+0000][7][gc,init] Concurrent Workers: 1
[2023-01-09T09:47:09.922+0000][7][gc,init] Concurrent Refinement Workers: 4
[2023-01-09T09:47:09.923+0000][7][gc,init] Periodic GC: Disabled
[2023-01-09T09:47:09.924+0000][7][gc,metaspace] CDS disabled.
[2023-01-09T09:47:09.924+0000][7][gc,metaspace] Compressed class space mapped at: 0x0000000100000000-0x0000000140000000, size: 1073741824
[2023-01-09T09:47:09.925+0000][7][gc,metaspace] Narrow klass base: 0x0000000000000000, Narrow klass shift: 3, Narrow klass range: 0x140000000
[2023-01-09T09:47:10.286+0000][7][safepoint   ] Safepoint "ICBufferFull", Time since last: 344268875 ns, Reaching safepoint: 2648708 ns, At safepoint: 3083 ns, Total: 2651791 ns
[2023-01-09T09:47:10.613+0000][7][safepoint   ] Safepoint "ICBufferFull", Time since last: 325292084 ns, Reaching safepoint: 1010083 ns, At safepoint: 5917 ns, Total: 1016000 ns
[2023-01-09T09:47:10.927+0000][7][safepoint   ] Safepoint "ICBufferFull", Time since last: 314269333 ns, Reaching safepoint: 139500 ns, At safepoint: 2250 ns, Total: 141750 ns
[2023-01-09T09:47:11.061+0000][7][gc,start    ] GC(0) Pause Young (Normal) (G1 Evacuation Pause)
[2023-01-09T09:47:11.071+0000][7][gc,task     ] GC(0) Using 4 workers of 4 for evacuation
[2023-01-09T09:47:11.073+0000][7][gc,age      ] GC(0) Desired survivor size 2097152 bytes, new threshold 15 (max threshold 15)
[2023-01-09T09:47:11.079+0000][7][gc,age      ] GC(0) Age table with threshold 15 (max threshold 15)
[2023-01-09T09:47:11.080+0000][7][gc,age      ] GC(0) - age   1:    3930192 bytes,    3930192 total
[2023-01-09T09:47:11.081+0000][7][gc,phases   ] GC(0)   Pre Evacuate Collection Set: 0.4ms
[2023-01-09T09:47:11.082+0000][7][gc,phases   ] GC(0)   Merge Heap Roots: 0.0ms
[2023-01-09T09:47:11.083+0000][7][gc,phases   ] GC(0)   Evacuate Collection Set: 4.7ms
[2023-01-09T09:47:11.085+0000][7][gc,phases   ] GC(0)   Post Evacuate Collection Set: 0.4ms
[2023-01-09T09:47:11.086+0000][7][gc,phases   ] GC(0)   Other: 14.5ms
[2023-01-09T09:47:11.087+0000][7][gc,heap     ] GC(0) Eden regions: 25->0(25)
[2023-01-09T09:47:11.087+0000][7][gc,heap     ] GC(0) Survivor regions: 0->4(4)
[2023-01-09T09:47:11.088+0000][7][gc,heap     ] GC(0) Old regions: 0->0
[2023-01-09T09:47:11.089+0000][7][gc,heap     ] GC(0) Archive regions: 0->0
[2023-01-09T09:47:11.090+0000][7][gc,heap     ] GC(0) Humongous regions: 1->1
[2023-01-09T09:47:11.090+0000][7][gc,metaspace] GC(0) Metaspace: 15717K(16384K)->15717K(16384K) NonClass: 14131K(14592K)->14131K(14592K) Class: 1585K(1792K)->1585K(1792K)
[2023-01-09T09:47:11.091+0000][7][gc          ] GC(0) Pause Young (Normal) (G1 Evacuation Pause) 26M->4M(512M) 30.372ms
[2023-01-09T09:47:11.092+0000][7][gc,cpu      ] GC(0) User=0.02s Sys=0.00s Real=0.03s
[2023-01-09T09:47:11.093+0000][7][safepoint   ] Safepoint "G1CollectForAllocation", Time since last: 133399417 ns, Reaching safepoint: 333333 ns, At safepoint: 32258667 ns, Total: 32592000 ns
[2023-01-09T09:47:11.620+0000][7][safepoint   ] Safepoint "ICBufferFull", Time since last: 526685625 ns, Reaching safepoint: 168167 ns, At safepoint: 1833 ns, Total: 170000 ns
[2023-01-09T09:47:11.911+0000][7][gc,start    ] GC(1) Pause Young (Concurrent Start) (Metadata GC Threshold)
[2023-01-09T09:47:11.914+0000][7][gc,task     ] GC(1) Using 4 workers of 4 for evacuation
[2023-01-09T09:47:11.915+0000][7][gc,age      ] GC(1) Desired survivor size 2097152 bytes, new threshold 1 (max threshold 15)
[2023-01-09T09:47:11.932+0000][7][gc,age      ] GC(1) Age table with threshold 1 (max threshold 15)
[2023-01-09T09:47:11.933+0000][7][gc,age      ] GC(1) - age   1:    2140296 bytes,    2140296 total
[2023-01-09T09:47:11.934+0000][7][gc,phases   ] GC(1)   Pre Evacuate Collection Set: 0.2ms
[2023-01-09T09:47:11.934+0000][7][gc,phases   ] GC(1)   Merge Heap Roots: 0.0ms
[2023-01-09T09:47:11.936+0000][7][gc,phases   ] GC(1)   Evacuate Collection Set: 9.9ms
[2023-01-09T09:47:11.936+0000][7][gc,phases   ] GC(1)   Post Evacuate Collection Set: 5.6ms
[2023-01-09T09:47:11.937+0000][7][gc,phases   ] GC(1)   Other: 6.5ms
[2023-01-09T09:47:11.938+0000][7][gc,heap     ] GC(1) Eden regions: 23->0(34)
[2023-01-09T09:47:11.938+0000][7][gc,heap     ] GC(1) Survivor regions: 4->3(4)
[2023-01-09T09:47:11.939+0000][7][gc,heap     ] GC(1) Old regions: 0->4
[2023-01-09T09:47:11.940+0000][7][gc,heap     ] GC(1) Archive regions: 0->0
[2023-01-09T09:47:11.940+0000][7][gc,heap     ] GC(1) Humongous regions: 1->1
[2023-01-09T09:47:11.941+0000][7][gc,metaspace] GC(1) Metaspace: 20831K(21248K)->20831K(21248K) NonClass: 18606K(18944K)->18606K(18944K) Class: 2225K(2304K)->2225K(2304K)
[2023-01-09T09:47:11.942+0000][7][gc          ] GC(1) Pause Young (Concurrent Start) (Metadata GC Threshold) 27M->7M(512M) 30.063ms
[2023-01-09T09:47:11.942+0000][7][gc,cpu      ] GC(1) User=0.01s Sys=0.00s Real=0.03s
[2023-01-09T09:47:11.943+0000][7][safepoint   ] Safepoint "CollectForMetadataAllocation", Time since last: 291358709 ns, Reaching safepoint: 107041 ns, At safepoint: 31283751 ns, Total: 31390792 ns
[2023-01-09T09:47:11.943+0000][7][gc          ] GC(2) Concurrent Cycle
[2023-01-09T09:47:11.945+0000][7][gc,marking  ] GC(2) Concurrent Clear Claimed Marks
[2023-01-09T09:47:11.945+0000][7][gc,marking  ] GC(2) Concurrent Clear Claimed Marks 0.647ms
[2023-01-09T09:47:11.946+0000][7][gc,marking  ] GC(2) Concurrent Scan Root Regions
[2023-01-09T09:47:11.952+0000][7][gc,marking  ] GC(2) Concurrent Scan Root Regions 6.361ms
[2023-01-09T09:47:11.953+0000][7][gc,marking  ] GC(2) Concurrent Mark (2.262s)
[2023-01-09T09:47:11.954+0000][7][gc,marking  ] GC(2) Concurrent Mark From Roots
[2023-01-09T09:47:11.955+0000][7][gc,task     ] GC(2) Using 1 workers of 1 for marking
[2023-01-09T09:47:11.956+0000][7][gc,marking  ] GC(2) Concurrent Mark From Roots 1.951ms
[2023-01-09T09:47:11.956+0000][7][gc,marking  ] GC(2) Concurrent Preclean
[2023-01-09T09:47:11.958+0000][7][gc,marking  ] GC(2) Concurrent Preclean 1.015ms
[2023-01-09T09:47:11.958+0000][7][gc,marking  ] GC(2) Concurrent Mark (2.262s, 2.267s) 4.656ms
[2023-01-09T09:47:11.959+0000][7][gc,start    ] GC(2) Pause Remark
[2023-01-09T09:47:11.961+0000][7][gc          ] GC(2) Pause Remark 7M->7M(512M) 2.183ms
[2023-01-09T09:47:11.962+0000][7][gc,cpu      ] GC(2) User=0.00s Sys=0.00s Real=0.01s
[2023-01-09T09:47:11.963+0000][7][safepoint   ] Safepoint "G1Concurrent", Time since last: 15933958 ns, Reaching safepoint: 32708 ns, At safepoint: 3839209 ns, Total: 3871917 ns
[2023-01-09T09:47:11.963+0000][7][gc,marking  ] GC(2) Concurrent Rebuild Remembered Sets
[2023-01-09T09:47:11.965+0000][7][gc,marking  ] GC(2) Concurrent Rebuild Remembered Sets 2.126ms
[2023-01-09T09:47:11.975+0000][7][gc,start    ] GC(2) Pause Cleanup
[2023-01-09T09:47:11.976+0000][7][gc          ] GC(2) Pause Cleanup 7M->7M(512M) 1.144ms
[2023-01-09T09:47:11.977+0000][7][gc,cpu      ] GC(2) User=0.00s Sys=0.00s Real=0.00s
[2023-01-09T09:47:11.978+0000][7][safepoint   ] Safepoint "G1Concurrent", Time since last: 3846500 ns, Reaching safepoint: 8266291 ns, At safepoint: 3047834 ns, Total: 11314125 ns
[2023-01-09T09:47:11.979+0000][7][gc,marking  ] GC(2) Concurrent Cleanup for Next Mark
[2023-01-09T09:47:11.980+0000][7][gc,marking  ] GC(2) Concurrent Cleanup for Next Mark 1.171ms
[2023-01-09T09:47:11.980+0000][7][gc          ] GC(2) Concurrent Cycle 37.729ms
[2023-01-09T09:47:12.499+0000][7][safepoint   ] Safepoint "ICBufferFull", Time since last: 520830958 ns, Reaching safepoint: 235625 ns, At safepoint: 2625 ns, Total: 238250 ns
[2023-01-09T09:47:12.547+0000][7][gc,start    ] GC(3) Pause Young (Normal) (G1 Evacuation Pause)
[2023-01-09T09:47:12.548+0000][7][gc,task     ] GC(3) Using 4 workers of 4 for evacuation
[2023-01-09T09:47:12.549+0000][7][gc,age      ] GC(3) Desired survivor size 2621440 bytes, new threshold 15 (max threshold 15)
[2023-01-09T09:47:12.582+0000][7][gc,age      ] GC(3) Age table with threshold 15 (max threshold 15)
[2023-01-09T09:47:12.583+0000][7][gc,age      ] GC(3) - age   1:    2940008 bytes,    2940008 total
[2023-01-09T09:47:12.584+0000][7][gc,age      ] GC(3) - age   2:    2117696 bytes,    5057704 total
[2023-01-09T09:47:12.585+0000][7][gc,phases   ] GC(3)   Pre Evacuate Collection Set: 0.4ms
[2023-01-09T09:47:12.586+0000][7][gc,phases   ] GC(3)   Merge Heap Roots: 0.1ms
[2023-01-09T09:47:12.587+0000][7][gc,phases   ] GC(3)   Evacuate Collection Set: 31.2ms
[2023-01-09T09:47:12.588+0000][7][gc,phases   ] GC(3)   Post Evacuate Collection Set: 0.5ms
[2023-01-09T09:47:12.589+0000][7][gc,phases   ] GC(3)   Other: 6.0ms
[2023-01-09T09:47:12.589+0000][7][gc,heap     ] GC(3) Eden regions: 35->0(177)
[2023-01-09T09:47:12.590+0000][7][gc,heap     ] GC(3) Survivor regions: 3->5(5)
[2023-01-09T09:47:12.591+0000][7][gc,heap     ] GC(3) Old regions: 4->4
[2023-01-09T09:47:12.592+0000][7][gc,heap     ] GC(3) Archive regions: 0->0
[2023-01-09T09:47:12.593+0000][7][gc,heap     ] GC(3) Humongous regions: 1->1
[2023-01-09T09:47:12.594+0000][7][gc,metaspace] GC(3) Metaspace: 22583K(23040K)->22583K(23040K) NonClass: 20168K(20480K)->20168K(20480K) Class: 2415K(2560K)->2415K(2560K)
[2023-01-09T09:47:12.595+0000][7][gc          ] GC(3) Pause Young (Normal) (G1 Evacuation Pause) 42M->9M(512M) 47.693ms
[2023-01-09T09:47:12.596+0000][7][gc,cpu      ] GC(3) User=0.02s Sys=0.01s Real=0.05s
[2023-01-09T09:47:12.596+0000][7][safepoint   ] Safepoint "G1CollectForAllocation", Time since last: 47749083 ns, Reaching safepoint: 250959 ns, At safepoint: 49439791 ns, Total: 49690750 ns
[2023-01-09T09:47:12.746+0000][7][safepoint   ] Safepoint "ICBufferFull", Time since last: 149213917 ns, Reaching safepoint: 138125 ns, At safepoint: 2459 ns, Total: 140584 ns
[2023-01-09T09:47:12.749+0000][7][safepoint   ] Safepoint "ICBufferFull", Time since last: 3434250 ns, Reaching safepoint: 108375 ns, At safepoint: 1666 ns, Total: 110041 ns
[2023-01-09T09:47:12.752+0000][7][safepoint   ] Safepoint "ICBufferFull", Time since last: 2468375 ns, Reaching safepoint: 109667 ns, At safepoint: 1750 ns, Total: 111417 ns
[2023-01-09T09:47:12.754+0000][7][safepoint   ] Safepoint "ICBufferFull", Time since last: 2361167 ns, Reaching safepoint: 113083 ns, At safepoint: 1708 ns, Total: 114791 ns
[2023-01-09T09:47:12.759+0000][7][safepoint   ] Safepoint "ICBufferFull", Time since last: 4814250 ns, Reaching safepoint: 108125 ns, At safepoint: 1750 ns, Total: 109875 ns
[2023-01-09T09:47:12.761+0000][7][safepoint   ] Safepoint "ICBufferFull", Time since last: 1766042 ns, Reaching safepoint: 102833 ns, At safepoint: 1584 ns, Total: 104417 ns
[2023-01-09T09:47:12.763+0000][7][safepoint   ] Safepoint "ICBufferFull", Time since last: 1873708 ns, Reaching safepoint: 115500 ns, At safepoint: 1667 ns, Total: 117167 ns
[2023-01-09T09:47:12.764+0000][7][safepoint   ] Safepoint "ICBufferFull", Time since last: 1414916 ns, Reaching safepoint: 114625 ns, At safepoint: 1750 ns, Total: 116375 ns
[2023-01-09T09:47:12.775+0000][7][safepoint   ] Safepoint "ICBufferFull", Time since last: 10200292 ns, Reaching safepoint: 125708 ns, At safepoint: 2042 ns, Total: 127750 ns
[2023-01-09T09:47:12.788+0000][7][safepoint   ] Safepoint "ICBufferFull", Time since last: 13298292 ns, Reaching safepoint: 59000 ns, At safepoint: 2083 ns, Total: 61083 ns
[2023-01-09T09:47:12.790+0000][7][safepoint   ] Safepoint "ICBufferFull", Time since last: 2021958 ns, Reaching safepoint: 44125 ns, At safepoint: 1584 ns, Total: 45709 ns
[2023-01-09T09:47:12.793+0000][7][safepoint   ] Safepoint "ICBufferFull", Time since last: 2645291 ns, Reaching safepoint: 31292 ns, At safepoint: 2417 ns, Total: 33709 ns
[2023-01-09T09:47:12.804+0000][7][safepoint   ] Safepoint "ICBufferFull", Time since last: 10660083 ns, Reaching safepoint: 53167 ns, At safepoint: 2083 ns, Total: 55250 ns
[2023-01-09T09:47:12.805+0000][7][safepoint   ] Safepoint "ICBufferFull", Time since last: 1822958 ns, Reaching safepoint: 50500 ns, At safepoint: 2084 ns, Total: 52584 ns
[2023-01-09T09:47:12.807+0000][7][safepoint   ] Safepoint "ICBufferFull", Time since last: 1522083 ns, Reaching safepoint: 43500 ns, At safepoint: 2625 ns, Total: 46125 ns
[2023-01-09T09:47:12.809+0000][7][safepoint   ] Safepoint "ICBufferFull", Time since last: 1630208 ns, Reaching safepoint: 50750 ns, At safepoint: 6917 ns, Total: 57667 ns
[2023-01-09T09:47:12.810+0000][7][safepoint   ] Safepoint "ICBufferFull", Time since last: 1391792 ns, Reaching safepoint: 43041 ns, At safepoint: 3084 ns, Total: 46125 ns
[2023-01-09T09:47:12.814+0000][7][safepoint   ] Safepoint "ICBufferFull", Time since last: 1699416 ns, Reaching safepoint: 2550667 ns, At safepoint: 4792 ns, Total: 2555459 ns
[2023-01-09T09:47:12.816+0000][7][safepoint   ] Safepoint "ICBufferFull", Time since last: 1783375 ns, Reaching safepoint: 197833 ns, At safepoint: 3042 ns, Total: 200875 ns
[2023-01-09T09:47:12.821+0000][7][safepoint   ] Safepoint "ICBufferFull", Time since last: 2305791 ns, Reaching safepoint: 2682584 ns, At safepoint: 5250 ns, Total: 2687834 ns
[2023-01-09T09:47:12.824+0000][7][safepoint   ] Safepoint "ICBufferFull", Time since last: 2004791 ns, Reaching safepoint: 118292 ns, At safepoint: 2542 ns, Total: 120834 ns
[2023-01-09T09:47:12.829+0000][7][safepoint   ] Safepoint "ICBufferFull", Time since last: 1392208 ns, Reaching safepoint: 3702667 ns, At safepoint: 6250 ns, Total: 3708917 ns
[2023-01-09T09:47:12.832+0000][7][safepoint   ] Safepoint "ICBufferFull", Time since last: 2102791 ns, Reaching safepoint: 1663459 ns, At safepoint: 4000 ns, Total: 1667459 ns
[2023-01-09T09:47:12.834+0000][7][safepoint   ] Safepoint "ICBufferFull", Time since last: 1811666 ns, Reaching safepoint: 144834 ns, At safepoint: 2541 ns, Total: 147375 ns
[2023-01-09T09:47:12.840+0000][7][safepoint   ] Safepoint "ICBufferFull", Time since last: 1888542 ns, Reaching safepoint: 3936958 ns, At safepoint: 7250 ns, Total: 3944208 ns
[2023-01-09T09:47:12.843+0000][7][safepoint   ] Safepoint "ICBufferFull", Time since last: 2801084 ns, Reaching safepoint: 123583 ns, At safepoint: 2292 ns, Total: 125875 ns
[2023-01-09T09:47:12.849+0000][7][safepoint   ] Safepoint "ICBufferFull", Time since last: 2202083 ns, Reaching safepoint: 3308167 ns, At safepoint: 4583 ns, Total: 3312750 ns
[2023-01-09T09:47:12.850+0000][7][safepoint   ] Safepoint "ICBufferFull", Time since last: 1615667 ns, Reaching safepoint: 64000 ns, At safepoint: 1416 ns, Total: 65416 ns
[2023-01-09T09:47:12.861+0000][7][safepoint   ] Safepoint "ICBufferFull", Time since last: 11016417 ns, Reaching safepoint: 41167 ns, At safepoint: 1666 ns, Total: 42833 ns
[2023-01-09T09:47:12.864+0000][7][safepoint   ] Safepoint "ICBufferFull", Time since last: 2637959 ns, Reaching safepoint: 98666 ns, At safepoint: 3292 ns, Total: 101958 ns
[2023-01-09T09:47:12.867+0000][7][safepoint   ] Safepoint "ICBufferFull", Time since last: 3076083 ns, Reaching safepoint: 128959 ns, At safepoint: 3500 ns, Total: 132459 ns
[2023-01-09T09:47:12.869+0000][7][safepoint   ] Safepoint "ICBufferFull", Time since last: 1380333 ns, Reaching safepoint: 32292 ns, At safepoint: 1500 ns, Total: 33792 ns
[2023-01-09T09:47:12.871+0000][7][safepoint   ] Safepoint "ICBufferFull", Time since last: 2290291 ns, Reaching safepoint: 26250 ns, At safepoint: 1167 ns, Total: 27417 ns
[2023-01-09T09:47:12.878+0000][7][safepoint   ] Safepoint "ICBufferFull", Time since last: 4328708 ns, Reaching safepoint: 2925125 ns, At safepoint: 4750 ns, Total: 2929875 ns
[2023-01-09T09:47:12.892+0000][7][safepoint   ] Safepoint "ICBufferFull", Time since last: 3891375 ns, Reaching safepoint: 10195959 ns, At safepoint: 10083 ns, Total: 10206042 ns
[2023-01-09T09:47:12.897+0000][7][safepoint   ] Safepoint "ICBufferFull", Time since last: 2767500 ns, Reaching safepoint: 2004292 ns, At safepoint: 5916 ns, Total: 2010208 ns
[2023-01-09T09:47:12.901+0000][7][safepoint   ] Safepoint "ICBufferFull", Time since last: 3483625 ns, Reaching safepoint: 401084 ns, At safepoint: 1750 ns, Total: 402834 ns
[2023-01-09T09:47:12.907+0000][7][safepoint   ] Safepoint "ICBufferFull", Time since last: 2155041 ns, Reaching safepoint: 3602084 ns, At safepoint: 2833 ns, Total: 3604917 ns
[2023-01-09T09:47:12.908+0000][7][safepoint   ] Safepoint "ICBufferFull", Time since last: 1214208 ns, Reaching safepoint: 255375 ns, At safepoint: 2459 ns, Total: 257834 ns
[2023-01-09T09:47:12.911+0000][7][safepoint   ] Safepoint "ICBufferFull", Time since last: 835250 ns, Reaching safepoint: 2076541 ns, At safepoint: 6459 ns, Total: 2083000 ns
[2023-01-09T09:47:12.913+0000][7][safepoint   ] Safepoint "ICBufferFull", Time since last: 1079458 ns, Reaching safepoint: 238625 ns, At safepoint: 2417 ns, Total: 241042 ns
[2023-01-09T09:47:12.919+0000][7][safepoint   ] Safepoint "ICBufferFull", Time since last: 1128291 ns, Reaching safepoint: 5390000 ns, At safepoint: 7625 ns, Total: 5397625 ns
[2023-01-09T09:47:12.920+0000][7][safepoint   ] Safepoint "ICBufferFull", Time since last: 1183750 ns, Reaching safepoint: 244875 ns, At safepoint: 1917 ns, Total: 246792 ns
[2023-01-09T09:47:12.922+0000][7][safepoint   ] Safepoint "ICBufferFull", Time since last: 1046708 ns, Reaching safepoint: 150334 ns, At safepoint: 1458 ns, Total: 151792 ns
[2023-01-09T09:47:12.923+0000][7][safepoint   ] Safepoint "ICBufferFull", Time since last: 1014750 ns, Reaching safepoint: 571958 ns, At safepoint: 2042 ns, Total: 574000 ns
[2023-01-09T09:47:12.924+0000][7][safepoint   ] Safepoint "ICBufferFull", Time since last: 840417 ns, Reaching safepoint: 102083 ns, At safepoint: 1458 ns, Total: 103541 ns
[2023-01-09T09:47:12.925+0000][7][safepoint   ] Safepoint "ICBufferFull", Time since last: 943000 ns, Reaching safepoint: 234917 ns, At safepoint: 1792 ns, Total: 236709 ns
[2023-01-09T09:47:12.927+0000][7][safepoint   ] Safepoint "ICBufferFull", Time since last: 1038791 ns, Reaching safepoint: 954417 ns, At safepoint: 2417 ns, Total: 956834 ns
[2023-01-09T09:47:12.928+0000][7][safepoint   ] Safepoint "ICBufferFull", Time since last: 822208 ns, Reaching safepoint: 159458 ns, At safepoint: 1750 ns, Total: 161208 ns
[2023-01-09T09:47:12.930+0000][7][safepoint   ] Safepoint "ICBufferFull", Time since last: 1091042 ns, Reaching safepoint: 329125 ns, At safepoint: 1625 ns, Total: 330750 ns
[2023-01-09T09:47:12.931+0000][7][safepoint   ] Safepoint "ICBufferFull", Time since last: 976500 ns, Reaching safepoint: 112000 ns, At safepoint: 1625 ns, Total: 113625 ns
[2023-01-09T09:47:12.934+0000][7][safepoint   ] Safepoint "ICBufferFull", Time since last: 1713042 ns, Reaching safepoint: 1534083 ns, At safepoint: 2333 ns, Total: 1536416 ns
[2023-01-09T09:47:12.935+0000][7][safepoint   ] Safepoint "ICBufferFull", Time since last: 1085417 ns, Reaching safepoint: 147917 ns, At safepoint: 1583 ns, Total: 149500 ns
[2023-01-09T09:47:12.937+0000][7][safepoint   ] Safepoint "ICBufferFull", Time since last: 1244792 ns, Reaching safepoint: 419875 ns, At safepoint: 1541 ns, Total: 421416 ns
[2023-01-09T09:47:12.940+0000][7][safepoint   ] Safepoint "ICBufferFull", Time since last: 1514875 ns, Reaching safepoint: 1508042 ns, At safepoint: 3542 ns, Total: 1511584 ns
[2023-01-09T09:47:12.942+0000][7][safepoint   ] Safepoint "ICBufferFull", Time since last: 1250291 ns, Reaching safepoint: 329917 ns, At safepoint: 4625 ns, Total: 334542 ns
[2023-01-09T09:47:12.943+0000][7][safepoint   ] Safepoint "ICBufferFull", Time since last: 1026667 ns, Reaching safepoint: 548875 ns, At safepoint: 1708 ns, Total: 550583 ns
[2023-01-09T09:47:12.945+0000][7][safepoint   ] Safepoint "ICBufferFull", Time since last: 922042 ns, Reaching safepoint: 400416 ns, At safepoint: 1709 ns, Total: 402125 ns
[2023-01-09T09:47:12.946+0000][7][safepoint   ] Safepoint "ICBufferFull", Time since last: 965000 ns, Reaching safepoint: 972041 ns, At safepoint: 1917 ns, Total: 973958 ns
[2023-01-09T09:47:12.949+0000][7][safepoint   ] Safepoint "ICBufferFull", Time since last: 1966708 ns, Reaching safepoint: 874042 ns, At safepoint: 3875 ns, Total: 877917 ns
[2023-01-09T09:47:12.953+0000][7][safepoint   ] Safepoint "ICBufferFull", Time since last: 2470750 ns, Reaching safepoint: 822125 ns, At safepoint: 1958 ns, Total: 824083 ns
[2023-01-09T09:47:12.956+0000][7][safepoint   ] Safepoint "ICBufferFull", Time since last: 2218084 ns, Reaching safepoint: 835791 ns, At safepoint: 2167 ns, Total: 837958 ns
[2023-01-09T09:47:12.974+0000][7][safepoint   ] Safepoint "ICBufferFull", Time since last: 17883083 ns, Reaching safepoint: 58750 ns, At safepoint: 5834 ns, Total: 64584 ns
[2023-01-09T09:47:12.976+0000][7][safepoint   ] Safepoint "ICBufferFull", Time since last: 1808708 ns, Reaching safepoint: 148333 ns, At safepoint: 6042 ns, Total: 154375 ns
[2023-01-09T09:47:12.977+0000][7][safepoint   ] Safepoint "ICBufferFull", Time since last: 1316750 ns, Reaching safepoint: 114875 ns, At safepoint: 5417 ns, Total: 120292 ns
[2023-01-09T09:47:12.979+0000][7][safepoint   ] Safepoint "ICBufferFull", Time since last: 1517916 ns, Reaching safepoint: 132750 ns, At safepoint: 1167 ns, Total: 133917 ns
[2023-01-09T09:47:12.980+0000][7][safepoint   ] Safepoint "ICBufferFull", Time since last: 1420750 ns, Reaching safepoint: 120167 ns, At safepoint: 2250 ns, Total: 122417 ns
[2023-01-09T09:47:12.982+0000][7][safepoint   ] Safepoint "ICBufferFull", Time since last: 1443500 ns, Reaching safepoint: 355833 ns, At safepoint: 4708 ns, Total: 360541 ns
[2023-01-09T09:47:12.984+0000][7][safepoint   ] Safepoint "ICBufferFull", Time since last: 1416542 ns, Reaching safepoint: 118375 ns, At safepoint: 1042 ns, Total: 119417 ns
[2023-01-09T09:47:12.987+0000][7][safepoint   ] Safepoint "ICBufferFull", Time since last: 3745875 ns, Reaching safepoint: 104291 ns, At safepoint: 1500 ns, Total: 105791 ns
[2023-01-09T09:47:12.990+0000][7][safepoint   ] Safepoint "ICBufferFull", Time since last: 1075709 ns, Reaching safepoint: 1743250 ns, At safepoint: 54416 ns, Total: 1797666 ns
[2023-01-09T09:47:12.992+0000][7][safepoint   ] Safepoint "ICBufferFull", Time since last: 1374500 ns, Reaching safepoint: 122084 ns, At safepoint: 1791 ns, Total: 123875 ns
[2023-01-09T09:47:13.060+0000][7][safepoint   ] Safepoint "ICBufferFull", Time since last: 68523834 ns, Reaching safepoint: 145041 ns, At safepoint: 6292 ns, Total: 151333 ns
[2023-01-09T09:47:13.435+0000][7][safepoint   ] Safepoint "ICBufferFull", Time since last: 373722625 ns, Reaching safepoint: 575292 ns, At safepoint: 3167 ns, Total: 578459 ns
[2023-01-09T09:47:13.710+0000][7][safepoint   ] Safepoint "ICBufferFull", Time since last: 274568208 ns, Reaching safepoint: 212250 ns, At safepoint: 7083 ns, Total: 219333 ns
[2023-01-09T09:47:13.750+0000][7][gc,start    ] GC(4) Pause Young (Normal) (G1 Evacuation Pause)
[2023-01-09T09:47:13.751+0000][7][gc,task     ] GC(4) Using 4 workers of 4 for evacuation
[2023-01-09T09:47:13.752+0000][7][gc,age      ] GC(4) Desired survivor size 12058624 bytes, new threshold 15 (max threshold 15)
[2023-01-09T09:47:13.788+0000][7][gc,age      ] GC(4) Age table with threshold 15 (max threshold 15)
[2023-01-09T09:47:13.790+0000][7][gc,age      ] GC(4) - age   1:    5181720 bytes,    5181720 total
[2023-01-09T09:47:13.791+0000][7][gc,age      ] GC(4) - age   2:    1167296 bytes,    6349016 total
[2023-01-09T09:47:13.792+0000][7][gc,age      ] GC(4) - age   3:    2103416 bytes,    8452432 total
[2023-01-09T09:47:13.793+0000][7][gc,phases   ] GC(4)   Pre Evacuate Collection Set: 0.3ms
[2023-01-09T09:47:13.794+0000][7][gc,phases   ] GC(4)   Merge Heap Roots: 0.0ms
[2023-01-09T09:47:13.795+0000][7][gc,phases   ] GC(4)   Evacuate Collection Set: 18.4ms
[2023-01-09T09:47:13.796+0000][7][gc,phases   ] GC(4)   Post Evacuate Collection Set: 17.1ms
[2023-01-09T09:47:13.797+0000][7][gc,phases   ] GC(4)   Other: 7.8ms
[2023-01-09T09:47:13.799+0000][7][gc,heap     ] GC(4) Eden regions: 177->0(298)
[2023-01-09T09:47:13.800+0000][7][gc,heap     ] GC(4) Survivor regions: 5->9(23)
[2023-01-09T09:47:13.800+0000][7][gc,heap     ] GC(4) Old regions: 4->4
[2023-01-09T09:47:13.801+0000][7][gc,heap     ] GC(4) Archive regions: 0->0
[2023-01-09T09:47:13.802+0000][7][gc,heap     ] GC(4) Humongous regions: 2->1
[2023-01-09T09:47:13.803+0000][7][gc,metaspace] GC(4) Metaspace: 26019K(26880K)->26019K(26880K) NonClass: 23132K(23808K)->23132K(23808K) Class: 2887K(3072K)->2887K(3072K)
[2023-01-09T09:47:13.803+0000][7][gc          ] GC(4) Pause Young (Normal) (G1 Evacuation Pause) 187M->13M(512M) 53.753ms
[2023-01-09T09:47:13.805+0000][7][gc,cpu      ] GC(4) User=0.01s Sys=0.00s Real=0.05s
[2023-01-09T09:47:13.805+0000][7][safepoint   ] Safepoint "G1CollectForAllocation", Time since last: 39800250 ns, Reaching safepoint: 148875 ns, At safepoint: 55722375 ns, Total: 55871250 ns
[2023-01-09T09:47:14.552+0000][7][gc,start    ] GC(5) Pause Young (Normal) (G1 Evacuation Pause)
[2023-01-09T09:47:14.554+0000][7][gc,task     ] GC(5) Using 4 workers of 4 for evacuation
[2023-01-09T09:47:14.555+0000][7][gc,age      ] GC(5) Desired survivor size 20447232 bytes, new threshold 15 (max threshold 15)
[2023-01-09T09:47:14.582+0000][7][gc,age      ] GC(5) Age table with threshold 15 (max threshold 15)
[2023-01-09T09:47:14.583+0000][7][gc,age      ] GC(5) - age   1:    3851576 bytes,    3851576 total
[2023-01-09T09:47:14.584+0000][7][gc,age      ] GC(5) - age   2:    4325384 bytes,    8176960 total
[2023-01-09T09:47:14.585+0000][7][gc,age      ] GC(5) - age   3:    1167120 bytes,    9344080 total
[2023-01-09T09:47:14.585+0000][7][gc,age      ] GC(5) - age   4:    2103416 bytes,   11447496 total
[2023-01-09T09:47:14.586+0000][7][gc,phases   ] GC(5)   Pre Evacuate Collection Set: 0.4ms
[2023-01-09T09:47:14.587+0000][7][gc,phases   ] GC(5)   Merge Heap Roots: 0.1ms
[2023-01-09T09:47:14.588+0000][7][gc,phases   ] GC(5)   Evacuate Collection Set: 16.5ms
[2023-01-09T09:47:14.589+0000][7][gc,phases   ] GC(5)   Post Evacuate Collection Set: 10.2ms
[2023-01-09T09:47:14.589+0000][7][gc,phases   ] GC(5)   Other: 7.0ms
[2023-01-09T09:47:14.590+0000][7][gc,heap     ] GC(5) Eden regions: 298->0(295)
[2023-01-09T09:47:14.591+0000][7][gc,heap     ] GC(5) Survivor regions: 9->12(39)
[2023-01-09T09:47:14.592+0000][7][gc,heap     ] GC(5) Old regions: 4->4
[2023-01-09T09:47:14.593+0000][7][gc,heap     ] GC(5) Archive regions: 0->0
[2023-01-09T09:47:14.593+0000][7][gc,heap     ] GC(5) Humongous regions: 1->1
[2023-01-09T09:47:14.594+0000][7][gc,metaspace] GC(5) Metaspace: 27705K(28672K)->27705K(28672K) NonClass: 24626K(25344K)->24626K(25344K) Class: 3078K(3328K)->3078K(3328K)
[2023-01-09T09:47:14.595+0000][7][gc          ] GC(5) Pause Young (Normal) (G1 Evacuation Pause) 311M->16M(512M) 42.465ms
[2023-01-09T09:47:14.595+0000][7][gc,cpu      ] GC(5) User=0.01s Sys=0.00s Real=0.04s
[2023-01-09T09:47:14.596+0000][7][safepoint   ] Safepoint "G1CollectForAllocation", Time since last: 746624542 ns, Reaching safepoint: 332792 ns, At safepoint: 43922458 ns, Total: 44255250 ns
[2023-01-09T09:47:15.172+0000][7][gc,start    ] GC(6) Pause Young (Normal) (G1 Evacuation Pause)
[2023-01-09T09:47:15.173+0000][7][gc,task     ] GC(6) Using 4 workers of 4 for evacuation
[2023-01-09T09:47:15.178+0000][7][gc,age      ] GC(6) Desired survivor size 20447232 bytes, new threshold 15 (max threshold 15)
[2023-01-09T09:47:15.205+0000][7][gc,age      ] GC(6) Age table with threshold 15 (max threshold 15)
[2023-01-09T09:47:15.207+0000][7][gc,age      ] GC(6) - age   1:    1890896 bytes,    1890896 total
[2023-01-09T09:47:15.210+0000][7][gc,age      ] GC(6) - age   2:    3282768 bytes,    5173664 total
[2023-01-09T09:47:15.211+0000][7][gc,age      ] GC(6) - age   3:    4321080 bytes,    9494744 total
[2023-01-09T09:47:15.212+0000][7][gc,age      ] GC(6) - age   4:    1166976 bytes,   10661720 total
[2023-01-09T09:47:15.213+0000][7][gc,age      ] GC(6) - age   5:    2103416 bytes,   12765136 total
[2023-01-09T09:47:15.214+0000][7][gc,phases   ] GC(6)   Pre Evacuate Collection Set: 0.1ms
[2023-01-09T09:47:15.216+0000][7][gc,phases   ] GC(6)   Merge Heap Roots: 0.0ms
[2023-01-09T09:47:15.217+0000][7][gc,phases   ] GC(6)   Evacuate Collection Set: 24.1ms
[2023-01-09T09:47:15.218+0000][7][gc,phases   ] GC(6)   Post Evacuate Collection Set: 2.1ms
[2023-01-09T09:47:15.219+0000][7][gc,phases   ] GC(6)   Other: 14.9ms
[2023-01-09T09:47:15.219+0000][7][gc,heap     ] GC(6) Eden regions: 295->0(294)
[2023-01-09T09:47:15.220+0000][7][gc,heap     ] GC(6) Survivor regions: 12->13(39)
[2023-01-09T09:47:15.221+0000][7][gc,heap     ] GC(6) Old regions: 4->4
[2023-01-09T09:47:15.222+0000][7][gc,heap     ] GC(6) Archive regions: 0->0
[2023-01-09T09:47:15.222+0000][7][gc,heap     ] GC(6) Humongous regions: 1->1
[2023-01-09T09:47:15.223+0000][7][gc,metaspace] GC(6) Metaspace: 28089K(29312K)->28089K(29312K) NonClass: 24943K(25856K)->24943K(25856K) Class: 3146K(3456K)->3146K(3456K)
[2023-01-09T09:47:15.224+0000][7][gc          ] GC(6) Pause Young (Normal) (G1 Evacuation Pause) 311M->17M(512M) 51.544ms
[2023-01-09T09:47:15.225+0000][7][gc,cpu      ] GC(6) User=0.03s Sys=0.00s Real=0.05s
[2023-01-09T09:47:15.226+0000][7][safepoint   ] Safepoint "G1CollectForAllocation", Time since last: 575978542 ns, Reaching safepoint: 306334 ns, At safepoint: 53113291 ns, Total: 53419625 ns
[2023-01-09T09:47:15.833+0000][7][gc,start    ] GC(7) Pause Young (Normal) (G1 Evacuation Pause)
[2023-01-09T09:47:15.834+0000][7][gc,task     ] GC(7) Using 4 workers of 4 for evacuation
[2023-01-09T09:47:15.835+0000][7][gc,age      ] GC(7) Desired survivor size 20447232 bytes, new threshold 15 (max threshold 15)
[2023-01-09T09:47:15.864+0000][7][gc,age      ] GC(7) Age table with threshold 15 (max threshold 15)
[2023-01-09T09:47:15.866+0000][7][gc,age      ] GC(7) - age   1:    2339120 bytes,    2339120 total
[2023-01-09T09:47:15.867+0000][7][gc,age      ] GC(7) - age   2:     610696 bytes,    2949816 total
[2023-01-09T09:47:15.867+0000][7][gc,age      ] GC(7) - age   3:    3280992 bytes,    6230808 total
[2023-01-09T09:47:15.868+0000][7][gc,age      ] GC(7) - age   4:    4320640 bytes,   10551448 total
[2023-01-09T09:47:15.869+0000][7][gc,age      ] GC(7) - age   5:    1166976 bytes,   11718424 total
[2023-01-09T09:47:15.869+0000][7][gc,age      ] GC(7) - age   6:    2103416 bytes,   13821840 total
[2023-01-09T09:47:15.870+0000][7][gc,phases   ] GC(7)   Pre Evacuate Collection Set: 1.0ms
[2023-01-09T09:47:15.871+0000][7][gc,phases   ] GC(7)   Merge Heap Roots: 2.0ms
[2023-01-09T09:47:15.872+0000][7][gc,phases   ] GC(7)   Evacuate Collection Set: 21.0ms
[2023-01-09T09:47:15.873+0000][7][gc,phases   ] GC(7)   Post Evacuate Collection Set: 2.0ms
[2023-01-09T09:47:15.874+0000][7][gc,phases   ] GC(7)   Other: 11.5ms
[2023-01-09T09:47:15.874+0000][7][gc,heap     ] GC(7) Eden regions: 294->0(293)
[2023-01-09T09:47:15.875+0000][7][gc,heap     ] GC(7) Survivor regions: 13->14(39)
[2023-01-09T09:47:15.876+0000][7][gc,heap     ] GC(7) Old regions: 4->4
[2023-01-09T09:47:15.877+0000][7][gc,heap     ] GC(7) Archive regions: 0->0
[2023-01-09T09:47:15.878+0000][7][gc,heap     ] GC(7) Humongous regions: 1->1
[2023-01-09T09:47:15.878+0000][7][gc,metaspace] GC(7) Metaspace: 28619K(29952K)->28619K(29952K) NonClass: 25392K(26368K)->25392K(26368K) Class: 3226K(3584K)->3226K(3584K)
[2023-01-09T09:47:15.879+0000][7][gc          ] GC(7) Pause Young (Normal) (G1 Evacuation Pause) 311M->18M(512M) 46.053ms
[2023-01-09T09:47:15.880+0000][7][gc,cpu      ] GC(7) User=0.01s Sys=0.00s Real=0.05s
[2023-01-09T09:47:15.881+0000][7][safepoint   ] Safepoint "G1CollectForAllocation", Time since last: 607122001 ns, Reaching safepoint: 240833 ns, At safepoint: 47784625 ns, Total: 48025458 ns
[2023-01-09T09:47:16.240+0000][7][safepoint   ] Safepoint "ICBufferFull", Time since last: 356876584 ns, Reaching safepoint: 2874583 ns, At safepoint: 3000 ns, Total: 2877583 ns
[2023-01-09T09:47:16.413+0000][7][gc,start    ] GC(8) Pause Young (Concurrent Start) (Metadata GC Threshold)
[2023-01-09T09:47:16.415+0000][7][gc,task     ] GC(8) Using 4 workers of 4 for evacuation
[2023-01-09T09:47:16.417+0000][7][gc,age      ] GC(8) Desired survivor size 20447232 bytes, new threshold 15 (max threshold 15)
[2023-01-09T09:47:16.443+0000][7][gc,age      ] GC(8) Age table with threshold 15 (max threshold 15)
[2023-01-09T09:47:16.445+0000][7][gc,age      ] GC(8) - age   1:    2132808 bytes,    2132808 total
[2023-01-09T09:47:16.446+0000][7][gc,age      ] GC(8) - age   2:    2272488 bytes,    4405296 total
[2023-01-09T09:47:16.447+0000][7][gc,age      ] GC(8) - age   3:     599880 bytes,    5005176 total
[2023-01-09T09:47:16.448+0000][7][gc,age      ] GC(8) - age   4:    3265936 bytes,    8271112 total
[2023-01-09T09:47:16.448+0000][7][gc,age      ] GC(8) - age   5:    4309408 bytes,   12580520 total
[2023-01-09T09:47:16.449+0000][7][gc,age      ] GC(8) - age   6:    1136720 bytes,   13717240 total
[2023-01-09T09:47:16.450+0000][7][gc,age      ] GC(8) - age   7:    2100424 bytes,   15817664 total
[2023-01-09T09:47:16.450+0000][7][gc,phases   ] GC(8)   Pre Evacuate Collection Set: 0.3ms
[2023-01-09T09:47:16.451+0000][7][gc,phases   ] GC(8)   Merge Heap Roots: 0.1ms
[2023-01-09T09:47:16.451+0000][7][gc,phases   ] GC(8)   Evacuate Collection Set: 24.6ms
[2023-01-09T09:47:16.452+0000][7][gc,phases   ] GC(8)   Post Evacuate Collection Set: 1.0ms
[2023-01-09T09:47:16.453+0000][7][gc,phases   ] GC(8)   Other: 11.5ms
[2023-01-09T09:47:16.453+0000][7][gc,heap     ] GC(8) Eden regions: 134->0(291)
[2023-01-09T09:47:16.454+0000][7][gc,heap     ] GC(8) Survivor regions: 14->16(39)
[2023-01-09T09:47:16.455+0000][7][gc,heap     ] GC(8) Old regions: 4->4
[2023-01-09T09:47:16.455+0000][7][gc,heap     ] GC(8) Archive regions: 0->0
[2023-01-09T09:47:16.456+0000][7][gc,heap     ] GC(8) Humongous regions: 1->1
[2023-01-09T09:47:16.457+0000][7][gc,metaspace] GC(8) Metaspace: 34041K(35584K)->34041K(35584K) NonClass: 30106K(31232K)->30106K(31232K) Class: 3935K(4352K)->3935K(4352K)
[2023-01-09T09:47:16.457+0000][7][gc          ] GC(8) Pause Young (Concurrent Start) (Metadata GC Threshold) 152M->20M(512M) 44.541ms
[2023-01-09T09:47:16.458+0000][7][gc,cpu      ] GC(8) User=0.01s Sys=0.00s Real=0.04s
[2023-01-09T09:47:16.459+0000][7][gc          ] GC(9) Concurrent Cycle
[2023-01-09T09:47:16.459+0000][7][gc,marking  ] GC(9) Concurrent Clear Claimed Marks
[2023-01-09T09:47:16.460+0000][7][gc,marking  ] GC(9) Concurrent Clear Claimed Marks 0.717ms
[2023-01-09T09:47:16.461+0000][7][gc,marking  ] GC(9) Concurrent Scan Root Regions
[2023-01-09T09:47:16.465+0000][7][gc,marking  ] GC(9) Concurrent Scan Root Regions 4.514ms
[2023-01-09T09:47:16.466+0000][7][gc,marking  ] GC(9) Concurrent Mark (6.774s)
[2023-01-09T09:47:16.467+0000][7][gc,marking  ] GC(9) Concurrent Mark From Roots
[2023-01-09T09:47:16.467+0000][7][gc,task     ] GC(9) Using 1 workers of 1 for marking
[2023-01-09T09:47:16.459+0000][7][safepoint   ] Safepoint "CollectForMetadataAllocation", Time since last: 172371792 ns, Reaching safepoint: 96291 ns, At safepoint: 45860250 ns, Total: 45956541 ns
[2023-01-09T09:47:16.472+0000][7][gc,marking  ] GC(9) Concurrent Mark From Roots 5.254ms
[2023-01-09T09:47:16.478+0000][7][gc,marking  ] GC(9) Concurrent Preclean
[2023-01-09T09:47:16.480+0000][7][gc,marking  ] GC(9) Concurrent Preclean 1.295ms
[2023-01-09T09:47:16.481+0000][7][gc,marking  ] GC(9) Concurrent Mark (6.774s, 6.789s) 14.614ms
[2023-01-09T09:47:16.481+0000][7][safepoint   ] Safepoint "CollectForMetadataAllocation", Time since last: 21864334 ns, Reaching safepoint: 517333 ns, At safepoint: 70292 ns, Total: 587625 ns
[2023-01-09T09:47:16.483+0000][7][gc,start    ] GC(9) Pause Remark
[2023-01-09T09:47:16.511+0000][7][gc          ] GC(9) Pause Remark 22M->22M(512M) 27.135ms
[2023-01-09T09:47:16.511+0000][7][gc,cpu      ] GC(9) User=0.00s Sys=0.00s Real=0.03s
[2023-01-09T09:47:16.512+0000][7][safepoint   ] Safepoint "G1Concurrent", Time since last: 864083 ns, Reaching safepoint: 1396958 ns, At safepoint: 28649500 ns, Total: 30046458 ns
[2023-01-09T09:47:16.513+0000][7][gc,marking  ] GC(9) Concurrent Rebuild Remembered Sets
[2023-01-09T09:47:16.518+0000][7][gc,marking  ] GC(9) Concurrent Rebuild Remembered Sets 5.213ms
[2023-01-09T09:47:16.522+0000][7][gc,start    ] GC(9) Pause Cleanup
[2023-01-09T09:47:16.523+0000][7][gc          ] GC(9) Pause Cleanup 22M->22M(512M) 1.655ms
[2023-01-09T09:47:16.524+0000][7][gc,cpu      ] GC(9) User=0.00s Sys=0.00s Real=0.00s
[2023-01-09T09:47:16.525+0000][7][safepoint   ] Safepoint "G1Concurrent", Time since last: 9397834 ns, Reaching safepoint: 258875 ns, At safepoint: 3446083 ns, Total: 3704958 ns
[2023-01-09T09:47:16.526+0000][7][gc,marking  ] GC(9) Concurrent Cleanup for Next Mark
[2023-01-09T09:47:16.527+0000][7][gc,marking  ] GC(9) Concurrent Cleanup for Next Mark 1.006ms
[2023-01-09T09:47:16.528+0000][7][gc          ] GC(9) Concurrent Cycle 69.346ms
[2023-01-09T09:47:17.115+0000][7][safepoint   ] Safepoint "ICBufferFull", Time since last: 586767500 ns, Reaching safepoint: 2685667 ns, At safepoint: 14250 ns, Total: 2699917 ns
[2023-01-09T09:47:18.308+0000][7][safepoint   ] Safepoint "Cleanup", Time since last: 1181104917 ns, Reaching safepoint: 12504709 ns, At safepoint: 32875 ns, Total: 12537584 ns
[2023-01-09T09:47:18.819+0000][7][safepoint   ] Safepoint "ICBufferFull", Time since last: 505495333 ns, Reaching safepoint: 4831167 ns, At safepoint: 4250 ns, Total: 4835417 ns
[2023-01-09T09:47:19.178+0000][7][safepoint   ] Safepoint "ICBufferFull", Time since last: 358929250 ns, Reaching safepoint: 207750 ns, At safepoint: 3000 ns, Total: 210750 ns
[2023-01-09T09:47:19.255+0000][7][gc,start    ] GC(10) Pause Young (Concurrent Start) (G1 Evacuation Pause)
[2023-01-09T09:47:19.257+0000][7][gc,task     ] GC(10) Using 4 workers of 4 for evacuation
[2023-01-09T09:47:19.257+0000][7][gc,age      ] GC(10) Desired survivor size 20447232 bytes, new threshold 15 (max threshold 15)
[2023-01-09T09:47:19.333+0000][7][gc,age      ] GC(10) Age table with threshold 15 (max threshold 15)
[2023-01-09T09:47:19.335+0000][7][gc,age      ] GC(10) - age   1:   25417584 bytes,   25417584 total
[2023-01-09T09:47:19.336+0000][7][gc,age      ] GC(10) - age   2:    2012712 bytes,   27430296 total
[2023-01-09T09:47:19.336+0000][7][gc,age      ] GC(10) - age   3:    2268944 bytes,   29699240 total
[2023-01-09T09:47:19.337+0000][7][gc,age      ] GC(10) - age   4:     594568 bytes,   30293808 total
[2023-01-09T09:47:19.338+0000][7][gc,age      ] GC(10) - age   5:    3249832 bytes,   33543640 total
[2023-01-09T09:47:19.338+0000][7][gc,age      ] GC(10) - age   6:    4275280 bytes,   37818920 total
[2023-01-09T09:47:19.339+0000][7][gc,age      ] GC(10) - age   7:    1109168 bytes,   38928088 total
[2023-01-09T09:47:19.339+0000][7][gc,age      ] GC(10) - age   8:    1829392 bytes,   40757480 total
[2023-01-09T09:47:19.340+0000][7][gc,phases   ] GC(10)   Pre Evacuate Collection Set: 0.2ms
[2023-01-09T09:47:19.341+0000][7][gc,phases   ] GC(10)   Merge Heap Roots: 0.0ms
[2023-01-09T09:47:19.341+0000][7][gc,phases   ] GC(10)   Evacuate Collection Set: 68.4ms
[2023-01-09T09:47:19.343+0000][7][gc,phases   ] GC(10)   Post Evacuate Collection Set: 6.8ms
[2023-01-09T09:47:19.343+0000][7][gc,phases   ] GC(10)   Other: 9.2ms
[2023-01-09T09:47:19.344+0000][7][gc,heap     ] GC(10) Eden regions: 291->0(268)
[2023-01-09T09:47:19.345+0000][7][gc,heap     ] GC(10) Survivor regions: 16->39(39)
[2023-01-09T09:47:19.345+0000][7][gc,heap     ] GC(10) Old regions: 4->10
[2023-01-09T09:47:19.346+0000][7][gc,heap     ] GC(10) Archive regions: 0->0
[2023-01-09T09:47:19.346+0000][7][gc,heap     ] GC(10) Humongous regions: 1->1
[2023-01-09T09:47:19.347+0000][7][gc,metaspace] GC(10) Metaspace: 43279K(45568K)->43279K(45568K) NonClass: 38047K(39680K)->38047K(39680K) Class: 5232K(5888K)->5232K(5888K)
[2023-01-09T09:47:19.348+0000][7][gc          ] GC(10) Pause Young (Concurrent Start) (G1 Evacuation Pause) 311M->49M(512M) 92.042ms
[2023-01-09T09:47:19.348+0000][7][gc,cpu      ] GC(10) User=0.06s Sys=0.00s Real=0.09s
[2023-01-09T09:47:19.349+0000][7][safepoint   ] Safepoint "G1CollectForAllocation", Time since last: 77537500 ns, Reaching safepoint: 141417 ns, At safepoint: 93264291 ns, Total: 93405708 ns
[2023-01-09T09:47:19.349+0000][7][gc          ] GC(11) Concurrent Cycle
[2023-01-09T09:47:19.362+0000][7][gc,marking  ] GC(11) Concurrent Clear Claimed Marks
[2023-01-09T09:47:19.363+0000][7][gc,marking  ] GC(11) Concurrent Clear Claimed Marks 0.808ms
[2023-01-09T09:47:19.364+0000][7][gc,marking  ] GC(11) Concurrent Scan Root Regions
[2023-01-09T09:47:19.419+0000][7][gc,marking  ] GC(11) Concurrent Scan Root Regions 55.347ms
[2023-01-09T09:47:19.422+0000][7][gc,marking  ] GC(11) Concurrent Mark (9.730s)
[2023-01-09T09:47:19.422+0000][7][gc,marking  ] GC(11) Concurrent Mark From Roots
[2023-01-09T09:47:19.424+0000][7][gc,task     ] GC(11) Using 1 workers of 1 for marking
[2023-01-09T09:47:19.451+0000][7][gc,marking  ] GC(11) Concurrent Mark From Roots 28.265ms
[2023-01-09T09:47:19.452+0000][7][gc,marking  ] GC(11) Concurrent Preclean
[2023-01-09T09:47:19.453+0000][7][gc,marking  ] GC(11) Concurrent Preclean 1.265ms
[2023-01-09T09:47:19.454+0000][7][gc,marking  ] GC(11) Concurrent Mark (9.730s, 9.763s) 32.791ms
[2023-01-09T09:47:19.458+0000][7][gc,start    ] GC(11) Pause Remark
[2023-01-09T09:47:19.462+0000][7][gc          ] GC(11) Pause Remark 86M->86M(512M) 3.754ms
[2023-01-09T09:47:19.463+0000][7][gc,cpu      ] GC(11) User=0.00s Sys=0.00s Real=0.01s
[2023-01-09T09:47:19.464+0000][7][safepoint   ] Safepoint "G1Concurrent", Time since last: 106317584 ns, Reaching safepoint: 3337083 ns, At safepoint: 5329667 ns, Total: 8666750 ns
[2023-01-09T09:47:19.466+0000][7][gc,marking  ] GC(11) Concurrent Rebuild Remembered Sets
[2023-01-09T09:47:19.472+0000][7][gc,marking  ] GC(11) Concurrent Rebuild Remembered Sets 6.471ms
[2023-01-09T09:47:19.477+0000][7][gc,start    ] GC(11) Pause Cleanup
[2023-01-09T09:47:19.478+0000][7][gc          ] GC(11) Pause Cleanup 86M->86M(512M) 1.066ms
[2023-01-09T09:47:19.478+0000][7][gc,cpu      ] GC(11) User=0.00s Sys=0.00s Real=0.00s
[2023-01-09T09:47:19.479+0000][7][safepoint   ] Safepoint "G1Concurrent", Time since last: 9761708 ns, Reaching safepoint: 3036125 ns, At safepoint: 2537375 ns, Total: 5573500 ns
[2023-01-09T09:47:19.480+0000][7][gc,marking  ] GC(11) Concurrent Cleanup for Next Mark
[2023-01-09T09:47:19.485+0000][7][gc,marking  ] GC(11) Concurrent Cleanup for Next Mark 5.052ms
[2023-01-09T09:47:19.486+0000][7][gc          ] GC(11) Concurrent Cycle 137.063ms
[2023-01-09T09:47:20.228+0000][7][safepoint   ] Safepoint "ICBufferFull", Time since last: 745329167 ns, Reaching safepoint: 3907292 ns, At safepoint: 9041 ns, Total: 3916333 ns
[2023-01-09T09:47:21.122+0000][7][safepoint   ] Safepoint "ICBufferFull", Time since last: 892666376 ns, Reaching safepoint: 552500 ns, At safepoint: 15875 ns, Total: 568375 ns
[2023-01-09T09:47:21.495+0000][7][safepoint   ] Safepoint "ICBufferFull", Time since last: 369470333 ns, Reaching safepoint: 3493959 ns, At safepoint: 12666 ns, Total: 3506625 ns
[2023-01-09T09:47:22.463+0000][7][safepoint   ] Safepoint "ICBufferFull", Time since last: 968416001 ns, Reaching safepoint: 236458 ns, At safepoint: 1834 ns, Total: 238292 ns
[2023-01-09T09:47:22.716+0000][7][safepoint   ] Safepoint "ICBufferFull", Time since last: 252145000 ns, Reaching safepoint: 205000 ns, At safepoint: 2875 ns, Total: 207875 ns
[2023-01-09T09:47:23.723+0000][7][safepoint   ] Safepoint "Cleanup", Time since last: 1004404708 ns, Reaching safepoint: 2656292 ns, At safepoint: 5417 ns, Total: 2661709 ns
[2023-01-09T09:47:24.414+0000][7][gc,start    ] GC(12) Pause Young (Concurrent Start) (Metadata GC Threshold)
[2023-01-09T09:47:24.415+0000][7][gc,task     ] GC(12) Using 4 workers of 4 for evacuation
[2023-01-09T09:47:24.416+0000][7][gc,age      ] GC(12) Desired survivor size 20447232 bytes, new threshold 1 (max threshold 15)
[2023-01-09T09:47:24.533+0000][7][gc,age      ] GC(12) Age table with threshold 1 (max threshold 15)
[2023-01-09T09:47:24.534+0000][7][gc,age      ] GC(12) - age   1:   12248904 bytes,   12248904 total
[2023-01-09T09:47:24.535+0000][7][gc,phases   ] GC(12)   Pre Evacuate Collection Set: 0.2ms
[2023-01-09T09:47:24.536+0000][7][gc,phases   ] GC(12)   Merge Heap Roots: 0.1ms
[2023-01-09T09:47:24.538+0000][7][gc,phases   ] GC(12)   Evacuate Collection Set: 96.5ms
[2023-01-09T09:47:24.541+0000][7][gc,phases   ] GC(12)   Post Evacuate Collection Set: 19.7ms
[2023-01-09T09:47:24.541+0000][7][gc,phases   ] GC(12)   Other: 4.5ms
[2023-01-09T09:47:24.543+0000][7][gc,heap     ] GC(12) Eden regions: 225->0(279)
[2023-01-09T09:47:24.543+0000][7][gc,heap     ] GC(12) Survivor regions: 39->13(39)
[2023-01-09T09:47:24.544+0000][7][gc,heap     ] GC(12) Old regions: 10->49
[2023-01-09T09:47:24.545+0000][7][gc,heap     ] GC(12) Archive regions: 0->0
[2023-01-09T09:47:24.545+0000][7][gc,heap     ] GC(12) Humongous regions: 1->1
[2023-01-09T09:47:24.546+0000][7][gc,metaspace] GC(12) Metaspace: 72794K(76288K)->72794K(76288K) NonClass: 63224K(65792K)->63224K(65792K) Class: 9569K(10496K)->9569K(10496K)
[2023-01-09T09:47:24.547+0000][7][gc          ] GC(12) Pause Young (Concurrent Start) (Metadata GC Threshold) 273M->62M(512M) 133.017ms
[2023-01-09T09:47:24.547+0000][7][gc,cpu      ] GC(12) User=0.09s Sys=0.00s Real=0.13s
[2023-01-09T09:47:24.548+0000][7][safepoint   ] Safepoint "CollectForMetadataAllocation", Time since last: 690371667 ns, Reaching safepoint: 908708 ns, At safepoint: 134254917 ns, Total: 135163625 ns
[2023-01-09T09:47:24.548+0000][7][gc          ] GC(13) Concurrent Cycle
[2023-01-09T09:47:24.561+0000][7][gc,marking  ] GC(13) Concurrent Clear Claimed Marks
[2023-01-09T09:47:24.562+0000][7][gc,marking  ] GC(13) Concurrent Clear Claimed Marks 0.857ms
[2023-01-09T09:47:24.563+0000][7][gc,marking  ] GC(13) Concurrent Scan Root Regions
[2023-01-09T09:47:24.631+0000][7][safepoint   ] Safepoint "CollectForMetadataAllocation", Time since last: 75373083 ns, Reaching safepoint: 7849209 ns, At safepoint: 93875 ns, Total: 7943084 ns
[2023-01-09T09:47:24.643+0000][7][gc,marking  ] GC(13) Concurrent Scan Root Regions 80.336ms
[2023-01-09T09:47:24.644+0000][7][gc,marking  ] GC(13) Concurrent Mark (14.952s)
[2023-01-09T09:47:24.645+0000][7][gc,marking  ] GC(13) Concurrent Mark From Roots
[2023-01-09T09:47:24.646+0000][7][gc,task     ] GC(13) Using 1 workers of 1 for marking
[2023-01-09T09:47:24.663+0000][7][gc,marking  ] GC(13) Concurrent Mark From Roots 18.098ms
[2023-01-09T09:47:24.664+0000][7][gc,marking  ] GC(13) Concurrent Preclean
[2023-01-09T09:47:24.667+0000][7][gc,marking  ] GC(13) Concurrent Preclean 2.560ms
[2023-01-09T09:47:24.670+0000][7][gc,marking  ] GC(13) Concurrent Mark (14.952s, 14.978s) 25.897ms
[2023-01-09T09:47:24.674+0000][7][gc,start    ] GC(13) Pause Remark
[2023-01-09T09:47:24.691+0000][7][gc          ] GC(13) Pause Remark 65M->65M(512M) 16.659ms
[2023-01-09T09:47:24.693+0000][7][gc,cpu      ] GC(13) User=0.01s Sys=0.00s Real=0.02s
[2023-01-09T09:47:24.694+0000][7][safepoint   ] Safepoint "G1Concurrent", Time since last: 40290875 ns, Reaching safepoint: 2495250 ns, At safepoint: 19616708 ns, Total: 22111958 ns
[2023-01-09T09:47:24.695+0000][7][gc,marking  ] GC(13) Concurrent Rebuild Remembered Sets
[2023-01-09T09:47:24.751+0000][7][gc,marking  ] GC(13) Concurrent Rebuild Remembered Sets 55.600ms
[2023-01-09T09:47:24.758+0000][7][gc,start    ] GC(13) Pause Cleanup
[2023-01-09T09:47:24.759+0000][7][gc          ] GC(13) Pause Cleanup 67M->67M(512M) 1.233ms
[2023-01-09T09:47:24.762+0000][7][gc,cpu      ] GC(13) User=0.00s Sys=0.00s Real=0.01s
[2023-01-09T09:47:24.763+0000][7][safepoint   ] Safepoint "G1Concurrent", Time since last: 59194917 ns, Reaching safepoint: 5078875 ns, At safepoint: 4995333 ns, Total: 10074208 ns
[2023-01-09T09:47:24.764+0000][7][gc,marking  ] GC(13) Concurrent Cleanup for Next Mark
[2023-01-09T09:47:24.770+0000][7][gc,marking  ] GC(13) Concurrent Cleanup for Next Mark 6.020ms
[2023-01-09T09:47:24.771+0000][7][gc          ] GC(13) Concurrent Cycle 223.081ms
[2023-01-09T09:47:25.118+0000][7][safepoint   ] Safepoint "ICBufferFull", Time since last: 352892292 ns, Reaching safepoint: 2440583 ns, At safepoint: 7417 ns, Total: 2448000 ns
[2023-01-09T09:47:25.881+0000][7][safepoint   ] Safepoint "ICBufferFull", Time since last: 761352958 ns, Reaching safepoint: 1227667 ns, At safepoint: 12000 ns, Total: 1239667 ns
[2023-01-09T09:47:26.411+0000][7][safepoint   ] Safepoint "ICBufferFull", Time since last: 529718250 ns, Reaching safepoint: 178375 ns, At safepoint: 4834 ns, Total: 183209 ns
[2023-01-09T09:47:26.978+0000][7][gc,heap,exit] Heap
[2023-01-09T09:47:26.979+0000][7][gc,heap,exit]  garbage-first heap   total 524288K, used 154995K [0x00000000e0000000, 0x0000000100000000)
[2023-01-09T09:47:26.980+0000][7][gc,heap,exit]   region size 1024K, 103 young (105472K), 13 survivors (13312K)
[2023-01-09T09:47:26.981+0000][7][gc,heap,exit]  Metaspace       used 86296K, capacity 89298K, committed 90240K, reserved 1126400K
[2023-01-09T09:47:26.981+0000][7][gc,heap,exit]   class space    used 11406K, capacity 12371K, committed 12416K, reserved 1048576K
