[2023-02-24T08:25:32.670+0000][7][gc] Using G1
[2023-02-24T08:25:32.851+0000][7][gc,init] Version: 15+36-1562 (release)
[2023-02-24T08:25:32.852+0000][7][gc,init] CPUs: 4 total, 4 available
[2023-02-24T08:25:32.853+0000][7][gc,init] Memory: 7951M
[2023-02-24T08:25:32.854+0000][7][gc,init] Large Page Support: Disabled
[2023-02-24T08:25:32.855+0000][7][gc,init] NUMA Support: Disabled
[2023-02-24T08:25:32.856+0000][7][gc,init] Compressed Oops: Enabled (32-bit)
[2023-02-24T08:25:32.857+0000][7][gc,init] Heap Region Size: 1M
[2023-02-24T08:25:32.858+0000][7][gc,init] Heap Min Capacity: 512M
[2023-02-24T08:25:32.859+0000][7][gc,init] Heap Initial Capacity: 512M
[2023-02-24T08:25:32.860+0000][7][gc,init] Heap Max Capacity: 512M
[2023-02-24T08:25:32.861+0000][7][gc,init] Pre-touch: Enabled
[2023-02-24T08:25:32.862+0000][7][gc,init] Parallel Workers: 4
[2023-02-24T08:25:32.863+0000][7][gc,init] Concurrent Workers: 1
[2023-02-24T08:25:32.864+0000][7][gc,init] Concurrent Refinement Workers: 4
[2023-02-24T08:25:32.865+0000][7][gc,init] Periodic GC: Disabled
[2023-02-24T08:25:32.866+0000][7][gc,metaspace] CDS disabled.
[2023-02-24T08:25:32.867+0000][7][gc,metaspace] Compressed class space mapped at: 0x0000000100000000-0x0000000140000000, size: 1073741824
[2023-02-24T08:25:32.868+0000][7][gc,metaspace] Narrow klass base: 0x0000000000000000, Narrow klass shift: 3, Narrow klass range: 0x140000000
[2023-02-24T08:25:33.231+0000][7][safepoint   ] Safepoint "ICBufferFull", Time since last: 347139709 ns, Reaching safepoint: 148291 ns, At safepoint: 1500 ns, Total: 149791 ns
[2023-02-24T08:25:33.656+0000][7][safepoint   ] Safepoint "ICBufferFull", Time since last: 424968334 ns, Reaching safepoint: 64417 ns, At safepoint: 1958 ns, Total: 66375 ns
[2023-02-24T08:25:33.862+0000][7][safepoint   ] Safepoint "ICBufferFull", Time since last: 206096417 ns, Reaching safepoint: 92375 ns, At safepoint: 2041 ns, Total: 94416 ns
[2023-02-24T08:25:33.951+0000][7][gc,start    ] GC(0) Pause Young (Normal) (G1 Evacuation Pause)
[2023-02-24T08:25:33.955+0000][7][gc,task     ] GC(0) Using 4 workers of 4 for evacuation
[2023-02-24T08:25:33.957+0000][7][gc,age      ] GC(0) Desired survivor size 2097152 bytes, new threshold 15 (max threshold 15)
[2023-02-24T08:25:33.962+0000][7][gc,age      ] GC(0) Age table with threshold 15 (max threshold 15)
[2023-02-24T08:25:33.963+0000][7][gc,age      ] GC(0) - age   1:    3927104 bytes,    3927104 total
[2023-02-24T08:25:33.964+0000][7][gc,phases   ] GC(0)   Pre Evacuate Collection Set: 0.1ms
[2023-02-24T08:25:33.966+0000][7][gc,phases   ] GC(0)   Merge Heap Roots: 0.0ms
[2023-02-24T08:25:33.968+0000][7][gc,phases   ] GC(0)   Evacuate Collection Set: 3.7ms
[2023-02-24T08:25:33.969+0000][7][gc,phases   ] GC(0)   Post Evacuate Collection Set: 0.4ms
[2023-02-24T08:25:33.970+0000][7][gc,phases   ] GC(0)   Other: 9.5ms
[2023-02-24T08:25:33.978+0000][7][gc,heap     ] GC(0) Eden regions: 25->0(25)
[2023-02-24T08:25:33.985+0000][7][gc,heap     ] GC(0) Survivor regions: 0->4(4)
[2023-02-24T08:25:33.986+0000][7][gc,heap     ] GC(0) Old regions: 0->0
[2023-02-24T08:25:33.986+0000][7][gc,heap     ] GC(0) Archive regions: 0->0
[2023-02-24T08:25:33.987+0000][7][gc,heap     ] GC(0) Humongous regions: 1->1
[2023-02-24T08:25:33.988+0000][7][gc,metaspace] GC(0) Metaspace: 15655K(16128K)->15655K(16128K) NonClass: 14071K(14336K)->14071K(14336K) Class: 1583K(1792K)->1583K(1792K)
[2023-02-24T08:25:33.988+0000][7][gc          ] GC(0) Pause Young (Normal) (G1 Evacuation Pause) 26M->4M(512M) 37.646ms
[2023-02-24T08:25:33.989+0000][7][gc,cpu      ] GC(0) User=0.02s Sys=0.01s Real=0.04s
[2023-02-24T08:25:33.990+0000][7][safepoint   ] Safepoint "G1CollectForAllocation", Time since last: 88318084 ns, Reaching safepoint: 202791 ns, At safepoint: 39001709 ns, Total: 39204500 ns
[2023-02-24T08:25:34.594+0000][7][safepoint   ] Safepoint "ICBufferFull", Time since last: 604057167 ns, Reaching safepoint: 154375 ns, At safepoint: 1666 ns, Total: 156041 ns
[2023-02-24T08:25:34.908+0000][7][gc,start    ] GC(1) Pause Young (Concurrent Start) (Metadata GC Threshold)
[2023-02-24T08:25:34.910+0000][7][gc,task     ] GC(1) Using 4 workers of 4 for evacuation
[2023-02-24T08:25:34.911+0000][7][gc,age      ] GC(1) Desired survivor size 2097152 bytes, new threshold 1 (max threshold 15)
[2023-02-24T08:25:34.933+0000][7][gc,age      ] GC(1) Age table with threshold 1 (max threshold 15)
[2023-02-24T08:25:34.934+0000][7][gc,age      ] GC(1) - age   1:    2140936 bytes,    2140936 total
[2023-02-24T08:25:34.935+0000][7][gc,phases   ] GC(1)   Pre Evacuate Collection Set: 0.2ms
[2023-02-24T08:25:34.936+0000][7][gc,phases   ] GC(1)   Merge Heap Roots: 0.0ms
[2023-02-24T08:25:34.936+0000][7][gc,phases   ] GC(1)   Evacuate Collection Set: 19.9ms
[2023-02-24T08:25:34.937+0000][7][gc,phases   ] GC(1)   Post Evacuate Collection Set: 0.5ms
[2023-02-24T08:25:34.938+0000][7][gc,phases   ] GC(1)   Other: 5.8ms
[2023-02-24T08:25:34.939+0000][7][gc,heap     ] GC(1) Eden regions: 23->0(35)
[2023-02-24T08:25:34.940+0000][7][gc,heap     ] GC(1) Survivor regions: 4->3(4)
[2023-02-24T08:25:34.941+0000][7][gc,heap     ] GC(1) Old regions: 0->4
[2023-02-24T08:25:34.942+0000][7][gc,heap     ] GC(1) Archive regions: 0->0
[2023-02-24T08:25:34.943+0000][7][gc,heap     ] GC(1) Humongous regions: 1->1
[2023-02-24T08:25:34.943+0000][7][gc,metaspace] GC(1) Metaspace: 20741K(21248K)->20741K(21248K) NonClass: 18514K(18944K)->18514K(18944K) Class: 2226K(2304K)->2226K(2304K)
[2023-02-24T08:25:34.944+0000][7][gc          ] GC(1) Pause Young (Concurrent Start) (Metadata GC Threshold) 27M->6M(512M) 35.832ms
[2023-02-24T08:25:34.945+0000][7][gc,cpu      ] GC(1) User=0.01s Sys=0.00s Real=0.04s
[2023-02-24T08:25:34.945+0000][7][safepoint   ] Safepoint "CollectForMetadataAllocation", Time since last: 314347001 ns, Reaching safepoint: 145333 ns, At safepoint: 37016833 ns, Total: 37162166 ns
[2023-02-24T08:25:34.945+0000][7][gc          ] GC(2) Concurrent Cycle
[2023-02-24T08:25:34.947+0000][7][gc,marking  ] GC(2) Concurrent Clear Claimed Marks
[2023-02-24T08:25:34.948+0000][7][gc,marking  ] GC(2) Concurrent Clear Claimed Marks 0.862ms
[2023-02-24T08:25:34.948+0000][7][gc,marking  ] GC(2) Concurrent Scan Root Regions
[2023-02-24T08:25:34.951+0000][7][gc,marking  ] GC(2) Concurrent Scan Root Regions 2.519ms
[2023-02-24T08:25:34.952+0000][7][gc,marking  ] GC(2) Concurrent Mark (2.295s)
[2023-02-24T08:25:34.953+0000][7][gc,marking  ] GC(2) Concurrent Mark From Roots
[2023-02-24T08:25:34.953+0000][7][gc,task     ] GC(2) Using 1 workers of 1 for marking
[2023-02-24T08:25:34.954+0000][7][gc,marking  ] GC(2) Concurrent Mark From Roots 1.728ms
[2023-02-24T08:25:34.955+0000][7][gc,marking  ] GC(2) Concurrent Preclean
[2023-02-24T08:25:34.956+0000][7][gc,marking  ] GC(2) Concurrent Preclean 0.517ms
[2023-02-24T08:25:34.956+0000][7][gc,marking  ] GC(2) Concurrent Mark (2.295s, 2.300s) 4.514ms
[2023-02-24T08:25:34.962+0000][7][gc,start    ] GC(2) Pause Remark
[2023-02-24T08:25:34.965+0000][7][gc          ] GC(2) Pause Remark 7M->7M(512M) 2.795ms
[2023-02-24T08:25:34.966+0000][7][gc,cpu      ] GC(2) User=0.00s Sys=0.00s Real=0.00s
[2023-02-24T08:25:34.967+0000][7][safepoint   ] Safepoint "G1Concurrent", Time since last: 11849959 ns, Reaching safepoint: 4879500 ns, At safepoint: 5137208 ns, Total: 10016708 ns
[2023-02-24T08:25:34.968+0000][7][gc,marking  ] GC(2) Concurrent Rebuild Remembered Sets
[2023-02-24T08:25:34.970+0000][7][gc,marking  ] GC(2) Concurrent Rebuild Remembered Sets 2.248ms
[2023-02-24T08:25:34.972+0000][7][gc,start    ] GC(2) Pause Cleanup
[2023-02-24T08:25:34.973+0000][7][gc          ] GC(2) Pause Cleanup 7M->7M(512M) 0.855ms
[2023-02-24T08:25:34.975+0000][7][gc,cpu      ] GC(2) User=0.00s Sys=0.00s Real=0.00s
[2023-02-24T08:25:34.975+0000][7][safepoint   ] Safepoint "G1Concurrent", Time since last: 4414500 ns, Reaching safepoint: 584042 ns, At safepoint: 3275875 ns, Total: 3859917 ns
[2023-02-24T08:25:34.978+0000][7][gc,marking  ] GC(2) Concurrent Cleanup for Next Mark
[2023-02-24T08:25:34.979+0000][7][gc,marking  ] GC(2) Concurrent Cleanup for Next Mark 1.264ms
[2023-02-24T08:25:34.980+0000][7][gc          ] GC(2) Concurrent Cycle 34.759ms
[2023-02-24T08:25:35.532+0000][7][gc,start    ] GC(3) Pause Young (Normal) (G1 Evacuation Pause)
[2023-02-24T08:25:35.533+0000][7][gc,task     ] GC(3) Using 4 workers of 4 for evacuation
[2023-02-24T08:25:35.534+0000][7][gc,age      ] GC(3) Desired survivor size 2621440 bytes, new threshold 15 (max threshold 15)
[2023-02-24T08:25:35.558+0000][7][gc,age      ] GC(3) Age table with threshold 15 (max threshold 15)
[2023-02-24T08:25:35.559+0000][7][gc,age      ] GC(3) - age   1:    3080792 bytes,    3080792 total
[2023-02-24T08:25:35.560+0000][7][gc,age      ] GC(3) - age   2:    1948112 bytes,    5028904 total
[2023-02-24T08:25:35.561+0000][7][gc,phases   ] GC(3)   Pre Evacuate Collection Set: 0.4ms
[2023-02-24T08:25:35.562+0000][7][gc,phases   ] GC(3)   Merge Heap Roots: 0.2ms
[2023-02-24T08:25:35.563+0000][7][gc,phases   ] GC(3)   Evacuate Collection Set: 20.1ms
[2023-02-24T08:25:35.564+0000][7][gc,phases   ] GC(3)   Post Evacuate Collection Set: 1.7ms
[2023-02-24T08:25:35.565+0000][7][gc,phases   ] GC(3)   Other: 6.9ms
[2023-02-24T08:25:35.566+0000][7][gc,heap     ] GC(3) Eden regions: 36->0(188)
[2023-02-24T08:25:35.567+0000][7][gc,heap     ] GC(3) Survivor regions: 3->5(5)
[2023-02-24T08:25:35.568+0000][7][gc,heap     ] GC(3) Old regions: 4->4
[2023-02-24T08:25:35.569+0000][7][gc,heap     ] GC(3) Archive regions: 0->0
[2023-02-24T08:25:35.570+0000][7][gc,heap     ] GC(3) Humongous regions: 1->1
[2023-02-24T08:25:35.571+0000][7][gc,metaspace] GC(3) Metaspace: 22453K(23040K)->22453K(23040K) NonClass: 20035K(20480K)->20035K(20480K) Class: 2417K(2560K)->2417K(2560K)
[2023-02-24T08:25:35.572+0000][7][gc          ] GC(3) Pause Young (Normal) (G1 Evacuation Pause) 42M->9M(512M) 39.686ms
[2023-02-24T08:25:35.573+0000][7][gc,cpu      ] GC(3) User=0.01s Sys=0.00s Real=0.04s
[2023-02-24T08:25:35.573+0000][7][safepoint   ] Safepoint "G1CollectForAllocation", Time since last: 556603792 ns, Reaching safepoint: 109625 ns, At safepoint: 41005791 ns, Total: 41115416 ns
[2023-02-24T08:25:35.728+0000][7][safepoint   ] Safepoint "ICBufferFull", Time since last: 154829584 ns, Reaching safepoint: 50708 ns, At safepoint: 1875 ns, Total: 52583 ns
[2023-02-24T08:25:35.733+0000][7][safepoint   ] Safepoint "ICBufferFull", Time since last: 4692208 ns, Reaching safepoint: 35875 ns, At safepoint: 1792 ns, Total: 37667 ns
[2023-02-24T08:25:35.736+0000][7][safepoint   ] Safepoint "ICBufferFull", Time since last: 3255500 ns, Reaching safepoint: 37542 ns, At safepoint: 1833 ns, Total: 39375 ns
[2023-02-24T08:25:35.740+0000][7][safepoint   ] Safepoint "ICBufferFull", Time since last: 2689458 ns, Reaching safepoint: 1720667 ns, At safepoint: 3875 ns, Total: 1724542 ns
[2023-02-24T08:25:35.744+0000][7][safepoint   ] Safepoint "ICBufferFull", Time since last: 3565083 ns, Reaching safepoint: 40125 ns, At safepoint: 1875 ns, Total: 42000 ns
[2023-02-24T08:25:35.747+0000][7][safepoint   ] Safepoint "ICBufferFull", Time since last: 2387917 ns, Reaching safepoint: 80792 ns, At safepoint: 5916 ns, Total: 86708 ns
[2023-02-24T08:25:35.749+0000][7][safepoint   ] Safepoint "ICBufferFull", Time since last: 2104000 ns, Reaching safepoint: 78834 ns, At safepoint: 4791 ns, Total: 83625 ns
[2023-02-24T08:25:35.754+0000][7][safepoint   ] Safepoint "ICBufferFull", Time since last: 1736167 ns, Reaching safepoint: 3934500 ns, At safepoint: 14833 ns, Total: 3949333 ns
[2023-02-24T08:25:35.759+0000][7][safepoint   ] Safepoint "ICBufferFull", Time since last: 2316917 ns, Reaching safepoint: 2394083 ns, At safepoint: 5084 ns, Total: 2399167 ns
[2023-02-24T08:25:35.765+0000][7][safepoint   ] Safepoint "ICBufferFull", Time since last: 2264083 ns, Reaching safepoint: 3206917 ns, At safepoint: 5208 ns, Total: 3212125 ns
[2023-02-24T08:25:35.768+0000][7][safepoint   ] Safepoint "ICBufferFull", Time since last: 3153458 ns, Reaching safepoint: 195459 ns, At safepoint: 4250 ns, Total: 199709 ns
[2023-02-24T08:25:35.779+0000][7][safepoint   ] Safepoint "ICBufferFull", Time since last: 1436458 ns, Reaching safepoint: 10061292 ns, At safepoint: 4958 ns, Total: 10066250 ns
[2023-02-24T08:25:35.782+0000][7][safepoint   ] Safepoint "ICBufferFull", Time since last: 2525917 ns, Reaching safepoint: 94791 ns, At safepoint: 3000 ns, Total: 97791 ns
[2023-02-24T08:25:35.785+0000][7][safepoint   ] Safepoint "ICBufferFull", Time since last: 2712667 ns, Reaching safepoint: 212375 ns, At safepoint: 6208 ns, Total: 218583 ns
[2023-02-24T08:25:35.787+0000][7][safepoint   ] Safepoint "ICBufferFull", Time since last: 1829042 ns, Reaching safepoint: 140083 ns, At safepoint: 1792 ns, Total: 141875 ns
[2023-02-24T08:25:35.789+0000][7][safepoint   ] Safepoint "ICBufferFull", Time since last: 2221750 ns, Reaching safepoint: 260917 ns, At safepoint: 1916 ns, Total: 262833 ns
[2023-02-24T08:25:35.792+0000][7][safepoint   ] Safepoint "ICBufferFull", Time since last: 1871042 ns, Reaching safepoint: 213875 ns, At safepoint: 2042 ns, Total: 215917 ns
[2023-02-24T08:25:35.799+0000][7][safepoint   ] Safepoint "ICBufferFull", Time since last: 2161458 ns, Reaching safepoint: 5676875 ns, At safepoint: 3708 ns, Total: 5680583 ns
[2023-02-24T08:25:35.803+0000][7][safepoint   ] Safepoint "ICBufferFull", Time since last: 3043459 ns, Reaching safepoint: 87541 ns, At safepoint: 1500 ns, Total: 89041 ns
[2023-02-24T08:25:35.809+0000][7][safepoint   ] Safepoint "ICBufferFull", Time since last: 5115375 ns, Reaching safepoint: 1205917 ns, At safepoint: 4917 ns, Total: 1210834 ns
[2023-02-24T08:25:35.814+0000][7][safepoint   ] Safepoint "ICBufferFull", Time since last: 3165500 ns, Reaching safepoint: 1938208 ns, At safepoint: 2958 ns, Total: 1941166 ns
[2023-02-24T08:25:35.818+0000][7][safepoint   ] Safepoint "ICBufferFull", Time since last: 3441625 ns, Reaching safepoint: 543875 ns, At safepoint: 1709 ns, Total: 545584 ns
[2023-02-24T08:25:35.823+0000][7][safepoint   ] Safepoint "ICBufferFull", Time since last: 2180666 ns, Reaching safepoint: 2891209 ns, At safepoint: 3250 ns, Total: 2894459 ns
[2023-02-24T08:25:35.826+0000][7][safepoint   ] Safepoint "ICBufferFull", Time since last: 2197875 ns, Reaching safepoint: 564791 ns, At safepoint: 3334 ns, Total: 568125 ns
[2023-02-24T08:25:35.835+0000][7][safepoint   ] Safepoint "ICBufferFull", Time since last: 3799208 ns, Reaching safepoint: 4937417 ns, At safepoint: 9875 ns, Total: 4947292 ns
[2023-02-24T08:25:35.837+0000][7][safepoint   ] Safepoint "ICBufferFull", Time since last: 2611416 ns, Reaching safepoint: 189250 ns, At safepoint: 1875 ns, Total: 191125 ns
[2023-02-24T08:25:35.848+0000][7][safepoint   ] Safepoint "ICBufferFull", Time since last: 9251667 ns, Reaching safepoint: 1102542 ns, At safepoint: 19000 ns, Total: 1121542 ns
[2023-02-24T08:25:35.851+0000][7][safepoint   ] Safepoint "ICBufferFull", Time since last: 2453791 ns, Reaching safepoint: 615209 ns, At safepoint: 2666 ns, Total: 617875 ns
[2023-02-24T08:25:35.855+0000][7][safepoint   ] Safepoint "ICBufferFull", Time since last: 2256125 ns, Reaching safepoint: 1596417 ns, At safepoint: 3542 ns, Total: 1599959 ns
[2023-02-24T08:25:35.861+0000][7][safepoint   ] Safepoint "ICBufferFull", Time since last: 3681958 ns, Reaching safepoint: 2677167 ns, At safepoint: 4625 ns, Total: 2681792 ns
[2023-02-24T08:25:35.867+0000][7][safepoint   ] Safepoint "ICBufferFull", Time since last: 2452333 ns, Reaching safepoint: 3318250 ns, At safepoint: 4667 ns, Total: 3322917 ns
[2023-02-24T08:25:35.871+0000][7][safepoint   ] Safepoint "ICBufferFull", Time since last: 3673666 ns, Reaching safepoint: 660917 ns, At safepoint: 3875 ns, Total: 664792 ns
[2023-02-24T08:25:35.880+0000][7][safepoint   ] Safepoint "ICBufferFull", Time since last: 3121208 ns, Reaching safepoint: 5771375 ns, At safepoint: 5542 ns, Total: 5776917 ns
[2023-02-24T08:25:35.888+0000][7][safepoint   ] Safepoint "ICBufferFull", Time since last: 2801500 ns, Reaching safepoint: 5183833 ns, At safepoint: 4459 ns, Total: 5188292 ns
[2023-02-24T08:25:35.892+0000][7][safepoint   ] Safepoint "ICBufferFull", Time since last: 2768083 ns, Reaching safepoint: 1237875 ns, At safepoint: 3375 ns, Total: 1241250 ns
[2023-02-24T08:25:35.894+0000][7][safepoint   ] Safepoint "ICBufferFull", Time since last: 2386542 ns, Reaching safepoint: 101000 ns, At safepoint: 1500 ns, Total: 102500 ns
[2023-02-24T08:25:35.903+0000][7][safepoint   ] Safepoint "ICBufferFull", Time since last: 6702666 ns, Reaching safepoint: 2177084 ns, At safepoint: 5541 ns, Total: 2182625 ns
[2023-02-24T08:25:35.907+0000][7][safepoint   ] Safepoint "ICBufferFull", Time since last: 3009542 ns, Reaching safepoint: 202125 ns, At safepoint: 2000 ns, Total: 204125 ns
[2023-02-24T08:25:35.908+0000][7][safepoint   ] Safepoint "ICBufferFull", Time since last: 768000 ns, Reaching safepoint: 1114792 ns, At safepoint: 3166 ns, Total: 1117958 ns
[2023-02-24T08:25:35.910+0000][7][safepoint   ] Safepoint "ICBufferFull", Time since last: 830542 ns, Reaching safepoint: 220208 ns, At safepoint: 1792 ns, Total: 222000 ns
[2023-02-24T08:25:35.912+0000][7][safepoint   ] Safepoint "ICBufferFull", Time since last: 1445333 ns, Reaching safepoint: 1006084 ns, At safepoint: 2208 ns, Total: 1008292 ns
[2023-02-24T08:25:35.915+0000][7][safepoint   ] Safepoint "ICBufferFull", Time since last: 1185125 ns, Reaching safepoint: 1821042 ns, At safepoint: 7500 ns, Total: 1828542 ns
[2023-02-24T08:25:35.917+0000][7][safepoint   ] Safepoint "ICBufferFull", Time since last: 1422291 ns, Reaching safepoint: 175000 ns, At safepoint: 1792 ns, Total: 176792 ns
[2023-02-24T08:25:35.918+0000][7][safepoint   ] Safepoint "ICBufferFull", Time since last: 950958 ns, Reaching safepoint: 271584 ns, At safepoint: 1666 ns, Total: 273250 ns
[2023-02-24T08:25:35.920+0000][7][safepoint   ] Safepoint "ICBufferFull", Time since last: 1360250 ns, Reaching safepoint: 508709 ns, At safepoint: 2041 ns, Total: 510750 ns
[2023-02-24T08:25:35.921+0000][7][safepoint   ] Safepoint "ICBufferFull", Time since last: 968917 ns, Reaching safepoint: 162500 ns, At safepoint: 1500 ns, Total: 164000 ns
[2023-02-24T08:25:35.922+0000][7][safepoint   ] Safepoint "ICBufferFull", Time since last: 984125 ns, Reaching safepoint: 400292 ns, At safepoint: 3208 ns, Total: 403500 ns
[2023-02-24T08:25:35.923+0000][7][safepoint   ] Safepoint "ICBufferFull", Time since last: 933875 ns, Reaching safepoint: 165500 ns, At safepoint: 1458 ns, Total: 166958 ns
[2023-02-24T08:25:35.925+0000][7][safepoint   ] Safepoint "ICBufferFull", Time since last: 1023709 ns, Reaching safepoint: 632500 ns, At safepoint: 2250 ns, Total: 634750 ns
[2023-02-24T08:25:35.926+0000][7][safepoint   ] Safepoint "ICBufferFull", Time since last: 805958 ns, Reaching safepoint: 329167 ns, At safepoint: 1708 ns, Total: 330875 ns
[2023-02-24T08:25:35.929+0000][7][safepoint   ] Safepoint "ICBufferFull", Time since last: 1139500 ns, Reaching safepoint: 1555708 ns, At safepoint: 2709 ns, Total: 1558417 ns
[2023-02-24T08:25:35.931+0000][7][safepoint   ] Safepoint "ICBufferFull", Time since last: 1528958 ns, Reaching safepoint: 189958 ns, At safepoint: 2875 ns, Total: 192833 ns
[2023-02-24T08:25:35.938+0000][7][safepoint   ] Safepoint "ICBufferFull", Time since last: 1524625 ns, Reaching safepoint: 5647584 ns, At safepoint: 80500 ns, Total: 5728084 ns
[2023-02-24T08:25:35.939+0000][7][safepoint   ] Safepoint "ICBufferFull", Time since last: 1083541 ns, Reaching safepoint: 252459 ns, At safepoint: 6458 ns, Total: 258917 ns
[2023-02-24T08:25:35.941+0000][7][safepoint   ] Safepoint "ICBufferFull", Time since last: 1290083 ns, Reaching safepoint: 267500 ns, At safepoint: 1917 ns, Total: 269417 ns
[2023-02-24T08:25:35.943+0000][7][safepoint   ] Safepoint "ICBufferFull", Time since last: 1904708 ns, Reaching safepoint: 372834 ns, At safepoint: 1833 ns, Total: 374667 ns
[2023-02-24T08:25:35.944+0000][7][safepoint   ] Safepoint "ICBufferFull", Time since last: 1112583 ns, Reaching safepoint: 163167 ns, At safepoint: 1667 ns, Total: 164834 ns
[2023-02-24T08:25:35.949+0000][7][safepoint   ] Safepoint "ICBufferFull", Time since last: 3609458 ns, Reaching safepoint: 1127167 ns, At safepoint: 3208 ns, Total: 1130375 ns
[2023-02-24T08:25:35.952+0000][7][safepoint   ] Safepoint "ICBufferFull", Time since last: 1319500 ns, Reaching safepoint: 1843417 ns, At safepoint: 3791 ns, Total: 1847208 ns
[2023-02-24T08:25:35.955+0000][7][safepoint   ] Safepoint "ICBufferFull", Time since last: 2862417 ns, Reaching safepoint: 101292 ns, At safepoint: 3916 ns, Total: 105208 ns
[2023-02-24T08:25:35.959+0000][7][safepoint   ] Safepoint "ICBufferFull", Time since last: 1572542 ns, Reaching safepoint: 2086833 ns, At safepoint: 6500 ns, Total: 2093333 ns
[2023-02-24T08:25:35.960+0000][7][safepoint   ] Safepoint "ICBufferFull", Time since last: 1331375 ns, Reaching safepoint: 114625 ns, At safepoint: 1542 ns, Total: 116167 ns
[2023-02-24T08:25:35.964+0000][7][safepoint   ] Safepoint "ICBufferFull", Time since last: 1114167 ns, Reaching safepoint: 2632708 ns, At safepoint: 4875 ns, Total: 2637583 ns
[2023-02-24T08:25:35.968+0000][7][safepoint   ] Safepoint "ICBufferFull", Time since last: 1516042 ns, Reaching safepoint: 2458166 ns, At safepoint: 4584 ns, Total: 2462750 ns
[2023-02-24T08:25:35.973+0000][7][safepoint   ] Safepoint "ICBufferFull", Time since last: 2286000 ns, Reaching safepoint: 2702958 ns, At safepoint: 7875 ns, Total: 2710833 ns
[2023-02-24T08:25:35.975+0000][7][safepoint   ] Safepoint "ICBufferFull", Time since last: 1400375 ns, Reaching safepoint: 193125 ns, At safepoint: 2000 ns, Total: 195125 ns
[2023-02-24T08:25:35.975+0000][7][safepoint   ] Safepoint "ICBufferFull", Time since last: 806625 ns, Reaching safepoint: 100833 ns, At safepoint: 1375 ns, Total: 102208 ns
[2023-02-24T08:25:35.976+0000][7][safepoint   ] Safepoint "ICBufferFull", Time since last: 920250 ns, Reaching safepoint: 95709 ns, At safepoint: 2791 ns, Total: 98500 ns
[2023-02-24T08:25:35.979+0000][7][safepoint   ] Safepoint "ICBufferFull", Time since last: 802917 ns, Reaching safepoint: 2155583 ns, At safepoint: 3667 ns, Total: 2159250 ns
[2023-02-24T08:25:35.984+0000][7][safepoint   ] Safepoint "ICBufferFull", Time since last: 1007792 ns, Reaching safepoint: 3240458 ns, At safepoint: 4917 ns, Total: 3245375 ns
[2023-02-24T08:25:35.985+0000][7][safepoint   ] Safepoint "ICBufferFull", Time since last: 1038041 ns, Reaching safepoint: 163292 ns, At safepoint: 1333 ns, Total: 164625 ns
[2023-02-24T08:25:35.986+0000][7][safepoint   ] Safepoint "ICBufferFull", Time since last: 1112084 ns, Reaching safepoint: 111583 ns, At safepoint: 1625 ns, Total: 113208 ns
[2023-02-24T08:25:35.989+0000][7][safepoint   ] Safepoint "ICBufferFull", Time since last: 2577000 ns, Reaching safepoint: 531542 ns, At safepoint: 1791 ns, Total: 533333 ns
[2023-02-24T08:25:35.994+0000][7][safepoint   ] Safepoint "ICBufferFull", Time since last: 2059667 ns, Reaching safepoint: 3036000 ns, At safepoint: 3458 ns, Total: 3039458 ns
[2023-02-24T08:25:35.998+0000][7][safepoint   ] Safepoint "ICBufferFull", Time since last: 2166709 ns, Reaching safepoint: 1489416 ns, At safepoint: 2125 ns, Total: 1491541 ns
[2023-02-24T08:25:36.001+0000][7][safepoint   ] Safepoint "ICBufferFull", Time since last: 2581209 ns, Reaching safepoint: 351000 ns, At safepoint: 1958 ns, Total: 352958 ns
[2023-02-24T08:25:36.009+0000][7][safepoint   ] Safepoint "ICBufferFull", Time since last: 5306708 ns, Reaching safepoint: 3157625 ns, At safepoint: 3417 ns, Total: 3161042 ns
[2023-02-24T08:25:36.012+0000][7][safepoint   ] Safepoint "ICBufferFull", Time since last: 2354875 ns, Reaching safepoint: 90583 ns, At safepoint: 1500 ns, Total: 92083 ns
[2023-02-24T08:25:36.013+0000][7][safepoint   ] Safepoint "ICBufferFull", Time since last: 1550959 ns, Reaching safepoint: 95958 ns, At safepoint: 1333 ns, Total: 97291 ns
[2023-02-24T08:25:36.077+0000][7][safepoint   ] Safepoint "ICBufferFull", Time since last: 59589250 ns, Reaching safepoint: 3945875 ns, At safepoint: 3125 ns, Total: 3949000 ns
[2023-02-24T08:25:36.081+0000][7][safepoint   ] Safepoint "ICBufferFull", Time since last: 4279709 ns, Reaching safepoint: 106291 ns, At safepoint: 2334 ns, Total: 108625 ns
[2023-02-24T08:25:36.083+0000][7][safepoint   ] Safepoint "ICBufferFull", Time since last: 1412500 ns, Reaching safepoint: 137875 ns, At safepoint: 1916 ns, Total: 139791 ns
[2023-02-24T08:25:36.084+0000][7][safepoint   ] Safepoint "ICBufferFull", Time since last: 1278459 ns, Reaching safepoint: 245791 ns, At safepoint: 2084 ns, Total: 247875 ns
[2023-02-24T08:25:36.088+0000][7][safepoint   ] Safepoint "ICBufferFull", Time since last: 2861583 ns, Reaching safepoint: 782625 ns, At safepoint: 3292 ns, Total: 785917 ns
[2023-02-24T08:25:36.090+0000][7][safepoint   ] Safepoint "ICBufferFull", Time since last: 1287666 ns, Reaching safepoint: 437042 ns, At safepoint: 68542 ns, Total: 505584 ns
[2023-02-24T08:25:36.091+0000][7][safepoint   ] Safepoint "ICBufferFull", Time since last: 910416 ns, Reaching safepoint: 269875 ns, At safepoint: 1792 ns, Total: 271667 ns
[2023-02-24T08:25:36.092+0000][7][safepoint   ] Safepoint "ICBufferFull", Time since last: 982833 ns, Reaching safepoint: 271667 ns, At safepoint: 1750 ns, Total: 273417 ns
[2023-02-24T08:25:36.094+0000][7][safepoint   ] Safepoint "ICBufferFull", Time since last: 1148333 ns, Reaching safepoint: 224959 ns, At safepoint: 1833 ns, Total: 226792 ns
[2023-02-24T08:25:36.095+0000][7][safepoint   ] Safepoint "ICBufferFull", Time since last: 765583 ns, Reaching safepoint: 462834 ns, At safepoint: 2041 ns, Total: 464875 ns
[2023-02-24T08:25:36.096+0000][7][safepoint   ] Safepoint "ICBufferFull", Time since last: 1012459 ns, Reaching safepoint: 264125 ns, At safepoint: 1625 ns, Total: 265750 ns
[2023-02-24T08:25:36.100+0000][7][safepoint   ] Safepoint "ICBufferFull", Time since last: 1083375 ns, Reaching safepoint: 2657791 ns, At safepoint: 3167 ns, Total: 2660958 ns
[2023-02-24T08:25:36.101+0000][7][safepoint   ] Safepoint "ICBufferFull", Time since last: 1176708 ns, Reaching safepoint: 129125 ns, At safepoint: 1625 ns, Total: 130750 ns
[2023-02-24T08:25:36.102+0000][7][safepoint   ] Safepoint "ICBufferFull", Time since last: 807792 ns, Reaching safepoint: 304208 ns, At safepoint: 1625 ns, Total: 305833 ns
[2023-02-24T08:25:36.104+0000][7][safepoint   ] Safepoint "ICBufferFull", Time since last: 1020000 ns, Reaching safepoint: 335084 ns, At safepoint: 2125 ns, Total: 337209 ns
[2023-02-24T08:25:36.105+0000][7][safepoint   ] Safepoint "ICBufferFull", Time since last: 927958 ns, Reaching safepoint: 461917 ns, At safepoint: 1791 ns, Total: 463708 ns
[2023-02-24T08:25:36.107+0000][7][safepoint   ] Safepoint "ICBufferFull", Time since last: 1098292 ns, Reaching safepoint: 303375 ns, At safepoint: 1667 ns, Total: 305042 ns
[2023-02-24T08:25:36.108+0000][7][safepoint   ] Safepoint "ICBufferFull", Time since last: 916041 ns, Reaching safepoint: 221959 ns, At safepoint: 1458 ns, Total: 223417 ns
[2023-02-24T08:25:36.109+0000][7][safepoint   ] Safepoint "ICBufferFull", Time since last: 817542 ns, Reaching safepoint: 262291 ns, At safepoint: 1625 ns, Total: 263916 ns
[2023-02-24T08:25:36.110+0000][7][safepoint   ] Safepoint "ICBufferFull", Time since last: 643834 ns, Reaching safepoint: 378958 ns, At safepoint: 1000 ns, Total: 379958 ns
[2023-02-24T08:25:36.111+0000][7][safepoint   ] Safepoint "ICBufferFull", Time since last: 820458 ns, Reaching safepoint: 195459 ns, At safepoint: 1583 ns, Total: 197042 ns
[2023-02-24T08:25:36.113+0000][7][safepoint   ] Safepoint "ICBufferFull", Time since last: 1180583 ns, Reaching safepoint: 1476584 ns, At safepoint: 2208 ns, Total: 1478792 ns
[2023-02-24T08:25:36.115+0000][7][safepoint   ] Safepoint "ICBufferFull", Time since last: 1052333 ns, Reaching safepoint: 275375 ns, At safepoint: 2042 ns, Total: 277417 ns
[2023-02-24T08:25:36.116+0000][7][safepoint   ] Safepoint "ICBufferFull", Time since last: 899042 ns, Reaching safepoint: 215666 ns, At safepoint: 1709 ns, Total: 217375 ns
[2023-02-24T08:25:36.117+0000][7][safepoint   ] Safepoint "ICBufferFull", Time since last: 792833 ns, Reaching safepoint: 113042 ns, At safepoint: 1291 ns, Total: 114333 ns
[2023-02-24T08:25:36.123+0000][7][safepoint   ] Safepoint "ICBufferFull", Time since last: 3229584 ns, Reaching safepoint: 3002833 ns, At safepoint: 9375 ns, Total: 3012208 ns
[2023-02-24T08:25:36.128+0000][7][safepoint   ] Safepoint "ICBufferFull", Time since last: 2024792 ns, Reaching safepoint: 2478750 ns, At safepoint: 3625 ns, Total: 2482375 ns
[2023-02-24T08:25:36.134+0000][7][safepoint   ] Safepoint "ICBufferFull", Time since last: 3112416 ns, Reaching safepoint: 2963834 ns, At safepoint: 8250 ns, Total: 2972084 ns
[2023-02-24T08:25:36.140+0000][7][safepoint   ] Safepoint "ICBufferFull", Time since last: 1363875 ns, Reaching safepoint: 4939916 ns, At safepoint: 4792 ns, Total: 4944708 ns
[2023-02-24T08:25:36.144+0000][7][safepoint   ] Safepoint "ICBufferFull", Time since last: 1410167 ns, Reaching safepoint: 2350541 ns, At safepoint: 5792 ns, Total: 2356333 ns
[2023-02-24T08:25:36.149+0000][7][safepoint   ] Safepoint "ICBufferFull", Time since last: 1788292 ns, Reaching safepoint: 3177875 ns, At safepoint: 11958 ns, Total: 3189833 ns
[2023-02-24T08:25:36.150+0000][7][safepoint   ] Safepoint "ICBufferFull", Time since last: 1341292 ns, Reaching safepoint: 213541 ns, At safepoint: 6459 ns, Total: 220000 ns
[2023-02-24T08:25:36.152+0000][7][safepoint   ] Safepoint "ICBufferFull", Time since last: 1045250 ns, Reaching safepoint: 300791 ns, At safepoint: 6500 ns, Total: 307291 ns
[2023-02-24T08:25:36.153+0000][7][safepoint   ] Safepoint "ICBufferFull", Time since last: 798917 ns, Reaching safepoint: 153208 ns, At safepoint: 8917 ns, Total: 162125 ns
[2023-02-24T08:25:36.154+0000][7][safepoint   ] Safepoint "ICBufferFull", Time since last: 892583 ns, Reaching safepoint: 190209 ns, At safepoint: 2041 ns, Total: 192250 ns
[2023-02-24T08:25:36.155+0000][7][safepoint   ] Safepoint "ICBufferFull", Time since last: 897709 ns, Reaching safepoint: 171333 ns, At safepoint: 5875 ns, Total: 177208 ns
[2023-02-24T08:25:36.159+0000][7][safepoint   ] Safepoint "ICBufferFull", Time since last: 1648833 ns, Reaching safepoint: 2722167 ns, At safepoint: 4708 ns, Total: 2726875 ns
[2023-02-24T08:25:36.167+0000][7][safepoint   ] Safepoint "ICBufferFull", Time since last: 1486500 ns, Reaching safepoint: 6108292 ns, At safepoint: 8208 ns, Total: 6116500 ns
[2023-02-24T08:25:36.170+0000][7][safepoint   ] Safepoint "ICBufferFull", Time since last: 1241459 ns, Reaching safepoint: 2110916 ns, At safepoint: 10500 ns, Total: 2121416 ns
[2023-02-24T08:25:36.180+0000][7][safepoint   ] Safepoint "ICBufferFull", Time since last: 2050917 ns, Reaching safepoint: 7797500 ns, At safepoint: 9042 ns, Total: 7806542 ns
[2023-02-24T08:25:36.354+0000][7][safepoint   ] Safepoint "ICBufferFull", Time since last: 174322917 ns, Reaching safepoint: 74583 ns, At safepoint: 1833 ns, Total: 76416 ns
[2023-02-24T08:25:36.358+0000][7][safepoint   ] Safepoint "ICBufferFull", Time since last: 3978417 ns, Reaching safepoint: 35667 ns, At safepoint: 1500 ns, Total: 37167 ns
[2023-02-24T08:25:36.361+0000][7][safepoint   ] Safepoint "ICBufferFull", Time since last: 2325750 ns, Reaching safepoint: 104000 ns, At safepoint: 2750 ns, Total: 106750 ns
[2023-02-24T08:25:36.367+0000][7][safepoint   ] Safepoint "ICBufferFull", Time since last: 5620916 ns, Reaching safepoint: 110250 ns, At safepoint: 1750 ns, Total: 112000 ns
[2023-02-24T08:25:36.369+0000][7][safepoint   ] Safepoint "ICBufferFull", Time since last: 2392417 ns, Reaching safepoint: 108917 ns, At safepoint: 1791 ns, Total: 110708 ns
[2023-02-24T08:25:36.371+0000][7][safepoint   ] Safepoint "ICBufferFull", Time since last: 1378459 ns, Reaching safepoint: 97166 ns, At safepoint: 1459 ns, Total: 98625 ns
[2023-02-24T08:25:36.372+0000][7][safepoint   ] Safepoint "ICBufferFull", Time since last: 1601166 ns, Reaching safepoint: 104959 ns, At safepoint: 1750 ns, Total: 106709 ns
[2023-02-24T08:25:36.374+0000][7][safepoint   ] Safepoint "ICBufferFull", Time since last: 1906333 ns, Reaching safepoint: 102375 ns, At safepoint: 1625 ns, Total: 104000 ns
[2023-02-24T08:25:36.376+0000][7][safepoint   ] Safepoint "ICBufferFull", Time since last: 1483583 ns, Reaching safepoint: 116750 ns, At safepoint: 1750 ns, Total: 118500 ns
[2023-02-24T08:25:36.377+0000][7][safepoint   ] Safepoint "ICBufferFull", Time since last: 1245667 ns, Reaching safepoint: 97708 ns, At safepoint: 1375 ns, Total: 99083 ns
[2023-02-24T08:25:36.379+0000][7][safepoint   ] Safepoint "ICBufferFull", Time since last: 1797834 ns, Reaching safepoint: 148000 ns, At safepoint: 1916 ns, Total: 149916 ns
[2023-02-24T08:25:36.382+0000][7][safepoint   ] Safepoint "ICBufferFull", Time since last: 2422959 ns, Reaching safepoint: 133541 ns, At safepoint: 2625 ns, Total: 136166 ns
[2023-02-24T08:25:36.383+0000][7][safepoint   ] Safepoint "ICBufferFull", Time since last: 1112875 ns, Reaching safepoint: 154542 ns, At safepoint: 1833 ns, Total: 156375 ns
[2023-02-24T08:25:36.384+0000][7][safepoint   ] Safepoint "ICBufferFull", Time since last: 1070292 ns, Reaching safepoint: 84500 ns, At safepoint: 1458 ns, Total: 85958 ns
[2023-02-24T08:25:36.385+0000][7][safepoint   ] Safepoint "ICBufferFull", Time since last: 1037750 ns, Reaching safepoint: 142709 ns, At safepoint: 1333 ns, Total: 144042 ns
[2023-02-24T08:25:36.386+0000][7][safepoint   ] Safepoint "ICBufferFull", Time since last: 1100667 ns, Reaching safepoint: 95125 ns, At safepoint: 1375 ns, Total: 96500 ns
[2023-02-24T08:25:36.388+0000][7][safepoint   ] Safepoint "ICBufferFull", Time since last: 833000 ns, Reaching safepoint: 212250 ns, At safepoint: 1333 ns, Total: 213583 ns
[2023-02-24T08:25:36.389+0000][7][safepoint   ] Safepoint "ICBufferFull", Time since last: 958708 ns, Reaching safepoint: 113417 ns, At safepoint: 1500 ns, Total: 114917 ns
[2023-02-24T08:25:36.390+0000][7][safepoint   ] Safepoint "ICBufferFull", Time since last: 1055625 ns, Reaching safepoint: 102792 ns, At safepoint: 1500 ns, Total: 104292 ns
[2023-02-24T08:25:36.391+0000][7][safepoint   ] Safepoint "ICBufferFull", Time since last: 825125 ns, Reaching safepoint: 165833 ns, At safepoint: 2417 ns, Total: 168250 ns
[2023-02-24T08:25:36.395+0000][7][safepoint   ] Safepoint "ICBufferFull", Time since last: 1348250 ns, Reaching safepoint: 3259291 ns, At safepoint: 5375 ns, Total: 3264666 ns
[2023-02-24T08:25:36.398+0000][7][safepoint   ] Safepoint "ICBufferFull", Time since last: 1711709 ns, Reaching safepoint: 852375 ns, At safepoint: 4000 ns, Total: 856375 ns
[2023-02-24T08:25:36.399+0000][7][safepoint   ] Safepoint "ICBufferFull", Time since last: 1468458 ns, Reaching safepoint: 30750 ns, At safepoint: 1542 ns, Total: 32292 ns
[2023-02-24T08:25:36.401+0000][7][safepoint   ] Safepoint "ICBufferFull", Time since last: 1155250 ns, Reaching safepoint: 37083 ns, At safepoint: 1417 ns, Total: 38500 ns
[2023-02-24T08:25:36.402+0000][7][safepoint   ] Safepoint "ICBufferFull", Time since last: 925583 ns, Reaching safepoint: 26292 ns, At safepoint: 1291 ns, Total: 27583 ns
[2023-02-24T08:25:36.402+0000][7][safepoint   ] Safepoint "ICBufferFull", Time since last: 862500 ns, Reaching safepoint: 25334 ns, At safepoint: 1375 ns, Total: 26709 ns
[2023-02-24T08:25:36.404+0000][7][safepoint   ] Safepoint "ICBufferFull", Time since last: 1701208 ns, Reaching safepoint: 29375 ns, At safepoint: 1417 ns, Total: 30792 ns
[2023-02-24T08:25:36.405+0000][7][safepoint   ] Safepoint "ICBufferFull", Time since last: 999625 ns, Reaching safepoint: 23458 ns, At safepoint: 1375 ns, Total: 24833 ns
[2023-02-24T08:25:36.407+0000][7][safepoint   ] Safepoint "ICBufferFull", Time since last: 1316000 ns, Reaching safepoint: 23750 ns, At safepoint: 12583 ns, Total: 36333 ns
[2023-02-24T08:25:36.408+0000][7][safepoint   ] Safepoint "ICBufferFull", Time since last: 921875 ns, Reaching safepoint: 21917 ns, At safepoint: 1250 ns, Total: 23167 ns
[2023-02-24T08:25:36.408+0000][7][safepoint   ] Safepoint "ICBufferFull", Time since last: 824833 ns, Reaching safepoint: 23500 ns, At safepoint: 1125 ns, Total: 24625 ns
[2023-02-24T08:25:36.409+0000][7][safepoint   ] Safepoint "ICBufferFull", Time since last: 798875 ns, Reaching safepoint: 22750 ns, At safepoint: 1292 ns, Total: 24042 ns
[2023-02-24T08:25:36.410+0000][7][safepoint   ] Safepoint "ICBufferFull", Time since last: 962833 ns, Reaching safepoint: 23750 ns, At safepoint: 1250 ns, Total: 25000 ns
[2023-02-24T08:25:36.411+0000][7][safepoint   ] Safepoint "ICBufferFull", Time since last: 994250 ns, Reaching safepoint: 26250 ns, At safepoint: 1375 ns, Total: 27625 ns
[2023-02-24T08:25:36.412+0000][7][safepoint   ] Safepoint "ICBufferFull", Time since last: 1033959 ns, Reaching safepoint: 25791 ns, At safepoint: 1292 ns, Total: 27083 ns
[2023-02-24T08:25:36.414+0000][7][safepoint   ] Safepoint "ICBufferFull", Time since last: 1691125 ns, Reaching safepoint: 26292 ns, At safepoint: 1208 ns, Total: 27500 ns
[2023-02-24T08:25:36.415+0000][7][safepoint   ] Safepoint "ICBufferFull", Time since last: 1403208 ns, Reaching safepoint: 25917 ns, At safepoint: 1250 ns, Total: 27167 ns
[2023-02-24T08:25:36.416+0000][7][safepoint   ] Safepoint "ICBufferFull", Time since last: 965625 ns, Reaching safepoint: 26250 ns, At safepoint: 1417 ns, Total: 27667 ns
[2023-02-24T08:25:36.418+0000][7][safepoint   ] Safepoint "ICBufferFull", Time since last: 1292916 ns, Reaching safepoint: 24125 ns, At safepoint: 1292 ns, Total: 25417 ns
[2023-02-24T08:25:36.488+0000][7][safepoint   ] Safepoint "ICBufferFull", Time since last: 70611542 ns, Reaching safepoint: 126708 ns, At safepoint: 1833 ns, Total: 128541 ns
[2023-02-24T08:25:36.537+0000][7][safepoint   ] Safepoint "ICBufferFull", Time since last: 48151667 ns, Reaching safepoint: 607375 ns, At safepoint: 210625 ns, Total: 818000 ns
[2023-02-24T08:25:36.546+0000][7][safepoint   ] Safepoint "ICBufferFull", Time since last: 8791458 ns, Reaching safepoint: 112834 ns, At safepoint: 1166 ns, Total: 114000 ns
[2023-02-24T08:25:36.548+0000][7][safepoint   ] Safepoint "ICBufferFull", Time since last: 1480709 ns, Reaching safepoint: 138875 ns, At safepoint: 2291 ns, Total: 141166 ns
[2023-02-24T08:25:36.553+0000][7][safepoint   ] Safepoint "ICBufferFull", Time since last: 1815125 ns, Reaching safepoint: 2790042 ns, At safepoint: 27042 ns, Total: 2817084 ns
[2023-02-24T08:25:36.564+0000][7][safepoint   ] Safepoint "ICBufferFull", Time since last: 8431000 ns, Reaching safepoint: 3004458 ns, At safepoint: 4917 ns, Total: 3009375 ns
[2023-02-24T08:25:36.571+0000][7][safepoint   ] Safepoint "ICBufferFull", Time since last: 4202250 ns, Reaching safepoint: 2753916 ns, At safepoint: 11375 ns, Total: 2765291 ns
[2023-02-24T08:25:36.575+0000][7][safepoint   ] Safepoint "ICBufferFull", Time since last: 1515584 ns, Reaching safepoint: 2495125 ns, At safepoint: 4916 ns, Total: 2500041 ns
[2023-02-24T08:25:36.581+0000][7][safepoint   ] Safepoint "ICBufferFull", Time since last: 1386709 ns, Reaching safepoint: 4271125 ns, At safepoint: 5458 ns, Total: 4276583 ns
[2023-02-24T08:25:36.583+0000][7][safepoint   ] Safepoint "ICBufferFull", Time since last: 1593000 ns, Reaching safepoint: 316625 ns, At safepoint: 3000 ns, Total: 319625 ns
[2023-02-24T08:25:36.587+0000][7][safepoint   ] Safepoint "ICBufferFull", Time since last: 1009292 ns, Reaching safepoint: 2985208 ns, At safepoint: 8000 ns, Total: 2993208 ns
[2023-02-24T08:25:36.630+0000][7][safepoint   ] Safepoint "ICBufferFull", Time since last: 40407833 ns, Reaching safepoint: 2916375 ns, At safepoint: 6042 ns, Total: 2922417 ns
[2023-02-24T08:25:37.330+0000][7][safepoint   ] Safepoint "ICBufferFull", Time since last: 700202875 ns, Reaching safepoint: 205459 ns, At safepoint: 2333 ns, Total: 207792 ns
[2023-02-24T08:25:37.353+0000][7][gc,start    ] GC(4) Pause Young (Normal) (G1 Evacuation Pause)
[2023-02-24T08:25:37.354+0000][7][gc,task     ] GC(4) Using 4 workers of 4 for evacuation
[2023-02-24T08:25:37.355+0000][7][gc,age      ] GC(4) Desired survivor size 13107200 bytes, new threshold 15 (max threshold 15)
[2023-02-24T08:25:37.394+0000][7][gc,age      ] GC(4) Age table with threshold 15 (max threshold 15)
[2023-02-24T08:25:37.399+0000][7][gc,age      ] GC(4) - age   1:    5207672 bytes,    5207672 total
[2023-02-24T08:25:37.400+0000][7][gc,age      ] GC(4) - age   2:    1160208 bytes,    6367880 total
[2023-02-24T08:25:37.401+0000][7][gc,age      ] GC(4) - age   3:    1933720 bytes,    8301600 total
[2023-02-24T08:25:37.403+0000][7][gc,phases   ] GC(4)   Pre Evacuate Collection Set: 0.1ms
[2023-02-24T08:25:37.404+0000][7][gc,phases   ] GC(4)   Merge Heap Roots: 0.2ms
[2023-02-24T08:25:37.405+0000][7][gc,phases   ] GC(4)   Evacuate Collection Set: 37.0ms
[2023-02-24T08:25:37.406+0000][7][gc,phases   ] GC(4)   Post Evacuate Collection Set: 0.6ms
[2023-02-24T08:25:37.408+0000][7][gc,phases   ] GC(4)   Other: 11.6ms
[2023-02-24T08:25:37.409+0000][7][gc,heap     ] GC(4) Eden regions: 188->0(298)
[2023-02-24T08:25:37.410+0000][7][gc,heap     ] GC(4) Survivor regions: 5->9(25)
[2023-02-24T08:25:37.411+0000][7][gc,heap     ] GC(4) Old regions: 4->4
[2023-02-24T08:25:37.413+0000][7][gc,heap     ] GC(4) Archive regions: 0->0
[2023-02-24T08:25:37.414+0000][7][gc,heap     ] GC(4) Humongous regions: 2->1
[2023-02-24T08:25:37.415+0000][7][gc,metaspace] GC(4) Metaspace: 25952K(26624K)->25952K(26624K) NonClass: 23063K(23552K)->23063K(23552K) Class: 2889K(3072K)->2889K(3072K)
[2023-02-24T08:25:37.416+0000][7][gc          ] GC(4) Pause Young (Normal) (G1 Evacuation Pause) 198M->13M(512M) 63.047ms
[2023-02-24T08:25:37.417+0000][7][gc,cpu      ] GC(4) User=0.02s Sys=0.01s Real=0.06s
[2023-02-24T08:25:37.419+0000][7][safepoint   ] Safepoint "G1CollectForAllocation", Time since last: 22598083 ns, Reaching safepoint: 143334 ns, At safepoint: 65401208 ns, Total: 65544542 ns
[2023-02-24T08:25:38.373+0000][7][safepoint   ] Safepoint "ICBufferFull", Time since last: 951879126 ns, Reaching safepoint: 2636041 ns, At safepoint: 7167 ns, Total: 2643208 ns
[2023-02-24T08:25:38.559+0000][7][gc,start    ] GC(5) Pause Young (Normal) (G1 Evacuation Pause)
[2023-02-24T08:25:38.560+0000][7][gc,task     ] GC(5) Using 4 workers of 4 for evacuation
[2023-02-24T08:25:38.561+0000][7][gc,age      ] GC(5) Desired survivor size 20447232 bytes, new threshold 15 (max threshold 15)
[2023-02-24T08:25:38.593+0000][7][gc,age      ] GC(5) Age table with threshold 15 (max threshold 15)
[2023-02-24T08:25:38.594+0000][7][gc,age      ] GC(5) - age   1:    5043400 bytes,    5043400 total
[2023-02-24T08:25:38.595+0000][7][gc,age      ] GC(5) - age   2:    4320656 bytes,    9364056 total
[2023-02-24T08:25:38.596+0000][7][gc,age      ] GC(5) - age   3:    1160032 bytes,   10524088 total
[2023-02-24T08:25:38.596+0000][7][gc,age      ] GC(5) - age   4:    1933720 bytes,   12457808 total
[2023-02-24T08:25:38.597+0000][7][gc,phases   ] GC(5)   Pre Evacuate Collection Set: 0.2ms
[2023-02-24T08:25:38.598+0000][7][gc,phases   ] GC(5)   Merge Heap Roots: 0.3ms
[2023-02-24T08:25:38.598+0000][7][gc,phases   ] GC(5)   Evacuate Collection Set: 26.5ms
[2023-02-24T08:25:38.599+0000][7][gc,phases   ] GC(5)   Post Evacuate Collection Set: 4.1ms
[2023-02-24T08:25:38.600+0000][7][gc,phases   ] GC(5)   Other: 6.7ms
[2023-02-24T08:25:38.601+0000][7][gc,heap     ] GC(5) Eden regions: 298->0(294)
[2023-02-24T08:25:38.601+0000][7][gc,heap     ] GC(5) Survivor regions: 9->13(39)
[2023-02-24T08:25:38.602+0000][7][gc,heap     ] GC(5) Old regions: 4->4
[2023-02-24T08:25:38.603+0000][7][gc,heap     ] GC(5) Archive regions: 0->0
[2023-02-24T08:25:38.604+0000][7][gc,heap     ] GC(5) Humongous regions: 1->1
[2023-02-24T08:25:38.605+0000][7][gc,metaspace] GC(5) Metaspace: 27650K(28672K)->27650K(28672K) NonClass: 24569K(25344K)->24569K(25344K) Class: 3081K(3328K)->3081K(3328K)
[2023-02-24T08:25:38.605+0000][7][gc          ] GC(5) Pause Young (Normal) (G1 Evacuation Pause) 311M->17M(512M) 46.257ms
[2023-02-24T08:25:38.606+0000][7][gc,cpu      ] GC(5) User=0.01s Sys=0.00s Real=0.04s
[2023-02-24T08:25:38.607+0000][7][safepoint   ] Safepoint "G1CollectForAllocation", Time since last: 183692125 ns, Reaching safepoint: 2419000 ns, At safepoint: 47452375 ns, Total: 49871375 ns
[2023-02-24T08:25:39.225+0000][7][gc,start    ] GC(6) Pause Young (Normal) (G1 Evacuation Pause)
[2023-02-24T08:25:39.226+0000][7][gc,task     ] GC(6) Using 4 workers of 4 for evacuation
[2023-02-24T08:25:39.227+0000][7][gc,age      ] GC(6) Desired survivor size 20447232 bytes, new threshold 15 (max threshold 15)
[2023-02-24T08:25:39.253+0000][7][gc,age      ] GC(6) Age table with threshold 15 (max threshold 15)
[2023-02-24T08:25:39.254+0000][7][gc,age      ] GC(6) - age   1:     756184 bytes,     756184 total
[2023-02-24T08:25:39.255+0000][7][gc,age      ] GC(6) - age   2:    3281888 bytes,    4038072 total
[2023-02-24T08:25:39.257+0000][7][gc,age      ] GC(6) - age   3:    4316352 bytes,    8354424 total
[2023-02-24T08:25:39.258+0000][7][gc,age      ] GC(6) - age   4:    1159888 bytes,    9514312 total
[2023-02-24T08:25:39.259+0000][7][gc,age      ] GC(6) - age   5:    1933720 bytes,   11448032 total
[2023-02-24T08:25:39.260+0000][7][gc,phases   ] GC(6)   Pre Evacuate Collection Set: 0.2ms
[2023-02-24T08:25:39.260+0000][7][gc,phases   ] GC(6)   Merge Heap Roots: 0.0ms
[2023-02-24T08:25:39.261+0000][7][gc,phases   ] GC(6)   Evacuate Collection Set: 23.8ms
[2023-02-24T08:25:39.262+0000][7][gc,phases   ] GC(6)   Post Evacuate Collection Set: 0.7ms
[2023-02-24T08:25:39.263+0000][7][gc,phases   ] GC(6)   Other: 9.7ms
[2023-02-24T08:25:39.263+0000][7][gc,heap     ] GC(6) Eden regions: 294->0(295)
[2023-02-24T08:25:39.264+0000][7][gc,heap     ] GC(6) Survivor regions: 13->12(39)
[2023-02-24T08:25:39.265+0000][7][gc,heap     ] GC(6) Old regions: 4->4
[2023-02-24T08:25:39.266+0000][7][gc,heap     ] GC(6) Archive regions: 0->0
[2023-02-24T08:25:39.267+0000][7][gc,heap     ] GC(6) Humongous regions: 1->1
[2023-02-24T08:25:39.268+0000][7][gc,metaspace] GC(6) Metaspace: 28034K(29312K)->28034K(29312K) NonClass: 24883K(25856K)->24883K(25856K) Class: 3150K(3456K)->3150K(3456K)
[2023-02-24T08:25:39.269+0000][7][gc          ] GC(6) Pause Young (Normal) (G1 Evacuation Pause) 311M->16M(512M) 43.821ms
[2023-02-24T08:25:39.270+0000][7][gc,cpu      ] GC(6) User=0.01s Sys=0.01s Real=0.05s
[2023-02-24T08:25:39.270+0000][7][safepoint   ] Safepoint "G1CollectForAllocation", Time since last: 618325584 ns, Reaching safepoint: 74291 ns, At safepoint: 45107625 ns, Total: 45181916 ns
[2023-02-24T08:25:39.814+0000][7][gc,start    ] GC(7) Pause Young (Normal) (G1 Evacuation Pause)
[2023-02-24T08:25:39.828+0000][7][gc,task     ] GC(7) Using 4 workers of 4 for evacuation
[2023-02-24T08:25:39.828+0000][7][gc,age      ] GC(7) Desired survivor size 20447232 bytes, new threshold 15 (max threshold 15)
[2023-02-24T08:25:39.846+0000][7][gc,age      ] GC(7) Age table with threshold 15 (max threshold 15)
[2023-02-24T08:25:39.847+0000][7][gc,age      ] GC(7) - age   1:    2456096 bytes,    2456096 total
[2023-02-24T08:25:39.848+0000][7][gc,age      ] GC(7) - age   2:     645096 bytes,    3101192 total
[2023-02-24T08:25:39.849+0000][7][gc,age      ] GC(7) - age   3:    3280112 bytes,    6381304 total
[2023-02-24T08:25:39.850+0000][7][gc,age      ] GC(7) - age   4:    4315912 bytes,   10697216 total
[2023-02-24T08:25:39.850+0000][7][gc,age      ] GC(7) - age   5:    1159888 bytes,   11857104 total
[2023-02-24T08:25:39.851+0000][7][gc,age      ] GC(7) - age   6:    1933720 bytes,   13790824 total
[2023-02-24T08:25:39.852+0000][7][gc,phases   ] GC(7)   Pre Evacuate Collection Set: 0.3ms
[2023-02-24T08:25:39.852+0000][7][gc,phases   ] GC(7)   Merge Heap Roots: 0.1ms
[2023-02-24T08:25:39.853+0000][7][gc,phases   ] GC(7)   Evacuate Collection Set: 14.8ms
[2023-02-24T08:25:39.854+0000][7][gc,phases   ] GC(7)   Post Evacuate Collection Set: 1.5ms
[2023-02-24T08:25:39.855+0000][7][gc,phases   ] GC(7)   Other: 20.9ms
[2023-02-24T08:25:39.855+0000][7][gc,heap     ] GC(7) Eden regions: 295->0(293)
[2023-02-24T08:25:39.856+0000][7][gc,heap     ] GC(7) Survivor regions: 12->14(39)
[2023-02-24T08:25:39.857+0000][7][gc,heap     ] GC(7) Old regions: 4->4
[2023-02-24T08:25:39.858+0000][7][gc,heap     ] GC(7) Archive regions: 0->0
[2023-02-24T08:25:39.859+0000][7][gc,heap     ] GC(7) Humongous regions: 1->1
[2023-02-24T08:25:39.860+0000][7][gc,metaspace] GC(7) Metaspace: 28555K(29952K)->28555K(29952K) NonClass: 25325K(26368K)->25325K(26368K) Class: 3229K(3584K)->3229K(3584K)
[2023-02-24T08:25:39.861+0000][7][gc          ] GC(7) Pause Young (Normal) (G1 Evacuation Pause) 311M->18M(512M) 46.492ms
[2023-02-24T08:25:39.862+0000][7][gc,cpu      ] GC(7) User=0.01s Sys=0.00s Real=0.05s
[2023-02-24T08:25:39.862+0000][7][safepoint   ] Safepoint "G1CollectForAllocation", Time since last: 543959126 ns, Reaching safepoint: 219583 ns, At safepoint: 48030583 ns, Total: 48250166 ns
[2023-02-24T08:25:40.434+0000][7][safepoint   ] Safepoint "ICBufferFull", Time since last: 566784000 ns, Reaching safepoint: 4934000 ns, At safepoint: 13875 ns, Total: 4947875 ns
[2023-02-24T08:25:40.778+0000][7][gc,start    ] GC(8) Pause Young (Concurrent Start) (Metadata GC Threshold)
[2023-02-24T08:25:40.779+0000][7][gc,task     ] GC(8) Using 4 workers of 4 for evacuation
[2023-02-24T08:25:40.780+0000][7][gc,age      ] GC(8) Desired survivor size 20447232 bytes, new threshold 15 (max threshold 15)
[2023-02-24T08:25:40.809+0000][7][gc,age      ] GC(8) Age table with threshold 15 (max threshold 15)
[2023-02-24T08:25:40.810+0000][7][gc,age      ] GC(8) - age   1:    2107432 bytes,    2107432 total
[2023-02-24T08:25:40.811+0000][7][gc,age      ] GC(8) - age   2:    2263504 bytes,    4370936 total
[2023-02-24T08:25:40.812+0000][7][gc,age      ] GC(8) - age   3:     633536 bytes,    5004472 total
[2023-02-24T08:25:40.813+0000][7][gc,age      ] GC(8) - age   4:    3265120 bytes,    8269592 total
[2023-02-24T08:25:40.814+0000][7][gc,age      ] GC(8) - age   5:    4304584 bytes,   12574176 total
[2023-02-24T08:25:40.815+0000][7][gc,age      ] GC(8) - age   6:    1129600 bytes,   13703776 total
[2023-02-24T08:25:40.816+0000][7][gc,age      ] GC(8) - age   7:    1930952 bytes,   15634728 total
[2023-02-24T08:25:40.817+0000][7][gc,phases   ] GC(8)   Pre Evacuate Collection Set: 0.2ms
[2023-02-24T08:25:40.817+0000][7][gc,phases   ] GC(8)   Merge Heap Roots: 0.0ms
[2023-02-24T08:25:40.818+0000][7][gc,phases   ] GC(8)   Evacuate Collection Set: 25.9ms
[2023-02-24T08:25:40.819+0000][7][gc,phases   ] GC(8)   Post Evacuate Collection Set: 0.9ms
[2023-02-24T08:25:40.820+0000][7][gc,phases   ] GC(8)   Other: 11.5ms
[2023-02-24T08:25:40.820+0000][7][gc,heap     ] GC(8) Eden regions: 121->0(290)
[2023-02-24T08:25:40.822+0000][7][gc,heap     ] GC(8) Survivor regions: 14->17(39)
[2023-02-24T08:25:40.822+0000][7][gc,heap     ] GC(8) Old regions: 4->4
[2023-02-24T08:25:40.823+0000][7][gc,heap     ] GC(8) Archive regions: 0->0
[2023-02-24T08:25:40.824+0000][7][gc,heap     ] GC(8) Humongous regions: 1->1
[2023-02-24T08:25:40.825+0000][7][gc,metaspace] GC(8) Metaspace: 33978K(35584K)->33978K(35584K) NonClass: 30042K(31232K)->30042K(31232K) Class: 3936K(4352K)->3936K(4352K)
[2023-02-24T08:25:40.826+0000][7][gc          ] GC(8) Pause Young (Concurrent Start) (Metadata GC Threshold) 138M->21M(512M) 47.936ms
[2023-02-24T08:25:40.827+0000][7][gc,cpu      ] GC(8) User=0.02s Sys=0.00s Real=0.05s
[2023-02-24T08:25:40.828+0000][7][gc          ] GC(9) Concurrent Cycle
[2023-02-24T08:25:40.828+0000][7][gc,marking  ] GC(9) Concurrent Clear Claimed Marks
[2023-02-24T08:25:40.829+0000][7][gc,marking  ] GC(9) Concurrent Clear Claimed Marks 0.815ms
[2023-02-24T08:25:40.830+0000][7][gc,marking  ] GC(9) Concurrent Scan Root Regions
[2023-02-24T08:25:40.828+0000][7][safepoint   ] Safepoint "CollectForMetadataAllocation", Time since last: 340782792 ns, Reaching safepoint: 3247333 ns, At safepoint: 49591125 ns, Total: 52838458 ns
[2023-02-24T08:25:40.838+0000][7][gc,marking  ] GC(9) Concurrent Scan Root Regions 7.575ms
[2023-02-24T08:25:40.839+0000][7][gc,marking  ] GC(9) Concurrent Mark (8.182s)
[2023-02-24T08:25:40.839+0000][7][gc,marking  ] GC(9) Concurrent Mark From Roots
[2023-02-24T08:25:40.840+0000][7][gc,task     ] GC(9) Using 1 workers of 1 for marking
[2023-02-24T08:25:40.845+0000][7][gc,marking  ] GC(9) Concurrent Mark From Roots 5.457ms
[2023-02-24T08:25:40.846+0000][7][gc,marking  ] GC(9) Concurrent Preclean
[2023-02-24T08:25:40.847+0000][7][gc,marking  ] GC(9) Concurrent Preclean 0.878ms
[2023-02-24T08:25:40.848+0000][7][gc,marking  ] GC(9) Concurrent Mark (8.182s, 8.192s) 9.351ms
[2023-02-24T08:25:40.852+0000][7][gc,start    ] GC(9) Pause Remark
[2023-02-24T08:25:40.858+0000][7][gc          ] GC(9) Pause Remark 21M->21M(512M) 5.923ms
[2023-02-24T08:25:40.859+0000][7][gc,cpu      ] GC(9) User=0.00s Sys=0.00s Real=0.01s
[2023-02-24T08:25:40.860+0000][7][safepoint   ] Safepoint "G1Concurrent", Time since last: 21147084 ns, Reaching safepoint: 3257083 ns, At safepoint: 8011583 ns, Total: 11268666 ns
[2023-02-24T08:25:40.862+0000][7][gc,marking  ] GC(9) Concurrent Rebuild Remembered Sets
[2023-02-24T08:25:40.865+0000][7][gc,marking  ] GC(9) Concurrent Rebuild Remembered Sets 2.658ms
[2023-02-24T08:25:40.867+0000][7][gc,start    ] GC(9) Pause Cleanup
[2023-02-24T08:25:40.868+0000][7][gc          ] GC(9) Pause Cleanup 21M->21M(512M) 1.040ms
[2023-02-24T08:25:40.868+0000][7][gc,cpu      ] GC(9) User=0.00s Sys=0.00s Real=0.00s
[2023-02-24T08:25:40.869+0000][7][safepoint   ] Safepoint "G1Concurrent", Time since last: 5697417 ns, Reaching safepoint: 737333 ns, At safepoint: 2668125 ns, Total: 3405458 ns
[2023-02-24T08:25:40.870+0000][7][gc,marking  ] GC(9) Concurrent Cleanup for Next Mark
[2023-02-24T08:25:40.871+0000][7][gc,marking  ] GC(9) Concurrent Cleanup for Next Mark 1.387ms
[2023-02-24T08:25:40.873+0000][7][gc          ] GC(9) Concurrent Cycle 45.247ms
[2023-02-24T08:25:41.869+0000][7][safepoint   ] Safepoint "ICBufferFull", Time since last: 994733918 ns, Reaching safepoint: 4745000 ns, At safepoint: 9208 ns, Total: 4754208 ns
[2023-02-24T08:25:42.876+0000][7][safepoint   ] Safepoint "Cleanup", Time since last: 1004236459 ns, Reaching safepoint: 2770125 ns, At safepoint: 4666 ns, Total: 2774791 ns
[2023-02-24T08:25:43.791+0000][7][safepoint   ] Safepoint "ICBufferFull", Time since last: 907646584 ns, Reaching safepoint: 7315125 ns, At safepoint: 12417 ns, Total: 7327542 ns
[2023-02-24T08:25:44.435+0000][7][safepoint   ] Safepoint "ICBufferFull", Time since last: 643786667 ns, Reaching safepoint: 646333 ns, At safepoint: 3958 ns, Total: 650291 ns
[2023-02-24T08:25:44.581+0000][7][gc,start    ] GC(10) Pause Young (Normal) (G1 Evacuation Pause)
[2023-02-24T08:25:44.583+0000][7][gc,task     ] GC(10) Using 4 workers of 4 for evacuation
[2023-02-24T08:25:44.584+0000][7][gc,age      ] GC(10) Desired survivor size 20447232 bytes, new threshold 15 (max threshold 15)
[2023-02-24T08:25:44.683+0000][7][gc,age      ] GC(10) Age table with threshold 15 (max threshold 15)
[2023-02-24T08:25:44.684+0000][7][gc,age      ] GC(10) - age   1:   25345624 bytes,   25345624 total
[2023-02-24T08:25:44.686+0000][7][gc,age      ] GC(10) - age   2:    1987648 bytes,   27333272 total
[2023-02-24T08:25:44.686+0000][7][gc,age      ] GC(10) - age   3:    2259896 bytes,   29593168 total
[2023-02-24T08:25:44.687+0000][7][gc,age      ] GC(10) - age   4:     628320 bytes,   30221488 total
[2023-02-24T08:25:44.688+0000][7][gc,age      ] GC(10) - age   5:    3253232 bytes,   33474720 total
[2023-02-24T08:25:44.689+0000][7][gc,age      ] GC(10) - age   6:    4277024 bytes,   37751744 total
[2023-02-24T08:25:44.690+0000][7][gc,age      ] GC(10) - age   7:    1108944 bytes,   38860688 total
[2023-02-24T08:25:44.691+0000][7][gc,age      ] GC(10) - age   8:    1922568 bytes,   40783256 total
[2023-02-24T08:25:44.692+0000][7][gc,phases   ] GC(10)   Pre Evacuate Collection Set: 1.3ms
[2023-02-24T08:25:44.692+0000][7][gc,phases   ] GC(10)   Merge Heap Roots: 0.1ms
[2023-02-24T08:25:44.693+0000][7][gc,phases   ] GC(10)   Evacuate Collection Set: 95.0ms
[2023-02-24T08:25:44.694+0000][7][gc,phases   ] GC(10)   Post Evacuate Collection Set: 1.8ms
[2023-02-24T08:25:44.695+0000][7][gc,phases   ] GC(10)   Other: 12.3ms
[2023-02-24T08:25:44.696+0000][7][gc,heap     ] GC(10) Eden regions: 290->0(268)
[2023-02-24T08:25:44.697+0000][7][gc,heap     ] GC(10) Survivor regions: 17->39(39)
[2023-02-24T08:25:44.698+0000][7][gc,heap     ] GC(10) Old regions: 4->9
[2023-02-24T08:25:44.699+0000][7][gc,heap     ] GC(10) Archive regions: 0->0
[2023-02-24T08:25:44.700+0000][7][gc,heap     ] GC(10) Humongous regions: 1->1
[2023-02-24T08:25:44.700+0000][7][gc,metaspace] GC(10) Metaspace: 43233K(45568K)->43233K(45568K) NonClass: 38000K(39680K)->38000K(39680K) Class: 5233K(5888K)->5233K(5888K)
[2023-02-24T08:25:44.701+0000][7][gc          ] GC(10) Pause Young (Normal) (G1 Evacuation Pause) 311M->48M(512M) 119.589ms
[2023-02-24T08:25:44.702+0000][7][gc,cpu      ] GC(10) User=0.08s Sys=0.00s Real=0.12s
[2023-02-24T08:25:44.703+0000][7][safepoint   ] Safepoint "G1CollectForAllocation", Time since last: 146144001 ns, Reaching safepoint: 86166 ns, At safepoint: 121146000 ns, Total: 121232166 ns
[2023-02-24T08:25:45.120+0000][7][safepoint   ] Safepoint "ICBufferFull", Time since last: 416677667 ns, Reaching safepoint: 952625 ns, At safepoint: 8958 ns, Total: 961583 ns
[2023-02-24T08:25:45.847+0000][7][safepoint   ] Safepoint "ICBufferFull", Time since last: 724283042 ns, Reaching safepoint: 2715334 ns, At safepoint: 4958 ns, Total: 2720292 ns
[2023-02-24T08:25:46.459+0000][7][gc,start    ] GC(11) Pause Young (Concurrent Start) (Metadata GC Threshold)
[2023-02-24T08:25:46.460+0000][7][gc,task     ] GC(11) Using 4 workers of 4 for evacuation
[2023-02-24T08:25:46.461+0000][7][gc,age      ] GC(11) Desired survivor size 20447232 bytes, new threshold 1 (max threshold 15)
[2023-02-24T08:25:46.572+0000][7][gc,age      ] GC(11) Age table with threshold 1 (max threshold 15)
[2023-02-24T08:25:46.574+0000][7][gc,age      ] GC(11) - age   1:    6217496 bytes,    6217496 total
[2023-02-24T08:25:46.575+0000][7][gc,phases   ] GC(11)   Pre Evacuate Collection Set: 0.6ms
[2023-02-24T08:25:46.576+0000][7][gc,phases   ] GC(11)   Merge Heap Roots: 0.6ms
[2023-02-24T08:25:46.576+0000][7][gc,phases   ] GC(11)   Evacuate Collection Set: 104.0ms
[2023-02-24T08:25:46.577+0000][7][gc,phases   ] GC(11)   Post Evacuate Collection Set: 5.1ms
[2023-02-24T08:25:46.578+0000][7][gc,phases   ] GC(11)   Other: 5.7ms
[2023-02-24T08:25:46.579+0000][7][gc,heap     ] GC(11) Eden regions: 113->0(291)
[2023-02-24T08:25:46.580+0000][7][gc,heap     ] GC(11) Survivor regions: 39->7(39)
[2023-02-24T08:25:46.580+0000][7][gc,heap     ] GC(11) Old regions: 9->48
[2023-02-24T08:25:46.581+0000][7][gc,heap     ] GC(11) Archive regions: 0->0
[2023-02-24T08:25:46.582+0000][7][gc,heap     ] GC(11) Humongous regions: 1->1
[2023-02-24T08:25:46.583+0000][7][gc,metaspace] GC(11) Metaspace: 56873K(59648K)->56873K(59648K) NonClass: 49556K(51456K)->49556K(51456K) Class: 7317K(8192K)->7317K(8192K)
[2023-02-24T08:25:46.584+0000][7][gc          ] GC(11) Pause Young (Concurrent Start) (Metadata GC Threshold) 161M->55M(512M) 124.387ms
[2023-02-24T08:25:46.584+0000][7][gc,cpu      ] GC(11) User=0.07s Sys=0.00s Real=0.12s
[2023-02-24T08:25:46.585+0000][7][safepoint   ] Safepoint "CollectForMetadataAllocation", Time since last: 611837417 ns, Reaching safepoint: 121417 ns, At safepoint: 125774541 ns, Total: 125895958 ns
[2023-02-24T08:25:46.585+0000][7][gc          ] GC(12) Concurrent Cycle
[2023-02-24T08:25:46.595+0000][7][gc,marking  ] GC(12) Concurrent Clear Claimed Marks
[2023-02-24T08:25:46.597+0000][7][gc,marking  ] GC(12) Concurrent Clear Claimed Marks 1.523ms
[2023-02-24T08:25:46.601+0000][7][gc,marking  ] GC(12) Concurrent Scan Root Regions
[2023-02-24T08:25:46.651+0000][7][safepoint   ] Safepoint "CollectForMetadataAllocation", Time since last: 66116542 ns, Reaching safepoint: 66709 ns, At safepoint: 73833 ns, Total: 140542 ns
[2023-02-24T08:25:46.662+0000][7][safepoint   ] Safepoint "CollectForMetadataAllocation", Time since last: 10394875 ns, Reaching safepoint: 482250 ns, At safepoint: 59625 ns, Total: 541875 ns
[2023-02-24T08:25:46.662+0000][7][gc,marking  ] GC(12) Concurrent Scan Root Regions 61.352ms
[2023-02-24T08:25:46.666+0000][7][gc,marking  ] GC(12) Concurrent Mark (14.010s)
[2023-02-24T08:25:46.667+0000][7][gc,marking  ] GC(12) Concurrent Mark From Roots
[2023-02-24T08:25:46.668+0000][7][gc,task     ] GC(12) Using 1 workers of 1 for marking
[2023-02-24T08:25:46.703+0000][7][gc,marking  ] GC(12) Concurrent Mark From Roots 36.120ms
[2023-02-24T08:25:46.704+0000][7][gc,marking  ] GC(12) Concurrent Preclean
[2023-02-24T08:25:46.708+0000][7][gc,marking  ] GC(12) Concurrent Preclean 3.617ms
[2023-02-24T08:25:46.709+0000][7][gc,marking  ] GC(12) Concurrent Mark (14.010s, 14.053s) 42.928ms
[2023-02-24T08:25:46.710+0000][7][gc,start    ] GC(12) Pause Remark
[2023-02-24T08:25:46.721+0000][7][gc          ] GC(12) Pause Remark 57M->57M(512M) 10.948ms
[2023-02-24T08:25:46.722+0000][7][gc,cpu      ] GC(12) User=0.01s Sys=0.00s Real=0.01s
[2023-02-24T08:25:46.723+0000][7][safepoint   ] Safepoint "G1Concurrent", Time since last: 48019292 ns, Reaching safepoint: 327666 ns, At safepoint: 12818625 ns, Total: 13146291 ns
[2023-02-24T08:25:46.724+0000][7][gc,marking  ] GC(12) Concurrent Rebuild Remembered Sets
[2023-02-24T08:25:46.775+0000][7][gc,marking  ] GC(12) Concurrent Rebuild Remembered Sets 51.029ms
[2023-02-24T08:25:46.784+0000][7][gc,start    ] GC(12) Pause Cleanup
[2023-02-24T08:25:46.784+0000][7][gc          ] GC(12) Pause Cleanup 60M->60M(512M) 0.908ms
[2023-02-24T08:25:46.785+0000][7][gc,cpu      ] GC(12) User=0.00s Sys=0.00s Real=0.00s
[2023-02-24T08:25:46.786+0000][7][safepoint   ] Safepoint "G1Concurrent", Time since last: 53288125 ns, Reaching safepoint: 6993000 ns, At safepoint: 2752709 ns, Total: 9745709 ns
[2023-02-24T08:25:46.787+0000][7][gc,marking  ] GC(12) Concurrent Cleanup for Next Mark
[2023-02-24T08:25:46.789+0000][7][gc,marking  ] GC(12) Concurrent Cleanup for Next Mark 1.902ms
[2023-02-24T08:25:46.790+0000][7][gc          ] GC(12) Concurrent Cycle 205.210ms
[2023-02-24T08:25:47.805+0000][7][safepoint   ] Safepoint "Cleanup", Time since last: 1018481167 ns, Reaching safepoint: 337625 ns, At safepoint: 5458 ns, Total: 343083 ns
[2023-02-24T08:25:48.219+0000][7][safepoint   ] Safepoint "ICBufferFull", Time since last: 413313792 ns, Reaching safepoint: 185708 ns, At safepoint: 2792 ns, Total: 188500 ns
[2023-02-24T08:25:48.373+0000][7][safepoint   ] Safepoint "ICBufferFull", Time since last: 154066042 ns, Reaching safepoint: 104458 ns, At safepoint: 2000 ns, Total: 106458 ns
[2023-02-24T08:25:49.308+0000][7][safepoint   ] Safepoint "ICBufferFull", Time since last: 934241834 ns, Reaching safepoint: 596833 ns, At safepoint: 5833 ns, Total: 602666 ns
[2023-02-24T08:25:49.546+0000][7][safepoint   ] Safepoint "ICBufferFull", Time since last: 238323959 ns, Reaching safepoint: 123250 ns, At safepoint: 5458 ns, Total: 128708 ns
[2023-02-24T08:25:50.061+0000][7][safepoint   ] Safepoint "ICBufferFull", Time since last: 514366000 ns, Reaching safepoint: 111042 ns, At safepoint: 3125 ns, Total: 114167 ns
[2023-02-24T08:25:50.677+0000][7][safepoint   ] Safepoint "ICBufferFull", Time since last: 616084000 ns, Reaching safepoint: 120750 ns, At safepoint: 7167 ns, Total: 127917 ns
[2023-02-24T08:25:51.511+0000][7][safepoint   ] Safepoint "ICBufferFull", Time since last: 833719667 ns, Reaching safepoint: 322375 ns, At safepoint: 88709 ns, Total: 411084 ns
[2023-02-24T08:25:51.597+0000][7][gc,heap,exit] Heap
[2023-02-24T08:25:51.599+0000][7][gc,heap,exit]  garbage-first heap   total 524288K, used 261632K [0x00000000e0000000, 0x0000000100000000)
[2023-02-24T08:25:51.600+0000][7][gc,heap,exit]   region size 1024K, 208 young (212992K), 7 survivors (7168K)
[2023-02-24T08:25:51.600+0000][7][gc,heap,exit]  Metaspace       used 86265K, capacity 89362K, committed 89472K, reserved 1126400K
[2023-02-24T08:25:51.601+0000][7][gc,heap,exit]   class space    used 11405K, capacity 12371K, committed 12416K, reserved 1048576K
