[2023-01-09T09:52:18.919+0000][8][gc] Using G1
[2023-01-09T09:52:19.066+0000][8][gc,init] Version: 15+36-1562 (release)
[2023-01-09T09:52:19.067+0000][8][gc,init] CPUs: 4 total, 4 available
[2023-01-09T09:52:19.068+0000][8][gc,init] Memory: 7951M
[2023-01-09T09:52:19.069+0000][8][gc,init] Large Page Support: Disabled
[2023-01-09T09:52:19.071+0000][8][gc,init] NUMA Support: Disabled
[2023-01-09T09:52:19.071+0000][8][gc,init] Compressed Oops: Enabled (32-bit)
[2023-01-09T09:52:19.072+0000][8][gc,init] Heap Region Size: 1M
[2023-01-09T09:52:19.073+0000][8][gc,init] Heap Min Capacity: 512M
[2023-01-09T09:52:19.074+0000][8][gc,init] Heap Initial Capacity: 512M
[2023-01-09T09:52:19.075+0000][8][gc,init] Heap Max Capacity: 512M
[2023-01-09T09:52:19.075+0000][8][gc,init] Pre-touch: Enabled
[2023-01-09T09:52:19.076+0000][8][gc,init] Parallel Workers: 4
[2023-01-09T09:52:19.077+0000][8][gc,init] Concurrent Workers: 1
[2023-01-09T09:52:19.078+0000][8][gc,init] Concurrent Refinement Workers: 4
[2023-01-09T09:52:19.079+0000][8][gc,init] Periodic GC: Disabled
[2023-01-09T09:52:19.080+0000][8][gc,metaspace] CDS disabled.
[2023-01-09T09:52:19.080+0000][8][gc,metaspace] Compressed class space mapped at: 0x0000000100000000-0x0000000140000000, size: 1073741824
[2023-01-09T09:52:19.081+0000][8][gc,metaspace] Narrow klass base: 0x0000000000000000, Narrow klass shift: 3, Narrow klass range: 0x140000000
[2023-01-09T09:52:19.426+0000][8][safepoint   ] Safepoint "ICBufferFull", Time since last: 325039708 ns, Reaching safepoint: 142334 ns, At safepoint: 1791 ns, Total: 144125 ns
[2023-01-09T09:52:19.739+0000][8][safepoint   ] Safepoint "ICBufferFull", Time since last: 313434251 ns, Reaching safepoint: 143291 ns, At safepoint: 2000 ns, Total: 145291 ns
[2023-01-09T09:52:20.113+0000][8][safepoint   ] Safepoint "ICBufferFull", Time since last: 373716709 ns, Reaching safepoint: 81625 ns, At safepoint: 2041 ns, Total: 83666 ns
[2023-01-09T09:52:20.171+0000][8][gc,start    ] GC(0) Pause Young (Normal) (G1 Evacuation Pause)
[2023-01-09T09:52:20.189+0000][8][gc,task     ] GC(0) Using 4 workers of 4 for evacuation
[2023-01-09T09:52:20.190+0000][8][gc,age      ] GC(0) Desired survivor size 2097152 bytes, new threshold 15 (max threshold 15)
[2023-01-09T09:52:20.210+0000][8][gc,age      ] GC(0) Age table with threshold 15 (max threshold 15)
[2023-01-09T09:52:20.211+0000][8][gc,age      ] GC(0) - age   1:    3936520 bytes,    3936520 total
[2023-01-09T09:52:20.212+0000][8][gc,phases   ] GC(0)   Pre Evacuate Collection Set: 0.3ms
[2023-01-09T09:52:20.213+0000][8][gc,phases   ] GC(0)   Merge Heap Roots: 0.0ms
[2023-01-09T09:52:20.214+0000][8][gc,phases   ] GC(0)   Evacuate Collection Set: 17.6ms
[2023-01-09T09:52:20.214+0000][8][gc,phases   ] GC(0)   Post Evacuate Collection Set: 0.5ms
[2023-01-09T09:52:20.215+0000][8][gc,phases   ] GC(0)   Other: 22.3ms
[2023-01-09T09:52:20.216+0000][8][gc,heap     ] GC(0) Eden regions: 25->0(25)
[2023-01-09T09:52:20.217+0000][8][gc,heap     ] GC(0) Survivor regions: 0->4(4)
[2023-01-09T09:52:20.218+0000][8][gc,heap     ] GC(0) Old regions: 0->0
[2023-01-09T09:52:20.219+0000][8][gc,heap     ] GC(0) Archive regions: 0->0
[2023-01-09T09:52:20.220+0000][8][gc,heap     ] GC(0) Humongous regions: 1->1
[2023-01-09T09:52:20.221+0000][8][gc,metaspace] GC(0) Metaspace: 15686K(16128K)->15686K(16128K) NonClass: 14099K(14336K)->14099K(14336K) Class: 1587K(1792K)->1587K(1792K)
[2023-01-09T09:52:20.222+0000][8][gc          ] GC(0) Pause Young (Normal) (G1 Evacuation Pause) 26M->4M(512M) 50.315ms
[2023-01-09T09:52:20.222+0000][8][gc,cpu      ] GC(0) User=0.02s Sys=0.01s Real=0.05s
[2023-01-09T09:52:20.223+0000][8][safepoint   ] Safepoint "G1CollectForAllocation", Time since last: 57922875 ns, Reaching safepoint: 47167 ns, At safepoint: 51810083 ns, Total: 51857250 ns
[2023-01-09T09:52:20.983+0000][8][safepoint   ] Safepoint "ICBufferFull", Time since last: 758285167 ns, Reaching safepoint: 2012584 ns, At safepoint: 6208 ns, Total: 2018792 ns
[2023-01-09T09:52:21.246+0000][8][gc,start    ] GC(1) Pause Young (Concurrent Start) (Metadata GC Threshold)
[2023-01-09T09:52:21.248+0000][8][gc,task     ] GC(1) Using 4 workers of 4 for evacuation
[2023-01-09T09:52:21.250+0000][8][gc,age      ] GC(1) Desired survivor size 2097152 bytes, new threshold 1 (max threshold 15)
[2023-01-09T09:52:21.261+0000][8][gc,age      ] GC(1) Age table with threshold 1 (max threshold 15)
[2023-01-09T09:52:21.261+0000][8][gc,age      ] GC(1) - age   1:    2140944 bytes,    2140944 total
[2023-01-09T09:52:21.262+0000][8][gc,phases   ] GC(1)   Pre Evacuate Collection Set: 0.1ms
[2023-01-09T09:52:21.263+0000][8][gc,phases   ] GC(1)   Merge Heap Roots: 0.1ms
[2023-01-09T09:52:21.269+0000][8][gc,phases   ] GC(1)   Evacuate Collection Set: 9.6ms
[2023-01-09T09:52:21.270+0000][8][gc,phases   ] GC(1)   Post Evacuate Collection Set: 0.6ms
[2023-01-09T09:52:21.270+0000][8][gc,phases   ] GC(1)   Other: 5.3ms
[2023-01-09T09:52:21.271+0000][8][gc,heap     ] GC(1) Eden regions: 23->0(30)
[2023-01-09T09:52:21.278+0000][8][gc,heap     ] GC(1) Survivor regions: 4->3(4)
[2023-01-09T09:52:21.279+0000][8][gc,heap     ] GC(1) Old regions: 0->4
[2023-01-09T09:52:21.280+0000][8][gc,heap     ] GC(1) Archive regions: 0->0
[2023-01-09T09:52:21.281+0000][8][gc,heap     ] GC(1) Humongous regions: 1->1
[2023-01-09T09:52:21.282+0000][8][gc,metaspace] GC(1) Metaspace: 20716K(21248K)->20716K(21248K) NonClass: 18486K(18944K)->18486K(18944K) Class: 2229K(2304K)->2229K(2304K)
[2023-01-09T09:52:21.283+0000][8][gc          ] GC(1) Pause Young (Concurrent Start) (Metadata GC Threshold) 27M->7M(512M) 36.326ms
[2023-01-09T09:52:21.283+0000][8][gc,cpu      ] GC(1) User=0.01s Sys=0.00s Real=0.03s
[2023-01-09T09:52:21.284+0000][8][safepoint   ] Safepoint "CollectForMetadataAllocation", Time since last: 262473375 ns, Reaching safepoint: 642875 ns, At safepoint: 38038000 ns, Total: 38680875 ns
[2023-01-09T09:52:21.284+0000][8][gc          ] GC(2) Concurrent Cycle
[2023-01-09T09:52:21.286+0000][8][gc,marking  ] GC(2) Concurrent Clear Claimed Marks
[2023-01-09T09:52:21.287+0000][8][gc,marking  ] GC(2) Concurrent Clear Claimed Marks 0.954ms
[2023-01-09T09:52:21.288+0000][8][gc,marking  ] GC(2) Concurrent Scan Root Regions
[2023-01-09T09:52:21.291+0000][8][gc,marking  ] GC(2) Concurrent Scan Root Regions 3.447ms
[2023-01-09T09:52:21.292+0000][8][gc,marking  ] GC(2) Concurrent Mark (2.391s)
[2023-01-09T09:52:21.293+0000][8][gc,marking  ] GC(2) Concurrent Mark From Roots
[2023-01-09T09:52:21.294+0000][8][gc,task     ] GC(2) Using 1 workers of 1 for marking
[2023-01-09T09:52:21.295+0000][8][gc,marking  ] GC(2) Concurrent Mark From Roots 2.152ms
[2023-01-09T09:52:21.297+0000][8][gc,marking  ] GC(2) Concurrent Preclean
[2023-01-09T09:52:21.298+0000][8][gc,marking  ] GC(2) Concurrent Preclean 0.774ms
[2023-01-09T09:52:21.299+0000][8][gc,marking  ] GC(2) Concurrent Mark (2.391s, 2.397s) 6.642ms
[2023-01-09T09:52:21.300+0000][8][gc,start    ] GC(2) Pause Remark
[2023-01-09T09:52:21.310+0000][8][gc          ] GC(2) Pause Remark 7M->7M(512M) 9.545ms
[2023-01-09T09:52:21.313+0000][8][gc,cpu      ] GC(2) User=0.00s Sys=0.00s Real=0.01s
[2023-01-09T09:52:21.314+0000][8][safepoint   ] Safepoint "G1Concurrent", Time since last: 15101250 ns, Reaching safepoint: 478459 ns, At safepoint: 13984250 ns, Total: 14462709 ns
[2023-01-09T09:52:21.315+0000][8][gc,marking  ] GC(2) Concurrent Rebuild Remembered Sets
[2023-01-09T09:52:21.317+0000][8][gc,marking  ] GC(2) Concurrent Rebuild Remembered Sets 2.386ms
[2023-01-09T09:52:21.323+0000][8][gc,start    ] GC(2) Pause Cleanup
[2023-01-09T09:52:21.324+0000][8][gc          ] GC(2) Pause Cleanup 7M->7M(512M) 1.075ms
[2023-01-09T09:52:21.325+0000][8][gc,cpu      ] GC(2) User=0.00s Sys=0.00s Real=0.01s
[2023-01-09T09:52:21.326+0000][8][safepoint   ] Safepoint "G1Concurrent", Time since last: 4257416 ns, Reaching safepoint: 5037209 ns, At safepoint: 2793916 ns, Total: 7831125 ns
[2023-01-09T09:52:21.327+0000][8][gc,marking  ] GC(2) Concurrent Cleanup for Next Mark
[2023-01-09T09:52:21.328+0000][8][gc,marking  ] GC(2) Concurrent Cleanup for Next Mark 0.952ms
[2023-01-09T09:52:21.329+0000][8][gc          ] GC(2) Concurrent Cycle 44.510ms
[2023-01-09T09:52:21.949+0000][8][safepoint   ] Safepoint "ICBufferFull", Time since last: 622830001 ns, Reaching safepoint: 170625 ns, At safepoint: 103166 ns, Total: 273791 ns
[2023-01-09T09:52:22.043+0000][8][gc,start    ] GC(3) Pause Young (Normal) (G1 Evacuation Pause)
[2023-01-09T09:52:22.047+0000][8][gc,task     ] GC(3) Using 4 workers of 4 for evacuation
[2023-01-09T09:52:22.048+0000][8][gc,age      ] GC(3) Desired survivor size 2621440 bytes, new threshold 15 (max threshold 15)
[2023-01-09T09:52:22.058+0000][8][gc,age      ] GC(3) Age table with threshold 15 (max threshold 15)
[2023-01-09T09:52:22.059+0000][8][gc,age      ] GC(3) - age   1:    2259256 bytes,    2259256 total
[2023-01-09T09:52:22.060+0000][8][gc,age      ] GC(3) - age   2:    2120048 bytes,    4379304 total
[2023-01-09T09:52:22.061+0000][8][gc,phases   ] GC(3)   Pre Evacuate Collection Set: 0.1ms
[2023-01-09T09:52:22.062+0000][8][gc,phases   ] GC(3)   Merge Heap Roots: 0.0ms
[2023-01-09T09:52:22.063+0000][8][gc,phases   ] GC(3)   Evacuate Collection Set: 8.5ms
[2023-01-09T09:52:22.064+0000][8][gc,phases   ] GC(3)   Post Evacuate Collection Set: 0.4ms
[2023-01-09T09:52:22.065+0000][8][gc,phases   ] GC(3)   Other: 8.7ms
[2023-01-09T09:52:22.065+0000][8][gc,heap     ] GC(3) Eden regions: 30->0(183)
[2023-01-09T09:52:22.066+0000][8][gc,heap     ] GC(3) Survivor regions: 3->5(5)
[2023-01-09T09:52:22.067+0000][8][gc,heap     ] GC(3) Old regions: 4->4
[2023-01-09T09:52:22.068+0000][8][gc,heap     ] GC(3) Archive regions: 0->0
[2023-01-09T09:52:22.069+0000][8][gc,heap     ] GC(3) Humongous regions: 1->1
[2023-01-09T09:52:22.069+0000][8][gc,metaspace] GC(3) Metaspace: 22452K(22784K)->22452K(22784K) NonClass: 20036K(20224K)->20036K(20224K) Class: 2415K(2560K)->2415K(2560K)
[2023-01-09T09:52:22.070+0000][8][gc          ] GC(3) Pause Young (Normal) (G1 Evacuation Pause) 37M->9M(512M) 26.799ms
[2023-01-09T09:52:22.071+0000][8][gc,cpu      ] GC(3) User=0.00s Sys=0.00s Real=0.03s
[2023-01-09T09:52:22.072+0000][8][safepoint   ] Safepoint "G1CollectForAllocation", Time since last: 93988584 ns, Reaching safepoint: 58666 ns, At safepoint: 28599125 ns, Total: 28657791 ns
[2023-01-09T09:52:22.175+0000][8][safepoint   ] Safepoint "ICBufferFull", Time since last: 103347500 ns, Reaching safepoint: 126542 ns, At safepoint: 2292 ns, Total: 128834 ns
[2023-01-09T09:52:22.184+0000][8][safepoint   ] Safepoint "ICBufferFull", Time since last: 8691958 ns, Reaching safepoint: 156333 ns, At safepoint: 2209 ns, Total: 158542 ns
[2023-01-09T09:52:22.187+0000][8][safepoint   ] Safepoint "ICBufferFull", Time since last: 2315416 ns, Reaching safepoint: 101875 ns, At safepoint: 1709 ns, Total: 103584 ns
[2023-01-09T09:52:22.188+0000][8][safepoint   ] Safepoint "ICBufferFull", Time since last: 1739208 ns, Reaching safepoint: 106167 ns, At safepoint: 1666 ns, Total: 107833 ns
[2023-01-09T09:52:22.190+0000][8][safepoint   ] Safepoint "ICBufferFull", Time since last: 1302375 ns, Reaching safepoint: 97209 ns, At safepoint: 1458 ns, Total: 98667 ns
[2023-01-09T09:52:22.196+0000][8][safepoint   ] Safepoint "ICBufferFull", Time since last: 5911208 ns, Reaching safepoint: 118209 ns, At safepoint: 1666 ns, Total: 119875 ns
[2023-01-09T09:52:22.202+0000][8][safepoint   ] Safepoint "ICBufferFull", Time since last: 6163500 ns, Reaching safepoint: 186334 ns, At safepoint: 2083 ns, Total: 188417 ns
[2023-01-09T09:52:22.204+0000][8][safepoint   ] Safepoint "ICBufferFull", Time since last: 1949833 ns, Reaching safepoint: 109000 ns, At safepoint: 1709 ns, Total: 110709 ns
[2023-01-09T09:52:22.207+0000][8][safepoint   ] Safepoint "ICBufferFull", Time since last: 2639333 ns, Reaching safepoint: 59833 ns, At safepoint: 1542 ns, Total: 61375 ns
[2023-01-09T09:52:22.209+0000][8][safepoint   ] Safepoint "ICBufferFull", Time since last: 1712542 ns, Reaching safepoint: 103625 ns, At safepoint: 1500 ns, Total: 105125 ns
[2023-01-09T09:52:22.210+0000][8][safepoint   ] Safepoint "ICBufferFull", Time since last: 1228750 ns, Reaching safepoint: 101125 ns, At safepoint: 1291 ns, Total: 102416 ns
[2023-01-09T09:52:22.212+0000][8][safepoint   ] Safepoint "ICBufferFull", Time since last: 1565709 ns, Reaching safepoint: 96583 ns, At safepoint: 1292 ns, Total: 97875 ns
[2023-01-09T09:52:22.214+0000][8][safepoint   ] Safepoint "ICBufferFull", Time since last: 1635125 ns, Reaching safepoint: 101458 ns, At safepoint: 1458 ns, Total: 102916 ns
[2023-01-09T09:52:22.215+0000][8][safepoint   ] Safepoint "ICBufferFull", Time since last: 1262334 ns, Reaching safepoint: 98125 ns, At safepoint: 1416 ns, Total: 99541 ns
[2023-01-09T09:52:22.216+0000][8][safepoint   ] Safepoint "ICBufferFull", Time since last: 1366209 ns, Reaching safepoint: 96166 ns, At safepoint: 1375 ns, Total: 97541 ns
[2023-01-09T09:52:22.218+0000][8][safepoint   ] Safepoint "ICBufferFull", Time since last: 1550917 ns, Reaching safepoint: 96583 ns, At safepoint: 1500 ns, Total: 98083 ns
[2023-01-09T09:52:22.220+0000][8][safepoint   ] Safepoint "ICBufferFull", Time since last: 1720459 ns, Reaching safepoint: 107291 ns, At safepoint: 1500 ns, Total: 108791 ns
[2023-01-09T09:52:22.228+0000][8][safepoint   ] Safepoint "ICBufferFull", Time since last: 7998417 ns, Reaching safepoint: 120583 ns, At safepoint: 1834 ns, Total: 122417 ns
[2023-01-09T09:52:22.230+0000][8][safepoint   ] Safepoint "ICBufferFull", Time since last: 2064833 ns, Reaching safepoint: 66542 ns, At safepoint: 1375 ns, Total: 67917 ns
[2023-01-09T09:52:22.233+0000][8][safepoint   ] Safepoint "ICBufferFull", Time since last: 2346791 ns, Reaching safepoint: 48709 ns, At safepoint: 1500 ns, Total: 50209 ns
[2023-01-09T09:52:22.235+0000][8][safepoint   ] Safepoint "ICBufferFull", Time since last: 1925166 ns, Reaching safepoint: 126542 ns, At safepoint: 1542 ns, Total: 128084 ns
[2023-01-09T09:52:22.236+0000][8][safepoint   ] Safepoint "ICBufferFull", Time since last: 1452041 ns, Reaching safepoint: 120584 ns, At safepoint: 1625 ns, Total: 122209 ns
[2023-01-09T09:52:22.238+0000][8][safepoint   ] Safepoint "ICBufferFull", Time since last: 1823166 ns, Reaching safepoint: 99459 ns, At safepoint: 1416 ns, Total: 100875 ns
[2023-01-09T09:52:22.240+0000][8][safepoint   ] Safepoint "ICBufferFull", Time since last: 1942000 ns, Reaching safepoint: 99000 ns, At safepoint: 1209 ns, Total: 100209 ns
[2023-01-09T09:52:22.242+0000][8][safepoint   ] Safepoint "ICBufferFull", Time since last: 1741500 ns, Reaching safepoint: 102333 ns, At safepoint: 1542 ns, Total: 103875 ns
[2023-01-09T09:52:22.244+0000][8][safepoint   ] Safepoint "ICBufferFull", Time since last: 1927583 ns, Reaching safepoint: 100000 ns, At safepoint: 1583 ns, Total: 101583 ns
[2023-01-09T09:52:22.246+0000][8][safepoint   ] Safepoint "ICBufferFull", Time since last: 2204125 ns, Reaching safepoint: 100875 ns, At safepoint: 1542 ns, Total: 102417 ns
[2023-01-09T09:52:22.248+0000][8][safepoint   ] Safepoint "ICBufferFull", Time since last: 1426500 ns, Reaching safepoint: 121250 ns, At safepoint: 1583 ns, Total: 122833 ns
[2023-01-09T09:52:22.250+0000][8][safepoint   ] Safepoint "ICBufferFull", Time since last: 1724375 ns, Reaching safepoint: 112000 ns, At safepoint: 1792 ns, Total: 113792 ns
[2023-01-09T09:52:22.251+0000][8][safepoint   ] Safepoint "ICBufferFull", Time since last: 1678917 ns, Reaching safepoint: 101791 ns, At safepoint: 1334 ns, Total: 103125 ns
[2023-01-09T09:52:22.254+0000][8][safepoint   ] Safepoint "ICBufferFull", Time since last: 2566166 ns, Reaching safepoint: 161375 ns, At safepoint: 2542 ns, Total: 163917 ns
[2023-01-09T09:52:22.256+0000][8][safepoint   ] Safepoint "ICBufferFull", Time since last: 1686417 ns, Reaching safepoint: 99416 ns, At safepoint: 1375 ns, Total: 100791 ns
[2023-01-09T09:52:22.258+0000][8][safepoint   ] Safepoint "ICBufferFull", Time since last: 1668375 ns, Reaching safepoint: 97500 ns, At safepoint: 1500 ns, Total: 99000 ns
[2023-01-09T09:52:22.260+0000][8][safepoint   ] Safepoint "ICBufferFull", Time since last: 1933334 ns, Reaching safepoint: 106291 ns, At safepoint: 1584 ns, Total: 107875 ns
[2023-01-09T09:52:22.266+0000][8][safepoint   ] Safepoint "ICBufferFull", Time since last: 5650208 ns, Reaching safepoint: 222792 ns, At safepoint: 2000 ns, Total: 224792 ns
[2023-01-09T09:52:22.270+0000][8][safepoint   ] Safepoint "ICBufferFull", Time since last: 3756083 ns, Reaching safepoint: 121917 ns, At safepoint: 1625 ns, Total: 123542 ns
[2023-01-09T09:52:22.277+0000][8][safepoint   ] Safepoint "ICBufferFull", Time since last: 7679000 ns, Reaching safepoint: 108333 ns, At safepoint: 1875 ns, Total: 110208 ns
[2023-01-09T09:52:22.281+0000][8][safepoint   ] Safepoint "ICBufferFull", Time since last: 3200625 ns, Reaching safepoint: 109667 ns, At safepoint: 1708 ns, Total: 111375 ns
[2023-01-09T09:52:22.282+0000][8][safepoint   ] Safepoint "ICBufferFull", Time since last: 1461958 ns, Reaching safepoint: 134709 ns, At safepoint: 1666 ns, Total: 136375 ns
[2023-01-09T09:52:22.284+0000][8][safepoint   ] Safepoint "ICBufferFull", Time since last: 1299667 ns, Reaching safepoint: 104417 ns, At safepoint: 1291 ns, Total: 105708 ns
[2023-01-09T09:52:22.285+0000][8][safepoint   ] Safepoint "ICBufferFull", Time since last: 1463042 ns, Reaching safepoint: 86583 ns, At safepoint: 1542 ns, Total: 88125 ns
[2023-01-09T09:52:22.287+0000][8][safepoint   ] Safepoint "ICBufferFull", Time since last: 1346250 ns, Reaching safepoint: 103958 ns, At safepoint: 1375 ns, Total: 105333 ns
[2023-01-09T09:52:22.288+0000][8][safepoint   ] Safepoint "ICBufferFull", Time since last: 996209 ns, Reaching safepoint: 104208 ns, At safepoint: 1375 ns, Total: 105583 ns
[2023-01-09T09:52:22.289+0000][8][safepoint   ] Safepoint "ICBufferFull", Time since last: 1434792 ns, Reaching safepoint: 97166 ns, At safepoint: 1459 ns, Total: 98625 ns
[2023-01-09T09:52:22.292+0000][8][safepoint   ] Safepoint "ICBufferFull", Time since last: 2298666 ns, Reaching safepoint: 98834 ns, At safepoint: 1541 ns, Total: 100375 ns
[2023-01-09T09:52:22.293+0000][8][safepoint   ] Safepoint "ICBufferFull", Time since last: 910667 ns, Reaching safepoint: 197458 ns, At safepoint: 1709 ns, Total: 199167 ns
[2023-01-09T09:52:22.294+0000][8][safepoint   ] Safepoint "ICBufferFull", Time since last: 1104833 ns, Reaching safepoint: 94208 ns, At safepoint: 1250 ns, Total: 95458 ns
[2023-01-09T09:52:22.295+0000][8][safepoint   ] Safepoint "ICBufferFull", Time since last: 1232959 ns, Reaching safepoint: 120291 ns, At safepoint: 1500 ns, Total: 121791 ns
[2023-01-09T09:52:22.297+0000][8][safepoint   ] Safepoint "ICBufferFull", Time since last: 1085709 ns, Reaching safepoint: 97208 ns, At safepoint: 1333 ns, Total: 98541 ns
[2023-01-09T09:52:22.300+0000][8][safepoint   ] Safepoint "ICBufferFull", Time since last: 1015584 ns, Reaching safepoint: 2660666 ns, At safepoint: 4125 ns, Total: 2664791 ns
[2023-01-09T09:52:22.302+0000][8][safepoint   ] Safepoint "ICBufferFull", Time since last: 1338459 ns, Reaching safepoint: 179458 ns, At safepoint: 1917 ns, Total: 181375 ns
[2023-01-09T09:52:22.303+0000][8][safepoint   ] Safepoint "ICBufferFull", Time since last: 1110291 ns, Reaching safepoint: 58084 ns, At safepoint: 1458 ns, Total: 59542 ns
[2023-01-09T09:52:22.304+0000][8][safepoint   ] Safepoint "ICBufferFull", Time since last: 903792 ns, Reaching safepoint: 136500 ns, At safepoint: 1375 ns, Total: 137875 ns
[2023-01-09T09:52:22.305+0000][8][safepoint   ] Safepoint "ICBufferFull", Time since last: 885333 ns, Reaching safepoint: 132667 ns, At safepoint: 1541 ns, Total: 134208 ns
[2023-01-09T09:52:22.306+0000][8][safepoint   ] Safepoint "ICBufferFull", Time since last: 816750 ns, Reaching safepoint: 145917 ns, At safepoint: 1500 ns, Total: 147417 ns
[2023-01-09T09:52:22.307+0000][8][safepoint   ] Safepoint "ICBufferFull", Time since last: 916292 ns, Reaching safepoint: 98291 ns, At safepoint: 1625 ns, Total: 99916 ns
[2023-01-09T09:52:22.308+0000][8][safepoint   ] Safepoint "ICBufferFull", Time since last: 735042 ns, Reaching safepoint: 93750 ns, At safepoint: 1458 ns, Total: 95208 ns
[2023-01-09T09:52:22.309+0000][8][safepoint   ] Safepoint "ICBufferFull", Time since last: 922959 ns, Reaching safepoint: 25000 ns, At safepoint: 1250 ns, Total: 26250 ns
[2023-01-09T09:52:22.310+0000][8][safepoint   ] Safepoint "ICBufferFull", Time since last: 1198958 ns, Reaching safepoint: 24208 ns, At safepoint: 1334 ns, Total: 25542 ns
[2023-01-09T09:52:22.312+0000][8][safepoint   ] Safepoint "ICBufferFull", Time since last: 1900416 ns, Reaching safepoint: 29417 ns, At safepoint: 1625 ns, Total: 31042 ns
[2023-01-09T09:52:22.315+0000][8][safepoint   ] Safepoint "ICBufferFull", Time since last: 2681792 ns, Reaching safepoint: 322333 ns, At safepoint: 6208 ns, Total: 328541 ns
[2023-01-09T09:52:22.326+0000][8][safepoint   ] Safepoint "ICBufferFull", Time since last: 1054417 ns, Reaching safepoint: 10161958 ns, At safepoint: 89084 ns, Total: 10251042 ns
[2023-01-09T09:52:22.330+0000][8][safepoint   ] Safepoint "ICBufferFull", Time since last: 3321916 ns, Reaching safepoint: 49000 ns, At safepoint: 2792 ns, Total: 51792 ns
[2023-01-09T09:52:22.338+0000][8][safepoint   ] Safepoint "ICBufferFull", Time since last: 5800625 ns, Reaching safepoint: 2817958 ns, At safepoint: 5625 ns, Total: 2823583 ns
[2023-01-09T09:52:22.343+0000][8][safepoint   ] Safepoint "ICBufferFull", Time since last: 4329709 ns, Reaching safepoint: 139166 ns, At safepoint: 1875 ns, Total: 141041 ns
[2023-01-09T09:52:22.344+0000][8][safepoint   ] Safepoint "ICBufferFull", Time since last: 1652875 ns, Reaching safepoint: 41542 ns, At safepoint: 1417 ns, Total: 42959 ns
[2023-01-09T09:52:22.346+0000][8][safepoint   ] Safepoint "ICBufferFull", Time since last: 1467041 ns, Reaching safepoint: 20292 ns, At safepoint: 1167 ns, Total: 21459 ns
[2023-01-09T09:52:22.347+0000][8][safepoint   ] Safepoint "ICBufferFull", Time since last: 984833 ns, Reaching safepoint: 22000 ns, At safepoint: 1250 ns, Total: 23250 ns
[2023-01-09T09:52:22.358+0000][8][safepoint   ] Safepoint "ICBufferFull", Time since last: 11566208 ns, Reaching safepoint: 51625 ns, At safepoint: 1917 ns, Total: 53542 ns
[2023-01-09T09:52:22.360+0000][8][safepoint   ] Safepoint "ICBufferFull", Time since last: 1280208 ns, Reaching safepoint: 87834 ns, At safepoint: 2500 ns, Total: 90334 ns
[2023-01-09T09:52:22.361+0000][8][safepoint   ] Safepoint "ICBufferFull", Time since last: 955958 ns, Reaching safepoint: 246000 ns, At safepoint: 2083 ns, Total: 248083 ns
[2023-01-09T09:52:22.362+0000][8][safepoint   ] Safepoint "ICBufferFull", Time since last: 988542 ns, Reaching safepoint: 216250 ns, At safepoint: 2500 ns, Total: 218750 ns
[2023-01-09T09:52:22.367+0000][8][safepoint   ] Safepoint "ICBufferFull", Time since last: 5160333 ns, Reaching safepoint: 47834 ns, At safepoint: 1666 ns, Total: 49500 ns
[2023-01-09T09:52:22.371+0000][8][safepoint   ] Safepoint "ICBufferFull", Time since last: 2993417 ns, Reaching safepoint: 135000 ns, At safepoint: 2042 ns, Total: 137042 ns
[2023-01-09T09:52:22.380+0000][8][safepoint   ] Safepoint "ICBufferFull", Time since last: 7514416 ns, Reaching safepoint: 1847084 ns, At safepoint: 4083 ns, Total: 1851167 ns
[2023-01-09T09:52:22.389+0000][8][safepoint   ] Safepoint "ICBufferFull", Time since last: 8940458 ns, Reaching safepoint: 145625 ns, At safepoint: 2292 ns, Total: 147917 ns
[2023-01-09T09:52:22.391+0000][8][safepoint   ] Safepoint "ICBufferFull", Time since last: 1974917 ns, Reaching safepoint: 207458 ns, At safepoint: 6750 ns, Total: 214208 ns
[2023-01-09T09:52:22.397+0000][8][safepoint   ] Safepoint "ICBufferFull", Time since last: 1493750 ns, Reaching safepoint: 4365125 ns, At safepoint: 11583 ns, Total: 4376708 ns
[2023-01-09T09:52:22.401+0000][8][safepoint   ] Safepoint "ICBufferFull", Time since last: 1702292 ns, Reaching safepoint: 2048250 ns, At safepoint: 7583 ns, Total: 2055833 ns
[2023-01-09T09:52:22.485+0000][8][safepoint   ] Safepoint "ICBufferFull", Time since last: 83648376 ns, Reaching safepoint: 143916 ns, At safepoint: 2667 ns, Total: 146583 ns
[2023-01-09T09:52:22.487+0000][8][safepoint   ] Safepoint "ICBufferFull", Time since last: 2183833 ns, Reaching safepoint: 32292 ns, At safepoint: 1750 ns, Total: 34042 ns
[2023-01-09T09:52:22.488+0000][8][safepoint   ] Safepoint "ICBufferFull", Time since last: 997958 ns, Reaching safepoint: 28584 ns, At safepoint: 1500 ns, Total: 30084 ns
[2023-01-09T09:52:22.497+0000][8][safepoint   ] Safepoint "ICBufferFull", Time since last: 8580708 ns, Reaching safepoint: 136875 ns, At safepoint: 1958 ns, Total: 138833 ns
[2023-01-09T09:52:22.498+0000][8][safepoint   ] Safepoint "ICBufferFull", Time since last: 1666584 ns, Reaching safepoint: 124000 ns, At safepoint: 2541 ns, Total: 126541 ns
[2023-01-09T09:52:22.500+0000][8][safepoint   ] Safepoint "ICBufferFull", Time since last: 1497500 ns, Reaching safepoint: 119584 ns, At safepoint: 2375 ns, Total: 121959 ns
[2023-01-09T09:52:22.502+0000][8][safepoint   ] Safepoint "ICBufferFull", Time since last: 1777166 ns, Reaching safepoint: 36542 ns, At safepoint: 1833 ns, Total: 38375 ns
[2023-01-09T09:52:22.503+0000][8][safepoint   ] Safepoint "ICBufferFull", Time since last: 1590709 ns, Reaching safepoint: 41708 ns, At safepoint: 2542 ns, Total: 44250 ns
[2023-01-09T09:52:22.505+0000][8][safepoint   ] Safepoint "ICBufferFull", Time since last: 1752375 ns, Reaching safepoint: 46375 ns, At safepoint: 2583 ns, Total: 48958 ns
[2023-01-09T09:52:22.511+0000][8][safepoint   ] Safepoint "ICBufferFull", Time since last: 5167250 ns, Reaching safepoint: 51667 ns, At safepoint: 3458 ns, Total: 55125 ns
[2023-01-09T09:52:22.512+0000][8][safepoint   ] Safepoint "ICBufferFull", Time since last: 1430250 ns, Reaching safepoint: 45750 ns, At safepoint: 1625 ns, Total: 47375 ns
[2023-01-09T09:52:22.514+0000][8][safepoint   ] Safepoint "ICBufferFull", Time since last: 2105708 ns, Reaching safepoint: 125417 ns, At safepoint: 2833 ns, Total: 128250 ns
[2023-01-09T09:52:22.516+0000][8][safepoint   ] Safepoint "ICBufferFull", Time since last: 1290834 ns, Reaching safepoint: 45208 ns, At safepoint: 1500 ns, Total: 46708 ns
[2023-01-09T09:52:22.524+0000][8][safepoint   ] Safepoint "ICBufferFull", Time since last: 7993708 ns, Reaching safepoint: 63542 ns, At safepoint: 2250 ns, Total: 65792 ns
[2023-01-09T09:52:22.525+0000][8][safepoint   ] Safepoint "ICBufferFull", Time since last: 1572958 ns, Reaching safepoint: 52625 ns, At safepoint: 2084 ns, Total: 54709 ns
[2023-01-09T09:52:22.534+0000][8][safepoint   ] Safepoint "ICBufferFull", Time since last: 8196416 ns, Reaching safepoint: 70584 ns, At safepoint: 1875 ns, Total: 72459 ns
[2023-01-09T09:52:22.535+0000][8][safepoint   ] Safepoint "ICBufferFull", Time since last: 1443916 ns, Reaching safepoint: 39334 ns, At safepoint: 1541 ns, Total: 40875 ns
[2023-01-09T09:52:22.536+0000][8][safepoint   ] Safepoint "ICBufferFull", Time since last: 1235917 ns, Reaching safepoint: 42583 ns, At safepoint: 1584 ns, Total: 44167 ns
[2023-01-09T09:52:22.538+0000][8][safepoint   ] Safepoint "ICBufferFull", Time since last: 1281666 ns, Reaching safepoint: 60792 ns, At safepoint: 2458 ns, Total: 63250 ns
[2023-01-09T09:52:22.539+0000][8][safepoint   ] Safepoint "ICBufferFull", Time since last: 1122834 ns, Reaching safepoint: 90333 ns, At safepoint: 3542 ns, Total: 93875 ns
[2023-01-09T09:52:22.540+0000][8][safepoint   ] Safepoint "ICBufferFull", Time since last: 867208 ns, Reaching safepoint: 37250 ns, At safepoint: 2625 ns, Total: 39875 ns
[2023-01-09T09:52:22.541+0000][8][safepoint   ] Safepoint "ICBufferFull", Time since last: 1332042 ns, Reaching safepoint: 251791 ns, At safepoint: 3500 ns, Total: 255291 ns
[2023-01-09T09:52:22.549+0000][8][safepoint   ] Safepoint "ICBufferFull", Time since last: 7861250 ns, Reaching safepoint: 58125 ns, At safepoint: 2542 ns, Total: 60667 ns
[2023-01-09T09:52:22.551+0000][8][safepoint   ] Safepoint "ICBufferFull", Time since last: 1782458 ns, Reaching safepoint: 41542 ns, At safepoint: 2625 ns, Total: 44167 ns
[2023-01-09T09:52:22.552+0000][8][safepoint   ] Safepoint "ICBufferFull", Time since last: 1258750 ns, Reaching safepoint: 38292 ns, At safepoint: 2000 ns, Total: 40292 ns
[2023-01-09T09:52:22.557+0000][8][safepoint   ] Safepoint "ICBufferFull", Time since last: 4173083 ns, Reaching safepoint: 61750 ns, At safepoint: 3250 ns, Total: 65000 ns
[2023-01-09T09:52:22.558+0000][8][safepoint   ] Safepoint "ICBufferFull", Time since last: 1341667 ns, Reaching safepoint: 147958 ns, At safepoint: 3333 ns, Total: 151291 ns
[2023-01-09T09:52:22.560+0000][8][safepoint   ] Safepoint "ICBufferFull", Time since last: 1964875 ns, Reaching safepoint: 187209 ns, At safepoint: 3208 ns, Total: 190417 ns
[2023-01-09T09:52:22.561+0000][8][safepoint   ] Safepoint "ICBufferFull", Time since last: 1102958 ns, Reaching safepoint: 43750 ns, At safepoint: 2209 ns, Total: 45959 ns
[2023-01-09T09:52:22.566+0000][8][safepoint   ] Safepoint "ICBufferFull", Time since last: 4538000 ns, Reaching safepoint: 69625 ns, At safepoint: 3583 ns, Total: 73208 ns
[2023-01-09T09:52:22.567+0000][8][safepoint   ] Safepoint "ICBufferFull", Time since last: 1295125 ns, Reaching safepoint: 40417 ns, At safepoint: 5250 ns, Total: 45667 ns
[2023-01-09T09:52:22.569+0000][8][safepoint   ] Safepoint "ICBufferFull", Time since last: 1441000 ns, Reaching safepoint: 47083 ns, At safepoint: 1833 ns, Total: 48916 ns
[2023-01-09T09:52:23.136+0000][8][safepoint   ] Safepoint "ICBufferFull", Time since last: 563975417 ns, Reaching safepoint: 3362834 ns, At safepoint: 13750 ns, Total: 3376584 ns
[2023-01-09T09:52:23.297+0000][8][gc,start    ] GC(4) Pause Young (Normal) (G1 Evacuation Pause)
[2023-01-09T09:52:23.298+0000][8][gc,task     ] GC(4) Using 4 workers of 4 for evacuation
[2023-01-09T09:52:23.299+0000][8][gc,age      ] GC(4) Desired survivor size 12582912 bytes, new threshold 15 (max threshold 15)
[2023-01-09T09:52:23.308+0000][8][gc,age      ] GC(4) Age table with threshold 15 (max threshold 15)
[2023-01-09T09:52:23.309+0000][8][gc,age      ] GC(4) - age   1:    4510592 bytes,    4510592 total
[2023-01-09T09:52:23.310+0000][8][gc,age      ] GC(4) - age   2:    1152232 bytes,    5662824 total
[2023-01-09T09:52:23.310+0000][8][gc,age      ] GC(4) - age   3:    2105688 bytes,    7768512 total
[2023-01-09T09:52:23.314+0000][8][gc,phases   ] GC(4)   Pre Evacuate Collection Set: 0.1ms
[2023-01-09T09:52:23.315+0000][8][gc,phases   ] GC(4)   Merge Heap Roots: 0.3ms
[2023-01-09T09:52:23.316+0000][8][gc,phases   ] GC(4)   Evacuate Collection Set: 7.7ms
[2023-01-09T09:52:23.317+0000][8][gc,phases   ] GC(4)   Post Evacuate Collection Set: 0.5ms
[2023-01-09T09:52:23.318+0000][8][gc,phases   ] GC(4)   Other: 9.0ms
[2023-01-09T09:52:23.318+0000][8][gc,heap     ] GC(4) Eden regions: 183->0(299)
[2023-01-09T09:52:23.319+0000][8][gc,heap     ] GC(4) Survivor regions: 5->8(24)
[2023-01-09T09:52:23.320+0000][8][gc,heap     ] GC(4) Old regions: 4->4
[2023-01-09T09:52:23.320+0000][8][gc,heap     ] GC(4) Archive regions: 0->0
[2023-01-09T09:52:23.321+0000][8][gc,heap     ] GC(4) Humongous regions: 2->1
[2023-01-09T09:52:23.322+0000][8][gc,metaspace] GC(4) Metaspace: 25864K(26624K)->25864K(26624K) NonClass: 22978K(23552K)->22978K(23552K) Class: 2886K(3072K)->2886K(3072K)
[2023-01-09T09:52:23.322+0000][8][gc          ] GC(4) Pause Young (Normal) (G1 Evacuation Pause) 193M->12M(512M) 25.757ms
[2023-01-09T09:52:23.323+0000][8][gc,cpu      ] GC(4) User=0.01s Sys=0.00s Real=0.02s
[2023-01-09T09:52:23.323+0000][8][safepoint   ] Safepoint "G1CollectForAllocation", Time since last: 160246166 ns, Reaching safepoint: 208584 ns, At safepoint: 26773458 ns, Total: 26982042 ns
[2023-01-09T09:52:24.037+0000][8][safepoint   ] Safepoint "ICBufferFull", Time since last: 712919834 ns, Reaching safepoint: 191500 ns, At safepoint: 2250 ns, Total: 193750 ns
[2023-01-09T09:52:24.441+0000][8][gc,start    ] GC(5) Pause Young (Normal) (G1 Evacuation Pause)
[2023-01-09T09:52:24.441+0000][8][gc,task     ] GC(5) Using 4 workers of 4 for evacuation
[2023-01-09T09:52:24.442+0000][8][gc,age      ] GC(5) Desired survivor size 20447232 bytes, new threshold 15 (max threshold 15)
[2023-01-09T09:52:24.470+0000][8][gc,age      ] GC(5) Age table with threshold 15 (max threshold 15)
[2023-01-09T09:52:24.471+0000][8][gc,age      ] GC(5) - age   1:    4081984 bytes,    4081984 total
[2023-01-09T09:52:24.471+0000][8][gc,age      ] GC(5) - age   2:    4320832 bytes,    8402816 total
[2023-01-09T09:52:24.472+0000][8][gc,age      ] GC(5) - age   3:    1152056 bytes,    9554872 total
[2023-01-09T09:52:24.473+0000][8][gc,age      ] GC(5) - age   4:    2105688 bytes,   11660560 total
[2023-01-09T09:52:24.475+0000][8][gc,phases   ] GC(5)   Pre Evacuate Collection Set: 0.1ms
[2023-01-09T09:52:24.476+0000][8][gc,phases   ] GC(5)   Merge Heap Roots: 0.0ms
[2023-01-09T09:52:24.476+0000][8][gc,phases   ] GC(5)   Evacuate Collection Set: 17.4ms
[2023-01-09T09:52:24.477+0000][8][gc,phases   ] GC(5)   Post Evacuate Collection Set: 9.2ms
[2023-01-09T09:52:24.478+0000][8][gc,phases   ] GC(5)   Other: 7.8ms
[2023-01-09T09:52:24.479+0000][8][gc,heap     ] GC(5) Eden regions: 299->0(295)
[2023-01-09T09:52:24.479+0000][8][gc,heap     ] GC(5) Survivor regions: 8->12(39)
[2023-01-09T09:52:24.481+0000][8][gc,heap     ] GC(5) Old regions: 4->4
[2023-01-09T09:52:24.481+0000][8][gc,heap     ] GC(5) Archive regions: 0->0
[2023-01-09T09:52:24.482+0000][8][gc,heap     ] GC(5) Humongous regions: 1->1
[2023-01-09T09:52:24.483+0000][8][gc,metaspace] GC(5) Metaspace: 27561K(28672K)->27561K(28672K) NonClass: 24483K(25344K)->24483K(25344K) Class: 3077K(3328K)->3077K(3328K)
[2023-01-09T09:52:24.484+0000][8][gc          ] GC(5) Pause Young (Normal) (G1 Evacuation Pause) 311M->16M(512M) 43.140ms
[2023-01-09T09:52:24.485+0000][8][gc,cpu      ] GC(5) User=0.02s Sys=0.00s Real=0.05s
[2023-01-09T09:52:24.485+0000][8][safepoint   ] Safepoint "G1CollectForAllocation", Time since last: 402406833 ns, Reaching safepoint: 1600167 ns, At safepoint: 44810416 ns, Total: 46410583 ns
[2023-01-09T09:52:25.169+0000][8][gc,start    ] GC(6) Pause Young (Normal) (G1 Evacuation Pause)
[2023-01-09T09:52:25.171+0000][8][gc,task     ] GC(6) Using 4 workers of 4 for evacuation
[2023-01-09T09:52:25.172+0000][8][gc,age      ] GC(6) Desired survivor size 20447232 bytes, new threshold 15 (max threshold 15)
[2023-01-09T09:52:25.201+0000][8][gc,age      ] GC(6) Age table with threshold 15 (max threshold 15)
[2023-01-09T09:52:25.204+0000][8][gc,age      ] GC(6) - age   1:    2500000 bytes,    2500000 total
[2023-01-09T09:52:25.209+0000][8][gc,age      ] GC(6) - age   2:    3281840 bytes,    5781840 total
[2023-01-09T09:52:25.214+0000][8][gc,age      ] GC(6) - age   3:    4316528 bytes,   10098368 total
[2023-01-09T09:52:25.220+0000][8][gc,age      ] GC(6) - age   4:    1151912 bytes,   11250280 total
[2023-01-09T09:52:25.223+0000][8][gc,age      ] GC(6) - age   5:    2105688 bytes,   13355968 total
[2023-01-09T09:52:25.224+0000][8][gc,phases   ] GC(6)   Pre Evacuate Collection Set: 0.3ms
[2023-01-09T09:52:25.225+0000][8][gc,phases   ] GC(6)   Merge Heap Roots: 0.2ms
[2023-01-09T09:52:25.227+0000][8][gc,phases   ] GC(6)   Evacuate Collection Set: 22.8ms
[2023-01-09T09:52:25.227+0000][8][gc,phases   ] GC(6)   Post Evacuate Collection Set: 5.4ms
[2023-01-09T09:52:25.228+0000][8][gc,phases   ] GC(6)   Other: 25.9ms
[2023-01-09T09:52:25.230+0000][8][gc,heap     ] GC(6) Eden regions: 295->0(293)
[2023-01-09T09:52:25.233+0000][8][gc,heap     ] GC(6) Survivor regions: 12->14(39)
[2023-01-09T09:52:25.235+0000][8][gc,heap     ] GC(6) Old regions: 4->4
[2023-01-09T09:52:25.236+0000][8][gc,heap     ] GC(6) Archive regions: 0->0
[2023-01-09T09:52:25.237+0000][8][gc,heap     ] GC(6) Humongous regions: 1->1
[2023-01-09T09:52:25.238+0000][8][gc,metaspace] GC(6) Metaspace: 27939K(29056K)->27939K(29056K) NonClass: 24793K(25600K)->24793K(25600K) Class: 3146K(3456K)->3146K(3456K)
[2023-01-09T09:52:25.239+0000][8][gc          ] GC(6) Pause Young (Normal) (G1 Evacuation Pause) 311M->18M(512M) 69.182ms
[2023-01-09T09:52:25.239+0000][8][gc,cpu      ] GC(6) User=0.02s Sys=0.00s Real=0.07s
[2023-01-09T09:52:25.240+0000][8][safepoint   ] Safepoint "G1CollectForAllocation", Time since last: 682802459 ns, Reaching safepoint: 1194167 ns, At safepoint: 71092458 ns, Total: 72286625 ns
[2023-01-09T09:52:25.870+0000][8][gc,start    ] GC(7) Pause Young (Normal) (G1 Evacuation Pause)
[2023-01-09T09:52:25.871+0000][8][gc,task     ] GC(7) Using 4 workers of 4 for evacuation
[2023-01-09T09:52:25.872+0000][8][gc,age      ] GC(7) Desired survivor size 20447232 bytes, new threshold 15 (max threshold 15)
[2023-01-09T09:52:25.892+0000][8][gc,age      ] GC(7) Age table with threshold 15 (max threshold 15)
[2023-01-09T09:52:25.894+0000][8][gc,age      ] GC(7) - age   1:    3098504 bytes,    3098504 total
[2023-01-09T09:52:25.895+0000][8][gc,age      ] GC(7) - age   2:     609944 bytes,    3708448 total
[2023-01-09T09:52:25.896+0000][8][gc,age      ] GC(7) - age   3:    3280064 bytes,    6988512 total
[2023-01-09T09:52:25.896+0000][8][gc,age      ] GC(7) - age   4:    4316088 bytes,   11304600 total
[2023-01-09T09:52:25.897+0000][8][gc,age      ] GC(7) - age   5:    1151912 bytes,   12456512 total
[2023-01-09T09:52:25.898+0000][8][gc,age      ] GC(7) - age   6:    2105688 bytes,   14562200 total
[2023-01-09T09:52:25.899+0000][8][gc,phases   ] GC(7)   Pre Evacuate Collection Set: 0.1ms
[2023-01-09T09:52:25.899+0000][8][gc,phases   ] GC(7)   Merge Heap Roots: 0.2ms
[2023-01-09T09:52:25.900+0000][8][gc,phases   ] GC(7)   Evacuate Collection Set: 18.1ms
[2023-01-09T09:52:25.901+0000][8][gc,phases   ] GC(7)   Post Evacuate Collection Set: 0.8ms
[2023-01-09T09:52:25.901+0000][8][gc,phases   ] GC(7)   Other: 9.0ms
[2023-01-09T09:52:25.902+0000][8][gc,heap     ] GC(7) Eden regions: 293->0(292)
[2023-01-09T09:52:25.903+0000][8][gc,heap     ] GC(7) Survivor regions: 14->15(39)
[2023-01-09T09:52:25.903+0000][8][gc,heap     ] GC(7) Old regions: 4->4
[2023-01-09T09:52:25.904+0000][8][gc,heap     ] GC(7) Archive regions: 0->0
[2023-01-09T09:52:25.905+0000][8][gc,heap     ] GC(7) Humongous regions: 1->1
[2023-01-09T09:52:25.905+0000][8][gc,metaspace] GC(7) Metaspace: 28467K(29952K)->28467K(29952K) NonClass: 25241K(26368K)->25241K(26368K) Class: 3226K(3584K)->3226K(3584K)
[2023-01-09T09:52:25.906+0000][8][gc          ] GC(7) Pause Young (Normal) (G1 Evacuation Pause) 311M->19M(512M) 35.539ms
[2023-01-09T09:52:25.907+0000][8][gc,cpu      ] GC(7) User=0.04s Sys=0.00s Real=0.04s
[2023-01-09T09:52:25.907+0000][8][safepoint   ] Safepoint "G1CollectForAllocation", Time since last: 626068750 ns, Reaching safepoint: 3850250 ns, At safepoint: 36708875 ns, Total: 40559125 ns
[2023-01-09T09:52:26.271+0000][8][safepoint   ] Safepoint "ICBufferFull", Time since last: 363991834 ns, Reaching safepoint: 207167 ns, At safepoint: 6291 ns, Total: 213458 ns
[2023-01-09T09:52:26.667+0000][8][gc,start    ] GC(8) Pause Young (Concurrent Start) (Metadata GC Threshold)
[2023-01-09T09:52:26.668+0000][8][gc,task     ] GC(8) Using 4 workers of 4 for evacuation
[2023-01-09T09:52:26.669+0000][8][gc,age      ] GC(8) Desired survivor size 20447232 bytes, new threshold 15 (max threshold 15)
[2023-01-09T09:52:26.697+0000][8][gc,age      ] GC(8) Age table with threshold 15 (max threshold 15)
[2023-01-09T09:52:26.698+0000][8][gc,age      ] GC(8) - age   1:    2118504 bytes,    2118504 total
[2023-01-09T09:52:26.699+0000][8][gc,age      ] GC(8) - age   2:    2297016 bytes,    4415520 total
[2023-01-09T09:52:26.700+0000][8][gc,age      ] GC(8) - age   3:     599128 bytes,    5014648 total
[2023-01-09T09:52:26.701+0000][8][gc,age      ] GC(8) - age   4:    3265040 bytes,    8279688 total
[2023-01-09T09:52:26.702+0000][8][gc,age      ] GC(8) - age   5:    4304856 bytes,   12584544 total
[2023-01-09T09:52:26.702+0000][8][gc,age      ] GC(8) - age   6:    1121592 bytes,   13706136 total
[2023-01-09T09:52:26.704+0000][8][gc,age      ] GC(8) - age   7:    2102856 bytes,   15808992 total
[2023-01-09T09:52:26.704+0000][8][gc,phases   ] GC(8)   Pre Evacuate Collection Set: 0.4ms
[2023-01-09T09:52:26.705+0000][8][gc,phases   ] GC(8)   Merge Heap Roots: 0.2ms
[2023-01-09T09:52:26.705+0000][8][gc,phases   ] GC(8)   Evacuate Collection Set: 21.8ms
[2023-01-09T09:52:26.706+0000][8][gc,phases   ] GC(8)   Post Evacuate Collection Set: 4.2ms
[2023-01-09T09:52:26.707+0000][8][gc,phases   ] GC(8)   Other: 10.6ms
[2023-01-09T09:52:26.707+0000][8][gc,heap     ] GC(8) Eden regions: 130->0(290)
[2023-01-09T09:52:26.708+0000][8][gc,heap     ] GC(8) Survivor regions: 15->17(39)
[2023-01-09T09:52:26.708+0000][8][gc,heap     ] GC(8) Old regions: 4->4
[2023-01-09T09:52:26.709+0000][8][gc,heap     ] GC(8) Archive regions: 0->0
[2023-01-09T09:52:26.710+0000][8][gc,heap     ] GC(8) Humongous regions: 1->1
[2023-01-09T09:52:26.711+0000][8][gc,metaspace] GC(8) Metaspace: 34008K(35584K)->34008K(35584K) NonClass: 30067K(31232K)->30067K(31232K) Class: 3941K(4352K)->3941K(4352K)
[2023-01-09T09:52:26.712+0000][8][gc          ] GC(8) Pause Young (Concurrent Start) (Metadata GC Threshold) 149M->21M(512M) 44.651ms
[2023-01-09T09:52:26.712+0000][8][gc,cpu      ] GC(8) User=0.02s Sys=0.00s Real=0.04s
[2023-01-09T09:52:26.714+0000][8][gc          ] GC(9) Concurrent Cycle
[2023-01-09T09:52:26.714+0000][8][gc,marking  ] GC(9) Concurrent Clear Claimed Marks
[2023-01-09T09:52:26.714+0000][8][safepoint   ] Safepoint "CollectForMetadataAllocation", Time since last: 391490251 ns, Reaching safepoint: 4402166 ns, At safepoint: 46725292 ns, Total: 51127458 ns
[2023-01-09T09:52:26.715+0000][8][gc,marking  ] GC(9) Concurrent Clear Claimed Marks 0.951ms
[2023-01-09T09:52:26.717+0000][8][gc,marking  ] GC(9) Concurrent Scan Root Regions
[2023-01-09T09:52:26.721+0000][8][gc,marking  ] GC(9) Concurrent Scan Root Regions 4.468ms
[2023-01-09T09:52:26.723+0000][8][gc,marking  ] GC(9) Concurrent Mark (7.821s)
[2023-01-09T09:52:26.723+0000][8][gc,marking  ] GC(9) Concurrent Mark From Roots
[2023-01-09T09:52:26.724+0000][8][gc,task     ] GC(9) Using 1 workers of 1 for marking
[2023-01-09T09:52:26.728+0000][8][gc,marking  ] GC(9) Concurrent Mark From Roots 4.483ms
[2023-01-09T09:52:26.730+0000][8][gc,marking  ] GC(9) Concurrent Preclean
[2023-01-09T09:52:26.731+0000][8][gc,marking  ] GC(9) Concurrent Preclean 0.950ms
[2023-01-09T09:52:26.731+0000][8][gc,marking  ] GC(9) Concurrent Mark (7.821s, 7.830s) 8.449ms
[2023-01-09T09:52:26.733+0000][8][gc,start    ] GC(9) Pause Remark
[2023-01-09T09:52:26.736+0000][8][gc          ] GC(9) Pause Remark 22M->22M(512M) 3.302ms
[2023-01-09T09:52:26.741+0000][8][gc,cpu      ] GC(9) User=0.00s Sys=0.00s Real=0.01s
[2023-01-09T09:52:26.742+0000][8][safepoint   ] Safepoint "G1Concurrent", Time since last: 18533542 ns, Reaching safepoint: 341500 ns, At safepoint: 9531833 ns, Total: 9873333 ns
[2023-01-09T09:52:26.745+0000][8][gc,marking  ] GC(9) Concurrent Rebuild Remembered Sets
[2023-01-09T09:52:26.751+0000][8][gc,marking  ] GC(9) Concurrent Rebuild Remembered Sets 6.281ms
[2023-01-09T09:52:26.753+0000][8][gc,start    ] GC(9) Pause Cleanup
[2023-01-09T09:52:26.754+0000][8][gc          ] GC(9) Pause Cleanup 22M->22M(512M) 1.044ms
[2023-01-09T09:52:26.755+0000][8][gc,cpu      ] GC(9) User=0.00s Sys=0.00s Real=0.01s
[2023-01-09T09:52:26.756+0000][8][safepoint   ] Safepoint "G1Concurrent", Time since last: 10280000 ns, Reaching safepoint: 174458 ns, At safepoint: 3587834 ns, Total: 3762292 ns
[2023-01-09T09:52:26.759+0000][8][gc,marking  ] GC(9) Concurrent Cleanup for Next Mark
[2023-01-09T09:52:26.761+0000][8][gc,marking  ] GC(9) Concurrent Cleanup for Next Mark 1.211ms
[2023-01-09T09:52:26.764+0000][8][gc          ] GC(9) Concurrent Cycle 50.718ms
[2023-01-09T09:52:27.683+0000][8][safepoint   ] Safepoint "ICBufferFull", Time since last: 920275708 ns, Reaching safepoint: 6515750 ns, At safepoint: 11292 ns, Total: 6527042 ns
[2023-01-09T09:52:28.880+0000][8][safepoint   ] Safepoint "ICBufferFull", Time since last: 1196657042 ns, Reaching safepoint: 472417 ns, At safepoint: 2833 ns, Total: 475250 ns
[2023-01-09T09:52:29.277+0000][8][safepoint   ] Safepoint "ICBufferFull", Time since last: 396975000 ns, Reaching safepoint: 125833 ns, At safepoint: 2959 ns, Total: 128792 ns
[2023-01-09T09:52:29.798+0000][8][safepoint   ] Safepoint "ICBufferFull", Time since last: 520494083 ns, Reaching safepoint: 127084 ns, At safepoint: 1791 ns, Total: 128875 ns
[2023-01-09T09:52:29.810+0000][8][gc,start    ] GC(10) Pause Young (Normal) (G1 Evacuation Pause)
[2023-01-09T09:52:29.811+0000][8][gc,task     ] GC(10) Using 4 workers of 4 for evacuation
[2023-01-09T09:52:29.812+0000][8][gc,age      ] GC(10) Desired survivor size 20447232 bytes, new threshold 15 (max threshold 15)
[2023-01-09T09:52:29.926+0000][8][gc,age      ] GC(10) Age table with threshold 15 (max threshold 15)
[2023-01-09T09:52:29.928+0000][8][gc,age      ] GC(10) - age   1:   25133224 bytes,   25133224 total
[2023-01-09T09:52:29.928+0000][8][gc,age      ] GC(10) - age   2:    1998304 bytes,   27131528 total
[2023-01-09T09:52:29.929+0000][8][gc,age      ] GC(10) - age   3:    2293440 bytes,   29424968 total
[2023-01-09T09:52:29.930+0000][8][gc,age      ] GC(10) - age   4:     593816 bytes,   30018784 total
[2023-01-09T09:52:29.931+0000][8][gc,age      ] GC(10) - age   5:    3253184 bytes,   33271968 total
[2023-01-09T09:52:29.932+0000][8][gc,age      ] GC(10) - age   6:    4277136 bytes,   37549104 total
[2023-01-09T09:52:29.933+0000][8][gc,age      ] GC(10) - age   7:    1101000 bytes,   38650104 total
[2023-01-09T09:52:29.934+0000][8][gc,age      ] GC(10) - age   8:    2094616 bytes,   40744720 total
[2023-01-09T09:52:29.934+0000][8][gc,phases   ] GC(10)   Pre Evacuate Collection Set: 0.1ms
[2023-01-09T09:52:29.935+0000][8][gc,phases   ] GC(10)   Merge Heap Roots: 0.1ms
[2023-01-09T09:52:29.937+0000][8][gc,phases   ] GC(10)   Evacuate Collection Set: 99.1ms
[2023-01-09T09:52:29.937+0000][8][gc,phases   ] GC(10)   Post Evacuate Collection Set: 13.0ms
[2023-01-09T09:52:29.939+0000][8][gc,phases   ] GC(10)   Other: 12.1ms
[2023-01-09T09:52:29.940+0000][8][gc,heap     ] GC(10) Eden regions: 290->0(268)
[2023-01-09T09:52:29.940+0000][8][gc,heap     ] GC(10) Survivor regions: 17->39(39)
[2023-01-09T09:52:29.941+0000][8][gc,heap     ] GC(10) Old regions: 4->9
[2023-01-09T09:52:29.942+0000][8][gc,heap     ] GC(10) Archive regions: 0->0
[2023-01-09T09:52:29.942+0000][8][gc,heap     ] GC(10) Humongous regions: 1->1
[2023-01-09T09:52:29.943+0000][8][gc,metaspace] GC(10) Metaspace: 43235K(45568K)->43235K(45568K) NonClass: 37998K(39680K)->37998K(39680K) Class: 5237K(5888K)->5237K(5888K)
[2023-01-09T09:52:29.944+0000][8][gc          ] GC(10) Pause Young (Normal) (G1 Evacuation Pause) 311M->48M(512M) 133.953ms
[2023-01-09T09:52:29.945+0000][8][gc,cpu      ] GC(10) User=0.10s Sys=0.00s Real=0.14s
[2023-01-09T09:52:29.946+0000][8][safepoint   ] Safepoint "G1CollectForAllocation", Time since last: 12192792 ns, Reaching safepoint: 45167 ns, At safepoint: 135747125 ns, Total: 135792292 ns
[2023-01-09T09:52:30.419+0000][8][safepoint   ] Safepoint "ICBufferFull", Time since last: 467734625 ns, Reaching safepoint: 5609792 ns, At safepoint: 4291 ns, Total: 5614083 ns
[2023-01-09T09:52:30.736+0000][8][safepoint   ] Safepoint "ICBufferFull", Time since last: 312668625 ns, Reaching safepoint: 4300750 ns, At safepoint: 9625 ns, Total: 4310375 ns
[2023-01-09T09:52:31.283+0000][8][safepoint   ] Safepoint "ICBufferFull", Time since last: 546921542 ns, Reaching safepoint: 205875 ns, At safepoint: 2334 ns, Total: 208209 ns
[2023-01-09T09:52:31.648+0000][8][gc,start    ] GC(11) Pause Young (Concurrent Start) (Metadata GC Threshold)
[2023-01-09T09:52:31.650+0000][8][gc,task     ] GC(11) Using 4 workers of 4 for evacuation
[2023-01-09T09:52:31.650+0000][8][gc,age      ] GC(11) Desired survivor size 20447232 bytes, new threshold 1 (max threshold 15)
[2023-01-09T09:52:31.747+0000][8][gc,age      ] GC(11) Age table with threshold 1 (max threshold 15)
[2023-01-09T09:52:31.748+0000][8][gc,age      ] GC(11) - age   1:    5190368 bytes,    5190368 total
[2023-01-09T09:52:31.749+0000][8][gc,phases   ] GC(11)   Pre Evacuate Collection Set: 0.4ms
[2023-01-09T09:52:31.750+0000][8][gc,phases   ] GC(11)   Merge Heap Roots: 0.2ms
[2023-01-09T09:52:31.750+0000][8][gc,phases   ] GC(11)   Evacuate Collection Set: 92.2ms
[2023-01-09T09:52:31.751+0000][8][gc,phases   ] GC(11)   Post Evacuate Collection Set: 1.5ms
[2023-01-09T09:52:31.752+0000][8][gc,phases   ] GC(11)   Other: 6.1ms
[2023-01-09T09:52:31.753+0000][8][gc,heap     ] GC(11) Eden regions: 110->0(292)
[2023-01-09T09:52:31.753+0000][8][gc,heap     ] GC(11) Survivor regions: 39->6(39)
[2023-01-09T09:52:31.754+0000][8][gc,heap     ] GC(11) Old regions: 9->48
[2023-01-09T09:52:31.755+0000][8][gc,heap     ] GC(11) Archive regions: 0->0
[2023-01-09T09:52:31.756+0000][8][gc,heap     ] GC(11) Humongous regions: 1->1
[2023-01-09T09:52:31.758+0000][8][gc,metaspace] GC(11) Metaspace: 56613K(59648K)->56613K(59648K) NonClass: 49308K(51456K)->49308K(51456K) Class: 7305K(8192K)->7305K(8192K)
[2023-01-09T09:52:31.759+0000][8][gc          ] GC(11) Pause Young (Concurrent Start) (Metadata GC Threshold) 158M->54M(512M) 110.848ms
[2023-01-09T09:52:31.760+0000][8][gc,cpu      ] GC(11) User=0.08s Sys=0.00s Real=0.11s
[2023-01-09T09:52:31.761+0000][8][safepoint   ] Safepoint "CollectForMetadataAllocation", Time since last: 364873250 ns, Reaching safepoint: 97458 ns, At safepoint: 112716417 ns, Total: 112813875 ns
[2023-01-09T09:52:31.761+0000][8][gc          ] GC(12) Concurrent Cycle
[2023-01-09T09:52:31.764+0000][8][gc,marking  ] GC(12) Concurrent Clear Claimed Marks
[2023-01-09T09:52:31.765+0000][8][gc,marking  ] GC(12) Concurrent Clear Claimed Marks 0.775ms
[2023-01-09T09:52:31.766+0000][8][gc,marking  ] GC(12) Concurrent Scan Root Regions
[2023-01-09T09:52:31.800+0000][8][gc,marking  ] GC(12) Concurrent Scan Root Regions 33.595ms
[2023-01-09T09:52:31.801+0000][8][gc,marking  ] GC(12) Concurrent Mark (12.899s)
[2023-01-09T09:52:31.801+0000][8][gc,marking  ] GC(12) Concurrent Mark From Roots
[2023-01-09T09:52:31.802+0000][8][gc,task     ] GC(12) Using 1 workers of 1 for marking
[2023-01-09T09:52:31.817+0000][8][gc,marking  ] GC(12) Concurrent Mark From Roots 15.441ms
[2023-01-09T09:52:31.822+0000][8][gc,marking  ] GC(12) Concurrent Preclean
[2023-01-09T09:52:31.823+0000][8][gc,marking  ] GC(12) Concurrent Preclean 0.974ms
[2023-01-09T09:52:31.824+0000][8][gc,marking  ] GC(12) Concurrent Mark (12.899s, 12.923s) 23.529ms
[2023-01-09T09:52:31.829+0000][8][gc,start    ] GC(12) Pause Remark
[2023-01-09T09:52:31.837+0000][8][gc          ] GC(12) Pause Remark 57M->57M(512M) 8.409ms
[2023-01-09T09:52:31.838+0000][8][gc,cpu      ] GC(12) User=0.00s Sys=0.01s Real=0.01s
[2023-01-09T09:52:31.839+0000][8][safepoint   ] Safepoint "G1Concurrent", Time since last: 63858583 ns, Reaching safepoint: 3779500 ns, At safepoint: 10575917 ns, Total: 14355417 ns
[2023-01-09T09:52:31.840+0000][8][gc,marking  ] GC(12) Concurrent Rebuild Remembered Sets
[2023-01-09T09:52:31.892+0000][8][gc,marking  ] GC(12) Concurrent Rebuild Remembered Sets 52.175ms
[2023-01-09T09:52:31.895+0000][8][gc,start    ] GC(12) Pause Cleanup
[2023-01-09T09:52:31.896+0000][8][gc          ] GC(12) Pause Cleanup 61M->61M(512M) 1.481ms
[2023-01-09T09:52:31.900+0000][8][gc,cpu      ] GC(12) User=0.00s Sys=0.00s Real=0.00s
[2023-01-09T09:52:31.901+0000][8][safepoint   ] Safepoint "G1Concurrent", Time since last: 54860417 ns, Reaching safepoint: 812000 ns, At safepoint: 6361833 ns, Total: 7173833 ns
[2023-01-09T09:52:31.902+0000][8][gc,marking  ] GC(12) Concurrent Cleanup for Next Mark
[2023-01-09T09:52:31.905+0000][8][gc,marking  ] GC(12) Concurrent Cleanup for Next Mark 3.220ms
[2023-01-09T09:52:31.906+0000][8][gc          ] GC(12) Concurrent Cycle 145.082ms
[2023-01-09T09:52:32.949+0000][8][safepoint   ] Safepoint "ICBufferFull", Time since last: 1047196876 ns, Reaching safepoint: 140583 ns, At safepoint: 6458 ns, Total: 147041 ns
[2023-01-09T09:52:33.546+0000][8][safepoint   ] Safepoint "ICBufferFull", Time since last: 597086084 ns, Reaching safepoint: 166125 ns, At safepoint: 1791 ns, Total: 167916 ns
[2023-01-09T09:52:34.485+0000][8][safepoint   ] Safepoint "ICBufferFull", Time since last: 935255959 ns, Reaching safepoint: 3658750 ns, At safepoint: 4542 ns, Total: 3663292 ns
[2023-01-09T09:52:35.156+0000][8][safepoint   ] Safepoint "ICBufferFull", Time since last: 671193167 ns, Reaching safepoint: 179000 ns, At safepoint: 2125 ns, Total: 181125 ns
[2023-01-09T09:52:35.553+0000][8][safepoint   ] Safepoint "ICBufferFull", Time since last: 397235458 ns, Reaching safepoint: 97209 ns, At safepoint: 2166 ns, Total: 99375 ns
[2023-01-09T09:52:35.772+0000][8][safepoint   ] Safepoint "ICBufferFull", Time since last: 217916792 ns, Reaching safepoint: 477625 ns, At safepoint: 6500 ns, Total: 484125 ns
[2023-01-09T09:52:36.175+0000][8][safepoint   ] Safepoint "ICBufferFull", Time since last: 402710625 ns, Reaching safepoint: 220084 ns, At safepoint: 2250 ns, Total: 222334 ns
[2023-01-09T09:52:36.533+0000][8][safepoint   ] Safepoint "ICBufferFull", Time since last: 358139000 ns, Reaching safepoint: 145333 ns, At safepoint: 2375 ns, Total: 147708 ns
[2023-01-09T09:52:36.824+0000][8][gc,heap,exit] Heap
[2023-01-09T09:52:36.826+0000][8][gc,heap,exit]  garbage-first heap   total 524288K, used 267776K [0x00000000e0000000, 0x0000000100000000)
[2023-01-09T09:52:36.828+0000][8][gc,heap,exit]   region size 1024K, 214 young (219136K), 6 survivors (6144K)
[2023-01-09T09:52:36.829+0000][8][gc,heap,exit]  Metaspace       used 86331K, capacity 89426K, committed 90496K, reserved 1128448K
[2023-01-09T09:52:36.830+0000][8][gc,heap,exit]   class space    used 11404K, capacity 12371K, committed 12416K, reserved 1048576K
