[2023-01-09T09:47:30.549+0000][7][gc] Using G1
[2023-01-09T09:47:30.796+0000][7][gc,init] Version: 15+36-1562 (release)
[2023-01-09T09:47:30.797+0000][7][gc,init] CPUs: 4 total, 4 available
[2023-01-09T09:47:30.798+0000][7][gc,init] Memory: 7951M
[2023-01-09T09:47:30.798+0000][7][gc,init] Large Page Support: Disabled
[2023-01-09T09:47:30.799+0000][7][gc,init] NUMA Support: Disabled
[2023-01-09T09:47:30.799+0000][7][gc,init] Compressed Oops: Enabled (32-bit)
[2023-01-09T09:47:30.801+0000][7][gc,init] Heap Region Size: 1M
[2023-01-09T09:47:30.802+0000][7][gc,init] Heap Min Capacity: 512M
[2023-01-09T09:47:30.802+0000][7][gc,init] Heap Initial Capacity: 512M
[2023-01-09T09:47:30.803+0000][7][gc,init] Heap Max Capacity: 512M
[2023-01-09T09:47:30.804+0000][7][gc,init] Pre-touch: Enabled
[2023-01-09T09:47:30.806+0000][7][gc,init] Parallel Workers: 4
[2023-01-09T09:47:30.807+0000][7][gc,init] Concurrent Workers: 1
[2023-01-09T09:47:30.808+0000][7][gc,init] Concurrent Refinement Workers: 4
[2023-01-09T09:47:30.809+0000][7][gc,init] Periodic GC: Disabled
[2023-01-09T09:47:30.812+0000][7][gc,metaspace] CDS disabled.
[2023-01-09T09:47:30.818+0000][7][gc,metaspace] Compressed class space mapped at: 0x0000000100000000-0x0000000140000000, size: 1073741824
[2023-01-09T09:47:30.819+0000][7][gc,metaspace] Narrow klass base: 0x0000000000000000, Narrow klass shift: 3, Narrow klass range: 0x140000000
[2023-01-09T09:47:31.124+0000][7][safepoint   ] Safepoint "ICBufferFull", Time since last: 275830458 ns, Reaching safepoint: 78417 ns, At safepoint: 1750 ns, Total: 80167 ns
[2023-01-09T09:47:31.346+0000][7][safepoint   ] Safepoint "ICBufferFull", Time since last: 222506958 ns, Reaching safepoint: 70042 ns, At safepoint: 1875 ns, Total: 71917 ns
[2023-01-09T09:47:31.569+0000][7][safepoint   ] Safepoint "ICBufferFull", Time since last: 223174250 ns, Reaching safepoint: 151834 ns, At safepoint: 1791 ns, Total: 153625 ns
[2023-01-09T09:47:31.824+0000][7][gc,start    ] GC(0) Pause Young (Normal) (G1 Evacuation Pause)
[2023-01-09T09:47:31.835+0000][7][gc,task     ] GC(0) Using 4 workers of 4 for evacuation
[2023-01-09T09:47:31.837+0000][7][gc,age      ] GC(0) Desired survivor size 2097152 bytes, new threshold 15 (max threshold 15)
[2023-01-09T09:47:31.844+0000][7][gc,age      ] GC(0) Age table with threshold 15 (max threshold 15)
[2023-01-09T09:47:31.845+0000][7][gc,age      ] GC(0) - age   1:    3902872 bytes,    3902872 total
[2023-01-09T09:47:31.845+0000][7][gc,phases   ] GC(0)   Pre Evacuate Collection Set: 0.3ms
[2023-01-09T09:47:31.846+0000][7][gc,phases   ] GC(0)   Merge Heap Roots: 0.0ms
[2023-01-09T09:47:31.847+0000][7][gc,phases   ] GC(0)   Evacuate Collection Set: 5.3ms
[2023-01-09T09:47:31.847+0000][7][gc,phases   ] GC(0)   Post Evacuate Collection Set: 0.4ms
[2023-01-09T09:47:31.848+0000][7][gc,phases   ] GC(0)   Other: 14.9ms
[2023-01-09T09:47:31.849+0000][7][gc,heap     ] GC(0) Eden regions: 25->0(25)
[2023-01-09T09:47:31.850+0000][7][gc,heap     ] GC(0) Survivor regions: 0->4(4)
[2023-01-09T09:47:31.851+0000][7][gc,heap     ] GC(0) Old regions: 0->0
[2023-01-09T09:47:31.851+0000][7][gc,heap     ] GC(0) Archive regions: 0->0
[2023-01-09T09:47:31.852+0000][7][gc,heap     ] GC(0) Humongous regions: 1->1
[2023-01-09T09:47:31.853+0000][7][gc,metaspace] GC(0) Metaspace: 15609K(16256K)->15609K(16256K) NonClass: 14031K(14592K)->14031K(14592K) Class: 1577K(1664K)->1577K(1664K)
[2023-01-09T09:47:31.854+0000][7][gc          ] GC(0) Pause Young (Normal) (G1 Evacuation Pause) 26M->4M(512M) 29.432ms
[2023-01-09T09:47:31.855+0000][7][gc,cpu      ] GC(0) User=0.03s Sys=0.01s Real=0.03s
[2023-01-09T09:47:31.855+0000][7][safepoint   ] Safepoint "G1CollectForAllocation", Time since last: 254900375 ns, Reaching safepoint: 62417 ns, At safepoint: 31033833 ns, Total: 31096250 ns
[2023-01-09T09:47:32.500+0000][7][safepoint   ] Safepoint "ICBufferFull", Time since last: 644120209 ns, Reaching safepoint: 82083 ns, At safepoint: 5250 ns, Total: 87333 ns
[2023-01-09T09:47:32.821+0000][7][gc,start    ] GC(1) Pause Young (Concurrent Start) (Metadata GC Threshold)
[2023-01-09T09:47:32.824+0000][7][gc,task     ] GC(1) Using 4 workers of 4 for evacuation
[2023-01-09T09:47:32.824+0000][7][gc,age      ] GC(1) Desired survivor size 2097152 bytes, new threshold 1 (max threshold 15)
[2023-01-09T09:47:32.842+0000][7][gc,age      ] GC(1) Age table with threshold 1 (max threshold 15)
[2023-01-09T09:47:32.844+0000][7][gc,age      ] GC(1) - age   1:    2140328 bytes,    2140328 total
[2023-01-09T09:47:32.852+0000][7][gc,phases   ] GC(1)   Pre Evacuate Collection Set: 0.2ms
[2023-01-09T09:47:32.852+0000][7][gc,phases   ] GC(1)   Merge Heap Roots: 0.0ms
[2023-01-09T09:47:32.853+0000][7][gc,phases   ] GC(1)   Evacuate Collection Set: 16.1ms
[2023-01-09T09:47:32.854+0000][7][gc,phases   ] GC(1)   Post Evacuate Collection Set: 0.6ms
[2023-01-09T09:47:32.855+0000][7][gc,phases   ] GC(1)   Other: 13.6ms
[2023-01-09T09:47:32.855+0000][7][gc,heap     ] GC(1) Eden regions: 23->0(34)
[2023-01-09T09:47:32.856+0000][7][gc,heap     ] GC(1) Survivor regions: 4->3(4)
[2023-01-09T09:47:32.856+0000][7][gc,heap     ] GC(1) Old regions: 0->4
[2023-01-09T09:47:32.857+0000][7][gc,heap     ] GC(1) Archive regions: 0->0
[2023-01-09T09:47:32.858+0000][7][gc,heap     ] GC(1) Humongous regions: 1->1
[2023-01-09T09:47:32.858+0000][7][gc,metaspace] GC(1) Metaspace: 20775K(21248K)->20775K(21248K) NonClass: 18553K(18944K)->18553K(18944K) Class: 2222K(2304K)->2222K(2304K)
[2023-01-09T09:47:32.859+0000][7][gc          ] GC(1) Pause Young (Concurrent Start) (Metadata GC Threshold) 27M->7M(512M) 38.106ms
[2023-01-09T09:47:32.860+0000][7][gc,cpu      ] GC(1) User=0.01s Sys=0.00s Real=0.04s
[2023-01-09T09:47:32.862+0000][7][gc          ] GC(2) Concurrent Cycle
[2023-01-09T09:47:32.862+0000][7][gc,marking  ] GC(2) Concurrent Clear Claimed Marks
[2023-01-09T09:47:32.863+0000][7][gc,marking  ] GC(2) Concurrent Clear Claimed Marks 0.549ms
[2023-01-09T09:47:32.863+0000][7][gc,marking  ] GC(2) Concurrent Scan Root Regions
[2023-01-09T09:47:32.862+0000][7][safepoint   ] Safepoint "CollectForMetadataAllocation", Time since last: 321512584 ns, Reaching safepoint: 92000 ns, At safepoint: 40842292 ns, Total: 40934292 ns
[2023-01-09T09:47:32.867+0000][7][gc,marking  ] GC(2) Concurrent Scan Root Regions 3.574ms
[2023-01-09T09:47:32.868+0000][7][gc,marking  ] GC(2) Concurrent Mark (2.333s)
[2023-01-09T09:47:32.869+0000][7][gc,marking  ] GC(2) Concurrent Mark From Roots
[2023-01-09T09:47:32.869+0000][7][gc,task     ] GC(2) Using 1 workers of 1 for marking
[2023-01-09T09:47:32.871+0000][7][gc,marking  ] GC(2) Concurrent Mark From Roots 2.530ms
[2023-01-09T09:47:32.872+0000][7][gc,marking  ] GC(2) Concurrent Preclean
[2023-01-09T09:47:32.873+0000][7][gc,marking  ] GC(2) Concurrent Preclean 0.969ms
[2023-01-09T09:47:32.874+0000][7][gc,marking  ] GC(2) Concurrent Mark (2.333s, 2.340s) 6.392ms
[2023-01-09T09:47:32.876+0000][7][gc,start    ] GC(2) Pause Remark
[2023-01-09T09:47:32.879+0000][7][gc          ] GC(2) Pause Remark 7M->7M(512M) 3.379ms
[2023-01-09T09:47:32.880+0000][7][gc,cpu      ] GC(2) User=0.00s Sys=0.00s Real=0.01s
[2023-01-09T09:47:32.881+0000][7][safepoint   ] Safepoint "G1Concurrent", Time since last: 13141541 ns, Reaching safepoint: 595292 ns, At safepoint: 5166458 ns, Total: 5761750 ns
[2023-01-09T09:47:32.882+0000][7][gc,marking  ] GC(2) Concurrent Rebuild Remembered Sets
[2023-01-09T09:47:32.886+0000][7][gc,marking  ] GC(2) Concurrent Rebuild Remembered Sets 3.767ms
[2023-01-09T09:47:32.887+0000][7][gc,start    ] GC(2) Pause Cleanup
[2023-01-09T09:47:32.888+0000][7][gc          ] GC(2) Pause Cleanup 7M->7M(512M) 0.685ms
[2023-01-09T09:47:32.889+0000][7][gc,cpu      ] GC(2) User=0.00s Sys=0.00s Real=0.00s
[2023-01-09T09:47:32.890+0000][7][safepoint   ] Safepoint "G1Concurrent", Time since last: 5626500 ns, Reaching safepoint: 573167 ns, At safepoint: 2360208 ns, Total: 2933375 ns
[2023-01-09T09:47:32.890+0000][7][gc,marking  ] GC(2) Concurrent Cleanup for Next Mark
[2023-01-09T09:47:32.891+0000][7][gc,marking  ] GC(2) Concurrent Cleanup for Next Mark 1.017ms
[2023-01-09T09:47:32.892+0000][7][gc          ] GC(2) Concurrent Cycle 30.725ms
[2023-01-09T09:47:33.503+0000][7][safepoint   ] Safepoint "ICBufferFull", Time since last: 613498459 ns, Reaching safepoint: 130208 ns, At safepoint: 3667 ns, Total: 133875 ns
[2023-01-09T09:47:33.545+0000][7][gc,start    ] GC(3) Pause Young (Normal) (G1 Evacuation Pause)
[2023-01-09T09:47:33.546+0000][7][gc,task     ] GC(3) Using 4 workers of 4 for evacuation
[2023-01-09T09:47:33.547+0000][7][gc,age      ] GC(3) Desired survivor size 2621440 bytes, new threshold 15 (max threshold 15)
[2023-01-09T09:47:33.571+0000][7][gc,age      ] GC(3) Age table with threshold 15 (max threshold 15)
[2023-01-09T09:47:33.572+0000][7][gc,age      ] GC(3) - age   1:    3011184 bytes,    3011184 total
[2023-01-09T09:47:33.572+0000][7][gc,age      ] GC(3) - age   2:    2103728 bytes,    5114912 total
[2023-01-09T09:47:33.574+0000][7][gc,phases   ] GC(3)   Pre Evacuate Collection Set: 0.1ms
[2023-01-09T09:47:33.575+0000][7][gc,phases   ] GC(3)   Merge Heap Roots: 0.0ms
[2023-01-09T09:47:33.576+0000][7][gc,phases   ] GC(3)   Evacuate Collection Set: 18.8ms
[2023-01-09T09:47:33.577+0000][7][gc,phases   ] GC(3)   Post Evacuate Collection Set: 3.6ms
[2023-01-09T09:47:33.578+0000][7][gc,phases   ] GC(3)   Other: 6.5ms
[2023-01-09T09:47:33.579+0000][7][gc,heap     ] GC(3) Eden regions: 35->0(178)
[2023-01-09T09:47:33.580+0000][7][gc,heap     ] GC(3) Survivor regions: 3->5(5)
[2023-01-09T09:47:33.581+0000][7][gc,heap     ] GC(3) Old regions: 4->4
[2023-01-09T09:47:33.582+0000][7][gc,heap     ] GC(3) Archive regions: 0->0
[2023-01-09T09:47:33.582+0000][7][gc,heap     ] GC(3) Humongous regions: 1->1
[2023-01-09T09:47:33.583+0000][7][gc,metaspace] GC(3) Metaspace: 22487K(23036K)->22487K(23036K) NonClass: 20075K(20480K)->20075K(20480K) Class: 2411K(2556K)->2411K(2556K)
[2023-01-09T09:47:33.584+0000][7][gc          ] GC(3) Pause Young (Normal) (G1 Evacuation Pause) 42M->9M(512M) 38.745ms
[2023-01-09T09:47:33.585+0000][7][gc,cpu      ] GC(3) User=0.03s Sys=0.00s Real=0.04s
[2023-01-09T09:47:33.585+0000][7][safepoint   ] Safepoint "G1CollectForAllocation", Time since last: 41887958 ns, Reaching safepoint: 41083 ns, At safepoint: 40076959 ns, Total: 40118042 ns
[2023-01-09T09:47:33.686+0000][7][safepoint   ] Safepoint "ICBufferFull", Time since last: 100620625 ns, Reaching safepoint: 54292 ns, At safepoint: 3083 ns, Total: 57375 ns
[2023-01-09T09:47:33.709+0000][7][safepoint   ] Safepoint "ICBufferFull", Time since last: 23160542 ns, Reaching safepoint: 48458 ns, At safepoint: 2167 ns, Total: 50625 ns
[2023-01-09T09:47:33.713+0000][7][safepoint   ] Safepoint "ICBufferFull", Time since last: 4234166 ns, Reaching safepoint: 44667 ns, At safepoint: 1833 ns, Total: 46500 ns
[2023-01-09T09:47:33.716+0000][7][safepoint   ] Safepoint "ICBufferFull", Time since last: 2289750 ns, Reaching safepoint: 42000 ns, At safepoint: 2500 ns, Total: 44500 ns
[2023-01-09T09:47:33.720+0000][7][safepoint   ] Safepoint "ICBufferFull", Time since last: 3888500 ns, Reaching safepoint: 33667 ns, At safepoint: 2250 ns, Total: 35917 ns
[2023-01-09T09:47:33.724+0000][7][safepoint   ] Safepoint "ICBufferFull", Time since last: 4239042 ns, Reaching safepoint: 45875 ns, At safepoint: 1791 ns, Total: 47666 ns
[2023-01-09T09:47:33.730+0000][7][safepoint   ] Safepoint "ICBufferFull", Time since last: 6169250 ns, Reaching safepoint: 42500 ns, At safepoint: 1750 ns, Total: 44250 ns
[2023-01-09T09:47:33.734+0000][7][safepoint   ] Safepoint "ICBufferFull", Time since last: 3461709 ns, Reaching safepoint: 41208 ns, At safepoint: 2000 ns, Total: 43208 ns
[2023-01-09T09:47:33.736+0000][7][safepoint   ] Safepoint "ICBufferFull", Time since last: 2789042 ns, Reaching safepoint: 36666 ns, At safepoint: 1792 ns, Total: 38458 ns
[2023-01-09T09:47:33.741+0000][7][safepoint   ] Safepoint "ICBufferFull", Time since last: 4662250 ns, Reaching safepoint: 43833 ns, At safepoint: 1875 ns, Total: 45708 ns
[2023-01-09T09:47:33.745+0000][7][safepoint   ] Safepoint "ICBufferFull", Time since last: 3945875 ns, Reaching safepoint: 55834 ns, At safepoint: 1750 ns, Total: 57584 ns
[2023-01-09T09:47:33.748+0000][7][safepoint   ] Safepoint "ICBufferFull", Time since last: 2637500 ns, Reaching safepoint: 31916 ns, At safepoint: 1667 ns, Total: 33583 ns
[2023-01-09T09:47:33.752+0000][7][safepoint   ] Safepoint "ICBufferFull", Time since last: 4234542 ns, Reaching safepoint: 45125 ns, At safepoint: 1958 ns, Total: 47083 ns
[2023-01-09T09:47:33.756+0000][7][safepoint   ] Safepoint "ICBufferFull", Time since last: 4011458 ns, Reaching safepoint: 51292 ns, At safepoint: 2042 ns, Total: 53334 ns
[2023-01-09T09:47:33.762+0000][7][safepoint   ] Safepoint "ICBufferFull", Time since last: 5912083 ns, Reaching safepoint: 53125 ns, At safepoint: 1833 ns, Total: 54958 ns
[2023-01-09T09:47:33.766+0000][7][safepoint   ] Safepoint "ICBufferFull", Time since last: 4205625 ns, Reaching safepoint: 39542 ns, At safepoint: 1750 ns, Total: 41292 ns
[2023-01-09T09:47:33.768+0000][7][safepoint   ] Safepoint "ICBufferFull", Time since last: 2050583 ns, Reaching safepoint: 38042 ns, At safepoint: 1625 ns, Total: 39667 ns
[2023-01-09T09:47:33.774+0000][7][safepoint   ] Safepoint "ICBufferFull", Time since last: 5197458 ns, Reaching safepoint: 44084 ns, At safepoint: 2291 ns, Total: 46375 ns
[2023-01-09T09:47:33.777+0000][7][safepoint   ] Safepoint "ICBufferFull", Time since last: 2893584 ns, Reaching safepoint: 109375 ns, At safepoint: 1916 ns, Total: 111291 ns
[2023-01-09T09:47:33.779+0000][7][safepoint   ] Safepoint "ICBufferFull", Time since last: 1922125 ns, Reaching safepoint: 109000 ns, At safepoint: 1667 ns, Total: 110667 ns
[2023-01-09T09:47:33.784+0000][7][safepoint   ] Safepoint "ICBufferFull", Time since last: 5135167 ns, Reaching safepoint: 164166 ns, At safepoint: 2209 ns, Total: 166375 ns
[2023-01-09T09:47:33.786+0000][7][safepoint   ] Safepoint "ICBufferFull", Time since last: 1838083 ns, Reaching safepoint: 145917 ns, At safepoint: 1916 ns, Total: 147833 ns
[2023-01-09T09:47:33.788+0000][7][safepoint   ] Safepoint "ICBufferFull", Time since last: 1730000 ns, Reaching safepoint: 119500 ns, At safepoint: 1667 ns, Total: 121167 ns
[2023-01-09T09:47:33.790+0000][7][safepoint   ] Safepoint "ICBufferFull", Time since last: 2082625 ns, Reaching safepoint: 127708 ns, At safepoint: 1959 ns, Total: 129667 ns
[2023-01-09T09:47:33.792+0000][7][safepoint   ] Safepoint "ICBufferFull", Time since last: 1572541 ns, Reaching safepoint: 106500 ns, At safepoint: 1584 ns, Total: 108084 ns
[2023-01-09T09:47:33.803+0000][7][safepoint   ] Safepoint "ICBufferFull", Time since last: 5673375 ns, Reaching safepoint: 5636125 ns, At safepoint: 8583 ns, Total: 5644708 ns
[2023-01-09T09:47:33.809+0000][7][safepoint   ] Safepoint "ICBufferFull", Time since last: 3162750 ns, Reaching safepoint: 2828250 ns, At safepoint: 2792 ns, Total: 2831042 ns
[2023-01-09T09:47:33.812+0000][7][safepoint   ] Safepoint "ICBufferFull", Time since last: 1694291 ns, Reaching safepoint: 1313709 ns, At safepoint: 6125 ns, Total: 1319834 ns
[2023-01-09T09:47:33.816+0000][7][safepoint   ] Safepoint "ICBufferFull", Time since last: 2001041 ns, Reaching safepoint: 1999042 ns, At safepoint: 3208 ns, Total: 2002250 ns
[2023-01-09T09:47:33.818+0000][7][safepoint   ] Safepoint "ICBufferFull", Time since last: 1815959 ns, Reaching safepoint: 195291 ns, At safepoint: 1875 ns, Total: 197166 ns
[2023-01-09T09:47:33.820+0000][7][safepoint   ] Safepoint "ICBufferFull", Time since last: 1665917 ns, Reaching safepoint: 336875 ns, At safepoint: 1917 ns, Total: 338792 ns
[2023-01-09T09:47:33.823+0000][7][safepoint   ] Safepoint "ICBufferFull", Time since last: 2039500 ns, Reaching safepoint: 946458 ns, At safepoint: 1833 ns, Total: 948291 ns
[2023-01-09T09:47:33.826+0000][7][safepoint   ] Safepoint "ICBufferFull", Time since last: 1517375 ns, Reaching safepoint: 1470959 ns, At safepoint: 2166 ns, Total: 1473125 ns
[2023-01-09T09:47:33.828+0000][7][safepoint   ] Safepoint "ICBufferFull", Time since last: 1794167 ns, Reaching safepoint: 197333 ns, At safepoint: 1625 ns, Total: 198958 ns
[2023-01-09T09:47:33.835+0000][7][safepoint   ] Safepoint "ICBufferFull", Time since last: 5840625 ns, Reaching safepoint: 1168667 ns, At safepoint: 5667 ns, Total: 1174334 ns
[2023-01-09T09:47:33.842+0000][7][safepoint   ] Safepoint "ICBufferFull", Time since last: 5404250 ns, Reaching safepoint: 1597291 ns, At safepoint: 2500 ns, Total: 1599791 ns
[2023-01-09T09:47:33.847+0000][7][safepoint   ] Safepoint "ICBufferFull", Time since last: 2390834 ns, Reaching safepoint: 1999916 ns, At safepoint: 2750 ns, Total: 2002666 ns
[2023-01-09T09:47:33.856+0000][7][safepoint   ] Safepoint "ICBufferFull", Time since last: 5757250 ns, Reaching safepoint: 3798000 ns, At safepoint: 3167 ns, Total: 3801167 ns
[2023-01-09T09:47:33.857+0000][7][safepoint   ] Safepoint "ICBufferFull", Time since last: 803083 ns, Reaching safepoint: 247375 ns, At safepoint: 2084 ns, Total: 249459 ns
[2023-01-09T09:47:33.858+0000][7][safepoint   ] Safepoint "ICBufferFull", Time since last: 849750 ns, Reaching safepoint: 278208 ns, At safepoint: 2167 ns, Total: 280375 ns
[2023-01-09T09:47:33.862+0000][7][safepoint   ] Safepoint "ICBufferFull", Time since last: 1028416 ns, Reaching safepoint: 2824750 ns, At safepoint: 2584 ns, Total: 2827334 ns
[2023-01-09T09:47:33.864+0000][7][safepoint   ] Safepoint "ICBufferFull", Time since last: 1145916 ns, Reaching safepoint: 284250 ns, At safepoint: 1709 ns, Total: 285959 ns
[2023-01-09T09:47:33.865+0000][7][safepoint   ] Safepoint "ICBufferFull", Time since last: 890333 ns, Reaching safepoint: 262917 ns, At safepoint: 1375 ns, Total: 264292 ns
[2023-01-09T09:47:33.866+0000][7][safepoint   ] Safepoint "ICBufferFull", Time since last: 839708 ns, Reaching safepoint: 238917 ns, At safepoint: 1500 ns, Total: 240417 ns
[2023-01-09T09:47:33.867+0000][7][safepoint   ] Safepoint "ICBufferFull", Time since last: 880250 ns, Reaching safepoint: 233250 ns, At safepoint: 1625 ns, Total: 234875 ns
[2023-01-09T09:47:33.868+0000][7][safepoint   ] Safepoint "ICBufferFull", Time since last: 680291 ns, Reaching safepoint: 244917 ns, At safepoint: 1833 ns, Total: 246750 ns
[2023-01-09T09:47:33.869+0000][7][safepoint   ] Safepoint "ICBufferFull", Time since last: 861875 ns, Reaching safepoint: 290417 ns, At safepoint: 1333 ns, Total: 291750 ns
[2023-01-09T09:47:33.870+0000][7][safepoint   ] Safepoint "ICBufferFull", Time since last: 1084917 ns, Reaching safepoint: 212208 ns, At safepoint: 1709 ns, Total: 213917 ns
[2023-01-09T09:47:33.872+0000][7][safepoint   ] Safepoint "ICBufferFull", Time since last: 1130333 ns, Reaching safepoint: 657292 ns, At safepoint: 1625 ns, Total: 658917 ns
[2023-01-09T09:47:33.873+0000][7][safepoint   ] Safepoint "ICBufferFull", Time since last: 746750 ns, Reaching safepoint: 270916 ns, At safepoint: 1709 ns, Total: 272625 ns
[2023-01-09T09:47:33.874+0000][7][safepoint   ] Safepoint "ICBufferFull", Time since last: 738208 ns, Reaching safepoint: 332833 ns, At safepoint: 2084 ns, Total: 334917 ns
[2023-01-09T09:47:33.878+0000][7][safepoint   ] Safepoint "ICBufferFull", Time since last: 1298333 ns, Reaching safepoint: 2054625 ns, At safepoint: 2167 ns, Total: 2056792 ns
[2023-01-09T09:47:33.879+0000][7][safepoint   ] Safepoint "ICBufferFull", Time since last: 929666 ns, Reaching safepoint: 189500 ns, At safepoint: 1459 ns, Total: 190959 ns
[2023-01-09T09:47:33.880+0000][7][safepoint   ] Safepoint "ICBufferFull", Time since last: 901208 ns, Reaching safepoint: 109167 ns, At safepoint: 1416 ns, Total: 110583 ns
[2023-01-09T09:47:33.881+0000][7][safepoint   ] Safepoint "ICBufferFull", Time since last: 852917 ns, Reaching safepoint: 196708 ns, At safepoint: 1625 ns, Total: 198333 ns
[2023-01-09T09:47:33.882+0000][7][safepoint   ] Safepoint "ICBufferFull", Time since last: 849792 ns, Reaching safepoint: 268708 ns, At safepoint: 1459 ns, Total: 270167 ns
[2023-01-09T09:47:33.883+0000][7][safepoint   ] Safepoint "ICBufferFull", Time since last: 765583 ns, Reaching safepoint: 240625 ns, At safepoint: 1583 ns, Total: 242208 ns
[2023-01-09T09:47:33.884+0000][7][safepoint   ] Safepoint "ICBufferFull", Time since last: 787542 ns, Reaching safepoint: 226167 ns, At safepoint: 1375 ns, Total: 227542 ns
[2023-01-09T09:47:33.885+0000][7][safepoint   ] Safepoint "ICBufferFull", Time since last: 765541 ns, Reaching safepoint: 240167 ns, At safepoint: 1417 ns, Total: 241584 ns
[2023-01-09T09:47:33.887+0000][7][safepoint   ] Safepoint "ICBufferFull", Time since last: 1497083 ns, Reaching safepoint: 203167 ns, At safepoint: 1541 ns, Total: 204708 ns
[2023-01-09T09:47:33.889+0000][7][safepoint   ] Safepoint "ICBufferFull", Time since last: 1276834 ns, Reaching safepoint: 1271333 ns, At safepoint: 3167 ns, Total: 1274500 ns
[2023-01-09T09:47:33.892+0000][7][safepoint   ] Safepoint "ICBufferFull", Time since last: 1343958 ns, Reaching safepoint: 1652583 ns, At safepoint: 5417 ns, Total: 1658000 ns
[2023-01-09T09:47:33.894+0000][7][safepoint   ] Safepoint "ICBufferFull", Time since last: 1429542 ns, Reaching safepoint: 93333 ns, At safepoint: 1458 ns, Total: 94791 ns
[2023-01-09T09:47:33.895+0000][7][safepoint   ] Safepoint "ICBufferFull", Time since last: 976000 ns, Reaching safepoint: 91709 ns, At safepoint: 1458 ns, Total: 93167 ns
[2023-01-09T09:47:33.897+0000][7][safepoint   ] Safepoint "ICBufferFull", Time since last: 2130583 ns, Reaching safepoint: 295375 ns, At safepoint: 1584 ns, Total: 296959 ns
[2023-01-09T09:47:33.899+0000][7][safepoint   ] Safepoint "ICBufferFull", Time since last: 1176375 ns, Reaching safepoint: 822791 ns, At safepoint: 2167 ns, Total: 824958 ns
[2023-01-09T09:47:33.900+0000][7][safepoint   ] Safepoint "ICBufferFull", Time since last: 1209167 ns, Reaching safepoint: 84458 ns, At safepoint: 1458 ns, Total: 85916 ns
[2023-01-09T09:47:33.902+0000][7][safepoint   ] Safepoint "ICBufferFull", Time since last: 1040625 ns, Reaching safepoint: 669625 ns, At safepoint: 2000 ns, Total: 671625 ns
[2023-01-09T09:47:33.903+0000][7][safepoint   ] Safepoint "ICBufferFull", Time since last: 1262875 ns, Reaching safepoint: 97750 ns, At safepoint: 1375 ns, Total: 99125 ns
[2023-01-09T09:47:33.905+0000][7][safepoint   ] Safepoint "ICBufferFull", Time since last: 1350000 ns, Reaching safepoint: 104625 ns, At safepoint: 1334 ns, Total: 105959 ns
[2023-01-09T09:47:33.907+0000][7][safepoint   ] Safepoint "ICBufferFull", Time since last: 1775708 ns, Reaching safepoint: 77167 ns, At safepoint: 1416 ns, Total: 78583 ns
[2023-01-09T09:47:33.912+0000][7][safepoint   ] Safepoint "ICBufferFull", Time since last: 3173709 ns, Reaching safepoint: 1636375 ns, At safepoint: 4541 ns, Total: 1640916 ns
[2023-01-09T09:47:33.920+0000][7][safepoint   ] Safepoint "ICBufferFull", Time since last: 2881875 ns, Reaching safepoint: 5584625 ns, At safepoint: 4542 ns, Total: 5589167 ns
[2023-01-09T09:47:33.929+0000][7][safepoint   ] Safepoint "ICBufferFull", Time since last: 2703208 ns, Reaching safepoint: 6345709 ns, At safepoint: 21375 ns, Total: 6367084 ns
[2023-01-09T09:47:33.935+0000][7][safepoint   ] Safepoint "ICBufferFull", Time since last: 6148916 ns, Reaching safepoint: 39875 ns, At safepoint: 1959 ns, Total: 41834 ns
[2023-01-09T09:47:33.939+0000][7][safepoint   ] Safepoint "ICBufferFull", Time since last: 2374083 ns, Reaching safepoint: 1686375 ns, At safepoint: 2583 ns, Total: 1688958 ns
[2023-01-09T09:47:33.946+0000][7][safepoint   ] Safepoint "ICBufferFull", Time since last: 2309584 ns, Reaching safepoint: 4243875 ns, At safepoint: 7250 ns, Total: 4251125 ns
[2023-01-09T09:47:33.955+0000][7][safepoint   ] Safepoint "ICBufferFull", Time since last: 1920708 ns, Reaching safepoint: 7042542 ns, At safepoint: 8583 ns, Total: 7051125 ns
[2023-01-09T09:47:33.961+0000][7][safepoint   ] Safepoint "ICBufferFull", Time since last: 1945667 ns, Reaching safepoint: 4189083 ns, At safepoint: 2708 ns, Total: 4191791 ns
[2023-01-09T09:47:34.326+0000][7][safepoint   ] Safepoint "ICBufferFull", Time since last: 364680709 ns, Reaching safepoint: 92917 ns, At safepoint: 5958 ns, Total: 98875 ns
[2023-01-09T09:47:34.705+0000][7][safepoint   ] Safepoint "ICBufferFull", Time since last: 378561625 ns, Reaching safepoint: 674250 ns, At safepoint: 4292 ns, Total: 678542 ns
[2023-01-09T09:47:34.773+0000][7][gc,start    ] GC(4) Pause Young (Normal) (G1 Evacuation Pause)
[2023-01-09T09:47:34.774+0000][7][gc,task     ] GC(4) Using 4 workers of 4 for evacuation
[2023-01-09T09:47:34.775+0000][7][gc,age      ] GC(4) Desired survivor size 12058624 bytes, new threshold 15 (max threshold 15)
[2023-01-09T09:47:34.798+0000][7][gc,age      ] GC(4) Age table with threshold 15 (max threshold 15)
[2023-01-09T09:47:34.799+0000][7][gc,age      ] GC(4) - age   1:    4805960 bytes,    4805960 total
[2023-01-09T09:47:34.800+0000][7][gc,age      ] GC(4) - age   2:    1152296 bytes,    5958256 total
[2023-01-09T09:47:34.800+0000][7][gc,age      ] GC(4) - age   3:    2089664 bytes,    8047920 total
[2023-01-09T09:47:34.801+0000][7][gc,phases   ] GC(4)   Pre Evacuate Collection Set: 0.3ms
[2023-01-09T09:47:34.802+0000][7][gc,phases   ] GC(4)   Merge Heap Roots: 1.0ms
[2023-01-09T09:47:34.802+0000][7][gc,phases   ] GC(4)   Evacuate Collection Set: 19.4ms
[2023-01-09T09:47:34.803+0000][7][gc,phases   ] GC(4)   Post Evacuate Collection Set: 1.3ms
[2023-01-09T09:47:34.804+0000][7][gc,phases   ] GC(4)   Other: 6.5ms
[2023-01-09T09:47:34.805+0000][7][gc,heap     ] GC(4) Eden regions: 178->0(299)
[2023-01-09T09:47:34.806+0000][7][gc,heap     ] GC(4) Survivor regions: 5->8(23)
[2023-01-09T09:47:34.806+0000][7][gc,heap     ] GC(4) Old regions: 4->4
[2023-01-09T09:47:34.808+0000][7][gc,heap     ] GC(4) Archive regions: 0->0
[2023-01-09T09:47:34.809+0000][7][gc,heap     ] GC(4) Humongous regions: 2->1
[2023-01-09T09:47:34.809+0000][7][gc,metaspace] GC(4) Metaspace: 25845K(26620K)->25845K(26620K) NonClass: 22962K(23552K)->22962K(23552K) Class: 2882K(3068K)->2882K(3068K)
[2023-01-09T09:47:34.810+0000][7][gc          ] GC(4) Pause Young (Normal) (G1 Evacuation Pause) 188M->12M(512M) 37.331ms
[2023-01-09T09:47:34.811+0000][7][gc,cpu      ] GC(4) User=0.01s Sys=0.00s Real=0.04s
[2023-01-09T09:47:34.812+0000][7][safepoint   ] Safepoint "G1CollectForAllocation", Time since last: 67034666 ns, Reaching safepoint: 458834 ns, At safepoint: 39646875 ns, Total: 40105709 ns
[2023-01-09T09:47:35.615+0000][7][gc,start    ] GC(5) Pause Young (Normal) (G1 Evacuation Pause)
[2023-01-09T09:47:35.621+0000][7][gc,task     ] GC(5) Using 4 workers of 4 for evacuation
[2023-01-09T09:47:35.625+0000][7][gc,age      ] GC(5) Desired survivor size 20447232 bytes, new threshold 15 (max threshold 15)
[2023-01-09T09:47:35.636+0000][7][gc,age      ] GC(5) Age table with threshold 15 (max threshold 15)
[2023-01-09T09:47:35.638+0000][7][gc,age      ] GC(5) - age   1:    4172712 bytes,    4172712 total
[2023-01-09T09:47:35.638+0000][7][gc,age      ] GC(5) - age   2:    4321328 bytes,    8494040 total
[2023-01-09T09:47:35.639+0000][7][gc,age      ] GC(5) - age   3:    1152152 bytes,    9646192 total
[2023-01-09T09:47:35.640+0000][7][gc,age      ] GC(5) - age   4:    2089664 bytes,   11735856 total
[2023-01-09T09:47:35.641+0000][7][gc,phases   ] GC(5)   Pre Evacuate Collection Set: 0.1ms
[2023-01-09T09:47:35.642+0000][7][gc,phases   ] GC(5)   Merge Heap Roots: 0.0ms
[2023-01-09T09:47:35.642+0000][7][gc,phases   ] GC(5)   Evacuate Collection Set: 8.6ms
[2023-01-09T09:47:35.644+0000][7][gc,phases   ] GC(5)   Post Evacuate Collection Set: 1.4ms
[2023-01-09T09:47:35.644+0000][7][gc,phases   ] GC(5)   Other: 15.9ms
[2023-01-09T09:47:35.645+0000][7][gc,heap     ] GC(5) Eden regions: 299->0(295)
[2023-01-09T09:47:35.647+0000][7][gc,heap     ] GC(5) Survivor regions: 8->12(39)
[2023-01-09T09:47:35.650+0000][7][gc,heap     ] GC(5) Old regions: 4->4
[2023-01-09T09:47:35.650+0000][7][gc,heap     ] GC(5) Archive regions: 0->0
[2023-01-09T09:47:35.651+0000][7][gc,heap     ] GC(5) Humongous regions: 1->1
[2023-01-09T09:47:35.652+0000][7][gc,metaspace] GC(5) Metaspace: 27555K(28412K)->27555K(28412K) NonClass: 24481K(25088K)->24481K(25088K) Class: 3074K(3324K)->3074K(3324K)
[2023-01-09T09:47:35.653+0000][7][gc          ] GC(5) Pause Young (Normal) (G1 Evacuation Pause) 311M->16M(512M) 38.513ms
[2023-01-09T09:47:35.654+0000][7][gc,cpu      ] GC(5) User=0.05s Sys=0.00s Real=0.04s
[2023-01-09T09:47:35.655+0000][7][safepoint   ] Safepoint "G1CollectForAllocation", Time since last: 797390500 ns, Reaching safepoint: 5305750 ns, At safepoint: 40294125 ns, Total: 45599875 ns
[2023-01-09T09:47:36.342+0000][7][gc,start    ] GC(6) Pause Young (Normal) (G1 Evacuation Pause)
[2023-01-09T09:47:36.343+0000][7][gc,task     ] GC(6) Using 4 workers of 4 for evacuation
[2023-01-09T09:47:36.345+0000][7][gc,age      ] GC(6) Desired survivor size 20447232 bytes, new threshold 15 (max threshold 15)
[2023-01-09T09:47:36.357+0000][7][gc,age      ] GC(6) Age table with threshold 15 (max threshold 15)
[2023-01-09T09:47:36.359+0000][7][gc,age      ] GC(6) - age   1:    2662392 bytes,    2662392 total
[2023-01-09T09:47:36.359+0000][7][gc,age      ] GC(6) - age   2:    3277480 bytes,    5939872 total
[2023-01-09T09:47:36.360+0000][7][gc,age      ] GC(6) - age   3:    4317024 bytes,   10256896 total
[2023-01-09T09:47:36.362+0000][7][gc,age      ] GC(6) - age   4:    1152008 bytes,   11408904 total
[2023-01-09T09:47:36.366+0000][7][gc,age      ] GC(6) - age   5:    2089664 bytes,   13498568 total
[2023-01-09T09:47:36.366+0000][7][gc,phases   ] GC(6)   Pre Evacuate Collection Set: 0.2ms
[2023-01-09T09:47:36.367+0000][7][gc,phases   ] GC(6)   Merge Heap Roots: 0.0ms
[2023-01-09T09:47:36.368+0000][7][gc,phases   ] GC(6)   Evacuate Collection Set: 10.8ms
[2023-01-09T09:47:36.369+0000][7][gc,phases   ] GC(6)   Post Evacuate Collection Set: 0.7ms
[2023-01-09T09:47:36.370+0000][7][gc,phases   ] GC(6)   Other: 13.2ms
[2023-01-09T09:47:36.371+0000][7][gc,heap     ] GC(6) Eden regions: 295->0(293)
[2023-01-09T09:47:36.372+0000][7][gc,heap     ] GC(6) Survivor regions: 12->14(39)
[2023-01-09T09:47:36.373+0000][7][gc,heap     ] GC(6) Old regions: 4->4
[2023-01-09T09:47:36.374+0000][7][gc,heap     ] GC(6) Archive regions: 0->0
[2023-01-09T09:47:36.374+0000][7][gc,heap     ] GC(6) Humongous regions: 1->1
[2023-01-09T09:47:36.375+0000][7][gc,metaspace] GC(6) Metaspace: 27923K(29052K)->27923K(29052K) NonClass: 24781K(25600K)->24781K(25600K) Class: 3142K(3452K)->3142K(3452K)
[2023-01-09T09:47:36.376+0000][7][gc          ] GC(6) Pause Young (Normal) (G1 Evacuation Pause) 311M->18M(512M) 34.215ms
[2023-01-09T09:47:36.377+0000][7][gc,cpu      ] GC(6) User=0.03s Sys=0.01s Real=0.03s
[2023-01-09T09:47:36.377+0000][7][safepoint   ] Safepoint "G1CollectForAllocation", Time since last: 686249750 ns, Reaching safepoint: 80000 ns, At safepoint: 35836584 ns, Total: 35916584 ns
[2023-01-09T09:47:36.806+0000][7][gc,start    ] GC(7) Pause Young (Normal) (G1 Evacuation Pause)
[2023-01-09T09:47:36.806+0000][7][gc,task     ] GC(7) Using 4 workers of 4 for evacuation
[2023-01-09T09:47:36.808+0000][7][gc,age      ] GC(7) Desired survivor size 20447232 bytes, new threshold 15 (max threshold 15)
[2023-01-09T09:47:36.839+0000][7][gc,age      ] GC(7) Age table with threshold 15 (max threshold 15)
[2023-01-09T09:47:36.841+0000][7][gc,age      ] GC(7) - age   1:    3105832 bytes,    3105832 total
[2023-01-09T09:47:36.841+0000][7][gc,age      ] GC(7) - age   2:     611000 bytes,    3716832 total
[2023-01-09T09:47:36.843+0000][7][gc,age      ] GC(7) - age   3:    3275704 bytes,    6992536 total
[2023-01-09T09:47:36.843+0000][7][gc,age      ] GC(7) - age   4:    4316584 bytes,   11309120 total
[2023-01-09T09:47:36.844+0000][7][gc,age      ] GC(7) - age   5:    1152008 bytes,   12461128 total
[2023-01-09T09:47:36.845+0000][7][gc,age      ] GC(7) - age   6:    2089664 bytes,   14550792 total
[2023-01-09T09:47:36.846+0000][7][gc,phases   ] GC(7)   Pre Evacuate Collection Set: 0.2ms
[2023-01-09T09:47:36.847+0000][7][gc,phases   ] GC(7)   Merge Heap Roots: 0.1ms
[2023-01-09T09:47:36.848+0000][7][gc,phases   ] GC(7)   Evacuate Collection Set: 30.2ms
[2023-01-09T09:47:36.849+0000][7][gc,phases   ] GC(7)   Post Evacuate Collection Set: 0.6ms
[2023-01-09T09:47:36.849+0000][7][gc,phases   ] GC(7)   Other: 9.5ms
[2023-01-09T09:47:36.850+0000][7][gc,heap     ] GC(7) Eden regions: 293->0(292)
[2023-01-09T09:47:36.851+0000][7][gc,heap     ] GC(7) Survivor regions: 14->15(39)
[2023-01-09T09:47:36.852+0000][7][gc,heap     ] GC(7) Old regions: 4->4
[2023-01-09T09:47:36.853+0000][7][gc,heap     ] GC(7) Archive regions: 0->0
[2023-01-09T09:47:36.855+0000][7][gc,heap     ] GC(7) Humongous regions: 1->1
[2023-01-09T09:47:36.856+0000][7][gc,metaspace] GC(7) Metaspace: 28458K(29948K)->28458K(29948K) NonClass: 25235K(26368K)->25235K(26368K) Class: 3223K(3580K)->3223K(3580K)
[2023-01-09T09:47:36.857+0000][7][gc          ] GC(7) Pause Young (Normal) (G1 Evacuation Pause) 311M->19M(512M) 50.840ms
[2023-01-09T09:47:36.857+0000][7][gc,cpu      ] GC(7) User=0.01s Sys=0.00s Real=0.05s
[2023-01-09T09:47:36.858+0000][7][safepoint   ] Safepoint "G1CollectForAllocation", Time since last: 427338542 ns, Reaching safepoint: 934916 ns, At safepoint: 52507250 ns, Total: 53442166 ns
[2023-01-09T09:47:37.199+0000][7][safepoint   ] Safepoint "ICBufferFull", Time since last: 339658959 ns, Reaching safepoint: 1319167 ns, At safepoint: 7625 ns, Total: 1326792 ns
[2023-01-09T09:47:37.567+0000][7][gc,start    ] GC(8) Pause Young (Concurrent Start) (Metadata GC Threshold)
[2023-01-09T09:47:37.568+0000][7][gc,task     ] GC(8) Using 4 workers of 4 for evacuation
[2023-01-09T09:47:37.570+0000][7][gc,age      ] GC(8) Desired survivor size 20447232 bytes, new threshold 15 (max threshold 15)
[2023-01-09T09:47:37.589+0000][7][gc,age      ] GC(8) Age table with threshold 15 (max threshold 15)
[2023-01-09T09:47:37.590+0000][7][gc,age      ] GC(8) - age   1:    2249840 bytes,    2249840 total
[2023-01-09T09:47:37.591+0000][7][gc,age      ] GC(8) - age   2:    2294512 bytes,    4544352 total
[2023-01-09T09:47:37.592+0000][7][gc,age      ] GC(8) - age   3:     595304 bytes,    5139656 total
[2023-01-09T09:47:37.593+0000][7][gc,age      ] GC(8) - age   4:    3260160 bytes,    8399816 total
[2023-01-09T09:47:37.594+0000][7][gc,age      ] GC(8) - age   5:    4303400 bytes,   12703216 total
[2023-01-09T09:47:37.595+0000][7][gc,age      ] GC(8) - age   6:    1121592 bytes,   13824808 total
[2023-01-09T09:47:37.595+0000][7][gc,age      ] GC(8) - age   7:    2086992 bytes,   15911800 total
[2023-01-09T09:47:37.596+0000][7][gc,phases   ] GC(8)   Pre Evacuate Collection Set: 0.4ms
[2023-01-09T09:47:37.597+0000][7][gc,phases   ] GC(8)   Merge Heap Roots: 0.0ms
[2023-01-09T09:47:37.598+0000][7][gc,phases   ] GC(8)   Evacuate Collection Set: 17.2ms
[2023-01-09T09:47:37.599+0000][7][gc,phases   ] GC(8)   Post Evacuate Collection Set: 0.7ms
[2023-01-09T09:47:37.600+0000][7][gc,phases   ] GC(8)   Other: 11.0ms
[2023-01-09T09:47:37.604+0000][7][gc,heap     ] GC(8) Eden regions: 131->0(290)
[2023-01-09T09:47:37.605+0000][7][gc,heap     ] GC(8) Survivor regions: 15->17(39)
[2023-01-09T09:47:37.605+0000][7][gc,heap     ] GC(8) Old regions: 4->4
[2023-01-09T09:47:37.606+0000][7][gc,heap     ] GC(8) Archive regions: 0->0
[2023-01-09T09:47:37.607+0000][7][gc,heap     ] GC(8) Humongous regions: 1->1
[2023-01-09T09:47:37.608+0000][7][gc,metaspace] GC(8) Metaspace: 34366K(35964K)->34366K(35964K) NonClass: 30384K(31488K)->30384K(31488K) Class: 3982K(4476K)->3982K(4476K)
[2023-01-09T09:47:37.609+0000][7][gc          ] GC(8) Pause Young (Concurrent Start) (Metadata GC Threshold) 150M->21M(512M) 41.965ms
[2023-01-09T09:47:37.610+0000][7][gc,cpu      ] GC(8) User=0.02s Sys=0.00s Real=0.05s
[2023-01-09T09:47:37.611+0000][7][gc          ] GC(9) Concurrent Cycle
[2023-01-09T09:47:37.612+0000][7][gc,marking  ] GC(9) Concurrent Clear Claimed Marks
[2023-01-09T09:47:37.613+0000][7][gc,marking  ] GC(9) Concurrent Clear Claimed Marks 0.739ms
[2023-01-09T09:47:37.613+0000][7][gc,marking  ] GC(9) Concurrent Scan Root Regions
[2023-01-09T09:47:37.611+0000][7][safepoint   ] Safepoint "CollectForMetadataAllocation", Time since last: 367630125 ns, Reaching safepoint: 163625 ns, At safepoint: 44264208 ns, Total: 44427833 ns
[2023-01-09T09:47:37.619+0000][7][gc,marking  ] GC(9) Concurrent Scan Root Regions 5.504ms
[2023-01-09T09:47:37.624+0000][7][gc,marking  ] GC(9) Concurrent Mark (7.090s)
[2023-01-09T09:47:37.631+0000][7][gc,marking  ] GC(9) Concurrent Mark From Roots
[2023-01-09T09:47:37.635+0000][7][gc,task     ] GC(9) Using 1 workers of 1 for marking
[2023-01-09T09:47:37.641+0000][7][gc,marking  ] GC(9) Concurrent Mark From Roots 9.712ms
[2023-01-09T09:47:37.653+0000][7][gc,marking  ] GC(9) Concurrent Preclean
[2023-01-09T09:47:37.653+0000][7][safepoint   ] Safepoint "CollectForMetadataAllocation", Time since last: 40551958 ns, Reaching safepoint: 1104250 ns, At safepoint: 72584 ns, Total: 1176834 ns
[2023-01-09T09:47:37.655+0000][7][gc,marking  ] GC(9) Concurrent Preclean 1.528ms
[2023-01-09T09:47:37.656+0000][7][gc,marking  ] GC(9) Concurrent Mark (7.090s, 7.121s) 31.368ms
[2023-01-09T09:47:37.657+0000][7][gc,start    ] GC(9) Pause Remark
[2023-01-09T09:47:37.661+0000][7][gc          ] GC(9) Pause Remark 23M->23M(512M) 4.574ms
[2023-01-09T09:47:37.662+0000][7][gc,cpu      ] GC(9) User=0.00s Sys=0.00s Real=0.01s
[2023-01-09T09:47:37.663+0000][7][safepoint   ] Safepoint "G1Concurrent", Time since last: 3636833 ns, Reaching safepoint: 244333 ns, At safepoint: 6358584 ns, Total: 6602917 ns
[2023-01-09T09:47:37.664+0000][7][gc,marking  ] GC(9) Concurrent Rebuild Remembered Sets
[2023-01-09T09:47:37.667+0000][7][gc,marking  ] GC(9) Concurrent Rebuild Remembered Sets 2.852ms
[2023-01-09T09:47:37.674+0000][7][gc,start    ] GC(9) Pause Cleanup
[2023-01-09T09:47:37.679+0000][7][gc          ] GC(9) Pause Cleanup 23M->23M(512M) 5.750ms
[2023-01-09T09:47:37.682+0000][7][gc,cpu      ] GC(9) User=0.00s Sys=0.00s Real=0.01s
[2023-01-09T09:47:37.683+0000][7][safepoint   ] Safepoint "G1Concurrent", Time since last: 6914416 ns, Reaching safepoint: 3604542 ns, At safepoint: 9750500 ns, Total: 13355042 ns
[2023-01-09T09:47:37.685+0000][7][gc,marking  ] GC(9) Concurrent Cleanup for Next Mark
[2023-01-09T09:47:37.686+0000][7][gc,marking  ] GC(9) Concurrent Cleanup for Next Mark 1.292ms
[2023-01-09T09:47:37.687+0000][7][gc          ] GC(9) Concurrent Cycle 75.954ms
[2023-01-09T09:47:38.404+0000][7][safepoint   ] Safepoint "ICBufferFull", Time since last: 719749709 ns, Reaching safepoint: 313166 ns, At safepoint: 3042 ns, Total: 316208 ns
[2023-01-09T09:47:39.679+0000][7][safepoint   ] Safepoint "ICBufferFull", Time since last: 1271219792 ns, Reaching safepoint: 4025209 ns, At safepoint: 4291 ns, Total: 4029500 ns
[2023-01-09T09:47:40.578+0000][7][safepoint   ] Safepoint "ICBufferFull", Time since last: 898999459 ns, Reaching safepoint: 113500 ns, At safepoint: 2000 ns, Total: 115500 ns
[2023-01-09T09:47:40.915+0000][7][gc,start    ] GC(10) Pause Young (Concurrent Start) (G1 Evacuation Pause)
[2023-01-09T09:47:40.929+0000][7][gc,task     ] GC(10) Using 4 workers of 4 for evacuation
[2023-01-09T09:47:40.930+0000][7][gc,age      ] GC(10) Desired survivor size 20447232 bytes, new threshold 15 (max threshold 15)
[2023-01-09T09:47:41.003+0000][7][gc,age      ] GC(10) Age table with threshold 15 (max threshold 15)
[2023-01-09T09:47:41.005+0000][7][gc,age      ] GC(10) - age   1:   24876488 bytes,   24876488 total
[2023-01-09T09:47:41.005+0000][7][gc,age      ] GC(10) - age   2:    2153768 bytes,   27030256 total
[2023-01-09T09:47:41.006+0000][7][gc,age      ] GC(10) - age   3:    2293968 bytes,   29324224 total
[2023-01-09T09:47:41.007+0000][7][gc,age      ] GC(10) - age   4:     594872 bytes,   29919096 total
[2023-01-09T09:47:41.008+0000][7][gc,age      ] GC(10) - age   5:    3248816 bytes,   33167912 total
[2023-01-09T09:47:41.009+0000][7][gc,age      ] GC(10) - age   6:    4275688 bytes,   37443600 total
[2023-01-09T09:47:41.010+0000][7][gc,age      ] GC(10) - age   7:    1098224 bytes,   38541824 total
[2023-01-09T09:47:41.011+0000][7][gc,age      ] GC(10) - age   8:    2078880 bytes,   40620704 total
[2023-01-09T09:47:41.013+0000][7][gc,phases   ] GC(10)   Pre Evacuate Collection Set: 0.2ms
[2023-01-09T09:47:41.013+0000][7][gc,phases   ] GC(10)   Merge Heap Roots: 0.2ms
[2023-01-09T09:47:41.014+0000][7][gc,phases   ] GC(10)   Evacuate Collection Set: 54.8ms
[2023-01-09T09:47:41.015+0000][7][gc,phases   ] GC(10)   Post Evacuate Collection Set: 16.5ms
[2023-01-09T09:47:41.016+0000][7][gc,phases   ] GC(10)   Other: 25.6ms
[2023-01-09T09:47:41.017+0000][7][gc,heap     ] GC(10) Eden regions: 290->0(268)
[2023-01-09T09:47:41.018+0000][7][gc,heap     ] GC(10) Survivor regions: 17->39(39)
[2023-01-09T09:47:41.019+0000][7][gc,heap     ] GC(10) Old regions: 4->10
[2023-01-09T09:47:41.020+0000][7][gc,heap     ] GC(10) Archive regions: 0->0
[2023-01-09T09:47:41.021+0000][7][gc,heap     ] GC(10) Humongous regions: 1->1
[2023-01-09T09:47:41.021+0000][7][gc,metaspace] GC(10) Metaspace: 43236K(45468K)->43236K(45468K) NonClass: 38004K(39584K)->38004K(39584K) Class: 5231K(5884K)->5231K(5884K)
[2023-01-09T09:47:41.022+0000][7][gc          ] GC(10) Pause Young (Concurrent Start) (G1 Evacuation Pause) 311M->49M(512M) 106.366ms
[2023-01-09T09:47:41.023+0000][7][gc,cpu      ] GC(10) User=0.10s Sys=0.00s Real=0.11s
[2023-01-09T09:47:41.023+0000][7][safepoint   ] Safepoint "G1CollectForAllocation", Time since last: 337329209 ns, Reaching safepoint: 156666 ns, At safepoint: 107961667 ns, Total: 108118333 ns
[2023-01-09T09:47:41.028+0000][7][gc          ] GC(11) Concurrent Cycle
[2023-01-09T09:47:41.029+0000][7][gc,marking  ] GC(11) Concurrent Clear Claimed Marks
[2023-01-09T09:47:41.030+0000][7][gc,marking  ] GC(11) Concurrent Clear Claimed Marks 0.844ms
[2023-01-09T09:47:41.036+0000][7][gc,marking  ] GC(11) Concurrent Scan Root Regions
[2023-01-09T09:47:41.088+0000][7][gc,marking  ] GC(11) Concurrent Scan Root Regions 52.257ms
[2023-01-09T09:47:41.089+0000][7][gc,marking  ] GC(11) Concurrent Mark (10.555s)
[2023-01-09T09:47:41.090+0000][7][gc,marking  ] GC(11) Concurrent Mark From Roots
[2023-01-09T09:47:41.091+0000][7][gc,task     ] GC(11) Using 1 workers of 1 for marking
[2023-01-09T09:47:41.104+0000][7][gc,marking  ] GC(11) Concurrent Mark From Roots 13.994ms
[2023-01-09T09:47:41.105+0000][7][gc,marking  ] GC(11) Concurrent Preclean
[2023-01-09T09:47:41.106+0000][7][gc,marking  ] GC(11) Concurrent Preclean 0.958ms
[2023-01-09T09:47:41.107+0000][7][gc,marking  ] GC(11) Concurrent Mark (10.555s, 10.572s) 17.416ms
[2023-01-09T09:47:41.108+0000][7][gc,start    ] GC(11) Pause Remark
[2023-01-09T09:47:41.126+0000][7][gc          ] GC(11) Pause Remark 63M->63M(512M) 17.936ms
[2023-01-09T09:47:41.127+0000][7][gc,cpu      ] GC(11) User=0.01s Sys=0.00s Real=0.02s
[2023-01-09T09:47:41.128+0000][7][safepoint   ] Safepoint "G1Concurrent", Time since last: 84287208 ns, Reaching safepoint: 278584 ns, At safepoint: 20221041 ns, Total: 20499625 ns
[2023-01-09T09:47:41.129+0000][7][gc,marking  ] GC(11) Concurrent Rebuild Remembered Sets
[2023-01-09T09:47:41.144+0000][7][gc,marking  ] GC(11) Concurrent Rebuild Remembered Sets 14.479ms
[2023-01-09T09:47:41.147+0000][7][gc,start    ] GC(11) Pause Cleanup
[2023-01-09T09:47:41.149+0000][7][gc          ] GC(11) Pause Cleanup 66M->66M(512M) 1.245ms
[2023-01-09T09:47:41.149+0000][7][gc,cpu      ] GC(11) User=0.00s Sys=0.00s Real=0.01s
[2023-01-09T09:47:41.150+0000][7][safepoint   ] Safepoint "G1Concurrent", Time since last: 17787000 ns, Reaching safepoint: 565209 ns, At safepoint: 3292541 ns, Total: 3857750 ns
[2023-01-09T09:47:41.151+0000][7][gc,marking  ] GC(11) Concurrent Cleanup for Next Mark
[2023-01-09T09:47:41.152+0000][7][gc,marking  ] GC(11) Concurrent Cleanup for Next Mark 1.255ms
[2023-01-09T09:47:41.153+0000][7][gc          ] GC(11) Concurrent Cycle 124.459ms
[2023-01-09T09:47:41.523+0000][7][safepoint   ] Safepoint "ICBufferFull", Time since last: 358899542 ns, Reaching safepoint: 14786334 ns, At safepoint: 10125 ns, Total: 14796459 ns
[2023-01-09T09:47:42.916+0000][7][safepoint   ] Safepoint "ICBufferFull", Time since last: 1392405584 ns, Reaching safepoint: 277833 ns, At safepoint: 2500 ns, Total: 280333 ns
[2023-01-09T09:47:43.272+0000][7][safepoint   ] Safepoint "ICBufferFull", Time since last: 355513417 ns, Reaching safepoint: 104250 ns, At safepoint: 5375 ns, Total: 109625 ns
[2023-01-09T09:47:44.260+0000][7][safepoint   ] Safepoint "ICBufferFull", Time since last: 987914417 ns, Reaching safepoint: 149125 ns, At safepoint: 6417 ns, Total: 155542 ns
[2023-01-09T09:47:44.488+0000][7][safepoint   ] Safepoint "ICBufferFull", Time since last: 227890250 ns, Reaching safepoint: 97375 ns, At safepoint: 5500 ns, Total: 102875 ns
[2023-01-09T09:47:44.504+0000][7][safepoint   ] Safepoint "ICBufferFull", Time since last: 15191208 ns, Reaching safepoint: 1117458 ns, At safepoint: 5875 ns, Total: 1123333 ns
[2023-01-09T09:47:44.615+0000][7][safepoint   ] Safepoint "ICBufferFull", Time since last: 110898209 ns, Reaching safepoint: 160916 ns, At safepoint: 2584 ns, Total: 163500 ns
[2023-01-09T09:47:45.632+0000][7][safepoint   ] Safepoint "Cleanup", Time since last: 1004820959 ns, Reaching safepoint: 11721958 ns, At safepoint: 21500 ns, Total: 11743458 ns
[2023-01-09T09:47:45.697+0000][7][gc,start    ] GC(12) Pause Young (Concurrent Start) (Metadata GC Threshold)
[2023-01-09T09:47:45.698+0000][7][gc,task     ] GC(12) Using 4 workers of 4 for evacuation
[2023-01-09T09:47:45.698+0000][7][gc,age      ] GC(12) Desired survivor size 20447232 bytes, new threshold 1 (max threshold 15)
[2023-01-09T09:47:45.772+0000][7][gc,age      ] GC(12) Age table with threshold 1 (max threshold 15)
[2023-01-09T09:47:45.773+0000][7][gc,age      ] GC(12) - age   1:   12220176 bytes,   12220176 total
[2023-01-09T09:47:45.774+0000][7][gc,phases   ] GC(12)   Pre Evacuate Collection Set: 0.4ms
[2023-01-09T09:47:45.775+0000][7][gc,phases   ] GC(12)   Merge Heap Roots: 1.5ms
[2023-01-09T09:47:45.776+0000][7][gc,phases   ] GC(12)   Evacuate Collection Set: 53.9ms
[2023-01-09T09:47:45.777+0000][7][gc,phases   ] GC(12)   Post Evacuate Collection Set: 17.0ms
[2023-01-09T09:47:45.778+0000][7][gc,phases   ] GC(12)   Other: 4.9ms
[2023-01-09T09:47:45.778+0000][7][gc,heap     ] GC(12) Eden regions: 221->0(280)
[2023-01-09T09:47:45.779+0000][7][gc,heap     ] GC(12) Survivor regions: 39->13(39)
[2023-01-09T09:47:45.779+0000][7][gc,heap     ] GC(12) Old regions: 10->48
[2023-01-09T09:47:45.780+0000][7][gc,heap     ] GC(12) Archive regions: 0->0
[2023-01-09T09:47:45.781+0000][7][gc,heap     ] GC(12) Humongous regions: 1->1
[2023-01-09T09:47:45.781+0000][7][gc,metaspace] GC(12) Metaspace: 72664K(75676K)->72664K(75676K) NonClass: 63123K(65184K)->63123K(65184K) Class: 9540K(10492K)->9540K(10492K)
[2023-01-09T09:47:45.782+0000][7][gc          ] GC(12) Pause Young (Concurrent Start) (Metadata GC Threshold) 269M->62M(512M) 85.872ms
[2023-01-09T09:47:45.783+0000][7][gc,cpu      ] GC(12) User=0.09s Sys=0.00s Real=0.09s
[2023-01-09T09:47:45.784+0000][7][gc          ] GC(13) Concurrent Cycle
[2023-01-09T09:47:45.785+0000][7][gc,marking  ] GC(13) Concurrent Clear Claimed Marks
[2023-01-09T09:47:45.786+0000][7][gc,marking  ] GC(13) Concurrent Clear Claimed Marks 1.153ms
[2023-01-09T09:47:45.787+0000][7][gc,marking  ] GC(13) Concurrent Scan Root Regions
[2023-01-09T09:47:45.790+0000][7][safepoint   ] Safepoint "CollectForMetadataAllocation", Time since last: 64641250 ns, Reaching safepoint: 77625 ns, At safepoint: 87339083 ns, Total: 87416708 ns
[2023-01-09T09:47:45.836+0000][7][safepoint   ] Safepoint "CollectForMetadataAllocation", Time since last: 52006167 ns, Reaching safepoint: 304500 ns, At safepoint: 108208 ns, Total: 412708 ns
[2023-01-09T09:47:45.901+0000][7][safepoint   ] Safepoint "CollectForMetadataAllocation", Time since last: 61341000 ns, Reaching safepoint: 3558125 ns, At safepoint: 68209 ns, Total: 3626334 ns
[2023-01-09T09:47:45.913+0000][7][gc,marking  ] GC(13) Concurrent Scan Root Regions 126.373ms
[2023-01-09T09:47:45.918+0000][7][gc,marking  ] GC(13) Concurrent Mark (15.384s)
[2023-01-09T09:47:45.919+0000][7][gc,marking  ] GC(13) Concurrent Mark From Roots
[2023-01-09T09:47:45.920+0000][7][gc,task     ] GC(13) Using 1 workers of 1 for marking
[2023-01-09T09:47:45.937+0000][7][safepoint   ] Safepoint "CollectForMetadataAllocation", Time since last: 31541625 ns, Reaching safepoint: 3933000 ns, At safepoint: 74416 ns, Total: 4007416 ns
[2023-01-09T09:47:45.938+0000][7][gc,marking  ] GC(13) Concurrent Mark From Roots 19.254ms
[2023-01-09T09:47:45.941+0000][7][gc,marking  ] GC(13) Concurrent Preclean
[2023-01-09T09:47:45.941+0000][7][gc,marking  ] GC(13) Concurrent Preclean 0.679ms
[2023-01-09T09:47:45.942+0000][7][gc,marking  ] GC(13) Concurrent Mark (15.384s, 15.408s) 24.093ms
[2023-01-09T09:47:45.944+0000][7][gc,start    ] GC(13) Pause Remark
[2023-01-09T09:47:45.968+0000][7][gc          ] GC(13) Pause Remark 68M->68M(512M) 24.217ms
[2023-01-09T09:47:45.969+0000][7][gc,cpu      ] GC(13) User=0.01s Sys=0.00s Real=0.03s
[2023-01-09T09:47:45.970+0000][7][safepoint   ] Safepoint "G1Concurrent", Time since last: 7010834 ns, Reaching safepoint: 186291 ns, At safepoint: 26285459 ns, Total: 26471750 ns
[2023-01-09T09:47:45.971+0000][7][gc,marking  ] GC(13) Concurrent Rebuild Remembered Sets
[2023-01-09T09:47:46.082+0000][7][gc,marking  ] GC(13) Concurrent Rebuild Remembered Sets 110.751ms
[2023-01-09T09:47:46.084+0000][7][gc,start    ] GC(13) Pause Cleanup
[2023-01-09T09:47:46.089+0000][7][gc          ] GC(13) Pause Cleanup 71M->71M(512M) 5.246ms
[2023-01-09T09:47:46.090+0000][7][gc,cpu      ] GC(13) User=0.00s Sys=0.00s Real=0.01s
[2023-01-09T09:47:46.091+0000][7][safepoint   ] Safepoint "G1Concurrent", Time since last: 112682166 ns, Reaching safepoint: 898834 ns, At safepoint: 7027500 ns, Total: 7926334 ns
[2023-01-09T09:47:46.092+0000][7][gc,marking  ] GC(13) Concurrent Cleanup for Next Mark
[2023-01-09T09:47:46.095+0000][7][gc,marking  ] GC(13) Concurrent Cleanup for Next Mark 3.148ms
[2023-01-09T09:47:46.098+0000][7][gc          ] GC(13) Concurrent Cycle 314.661ms
[2023-01-09T09:47:46.312+0000][7][safepoint   ] Safepoint "ICBufferFull", Time since last: 218122292 ns, Reaching safepoint: 3095583 ns, At safepoint: 6125 ns, Total: 3101708 ns
[2023-01-09T09:47:47.092+0000][7][safepoint   ] Safepoint "ICBufferFull", Time since last: 779845042 ns, Reaching safepoint: 509917 ns, At safepoint: 5791 ns, Total: 515708 ns
[2023-01-09T09:47:47.966+0000][7][safepoint   ] Safepoint "ICBufferFull", Time since last: 873122584 ns, Reaching safepoint: 216708 ns, At safepoint: 6250 ns, Total: 222958 ns
[2023-01-09T09:47:48.061+0000][7][gc,heap,exit] Heap
[2023-01-09T09:47:48.062+0000][7][gc,heap,exit]  garbage-first heap   total 524288K, used 156672K [0x00000000e0000000, 0x0000000100000000)
[2023-01-09T09:47:48.063+0000][7][gc,heap,exit]   region size 1024K, 105 young (107520K), 13 survivors (13312K)
[2023-01-09T09:47:48.064+0000][7][gc,heap,exit]  Metaspace       used 86368K, capacity 89426K, committed 89884K, reserved 1126400K
[2023-01-09T09:47:48.064+0000][7][gc,heap,exit]   class space    used 11408K, capacity 12371K, committed 12412K, reserved 1048576K
