[2023-02-24T08:27:54.103+0000][7][gc] Using G1
[2023-02-24T08:27:54.276+0000][7][gc,init] Version: 15+36-1562 (release)
[2023-02-24T08:27:54.278+0000][7][gc,init] CPUs: 4 total, 4 available
[2023-02-24T08:27:54.279+0000][7][gc,init] Memory: 7951M
[2023-02-24T08:27:54.280+0000][7][gc,init] Large Page Support: Disabled
[2023-02-24T08:27:54.281+0000][7][gc,init] NUMA Support: Disabled
[2023-02-24T08:27:54.282+0000][7][gc,init] Compressed Oops: Enabled (32-bit)
[2023-02-24T08:27:54.283+0000][7][gc,init] Heap Region Size: 1M
[2023-02-24T08:27:54.284+0000][7][gc,init] Heap Min Capacity: 512M
[2023-02-24T08:27:54.284+0000][7][gc,init] Heap Initial Capacity: 512M
[2023-02-24T08:27:54.286+0000][7][gc,init] Heap Max Capacity: 512M
[2023-02-24T08:27:54.286+0000][7][gc,init] Pre-touch: Enabled
[2023-02-24T08:27:54.287+0000][7][gc,init] Parallel Workers: 4
[2023-02-24T08:27:54.288+0000][7][gc,init] Concurrent Workers: 1
[2023-02-24T08:27:54.288+0000][7][gc,init] Concurrent Refinement Workers: 4
[2023-02-24T08:27:54.289+0000][7][gc,init] Periodic GC: Disabled
[2023-02-24T08:27:54.290+0000][7][gc,metaspace] CDS disabled.
[2023-02-24T08:27:54.291+0000][7][gc,metaspace] Compressed class space mapped at: 0x0000000100000000-0x0000000140000000, size: 1073741824
[2023-02-24T08:27:54.292+0000][7][gc,metaspace] Narrow klass base: 0x0000000000000000, Narrow klass shift: 3, Narrow klass range: 0x140000000
[2023-02-24T08:27:54.676+0000][7][safepoint   ] Safepoint "ICBufferFull", Time since last: 347662500 ns, Reaching safepoint: 318667 ns, At safepoint: 3458 ns, Total: 322125 ns
[2023-02-24T08:27:54.989+0000][7][safepoint   ] Safepoint "ICBufferFull", Time since last: 312701458 ns, Reaching safepoint: 81084 ns, At safepoint: 2041 ns, Total: 83125 ns
[2023-02-24T08:27:55.380+0000][7][safepoint   ] Safepoint "ICBufferFull", Time since last: 391179667 ns, Reaching safepoint: 82292 ns, At safepoint: 1708 ns, Total: 84000 ns
[2023-02-24T08:27:55.529+0000][7][gc,start    ] GC(0) Pause Young (Normal) (G1 Evacuation Pause)
[2023-02-24T08:27:55.542+0000][7][gc,task     ] GC(0) Using 4 workers of 4 for evacuation
[2023-02-24T08:27:55.548+0000][7][gc,age      ] GC(0) Desired survivor size 2097152 bytes, new threshold 15 (max threshold 15)
[2023-02-24T08:27:55.577+0000][7][gc,age      ] GC(0) Age table with threshold 15 (max threshold 15)
[2023-02-24T08:27:55.581+0000][7][gc,age      ] GC(0) - age   1:    3938656 bytes,    3938656 total
[2023-02-24T08:27:55.584+0000][7][gc,phases   ] GC(0)   Pre Evacuate Collection Set: 0.2ms
[2023-02-24T08:27:55.585+0000][7][gc,phases   ] GC(0)   Merge Heap Roots: 0.0ms
[2023-02-24T08:27:55.587+0000][7][gc,phases   ] GC(0)   Evacuate Collection Set: 24.0ms
[2023-02-24T08:27:55.589+0000][7][gc,phases   ] GC(0)   Post Evacuate Collection Set: 1.8ms
[2023-02-24T08:27:55.590+0000][7][gc,phases   ] GC(0)   Other: 28.3ms
[2023-02-24T08:27:55.593+0000][7][gc,heap     ] GC(0) Eden regions: 25->0(25)
[2023-02-24T08:27:55.596+0000][7][gc,heap     ] GC(0) Survivor regions: 0->4(4)
[2023-02-24T08:27:55.598+0000][7][gc,heap     ] GC(0) Old regions: 0->0
[2023-02-24T08:27:55.600+0000][7][gc,heap     ] GC(0) Archive regions: 0->0
[2023-02-24T08:27:55.601+0000][7][gc,heap     ] GC(0) Humongous regions: 1->1
[2023-02-24T08:27:55.602+0000][7][gc,metaspace] GC(0) Metaspace: 15698K(16128K)->15698K(16128K) NonClass: 14114K(14336K)->14114K(14336K) Class: 1583K(1792K)->1583K(1792K)
[2023-02-24T08:27:55.603+0000][7][gc          ] GC(0) Pause Young (Normal) (G1 Evacuation Pause) 26M->4M(512M) 73.654ms
[2023-02-24T08:27:55.604+0000][7][gc,cpu      ] GC(0) User=0.05s Sys=0.01s Real=0.07s
[2023-02-24T08:27:55.606+0000][7][safepoint   ] Safepoint "G1CollectForAllocation", Time since last: 145678167 ns, Reaching safepoint: 3779750 ns, At safepoint: 76427458 ns, Total: 80207208 ns
[2023-02-24T08:27:56.201+0000][7][safepoint   ] Safepoint "ICBufferFull", Time since last: 594687959 ns, Reaching safepoint: 91833 ns, At safepoint: 1959 ns, Total: 93792 ns
[2023-02-24T08:27:56.730+0000][7][safepoint   ] Safepoint "ICBufferFull", Time since last: 529256917 ns, Reaching safepoint: 115208 ns, At safepoint: 2500 ns, Total: 117708 ns
[2023-02-24T08:27:56.897+0000][7][gc,start    ] GC(1) Pause Young (Concurrent Start) (Metadata GC Threshold)
[2023-02-24T08:27:56.898+0000][7][gc,task     ] GC(1) Using 4 workers of 4 for evacuation
[2023-02-24T08:27:56.900+0000][7][gc,age      ] GC(1) Desired survivor size 2097152 bytes, new threshold 1 (max threshold 15)
[2023-02-24T08:27:56.934+0000][7][gc,age      ] GC(1) Age table with threshold 1 (max threshold 15)
[2023-02-24T08:27:56.936+0000][7][gc,age      ] GC(1) - age   1:    2138840 bytes,    2138840 total
[2023-02-24T08:27:56.937+0000][7][gc,phases   ] GC(1)   Pre Evacuate Collection Set: 0.3ms
[2023-02-24T08:27:56.939+0000][7][gc,phases   ] GC(1)   Merge Heap Roots: 0.2ms
[2023-02-24T08:27:56.940+0000][7][gc,phases   ] GC(1)   Evacuate Collection Set: 31.3ms
[2023-02-24T08:27:56.941+0000][7][gc,phases   ] GC(1)   Post Evacuate Collection Set: 1.1ms
[2023-02-24T08:27:56.942+0000][7][gc,phases   ] GC(1)   Other: 7.4ms
[2023-02-24T08:27:56.943+0000][7][gc,heap     ] GC(1) Eden regions: 23->0(32)
[2023-02-24T08:27:56.944+0000][7][gc,heap     ] GC(1) Survivor regions: 4->3(4)
[2023-02-24T08:27:56.945+0000][7][gc,heap     ] GC(1) Old regions: 0->4
[2023-02-24T08:27:56.945+0000][7][gc,heap     ] GC(1) Archive regions: 0->0
[2023-02-24T08:27:56.946+0000][7][gc,heap     ] GC(1) Humongous regions: 1->1
[2023-02-24T08:27:56.947+0000][7][gc,metaspace] GC(1) Metaspace: 20770K(21248K)->20770K(21248K) NonClass: 18546K(18944K)->18546K(18944K) Class: 2224K(2304K)->2224K(2304K)
[2023-02-24T08:27:56.948+0000][7][gc          ] GC(1) Pause Young (Concurrent Start) (Metadata GC Threshold) 27M->7M(512M) 50.836ms
[2023-02-24T08:27:56.948+0000][7][gc,cpu      ] GC(1) User=0.02s Sys=0.00s Real=0.05s
[2023-02-24T08:27:56.950+0000][7][safepoint   ] Safepoint "CollectForMetadataAllocation", Time since last: 166739208 ns, Reaching safepoint: 64375 ns, At safepoint: 53141375 ns, Total: 53205750 ns
[2023-02-24T08:27:56.950+0000][7][gc          ] GC(2) Concurrent Cycle
[2023-02-24T08:27:56.953+0000][7][gc,marking  ] GC(2) Concurrent Clear Claimed Marks
[2023-02-24T08:27:56.954+0000][7][gc,marking  ] GC(2) Concurrent Clear Claimed Marks 0.850ms
[2023-02-24T08:27:56.955+0000][7][gc,marking  ] GC(2) Concurrent Scan Root Regions
[2023-02-24T08:27:56.960+0000][7][gc,marking  ] GC(2) Concurrent Scan Root Regions 5.322ms
[2023-02-24T08:27:56.962+0000][7][gc,marking  ] GC(2) Concurrent Mark (2.875s)
[2023-02-24T08:27:56.963+0000][7][gc,marking  ] GC(2) Concurrent Mark From Roots
[2023-02-24T08:27:56.965+0000][7][gc,task     ] GC(2) Using 1 workers of 1 for marking
[2023-02-24T08:27:56.967+0000][7][gc,marking  ] GC(2) Concurrent Mark From Roots 4.393ms
[2023-02-24T08:27:56.968+0000][7][gc,marking  ] GC(2) Concurrent Preclean
[2023-02-24T08:27:56.972+0000][7][gc,marking  ] GC(2) Concurrent Preclean 3.905ms
[2023-02-24T08:27:56.974+0000][7][gc,marking  ] GC(2) Concurrent Mark (2.875s, 2.887s) 12.361ms
[2023-02-24T08:27:56.975+0000][7][gc,start    ] GC(2) Pause Remark
[2023-02-24T08:27:56.979+0000][7][gc          ] GC(2) Pause Remark 7M->7M(512M) 3.479ms
[2023-02-24T08:27:56.981+0000][7][gc,cpu      ] GC(2) User=0.01s Sys=0.00s Real=0.01s
[2023-02-24T08:27:56.982+0000][7][safepoint   ] Safepoint "G1Concurrent", Time since last: 24978917 ns, Reaching safepoint: 439917 ns, At safepoint: 6766958 ns, Total: 7206875 ns
[2023-02-24T08:27:56.984+0000][7][gc,marking  ] GC(2) Concurrent Rebuild Remembered Sets
[2023-02-24T08:27:56.987+0000][7][gc,marking  ] GC(2) Concurrent Rebuild Remembered Sets 3.517ms
[2023-02-24T08:27:56.991+0000][7][gc,start    ] GC(2) Pause Cleanup
[2023-02-24T08:27:56.992+0000][7][gc          ] GC(2) Pause Cleanup 7M->7M(512M) 1.136ms
[2023-02-24T08:27:56.993+0000][7][gc,cpu      ] GC(2) User=0.00s Sys=0.00s Real=0.00s
[2023-02-24T08:27:56.994+0000][7][safepoint   ] Safepoint "G1Concurrent", Time since last: 8019917 ns, Reaching safepoint: 1070583 ns, At safepoint: 3253667 ns, Total: 4324250 ns
[2023-02-24T08:27:56.997+0000][7][gc,marking  ] GC(2) Concurrent Cleanup for Next Mark
[2023-02-24T08:27:57.000+0000][7][gc,marking  ] GC(2) Concurrent Cleanup for Next Mark 3.185ms
[2023-02-24T08:27:57.001+0000][7][gc          ] GC(2) Concurrent Cycle 51.217ms
[2023-02-24T08:27:57.962+0000][7][gc,start    ] GC(3) Pause Young (Normal) (G1 Evacuation Pause)
[2023-02-24T08:27:57.963+0000][7][gc,task     ] GC(3) Using 4 workers of 4 for evacuation
[2023-02-24T08:27:57.964+0000][7][gc,age      ] GC(3) Desired survivor size 2621440 bytes, new threshold 15 (max threshold 15)
[2023-02-24T08:27:57.986+0000][7][gc,age      ] GC(3) Age table with threshold 15 (max threshold 15)
[2023-02-24T08:27:57.989+0000][7][gc,age      ] GC(3) - age   1:    2879960 bytes,    2879960 total
[2023-02-24T08:27:57.991+0000][7][gc,age      ] GC(3) - age   2:    2117848 bytes,    4997808 total
[2023-02-24T08:27:57.994+0000][7][gc,phases   ] GC(3)   Pre Evacuate Collection Set: 0.1ms
[2023-02-24T08:27:57.997+0000][7][gc,phases   ] GC(3)   Merge Heap Roots: 0.0ms
[2023-02-24T08:27:57.998+0000][7][gc,phases   ] GC(3)   Evacuate Collection Set: 19.4ms
[2023-02-24T08:27:58.001+0000][7][gc,phases   ] GC(3)   Post Evacuate Collection Set: 1.5ms
[2023-02-24T08:27:58.002+0000][7][gc,phases   ] GC(3)   Other: 11.7ms
[2023-02-24T08:27:58.003+0000][7][gc,heap     ] GC(3) Eden regions: 33->0(175)
[2023-02-24T08:27:58.005+0000][7][gc,heap     ] GC(3) Survivor regions: 3->5(5)
[2023-02-24T08:27:58.006+0000][7][gc,heap     ] GC(3) Old regions: 4->4
[2023-02-24T08:27:58.009+0000][7][gc,heap     ] GC(3) Archive regions: 0->0
[2023-02-24T08:27:58.011+0000][7][gc,heap     ] GC(3) Humongous regions: 1->1
[2023-02-24T08:27:58.014+0000][7][gc,metaspace] GC(3) Metaspace: 22509K(23040K)->22509K(23040K) NonClass: 20094K(20480K)->20094K(20480K) Class: 2414K(2560K)->2414K(2560K)
[2023-02-24T08:27:58.015+0000][7][gc          ] GC(3) Pause Young (Normal) (G1 Evacuation Pause) 40M->9M(512M) 52.876ms
[2023-02-24T08:27:58.016+0000][7][gc,cpu      ] GC(3) User=0.05s Sys=0.00s Real=0.05s
[2023-02-24T08:27:58.016+0000][7][safepoint   ] Safepoint "G1CollectForAllocation", Time since last: 967154709 ns, Reaching safepoint: 117916 ns, At safepoint: 54604042 ns, Total: 54721958 ns
[2023-02-24T08:27:58.206+0000][7][safepoint   ] Safepoint "ICBufferFull", Time since last: 189432042 ns, Reaching safepoint: 53000 ns, At safepoint: 1916 ns, Total: 54916 ns
[2023-02-24T08:27:58.209+0000][7][safepoint   ] Safepoint "ICBufferFull", Time since last: 3344750 ns, Reaching safepoint: 44000 ns, At safepoint: 2000 ns, Total: 46000 ns
[2023-02-24T08:27:58.217+0000][7][safepoint   ] Safepoint "ICBufferFull", Time since last: 7602792 ns, Reaching safepoint: 50042 ns, At safepoint: 1916 ns, Total: 51958 ns
[2023-02-24T08:27:58.222+0000][7][safepoint   ] Safepoint "ICBufferFull", Time since last: 5015792 ns, Reaching safepoint: 47000 ns, At safepoint: 1958 ns, Total: 48958 ns
[2023-02-24T08:27:58.232+0000][7][safepoint   ] Safepoint "ICBufferFull", Time since last: 9403042 ns, Reaching safepoint: 210167 ns, At safepoint: 2916 ns, Total: 213083 ns
[2023-02-24T08:27:58.248+0000][7][safepoint   ] Safepoint "ICBufferFull", Time since last: 16634917 ns, Reaching safepoint: 79792 ns, At safepoint: 2958 ns, Total: 82750 ns
[2023-02-24T08:27:58.259+0000][7][safepoint   ] Safepoint "ICBufferFull", Time since last: 10186333 ns, Reaching safepoint: 156875 ns, At safepoint: 3667 ns, Total: 160542 ns
[2023-02-24T08:27:58.261+0000][7][safepoint   ] Safepoint "ICBufferFull", Time since last: 2513792 ns, Reaching safepoint: 52000 ns, At safepoint: 1875 ns, Total: 53875 ns
[2023-02-24T08:27:58.264+0000][7][safepoint   ] Safepoint "ICBufferFull", Time since last: 2253750 ns, Reaching safepoint: 140541 ns, At safepoint: 4375 ns, Total: 144916 ns
[2023-02-24T08:27:58.267+0000][7][safepoint   ] Safepoint "ICBufferFull", Time since last: 2319042 ns, Reaching safepoint: 708000 ns, At safepoint: 3583 ns, Total: 711583 ns
[2023-02-24T08:27:58.273+0000][7][safepoint   ] Safepoint "ICBufferFull", Time since last: 4242584 ns, Reaching safepoint: 1969125 ns, At safepoint: 5500 ns, Total: 1974625 ns
[2023-02-24T08:27:58.275+0000][7][safepoint   ] Safepoint "ICBufferFull", Time since last: 2062541 ns, Reaching safepoint: 48500 ns, At safepoint: 2709 ns, Total: 51209 ns
[2023-02-24T08:27:58.280+0000][7][safepoint   ] Safepoint "ICBufferFull", Time since last: 4824875 ns, Reaching safepoint: 60166 ns, At safepoint: 2042 ns, Total: 62208 ns
[2023-02-24T08:27:58.285+0000][7][safepoint   ] Safepoint "ICBufferFull", Time since last: 5527042 ns, Reaching safepoint: 58958 ns, At safepoint: 2333 ns, Total: 61291 ns
[2023-02-24T08:27:58.288+0000][7][safepoint   ] Safepoint "ICBufferFull", Time since last: 2173250 ns, Reaching safepoint: 48500 ns, At safepoint: 1917 ns, Total: 50417 ns
[2023-02-24T08:27:58.291+0000][7][safepoint   ] Safepoint "ICBufferFull", Time since last: 3036458 ns, Reaching safepoint: 52417 ns, At safepoint: 2167 ns, Total: 54584 ns
[2023-02-24T08:27:58.293+0000][7][safepoint   ] Safepoint "ICBufferFull", Time since last: 2098791 ns, Reaching safepoint: 56459 ns, At safepoint: 4125 ns, Total: 60584 ns
[2023-02-24T08:27:58.296+0000][7][safepoint   ] Safepoint "ICBufferFull", Time since last: 3441833 ns, Reaching safepoint: 55500 ns, At safepoint: 3458 ns, Total: 58958 ns
[2023-02-24T08:27:58.301+0000][7][safepoint   ] Safepoint "ICBufferFull", Time since last: 4938250 ns, Reaching safepoint: 77584 ns, At safepoint: 2833 ns, Total: 80417 ns
[2023-02-24T08:27:58.309+0000][7][safepoint   ] Safepoint "ICBufferFull", Time since last: 7438208 ns, Reaching safepoint: 129459 ns, At safepoint: 2916 ns, Total: 132375 ns
[2023-02-24T08:27:58.311+0000][7][safepoint   ] Safepoint "ICBufferFull", Time since last: 2200834 ns, Reaching safepoint: 128291 ns, At safepoint: 3542 ns, Total: 131833 ns
[2023-02-24T08:27:58.315+0000][7][safepoint   ] Safepoint "ICBufferFull", Time since last: 3712000 ns, Reaching safepoint: 134375 ns, At safepoint: 3208 ns, Total: 137583 ns
[2023-02-24T08:27:58.321+0000][7][safepoint   ] Safepoint "ICBufferFull", Time since last: 5509042 ns, Reaching safepoint: 131125 ns, At safepoint: 4500 ns, Total: 135625 ns
[2023-02-24T08:27:58.323+0000][7][safepoint   ] Safepoint "ICBufferFull", Time since last: 1921542 ns, Reaching safepoint: 117791 ns, At safepoint: 1667 ns, Total: 119458 ns
[2023-02-24T08:27:58.327+0000][7][safepoint   ] Safepoint "ICBufferFull", Time since last: 3501208 ns, Reaching safepoint: 191375 ns, At safepoint: 2459 ns, Total: 193834 ns
[2023-02-24T08:27:58.330+0000][7][safepoint   ] Safepoint "ICBufferFull", Time since last: 3191291 ns, Reaching safepoint: 128750 ns, At safepoint: 2042 ns, Total: 130792 ns
[2023-02-24T08:27:58.336+0000][7][safepoint   ] Safepoint "ICBufferFull", Time since last: 3685083 ns, Reaching safepoint: 1984250 ns, At safepoint: 3667 ns, Total: 1987917 ns
[2023-02-24T08:27:58.338+0000][7][safepoint   ] Safepoint "ICBufferFull", Time since last: 2406875 ns, Reaching safepoint: 125792 ns, At safepoint: 1916 ns, Total: 127708 ns
[2023-02-24T08:27:58.340+0000][7][safepoint   ] Safepoint "ICBufferFull", Time since last: 1885375 ns, Reaching safepoint: 52167 ns, At safepoint: 1917 ns, Total: 54084 ns
[2023-02-24T08:27:58.352+0000][7][safepoint   ] Safepoint "ICBufferFull", Time since last: 11578791 ns, Reaching safepoint: 128417 ns, At safepoint: 3625 ns, Total: 132042 ns
[2023-02-24T08:27:58.361+0000][7][safepoint   ] Safepoint "ICBufferFull", Time since last: 8779125 ns, Reaching safepoint: 819625 ns, At safepoint: 10542 ns, Total: 830167 ns
[2023-02-24T08:27:58.368+0000][7][safepoint   ] Safepoint "ICBufferFull", Time since last: 7006833 ns, Reaching safepoint: 72500 ns, At safepoint: 2750 ns, Total: 75250 ns
[2023-02-24T08:27:58.374+0000][7][safepoint   ] Safepoint "ICBufferFull", Time since last: 5668625 ns, Reaching safepoint: 99500 ns, At safepoint: 4542 ns, Total: 104042 ns
[2023-02-24T08:27:58.376+0000][7][safepoint   ] Safepoint "ICBufferFull", Time since last: 1864583 ns, Reaching safepoint: 194500 ns, At safepoint: 3167 ns, Total: 197667 ns
[2023-02-24T08:27:58.378+0000][7][safepoint   ] Safepoint "ICBufferFull", Time since last: 2039041 ns, Reaching safepoint: 125250 ns, At safepoint: 2625 ns, Total: 127875 ns
[2023-02-24T08:27:58.381+0000][7][safepoint   ] Safepoint "ICBufferFull", Time since last: 2620042 ns, Reaching safepoint: 129375 ns, At safepoint: 4542 ns, Total: 133917 ns
[2023-02-24T08:27:58.389+0000][7][safepoint   ] Safepoint "ICBufferFull", Time since last: 7974625 ns, Reaching safepoint: 131416 ns, At safepoint: 2500 ns, Total: 133916 ns
[2023-02-24T08:27:58.393+0000][7][safepoint   ] Safepoint "ICBufferFull", Time since last: 3756709 ns, Reaching safepoint: 126333 ns, At safepoint: 2333 ns, Total: 128666 ns
[2023-02-24T08:27:58.395+0000][7][safepoint   ] Safepoint "ICBufferFull", Time since last: 1626750 ns, Reaching safepoint: 117334 ns, At safepoint: 2916 ns, Total: 120250 ns
[2023-02-24T08:27:58.397+0000][7][safepoint   ] Safepoint "ICBufferFull", Time since last: 2213959 ns, Reaching safepoint: 119333 ns, At safepoint: 2500 ns, Total: 121833 ns
[2023-02-24T08:27:58.398+0000][7][safepoint   ] Safepoint "ICBufferFull", Time since last: 927375 ns, Reaching safepoint: 114917 ns, At safepoint: 2125 ns, Total: 117042 ns
[2023-02-24T08:27:58.400+0000][7][safepoint   ] Safepoint "ICBufferFull", Time since last: 1326458 ns, Reaching safepoint: 120625 ns, At safepoint: 3375 ns, Total: 124000 ns
[2023-02-24T08:27:58.401+0000][7][safepoint   ] Safepoint "ICBufferFull", Time since last: 1226167 ns, Reaching safepoint: 149833 ns, At safepoint: 2542 ns, Total: 152375 ns
[2023-02-24T08:27:58.403+0000][7][safepoint   ] Safepoint "ICBufferFull", Time since last: 1909875 ns, Reaching safepoint: 132583 ns, At safepoint: 2542 ns, Total: 135125 ns
[2023-02-24T08:27:58.407+0000][7][safepoint   ] Safepoint "ICBufferFull", Time since last: 3987958 ns, Reaching safepoint: 128917 ns, At safepoint: 2291 ns, Total: 131208 ns
[2023-02-24T08:27:58.413+0000][7][safepoint   ] Safepoint "ICBufferFull", Time since last: 1674084 ns, Reaching safepoint: 4293000 ns, At safepoint: 6083 ns, Total: 4299083 ns
[2023-02-24T08:27:58.415+0000][7][safepoint   ] Safepoint "ICBufferFull", Time since last: 1176458 ns, Reaching safepoint: 253334 ns, At safepoint: 33125 ns, Total: 286459 ns
[2023-02-24T08:27:58.416+0000][7][safepoint   ] Safepoint "ICBufferFull", Time since last: 1109500 ns, Reaching safepoint: 150083 ns, At safepoint: 2417 ns, Total: 152500 ns
[2023-02-24T08:27:58.417+0000][7][safepoint   ] Safepoint "ICBufferFull", Time since last: 1167541 ns, Reaching safepoint: 116125 ns, At safepoint: 2792 ns, Total: 118917 ns
[2023-02-24T08:27:58.419+0000][7][safepoint   ] Safepoint "ICBufferFull", Time since last: 884125 ns, Reaching safepoint: 408375 ns, At safepoint: 5625 ns, Total: 414000 ns
[2023-02-24T08:27:58.420+0000][7][safepoint   ] Safepoint "ICBufferFull", Time since last: 789250 ns, Reaching safepoint: 999542 ns, At safepoint: 6291 ns, Total: 1005833 ns
[2023-02-24T08:27:58.425+0000][7][safepoint   ] Safepoint "ICBufferFull", Time since last: 2444625 ns, Reaching safepoint: 2387209 ns, At safepoint: 13250 ns, Total: 2400459 ns
[2023-02-24T08:27:58.430+0000][7][safepoint   ] Safepoint "ICBufferFull", Time since last: 1588041 ns, Reaching safepoint: 2665834 ns, At safepoint: 33375 ns, Total: 2699209 ns
[2023-02-24T08:27:58.435+0000][7][safepoint   ] Safepoint "ICBufferFull", Time since last: 1341583 ns, Reaching safepoint: 3657833 ns, At safepoint: 12917 ns, Total: 3670750 ns
[2023-02-24T08:27:58.436+0000][7][safepoint   ] Safepoint "ICBufferFull", Time since last: 1378000 ns, Reaching safepoint: 167208 ns, At safepoint: 3000 ns, Total: 170208 ns
[2023-02-24T08:27:58.438+0000][7][safepoint   ] Safepoint "ICBufferFull", Time since last: 1234709 ns, Reaching safepoint: 285208 ns, At safepoint: 5167 ns, Total: 290375 ns
[2023-02-24T08:27:58.439+0000][7][safepoint   ] Safepoint "ICBufferFull", Time since last: 1114083 ns, Reaching safepoint: 180417 ns, At safepoint: 4166 ns, Total: 184583 ns
[2023-02-24T08:27:58.440+0000][7][safepoint   ] Safepoint "ICBufferFull", Time since last: 1321750 ns, Reaching safepoint: 78542 ns, At safepoint: 2583 ns, Total: 81125 ns
[2023-02-24T08:27:58.442+0000][7][safepoint   ] Safepoint "ICBufferFull", Time since last: 1084834 ns, Reaching safepoint: 200750 ns, At safepoint: 4250 ns, Total: 205000 ns
[2023-02-24T08:27:58.444+0000][7][safepoint   ] Safepoint "ICBufferFull", Time since last: 2309916 ns, Reaching safepoint: 53167 ns, At safepoint: 2292 ns, Total: 55459 ns
[2023-02-24T08:27:58.445+0000][7][safepoint   ] Safepoint "ICBufferFull", Time since last: 1402583 ns, Reaching safepoint: 41500 ns, At safepoint: 2042 ns, Total: 43542 ns
[2023-02-24T08:27:58.450+0000][7][safepoint   ] Safepoint "ICBufferFull", Time since last: 4497708 ns, Reaching safepoint: 60125 ns, At safepoint: 2375 ns, Total: 62500 ns
[2023-02-24T08:27:58.452+0000][7][safepoint   ] Safepoint "ICBufferFull", Time since last: 1713625 ns, Reaching safepoint: 119542 ns, At safepoint: 2291 ns, Total: 121833 ns
[2023-02-24T08:27:58.453+0000][7][safepoint   ] Safepoint "ICBufferFull", Time since last: 1264834 ns, Reaching safepoint: 47583 ns, At safepoint: 3667 ns, Total: 51250 ns
[2023-02-24T08:27:58.459+0000][7][safepoint   ] Safepoint "ICBufferFull", Time since last: 5353333 ns, Reaching safepoint: 336542 ns, At safepoint: 3666 ns, Total: 340208 ns
[2023-02-24T08:27:58.460+0000][7][safepoint   ] Safepoint "ICBufferFull", Time since last: 1476917 ns, Reaching safepoint: 50708 ns, At safepoint: 2542 ns, Total: 53250 ns
[2023-02-24T08:27:58.462+0000][7][safepoint   ] Safepoint "ICBufferFull", Time since last: 1132542 ns, Reaching safepoint: 168458 ns, At safepoint: 2000 ns, Total: 170458 ns
[2023-02-24T08:27:58.465+0000][7][safepoint   ] Safepoint "ICBufferFull", Time since last: 3275542 ns, Reaching safepoint: 132791 ns, At safepoint: 4709 ns, Total: 137500 ns
[2023-02-24T08:27:58.466+0000][7][safepoint   ] Safepoint "ICBufferFull", Time since last: 990833 ns, Reaching safepoint: 45917 ns, At safepoint: 2916 ns, Total: 48833 ns
[2023-02-24T08:27:58.468+0000][7][safepoint   ] Safepoint "ICBufferFull", Time since last: 1591625 ns, Reaching safepoint: 53459 ns, At safepoint: 2875 ns, Total: 56334 ns
[2023-02-24T08:27:58.469+0000][7][safepoint   ] Safepoint "ICBufferFull", Time since last: 1107458 ns, Reaching safepoint: 51917 ns, At safepoint: 2875 ns, Total: 54792 ns
[2023-02-24T08:27:58.474+0000][7][safepoint   ] Safepoint "ICBufferFull", Time since last: 1081750 ns, Reaching safepoint: 86958 ns, At safepoint: 3495083 ns, Total: 3582041 ns
[2023-02-24T08:27:58.483+0000][7][safepoint   ] Safepoint "ICBufferFull", Time since last: 9854375 ns, Reaching safepoint: 56417 ns, At safepoint: 2250 ns, Total: 58667 ns
[2023-02-24T08:27:58.496+0000][7][safepoint   ] Safepoint "ICBufferFull", Time since last: 12900250 ns, Reaching safepoint: 57208 ns, At safepoint: 2875 ns, Total: 60083 ns
[2023-02-24T08:27:58.501+0000][7][safepoint   ] Safepoint "ICBufferFull", Time since last: 4027542 ns, Reaching safepoint: 118292 ns, At safepoint: 3333 ns, Total: 121625 ns
[2023-02-24T08:27:58.509+0000][7][safepoint   ] Safepoint "ICBufferFull", Time since last: 8495542 ns, Reaching safepoint: 59166 ns, At safepoint: 2834 ns, Total: 62000 ns
[2023-02-24T08:27:58.515+0000][7][safepoint   ] Safepoint "ICBufferFull", Time since last: 2768458 ns, Reaching safepoint: 2616209 ns, At safepoint: 28958 ns, Total: 2645167 ns
[2023-02-24T08:27:58.517+0000][7][safepoint   ] Safepoint "ICBufferFull", Time since last: 2073500 ns, Reaching safepoint: 185875 ns, At safepoint: 7667 ns, Total: 193542 ns
[2023-02-24T08:27:58.519+0000][7][safepoint   ] Safepoint "ICBufferFull", Time since last: 2004291 ns, Reaching safepoint: 47167 ns, At safepoint: 7083 ns, Total: 54250 ns
[2023-02-24T08:27:58.540+0000][7][safepoint   ] Safepoint "ICBufferFull", Time since last: 21254167 ns, Reaching safepoint: 118667 ns, At safepoint: 1708 ns, Total: 120375 ns
[2023-02-24T08:27:58.543+0000][7][safepoint   ] Safepoint "ICBufferFull", Time since last: 2174625 ns, Reaching safepoint: 149208 ns, At safepoint: 2000 ns, Total: 151208 ns
[2023-02-24T08:27:58.559+0000][7][safepoint   ] Safepoint "ICBufferFull", Time since last: 11347542 ns, Reaching safepoint: 4593000 ns, At safepoint: 11167 ns, Total: 4604167 ns
[2023-02-24T08:27:58.564+0000][7][safepoint   ] Safepoint "ICBufferFull", Time since last: 5402125 ns, Reaching safepoint: 304166 ns, At safepoint: 5750 ns, Total: 309916 ns
[2023-02-24T08:27:58.567+0000][7][safepoint   ] Safepoint "ICBufferFull", Time since last: 1307834 ns, Reaching safepoint: 997333 ns, At safepoint: 6208 ns, Total: 1003541 ns
[2023-02-24T08:27:58.569+0000][7][safepoint   ] Safepoint "ICBufferFull", Time since last: 2177167 ns, Reaching safepoint: 365333 ns, At safepoint: 4000 ns, Total: 369333 ns
[2023-02-24T08:27:58.571+0000][7][safepoint   ] Safepoint "ICBufferFull", Time since last: 1234375 ns, Reaching safepoint: 600500 ns, At safepoint: 3917 ns, Total: 604417 ns
[2023-02-24T08:27:58.573+0000][7][safepoint   ] Safepoint "ICBufferFull", Time since last: 1265500 ns, Reaching safepoint: 532083 ns, At safepoint: 2459 ns, Total: 534542 ns
[2023-02-24T08:27:58.577+0000][7][safepoint   ] Safepoint "ICBufferFull", Time since last: 2720166 ns, Reaching safepoint: 1577834 ns, At safepoint: 5333 ns, Total: 1583167 ns
[2023-02-24T08:27:58.579+0000][7][safepoint   ] Safepoint "ICBufferFull", Time since last: 1593458 ns, Reaching safepoint: 34209 ns, At safepoint: 1750 ns, Total: 35959 ns
[2023-02-24T08:27:58.580+0000][7][safepoint   ] Safepoint "ICBufferFull", Time since last: 1008375 ns, Reaching safepoint: 123916 ns, At safepoint: 1667 ns, Total: 125583 ns
[2023-02-24T08:27:58.582+0000][7][safepoint   ] Safepoint "ICBufferFull", Time since last: 1819208 ns, Reaching safepoint: 654709 ns, At safepoint: 2291 ns, Total: 657000 ns
[2023-02-24T08:27:58.583+0000][7][safepoint   ] Safepoint "ICBufferFull", Time since last: 760167 ns, Reaching safepoint: 349125 ns, At safepoint: 2000 ns, Total: 351125 ns
[2023-02-24T08:27:58.585+0000][7][safepoint   ] Safepoint "ICBufferFull", Time since last: 1037250 ns, Reaching safepoint: 554708 ns, At safepoint: 2042 ns, Total: 556750 ns
[2023-02-24T08:27:58.588+0000][7][safepoint   ] Safepoint "ICBufferFull", Time since last: 1415958 ns, Reaching safepoint: 1201209 ns, At safepoint: 2708 ns, Total: 1203917 ns
[2023-02-24T08:27:58.591+0000][7][safepoint   ] Safepoint "ICBufferFull", Time since last: 2171542 ns, Reaching safepoint: 884125 ns, At safepoint: 2333 ns, Total: 886458 ns
[2023-02-24T08:27:58.595+0000][7][safepoint   ] Safepoint "ICBufferFull", Time since last: 1282083 ns, Reaching safepoint: 2641084 ns, At safepoint: 3125 ns, Total: 2644209 ns
[2023-02-24T08:27:58.601+0000][7][safepoint   ] Safepoint "ICBufferFull", Time since last: 3175333 ns, Reaching safepoint: 2800083 ns, At safepoint: 4292 ns, Total: 2804375 ns
[2023-02-24T08:27:58.605+0000][7][safepoint   ] Safepoint "ICBufferFull", Time since last: 3188750 ns, Reaching safepoint: 903458 ns, At safepoint: 2792 ns, Total: 906250 ns
[2023-02-24T08:27:58.609+0000][7][safepoint   ] Safepoint "ICBufferFull", Time since last: 1088625 ns, Reaching safepoint: 2807750 ns, At safepoint: 3333 ns, Total: 2811083 ns
[2023-02-24T08:27:58.611+0000][7][safepoint   ] Safepoint "ICBufferFull", Time since last: 2602459 ns, Reaching safepoint: 297500 ns, At safepoint: 2375 ns, Total: 299875 ns
[2023-02-24T08:27:58.614+0000][7][safepoint   ] Safepoint "ICBufferFull", Time since last: 2549541 ns, Reaching safepoint: 140875 ns, At safepoint: 33917 ns, Total: 174792 ns
[2023-02-24T08:27:58.616+0000][7][safepoint   ] Safepoint "ICBufferFull", Time since last: 1003417 ns, Reaching safepoint: 841333 ns, At safepoint: 9208 ns, Total: 850541 ns
[2023-02-24T08:27:58.617+0000][7][safepoint   ] Safepoint "ICBufferFull", Time since last: 1125125 ns, Reaching safepoint: 119709 ns, At safepoint: 2166 ns, Total: 121875 ns
[2023-02-24T08:27:58.618+0000][7][safepoint   ] Safepoint "ICBufferFull", Time since last: 824917 ns, Reaching safepoint: 206458 ns, At safepoint: 1834 ns, Total: 208292 ns
[2023-02-24T08:27:58.625+0000][7][safepoint   ] Safepoint "ICBufferFull", Time since last: 3446583 ns, Reaching safepoint: 2770792 ns, At safepoint: 2416 ns, Total: 2773208 ns
[2023-02-24T08:27:58.629+0000][7][safepoint   ] Safepoint "ICBufferFull", Time since last: 1571834 ns, Reaching safepoint: 2446291 ns, At safepoint: 3375 ns, Total: 2449666 ns
[2023-02-24T08:27:58.631+0000][7][safepoint   ] Safepoint "ICBufferFull", Time since last: 2568334 ns, Reaching safepoint: 233375 ns, At safepoint: 1625 ns, Total: 235000 ns
[2023-02-24T08:27:58.632+0000][7][safepoint   ] Safepoint "ICBufferFull", Time since last: 822875 ns, Reaching safepoint: 231500 ns, At safepoint: 1583 ns, Total: 233083 ns
[2023-02-24T08:27:58.634+0000][7][safepoint   ] Safepoint "ICBufferFull", Time since last: 946000 ns, Reaching safepoint: 322833 ns, At safepoint: 1792 ns, Total: 324625 ns
[2023-02-24T08:27:58.635+0000][7][safepoint   ] Safepoint "ICBufferFull", Time since last: 1071125 ns, Reaching safepoint: 324583 ns, At safepoint: 1792 ns, Total: 326375 ns
[2023-02-24T08:27:58.636+0000][7][safepoint   ] Safepoint "ICBufferFull", Time since last: 782208 ns, Reaching safepoint: 240417 ns, At safepoint: 1333 ns, Total: 241750 ns
[2023-02-24T08:27:58.637+0000][7][safepoint   ] Safepoint "ICBufferFull", Time since last: 719917 ns, Reaching safepoint: 363792 ns, At safepoint: 1500 ns, Total: 365292 ns
[2023-02-24T08:27:58.638+0000][7][safepoint   ] Safepoint "ICBufferFull", Time since last: 902708 ns, Reaching safepoint: 201292 ns, At safepoint: 1750 ns, Total: 203042 ns
[2023-02-24T08:27:58.639+0000][7][safepoint   ] Safepoint "ICBufferFull", Time since last: 875833 ns, Reaching safepoint: 280708 ns, At safepoint: 1459 ns, Total: 282167 ns
[2023-02-24T08:27:58.641+0000][7][safepoint   ] Safepoint "ICBufferFull", Time since last: 928708 ns, Reaching safepoint: 281375 ns, At safepoint: 1625 ns, Total: 283000 ns
[2023-02-24T08:27:58.645+0000][7][safepoint   ] Safepoint "ICBufferFull", Time since last: 1312333 ns, Reaching safepoint: 2566250 ns, At safepoint: 2542 ns, Total: 2568792 ns
[2023-02-24T08:27:58.646+0000][7][safepoint   ] Safepoint "ICBufferFull", Time since last: 1431875 ns, Reaching safepoint: 385708 ns, At safepoint: 2500 ns, Total: 388208 ns
[2023-02-24T08:27:58.648+0000][7][safepoint   ] Safepoint "ICBufferFull", Time since last: 883792 ns, Reaching safepoint: 276583 ns, At safepoint: 6084 ns, Total: 282667 ns
[2023-02-24T08:27:58.650+0000][7][safepoint   ] Safepoint "ICBufferFull", Time since last: 815625 ns, Reaching safepoint: 1169083 ns, At safepoint: 4542 ns, Total: 1173625 ns
[2023-02-24T08:27:58.756+0000][7][safepoint   ] Safepoint "ICBufferFull", Time since last: 103679041 ns, Reaching safepoint: 2376875 ns, At safepoint: 3292 ns, Total: 2380167 ns
[2023-02-24T08:27:58.761+0000][7][safepoint   ] Safepoint "ICBufferFull", Time since last: 3374042 ns, Reaching safepoint: 1635416 ns, At safepoint: 2917 ns, Total: 1638333 ns
[2023-02-24T08:27:58.762+0000][7][safepoint   ] Safepoint "ICBufferFull", Time since last: 1316208 ns, Reaching safepoint: 287750 ns, At safepoint: 1875 ns, Total: 289625 ns
[2023-02-24T08:27:58.764+0000][7][safepoint   ] Safepoint "ICBufferFull", Time since last: 803084 ns, Reaching safepoint: 585500 ns, At safepoint: 8291 ns, Total: 593791 ns
[2023-02-24T08:27:58.765+0000][7][safepoint   ] Safepoint "ICBufferFull", Time since last: 1125667 ns, Reaching safepoint: 62042 ns, At safepoint: 2208 ns, Total: 64250 ns
[2023-02-24T08:27:58.766+0000][7][safepoint   ] Safepoint "ICBufferFull", Time since last: 986000 ns, Reaching safepoint: 220875 ns, At safepoint: 1458 ns, Total: 222333 ns
[2023-02-24T08:27:58.767+0000][7][safepoint   ] Safepoint "ICBufferFull", Time since last: 828292 ns, Reaching safepoint: 212333 ns, At safepoint: 5084 ns, Total: 217417 ns
[2023-02-24T08:27:58.774+0000][7][safepoint   ] Safepoint "ICBufferFull", Time since last: 3729375 ns, Reaching safepoint: 2752000 ns, At safepoint: 2958 ns, Total: 2754958 ns
[2023-02-24T08:27:58.781+0000][7][safepoint   ] Safepoint "ICBufferFull", Time since last: 1407583 ns, Reaching safepoint: 5587375 ns, At safepoint: 3750 ns, Total: 5591125 ns
[2023-02-24T08:27:58.787+0000][7][safepoint   ] Safepoint "ICBufferFull", Time since last: 2176042 ns, Reaching safepoint: 3841917 ns, At safepoint: 3500 ns, Total: 3845417 ns
[2023-02-24T08:27:58.792+0000][7][safepoint   ] Safepoint "ICBufferFull", Time since last: 2405083 ns, Reaching safepoint: 2884417 ns, At safepoint: 5583 ns, Total: 2890000 ns
[2023-02-24T08:27:58.797+0000][7][safepoint   ] Safepoint "ICBufferFull", Time since last: 1238167 ns, Reaching safepoint: 3493041 ns, At safepoint: 3250 ns, Total: 3496291 ns
[2023-02-24T08:27:58.804+0000][7][safepoint   ] Safepoint "ICBufferFull", Time since last: 4235917 ns, Reaching safepoint: 2783125 ns, At safepoint: 3375 ns, Total: 2786500 ns
[2023-02-24T08:27:58.816+0000][7][safepoint   ] Safepoint "ICBufferFull", Time since last: 1432208 ns, Reaching safepoint: 10694917 ns, At safepoint: 6042 ns, Total: 10700959 ns
[2023-02-24T08:27:58.821+0000][7][safepoint   ] Safepoint "ICBufferFull", Time since last: 2155208 ns, Reaching safepoint: 2677792 ns, At safepoint: 5375 ns, Total: 2683167 ns
[2023-02-24T08:27:58.827+0000][7][safepoint   ] Safepoint "ICBufferFull", Time since last: 4616375 ns, Reaching safepoint: 1421708 ns, At safepoint: 3917 ns, Total: 1425625 ns
[2023-02-24T08:27:58.832+0000][7][safepoint   ] Safepoint "ICBufferFull", Time since last: 1796375 ns, Reaching safepoint: 3139791 ns, At safepoint: 4792 ns, Total: 3144583 ns
[2023-02-24T08:27:58.836+0000][7][safepoint   ] Safepoint "ICBufferFull", Time since last: 4182250 ns, Reaching safepoint: 152500 ns, At safepoint: 5333 ns, Total: 157833 ns
[2023-02-24T08:27:58.837+0000][7][safepoint   ] Safepoint "ICBufferFull", Time since last: 1359209 ns, Reaching safepoint: 53333 ns, At safepoint: 5333 ns, Total: 58666 ns
[2023-02-24T08:27:58.839+0000][7][safepoint   ] Safepoint "ICBufferFull", Time since last: 1274959 ns, Reaching safepoint: 55791 ns, At safepoint: 1500 ns, Total: 57291 ns
[2023-02-24T08:27:58.840+0000][7][safepoint   ] Safepoint "ICBufferFull", Time since last: 1129917 ns, Reaching safepoint: 65750 ns, At safepoint: 2458 ns, Total: 68208 ns
[2023-02-24T08:27:58.841+0000][7][safepoint   ] Safepoint "ICBufferFull", Time since last: 1535709 ns, Reaching safepoint: 55125 ns, At safepoint: 2291 ns, Total: 57416 ns
[2023-02-24T08:27:58.843+0000][7][safepoint   ] Safepoint "ICBufferFull", Time since last: 1337709 ns, Reaching safepoint: 45458 ns, At safepoint: 1875 ns, Total: 47333 ns
[2023-02-24T08:27:58.844+0000][7][safepoint   ] Safepoint "ICBufferFull", Time since last: 1077375 ns, Reaching safepoint: 74500 ns, At safepoint: 2667 ns, Total: 77167 ns
[2023-02-24T08:27:58.845+0000][7][safepoint   ] Safepoint "ICBufferFull", Time since last: 1318625 ns, Reaching safepoint: 55250 ns, At safepoint: 5000 ns, Total: 60250 ns
[2023-02-24T08:27:58.847+0000][7][safepoint   ] Safepoint "ICBufferFull", Time since last: 1391916 ns, Reaching safepoint: 51667 ns, At safepoint: 4875 ns, Total: 56542 ns
[2023-02-24T08:27:58.848+0000][7][safepoint   ] Safepoint "ICBufferFull", Time since last: 1557000 ns, Reaching safepoint: 50000 ns, At safepoint: 4875 ns, Total: 54875 ns
[2023-02-24T08:27:58.850+0000][7][safepoint   ] Safepoint "ICBufferFull", Time since last: 1293250 ns, Reaching safepoint: 47833 ns, At safepoint: 4959 ns, Total: 52792 ns
[2023-02-24T08:27:58.851+0000][7][safepoint   ] Safepoint "ICBufferFull", Time since last: 1239875 ns, Reaching safepoint: 53083 ns, At safepoint: 4292 ns, Total: 57375 ns
[2023-02-24T08:27:58.853+0000][7][safepoint   ] Safepoint "ICBufferFull", Time since last: 1359625 ns, Reaching safepoint: 84958 ns, At safepoint: 2625 ns, Total: 87583 ns
[2023-02-24T08:27:58.854+0000][7][safepoint   ] Safepoint "ICBufferFull", Time since last: 1402167 ns, Reaching safepoint: 65416 ns, At safepoint: 2709 ns, Total: 68125 ns
[2023-02-24T08:27:58.856+0000][7][safepoint   ] Safepoint "ICBufferFull", Time since last: 1467958 ns, Reaching safepoint: 101000 ns, At safepoint: 3042 ns, Total: 104042 ns
[2023-02-24T08:27:58.860+0000][7][safepoint   ] Safepoint "ICBufferFull", Time since last: 4119458 ns, Reaching safepoint: 51208 ns, At safepoint: 1834 ns, Total: 53042 ns
[2023-02-24T08:27:58.861+0000][7][safepoint   ] Safepoint "ICBufferFull", Time since last: 1519083 ns, Reaching safepoint: 81708 ns, At safepoint: 2709 ns, Total: 84417 ns
[2023-02-24T08:27:58.864+0000][7][safepoint   ] Safepoint "ICBufferFull", Time since last: 2321000 ns, Reaching safepoint: 56500 ns, At safepoint: 1583 ns, Total: 58083 ns
[2023-02-24T08:27:58.865+0000][7][safepoint   ] Safepoint "ICBufferFull", Time since last: 1509042 ns, Reaching safepoint: 49416 ns, At safepoint: 1625 ns, Total: 51041 ns
[2023-02-24T08:27:58.867+0000][7][safepoint   ] Safepoint "ICBufferFull", Time since last: 1935334 ns, Reaching safepoint: 50083 ns, At safepoint: 1583 ns, Total: 51666 ns
[2023-02-24T08:27:58.871+0000][7][safepoint   ] Safepoint "ICBufferFull", Time since last: 3162500 ns, Reaching safepoint: 171042 ns, At safepoint: 8250 ns, Total: 179292 ns
[2023-02-24T08:27:58.876+0000][7][safepoint   ] Safepoint "ICBufferFull", Time since last: 5577292 ns, Reaching safepoint: 58166 ns, At safepoint: 2375 ns, Total: 60541 ns
[2023-02-24T08:27:58.900+0000][7][safepoint   ] Safepoint "ICBufferFull", Time since last: 23974292 ns, Reaching safepoint: 245833 ns, At safepoint: 3292 ns, Total: 249125 ns
[2023-02-24T08:27:59.513+0000][7][safepoint   ] Safepoint "ICBufferFull", Time since last: 611887125 ns, Reaching safepoint: 215125 ns, At safepoint: 7417 ns, Total: 222542 ns
[2023-02-24T08:27:59.751+0000][7][gc,start    ] GC(4) Pause Young (Normal) (G1 Evacuation Pause)
[2023-02-24T08:27:59.753+0000][7][gc,task     ] GC(4) Using 4 workers of 4 for evacuation
[2023-02-24T08:27:59.754+0000][7][gc,age      ] GC(4) Desired survivor size 12058624 bytes, new threshold 15 (max threshold 15)
[2023-02-24T08:27:59.796+0000][7][gc,age      ] GC(4) Age table with threshold 15 (max threshold 15)
[2023-02-24T08:27:59.797+0000][7][gc,age      ] GC(4) - age   1:    5125440 bytes,    5125440 total
[2023-02-24T08:27:59.798+0000][7][gc,age      ] GC(4) - age   2:    1161320 bytes,    6286760 total
[2023-02-24T08:27:59.800+0000][7][gc,age      ] GC(4) - age   3:    2103504 bytes,    8390264 total
[2023-02-24T08:27:59.801+0000][7][gc,phases   ] GC(4)   Pre Evacuate Collection Set: 3.3ms
[2023-02-24T08:27:59.802+0000][7][gc,phases   ] GC(4)   Merge Heap Roots: 0.1ms
[2023-02-24T08:27:59.803+0000][7][gc,phases   ] GC(4)   Evacuate Collection Set: 31.9ms
[2023-02-24T08:27:59.803+0000][7][gc,phases   ] GC(4)   Post Evacuate Collection Set: 5.3ms
[2023-02-24T08:27:59.804+0000][7][gc,phases   ] GC(4)   Other: 9.2ms
[2023-02-24T08:27:59.805+0000][7][gc,heap     ] GC(4) Eden regions: 175->0(298)
[2023-02-24T08:27:59.805+0000][7][gc,heap     ] GC(4) Survivor regions: 5->9(23)
[2023-02-24T08:27:59.806+0000][7][gc,heap     ] GC(4) Old regions: 4->4
[2023-02-24T08:27:59.807+0000][7][gc,heap     ] GC(4) Archive regions: 0->0
[2023-02-24T08:27:59.807+0000][7][gc,heap     ] GC(4) Humongous regions: 2->1
[2023-02-24T08:27:59.808+0000][7][gc,metaspace] GC(4) Metaspace: 25894K(26624K)->25894K(26624K) NonClass: 23008K(23552K)->23008K(23552K) Class: 2886K(3072K)->2886K(3072K)
[2023-02-24T08:27:59.809+0000][7][gc          ] GC(4) Pause Young (Normal) (G1 Evacuation Pause) 185M->12M(512M) 57.576ms
[2023-02-24T08:27:59.810+0000][7][gc,cpu      ] GC(4) User=0.02s Sys=0.00s Real=0.06s
[2023-02-24T08:27:59.810+0000][7][safepoint   ] Safepoint "G1CollectForAllocation", Time since last: 237942333 ns, Reaching safepoint: 474542 ns, At safepoint: 59412750 ns, Total: 59887292 ns
[2023-02-24T08:28:00.815+0000][7][safepoint   ] Safepoint "Cleanup", Time since last: 1000728751 ns, Reaching safepoint: 4098125 ns, At safepoint: 4875 ns, Total: 4103000 ns
[2023-02-24T08:28:00.978+0000][7][gc,start    ] GC(5) Pause Young (Normal) (G1 Evacuation Pause)
[2023-02-24T08:28:00.979+0000][7][gc,task     ] GC(5) Using 4 workers of 4 for evacuation
[2023-02-24T08:28:00.980+0000][7][gc,age      ] GC(5) Desired survivor size 20447232 bytes, new threshold 15 (max threshold 15)
[2023-02-24T08:28:01.015+0000][7][gc,age      ] GC(5) Age table with threshold 15 (max threshold 15)
[2023-02-24T08:28:01.016+0000][7][gc,age      ] GC(5) - age   1:    4214416 bytes,    4214416 total
[2023-02-24T08:28:01.018+0000][7][gc,age      ] GC(5) - age   2:    4320112 bytes,    8534528 total
[2023-02-24T08:28:01.019+0000][7][gc,age      ] GC(5) - age   3:    1161144 bytes,    9695672 total
[2023-02-24T08:28:01.019+0000][7][gc,age      ] GC(5) - age   4:    2103504 bytes,   11799176 total
[2023-02-24T08:28:01.020+0000][7][gc,phases   ] GC(5)   Pre Evacuate Collection Set: 0.5ms
[2023-02-24T08:28:01.021+0000][7][gc,phases   ] GC(5)   Merge Heap Roots: 1.1ms
[2023-02-24T08:28:01.022+0000][7][gc,phases   ] GC(5)   Evacuate Collection Set: 22.8ms
[2023-02-24T08:28:01.022+0000][7][gc,phases   ] GC(5)   Post Evacuate Collection Set: 9.7ms
[2023-02-24T08:28:01.023+0000][7][gc,phases   ] GC(5)   Other: 8.1ms
[2023-02-24T08:28:01.024+0000][7][gc,heap     ] GC(5) Eden regions: 298->0(295)
[2023-02-24T08:28:01.025+0000][7][gc,heap     ] GC(5) Survivor regions: 9->12(39)
[2023-02-24T08:28:01.025+0000][7][gc,heap     ] GC(5) Old regions: 4->4
[2023-02-24T08:28:01.026+0000][7][gc,heap     ] GC(5) Archive regions: 0->0
[2023-02-24T08:28:01.027+0000][7][gc,heap     ] GC(5) Humongous regions: 1->1
[2023-02-24T08:28:01.028+0000][7][gc,metaspace] GC(5) Metaspace: 27601K(28672K)->27601K(28672K) NonClass: 24523K(25344K)->24523K(25344K) Class: 3078K(3328K)->3078K(3328K)
[2023-02-24T08:28:01.029+0000][7][gc          ] GC(5) Pause Young (Normal) (G1 Evacuation Pause) 310M->16M(512M) 50.618ms
[2023-02-24T08:28:01.030+0000][7][gc,cpu      ] GC(5) User=0.03s Sys=0.00s Real=0.06s
[2023-02-24T08:28:01.031+0000][7][safepoint   ] Safepoint "G1CollectForAllocation", Time since last: 157935208 ns, Reaching safepoint: 4788208 ns, At safepoint: 52846459 ns, Total: 57634667 ns
[2023-02-24T08:28:01.846+0000][7][gc,start    ] GC(6) Pause Young (Normal) (G1 Evacuation Pause)
[2023-02-24T08:28:01.847+0000][7][gc,task     ] GC(6) Using 4 workers of 4 for evacuation
[2023-02-24T08:28:01.848+0000][7][gc,age      ] GC(6) Desired survivor size 20447232 bytes, new threshold 15 (max threshold 15)
[2023-02-24T08:28:01.872+0000][7][gc,age      ] GC(6) Age table with threshold 15 (max threshold 15)
[2023-02-24T08:28:01.874+0000][7][gc,age      ] GC(6) - age   1:    1581656 bytes,    1581656 total
[2023-02-24T08:28:01.874+0000][7][gc,age      ] GC(6) - age   2:    3278560 bytes,    4860216 total
[2023-02-24T08:28:01.875+0000][7][gc,age      ] GC(6) - age   3:    4315808 bytes,    9176024 total
[2023-02-24T08:28:01.876+0000][7][gc,age      ] GC(6) - age   4:    1161000 bytes,   10337024 total
[2023-02-24T08:28:01.876+0000][7][gc,age      ] GC(6) - age   5:    2103504 bytes,   12440528 total
[2023-02-24T08:28:01.877+0000][7][gc,phases   ] GC(6)   Pre Evacuate Collection Set: 0.2ms
[2023-02-24T08:28:01.878+0000][7][gc,phases   ] GC(6)   Merge Heap Roots: 0.1ms
[2023-02-24T08:28:01.879+0000][7][gc,phases   ] GC(6)   Evacuate Collection Set: 22.8ms
[2023-02-24T08:28:01.879+0000][7][gc,phases   ] GC(6)   Post Evacuate Collection Set: 0.6ms
[2023-02-24T08:28:01.880+0000][7][gc,phases   ] GC(6)   Other: 7.6ms
[2023-02-24T08:28:01.881+0000][7][gc,heap     ] GC(6) Eden regions: 295->0(294)
[2023-02-24T08:28:01.882+0000][7][gc,heap     ] GC(6) Survivor regions: 12->13(39)
[2023-02-24T08:28:01.883+0000][7][gc,heap     ] GC(6) Old regions: 4->4
[2023-02-24T08:28:01.884+0000][7][gc,heap     ] GC(6) Archive regions: 0->0
[2023-02-24T08:28:01.884+0000][7][gc,heap     ] GC(6) Humongous regions: 1->1
[2023-02-24T08:28:01.885+0000][7][gc,metaspace] GC(6) Metaspace: 27976K(29312K)->27976K(29312K) NonClass: 24829K(25856K)->24829K(25856K) Class: 3146K(3456K)->3146K(3456K)
[2023-02-24T08:28:01.885+0000][7][gc          ] GC(6) Pause Young (Normal) (G1 Evacuation Pause) 311M->17M(512M) 39.583ms
[2023-02-24T08:28:01.886+0000][7][gc,cpu      ] GC(6) User=0.02s Sys=0.00s Real=0.04s
[2023-02-24T08:28:01.887+0000][7][safepoint   ] Safepoint "G1CollectForAllocation", Time since last: 814803792 ns, Reaching safepoint: 161250 ns, At safepoint: 41104625 ns, Total: 41265875 ns
[2023-02-24T08:28:02.424+0000][7][gc,start    ] GC(7) Pause Young (Normal) (G1 Evacuation Pause)
[2023-02-24T08:28:02.425+0000][7][gc,task     ] GC(7) Using 4 workers of 4 for evacuation
[2023-02-24T08:28:02.428+0000][7][gc,age      ] GC(7) Desired survivor size 20447232 bytes, new threshold 15 (max threshold 15)
[2023-02-24T08:28:02.452+0000][7][gc,age      ] GC(7) Age table with threshold 15 (max threshold 15)
[2023-02-24T08:28:02.452+0000][7][gc,age      ] GC(7) - age   1:    2311592 bytes,    2311592 total
[2023-02-24T08:28:02.454+0000][7][gc,age      ] GC(7) - age   2:     611600 bytes,    2923192 total
[2023-02-24T08:28:02.455+0000][7][gc,age      ] GC(7) - age   3:    3276784 bytes,    6199976 total
[2023-02-24T08:28:02.456+0000][7][gc,age      ] GC(7) - age   4:    4315368 bytes,   10515344 total
[2023-02-24T08:28:02.459+0000][7][gc,age      ] GC(7) - age   5:    1161000 bytes,   11676344 total
[2023-02-24T08:28:02.463+0000][7][gc,age      ] GC(7) - age   6:    2103504 bytes,   13779848 total
[2023-02-24T08:28:02.466+0000][7][gc,phases   ] GC(7)   Pre Evacuate Collection Set: 0.1ms
[2023-02-24T08:28:02.469+0000][7][gc,phases   ] GC(7)   Merge Heap Roots: 0.0ms
[2023-02-24T08:28:02.472+0000][7][gc,phases   ] GC(7)   Evacuate Collection Set: 13.0ms
[2023-02-24T08:28:02.474+0000][7][gc,phases   ] GC(7)   Post Evacuate Collection Set: 10.2ms
[2023-02-24T08:28:02.475+0000][7][gc,phases   ] GC(7)   Other: 18.3ms
[2023-02-24T08:28:02.476+0000][7][gc,heap     ] GC(7) Eden regions: 294->0(292)
[2023-02-24T08:28:02.478+0000][7][gc,heap     ] GC(7) Survivor regions: 13->15(39)
[2023-02-24T08:28:02.478+0000][7][gc,heap     ] GC(7) Old regions: 4->4
[2023-02-24T08:28:02.480+0000][7][gc,heap     ] GC(7) Archive regions: 0->0
[2023-02-24T08:28:02.481+0000][7][gc,heap     ] GC(7) Humongous regions: 1->1
[2023-02-24T08:28:02.482+0000][7][gc,metaspace] GC(7) Metaspace: 28501K(29952K)->28501K(29952K) NonClass: 25274K(26368K)->25274K(26368K) Class: 3226K(3584K)->3226K(3584K)
[2023-02-24T08:28:02.485+0000][7][gc          ] GC(7) Pause Young (Normal) (G1 Evacuation Pause) 311M->19M(512M) 60.613ms
[2023-02-24T08:28:02.485+0000][7][gc,cpu      ] GC(7) User=0.01s Sys=0.00s Real=0.06s
[2023-02-24T08:28:02.487+0000][7][safepoint   ] Safepoint "G1CollectForAllocation", Time since last: 535166458 ns, Reaching safepoint: 1957084 ns, At safepoint: 62791500 ns, Total: 64748584 ns
[2023-02-24T08:28:03.160+0000][7][safepoint   ] Safepoint "ICBufferFull", Time since last: 670286958 ns, Reaching safepoint: 2802209 ns, At safepoint: 4750 ns, Total: 2806959 ns
[2023-02-24T08:28:03.462+0000][7][gc,start    ] GC(8) Pause Young (Concurrent Start) (Metadata GC Threshold)
[2023-02-24T08:28:03.464+0000][7][gc,task     ] GC(8) Using 4 workers of 4 for evacuation
[2023-02-24T08:28:03.465+0000][7][gc,age      ] GC(8) Desired survivor size 20447232 bytes, new threshold 15 (max threshold 15)
[2023-02-24T08:28:03.489+0000][7][gc,age      ] GC(8) Age table with threshold 15 (max threshold 15)
[2023-02-24T08:28:03.490+0000][7][gc,age      ] GC(8) - age   1:    2163848 bytes,    2163848 total
[2023-02-24T08:28:03.491+0000][7][gc,age      ] GC(8) - age   2:    2270056 bytes,    4433904 total
[2023-02-24T08:28:03.493+0000][7][gc,age      ] GC(8) - age   3:     600752 bytes,    5034656 total
[2023-02-24T08:28:03.493+0000][7][gc,age      ] GC(8) - age   4:    3261760 bytes,    8296416 total
[2023-02-24T08:28:03.494+0000][7][gc,age      ] GC(8) - age   5:    4304136 bytes,   12600552 total
[2023-02-24T08:28:03.495+0000][7][gc,age      ] GC(8) - age   6:    1130744 bytes,   13731296 total
[2023-02-24T08:28:03.496+0000][7][gc,age      ] GC(8) - age   7:    2100512 bytes,   15831808 total
[2023-02-24T08:28:03.497+0000][7][gc,phases   ] GC(8)   Pre Evacuate Collection Set: 0.3ms
[2023-02-24T08:28:03.498+0000][7][gc,phases   ] GC(8)   Merge Heap Roots: 0.1ms
[2023-02-24T08:28:03.499+0000][7][gc,phases   ] GC(8)   Evacuate Collection Set: 19.1ms
[2023-02-24T08:28:03.500+0000][7][gc,phases   ] GC(8)   Post Evacuate Collection Set: 3.2ms
[2023-02-24T08:28:03.501+0000][7][gc,phases   ] GC(8)   Other: 12.6ms
[2023-02-24T08:28:03.501+0000][7][gc,heap     ] GC(8) Eden regions: 134->0(291)
[2023-02-24T08:28:03.502+0000][7][gc,heap     ] GC(8) Survivor regions: 15->16(39)
[2023-02-24T08:28:03.503+0000][7][gc,heap     ] GC(8) Old regions: 4->4
[2023-02-24T08:28:03.504+0000][7][gc,heap     ] GC(8) Archive regions: 0->0
[2023-02-24T08:28:03.506+0000][7][gc,heap     ] GC(8) Humongous regions: 1->1
[2023-02-24T08:28:03.507+0000][7][gc,metaspace] GC(8) Metaspace: 33932K(35584K)->33932K(35584K) NonClass: 30000K(31232K)->30000K(31232K) Class: 3932K(4352K)->3932K(4352K)
[2023-02-24T08:28:03.508+0000][7][gc          ] GC(8) Pause Young (Concurrent Start) (Metadata GC Threshold) 152M->20M(512M) 45.377ms
[2023-02-24T08:28:03.508+0000][7][gc,cpu      ] GC(8) User=0.02s Sys=0.00s Real=0.04s
[2023-02-24T08:28:03.509+0000][7][gc          ] GC(9) Concurrent Cycle
[2023-02-24T08:28:03.510+0000][7][gc,marking  ] GC(9) Concurrent Clear Claimed Marks
[2023-02-24T08:28:03.510+0000][7][gc,marking  ] GC(9) Concurrent Clear Claimed Marks 0.890ms
[2023-02-24T08:28:03.511+0000][7][gc,marking  ] GC(9) Concurrent Scan Root Regions
[2023-02-24T08:28:03.516+0000][7][gc,marking  ] GC(9) Concurrent Scan Root Regions 4.911ms
[2023-02-24T08:28:03.522+0000][7][gc,marking  ] GC(9) Concurrent Mark (9.435s)
[2023-02-24T08:28:03.522+0000][7][gc,marking  ] GC(9) Concurrent Mark From Roots
[2023-02-24T08:28:03.523+0000][7][gc,task     ] GC(9) Using 1 workers of 1 for marking
[2023-02-24T08:28:03.509+0000][7][safepoint   ] Safepoint "CollectForMetadataAllocation", Time since last: 302203125 ns, Reaching safepoint: 175500 ns, At safepoint: 46950917 ns, Total: 47126417 ns
[2023-02-24T08:28:03.528+0000][7][gc,marking  ] GC(9) Concurrent Mark From Roots 5.576ms
[2023-02-24T08:28:03.529+0000][7][gc,marking  ] GC(9) Concurrent Preclean
[2023-02-24T08:28:03.530+0000][7][gc,marking  ] GC(9) Concurrent Preclean 0.996ms
[2023-02-24T08:28:03.531+0000][7][gc,marking  ] GC(9) Concurrent Mark (9.435s, 9.444s) 9.107ms
[2023-02-24T08:28:03.532+0000][7][gc,start    ] GC(9) Pause Remark
[2023-02-24T08:28:03.539+0000][7][gc          ] GC(9) Pause Remark 21M->21M(512M) 6.836ms
[2023-02-24T08:28:03.540+0000][7][gc,cpu      ] GC(9) User=0.01s Sys=0.00s Real=0.01s
[2023-02-24T08:28:03.541+0000][7][safepoint   ] Safepoint "G1Concurrent", Time since last: 22492041 ns, Reaching safepoint: 93542 ns, At safepoint: 8960708 ns, Total: 9054250 ns
[2023-02-24T08:28:03.544+0000][7][gc,marking  ] GC(9) Concurrent Rebuild Remembered Sets
[2023-02-24T08:28:03.548+0000][7][gc,marking  ] GC(9) Concurrent Rebuild Remembered Sets 4.060ms
[2023-02-24T08:28:03.550+0000][7][gc,start    ] GC(9) Pause Cleanup
[2023-02-24T08:28:03.551+0000][7][gc          ] GC(9) Pause Cleanup 21M->21M(512M) 1.060ms
[2023-02-24T08:28:03.552+0000][7][gc,cpu      ] GC(9) User=0.00s Sys=0.00s Real=0.00s
[2023-02-24T08:28:03.553+0000][7][safepoint   ] Safepoint "G1Concurrent", Time since last: 8859167 ns, Reaching safepoint: 331125 ns, At safepoint: 2706292 ns, Total: 3037417 ns
[2023-02-24T08:28:03.553+0000][7][gc,marking  ] GC(9) Concurrent Cleanup for Next Mark
[2023-02-24T08:28:03.555+0000][7][gc,marking  ] GC(9) Concurrent Cleanup for Next Mark 1.754ms
[2023-02-24T08:28:03.556+0000][7][gc          ] GC(9) Concurrent Cycle 47.182ms
[2023-02-24T08:28:04.599+0000][7][safepoint   ] Safepoint "ICBufferFull", Time since last: 1039414667 ns, Reaching safepoint: 6718500 ns, At safepoint: 11875 ns, Total: 6730375 ns
[2023-02-24T08:28:05.789+0000][7][safepoint   ] Safepoint "Cleanup", Time since last: 1182668084 ns, Reaching safepoint: 7731083 ns, At safepoint: 9833 ns, Total: 7740916 ns
[2023-02-24T08:28:06.791+0000][7][safepoint   ] Safepoint "Cleanup", Time since last: 1001640709 ns, Reaching safepoint: 219000 ns, At safepoint: 3083 ns, Total: 222083 ns
[2023-02-24T08:28:07.303+0000][7][safepoint   ] Safepoint "ICBufferFull", Time since last: 511395126 ns, Reaching safepoint: 314041 ns, At safepoint: 2834 ns, Total: 316875 ns
[2023-02-24T08:28:07.893+0000][7][gc,start    ] GC(10) Pause Young (Normal) (G1 Evacuation Pause)
[2023-02-24T08:28:07.895+0000][7][gc,task     ] GC(10) Using 4 workers of 4 for evacuation
[2023-02-24T08:28:07.896+0000][7][gc,age      ] GC(10) Desired survivor size 20447232 bytes, new threshold 15 (max threshold 15)
[2023-02-24T08:28:08.012+0000][7][gc,age      ] GC(10) Age table with threshold 15 (max threshold 15)
[2023-02-24T08:28:08.013+0000][7][gc,age      ] GC(10) - age   1:   25176360 bytes,   25176360 total
[2023-02-24T08:28:08.014+0000][7][gc,age      ] GC(10) - age   2:    2011192 bytes,   27187552 total
[2023-02-24T08:28:08.014+0000][7][gc,age      ] GC(10) - age   3:    2266512 bytes,   29454064 total
[2023-02-24T08:28:08.015+0000][7][gc,age      ] GC(10) - age   4:     595376 bytes,   30049440 total
[2023-02-24T08:28:08.016+0000][7][gc,age      ] GC(10) - age   5:    3249776 bytes,   33299216 total
[2023-02-24T08:28:08.017+0000][7][gc,age      ] GC(10) - age   6:    4276448 bytes,   37575664 total
[2023-02-24T08:28:08.017+0000][7][gc,age      ] GC(10) - age   7:    1109928 bytes,   38685592 total
[2023-02-24T08:28:08.018+0000][7][gc,age      ] GC(10) - age   8:    2092368 bytes,   40777960 total
[2023-02-24T08:28:08.019+0000][7][gc,phases   ] GC(10)   Pre Evacuate Collection Set: 0.1ms
[2023-02-24T08:28:08.020+0000][7][gc,phases   ] GC(10)   Merge Heap Roots: 0.0ms
[2023-02-24T08:28:08.021+0000][7][gc,phases   ] GC(10)   Evacuate Collection Set: 112.9ms
[2023-02-24T08:28:08.021+0000][7][gc,phases   ] GC(10)   Post Evacuate Collection Set: 1.2ms
[2023-02-24T08:28:08.022+0000][7][gc,phases   ] GC(10)   Other: 12.0ms
[2023-02-24T08:28:08.023+0000][7][gc,heap     ] GC(10) Eden regions: 291->0(268)
[2023-02-24T08:28:08.024+0000][7][gc,heap     ] GC(10) Survivor regions: 16->39(39)
[2023-02-24T08:28:08.025+0000][7][gc,heap     ] GC(10) Old regions: 4->9
[2023-02-24T08:28:08.025+0000][7][gc,heap     ] GC(10) Archive regions: 0->0
[2023-02-24T08:28:08.026+0000][7][gc,heap     ] GC(10) Humongous regions: 1->1
[2023-02-24T08:28:08.027+0000][7][gc,metaspace] GC(10) Metaspace: 43220K(45824K)->43220K(45824K) NonClass: 37989K(39936K)->37989K(39936K) Class: 5230K(5888K)->5230K(5888K)
[2023-02-24T08:28:08.028+0000][7][gc          ] GC(10) Pause Young (Normal) (G1 Evacuation Pause) 311M->48M(512M) 135.040ms
[2023-02-24T08:28:08.029+0000][7][gc,cpu      ] GC(10) User=0.07s Sys=0.00s Real=0.14s
[2023-02-24T08:28:08.030+0000][7][safepoint   ] Safepoint "G1CollectForAllocation", Time since last: 586891583 ns, Reaching safepoint: 2953584 ns, At safepoint: 137151666 ns, Total: 140105250 ns
[2023-02-24T08:28:08.344+0000][7][safepoint   ] Safepoint "ICBufferFull", Time since last: 309283292 ns, Reaching safepoint: 4700875 ns, At safepoint: 9709 ns, Total: 4710584 ns
[2023-02-24T08:28:08.855+0000][7][safepoint   ] Safepoint "ICBufferFull", Time since last: 505162666 ns, Reaching safepoint: 5604334 ns, At safepoint: 15500 ns, Total: 5619834 ns
[2023-02-24T08:28:09.676+0000][7][gc,start    ] GC(11) Pause Young (Concurrent Start) (Metadata GC Threshold)
[2023-02-24T08:28:09.680+0000][7][gc,task     ] GC(11) Using 4 workers of 4 for evacuation
[2023-02-24T08:28:09.681+0000][7][gc,age      ] GC(11) Desired survivor size 20447232 bytes, new threshold 1 (max threshold 15)
[2023-02-24T08:28:09.759+0000][7][gc,age      ] GC(11) Age table with threshold 1 (max threshold 15)
[2023-02-24T08:28:09.760+0000][7][gc,age      ] GC(11) - age   1:    5165112 bytes,    5165112 total
[2023-02-24T08:28:09.773+0000][7][gc,phases   ] GC(11)   Pre Evacuate Collection Set: 0.2ms
[2023-02-24T08:28:09.774+0000][7][gc,phases   ] GC(11)   Merge Heap Roots: 0.4ms
[2023-02-24T08:28:09.775+0000][7][gc,phases   ] GC(11)   Evacuate Collection Set: 75.4ms
[2023-02-24T08:28:09.776+0000][7][gc,phases   ] GC(11)   Post Evacuate Collection Set: 1.5ms
[2023-02-24T08:28:09.777+0000][7][gc,phases   ] GC(11)   Other: 19.6ms
[2023-02-24T08:28:09.777+0000][7][gc,heap     ] GC(11) Eden regions: 105->0(290)
[2023-02-24T08:28:09.778+0000][7][gc,heap     ] GC(11) Survivor regions: 39->6(39)
[2023-02-24T08:28:09.779+0000][7][gc,heap     ] GC(11) Old regions: 9->49
[2023-02-24T08:28:09.780+0000][7][gc,heap     ] GC(11) Archive regions: 0->0
[2023-02-24T08:28:09.780+0000][7][gc,heap     ] GC(11) Humongous regions: 1->1
[2023-02-24T08:28:09.795+0000][7][gc,metaspace] GC(11) Metaspace: 56431K(59648K)->56431K(59648K) NonClass: 49150K(51456K)->49150K(51456K) Class: 7281K(8192K)->7281K(8192K)
[2023-02-24T08:28:09.796+0000][7][gc          ] GC(11) Pause Young (Concurrent Start) (Metadata GC Threshold) 153M->55M(512M) 120.051ms
[2023-02-24T08:28:09.797+0000][7][gc,cpu      ] GC(11) User=0.08s Sys=0.01s Real=0.12s
[2023-02-24T08:28:09.797+0000][7][safepoint   ] Safepoint "CollectForMetadataAllocation", Time since last: 819005792 ns, Reaching safepoint: 2019875 ns, At safepoint: 121779875 ns, Total: 123799750 ns
[2023-02-24T08:28:09.798+0000][7][gc          ] GC(12) Concurrent Cycle
[2023-02-24T08:28:09.806+0000][7][gc,marking  ] GC(12) Concurrent Clear Claimed Marks
[2023-02-24T08:28:09.809+0000][7][gc,marking  ] GC(12) Concurrent Clear Claimed Marks 3.010ms
[2023-02-24T08:28:09.809+0000][7][gc,marking  ] GC(12) Concurrent Scan Root Regions
[2023-02-24T08:28:09.862+0000][7][gc,marking  ] GC(12) Concurrent Scan Root Regions 52.151ms
[2023-02-24T08:28:09.864+0000][7][gc,marking  ] GC(12) Concurrent Mark (15.776s)
[2023-02-24T08:28:09.864+0000][7][gc,marking  ] GC(12) Concurrent Mark From Roots
[2023-02-24T08:28:09.865+0000][7][gc,task     ] GC(12) Using 1 workers of 1 for marking
[2023-02-24T08:28:09.885+0000][7][gc,marking  ] GC(12) Concurrent Mark From Roots 20.449ms
[2023-02-24T08:28:09.886+0000][7][gc,marking  ] GC(12) Concurrent Preclean
[2023-02-24T08:28:09.887+0000][7][gc,marking  ] GC(12) Concurrent Preclean 0.978ms
[2023-02-24T08:28:09.888+0000][7][gc,marking  ] GC(12) Concurrent Mark (15.776s, 15.801s) 24.210ms
[2023-02-24T08:28:09.889+0000][7][gc,start    ] GC(12) Pause Remark
[2023-02-24T08:28:09.894+0000][7][gc          ] GC(12) Pause Remark 59M->59M(512M) 4.680ms
[2023-02-24T08:28:09.895+0000][7][gc,cpu      ] GC(12) User=0.00s Sys=0.00s Real=0.00s
[2023-02-24T08:28:09.896+0000][7][safepoint   ] Safepoint "G1Concurrent", Time since last: 91322208 ns, Reaching safepoint: 501000 ns, At safepoint: 6346125 ns, Total: 6847125 ns
[2023-02-24T08:28:09.896+0000][7][gc,marking  ] GC(12) Concurrent Rebuild Remembered Sets
[2023-02-24T08:28:09.997+0000][7][gc,marking  ] GC(12) Concurrent Rebuild Remembered Sets 100.754ms
[2023-02-24T08:28:09.999+0000][7][gc,start    ] GC(12) Pause Cleanup
[2023-02-24T08:28:10.000+0000][7][gc          ] GC(12) Pause Cleanup 62M->62M(512M) 0.803ms
[2023-02-24T08:28:10.001+0000][7][gc,cpu      ] GC(12) User=0.00s Sys=0.00s Real=0.00s
[2023-02-24T08:28:10.002+0000][7][safepoint   ] Safepoint "G1Concurrent", Time since last: 102800500 ns, Reaching safepoint: 844792 ns, At safepoint: 3218708 ns, Total: 4063500 ns
[2023-02-24T08:28:10.008+0000][7][gc,marking  ] GC(12) Concurrent Cleanup for Next Mark
[2023-02-24T08:28:10.009+0000][7][gc,marking  ] GC(12) Concurrent Cleanup for Next Mark 1.521ms
[2023-02-24T08:28:10.016+0000][7][gc          ] GC(12) Concurrent Cycle 217.694ms
[2023-02-24T08:28:11.352+0000][7][safepoint   ] Safepoint "Cleanup", Time since last: 1350070709 ns, Reaching safepoint: 254917 ns, At safepoint: 6666 ns, Total: 261583 ns
[2023-02-24T08:28:11.784+0000][7][safepoint   ] Safepoint "ICBufferFull", Time since last: 428635542 ns, Reaching safepoint: 3290709 ns, At safepoint: 15083 ns, Total: 3305792 ns
[2023-02-24T08:28:11.803+0000][7][safepoint   ] Safepoint "ICBufferFull", Time since last: 14167000 ns, Reaching safepoint: 4606625 ns, At safepoint: 6792 ns, Total: 4613417 ns
[2023-02-24T08:28:11.878+0000][7][safepoint   ] Safepoint "ICBufferFull", Time since last: 74477833 ns, Reaching safepoint: 182875 ns, At safepoint: 5458 ns, Total: 188333 ns
[2023-02-24T08:28:12.886+0000][7][safepoint   ] Safepoint "Cleanup", Time since last: 1001663001 ns, Reaching safepoint: 6639000 ns, At safepoint: 9500 ns, Total: 6648500 ns
[2023-02-24T08:28:13.307+0000][7][safepoint   ] Safepoint "ICBufferFull", Time since last: 420494833 ns, Reaching safepoint: 255500 ns, At safepoint: 9459 ns, Total: 264959 ns
[2023-02-24T08:28:13.770+0000][7][safepoint   ] Safepoint "ICBufferFull", Time since last: 461690708 ns, Reaching safepoint: 1739958 ns, At safepoint: 8042 ns, Total: 1748000 ns
[2023-02-24T08:28:14.615+0000][7][safepoint   ] Safepoint "ICBufferFull", Time since last: 844683417 ns, Reaching safepoint: 81209 ns, At safepoint: 7625 ns, Total: 88834 ns
[2023-02-24T08:28:14.688+0000][7][safepoint   ] Safepoint "ICBufferFull", Time since last: 73283291 ns, Reaching safepoint: 169042 ns, At safepoint: 2417 ns, Total: 171459 ns
[2023-02-24T08:28:15.532+0000][7][gc,heap,exit] Heap
[2023-02-24T08:28:15.533+0000][7][gc,heap,exit]  garbage-first heap   total 524288K, used 267450K [0x00000000e0000000, 0x0000000100000000)
[2023-02-24T08:28:15.534+0000][7][gc,heap,exit]   region size 1024K, 213 young (218112K), 6 survivors (6144K)
[2023-02-24T08:28:15.534+0000][7][gc,heap,exit]  Metaspace       used 86284K, capacity 89362K, committed 89892K, reserved 1126400K
[2023-02-24T08:28:15.535+0000][7][gc,heap,exit]   class space    used 11406K, capacity 12371K, committed 12416K, reserved 1048576K
