[2023-01-09T09:49:55.148+0000][7][gc] Using G1
[2023-01-09T09:49:55.288+0000][7][gc,init] Version: 15+36-1562 (release)
[2023-01-09T09:49:55.289+0000][7][gc,init] CPUs: 4 total, 4 available
[2023-01-09T09:49:55.291+0000][7][gc,init] Memory: 7951M
[2023-01-09T09:49:55.292+0000][7][gc,init] Large Page Support: Disabled
[2023-01-09T09:49:55.292+0000][7][gc,init] NUMA Support: Disabled
[2023-01-09T09:49:55.294+0000][7][gc,init] Compressed Oops: Enabled (32-bit)
[2023-01-09T09:49:55.294+0000][7][gc,init] Heap Region Size: 1M
[2023-01-09T09:49:55.295+0000][7][gc,init] Heap Min Capacity: 512M
[2023-01-09T09:49:55.296+0000][7][gc,init] Heap Initial Capacity: 512M
[2023-01-09T09:49:55.297+0000][7][gc,init] Heap Max Capacity: 512M
[2023-01-09T09:49:55.298+0000][7][gc,init] Pre-touch: Enabled
[2023-01-09T09:49:55.299+0000][7][gc,init] Parallel Workers: 4
[2023-01-09T09:49:55.300+0000][7][gc,init] Concurrent Workers: 1
[2023-01-09T09:49:55.300+0000][7][gc,init] Concurrent Refinement Workers: 4
[2023-01-09T09:49:55.301+0000][7][gc,init] Periodic GC: Disabled
[2023-01-09T09:49:55.302+0000][7][gc,metaspace] CDS disabled.
[2023-01-09T09:49:55.303+0000][7][gc,metaspace] Compressed class space mapped at: 0x0000000100000000-0x0000000140000000, size: 1073741824
[2023-01-09T09:49:55.303+0000][7][gc,metaspace] Narrow klass base: 0x0000000000000000, Narrow klass shift: 3, Narrow klass range: 0x140000000
[2023-01-09T09:49:55.659+0000][7][safepoint   ] Safepoint "ICBufferFull", Time since last: 336459834 ns, Reaching safepoint: 2214541 ns, At safepoint: 4917 ns, Total: 2219458 ns
[2023-01-09T09:49:55.946+0000][7][safepoint   ] Safepoint "ICBufferFull", Time since last: 286027917 ns, Reaching safepoint: 893500 ns, At safepoint: 2667 ns, Total: 896167 ns
[2023-01-09T09:49:56.206+0000][7][safepoint   ] Safepoint "ICBufferFull", Time since last: 254959625 ns, Reaching safepoint: 5048958 ns, At safepoint: 4542 ns, Total: 5053500 ns
[2023-01-09T09:49:56.223+0000][7][gc,start    ] GC(0) Pause Young (Normal) (G1 Evacuation Pause)
[2023-01-09T09:49:56.244+0000][7][gc,task     ] GC(0) Using 4 workers of 4 for evacuation
[2023-01-09T09:49:56.246+0000][7][gc,age      ] GC(0) Desired survivor size 2097152 bytes, new threshold 15 (max threshold 15)
[2023-01-09T09:49:56.256+0000][7][gc,age      ] GC(0) Age table with threshold 15 (max threshold 15)
[2023-01-09T09:49:56.256+0000][7][gc,age      ] GC(0) - age   1:    3922488 bytes,    3922488 total
[2023-01-09T09:49:56.258+0000][7][gc,phases   ] GC(0)   Pre Evacuate Collection Set: 0.1ms
[2023-01-09T09:49:56.259+0000][7][gc,phases   ] GC(0)   Merge Heap Roots: 0.0ms
[2023-01-09T09:49:56.260+0000][7][gc,phases   ] GC(0)   Evacuate Collection Set: 6.1ms
[2023-01-09T09:49:56.260+0000][7][gc,phases   ] GC(0)   Post Evacuate Collection Set: 2.9ms
[2023-01-09T09:49:56.261+0000][7][gc,phases   ] GC(0)   Other: 25.4ms
[2023-01-09T09:49:56.263+0000][7][gc,heap     ] GC(0) Eden regions: 25->0(25)
[2023-01-09T09:49:56.263+0000][7][gc,heap     ] GC(0) Survivor regions: 0->4(4)
[2023-01-09T09:49:56.264+0000][7][gc,heap     ] GC(0) Old regions: 0->0
[2023-01-09T09:49:56.265+0000][7][gc,heap     ] GC(0) Archive regions: 0->0
[2023-01-09T09:49:56.265+0000][7][gc,heap     ] GC(0) Humongous regions: 1->1
[2023-01-09T09:49:56.266+0000][7][gc,metaspace] GC(0) Metaspace: 15610K(16256K)->15610K(16256K) NonClass: 14031K(14592K)->14031K(14592K) Class: 1579K(1664K)->1579K(1664K)
[2023-01-09T09:49:56.267+0000][7][gc          ] GC(0) Pause Young (Normal) (G1 Evacuation Pause) 26M->4M(512M) 43.905ms
[2023-01-09T09:49:56.269+0000][7][gc,cpu      ] GC(0) User=0.03s Sys=0.01s Real=0.05s
[2023-01-09T09:49:56.269+0000][7][safepoint   ] Safepoint "G1CollectForAllocation", Time since last: 16028333 ns, Reaching safepoint: 941375 ns, At safepoint: 46296958 ns, Total: 47238333 ns
[2023-01-09T09:49:56.807+0000][7][safepoint   ] Safepoint "ICBufferFull", Time since last: 537659709 ns, Reaching safepoint: 96375 ns, At safepoint: 1792 ns, Total: 98167 ns
[2023-01-09T09:49:56.977+0000][7][gc,start    ] GC(1) Pause Young (Concurrent Start) (Metadata GC Threshold)
[2023-01-09T09:49:56.980+0000][7][gc,task     ] GC(1) Using 4 workers of 4 for evacuation
[2023-01-09T09:49:56.981+0000][7][gc,age      ] GC(1) Desired survivor size 2097152 bytes, new threshold 1 (max threshold 15)
[2023-01-09T09:49:56.989+0000][7][gc,age      ] GC(1) Age table with threshold 1 (max threshold 15)
[2023-01-09T09:49:56.990+0000][7][gc,age      ] GC(1) - age   1:    2145104 bytes,    2145104 total
[2023-01-09T09:49:56.992+0000][7][gc,phases   ] GC(1)   Pre Evacuate Collection Set: 0.3ms
[2023-01-09T09:49:56.992+0000][7][gc,phases   ] GC(1)   Merge Heap Roots: 0.1ms
[2023-01-09T09:49:56.993+0000][7][gc,phases   ] GC(1)   Evacuate Collection Set: 6.4ms
[2023-01-09T09:49:56.994+0000][7][gc,phases   ] GC(1)   Post Evacuate Collection Set: 0.7ms
[2023-01-09T09:49:56.995+0000][7][gc,phases   ] GC(1)   Other: 7.0ms
[2023-01-09T09:49:56.995+0000][7][gc,heap     ] GC(1) Eden regions: 23->0(30)
[2023-01-09T09:49:56.996+0000][7][gc,heap     ] GC(1) Survivor regions: 4->3(4)
[2023-01-09T09:49:56.997+0000][7][gc,heap     ] GC(1) Old regions: 0->4
[2023-01-09T09:49:56.997+0000][7][gc,heap     ] GC(1) Archive regions: 0->0
[2023-01-09T09:49:56.998+0000][7][gc,heap     ] GC(1) Humongous regions: 1->1
[2023-01-09T09:49:56.999+0000][7][gc,metaspace] GC(1) Metaspace: 20783K(21248K)->20783K(21248K) NonClass: 18555K(18944K)->18555K(18944K) Class: 2228K(2304K)->2228K(2304K)
[2023-01-09T09:49:56.999+0000][7][gc          ] GC(1) Pause Young (Concurrent Start) (Metadata GC Threshold) 27M->7M(512M) 22.108ms
[2023-01-09T09:49:57.000+0000][7][gc,cpu      ] GC(1) User=0.01s Sys=0.01s Real=0.02s
[2023-01-09T09:49:57.001+0000][7][safepoint   ] Safepoint "CollectForMetadataAllocation", Time since last: 170097750 ns, Reaching safepoint: 72208 ns, At safepoint: 23363500 ns, Total: 23435708 ns
[2023-01-09T09:49:57.001+0000][7][gc          ] GC(2) Concurrent Cycle
[2023-01-09T09:49:57.002+0000][7][gc,marking  ] GC(2) Concurrent Clear Claimed Marks
[2023-01-09T09:49:57.003+0000][7][gc,marking  ] GC(2) Concurrent Clear Claimed Marks 0.480ms
[2023-01-09T09:49:57.003+0000][7][gc,marking  ] GC(2) Concurrent Scan Root Regions
[2023-01-09T09:49:57.006+0000][7][gc,marking  ] GC(2) Concurrent Scan Root Regions 2.577ms
[2023-01-09T09:49:57.007+0000][7][gc,marking  ] GC(2) Concurrent Mark (1.875s)
[2023-01-09T09:49:57.008+0000][7][gc,marking  ] GC(2) Concurrent Mark From Roots
[2023-01-09T09:49:57.009+0000][7][gc,task     ] GC(2) Using 1 workers of 1 for marking
[2023-01-09T09:49:57.010+0000][7][gc,marking  ] GC(2) Concurrent Mark From Roots 1.673ms
[2023-01-09T09:49:57.010+0000][7][gc,marking  ] GC(2) Concurrent Preclean
[2023-01-09T09:49:57.011+0000][7][gc,marking  ] GC(2) Concurrent Preclean 0.697ms
[2023-01-09T09:49:57.012+0000][7][gc,marking  ] GC(2) Concurrent Mark (1.875s, 1.880s) 4.848ms
[2023-01-09T09:49:57.012+0000][7][gc,start    ] GC(2) Pause Remark
[2023-01-09T09:49:57.015+0000][7][gc          ] GC(2) Pause Remark 7M->7M(512M) 2.348ms
[2023-01-09T09:49:57.015+0000][7][gc,cpu      ] GC(2) User=0.00s Sys=0.00s Real=0.01s
[2023-01-09T09:49:57.016+0000][7][safepoint   ] Safepoint "G1Concurrent", Time since last: 11599417 ns, Reaching safepoint: 30750 ns, At safepoint: 3656416 ns, Total: 3687166 ns
[2023-01-09T09:49:57.017+0000][7][gc,marking  ] GC(2) Concurrent Rebuild Remembered Sets
[2023-01-09T09:49:57.019+0000][7][gc,marking  ] GC(2) Concurrent Rebuild Remembered Sets 2.214ms
[2023-01-09T09:49:57.021+0000][7][gc,start    ] GC(2) Pause Cleanup
[2023-01-09T09:49:57.022+0000][7][gc          ] GC(2) Pause Cleanup 7M->7M(512M) 1.118ms
[2023-01-09T09:49:57.023+0000][7][gc,cpu      ] GC(2) User=0.00s Sys=0.00s Real=0.00s
[2023-01-09T09:49:57.024+0000][7][safepoint   ] Safepoint "G1Concurrent", Time since last: 4807750 ns, Reaching safepoint: 343917 ns, At safepoint: 2399292 ns, Total: 2743209 ns
[2023-01-09T09:49:57.025+0000][7][gc,marking  ] GC(2) Concurrent Cleanup for Next Mark
[2023-01-09T09:49:57.026+0000][7][gc,marking  ] GC(2) Concurrent Cleanup for Next Mark 1.267ms
[2023-01-09T09:49:57.027+0000][7][gc          ] GC(2) Concurrent Cycle 26.477ms
[2023-01-09T09:49:57.532+0000][7][gc,start    ] GC(3) Pause Young (Normal) (G1 Evacuation Pause)
[2023-01-09T09:49:57.534+0000][7][gc,task     ] GC(3) Using 4 workers of 4 for evacuation
[2023-01-09T09:49:57.537+0000][7][gc,age      ] GC(3) Desired survivor size 2621440 bytes, new threshold 15 (max threshold 15)
[2023-01-09T09:49:57.558+0000][7][gc,age      ] GC(3) Age table with threshold 15 (max threshold 15)
[2023-01-09T09:49:57.559+0000][7][gc,age      ] GC(3) - age   1:    2234624 bytes,    2234624 total
[2023-01-09T09:49:57.562+0000][7][gc,age      ] GC(3) - age   2:    2124208 bytes,    4358832 total
[2023-01-09T09:49:57.563+0000][7][gc,phases   ] GC(3)   Pre Evacuate Collection Set: 0.1ms
[2023-01-09T09:49:57.565+0000][7][gc,phases   ] GC(3)   Merge Heap Roots: 0.4ms
[2023-01-09T09:49:57.567+0000][7][gc,phases   ] GC(3)   Evacuate Collection Set: 16.6ms
[2023-01-09T09:49:57.568+0000][7][gc,phases   ] GC(3)   Post Evacuate Collection Set: 3.3ms
[2023-01-09T09:49:57.569+0000][7][gc,phases   ] GC(3)   Other: 10.8ms
[2023-01-09T09:49:57.569+0000][7][gc,heap     ] GC(3) Eden regions: 30->0(170)
[2023-01-09T09:49:57.571+0000][7][gc,heap     ] GC(3) Survivor regions: 3->5(5)
[2023-01-09T09:49:57.572+0000][7][gc,heap     ] GC(3) Old regions: 4->4
[2023-01-09T09:49:57.573+0000][7][gc,heap     ] GC(3) Archive regions: 0->0
[2023-01-09T09:49:57.574+0000][7][gc,heap     ] GC(3) Humongous regions: 1->1
[2023-01-09T09:49:57.574+0000][7][gc,metaspace] GC(3) Metaspace: 22525K(23036K)->22525K(23036K) NonClass: 20106K(20476K)->20106K(20476K) Class: 2419K(2560K)->2419K(2560K)
[2023-01-09T09:49:57.575+0000][7][gc          ] GC(3) Pause Young (Normal) (G1 Evacuation Pause) 37M->9M(512M) 43.019ms
[2023-01-09T09:49:57.576+0000][7][gc,cpu      ] GC(3) User=0.00s Sys=0.00s Real=0.05s
[2023-01-09T09:49:57.577+0000][7][safepoint   ] Safepoint "G1CollectForAllocation", Time since last: 505058582 ns, Reaching safepoint: 3577042 ns, At safepoint: 44546042 ns, Total: 48123084 ns
[2023-01-09T09:49:57.759+0000][7][safepoint   ] Safepoint "ICBufferFull", Time since last: 182370333 ns, Reaching safepoint: 76667 ns, At safepoint: 2333 ns, Total: 79000 ns
[2023-01-09T09:49:57.761+0000][7][safepoint   ] Safepoint "ICBufferFull", Time since last: 2048583 ns, Reaching safepoint: 37500 ns, At safepoint: 1459 ns, Total: 38959 ns
[2023-01-09T09:49:57.767+0000][7][safepoint   ] Safepoint "ICBufferFull", Time since last: 5747166 ns, Reaching safepoint: 32584 ns, At safepoint: 83416 ns, Total: 116000 ns
[2023-01-09T09:49:57.774+0000][7][safepoint   ] Safepoint "ICBufferFull", Time since last: 6602042 ns, Reaching safepoint: 126292 ns, At safepoint: 5083 ns, Total: 131375 ns
[2023-01-09T09:49:57.786+0000][7][safepoint   ] Safepoint "ICBufferFull", Time since last: 12244417 ns, Reaching safepoint: 231500 ns, At safepoint: 3500 ns, Total: 235000 ns
[2023-01-09T09:49:57.798+0000][7][safepoint   ] Safepoint "ICBufferFull", Time since last: 11477000 ns, Reaching safepoint: 152916 ns, At safepoint: 2625 ns, Total: 155541 ns
[2023-01-09T09:49:57.801+0000][7][safepoint   ] Safepoint "ICBufferFull", Time since last: 2795125 ns, Reaching safepoint: 126917 ns, At safepoint: 1500 ns, Total: 128417 ns
[2023-01-09T09:49:57.803+0000][7][safepoint   ] Safepoint "ICBufferFull", Time since last: 1691042 ns, Reaching safepoint: 70583 ns, At safepoint: 1375 ns, Total: 71958 ns
[2023-01-09T09:49:57.806+0000][7][safepoint   ] Safepoint "ICBufferFull", Time since last: 3865250 ns, Reaching safepoint: 109167 ns, At safepoint: 1750 ns, Total: 110917 ns
[2023-01-09T09:49:57.809+0000][7][safepoint   ] Safepoint "ICBufferFull", Time since last: 2132208 ns, Reaching safepoint: 125167 ns, At safepoint: 1833 ns, Total: 127000 ns
[2023-01-09T09:49:57.812+0000][7][safepoint   ] Safepoint "ICBufferFull", Time since last: 2913625 ns, Reaching safepoint: 615042 ns, At safepoint: 4125 ns, Total: 619167 ns
[2023-01-09T09:49:57.814+0000][7][safepoint   ] Safepoint "ICBufferFull", Time since last: 1572875 ns, Reaching safepoint: 177583 ns, At safepoint: 1750 ns, Total: 179333 ns
[2023-01-09T09:49:57.816+0000][7][safepoint   ] Safepoint "ICBufferFull", Time since last: 2040750 ns, Reaching safepoint: 97792 ns, At safepoint: 2000 ns, Total: 99792 ns
[2023-01-09T09:49:57.819+0000][7][safepoint   ] Safepoint "ICBufferFull", Time since last: 2437291 ns, Reaching safepoint: 100750 ns, At safepoint: 1667 ns, Total: 102417 ns
[2023-01-09T09:49:57.820+0000][7][safepoint   ] Safepoint "ICBufferFull", Time since last: 1138875 ns, Reaching safepoint: 129750 ns, At safepoint: 1667 ns, Total: 131417 ns
[2023-01-09T09:49:57.822+0000][7][safepoint   ] Safepoint "ICBufferFull", Time since last: 1496916 ns, Reaching safepoint: 97292 ns, At safepoint: 1542 ns, Total: 98834 ns
[2023-01-09T09:49:57.824+0000][7][safepoint   ] Safepoint "ICBufferFull", Time since last: 2097833 ns, Reaching safepoint: 107542 ns, At safepoint: 1916 ns, Total: 109458 ns
[2023-01-09T09:49:57.830+0000][7][safepoint   ] Safepoint "ICBufferFull", Time since last: 5942584 ns, Reaching safepoint: 118458 ns, At safepoint: 1875 ns, Total: 120333 ns
[2023-01-09T09:49:57.837+0000][7][safepoint   ] Safepoint "ICBufferFull", Time since last: 6750833 ns, Reaching safepoint: 486917 ns, At safepoint: 2083 ns, Total: 489000 ns
[2023-01-09T09:49:57.844+0000][7][safepoint   ] Safepoint "ICBufferFull", Time since last: 7264959 ns, Reaching safepoint: 82375 ns, At safepoint: 1708 ns, Total: 84083 ns
[2023-01-09T09:49:57.847+0000][7][safepoint   ] Safepoint "ICBufferFull", Time since last: 1402875 ns, Reaching safepoint: 1361958 ns, At safepoint: 16292 ns, Total: 1378250 ns
[2023-01-09T09:49:57.852+0000][7][safepoint   ] Safepoint "ICBufferFull", Time since last: 4591833 ns, Reaching safepoint: 83500 ns, At safepoint: 70584 ns, Total: 154084 ns
[2023-01-09T09:49:57.857+0000][7][safepoint   ] Safepoint "ICBufferFull", Time since last: 4590625 ns, Reaching safepoint: 137833 ns, At safepoint: 5375 ns, Total: 143208 ns
[2023-01-09T09:49:57.859+0000][7][safepoint   ] Safepoint "ICBufferFull", Time since last: 2478792 ns, Reaching safepoint: 118541 ns, At safepoint: 1334 ns, Total: 119875 ns
[2023-01-09T09:49:57.865+0000][7][safepoint   ] Safepoint "ICBufferFull", Time since last: 5659916 ns, Reaching safepoint: 141292 ns, At safepoint: 5792 ns, Total: 147084 ns
[2023-01-09T09:49:57.868+0000][7][safepoint   ] Safepoint "ICBufferFull", Time since last: 2510166 ns, Reaching safepoint: 140917 ns, At safepoint: 1333 ns, Total: 142250 ns
[2023-01-09T09:49:57.894+0000][7][safepoint   ] Safepoint "ICBufferFull", Time since last: 26261292 ns, Reaching safepoint: 60083 ns, At safepoint: 3000 ns, Total: 63083 ns
[2023-01-09T09:49:57.899+0000][7][safepoint   ] Safepoint "ICBufferFull", Time since last: 4541959 ns, Reaching safepoint: 48875 ns, At safepoint: 2375 ns, Total: 51250 ns
[2023-01-09T09:49:57.915+0000][7][safepoint   ] Safepoint "ICBufferFull", Time since last: 16598583 ns, Reaching safepoint: 59042 ns, At safepoint: 2375 ns, Total: 61417 ns
[2023-01-09T09:49:57.926+0000][7][safepoint   ] Safepoint "ICBufferFull", Time since last: 10665916 ns, Reaching safepoint: 56292 ns, At safepoint: 2750 ns, Total: 59042 ns
[2023-01-09T09:49:57.929+0000][7][safepoint   ] Safepoint "ICBufferFull", Time since last: 2858583 ns, Reaching safepoint: 62084 ns, At safepoint: 3083 ns, Total: 65167 ns
[2023-01-09T09:49:57.931+0000][7][safepoint   ] Safepoint "ICBufferFull", Time since last: 1808125 ns, Reaching safepoint: 53417 ns, At safepoint: 2166 ns, Total: 55583 ns
[2023-01-09T09:49:57.932+0000][7][safepoint   ] Safepoint "ICBufferFull", Time since last: 1462959 ns, Reaching safepoint: 47666 ns, At safepoint: 2084 ns, Total: 49750 ns
[2023-01-09T09:49:57.942+0000][7][safepoint   ] Safepoint "ICBufferFull", Time since last: 9488833 ns, Reaching safepoint: 155417 ns, At safepoint: 4000 ns, Total: 159417 ns
[2023-01-09T09:49:57.944+0000][7][safepoint   ] Safepoint "ICBufferFull", Time since last: 2268166 ns, Reaching safepoint: 139667 ns, At safepoint: 5042 ns, Total: 144709 ns
[2023-01-09T09:49:57.946+0000][7][safepoint   ] Safepoint "ICBufferFull", Time since last: 1765541 ns, Reaching safepoint: 124917 ns, At safepoint: 2167 ns, Total: 127084 ns
[2023-01-09T09:49:57.964+0000][7][safepoint   ] Safepoint "ICBufferFull", Time since last: 17368000 ns, Reaching safepoint: 130542 ns, At safepoint: 1250 ns, Total: 131792 ns
[2023-01-09T09:49:57.966+0000][7][safepoint   ] Safepoint "ICBufferFull", Time since last: 2048916 ns, Reaching safepoint: 177750 ns, At safepoint: 1709 ns, Total: 179459 ns
[2023-01-09T09:49:57.968+0000][7][safepoint   ] Safepoint "ICBufferFull", Time since last: 1221375 ns, Reaching safepoint: 250666 ns, At safepoint: 1792 ns, Total: 252458 ns
[2023-01-09T09:49:57.969+0000][7][safepoint   ] Safepoint "ICBufferFull", Time since last: 811458 ns, Reaching safepoint: 248917 ns, At safepoint: 2083 ns, Total: 251000 ns
[2023-01-09T09:49:57.971+0000][7][safepoint   ] Safepoint "ICBufferFull", Time since last: 2686292 ns, Reaching safepoint: 135125 ns, At safepoint: 2208 ns, Total: 137333 ns
[2023-01-09T09:49:57.973+0000][7][safepoint   ] Safepoint "ICBufferFull", Time since last: 1909667 ns, Reaching safepoint: 122625 ns, At safepoint: 5208 ns, Total: 127833 ns
[2023-01-09T09:49:57.974+0000][7][safepoint   ] Safepoint "ICBufferFull", Time since last: 838125 ns, Reaching safepoint: 109875 ns, At safepoint: 4500 ns, Total: 114375 ns
[2023-01-09T09:49:57.977+0000][7][safepoint   ] Safepoint "ICBufferFull", Time since last: 1225959 ns, Reaching safepoint: 1421375 ns, At safepoint: 2583 ns, Total: 1423958 ns
[2023-01-09T09:49:57.984+0000][7][safepoint   ] Safepoint "ICBufferFull", Time since last: 4192917 ns, Reaching safepoint: 3011875 ns, At safepoint: 56791 ns, Total: 3068666 ns
[2023-01-09T09:49:57.993+0000][7][safepoint   ] Safepoint "ICBufferFull", Time since last: 1585375 ns, Reaching safepoint: 7059125 ns, At safepoint: 7709 ns, Total: 7066834 ns
[2023-01-09T09:49:57.996+0000][7][safepoint   ] Safepoint "ICBufferFull", Time since last: 1288333 ns, Reaching safepoint: 2154083 ns, At safepoint: 7125 ns, Total: 2161208 ns
[2023-01-09T09:49:58.001+0000][7][safepoint   ] Safepoint "ICBufferFull", Time since last: 1102667 ns, Reaching safepoint: 3491625 ns, At safepoint: 4458 ns, Total: 3496083 ns
[2023-01-09T09:49:58.007+0000][7][safepoint   ] Safepoint "ICBufferFull", Time since last: 1007125 ns, Reaching safepoint: 5427709 ns, At safepoint: 7208 ns, Total: 5434917 ns
[2023-01-09T09:49:58.009+0000][7][safepoint   ] Safepoint "ICBufferFull", Time since last: 1285125 ns, Reaching safepoint: 118542 ns, At safepoint: 1208 ns, Total: 119750 ns
[2023-01-09T09:49:58.010+0000][7][safepoint   ] Safepoint "ICBufferFull", Time since last: 1503542 ns, Reaching safepoint: 45541 ns, At safepoint: 917 ns, Total: 46458 ns
[2023-01-09T09:49:58.011+0000][7][safepoint   ] Safepoint "ICBufferFull", Time since last: 803708 ns, Reaching safepoint: 120584 ns, At safepoint: 1125 ns, Total: 121709 ns
[2023-01-09T09:49:58.014+0000][7][safepoint   ] Safepoint "ICBufferFull", Time since last: 2398041 ns, Reaching safepoint: 38667 ns, At safepoint: 1042 ns, Total: 39709 ns
[2023-01-09T09:49:58.015+0000][7][safepoint   ] Safepoint "ICBufferFull", Time since last: 910375 ns, Reaching safepoint: 47208 ns, At safepoint: 1000 ns, Total: 48208 ns
[2023-01-09T09:49:58.016+0000][7][safepoint   ] Safepoint "ICBufferFull", Time since last: 1130250 ns, Reaching safepoint: 40750 ns, At safepoint: 4583 ns, Total: 45333 ns
[2023-01-09T09:49:58.017+0000][7][safepoint   ] Safepoint "ICBufferFull", Time since last: 1155959 ns, Reaching safepoint: 51666 ns, At safepoint: 5334 ns, Total: 57000 ns
[2023-01-09T09:49:58.019+0000][7][safepoint   ] Safepoint "ICBufferFull", Time since last: 917666 ns, Reaching safepoint: 1048042 ns, At safepoint: 4375 ns, Total: 1052417 ns
[2023-01-09T09:49:58.029+0000][7][safepoint   ] Safepoint "ICBufferFull", Time since last: 1161458 ns, Reaching safepoint: 8556292 ns, At safepoint: 9375 ns, Total: 8565667 ns
[2023-01-09T09:49:58.030+0000][7][safepoint   ] Safepoint "ICBufferFull", Time since last: 1001875 ns, Reaching safepoint: 50542 ns, At safepoint: 183125 ns, Total: 233667 ns
[2023-01-09T09:49:58.031+0000][7][safepoint   ] Safepoint "ICBufferFull", Time since last: 788583 ns, Reaching safepoint: 172792 ns, At safepoint: 8500 ns, Total: 181292 ns
[2023-01-09T09:49:58.039+0000][7][safepoint   ] Safepoint "ICBufferFull", Time since last: 2196583 ns, Reaching safepoint: 5820500 ns, At safepoint: 8292 ns, Total: 5828792 ns
[2023-01-09T09:49:58.044+0000][7][safepoint   ] Safepoint "ICBufferFull", Time since last: 1227416 ns, Reaching safepoint: 3680709 ns, At safepoint: 9458 ns, Total: 3690167 ns
[2023-01-09T09:49:58.045+0000][7][safepoint   ] Safepoint "ICBufferFull", Time since last: 1277250 ns, Reaching safepoint: 46417 ns, At safepoint: 1625 ns, Total: 48042 ns
[2023-01-09T09:49:58.046+0000][7][safepoint   ] Safepoint "ICBufferFull", Time since last: 959000 ns, Reaching safepoint: 130291 ns, At safepoint: 1542 ns, Total: 131833 ns
[2023-01-09T09:49:58.048+0000][7][safepoint   ] Safepoint "ICBufferFull", Time since last: 930958 ns, Reaching safepoint: 253709 ns, At safepoint: 1708 ns, Total: 255417 ns
[2023-01-09T09:49:58.048+0000][7][safepoint   ] Safepoint "ICBufferFull", Time since last: 729667 ns, Reaching safepoint: 187458 ns, At safepoint: 1833 ns, Total: 189291 ns
[2023-01-09T09:49:58.050+0000][7][safepoint   ] Safepoint "ICBufferFull", Time since last: 831542 ns, Reaching safepoint: 276125 ns, At safepoint: 1667 ns, Total: 277792 ns
[2023-01-09T09:49:58.050+0000][7][safepoint   ] Safepoint "ICBufferFull", Time since last: 737000 ns, Reaching safepoint: 63125 ns, At safepoint: 4708 ns, Total: 67833 ns
[2023-01-09T09:49:58.052+0000][7][safepoint   ] Safepoint "ICBufferFull", Time since last: 1302417 ns, Reaching safepoint: 45041 ns, At safepoint: 4792 ns, Total: 49833 ns
[2023-01-09T09:49:58.053+0000][7][safepoint   ] Safepoint "ICBufferFull", Time since last: 761958 ns, Reaching safepoint: 54209 ns, At safepoint: 6666 ns, Total: 60875 ns
[2023-01-09T09:49:58.053+0000][7][safepoint   ] Safepoint "ICBufferFull", Time since last: 792959 ns, Reaching safepoint: 122333 ns, At safepoint: 5250 ns, Total: 127583 ns
[2023-01-09T09:49:58.054+0000][7][safepoint   ] Safepoint "ICBufferFull", Time since last: 800917 ns, Reaching safepoint: 146208 ns, At safepoint: 9125 ns, Total: 155333 ns
[2023-01-09T09:49:58.057+0000][7][safepoint   ] Safepoint "ICBufferFull", Time since last: 2651292 ns, Reaching safepoint: 59666 ns, At safepoint: 1500 ns, Total: 61166 ns
[2023-01-09T09:49:58.060+0000][7][safepoint   ] Safepoint "ICBufferFull", Time since last: 2836084 ns, Reaching safepoint: 46958 ns, At safepoint: 1042 ns, Total: 48000 ns
[2023-01-09T09:49:58.063+0000][7][safepoint   ] Safepoint "ICBufferFull", Time since last: 2513000 ns, Reaching safepoint: 120291 ns, At safepoint: 1167 ns, Total: 121458 ns
[2023-01-09T09:49:58.074+0000][7][safepoint   ] Safepoint "ICBufferFull", Time since last: 6971583 ns, Reaching safepoint: 3922209 ns, At safepoint: 4791 ns, Total: 3927000 ns
[2023-01-09T09:49:58.076+0000][7][safepoint   ] Safepoint "ICBufferFull", Time since last: 1656459 ns, Reaching safepoint: 264875 ns, At safepoint: 8708 ns, Total: 273583 ns
[2023-01-09T09:49:58.077+0000][7][safepoint   ] Safepoint "ICBufferFull", Time since last: 1187417 ns, Reaching safepoint: 186458 ns, At safepoint: 7958 ns, Total: 194416 ns
[2023-01-09T09:49:58.078+0000][7][safepoint   ] Safepoint "ICBufferFull", Time since last: 1058250 ns, Reaching safepoint: 214250 ns, At safepoint: 9375 ns, Total: 223625 ns
[2023-01-09T09:49:58.108+0000][7][safepoint   ] Safepoint "ICBufferFull", Time since last: 30019834 ns, Reaching safepoint: 134500 ns, At safepoint: 2541 ns, Total: 137041 ns
[2023-01-09T09:49:58.110+0000][7][safepoint   ] Safepoint "ICBufferFull", Time since last: 1994792 ns, Reaching safepoint: 152000 ns, At safepoint: 3333 ns, Total: 155333 ns
[2023-01-09T09:49:58.112+0000][7][safepoint   ] Safepoint "ICBufferFull", Time since last: 861542 ns, Reaching safepoint: 253875 ns, At safepoint: 2083 ns, Total: 255958 ns
[2023-01-09T09:49:58.113+0000][7][safepoint   ] Safepoint "ICBufferFull", Time since last: 749125 ns, Reaching safepoint: 244417 ns, At safepoint: 1750 ns, Total: 246167 ns
[2023-01-09T09:49:58.116+0000][7][safepoint   ] Safepoint "ICBufferFull", Time since last: 2583708 ns, Reaching safepoint: 837417 ns, At safepoint: 3333 ns, Total: 840750 ns
[2023-01-09T09:49:58.117+0000][7][safepoint   ] Safepoint "ICBufferFull", Time since last: 840000 ns, Reaching safepoint: 288500 ns, At safepoint: 2334 ns, Total: 290834 ns
[2023-01-09T09:49:58.119+0000][7][safepoint   ] Safepoint "ICBufferFull", Time since last: 2026541 ns, Reaching safepoint: 200834 ns, At safepoint: 3208 ns, Total: 204042 ns
[2023-01-09T09:49:58.120+0000][7][safepoint   ] Safepoint "ICBufferFull", Time since last: 932625 ns, Reaching safepoint: 139750 ns, At safepoint: 1625 ns, Total: 141375 ns
[2023-01-09T09:49:58.122+0000][7][safepoint   ] Safepoint "ICBufferFull", Time since last: 886833 ns, Reaching safepoint: 669667 ns, At safepoint: 3750 ns, Total: 673417 ns
[2023-01-09T09:49:58.126+0000][7][safepoint   ] Safepoint "ICBufferFull", Time since last: 3593917 ns, Reaching safepoint: 130833 ns, At safepoint: 2500 ns, Total: 133333 ns
[2023-01-09T09:49:58.127+0000][7][safepoint   ] Safepoint "ICBufferFull", Time since last: 1039875 ns, Reaching safepoint: 118333 ns, At safepoint: 1834 ns, Total: 120167 ns
[2023-01-09T09:49:58.128+0000][7][safepoint   ] Safepoint "ICBufferFull", Time since last: 895833 ns, Reaching safepoint: 223333 ns, At safepoint: 2917 ns, Total: 226250 ns
[2023-01-09T09:49:58.129+0000][7][safepoint   ] Safepoint "ICBufferFull", Time since last: 859500 ns, Reaching safepoint: 252083 ns, At safepoint: 2209 ns, Total: 254292 ns
[2023-01-09T09:49:58.130+0000][7][safepoint   ] Safepoint "ICBufferFull", Time since last: 1032083 ns, Reaching safepoint: 117875 ns, At safepoint: 1708 ns, Total: 119583 ns
[2023-01-09T09:49:58.131+0000][7][safepoint   ] Safepoint "ICBufferFull", Time since last: 838917 ns, Reaching safepoint: 117542 ns, At safepoint: 1625 ns, Total: 119167 ns
[2023-01-09T09:49:58.132+0000][7][safepoint   ] Safepoint "ICBufferFull", Time since last: 814833 ns, Reaching safepoint: 159875 ns, At safepoint: 1625 ns, Total: 161500 ns
[2023-01-09T09:49:58.134+0000][7][safepoint   ] Safepoint "ICBufferFull", Time since last: 999708 ns, Reaching safepoint: 882334 ns, At safepoint: 7583 ns, Total: 889917 ns
[2023-01-09T09:49:58.139+0000][7][safepoint   ] Safepoint "ICBufferFull", Time since last: 4733417 ns, Reaching safepoint: 181541 ns, At safepoint: 5542 ns, Total: 187083 ns
[2023-01-09T09:49:58.140+0000][7][safepoint   ] Safepoint "ICBufferFull", Time since last: 1247833 ns, Reaching safepoint: 111709 ns, At safepoint: 7125 ns, Total: 118834 ns
[2023-01-09T09:49:58.141+0000][7][safepoint   ] Safepoint "ICBufferFull", Time since last: 926375 ns, Reaching safepoint: 98541 ns, At safepoint: 4792 ns, Total: 103333 ns
[2023-01-09T09:49:58.143+0000][7][safepoint   ] Safepoint "ICBufferFull", Time since last: 1087000 ns, Reaching safepoint: 473750 ns, At safepoint: 2417 ns, Total: 476167 ns
[2023-01-09T09:49:58.147+0000][7][safepoint   ] Safepoint "ICBufferFull", Time since last: 834291 ns, Reaching safepoint: 3166584 ns, At safepoint: 2333 ns, Total: 3168917 ns
[2023-01-09T09:49:58.148+0000][7][safepoint   ] Safepoint "ICBufferFull", Time since last: 782375 ns, Reaching safepoint: 12250 ns, At safepoint: 708 ns, Total: 12958 ns
[2023-01-09T09:49:58.149+0000][7][safepoint   ] Safepoint "ICBufferFull", Time since last: 908500 ns, Reaching safepoint: 12542 ns, At safepoint: 792 ns, Total: 13334 ns
[2023-01-09T09:49:58.149+0000][7][safepoint   ] Safepoint "ICBufferFull", Time since last: 764250 ns, Reaching safepoint: 11458 ns, At safepoint: 708 ns, Total: 12166 ns
[2023-01-09T09:49:58.150+0000][7][safepoint   ] Safepoint "ICBufferFull", Time since last: 842834 ns, Reaching safepoint: 21041 ns, At safepoint: 834 ns, Total: 21875 ns
[2023-01-09T09:49:58.151+0000][7][safepoint   ] Safepoint "ICBufferFull", Time since last: 877916 ns, Reaching safepoint: 24709 ns, At safepoint: 791 ns, Total: 25500 ns
[2023-01-09T09:49:58.152+0000][7][safepoint   ] Safepoint "ICBufferFull", Time since last: 776417 ns, Reaching safepoint: 17875 ns, At safepoint: 792 ns, Total: 18667 ns
[2023-01-09T09:49:58.154+0000][7][safepoint   ] Safepoint "ICBufferFull", Time since last: 1597916 ns, Reaching safepoint: 104209 ns, At safepoint: 4625 ns, Total: 108834 ns
[2023-01-09T09:49:58.155+0000][7][safepoint   ] Safepoint "ICBufferFull", Time since last: 848750 ns, Reaching safepoint: 33208 ns, At safepoint: 4667 ns, Total: 37875 ns
[2023-01-09T09:49:58.156+0000][7][safepoint   ] Safepoint "ICBufferFull", Time since last: 841583 ns, Reaching safepoint: 33375 ns, At safepoint: 4500 ns, Total: 37875 ns
[2023-01-09T09:49:58.157+0000][7][safepoint   ] Safepoint "ICBufferFull", Time since last: 1053375 ns, Reaching safepoint: 32583 ns, At safepoint: 4459 ns, Total: 37042 ns
[2023-01-09T09:49:58.157+0000][7][safepoint   ] Safepoint "ICBufferFull", Time since last: 764375 ns, Reaching safepoint: 88791 ns, At safepoint: 1250 ns, Total: 90041 ns
[2023-01-09T09:49:58.158+0000][7][safepoint   ] Safepoint "ICBufferFull", Time since last: 858042 ns, Reaching safepoint: 21417 ns, At safepoint: 708 ns, Total: 22125 ns
[2023-01-09T09:49:58.159+0000][7][safepoint   ] Safepoint "ICBufferFull", Time since last: 759375 ns, Reaching safepoint: 13958 ns, At safepoint: 875 ns, Total: 14833 ns
[2023-01-09T09:49:58.160+0000][7][safepoint   ] Safepoint "ICBufferFull", Time since last: 953459 ns, Reaching safepoint: 13666 ns, At safepoint: 834 ns, Total: 14500 ns
[2023-01-09T09:49:58.162+0000][7][safepoint   ] Safepoint "ICBufferFull", Time since last: 1513291 ns, Reaching safepoint: 15584 ns, At safepoint: 791 ns, Total: 16375 ns
[2023-01-09T09:49:58.162+0000][7][safepoint   ] Safepoint "ICBufferFull", Time since last: 832334 ns, Reaching safepoint: 15666 ns, At safepoint: 1042 ns, Total: 16708 ns
[2023-01-09T09:49:58.163+0000][7][safepoint   ] Safepoint "ICBufferFull", Time since last: 855458 ns, Reaching safepoint: 13792 ns, At safepoint: 875 ns, Total: 14667 ns
[2023-01-09T09:49:58.164+0000][7][safepoint   ] Safepoint "ICBufferFull", Time since last: 770583 ns, Reaching safepoint: 12417 ns, At safepoint: 750 ns, Total: 13167 ns
[2023-01-09T09:49:58.267+0000][7][safepoint   ] Safepoint "ICBufferFull", Time since last: 102877833 ns, Reaching safepoint: 123792 ns, At safepoint: 2292 ns, Total: 126084 ns
[2023-01-09T09:49:58.270+0000][7][safepoint   ] Safepoint "ICBufferFull", Time since last: 2696458 ns, Reaching safepoint: 186833 ns, At safepoint: 1875 ns, Total: 188708 ns
[2023-01-09T09:49:58.271+0000][7][safepoint   ] Safepoint "ICBufferFull", Time since last: 818542 ns, Reaching safepoint: 16417 ns, At safepoint: 1416 ns, Total: 17833 ns
[2023-01-09T09:49:58.272+0000][7][safepoint   ] Safepoint "ICBufferFull", Time since last: 866500 ns, Reaching safepoint: 17750 ns, At safepoint: 1459 ns, Total: 19209 ns
[2023-01-09T09:49:58.273+0000][7][safepoint   ] Safepoint "ICBufferFull", Time since last: 1346166 ns, Reaching safepoint: 25250 ns, At safepoint: 1375 ns, Total: 26625 ns
[2023-01-09T09:49:58.274+0000][7][safepoint   ] Safepoint "ICBufferFull", Time since last: 1032584 ns, Reaching safepoint: 85875 ns, At safepoint: 1833 ns, Total: 87708 ns
[2023-01-09T09:49:58.275+0000][7][safepoint   ] Safepoint "ICBufferFull", Time since last: 1043125 ns, Reaching safepoint: 122333 ns, At safepoint: 2417 ns, Total: 124750 ns
[2023-01-09T09:49:58.276+0000][7][safepoint   ] Safepoint "ICBufferFull", Time since last: 803708 ns, Reaching safepoint: 16875 ns, At safepoint: 1292 ns, Total: 18167 ns
[2023-01-09T09:49:58.277+0000][7][safepoint   ] Safepoint "ICBufferFull", Time since last: 885500 ns, Reaching safepoint: 16833 ns, At safepoint: 1209 ns, Total: 18042 ns
[2023-01-09T09:49:58.278+0000][7][safepoint   ] Safepoint "ICBufferFull", Time since last: 1328291 ns, Reaching safepoint: 19000 ns, At safepoint: 1459 ns, Total: 20459 ns
[2023-01-09T09:49:58.279+0000][7][safepoint   ] Safepoint "ICBufferFull", Time since last: 805416 ns, Reaching safepoint: 15750 ns, At safepoint: 1209 ns, Total: 16959 ns
[2023-01-09T09:49:58.280+0000][7][safepoint   ] Safepoint "ICBufferFull", Time since last: 845833 ns, Reaching safepoint: 17458 ns, At safepoint: 1459 ns, Total: 18917 ns
[2023-01-09T09:49:58.282+0000][7][safepoint   ] Safepoint "ICBufferFull", Time since last: 1421458 ns, Reaching safepoint: 18208 ns, At safepoint: 1334 ns, Total: 19542 ns
[2023-01-09T09:49:58.282+0000][7][safepoint   ] Safepoint "ICBufferFull", Time since last: 758125 ns, Reaching safepoint: 30916 ns, At safepoint: 1292 ns, Total: 32208 ns
[2023-01-09T09:49:58.283+0000][7][safepoint   ] Safepoint "ICBufferFull", Time since last: 912458 ns, Reaching safepoint: 104084 ns, At safepoint: 1708 ns, Total: 105792 ns
[2023-01-09T09:49:58.284+0000][7][safepoint   ] Safepoint "ICBufferFull", Time since last: 876417 ns, Reaching safepoint: 80791 ns, At safepoint: 1750 ns, Total: 82541 ns
[2023-01-09T09:49:58.285+0000][7][safepoint   ] Safepoint "ICBufferFull", Time since last: 844459 ns, Reaching safepoint: 29250 ns, At safepoint: 1458 ns, Total: 30708 ns
[2023-01-09T09:49:58.286+0000][7][safepoint   ] Safepoint "ICBufferFull", Time since last: 909792 ns, Reaching safepoint: 16750 ns, At safepoint: 1250 ns, Total: 18000 ns
[2023-01-09T09:49:58.287+0000][7][safepoint   ] Safepoint "ICBufferFull", Time since last: 904333 ns, Reaching safepoint: 17583 ns, At safepoint: 1250 ns, Total: 18833 ns
[2023-01-09T09:49:58.288+0000][7][safepoint   ] Safepoint "ICBufferFull", Time since last: 728667 ns, Reaching safepoint: 17208 ns, At safepoint: 1292 ns, Total: 18500 ns
[2023-01-09T09:49:58.289+0000][7][safepoint   ] Safepoint "ICBufferFull", Time since last: 689458 ns, Reaching safepoint: 17000 ns, At safepoint: 1167 ns, Total: 18167 ns
[2023-01-09T09:49:58.289+0000][7][safepoint   ] Safepoint "ICBufferFull", Time since last: 819333 ns, Reaching safepoint: 22250 ns, At safepoint: 1334 ns, Total: 23584 ns
[2023-01-09T09:49:58.290+0000][7][safepoint   ] Safepoint "ICBufferFull", Time since last: 1013375 ns, Reaching safepoint: 32083 ns, At safepoint: 1458 ns, Total: 33541 ns
[2023-01-09T09:49:58.291+0000][7][safepoint   ] Safepoint "ICBufferFull", Time since last: 888875 ns, Reaching safepoint: 27500 ns, At safepoint: 1375 ns, Total: 28875 ns
[2023-01-09T09:49:58.292+0000][7][safepoint   ] Safepoint "ICBufferFull", Time since last: 800042 ns, Reaching safepoint: 16667 ns, At safepoint: 1333 ns, Total: 18000 ns
[2023-01-09T09:49:58.293+0000][7][safepoint   ] Safepoint "ICBufferFull", Time since last: 888417 ns, Reaching safepoint: 18541 ns, At safepoint: 1417 ns, Total: 19958 ns
[2023-01-09T09:49:58.294+0000][7][safepoint   ] Safepoint "ICBufferFull", Time since last: 673542 ns, Reaching safepoint: 14750 ns, At safepoint: 1250 ns, Total: 16000 ns
[2023-01-09T09:49:58.295+0000][7][safepoint   ] Safepoint "ICBufferFull", Time since last: 738541 ns, Reaching safepoint: 15417 ns, At safepoint: 1250 ns, Total: 16667 ns
[2023-01-09T09:49:58.295+0000][7][safepoint   ] Safepoint "ICBufferFull", Time since last: 801083 ns, Reaching safepoint: 19334 ns, At safepoint: 1250 ns, Total: 20584 ns
[2023-01-09T09:49:58.296+0000][7][safepoint   ] Safepoint "ICBufferFull", Time since last: 768208 ns, Reaching safepoint: 17333 ns, At safepoint: 1209 ns, Total: 18542 ns
[2023-01-09T09:49:58.297+0000][7][safepoint   ] Safepoint "ICBufferFull", Time since last: 1252416 ns, Reaching safepoint: 20292 ns, At safepoint: 1458 ns, Total: 21750 ns
[2023-01-09T09:49:58.298+0000][7][safepoint   ] Safepoint "ICBufferFull", Time since last: 815500 ns, Reaching safepoint: 31834 ns, At safepoint: 1375 ns, Total: 33209 ns
[2023-01-09T09:49:58.299+0000][7][safepoint   ] Safepoint "ICBufferFull", Time since last: 858208 ns, Reaching safepoint: 52917 ns, At safepoint: 1541 ns, Total: 54458 ns
[2023-01-09T09:49:58.300+0000][7][safepoint   ] Safepoint "ICBufferFull", Time since last: 1174875 ns, Reaching safepoint: 96417 ns, At safepoint: 2000 ns, Total: 98417 ns
[2023-01-09T09:49:58.301+0000][7][safepoint   ] Safepoint "ICBufferFull", Time since last: 976958 ns, Reaching safepoint: 24084 ns, At safepoint: 1333 ns, Total: 25417 ns
[2023-01-09T09:49:58.302+0000][7][safepoint   ] Safepoint "ICBufferFull", Time since last: 872333 ns, Reaching safepoint: 25417 ns, At safepoint: 1292 ns, Total: 26709 ns
[2023-01-09T09:49:58.305+0000][7][safepoint   ] Safepoint "ICBufferFull", Time since last: 2218500 ns, Reaching safepoint: 69500 ns, At safepoint: 2125 ns, Total: 71625 ns
[2023-01-09T09:49:58.305+0000][7][safepoint   ] Safepoint "ICBufferFull", Time since last: 752291 ns, Reaching safepoint: 25334 ns, At safepoint: 1333 ns, Total: 26667 ns
[2023-01-09T09:49:58.306+0000][7][safepoint   ] Safepoint "ICBufferFull", Time since last: 904125 ns, Reaching safepoint: 30083 ns, At safepoint: 1292 ns, Total: 31375 ns
[2023-01-09T09:49:58.358+0000][7][safepoint   ] Safepoint "ICBufferFull", Time since last: 51662625 ns, Reaching safepoint: 129417 ns, At safepoint: 1958 ns, Total: 131375 ns
[2023-01-09T09:49:58.664+0000][7][safepoint   ] Safepoint "ICBufferFull", Time since last: 305725375 ns, Reaching safepoint: 198334 ns, At safepoint: 2000 ns, Total: 200334 ns
[2023-01-09T09:49:58.735+0000][7][gc,start    ] GC(4) Pause Young (Normal) (G1 Evacuation Pause)
[2023-01-09T09:49:58.736+0000][7][gc,task     ] GC(4) Using 4 workers of 4 for evacuation
[2023-01-09T09:49:58.737+0000][7][gc,age      ] GC(4) Desired survivor size 11534336 bytes, new threshold 15 (max threshold 15)
[2023-01-09T09:49:58.767+0000][7][gc,age      ] GC(4) Age table with threshold 15 (max threshold 15)
[2023-01-09T09:49:58.768+0000][7][gc,age      ] GC(4) - age   1:    5880592 bytes,    5880592 total
[2023-01-09T09:49:58.769+0000][7][gc,age      ] GC(4) - age   2:    1162216 bytes,    7042808 total
[2023-01-09T09:49:58.770+0000][7][gc,age      ] GC(4) - age   3:    2109896 bytes,    9152704 total
[2023-01-09T09:49:58.771+0000][7][gc,phases   ] GC(4)   Pre Evacuate Collection Set: 0.1ms
[2023-01-09T09:49:58.772+0000][7][gc,phases   ] GC(4)   Merge Heap Roots: 0.3ms
[2023-01-09T09:49:58.773+0000][7][gc,phases   ] GC(4)   Evacuate Collection Set: 14.9ms
[2023-01-09T09:49:58.774+0000][7][gc,phases   ] GC(4)   Post Evacuate Collection Set: 12.2ms
[2023-01-09T09:49:58.775+0000][7][gc,phases   ] GC(4)   Other: 9.0ms
[2023-01-09T09:49:58.776+0000][7][gc,heap     ] GC(4) Eden regions: 170->0(298)
[2023-01-09T09:49:58.777+0000][7][gc,heap     ] GC(4) Survivor regions: 5->9(22)
[2023-01-09T09:49:58.777+0000][7][gc,heap     ] GC(4) Old regions: 4->4
[2023-01-09T09:49:58.778+0000][7][gc,heap     ] GC(4) Archive regions: 0->0
[2023-01-09T09:49:58.779+0000][7][gc,heap     ] GC(4) Humongous regions: 2->1
[2023-01-09T09:49:58.783+0000][7][gc,metaspace] GC(4) Metaspace: 25968K(26876K)->25968K(26876K) NonClass: 23081K(23804K)->23081K(23804K) Class: 2886K(3072K)->2886K(3072K)
[2023-01-09T09:49:58.784+0000][7][gc          ] GC(4) Pause Young (Normal) (G1 Evacuation Pause) 180M->13M(512M) 48.918ms
[2023-01-09T09:49:58.784+0000][7][gc,cpu      ] GC(4) User=0.03s Sys=0.00s Real=0.05s
[2023-01-09T09:49:58.786+0000][7][safepoint   ] Safepoint "G1CollectForAllocation", Time since last: 70499041 ns, Reaching safepoint: 201959 ns, At safepoint: 50826291 ns, Total: 51028250 ns
[2023-01-09T09:49:59.142+0000][7][safepoint   ] Safepoint "ICBufferFull", Time since last: 355790209 ns, Reaching safepoint: 165000 ns, At safepoint: 2041 ns, Total: 167041 ns
[2023-01-09T09:49:59.552+0000][7][gc,start    ] GC(5) Pause Young (Normal) (G1 Evacuation Pause)
[2023-01-09T09:49:59.554+0000][7][gc,task     ] GC(5) Using 4 workers of 4 for evacuation
[2023-01-09T09:49:59.555+0000][7][gc,age      ] GC(5) Desired survivor size 20447232 bytes, new threshold 15 (max threshold 15)
[2023-01-09T09:49:59.578+0000][7][gc,age      ] GC(5) Age table with threshold 15 (max threshold 15)
[2023-01-09T09:49:59.579+0000][7][gc,age      ] GC(5) - age   1:    5187872 bytes,    5187872 total
[2023-01-09T09:49:59.581+0000][7][gc,age      ] GC(5) - age   2:    4279240 bytes,    9467112 total
[2023-01-09T09:49:59.581+0000][7][gc,age      ] GC(5) - age   3:    1162040 bytes,   10629152 total
[2023-01-09T09:49:59.582+0000][7][gc,age      ] GC(5) - age   4:    2109896 bytes,   12739048 total
[2023-01-09T09:49:59.583+0000][7][gc,phases   ] GC(5)   Pre Evacuate Collection Set: 0.1ms
[2023-01-09T09:49:59.585+0000][7][gc,phases   ] GC(5)   Merge Heap Roots: 0.0ms
[2023-01-09T09:49:59.586+0000][7][gc,phases   ] GC(5)   Evacuate Collection Set: 16.5ms
[2023-01-09T09:49:59.586+0000][7][gc,phases   ] GC(5)   Post Evacuate Collection Set: 6.4ms
[2023-01-09T09:49:59.587+0000][7][gc,phases   ] GC(5)   Other: 8.2ms
[2023-01-09T09:49:59.588+0000][7][gc,heap     ] GC(5) Eden regions: 298->0(294)
[2023-01-09T09:49:59.589+0000][7][gc,heap     ] GC(5) Survivor regions: 9->13(39)
[2023-01-09T09:49:59.589+0000][7][gc,heap     ] GC(5) Old regions: 4->4
[2023-01-09T09:49:59.590+0000][7][gc,heap     ] GC(5) Archive regions: 0->0
[2023-01-09T09:49:59.591+0000][7][gc,heap     ] GC(5) Humongous regions: 1->1
[2023-01-09T09:49:59.591+0000][7][gc,metaspace] GC(5) Metaspace: 27683K(28668K)->27683K(28668K) NonClass: 24603K(25340K)->24603K(25340K) Class: 3080K(3328K)->3080K(3328K)
[2023-01-09T09:49:59.592+0000][7][gc          ] GC(5) Pause Young (Normal) (G1 Evacuation Pause) 311M->17M(512M) 39.756ms
[2023-01-09T09:49:59.593+0000][7][gc,cpu      ] GC(5) User=0.02s Sys=0.00s Real=0.04s
[2023-01-09T09:49:59.594+0000][7][safepoint   ] Safepoint "G1CollectForAllocation", Time since last: 410190209 ns, Reaching safepoint: 263958 ns, At safepoint: 41766500 ns, Total: 42030458 ns
[2023-01-09T09:50:00.170+0000][7][safepoint   ] Safepoint "ICBufferFull", Time since last: 575686001 ns, Reaching safepoint: 88666 ns, At safepoint: 5292 ns, Total: 93958 ns
[2023-01-09T09:50:00.260+0000][7][gc,start    ] GC(6) Pause Young (Normal) (G1 Evacuation Pause)
[2023-01-09T09:50:00.261+0000][7][gc,task     ] GC(6) Using 4 workers of 4 for evacuation
[2023-01-09T09:50:00.262+0000][7][gc,age      ] GC(6) Desired survivor size 20447232 bytes, new threshold 15 (max threshold 15)
[2023-01-09T09:50:00.297+0000][7][gc,age      ] GC(6) Age table with threshold 15 (max threshold 15)
[2023-01-09T09:50:00.297+0000][7][gc,age      ] GC(6) - age   1:    2400200 bytes,    2400200 total
[2023-01-09T09:50:00.298+0000][7][gc,age      ] GC(6) - age   2:    3287016 bytes,    5687216 total
[2023-01-09T09:50:00.299+0000][7][gc,age      ] GC(6) - age   3:    4274936 bytes,    9962152 total
[2023-01-09T09:50:00.300+0000][7][gc,age      ] GC(6) - age   4:    1161896 bytes,   11124048 total
[2023-01-09T09:50:00.301+0000][7][gc,age      ] GC(6) - age   5:    2109896 bytes,   13233944 total
[2023-01-09T09:50:00.302+0000][7][gc,phases   ] GC(6)   Pre Evacuate Collection Set: 0.2ms
[2023-01-09T09:50:00.302+0000][7][gc,phases   ] GC(6)   Merge Heap Roots: 0.1ms
[2023-01-09T09:50:00.303+0000][7][gc,phases   ] GC(6)   Evacuate Collection Set: 27.3ms
[2023-01-09T09:50:00.304+0000][7][gc,phases   ] GC(6)   Post Evacuate Collection Set: 5.6ms
[2023-01-09T09:50:00.305+0000][7][gc,phases   ] GC(6)   Other: 8.4ms
[2023-01-09T09:50:00.306+0000][7][gc,heap     ] GC(6) Eden regions: 294->0(293)
[2023-01-09T09:50:00.307+0000][7][gc,heap     ] GC(6) Survivor regions: 13->14(39)
[2023-01-09T09:50:00.308+0000][7][gc,heap     ] GC(6) Old regions: 4->4
[2023-01-09T09:50:00.308+0000][7][gc,heap     ] GC(6) Archive regions: 0->0
[2023-01-09T09:50:00.309+0000][7][gc,heap     ] GC(6) Humongous regions: 1->1
[2023-01-09T09:50:00.310+0000][7][gc,metaspace] GC(6) Metaspace: 28049K(29308K)->28049K(29308K) NonClass: 24900K(25852K)->24900K(25852K) Class: 3148K(3456K)->3148K(3456K)
[2023-01-09T09:50:00.311+0000][7][gc          ] GC(6) Pause Young (Normal) (G1 Evacuation Pause) 311M->18M(512M) 50.468ms
[2023-01-09T09:50:00.311+0000][7][gc,cpu      ] GC(6) User=0.02s Sys=0.00s Real=0.05s
[2023-01-09T09:50:00.312+0000][7][safepoint   ] Safepoint "G1CollectForAllocation", Time since last: 73695083 ns, Reaching safepoint: 16908125 ns, At safepoint: 52119500 ns, Total: 69027625 ns
[2023-01-09T09:50:00.917+0000][7][gc,start    ] GC(7) Pause Young (Normal) (G1 Evacuation Pause)
[2023-01-09T09:50:00.918+0000][7][gc,task     ] GC(7) Using 4 workers of 4 for evacuation
[2023-01-09T09:50:00.919+0000][7][gc,age      ] GC(7) Desired survivor size 20447232 bytes, new threshold 15 (max threshold 15)
[2023-01-09T09:50:00.958+0000][7][gc,age      ] GC(7) Age table with threshold 15 (max threshold 15)
[2023-01-09T09:50:00.958+0000][7][gc,age      ] GC(7) - age   1:    2748224 bytes,    2748224 total
[2023-01-09T09:50:00.959+0000][7][gc,age      ] GC(7) - age   2:     612632 bytes,    3360856 total
[2023-01-09T09:50:00.960+0000][7][gc,age      ] GC(7) - age   3:    3285240 bytes,    6646096 total
[2023-01-09T09:50:00.961+0000][7][gc,age      ] GC(7) - age   4:    4274496 bytes,   10920592 total
[2023-01-09T09:50:00.962+0000][7][gc,age      ] GC(7) - age   5:    1161896 bytes,   12082488 total
[2023-01-09T09:50:00.963+0000][7][gc,age      ] GC(7) - age   6:    2109896 bytes,   14192384 total
[2023-01-09T09:50:00.964+0000][7][gc,phases   ] GC(7)   Pre Evacuate Collection Set: 0.2ms
[2023-01-09T09:50:00.965+0000][7][gc,phases   ] GC(7)   Merge Heap Roots: 2.6ms
[2023-01-09T09:50:00.966+0000][7][gc,phases   ] GC(7)   Evacuate Collection Set: 20.0ms
[2023-01-09T09:50:00.967+0000][7][gc,phases   ] GC(7)   Post Evacuate Collection Set: 13.5ms
[2023-01-09T09:50:00.967+0000][7][gc,phases   ] GC(7)   Other: 11.2ms
[2023-01-09T09:50:00.968+0000][7][gc,heap     ] GC(7) Eden regions: 293->0(292)
[2023-01-09T09:50:00.969+0000][7][gc,heap     ] GC(7) Survivor regions: 14->15(39)
[2023-01-09T09:50:00.969+0000][7][gc,heap     ] GC(7) Old regions: 4->4
[2023-01-09T09:50:00.970+0000][7][gc,heap     ] GC(7) Archive regions: 0->0
[2023-01-09T09:50:00.971+0000][7][gc,heap     ] GC(7) Humongous regions: 1->1
[2023-01-09T09:50:00.971+0000][7][gc,metaspace] GC(7) Metaspace: 28583K(29948K)->28583K(29948K) NonClass: 25354K(26364K)->25354K(26364K) Class: 3229K(3584K)->3229K(3584K)
[2023-01-09T09:50:00.972+0000][7][gc          ] GC(7) Pause Young (Normal) (G1 Evacuation Pause) 311M->19M(512M) 55.316ms
[2023-01-09T09:50:00.973+0000][7][gc,cpu      ] GC(7) User=0.01s Sys=0.00s Real=0.05s
[2023-01-09T09:50:00.973+0000][7][safepoint   ] Safepoint "G1CollectForAllocation", Time since last: 604178251 ns, Reaching safepoint: 86333 ns, At safepoint: 56903792 ns, Total: 56990125 ns
[2023-01-09T09:50:01.684+0000][7][safepoint   ] Safepoint "ICBufferFull", Time since last: 710155750 ns, Reaching safepoint: 245958 ns, At safepoint: 208334 ns, Total: 454292 ns
[2023-01-09T09:50:01.939+0000][7][gc,start    ] GC(8) Pause Young (Concurrent Start) (Metadata GC Threshold)
[2023-01-09T09:50:01.940+0000][7][gc,task     ] GC(8) Using 4 workers of 4 for evacuation
[2023-01-09T09:50:01.955+0000][7][gc,age      ] GC(8) Desired survivor size 20447232 bytes, new threshold 15 (max threshold 15)
[2023-01-09T09:50:01.986+0000][7][gc,age      ] GC(8) Age table with threshold 15 (max threshold 15)
[2023-01-09T09:50:01.987+0000][7][gc,age      ] GC(8) - age   1:    2276064 bytes,    2276064 total
[2023-01-09T09:50:01.988+0000][7][gc,age      ] GC(8) - age   2:    2293832 bytes,    4569896 total
[2023-01-09T09:50:01.989+0000][7][gc,age      ] GC(8) - age   3:     596232 bytes,    5166128 total
[2023-01-09T09:50:01.990+0000][7][gc,age      ] GC(8) - age   4:    3269504 bytes,    8435632 total
[2023-01-09T09:50:01.991+0000][7][gc,age      ] GC(8) - age   5:    4262448 bytes,   12698080 total
[2023-01-09T09:50:01.992+0000][7][gc,age      ] GC(8) - age   6:    1131512 bytes,   13829592 total
[2023-01-09T09:50:01.993+0000][7][gc,age      ] GC(8) - age   7:    2106904 bytes,   15936496 total
[2023-01-09T09:50:01.995+0000][7][gc,phases   ] GC(8)   Pre Evacuate Collection Set: 0.2ms
[2023-01-09T09:50:01.996+0000][7][gc,phases   ] GC(8)   Merge Heap Roots: 0.1ms
[2023-01-09T09:50:01.999+0000][7][gc,phases   ] GC(8)   Evacuate Collection Set: 26.8ms
[2023-01-09T09:50:02.000+0000][7][gc,phases   ] GC(8)   Post Evacuate Collection Set: 2.8ms
[2023-01-09T09:50:02.002+0000][7][gc,phases   ] GC(8)   Other: 26.3ms
[2023-01-09T09:50:02.003+0000][7][gc,heap     ] GC(8) Eden regions: 147->0(290)
[2023-01-09T09:50:02.004+0000][7][gc,heap     ] GC(8) Survivor regions: 15->17(39)
[2023-01-09T09:50:02.005+0000][7][gc,heap     ] GC(8) Old regions: 4->4
[2023-01-09T09:50:02.005+0000][7][gc,heap     ] GC(8) Archive regions: 0->0
[2023-01-09T09:50:02.007+0000][7][gc,heap     ] GC(8) Humongous regions: 1->1
[2023-01-09T09:50:02.008+0000][7][gc,metaspace] GC(8) Metaspace: 34404K(36048K)->34404K(36048K) NonClass: 30423K(31696K)->30423K(31696K) Class: 3981K(4352K)->3981K(4352K)
[2023-01-09T09:50:02.009+0000][7][gc          ] GC(8) Pause Young (Concurrent Start) (Metadata GC Threshold) 166M->21M(512M) 70.855ms
[2023-01-09T09:50:02.010+0000][7][gc,cpu      ] GC(8) User=0.01s Sys=0.00s Real=0.07s
[2023-01-09T09:50:02.011+0000][7][gc          ] GC(9) Concurrent Cycle
[2023-01-09T09:50:02.012+0000][7][gc,marking  ] GC(9) Concurrent Clear Claimed Marks
[2023-01-09T09:50:02.011+0000][7][safepoint   ] Safepoint "CollectForMetadataAllocation", Time since last: 254347458 ns, Reaching safepoint: 200375 ns, At safepoint: 72802417 ns, Total: 73002792 ns
[2023-01-09T09:50:02.012+0000][7][gc,marking  ] GC(9) Concurrent Clear Claimed Marks 0.849ms
[2023-01-09T09:50:02.014+0000][7][gc,marking  ] GC(9) Concurrent Scan Root Regions
[2023-01-09T09:50:02.019+0000][7][gc,marking  ] GC(9) Concurrent Scan Root Regions 4.569ms
[2023-01-09T09:50:02.022+0000][7][gc,marking  ] GC(9) Concurrent Mark (6.891s)
[2023-01-09T09:50:02.023+0000][7][gc,marking  ] GC(9) Concurrent Mark From Roots
[2023-01-09T09:50:02.024+0000][7][gc,task     ] GC(9) Using 1 workers of 1 for marking
[2023-01-09T09:50:02.027+0000][7][gc,marking  ] GC(9) Concurrent Mark From Roots 4.357ms
[2023-01-09T09:50:02.030+0000][7][gc,marking  ] GC(9) Concurrent Preclean
[2023-01-09T09:50:02.031+0000][7][gc,marking  ] GC(9) Concurrent Preclean 0.723ms
[2023-01-09T09:50:02.032+0000][7][gc,marking  ] GC(9) Concurrent Mark (6.891s, 6.900s) 9.633ms
[2023-01-09T09:50:02.033+0000][7][gc,start    ] GC(9) Pause Remark
[2023-01-09T09:50:02.036+0000][7][gc          ] GC(9) Pause Remark 22M->22M(512M) 2.980ms
[2023-01-09T09:50:02.047+0000][7][gc,cpu      ] GC(9) User=0.01s Sys=0.00s Real=0.02s
[2023-01-09T09:50:02.049+0000][7][safepoint   ] Safepoint "G1Concurrent", Time since last: 20983958 ns, Reaching safepoint: 137083 ns, At safepoint: 15941834 ns, Total: 16078917 ns
[2023-01-09T09:50:02.049+0000][7][gc,marking  ] GC(9) Concurrent Rebuild Remembered Sets
[2023-01-09T09:50:02.052+0000][7][gc,marking  ] GC(9) Concurrent Rebuild Remembered Sets 2.833ms
[2023-01-09T09:50:02.056+0000][7][gc,start    ] GC(9) Pause Cleanup
[2023-01-09T09:50:02.058+0000][7][gc          ] GC(9) Pause Cleanup 22M->22M(512M) 1.194ms
[2023-01-09T09:50:02.058+0000][7][gc,cpu      ] GC(9) User=0.00s Sys=0.00s Real=0.00s
[2023-01-09T09:50:02.059+0000][7][safepoint   ] Safepoint "G1Concurrent", Time since last: 6537750 ns, Reaching safepoint: 1299125 ns, At safepoint: 2730541 ns, Total: 4029666 ns
[2023-01-09T09:50:02.060+0000][7][gc,marking  ] GC(9) Concurrent Cleanup for Next Mark
[2023-01-09T09:50:02.061+0000][7][gc,marking  ] GC(9) Concurrent Cleanup for Next Mark 1.072ms
[2023-01-09T09:50:02.062+0000][7][gc          ] GC(9) Concurrent Cycle 50.402ms
[2023-01-09T09:50:03.081+0000][7][safepoint   ] Safepoint "ICBufferFull", Time since last: 1019390418 ns, Reaching safepoint: 2789541 ns, At safepoint: 5209 ns, Total: 2794750 ns
[2023-01-09T09:50:04.566+0000][7][safepoint   ] Safepoint "Cleanup", Time since last: 1481723709 ns, Reaching safepoint: 3110000 ns, At safepoint: 3833 ns, Total: 3113833 ns
[2023-01-09T09:50:04.901+0000][7][safepoint   ] Safepoint "ICBufferFull", Time since last: 335095417 ns, Reaching safepoint: 153250 ns, At safepoint: 2166 ns, Total: 155416 ns
[2023-01-09T09:50:05.290+0000][7][gc,start    ] GC(10) Pause Young (Normal) (G1 Evacuation Pause)
[2023-01-09T09:50:05.292+0000][7][gc,task     ] GC(10) Using 4 workers of 4 for evacuation
[2023-01-09T09:50:05.292+0000][7][gc,age      ] GC(10) Desired survivor size 20447232 bytes, new threshold 15 (max threshold 15)
[2023-01-09T09:50:05.389+0000][7][gc,age      ] GC(10) Age table with threshold 15 (max threshold 15)
[2023-01-09T09:50:05.390+0000][7][gc,age      ] GC(10) - age   1:   24999384 bytes,   24999384 total
[2023-01-09T09:50:05.391+0000][7][gc,age      ] GC(10) - age   2:    2179096 bytes,   27178480 total
[2023-01-09T09:50:05.393+0000][7][gc,age      ] GC(10) - age   3:    2293256 bytes,   29471736 total
[2023-01-09T09:50:05.394+0000][7][gc,age      ] GC(10) - age   4:     595896 bytes,   30067632 total
[2023-01-09T09:50:05.395+0000][7][gc,age      ] GC(10) - age   5:    3258040 bytes,   33325672 total
[2023-01-09T09:50:05.396+0000][7][gc,age      ] GC(10) - age   6:    4236672 bytes,   37562344 total
[2023-01-09T09:50:05.397+0000][7][gc,age      ] GC(10) - age   7:    1110664 bytes,   38673008 total
[2023-01-09T09:50:05.398+0000][7][gc,age      ] GC(10) - age   8:    2098824 bytes,   40771832 total
[2023-01-09T09:50:05.399+0000][7][gc,phases   ] GC(10)   Pre Evacuate Collection Set: 0.4ms
[2023-01-09T09:50:05.400+0000][7][gc,phases   ] GC(10)   Merge Heap Roots: 0.0ms
[2023-01-09T09:50:05.401+0000][7][gc,phases   ] GC(10)   Evacuate Collection Set: 92.6ms
[2023-01-09T09:50:05.402+0000][7][gc,phases   ] GC(10)   Post Evacuate Collection Set: 3.0ms
[2023-01-09T09:50:05.402+0000][7][gc,phases   ] GC(10)   Other: 13.5ms
[2023-01-09T09:50:05.403+0000][7][gc,heap     ] GC(10) Eden regions: 290->0(268)
[2023-01-09T09:50:05.404+0000][7][gc,heap     ] GC(10) Survivor regions: 17->39(39)
[2023-01-09T09:50:05.405+0000][7][gc,heap     ] GC(10) Old regions: 4->9
[2023-01-09T09:50:05.405+0000][7][gc,heap     ] GC(10) Archive regions: 0->0
[2023-01-09T09:50:05.406+0000][7][gc,heap     ] GC(10) Humongous regions: 1->1
[2023-01-09T09:50:05.407+0000][7][gc,metaspace] GC(10) Metaspace: 43274K(45852K)->43274K(45852K) NonClass: 38042K(39888K)->38042K(39888K) Class: 5232K(5964K)->5232K(5964K)
[2023-01-09T09:50:05.408+0000][7][gc          ] GC(10) Pause Young (Normal) (G1 Evacuation Pause) 311M->48M(512M) 118.282ms
[2023-01-09T09:50:05.409+0000][7][gc,cpu      ] GC(10) User=0.07s Sys=0.00s Real=0.12s
[2023-01-09T09:50:05.410+0000][7][safepoint   ] Safepoint "G1CollectForAllocation", Time since last: 388350709 ns, Reaching safepoint: 123708 ns, At safepoint: 119874750 ns, Total: 119998458 ns
[2023-01-09T09:50:06.033+0000][7][safepoint   ] Safepoint "ICBufferFull", Time since last: 622956001 ns, Reaching safepoint: 138916 ns, At safepoint: 4250 ns, Total: 143166 ns
[2023-01-09T09:50:06.211+0000][7][safepoint   ] Safepoint "ICBufferFull", Time since last: 177600292 ns, Reaching safepoint: 246500 ns, At safepoint: 5250 ns, Total: 251750 ns
[2023-01-09T09:50:07.194+0000][7][safepoint   ] Safepoint "ICBufferFull", Time since last: 982573501 ns, Reaching safepoint: 457166 ns, At safepoint: 7084 ns, Total: 464250 ns
[2023-01-09T09:50:07.390+0000][7][gc,start    ] GC(11) Pause Young (Concurrent Start) (Metadata GC Threshold)
[2023-01-09T09:50:07.392+0000][7][gc,task     ] GC(11) Using 4 workers of 4 for evacuation
[2023-01-09T09:50:07.392+0000][7][gc,age      ] GC(11) Desired survivor size 20447232 bytes, new threshold 1 (max threshold 15)
[2023-01-09T09:50:07.469+0000][7][gc,age      ] GC(11) Age table with threshold 1 (max threshold 15)
[2023-01-09T09:50:07.470+0000][7][gc,age      ] GC(11) - age   1:    6301528 bytes,    6301528 total
[2023-01-09T09:50:07.471+0000][7][gc,phases   ] GC(11)   Pre Evacuate Collection Set: 0.2ms
[2023-01-09T09:50:07.472+0000][7][gc,phases   ] GC(11)   Merge Heap Roots: 0.3ms
[2023-01-09T09:50:07.473+0000][7][gc,phases   ] GC(11)   Evacuate Collection Set: 73.4ms
[2023-01-09T09:50:07.473+0000][7][gc,phases   ] GC(11)   Post Evacuate Collection Set: 2.3ms
[2023-01-09T09:50:07.474+0000][7][gc,phases   ] GC(11)   Other: 4.5ms
[2023-01-09T09:50:07.474+0000][7][gc,heap     ] GC(11) Eden regions: 111->0(291)
[2023-01-09T09:50:07.475+0000][7][gc,heap     ] GC(11) Survivor regions: 39->7(39)
[2023-01-09T09:50:07.476+0000][7][gc,heap     ] GC(11) Old regions: 9->48
[2023-01-09T09:50:07.477+0000][7][gc,heap     ] GC(11) Archive regions: 0->0
[2023-01-09T09:50:07.478+0000][7][gc,heap     ] GC(11) Humongous regions: 1->1
[2023-01-09T09:50:07.479+0000][7][gc,metaspace] GC(11) Metaspace: 57570K(60636K)->57570K(60636K) NonClass: 50182K(52368K)->50182K(52368K) Class: 7388K(8268K)->7388K(8268K)
[2023-01-09T09:50:07.480+0000][7][gc          ] GC(11) Pause Young (Concurrent Start) (Metadata GC Threshold) 159M->55M(512M) 89.307ms
[2023-01-09T09:50:07.480+0000][7][gc,cpu      ] GC(11) User=0.07s Sys=0.00s Real=0.09s
[2023-01-09T09:50:07.481+0000][7][safepoint   ] Safepoint "CollectForMetadataAllocation", Time since last: 195555666 ns, Reaching safepoint: 1226334 ns, At safepoint: 90462833 ns, Total: 91689167 ns
[2023-01-09T09:50:07.482+0000][7][gc          ] GC(12) Concurrent Cycle
[2023-01-09T09:50:07.483+0000][7][gc,marking  ] GC(12) Concurrent Clear Claimed Marks
[2023-01-09T09:50:07.484+0000][7][gc,marking  ] GC(12) Concurrent Clear Claimed Marks 0.634ms
[2023-01-09T09:50:07.484+0000][7][gc,marking  ] GC(12) Concurrent Scan Root Regions
[2023-01-09T09:50:07.510+0000][7][safepoint   ] Safepoint "CollectForMetadataAllocation", Time since last: 29302083 ns, Reaching safepoint: 113084 ns, At safepoint: 70083 ns, Total: 183167 ns
[2023-01-09T09:50:07.547+0000][7][safepoint   ] Safepoint "CollectForMetadataAllocation", Time since last: 35976458 ns, Reaching safepoint: 134334 ns, At safepoint: 60291 ns, Total: 194625 ns
[2023-01-09T09:50:07.557+0000][7][gc,marking  ] GC(12) Concurrent Scan Root Regions 72.901ms
[2023-01-09T09:50:07.558+0000][7][gc,marking  ] GC(12) Concurrent Mark (12.427s)
[2023-01-09T09:50:07.559+0000][7][gc,marking  ] GC(12) Concurrent Mark From Roots
[2023-01-09T09:50:07.560+0000][7][gc,task     ] GC(12) Using 1 workers of 1 for marking
[2023-01-09T09:50:07.598+0000][7][gc,marking  ] GC(12) Concurrent Mark From Roots 38.775ms
[2023-01-09T09:50:07.599+0000][7][gc,marking  ] GC(12) Concurrent Preclean
[2023-01-09T09:50:07.600+0000][7][gc,marking  ] GC(12) Concurrent Preclean 0.914ms
[2023-01-09T09:50:07.601+0000][7][gc,marking  ] GC(12) Concurrent Mark (12.427s, 12.469s) 42.153ms
[2023-01-09T09:50:07.601+0000][7][safepoint   ] Safepoint "CollectForMetadataAllocation", Time since last: 53546042 ns, Reaching safepoint: 169250 ns, At safepoint: 536917 ns, Total: 706167 ns
[2023-01-09T09:50:07.603+0000][7][gc,start    ] GC(12) Pause Remark
[2023-01-09T09:50:07.609+0000][7][gc          ] GC(12) Pause Remark 59M->59M(512M) 6.124ms
[2023-01-09T09:50:07.610+0000][7][gc,cpu      ] GC(12) User=0.01s Sys=0.00s Real=0.01s
[2023-01-09T09:50:07.611+0000][7][safepoint   ] Safepoint "G1Concurrent", Time since last: 1869375 ns, Reaching safepoint: 182166 ns, At safepoint: 7910000 ns, Total: 8092166 ns
[2023-01-09T09:50:07.612+0000][7][gc,marking  ] GC(12) Concurrent Rebuild Remembered Sets
[2023-01-09T09:50:07.699+0000][7][gc,marking  ] GC(12) Concurrent Rebuild Remembered Sets 87.745ms
[2023-01-09T09:50:07.704+0000][7][gc,start    ] GC(12) Pause Cleanup
[2023-01-09T09:50:07.705+0000][7][gc          ] GC(12) Pause Cleanup 61M->61M(512M) 1.610ms
[2023-01-09T09:50:07.706+0000][7][gc,cpu      ] GC(12) User=0.00s Sys=0.00s Real=0.01s
[2023-01-09T09:50:07.707+0000][7][safepoint   ] Safepoint "G1Concurrent", Time since last: 89804375 ns, Reaching safepoint: 3230834 ns, At safepoint: 3259791 ns, Total: 6490625 ns
[2023-01-09T09:50:07.708+0000][7][gc,marking  ] GC(12) Concurrent Cleanup for Next Mark
[2023-01-09T09:50:07.710+0000][7][gc,marking  ] GC(12) Concurrent Cleanup for Next Mark 1.375ms
[2023-01-09T09:50:07.711+0000][7][gc          ] GC(12) Concurrent Cycle 229.311ms
[2023-01-09T09:50:08.708+0000][7][safepoint   ] Safepoint "Cleanup", Time since last: 1001146251 ns, Reaching safepoint: 177875 ns, At safepoint: 4417 ns, Total: 182292 ns
[2023-01-09T09:50:08.939+0000][7][safepoint   ] Safepoint "ICBufferFull", Time since last: 230649000 ns, Reaching safepoint: 135958 ns, At safepoint: 2083 ns, Total: 138041 ns
[2023-01-09T09:50:08.968+0000][7][safepoint   ] Safepoint "ICBufferFull", Time since last: 28765792 ns, Reaching safepoint: 150875 ns, At safepoint: 1875 ns, Total: 152750 ns
[2023-01-09T09:50:08.971+0000][7][safepoint   ] Safepoint "ICBufferFull", Time since last: 2661125 ns, Reaching safepoint: 442042 ns, At safepoint: 4041 ns, Total: 446083 ns
[2023-01-09T09:50:09.125+0000][7][safepoint   ] Safepoint "ICBufferFull", Time since last: 153781875 ns, Reaching safepoint: 126250 ns, At safepoint: 3167 ns, Total: 129417 ns
[2023-01-09T09:50:10.135+0000][7][safepoint   ] Safepoint "Cleanup", Time since last: 1005119834 ns, Reaching safepoint: 5170625 ns, At safepoint: 6458 ns, Total: 5177083 ns
[2023-01-09T09:50:10.494+0000][7][safepoint   ] Safepoint "ICBufferFull", Time since last: 356662084 ns, Reaching safepoint: 1998291 ns, At safepoint: 8417 ns, Total: 2006708 ns
[2023-01-09T09:50:11.176+0000][7][safepoint   ] Safepoint "ICBufferFull", Time since last: 681876792 ns, Reaching safepoint: 106375 ns, At safepoint: 2042 ns, Total: 108417 ns
[2023-01-09T09:50:11.644+0000][7][safepoint   ] Safepoint "ICBufferFull", Time since last: 467491083 ns, Reaching safepoint: 192959 ns, At safepoint: 2500 ns, Total: 195459 ns
[2023-01-09T09:50:11.743+0000][7][safepoint   ] Safepoint "ICBufferFull", Time since last: 96961916 ns, Reaching safepoint: 2340250 ns, At safepoint: 3709 ns, Total: 2343959 ns
[2023-01-09T09:50:12.228+0000][7][gc,heap,exit] Heap
[2023-01-09T09:50:12.229+0000][7][gc,heap,exit]  garbage-first heap   total 524288K, used 260000K [0x00000000e0000000, 0x0000000100000000)
[2023-01-09T09:50:12.229+0000][7][gc,heap,exit]   region size 1024K, 206 young (210944K), 7 survivors (7168K)
[2023-01-09T09:50:12.230+0000][7][gc,heap,exit]  Metaspace       used 86273K, capacity 89362K, committed 90460K, reserved 1128448K
[2023-01-09T09:50:12.231+0000][7][gc,heap,exit]   class space    used 11407K, capacity 12371K, committed 12492K, reserved 1048576K
