[2023-01-09T09:48:32.927+0000][7][gc] Using G1
[2023-01-09T09:48:33.091+0000][7][gc,init] Version: 15+36-1562 (release)
[2023-01-09T09:48:33.092+0000][7][gc,init] CPUs: 4 total, 4 available
[2023-01-09T09:48:33.093+0000][7][gc,init] Memory: 7951M
[2023-01-09T09:48:33.094+0000][7][gc,init] Large Page Support: Disabled
[2023-01-09T09:48:33.095+0000][7][gc,init] NUMA Support: Disabled
[2023-01-09T09:48:33.096+0000][7][gc,init] Compressed Oops: Enabled (32-bit)
[2023-01-09T09:48:33.096+0000][7][gc,init] Heap Region Size: 1M
[2023-01-09T09:48:33.097+0000][7][gc,init] Heap Min Capacity: 512M
[2023-01-09T09:48:33.098+0000][7][gc,init] Heap Initial Capacity: 512M
[2023-01-09T09:48:33.099+0000][7][gc,init] Heap Max Capacity: 512M
[2023-01-09T09:48:33.100+0000][7][gc,init] Pre-touch: Enabled
[2023-01-09T09:48:33.100+0000][7][gc,init] Parallel Workers: 4
[2023-01-09T09:48:33.101+0000][7][gc,init] Concurrent Workers: 1
[2023-01-09T09:48:33.102+0000][7][gc,init] Concurrent Refinement Workers: 4
[2023-01-09T09:48:33.102+0000][7][gc,init] Periodic GC: Disabled
[2023-01-09T09:48:33.103+0000][7][gc,metaspace] CDS disabled.
[2023-01-09T09:48:33.104+0000][7][gc,metaspace] Compressed class space mapped at: 0x0000000100000000-0x0000000140000000, size: 1073741824
[2023-01-09T09:48:33.105+0000][7][gc,metaspace] Narrow klass base: 0x0000000000000000, Narrow klass shift: 3, Narrow klass range: 0x140000000
[2023-01-09T09:48:33.440+0000][7][safepoint   ] Safepoint "ICBufferFull", Time since last: 318159875 ns, Reaching safepoint: 3385167 ns, At safepoint: 4208 ns, Total: 3389375 ns
[2023-01-09T09:48:33.739+0000][7][safepoint   ] Safepoint "ICBufferFull", Time since last: 295455334 ns, Reaching safepoint: 3693458 ns, At safepoint: 10083 ns, Total: 3703541 ns
[2023-01-09T09:48:33.960+0000][7][safepoint   ] Safepoint "ICBufferFull", Time since last: 220858042 ns, Reaching safepoint: 133250 ns, At safepoint: 2333 ns, Total: 135583 ns
[2023-01-09T09:48:34.171+0000][7][gc,start    ] GC(0) Pause Young (Normal) (G1 Evacuation Pause)
[2023-01-09T09:48:34.191+0000][7][gc,task     ] GC(0) Using 4 workers of 4 for evacuation
[2023-01-09T09:48:34.192+0000][7][gc,age      ] GC(0) Desired survivor size 2097152 bytes, new threshold 15 (max threshold 15)
[2023-01-09T09:48:34.212+0000][7][gc,age      ] GC(0) Age table with threshold 15 (max threshold 15)
[2023-01-09T09:48:34.220+0000][7][gc,age      ] GC(0) - age   1:    3891000 bytes,    3891000 total
[2023-01-09T09:48:34.224+0000][7][gc,phases   ] GC(0)   Pre Evacuate Collection Set: 0.2ms
[2023-01-09T09:48:34.225+0000][7][gc,phases   ] GC(0)   Merge Heap Roots: 0.0ms
[2023-01-09T09:48:34.226+0000][7][gc,phases   ] GC(0)   Evacuate Collection Set: 18.6ms
[2023-01-09T09:48:34.228+0000][7][gc,phases   ] GC(0)   Post Evacuate Collection Set: 0.5ms
[2023-01-09T09:48:34.229+0000][7][gc,phases   ] GC(0)   Other: 34.1ms
[2023-01-09T09:48:34.230+0000][7][gc,heap     ] GC(0) Eden regions: 25->0(25)
[2023-01-09T09:48:34.231+0000][7][gc,heap     ] GC(0) Survivor regions: 0->4(4)
[2023-01-09T09:48:34.233+0000][7][gc,heap     ] GC(0) Old regions: 0->0
[2023-01-09T09:48:34.234+0000][7][gc,heap     ] GC(0) Archive regions: 0->0
[2023-01-09T09:48:34.235+0000][7][gc,heap     ] GC(0) Humongous regions: 1->1
[2023-01-09T09:48:34.236+0000][7][gc,metaspace] GC(0) Metaspace: 15676K(16000K)->15676K(16000K) NonClass: 14094K(14336K)->14094K(14336K) Class: 1581K(1664K)->1581K(1664K)
[2023-01-09T09:48:34.237+0000][7][gc          ] GC(0) Pause Young (Normal) (G1 Evacuation Pause) 26M->4M(512M) 66.701ms
[2023-01-09T09:48:34.238+0000][7][gc,cpu      ] GC(0) User=0.03s Sys=0.01s Real=0.07s
[2023-01-09T09:48:34.243+0000][7][safepoint   ] Safepoint "G1CollectForAllocation", Time since last: 210695542 ns, Reaching safepoint: 132292 ns, At safepoint: 72396500 ns, Total: 72528792 ns
[2023-01-09T09:48:34.857+0000][7][safepoint   ] Safepoint "ICBufferFull", Time since last: 613541833 ns, Reaching safepoint: 274042 ns, At safepoint: 2708 ns, Total: 276750 ns
[2023-01-09T09:48:35.053+0000][7][gc,start    ] GC(1) Pause Young (Concurrent Start) (Metadata GC Threshold)
[2023-01-09T09:48:35.054+0000][7][gc,task     ] GC(1) Using 4 workers of 4 for evacuation
[2023-01-09T09:48:35.055+0000][7][gc,age      ] GC(1) Desired survivor size 2097152 bytes, new threshold 1 (max threshold 15)
[2023-01-09T09:48:35.064+0000][7][gc,age      ] GC(1) Age table with threshold 1 (max threshold 15)
[2023-01-09T09:48:35.065+0000][7][gc,age      ] GC(1) - age   1:    2162800 bytes,    2162800 total
[2023-01-09T09:48:35.066+0000][7][gc,phases   ] GC(1)   Pre Evacuate Collection Set: 0.1ms
[2023-01-09T09:48:35.067+0000][7][gc,phases   ] GC(1)   Merge Heap Roots: 0.0ms
[2023-01-09T09:48:35.067+0000][7][gc,phases   ] GC(1)   Evacuate Collection Set: 7.8ms
[2023-01-09T09:48:35.068+0000][7][gc,phases   ] GC(1)   Post Evacuate Collection Set: 0.3ms
[2023-01-09T09:48:35.069+0000][7][gc,phases   ] GC(1)   Other: 4.5ms
[2023-01-09T09:48:35.069+0000][7][gc,heap     ] GC(1) Eden regions: 23->0(29)
[2023-01-09T09:48:35.070+0000][7][gc,heap     ] GC(1) Survivor regions: 4->3(4)
[2023-01-09T09:48:35.071+0000][7][gc,heap     ] GC(1) Old regions: 0->4
[2023-01-09T09:48:35.071+0000][7][gc,heap     ] GC(1) Archive regions: 0->0
[2023-01-09T09:48:35.072+0000][7][gc,heap     ] GC(1) Humongous regions: 1->1
[2023-01-09T09:48:35.072+0000][7][gc,metaspace] GC(1) Metaspace: 20960K(21296K)->20960K(21296K) NonClass: 18710K(18864K)->18710K(18864K) Class: 2249K(2432K)->2249K(2432K)
[2023-01-09T09:48:35.073+0000][7][gc          ] GC(1) Pause Young (Concurrent Start) (Metadata GC Threshold) 27M->6M(512M) 19.806ms
[2023-01-09T09:48:35.074+0000][7][gc,cpu      ] GC(1) User=0.00s Sys=0.00s Real=0.02s
[2023-01-09T09:48:35.074+0000][7][safepoint   ] Safepoint "CollectForMetadataAllocation", Time since last: 196046542 ns, Reaching safepoint: 155125 ns, At safepoint: 21170584 ns, Total: 21325709 ns
[2023-01-09T09:48:35.074+0000][7][gc          ] GC(2) Concurrent Cycle
[2023-01-09T09:48:35.075+0000][7][gc,marking  ] GC(2) Concurrent Clear Claimed Marks
[2023-01-09T09:48:35.076+0000][7][gc,marking  ] GC(2) Concurrent Clear Claimed Marks 0.566ms
[2023-01-09T09:48:35.077+0000][7][gc,marking  ] GC(2) Concurrent Scan Root Regions
[2023-01-09T09:48:35.080+0000][7][gc,marking  ] GC(2) Concurrent Scan Root Regions 3.413ms
[2023-01-09T09:48:35.081+0000][7][gc,marking  ] GC(2) Concurrent Mark (2.184s)
[2023-01-09T09:48:35.081+0000][7][gc,marking  ] GC(2) Concurrent Mark From Roots
[2023-01-09T09:48:35.082+0000][7][gc,task     ] GC(2) Using 1 workers of 1 for marking
[2023-01-09T09:48:35.083+0000][7][gc,marking  ] GC(2) Concurrent Mark From Roots 1.709ms
[2023-01-09T09:48:35.084+0000][7][gc,marking  ] GC(2) Concurrent Preclean
[2023-01-09T09:48:35.089+0000][7][gc,marking  ] GC(2) Concurrent Preclean 4.699ms
[2023-01-09T09:48:35.090+0000][7][gc,marking  ] GC(2) Concurrent Mark (2.184s, 2.192s) 8.906ms
[2023-01-09T09:48:35.090+0000][7][gc,start    ] GC(2) Pause Remark
[2023-01-09T09:48:35.093+0000][7][gc          ] GC(2) Pause Remark 7M->7M(512M) 2.446ms
[2023-01-09T09:48:35.094+0000][7][gc,cpu      ] GC(2) User=0.00s Sys=0.00s Real=0.00s
[2023-01-09T09:48:35.094+0000][7][safepoint   ] Safepoint "G1Concurrent", Time since last: 16198375 ns, Reaching safepoint: 24958 ns, At safepoint: 3829750 ns, Total: 3854708 ns
[2023-01-09T09:48:35.095+0000][7][gc,marking  ] GC(2) Concurrent Rebuild Remembered Sets
[2023-01-09T09:48:35.097+0000][7][gc,marking  ] GC(2) Concurrent Rebuild Remembered Sets 2.423ms
[2023-01-09T09:48:35.101+0000][7][gc,start    ] GC(2) Pause Cleanup
[2023-01-09T09:48:35.102+0000][7][gc          ] GC(2) Pause Cleanup 7M->7M(512M) 0.864ms
[2023-01-09T09:48:35.102+0000][7][gc,cpu      ] GC(2) User=0.00s Sys=0.00s Real=0.00s
[2023-01-09T09:48:35.103+0000][7][safepoint   ] Safepoint "G1Concurrent", Time since last: 5908583 ns, Reaching safepoint: 439125 ns, At safepoint: 2381042 ns, Total: 2820167 ns
[2023-01-09T09:48:35.104+0000][7][gc,marking  ] GC(2) Concurrent Cleanup for Next Mark
[2023-01-09T09:48:35.105+0000][7][gc,marking  ] GC(2) Concurrent Cleanup for Next Mark 1.325ms
[2023-01-09T09:48:35.109+0000][7][gc          ] GC(2) Concurrent Cycle 35.141ms
[2023-01-09T09:48:35.573+0000][7][gc,start    ] GC(3) Pause Young (Normal) (G1 Evacuation Pause)
[2023-01-09T09:48:35.574+0000][7][gc,task     ] GC(3) Using 4 workers of 4 for evacuation
[2023-01-09T09:48:35.575+0000][7][gc,age      ] GC(3) Desired survivor size 2621440 bytes, new threshold 15 (max threshold 15)
[2023-01-09T09:48:35.580+0000][7][gc,age      ] GC(3) Age table with threshold 15 (max threshold 15)
[2023-01-09T09:48:35.581+0000][7][gc,age      ] GC(3) - age   1:    2379728 bytes,    2379728 total
[2023-01-09T09:48:35.581+0000][7][gc,age      ] GC(3) - age   2:    2142744 bytes,    4522472 total
[2023-01-09T09:48:35.582+0000][7][gc,phases   ] GC(3)   Pre Evacuate Collection Set: 0.1ms
[2023-01-09T09:48:35.583+0000][7][gc,phases   ] GC(3)   Merge Heap Roots: 0.1ms
[2023-01-09T09:48:35.584+0000][7][gc,phases   ] GC(3)   Evacuate Collection Set: 3.2ms
[2023-01-09T09:48:35.585+0000][7][gc,phases   ] GC(3)   Post Evacuate Collection Set: 0.5ms
[2023-01-09T09:48:35.585+0000][7][gc,phases   ] GC(3)   Other: 5.7ms
[2023-01-09T09:48:35.586+0000][7][gc,heap     ] GC(3) Eden regions: 30->0(166)
[2023-01-09T09:48:35.586+0000][7][gc,heap     ] GC(3) Survivor regions: 3->5(5)
[2023-01-09T09:48:35.587+0000][7][gc,heap     ] GC(3) Old regions: 4->4
[2023-01-09T09:48:35.587+0000][7][gc,heap     ] GC(3) Archive regions: 0->0
[2023-01-09T09:48:35.588+0000][7][gc,heap     ] GC(3) Humongous regions: 1->1
[2023-01-09T09:48:35.589+0000][7][gc,metaspace] GC(3) Metaspace: 22281K(22704K)->22281K(22704K) NonClass: 19875K(20144K)->19875K(20144K) Class: 2406K(2560K)->2406K(2560K)
[2023-01-09T09:48:35.589+0000][7][gc          ] GC(3) Pause Young (Normal) (G1 Evacuation Pause) 36M->9M(512M) 16.524ms
[2023-01-09T09:48:35.590+0000][7][gc,cpu      ] GC(3) User=0.00s Sys=0.00s Real=0.02s
[2023-01-09T09:48:35.591+0000][7][safepoint   ] Safepoint "G1CollectForAllocation", Time since last: 463446250 ns, Reaching safepoint: 6230708 ns, At safepoint: 18127792 ns, Total: 24358500 ns
[2023-01-09T09:48:35.742+0000][7][safepoint   ] Safepoint "ICBufferFull", Time since last: 151249125 ns, Reaching safepoint: 120542 ns, At safepoint: 1958 ns, Total: 122500 ns
[2023-01-09T09:48:35.753+0000][7][safepoint   ] Safepoint "ICBufferFull", Time since last: 7429709 ns, Reaching safepoint: 3092666 ns, At safepoint: 6959 ns, Total: 3099625 ns
[2023-01-09T09:48:35.760+0000][7][safepoint   ] Safepoint "ICBufferFull", Time since last: 7214083 ns, Reaching safepoint: 46417 ns, At safepoint: 2083 ns, Total: 48500 ns
[2023-01-09T09:48:35.762+0000][7][safepoint   ] Safepoint "ICBufferFull", Time since last: 2170750 ns, Reaching safepoint: 27583 ns, At safepoint: 1500 ns, Total: 29083 ns
[2023-01-09T09:48:35.763+0000][7][safepoint   ] Safepoint "ICBufferFull", Time since last: 1268750 ns, Reaching safepoint: 22667 ns, At safepoint: 1333 ns, Total: 24000 ns
[2023-01-09T09:48:35.765+0000][7][safepoint   ] Safepoint "ICBufferFull", Time since last: 1915334 ns, Reaching safepoint: 26208 ns, At safepoint: 1375 ns, Total: 27583 ns
[2023-01-09T09:48:35.767+0000][7][safepoint   ] Safepoint "ICBufferFull", Time since last: 1638167 ns, Reaching safepoint: 29041 ns, At safepoint: 1459 ns, Total: 30500 ns
[2023-01-09T09:48:35.768+0000][7][safepoint   ] Safepoint "ICBufferFull", Time since last: 1332208 ns, Reaching safepoint: 22875 ns, At safepoint: 1583 ns, Total: 24458 ns
[2023-01-09T09:48:35.771+0000][7][safepoint   ] Safepoint "ICBufferFull", Time since last: 2874750 ns, Reaching safepoint: 47875 ns, At safepoint: 1500 ns, Total: 49375 ns
[2023-01-09T09:48:35.773+0000][7][safepoint   ] Safepoint "ICBufferFull", Time since last: 1613417 ns, Reaching safepoint: 23333 ns, At safepoint: 1417 ns, Total: 24750 ns
[2023-01-09T09:48:35.774+0000][7][safepoint   ] Safepoint "ICBufferFull", Time since last: 1266167 ns, Reaching safepoint: 24333 ns, At safepoint: 1417 ns, Total: 25750 ns
[2023-01-09T09:48:35.776+0000][7][safepoint   ] Safepoint "ICBufferFull", Time since last: 1235666 ns, Reaching safepoint: 91959 ns, At safepoint: 1666 ns, Total: 93625 ns
[2023-01-09T09:48:35.777+0000][7][safepoint   ] Safepoint "ICBufferFull", Time since last: 1522417 ns, Reaching safepoint: 97625 ns, At safepoint: 1375 ns, Total: 99000 ns
[2023-01-09T09:48:35.779+0000][7][safepoint   ] Safepoint "ICBufferFull", Time since last: 2039833 ns, Reaching safepoint: 97292 ns, At safepoint: 1667 ns, Total: 98959 ns
[2023-01-09T09:48:35.781+0000][7][safepoint   ] Safepoint "ICBufferFull", Time since last: 1129500 ns, Reaching safepoint: 161375 ns, At safepoint: 1791 ns, Total: 163166 ns
[2023-01-09T09:48:35.782+0000][7][safepoint   ] Safepoint "ICBufferFull", Time since last: 1455625 ns, Reaching safepoint: 104584 ns, At safepoint: 1583 ns, Total: 106167 ns
[2023-01-09T09:48:35.784+0000][7][safepoint   ] Safepoint "ICBufferFull", Time since last: 1728083 ns, Reaching safepoint: 97292 ns, At safepoint: 2417 ns, Total: 99709 ns
[2023-01-09T09:48:35.788+0000][7][safepoint   ] Safepoint "ICBufferFull", Time since last: 1448500 ns, Reaching safepoint: 2181041 ns, At safepoint: 2834 ns, Total: 2183875 ns
[2023-01-09T09:48:35.789+0000][7][safepoint   ] Safepoint "ICBufferFull", Time since last: 1732500 ns, Reaching safepoint: 27125 ns, At safepoint: 1291 ns, Total: 28416 ns
[2023-01-09T09:48:35.791+0000][7][safepoint   ] Safepoint "ICBufferFull", Time since last: 1743250 ns, Reaching safepoint: 94875 ns, At safepoint: 1417 ns, Total: 96292 ns
[2023-01-09T09:48:35.793+0000][7][safepoint   ] Safepoint "ICBufferFull", Time since last: 1540125 ns, Reaching safepoint: 98208 ns, At safepoint: 1500 ns, Total: 99708 ns
[2023-01-09T09:48:35.795+0000][7][safepoint   ] Safepoint "ICBufferFull", Time since last: 1790584 ns, Reaching safepoint: 97291 ns, At safepoint: 1417 ns, Total: 98708 ns
[2023-01-09T09:48:35.797+0000][7][safepoint   ] Safepoint "ICBufferFull", Time since last: 1635208 ns, Reaching safepoint: 113750 ns, At safepoint: 1584 ns, Total: 115334 ns
[2023-01-09T09:48:35.798+0000][7][safepoint   ] Safepoint "ICBufferFull", Time since last: 1366375 ns, Reaching safepoint: 100291 ns, At safepoint: 1584 ns, Total: 101875 ns
[2023-01-09T09:48:35.800+0000][7][safepoint   ] Safepoint "ICBufferFull", Time since last: 1396041 ns, Reaching safepoint: 176709 ns, At safepoint: 2125 ns, Total: 178834 ns
[2023-01-09T09:48:35.801+0000][7][safepoint   ] Safepoint "ICBufferFull", Time since last: 1694916 ns, Reaching safepoint: 98875 ns, At safepoint: 1375 ns, Total: 100250 ns
[2023-01-09T09:48:35.804+0000][7][safepoint   ] Safepoint "ICBufferFull", Time since last: 2296167 ns, Reaching safepoint: 101083 ns, At safepoint: 1584 ns, Total: 102667 ns
[2023-01-09T09:48:35.806+0000][7][safepoint   ] Safepoint "ICBufferFull", Time since last: 1666250 ns, Reaching safepoint: 202375 ns, At safepoint: 2666 ns, Total: 205041 ns
[2023-01-09T09:48:35.809+0000][7][safepoint   ] Safepoint "ICBufferFull", Time since last: 1551000 ns, Reaching safepoint: 2120834 ns, At safepoint: 3000 ns, Total: 2123834 ns
[2023-01-09T09:48:35.811+0000][7][safepoint   ] Safepoint "ICBufferFull", Time since last: 1604166 ns, Reaching safepoint: 98334 ns, At safepoint: 2083 ns, Total: 100417 ns
[2023-01-09T09:48:35.813+0000][7][safepoint   ] Safepoint "ICBufferFull", Time since last: 1639625 ns, Reaching safepoint: 96917 ns, At safepoint: 2458 ns, Total: 99375 ns
[2023-01-09T09:48:35.814+0000][7][safepoint   ] Safepoint "ICBufferFull", Time since last: 1495292 ns, Reaching safepoint: 99166 ns, At safepoint: 2750 ns, Total: 101916 ns
[2023-01-09T09:48:35.822+0000][7][safepoint   ] Safepoint "ICBufferFull", Time since last: 1471500 ns, Reaching safepoint: 5931417 ns, At safepoint: 7708 ns, Total: 5939125 ns
[2023-01-09T09:48:35.828+0000][7][safepoint   ] Safepoint "ICBufferFull", Time since last: 2590667 ns, Reaching safepoint: 3365208 ns, At safepoint: 4834 ns, Total: 3370042 ns
[2023-01-09T09:48:35.837+0000][7][safepoint   ] Safepoint "ICBufferFull", Time since last: 8732916 ns, Reaching safepoint: 105334 ns, At safepoint: 1708 ns, Total: 107042 ns
[2023-01-09T09:48:35.839+0000][7][safepoint   ] Safepoint "ICBufferFull", Time since last: 2204875 ns, Reaching safepoint: 102042 ns, At safepoint: 1708 ns, Total: 103750 ns
[2023-01-09T09:48:35.848+0000][7][safepoint   ] Safepoint "ICBufferFull", Time since last: 4585375 ns, Reaching safepoint: 4498833 ns, At safepoint: 5584 ns, Total: 4504417 ns
[2023-01-09T09:48:35.857+0000][7][safepoint   ] Safepoint "ICBufferFull", Time since last: 3384041 ns, Reaching safepoint: 5094459 ns, At safepoint: 12875 ns, Total: 5107334 ns
[2023-01-09T09:48:35.859+0000][7][safepoint   ] Safepoint "ICBufferFull", Time since last: 1834708 ns, Reaching safepoint: 678125 ns, At safepoint: 1958 ns, Total: 680083 ns
[2023-01-09T09:48:35.861+0000][7][safepoint   ] Safepoint "ICBufferFull", Time since last: 1663667 ns, Reaching safepoint: 94208 ns, At safepoint: 1834 ns, Total: 96042 ns
[2023-01-09T09:48:35.862+0000][7][safepoint   ] Safepoint "ICBufferFull", Time since last: 1431375 ns, Reaching safepoint: 122125 ns, At safepoint: 1833 ns, Total: 123958 ns
[2023-01-09T09:48:35.864+0000][7][safepoint   ] Safepoint "ICBufferFull", Time since last: 1205458 ns, Reaching safepoint: 108542 ns, At safepoint: 2083 ns, Total: 110625 ns
[2023-01-09T09:48:35.865+0000][7][safepoint   ] Safepoint "ICBufferFull", Time since last: 1600209 ns, Reaching safepoint: 111750 ns, At safepoint: 1583 ns, Total: 113333 ns
[2023-01-09T09:48:35.867+0000][7][safepoint   ] Safepoint "ICBufferFull", Time since last: 1080708 ns, Reaching safepoint: 301000 ns, At safepoint: 1834 ns, Total: 302834 ns
[2023-01-09T09:48:35.869+0000][7][safepoint   ] Safepoint "ICBufferFull", Time since last: 1234125 ns, Reaching safepoint: 1212041 ns, At safepoint: 2417 ns, Total: 1214458 ns
[2023-01-09T09:48:35.872+0000][7][safepoint   ] Safepoint "ICBufferFull", Time since last: 1513667 ns, Reaching safepoint: 952916 ns, At safepoint: 2667 ns, Total: 955583 ns
[2023-01-09T09:48:35.876+0000][7][safepoint   ] Safepoint "ICBufferFull", Time since last: 1406417 ns, Reaching safepoint: 2631291 ns, At safepoint: 7459 ns, Total: 2638750 ns
[2023-01-09T09:48:35.878+0000][7][safepoint   ] Safepoint "ICBufferFull", Time since last: 1749666 ns, Reaching safepoint: 750834 ns, At safepoint: 3458 ns, Total: 754292 ns
[2023-01-09T09:48:35.880+0000][7][safepoint   ] Safepoint "ICBufferFull", Time since last: 1319167 ns, Reaching safepoint: 142541 ns, At safepoint: 2292 ns, Total: 144833 ns
[2023-01-09T09:48:35.881+0000][7][safepoint   ] Safepoint "ICBufferFull", Time since last: 1361417 ns, Reaching safepoint: 116875 ns, At safepoint: 1541 ns, Total: 118416 ns
[2023-01-09T09:48:35.882+0000][7][safepoint   ] Safepoint "ICBufferFull", Time since last: 1052292 ns, Reaching safepoint: 113958 ns, At safepoint: 1417 ns, Total: 115375 ns
[2023-01-09T09:48:35.884+0000][7][safepoint   ] Safepoint "ICBufferFull", Time since last: 1412417 ns, Reaching safepoint: 113708 ns, At safepoint: 1583 ns, Total: 115291 ns
[2023-01-09T09:48:35.885+0000][7][safepoint   ] Safepoint "ICBufferFull", Time since last: 1152167 ns, Reaching safepoint: 116125 ns, At safepoint: 1500 ns, Total: 117625 ns
[2023-01-09T09:48:35.886+0000][7][safepoint   ] Safepoint "ICBufferFull", Time since last: 1195417 ns, Reaching safepoint: 118791 ns, At safepoint: 1625 ns, Total: 120416 ns
[2023-01-09T09:48:35.889+0000][7][safepoint   ] Safepoint "ICBufferFull", Time since last: 965500 ns, Reaching safepoint: 1211042 ns, At safepoint: 4292 ns, Total: 1215334 ns
[2023-01-09T09:48:35.890+0000][7][safepoint   ] Safepoint "ICBufferFull", Time since last: 1334708 ns, Reaching safepoint: 131833 ns, At safepoint: 6750 ns, Total: 138583 ns
[2023-01-09T09:48:35.892+0000][7][safepoint   ] Safepoint "ICBufferFull", Time since last: 1317667 ns, Reaching safepoint: 113083 ns, At safepoint: 5042 ns, Total: 118125 ns
[2023-01-09T09:48:35.893+0000][7][safepoint   ] Safepoint "ICBufferFull", Time since last: 1365292 ns, Reaching safepoint: 131250 ns, At safepoint: 5250 ns, Total: 136500 ns
[2023-01-09T09:48:35.896+0000][7][safepoint   ] Safepoint "ICBufferFull", Time since last: 1691458 ns, Reaching safepoint: 1127958 ns, At safepoint: 3000 ns, Total: 1130958 ns
[2023-01-09T09:48:35.898+0000][7][safepoint   ] Safepoint "ICBufferFull", Time since last: 1533625 ns, Reaching safepoint: 244875 ns, At safepoint: 1625 ns, Total: 246500 ns
[2023-01-09T09:48:35.900+0000][7][safepoint   ] Safepoint "ICBufferFull", Time since last: 2132292 ns, Reaching safepoint: 114292 ns, At safepoint: 4708 ns, Total: 119000 ns
[2023-01-09T09:48:35.901+0000][7][safepoint   ] Safepoint "ICBufferFull", Time since last: 1092042 ns, Reaching safepoint: 96708 ns, At safepoint: 1833 ns, Total: 98541 ns
[2023-01-09T09:48:35.903+0000][7][safepoint   ] Safepoint "ICBufferFull", Time since last: 1428584 ns, Reaching safepoint: 155208 ns, At safepoint: 5167 ns, Total: 160375 ns
[2023-01-09T09:48:35.904+0000][7][safepoint   ] Safepoint "ICBufferFull", Time since last: 1515125 ns, Reaching safepoint: 113416 ns, At safepoint: 4959 ns, Total: 118375 ns
[2023-01-09T09:48:35.905+0000][7][safepoint   ] Safepoint "ICBufferFull", Time since last: 935041 ns, Reaching safepoint: 73459 ns, At safepoint: 1000 ns, Total: 74459 ns
[2023-01-09T09:48:35.907+0000][7][safepoint   ] Safepoint "ICBufferFull", Time since last: 1232291 ns, Reaching safepoint: 94250 ns, At safepoint: 5209 ns, Total: 99459 ns
[2023-01-09T09:48:35.908+0000][7][safepoint   ] Safepoint "ICBufferFull", Time since last: 1117541 ns, Reaching safepoint: 106417 ns, At safepoint: 4458 ns, Total: 110875 ns
[2023-01-09T09:48:35.909+0000][7][safepoint   ] Safepoint "ICBufferFull", Time since last: 1058375 ns, Reaching safepoint: 110042 ns, At safepoint: 4875 ns, Total: 114917 ns
[2023-01-09T09:48:35.911+0000][7][safepoint   ] Safepoint "ICBufferFull", Time since last: 1684125 ns, Reaching safepoint: 94292 ns, At safepoint: 1250 ns, Total: 95542 ns
[2023-01-09T09:48:35.912+0000][7][safepoint   ] Safepoint "ICBufferFull", Time since last: 1256250 ns, Reaching safepoint: 111583 ns, At safepoint: 5250 ns, Total: 116833 ns
[2023-01-09T09:48:35.913+0000][7][safepoint   ] Safepoint "ICBufferFull", Time since last: 1071542 ns, Reaching safepoint: 95458 ns, At safepoint: 1208 ns, Total: 96666 ns
[2023-01-09T09:48:35.915+0000][7][safepoint   ] Safepoint "ICBufferFull", Time since last: 1151834 ns, Reaching safepoint: 70041 ns, At safepoint: 1042 ns, Total: 71083 ns
[2023-01-09T09:48:35.916+0000][7][safepoint   ] Safepoint "ICBufferFull", Time since last: 846875 ns, Reaching safepoint: 103667 ns, At safepoint: 1041 ns, Total: 104708 ns
[2023-01-09T09:48:35.919+0000][7][safepoint   ] Safepoint "ICBufferFull", Time since last: 3652625 ns, Reaching safepoint: 119125 ns, At safepoint: 5334 ns, Total: 124459 ns
[2023-01-09T09:48:35.921+0000][7][safepoint   ] Safepoint "ICBufferFull", Time since last: 1853333 ns, Reaching safepoint: 147167 ns, At safepoint: 1208 ns, Total: 148375 ns
[2023-01-09T09:48:35.924+0000][7][safepoint   ] Safepoint "ICBufferFull", Time since last: 2792000 ns, Reaching safepoint: 190458 ns, At safepoint: 1584 ns, Total: 192042 ns
[2023-01-09T09:48:35.927+0000][7][safepoint   ] Safepoint "ICBufferFull", Time since last: 2946583 ns, Reaching safepoint: 122167 ns, At safepoint: 1583 ns, Total: 123750 ns
[2023-01-09T09:48:35.929+0000][7][safepoint   ] Safepoint "ICBufferFull", Time since last: 1693208 ns, Reaching safepoint: 103542 ns, At safepoint: 1417 ns, Total: 104959 ns
[2023-01-09T09:48:35.931+0000][7][safepoint   ] Safepoint "ICBufferFull", Time since last: 1776125 ns, Reaching safepoint: 107833 ns, At safepoint: 2292 ns, Total: 110125 ns
[2023-01-09T09:48:36.065+0000][7][safepoint   ] Safepoint "ICBufferFull", Time since last: 134143708 ns, Reaching safepoint: 130708 ns, At safepoint: 2792 ns, Total: 133500 ns
[2023-01-09T09:48:36.389+0000][7][safepoint   ] Safepoint "ICBufferFull", Time since last: 323789125 ns, Reaching safepoint: 188875 ns, At safepoint: 1667 ns, Total: 190542 ns
[2023-01-09T09:48:36.508+0000][7][gc,start    ] GC(4) Pause Young (Normal) (G1 Evacuation Pause)
[2023-01-09T09:48:36.509+0000][7][gc,task     ] GC(4) Using 4 workers of 4 for evacuation
[2023-01-09T09:48:36.509+0000][7][gc,age      ] GC(4) Desired survivor size 11534336 bytes, new threshold 15 (max threshold 15)
[2023-01-09T09:48:36.523+0000][7][gc,age      ] GC(4) Age table with threshold 15 (max threshold 15)
[2023-01-09T09:48:36.524+0000][7][gc,age      ] GC(4) - age   1:    5067632 bytes,    5067632 total
[2023-01-09T09:48:36.525+0000][7][gc,age      ] GC(4) - age   2:    1124392 bytes,    6192024 total
[2023-01-09T09:48:36.526+0000][7][gc,age      ] GC(4) - age   3:    2128368 bytes,    8320392 total
[2023-01-09T09:48:36.527+0000][7][gc,phases   ] GC(4)   Pre Evacuate Collection Set: 0.1ms
[2023-01-09T09:48:36.528+0000][7][gc,phases   ] GC(4)   Merge Heap Roots: 0.2ms
[2023-01-09T09:48:36.528+0000][7][gc,phases   ] GC(4)   Evacuate Collection Set: 11.0ms
[2023-01-09T09:48:36.529+0000][7][gc,phases   ] GC(4)   Post Evacuate Collection Set: 0.6ms
[2023-01-09T09:48:36.530+0000][7][gc,phases   ] GC(4)   Other: 7.0ms
[2023-01-09T09:48:36.530+0000][7][gc,heap     ] GC(4) Eden regions: 166->0(298)
[2023-01-09T09:48:36.531+0000][7][gc,heap     ] GC(4) Survivor regions: 5->9(22)
[2023-01-09T09:48:36.532+0000][7][gc,heap     ] GC(4) Old regions: 4->4
[2023-01-09T09:48:36.532+0000][7][gc,heap     ] GC(4) Archive regions: 0->0
[2023-01-09T09:48:36.533+0000][7][gc,heap     ] GC(4) Humongous regions: 2->1
[2023-01-09T09:48:36.534+0000][7][gc,metaspace] GC(4) Metaspace: 25824K(26544K)->25824K(26544K) NonClass: 22949K(23472K)->22949K(23472K) Class: 2874K(3072K)->2874K(3072K)
[2023-01-09T09:48:36.534+0000][7][gc          ] GC(4) Pause Young (Normal) (G1 Evacuation Pause) 176M->12M(512M) 26.609ms
[2023-01-09T09:48:36.535+0000][7][gc,cpu      ] GC(4) User=0.02s Sys=0.00s Real=0.02s
[2023-01-09T09:48:36.536+0000][7][safepoint   ] Safepoint "G1CollectForAllocation", Time since last: 118323417 ns, Reaching safepoint: 142291 ns, At safepoint: 28058250 ns, Total: 28200541 ns
[2023-01-09T09:48:36.941+0000][7][safepoint   ] Safepoint "ICBufferFull", Time since last: 405298584 ns, Reaching safepoint: 166541 ns, At safepoint: 1750 ns, Total: 168291 ns
[2023-01-09T09:48:37.268+0000][7][gc,start    ] GC(5) Pause Young (Normal) (G1 Evacuation Pause)
[2023-01-09T09:48:37.269+0000][7][gc,task     ] GC(5) Using 4 workers of 4 for evacuation
[2023-01-09T09:48:37.270+0000][7][gc,age      ] GC(5) Desired survivor size 20447232 bytes, new threshold 15 (max threshold 15)
[2023-01-09T09:48:37.312+0000][7][gc,age      ] GC(5) Age table with threshold 15 (max threshold 15)
[2023-01-09T09:48:37.313+0000][7][gc,age      ] GC(5) - age   1:    4810400 bytes,    4810400 total
[2023-01-09T09:48:37.314+0000][7][gc,age      ] GC(5) - age   2:    4281888 bytes,    9092288 total
[2023-01-09T09:48:37.315+0000][7][gc,age      ] GC(5) - age   3:    1124312 bytes,   10216600 total
[2023-01-09T09:48:37.315+0000][7][gc,age      ] GC(5) - age   4:    2128272 bytes,   12344872 total
[2023-01-09T09:48:37.316+0000][7][gc,phases   ] GC(5)   Pre Evacuate Collection Set: 0.2ms
[2023-01-09T09:48:37.317+0000][7][gc,phases   ] GC(5)   Merge Heap Roots: 0.3ms
[2023-01-09T09:48:37.317+0000][7][gc,phases   ] GC(5)   Evacuate Collection Set: 24.0ms
[2023-01-09T09:48:37.318+0000][7][gc,phases   ] GC(5)   Post Evacuate Collection Set: 16.1ms
[2023-01-09T09:48:37.319+0000][7][gc,phases   ] GC(5)   Other: 7.7ms
[2023-01-09T09:48:37.320+0000][7][gc,heap     ] GC(5) Eden regions: 298->0(294)
[2023-01-09T09:48:37.321+0000][7][gc,heap     ] GC(5) Survivor regions: 9->13(39)
[2023-01-09T09:48:37.321+0000][7][gc,heap     ] GC(5) Old regions: 4->4
[2023-01-09T09:48:37.322+0000][7][gc,heap     ] GC(5) Archive regions: 0->0
[2023-01-09T09:48:37.323+0000][7][gc,heap     ] GC(5) Humongous regions: 1->1
[2023-01-09T09:48:37.324+0000][7][gc,metaspace] GC(5) Metaspace: 27543K(28592K)->27543K(28592K) NonClass: 24475K(25264K)->24475K(25264K) Class: 3068K(3328K)->3068K(3328K)
[2023-01-09T09:48:37.324+0000][7][gc          ] GC(5) Pause Young (Normal) (G1 Evacuation Pause) 310M->17M(512M) 56.601ms
[2023-01-09T09:48:37.325+0000][7][gc,cpu      ] GC(5) User=0.02s Sys=0.00s Real=0.05s
[2023-01-09T09:48:37.326+0000][7][safepoint   ] Safepoint "G1CollectForAllocation", Time since last: 326271042 ns, Reaching safepoint: 94667 ns, At safepoint: 58260667 ns, Total: 58355334 ns
[2023-01-09T09:48:37.913+0000][7][gc,start    ] GC(6) Pause Young (Normal) (G1 Evacuation Pause)
[2023-01-09T09:48:37.914+0000][7][gc,task     ] GC(6) Using 4 workers of 4 for evacuation
[2023-01-09T09:48:37.914+0000][7][gc,age      ] GC(6) Desired survivor size 20447232 bytes, new threshold 15 (max threshold 15)
[2023-01-09T09:48:37.926+0000][7][gc,age      ] GC(6) Age table with threshold 15 (max threshold 15)
[2023-01-09T09:48:37.927+0000][7][gc,age      ] GC(6) - age   1:    1376848 bytes,    1376848 total
[2023-01-09T09:48:37.927+0000][7][gc,age      ] GC(6) - age   2:    3288704 bytes,    4665552 total
[2023-01-09T09:48:37.928+0000][7][gc,age      ] GC(6) - age   3:    4277584 bytes,    8943136 total
[2023-01-09T09:48:37.929+0000][7][gc,age      ] GC(6) - age   4:    1124168 bytes,   10067304 total
[2023-01-09T09:48:37.930+0000][7][gc,age      ] GC(6) - age   5:    2128272 bytes,   12195576 total
[2023-01-09T09:48:37.930+0000][7][gc,phases   ] GC(6)   Pre Evacuate Collection Set: 0.1ms
[2023-01-09T09:48:37.931+0000][7][gc,phases   ] GC(6)   Merge Heap Roots: 0.0ms
[2023-01-09T09:48:37.932+0000][7][gc,phases   ] GC(6)   Evacuate Collection Set: 10.6ms
[2023-01-09T09:48:37.932+0000][7][gc,phases   ] GC(6)   Post Evacuate Collection Set: 0.4ms
[2023-01-09T09:48:37.933+0000][7][gc,phases   ] GC(6)   Other: 6.6ms
[2023-01-09T09:48:37.933+0000][7][gc,heap     ] GC(6) Eden regions: 294->0(295)
[2023-01-09T09:48:37.934+0000][7][gc,heap     ] GC(6) Survivor regions: 13->12(39)
[2023-01-09T09:48:37.935+0000][7][gc,heap     ] GC(6) Old regions: 4->4
[2023-01-09T09:48:37.935+0000][7][gc,heap     ] GC(6) Archive regions: 0->0
[2023-01-09T09:48:37.936+0000][7][gc,heap     ] GC(6) Humongous regions: 1->1
[2023-01-09T09:48:37.936+0000][7][gc,metaspace] GC(6) Metaspace: 27913K(29232K)->27913K(29232K) NonClass: 24776K(25776K)->24776K(25776K) Class: 3136K(3456K)->3136K(3456K)
[2023-01-09T09:48:37.937+0000][7][gc          ] GC(6) Pause Young (Normal) (G1 Evacuation Pause) 311M->16M(512M) 24.162ms
[2023-01-09T09:48:37.937+0000][7][gc,cpu      ] GC(6) User=0.01s Sys=0.01s Real=0.03s
[2023-01-09T09:48:37.938+0000][7][safepoint   ] Safepoint "G1CollectForAllocation", Time since last: 586729917 ns, Reaching safepoint: 87750 ns, At safepoint: 25344958 ns, Total: 25432708 ns
[2023-01-09T09:48:38.564+0000][7][gc,start    ] GC(7) Pause Young (Normal) (G1 Evacuation Pause)
[2023-01-09T09:48:38.564+0000][7][gc,task     ] GC(7) Using 4 workers of 4 for evacuation
[2023-01-09T09:48:38.565+0000][7][gc,age      ] GC(7) Desired survivor size 20447232 bytes, new threshold 15 (max threshold 15)
[2023-01-09T09:48:38.578+0000][7][gc,age      ] GC(7) Age table with threshold 15 (max threshold 15)
[2023-01-09T09:48:38.578+0000][7][gc,age      ] GC(7) - age   1:    3106224 bytes,    3106224 total
[2023-01-09T09:48:38.579+0000][7][gc,age      ] GC(7) - age   2:     610152 bytes,    3716376 total
[2023-01-09T09:48:38.580+0000][7][gc,age      ] GC(7) - age   3:    3286928 bytes,    7003304 total
[2023-01-09T09:48:38.580+0000][7][gc,age      ] GC(7) - age   4:    4277144 bytes,   11280448 total
[2023-01-09T09:48:38.582+0000][7][gc,age      ] GC(7) - age   5:    1124168 bytes,   12404616 total
[2023-01-09T09:48:38.583+0000][7][gc,age      ] GC(7) - age   6:    2128272 bytes,   14532888 total
[2023-01-09T09:48:38.584+0000][7][gc,phases   ] GC(7)   Pre Evacuate Collection Set: 0.2ms
[2023-01-09T09:48:38.585+0000][7][gc,phases   ] GC(7)   Merge Heap Roots: 0.0ms
[2023-01-09T09:48:38.586+0000][7][gc,phases   ] GC(7)   Evacuate Collection Set: 10.5ms
[2023-01-09T09:48:38.586+0000][7][gc,phases   ] GC(7)   Post Evacuate Collection Set: 1.6ms
[2023-01-09T09:48:38.587+0000][7][gc,phases   ] GC(7)   Other: 8.1ms
[2023-01-09T09:48:38.588+0000][7][gc,heap     ] GC(7) Eden regions: 295->0(292)
[2023-01-09T09:48:38.588+0000][7][gc,heap     ] GC(7) Survivor regions: 12->15(39)
[2023-01-09T09:48:38.589+0000][7][gc,heap     ] GC(7) Old regions: 4->4
[2023-01-09T09:48:38.590+0000][7][gc,heap     ] GC(7) Archive regions: 0->0
[2023-01-09T09:48:38.591+0000][7][gc,heap     ] GC(7) Humongous regions: 1->1
[2023-01-09T09:48:38.592+0000][7][gc,metaspace] GC(7) Metaspace: 28449K(29872K)->28449K(29872K) NonClass: 25231K(26288K)->25231K(26288K) Class: 3217K(3584K)->3217K(3584K)
[2023-01-09T09:48:38.593+0000][7][gc          ] GC(7) Pause Young (Normal) (G1 Evacuation Pause) 311M->19M(512M) 29.420ms
[2023-01-09T09:48:38.594+0000][7][gc,cpu      ] GC(7) User=0.03s Sys=0.00s Real=0.03s
[2023-01-09T09:48:38.594+0000][7][safepoint   ] Safepoint "G1CollectForAllocation", Time since last: 625217417 ns, Reaching safepoint: 180167 ns, At safepoint: 30850958 ns, Total: 31031125 ns
[2023-01-09T09:48:39.039+0000][7][safepoint   ] Safepoint "ICBufferFull", Time since last: 444305458 ns, Reaching safepoint: 171959 ns, At safepoint: 3041 ns, Total: 175000 ns
[2023-01-09T09:48:39.381+0000][7][gc,start    ] GC(8) Pause Young (Concurrent Start) (Metadata GC Threshold)
[2023-01-09T09:48:39.382+0000][7][gc,task     ] GC(8) Using 4 workers of 4 for evacuation
[2023-01-09T09:48:39.388+0000][7][gc,age      ] GC(8) Desired survivor size 20447232 bytes, new threshold 15 (max threshold 15)
[2023-01-09T09:48:39.430+0000][7][gc,age      ] GC(8) Age table with threshold 15 (max threshold 15)
[2023-01-09T09:48:39.431+0000][7][gc,age      ] GC(8) - age   1:    2287256 bytes,    2287256 total
[2023-01-09T09:48:39.432+0000][7][gc,age      ] GC(8) - age   2:    2295040 bytes,    4582296 total
[2023-01-09T09:48:39.433+0000][7][gc,age      ] GC(8) - age   3:     593688 bytes,    5175984 total
[2023-01-09T09:48:39.434+0000][7][gc,age      ] GC(8) - age   4:    3271104 bytes,    8447088 total
[2023-01-09T09:48:39.435+0000][7][gc,age      ] GC(8) - age   5:    4265160 bytes,   12712248 total
[2023-01-09T09:48:39.436+0000][7][gc,age      ] GC(8) - age   6:    1094144 bytes,   13806392 total
[2023-01-09T09:48:39.437+0000][7][gc,age      ] GC(8) - age   7:    2125016 bytes,   15931408 total
[2023-01-09T09:48:39.438+0000][7][gc,phases   ] GC(8)   Pre Evacuate Collection Set: 0.3ms
[2023-01-09T09:48:39.439+0000][7][gc,phases   ] GC(8)   Merge Heap Roots: 0.1ms
[2023-01-09T09:48:39.440+0000][7][gc,phases   ] GC(8)   Evacuate Collection Set: 30.7ms
[2023-01-09T09:48:39.440+0000][7][gc,phases   ] GC(8)   Post Evacuate Collection Set: 10.4ms
[2023-01-09T09:48:39.441+0000][7][gc,phases   ] GC(8)   Other: 15.3ms
[2023-01-09T09:48:39.442+0000][7][gc,heap     ] GC(8) Eden regions: 151->0(291)
[2023-01-09T09:48:39.443+0000][7][gc,heap     ] GC(8) Survivor regions: 15->16(39)
[2023-01-09T09:48:39.444+0000][7][gc,heap     ] GC(8) Old regions: 4->4
[2023-01-09T09:48:39.444+0000][7][gc,heap     ] GC(8) Archive regions: 0->0
[2023-01-09T09:48:39.445+0000][7][gc,heap     ] GC(8) Humongous regions: 1->1
[2023-01-09T09:48:39.446+0000][7][gc,metaspace] GC(8) Metaspace: 34296K(35920K)->34296K(35920K) NonClass: 30317K(31568K)->30317K(31568K) Class: 3979K(4352K)->3979K(4352K)
[2023-01-09T09:48:39.447+0000][7][gc          ] GC(8) Pause Young (Concurrent Start) (Metadata GC Threshold) 170M->20M(512M) 65.969ms
[2023-01-09T09:48:39.448+0000][7][gc,cpu      ] GC(8) User=0.01s Sys=0.00s Real=0.07s
[2023-01-09T09:48:39.449+0000][7][safepoint   ] Safepoint "CollectForMetadataAllocation", Time since last: 339924334 ns, Reaching safepoint: 2118833 ns, At safepoint: 67802750 ns, Total: 69921583 ns
[2023-01-09T09:48:39.449+0000][7][gc          ] GC(9) Concurrent Cycle
[2023-01-09T09:48:39.450+0000][7][gc,marking  ] GC(9) Concurrent Clear Claimed Marks
[2023-01-09T09:48:39.452+0000][7][gc,marking  ] GC(9) Concurrent Clear Claimed Marks 1.186ms
[2023-01-09T09:48:39.452+0000][7][gc,marking  ] GC(9) Concurrent Scan Root Regions
[2023-01-09T09:48:39.466+0000][7][gc,marking  ] GC(9) Concurrent Scan Root Regions 13.787ms
[2023-01-09T09:48:39.474+0000][7][gc,marking  ] GC(9) Concurrent Mark (6.576s)
[2023-01-09T09:48:39.476+0000][7][gc,marking  ] GC(9) Concurrent Mark From Roots
[2023-01-09T09:48:39.477+0000][7][gc,task     ] GC(9) Using 1 workers of 1 for marking
[2023-01-09T09:48:39.481+0000][7][gc,marking  ] GC(9) Concurrent Mark From Roots 4.909ms
[2023-01-09T09:48:39.485+0000][7][gc,marking  ] GC(9) Concurrent Preclean
[2023-01-09T09:48:39.486+0000][7][gc,marking  ] GC(9) Concurrent Preclean 1.085ms
[2023-01-09T09:48:39.487+0000][7][gc,marking  ] GC(9) Concurrent Mark (6.576s, 6.589s) 13.010ms
[2023-01-09T09:48:39.488+0000][7][gc,start    ] GC(9) Pause Remark
[2023-01-09T09:48:39.494+0000][7][gc          ] GC(9) Pause Remark 21M->21M(512M) 5.272ms
[2023-01-09T09:48:39.497+0000][7][gc,cpu      ] GC(9) User=0.00s Sys=0.00s Real=0.01s
[2023-01-09T09:48:39.498+0000][7][safepoint   ] Safepoint "G1Concurrent", Time since last: 38825750 ns, Reaching safepoint: 914875 ns, At safepoint: 9190125 ns, Total: 10105000 ns
[2023-01-09T09:48:39.498+0000][7][gc,marking  ] GC(9) Concurrent Rebuild Remembered Sets
[2023-01-09T09:48:39.501+0000][7][gc,marking  ] GC(9) Concurrent Rebuild Remembered Sets 3.068ms
[2023-01-09T09:48:39.507+0000][7][gc,start    ] GC(9) Pause Cleanup
[2023-01-09T09:48:39.508+0000][7][gc          ] GC(9) Pause Cleanup 22M->22M(512M) 1.073ms
[2023-01-09T09:48:39.509+0000][7][gc,cpu      ] GC(9) User=0.00s Sys=0.00s Real=0.00s
[2023-01-09T09:48:39.509+0000][7][safepoint   ] Safepoint "G1Concurrent", Time since last: 7045542 ns, Reaching safepoint: 2115708 ns, At safepoint: 2461417 ns, Total: 4577125 ns
[2023-01-09T09:48:39.510+0000][7][gc,marking  ] GC(9) Concurrent Cleanup for Next Mark
[2023-01-09T09:48:39.512+0000][7][gc,marking  ] GC(9) Concurrent Cleanup for Next Mark 1.491ms
[2023-01-09T09:48:39.513+0000][7][gc          ] GC(9) Concurrent Cycle 63.828ms
[2023-01-09T09:48:40.579+0000][7][safepoint   ] Safepoint "ICBufferFull", Time since last: 1068628626 ns, Reaching safepoint: 1353541 ns, At safepoint: 7334 ns, Total: 1360875 ns
[2023-01-09T09:48:41.584+0000][7][safepoint   ] Safepoint "Cleanup", Time since last: 1002434125 ns, Reaching safepoint: 2187250 ns, At safepoint: 3208 ns, Total: 2190458 ns
[2023-01-09T09:48:41.957+0000][7][safepoint   ] Safepoint "ICBufferFull", Time since last: 372735584 ns, Reaching safepoint: 117583 ns, At safepoint: 2042 ns, Total: 119625 ns
[2023-01-09T09:48:42.568+0000][7][safepoint   ] Safepoint "ICBufferFull", Time since last: 610301208 ns, Reaching safepoint: 743584 ns, At safepoint: 2625 ns, Total: 746209 ns
[2023-01-09T09:48:42.702+0000][7][gc,start    ] GC(10) Pause Young (Normal) (G1 Evacuation Pause)
[2023-01-09T09:48:42.705+0000][7][gc,task     ] GC(10) Using 4 workers of 4 for evacuation
[2023-01-09T09:48:42.709+0000][7][gc,age      ] GC(10) Desired survivor size 20447232 bytes, new threshold 15 (max threshold 15)
[2023-01-09T09:48:42.801+0000][7][gc,age      ] GC(10) Age table with threshold 15 (max threshold 15)
[2023-01-09T09:48:42.802+0000][7][gc,age      ] GC(10) - age   1:   24977672 bytes,   24977672 total
[2023-01-09T09:48:42.803+0000][7][gc,age      ] GC(10) - age   2:    2188128 bytes,   27165800 total
[2023-01-09T09:48:42.804+0000][7][gc,age      ] GC(10) - age   3:    2294496 bytes,   29460296 total
[2023-01-09T09:48:42.804+0000][7][gc,age      ] GC(10) - age   4:     593256 bytes,   30053552 total
[2023-01-09T09:48:42.805+0000][7][gc,age      ] GC(10) - age   5:    3259576 bytes,   33313128 total
[2023-01-09T09:48:42.806+0000][7][gc,age      ] GC(10) - age   6:    4239224 bytes,   37552352 total
[2023-01-09T09:48:42.807+0000][7][gc,age      ] GC(10) - age   7:    1073688 bytes,   38626040 total
[2023-01-09T09:48:42.807+0000][7][gc,age      ] GC(10) - age   8:    2116768 bytes,   40742808 total
[2023-01-09T09:48:42.809+0000][7][gc,phases   ] GC(10)   Pre Evacuate Collection Set: 0.1ms
[2023-01-09T09:48:42.809+0000][7][gc,phases   ] GC(10)   Merge Heap Roots: 0.0ms
[2023-01-09T09:48:42.810+0000][7][gc,phases   ] GC(10)   Evacuate Collection Set: 81.2ms
[2023-01-09T09:48:42.811+0000][7][gc,phases   ] GC(10)   Post Evacuate Collection Set: 10.0ms
[2023-01-09T09:48:42.812+0000][7][gc,phases   ] GC(10)   Other: 15.4ms
[2023-01-09T09:48:42.813+0000][7][gc,heap     ] GC(10) Eden regions: 291->0(268)
[2023-01-09T09:48:42.813+0000][7][gc,heap     ] GC(10) Survivor regions: 16->39(39)
[2023-01-09T09:48:42.816+0000][7][gc,heap     ] GC(10) Old regions: 4->9
[2023-01-09T09:48:42.817+0000][7][gc,heap     ] GC(10) Archive regions: 0->0
[2023-01-09T09:48:42.817+0000][7][gc,heap     ] GC(10) Humongous regions: 1->1
[2023-01-09T09:48:42.818+0000][7][gc,metaspace] GC(10) Metaspace: 43146K(45488K)->43146K(45488K) NonClass: 37917K(39600K)->37917K(39600K) Class: 5229K(5888K)->5229K(5888K)
[2023-01-09T09:48:42.819+0000][7][gc          ] GC(10) Pause Young (Normal) (G1 Evacuation Pause) 311M->48M(512M) 117.423ms
[2023-01-09T09:48:42.820+0000][7][gc,cpu      ] GC(10) User=0.09s Sys=0.00s Real=0.12s
[2023-01-09T09:48:42.821+0000][7][safepoint   ] Safepoint "G1CollectForAllocation", Time since last: 133965292 ns, Reaching safepoint: 181250 ns, At safepoint: 119226750 ns, Total: 119408000 ns
[2023-01-09T09:48:43.500+0000][7][safepoint   ] Safepoint "ICBufferFull", Time since last: 678539958 ns, Reaching safepoint: 209042 ns, At safepoint: 6417 ns, Total: 215459 ns
[2023-01-09T09:48:43.806+0000][7][safepoint   ] Safepoint "ICBufferFull", Time since last: 302047291 ns, Reaching safepoint: 3844334 ns, At safepoint: 12208 ns, Total: 3856542 ns
[2023-01-09T09:48:44.316+0000][7][safepoint   ] Safepoint "ICBufferFull", Time since last: 505704500 ns, Reaching safepoint: 4508042 ns, At safepoint: 7125 ns, Total: 4515167 ns
[2023-01-09T09:48:44.421+0000][7][gc,start    ] GC(11) Pause Young (Concurrent Start) (Metadata GC Threshold)
[2023-01-09T09:48:44.422+0000][7][gc,task     ] GC(11) Using 4 workers of 4 for evacuation
[2023-01-09T09:48:44.423+0000][7][gc,age      ] GC(11) Desired survivor size 20447232 bytes, new threshold 1 (max threshold 15)
[2023-01-09T09:48:44.485+0000][7][gc,age      ] GC(11) Age table with threshold 1 (max threshold 15)
[2023-01-09T09:48:44.486+0000][7][gc,age      ] GC(11) - age   1:    6391528 bytes,    6391528 total
[2023-01-09T09:48:44.487+0000][7][gc,phases   ] GC(11)   Pre Evacuate Collection Set: 0.3ms
[2023-01-09T09:48:44.488+0000][7][gc,phases   ] GC(11)   Merge Heap Roots: 0.1ms
[2023-01-09T09:48:44.489+0000][7][gc,phases   ] GC(11)   Evacuate Collection Set: 56.2ms
[2023-01-09T09:48:44.490+0000][7][gc,phases   ] GC(11)   Post Evacuate Collection Set: 4.0ms
[2023-01-09T09:48:44.490+0000][7][gc,phases   ] GC(11)   Other: 5.8ms
[2023-01-09T09:48:44.491+0000][7][gc,heap     ] GC(11) Eden regions: 111->0(291)
[2023-01-09T09:48:44.492+0000][7][gc,heap     ] GC(11) Survivor regions: 39->7(39)
[2023-01-09T09:48:44.493+0000][7][gc,heap     ] GC(11) Old regions: 9->48
[2023-01-09T09:48:44.494+0000][7][gc,heap     ] GC(11) Archive regions: 0->0
[2023-01-09T09:48:44.494+0000][7][gc,heap     ] GC(11) Humongous regions: 1->1
[2023-01-09T09:48:44.495+0000][7][gc,metaspace] GC(11) Metaspace: 57367K(60336K)->57367K(60336K) NonClass: 50001K(52144K)->50001K(52144K) Class: 7366K(8192K)->7366K(8192K)
[2023-01-09T09:48:44.496+0000][7][gc          ] GC(11) Pause Young (Concurrent Start) (Metadata GC Threshold) 159M->55M(512M) 75.182ms
[2023-01-09T09:48:44.497+0000][7][gc,cpu      ] GC(11) User=0.07s Sys=0.00s Real=0.08s
[2023-01-09T09:48:44.498+0000][7][safepoint   ] Safepoint "CollectForMetadataAllocation", Time since last: 99305792 ns, Reaching safepoint: 5496500 ns, At safepoint: 77278583 ns, Total: 82775083 ns
[2023-01-09T09:48:44.498+0000][7][gc          ] GC(12) Concurrent Cycle
[2023-01-09T09:48:44.507+0000][7][gc,marking  ] GC(12) Concurrent Clear Claimed Marks
[2023-01-09T09:48:44.507+0000][7][gc,marking  ] GC(12) Concurrent Clear Claimed Marks 0.821ms
[2023-01-09T09:48:44.508+0000][7][gc,marking  ] GC(12) Concurrent Scan Root Regions
[2023-01-09T09:48:44.556+0000][7][gc,marking  ] GC(12) Concurrent Scan Root Regions 48.219ms
[2023-01-09T09:48:44.558+0000][7][gc,marking  ] GC(12) Concurrent Mark (11.661s)
[2023-01-09T09:48:44.559+0000][7][gc,marking  ] GC(12) Concurrent Mark From Roots
[2023-01-09T09:48:44.560+0000][7][gc,task     ] GC(12) Using 1 workers of 1 for marking
[2023-01-09T09:48:44.564+0000][7][safepoint   ] Safepoint "CollectForMetadataAllocation", Time since last: 62763542 ns, Reaching safepoint: 2842416 ns, At safepoint: 81584 ns, Total: 2924000 ns
[2023-01-09T09:48:44.595+0000][7][gc,marking  ] GC(12) Concurrent Mark From Roots 36.337ms
[2023-01-09T09:48:44.598+0000][7][gc,marking  ] GC(12) Concurrent Preclean
[2023-01-09T09:48:44.601+0000][7][safepoint   ] Safepoint "CollectForMetadataAllocation", Time since last: 35657500 ns, Reaching safepoint: 1318916 ns, At safepoint: 48959 ns, Total: 1367875 ns
[2023-01-09T09:48:44.602+0000][7][gc,marking  ] GC(12) Concurrent Preclean 4.218ms
[2023-01-09T09:48:44.603+0000][7][gc,marking  ] GC(12) Concurrent Mark (11.661s, 11.705s) 44.615ms
[2023-01-09T09:48:44.607+0000][7][gc,start    ] GC(12) Pause Remark
[2023-01-09T09:48:44.612+0000][7][gc          ] GC(12) Pause Remark 58M->58M(512M) 5.753ms
[2023-01-09T09:48:44.613+0000][7][gc,cpu      ] GC(12) User=0.01s Sys=0.00s Real=0.00s
[2023-01-09T09:48:44.614+0000][7][safepoint   ] Safepoint "G1Concurrent", Time since last: 2691541 ns, Reaching safepoint: 3185667 ns, At safepoint: 7504583 ns, Total: 10690250 ns
[2023-01-09T09:48:44.615+0000][7][gc,marking  ] GC(12) Concurrent Rebuild Remembered Sets
[2023-01-09T09:48:44.684+0000][7][gc,marking  ] GC(12) Concurrent Rebuild Remembered Sets 68.375ms
[2023-01-09T09:48:44.689+0000][7][gc,start    ] GC(12) Pause Cleanup
[2023-01-09T09:48:44.691+0000][7][gc          ] GC(12) Pause Cleanup 60M->60M(512M) 1.560ms
[2023-01-09T09:48:44.692+0000][7][gc,cpu      ] GC(12) User=0.00s Sys=0.00s Real=0.00s
[2023-01-09T09:48:44.692+0000][7][safepoint   ] Safepoint "G1Concurrent", Time since last: 74583292 ns, Reaching safepoint: 569417 ns, At safepoint: 3150750 ns, Total: 3720167 ns
[2023-01-09T09:48:44.693+0000][7][gc,marking  ] GC(12) Concurrent Cleanup for Next Mark
[2023-01-09T09:48:44.706+0000][7][gc,marking  ] GC(12) Concurrent Cleanup for Next Mark 12.791ms
[2023-01-09T09:48:44.707+0000][7][gc          ] GC(12) Concurrent Cycle 208.774ms
[2023-01-09T09:48:45.699+0000][7][safepoint   ] Safepoint "Cleanup", Time since last: 1006115292 ns, Reaching safepoint: 259083 ns, At safepoint: 2292 ns, Total: 261375 ns
[2023-01-09T09:48:46.172+0000][7][safepoint   ] Safepoint "ICBufferFull", Time since last: 473010125 ns, Reaching safepoint: 188209 ns, At safepoint: 2291 ns, Total: 190500 ns
[2023-01-09T09:48:46.707+0000][7][safepoint   ] Safepoint "ICBufferFull", Time since last: 531087875 ns, Reaching safepoint: 3444542 ns, At safepoint: 8208 ns, Total: 3452750 ns
[2023-01-09T09:48:47.711+0000][7][safepoint   ] Safepoint "Cleanup", Time since last: 1002062334 ns, Reaching safepoint: 2382917 ns, At safepoint: 12458 ns, Total: 2395375 ns
[2023-01-09T09:48:48.107+0000][7][safepoint   ] Safepoint "ICBufferFull", Time since last: 396296917 ns, Reaching safepoint: 120750 ns, At safepoint: 2042 ns, Total: 122792 ns
[2023-01-09T09:48:48.724+0000][7][safepoint   ] Safepoint "ICBufferFull", Time since last: 615421958 ns, Reaching safepoint: 1058375 ns, At safepoint: 11625 ns, Total: 1070000 ns
[2023-01-09T09:48:49.356+0000][7][safepoint   ] Safepoint "ICBufferFull", Time since last: 631686126 ns, Reaching safepoint: 108208 ns, At safepoint: 2583 ns, Total: 110791 ns
[2023-01-09T09:48:49.816+0000][7][safepoint   ] Safepoint "ICBufferFull", Time since last: 460422542 ns, Reaching safepoint: 216000 ns, At safepoint: 3167 ns, Total: 219167 ns
[2023-01-09T09:48:50.115+0000][7][safepoint   ] Safepoint "ICBufferFull", Time since last: 298534667 ns, Reaching safepoint: 177375 ns, At safepoint: 7041 ns, Total: 184416 ns
[2023-01-09T09:48:50.176+0000][7][gc,heap,exit] Heap
[2023-01-09T09:48:50.176+0000][7][gc,heap,exit]  garbage-first heap   total 524288K, used 263081K [0x00000000e0000000, 0x0000000100000000)
[2023-01-09T09:48:50.177+0000][7][gc,heap,exit]   region size 1024K, 209 young (214016K), 7 survivors (7168K)
[2023-01-09T09:48:50.178+0000][7][gc,heap,exit]  Metaspace       used 86264K, capacity 89362K, committed 89884K, reserved 1126400K
[2023-01-09T09:48:50.179+0000][7][gc,heap,exit]   class space    used 11405K, capacity 12371K, committed 12492K, reserved 1048576K
