[2023-01-09T09:47:51.377+0000][7][gc] Using G1
[2023-01-09T09:47:51.536+0000][7][gc,init] Version: 15+36-1562 (release)
[2023-01-09T09:47:51.537+0000][7][gc,init] CPUs: 4 total, 4 available
[2023-01-09T09:47:51.538+0000][7][gc,init] Memory: 7951M
[2023-01-09T09:47:51.538+0000][7][gc,init] Large Page Support: Disabled
[2023-01-09T09:47:51.539+0000][7][gc,init] NUMA Support: Disabled
[2023-01-09T09:47:51.540+0000][7][gc,init] Compressed Oops: Enabled (32-bit)
[2023-01-09T09:47:51.540+0000][7][gc,init] Heap Region Size: 1M
[2023-01-09T09:47:51.541+0000][7][gc,init] Heap Min Capacity: 512M
[2023-01-09T09:47:51.542+0000][7][gc,init] Heap Initial Capacity: 512M
[2023-01-09T09:47:51.543+0000][7][gc,init] Heap Max Capacity: 512M
[2023-01-09T09:47:51.544+0000][7][gc,init] Pre-touch: Enabled
[2023-01-09T09:47:51.545+0000][7][gc,init] Parallel Workers: 4
[2023-01-09T09:47:51.546+0000][7][gc,init] Concurrent Workers: 1
[2023-01-09T09:47:51.546+0000][7][gc,init] Concurrent Refinement Workers: 4
[2023-01-09T09:47:51.547+0000][7][gc,init] Periodic GC: Disabled
[2023-01-09T09:47:51.548+0000][7][gc,metaspace] CDS disabled.
[2023-01-09T09:47:51.549+0000][7][gc,metaspace] Compressed class space mapped at: 0x0000000100000000-0x0000000140000000, size: 1073741824
[2023-01-09T09:47:51.552+0000][7][gc,metaspace] Narrow klass base: 0x0000000000000000, Narrow klass shift: 3, Narrow klass range: 0x140000000
[2023-01-09T09:47:51.994+0000][7][safepoint   ] Safepoint "ICBufferFull", Time since last: 420227333 ns, Reaching safepoint: 499125 ns, At safepoint: 3667 ns, Total: 502792 ns
[2023-01-09T09:47:52.385+0000][7][safepoint   ] Safepoint "ICBufferFull", Time since last: 391737125 ns, Reaching safepoint: 85542 ns, At safepoint: 7500 ns, Total: 93042 ns
[2023-01-09T09:47:52.551+0000][7][safepoint   ] Safepoint "ICBufferFull", Time since last: 165547625 ns, Reaching safepoint: 91875 ns, At safepoint: 1917 ns, Total: 93792 ns
[2023-01-09T09:47:52.631+0000][7][gc,start    ] GC(0) Pause Young (Normal) (G1 Evacuation Pause)
[2023-01-09T09:47:52.649+0000][7][gc,task     ] GC(0) Using 4 workers of 4 for evacuation
[2023-01-09T09:47:52.653+0000][7][gc,age      ] GC(0) Desired survivor size 2097152 bytes, new threshold 15 (max threshold 15)
[2023-01-09T09:47:52.671+0000][7][gc,age      ] GC(0) Age table with threshold 15 (max threshold 15)
[2023-01-09T09:47:52.674+0000][7][gc,age      ] GC(0) - age   1:    3912264 bytes,    3912264 total
[2023-01-09T09:47:52.675+0000][7][gc,phases   ] GC(0)   Pre Evacuate Collection Set: 0.1ms
[2023-01-09T09:47:52.676+0000][7][gc,phases   ] GC(0)   Merge Heap Roots: 0.0ms
[2023-01-09T09:47:52.677+0000][7][gc,phases   ] GC(0)   Evacuate Collection Set: 11.4ms
[2023-01-09T09:47:52.678+0000][7][gc,phases   ] GC(0)   Post Evacuate Collection Set: 0.5ms
[2023-01-09T09:47:52.683+0000][7][gc,phases   ] GC(0)   Other: 31.9ms
[2023-01-09T09:47:52.684+0000][7][gc,heap     ] GC(0) Eden regions: 25->0(25)
[2023-01-09T09:47:52.685+0000][7][gc,heap     ] GC(0) Survivor regions: 0->4(4)
[2023-01-09T09:47:52.686+0000][7][gc,heap     ] GC(0) Old regions: 0->0
[2023-01-09T09:47:52.687+0000][7][gc,heap     ] GC(0) Archive regions: 0->0
[2023-01-09T09:47:52.688+0000][7][gc,heap     ] GC(0) Humongous regions: 1->1
[2023-01-09T09:47:52.690+0000][7][gc,metaspace] GC(0) Metaspace: 15674K(16128K)->15674K(16128K) NonClass: 14094K(14336K)->14094K(14336K) Class: 1580K(1792K)->1580K(1792K)
[2023-01-09T09:47:52.693+0000][7][gc          ] GC(0) Pause Young (Normal) (G1 Evacuation Pause) 26M->4M(512M) 61.747ms
[2023-01-09T09:47:52.695+0000][7][gc,cpu      ] GC(0) User=0.04s Sys=0.00s Real=0.06s
[2023-01-09T09:47:52.696+0000][7][safepoint   ] Safepoint "G1CollectForAllocation", Time since last: 79832458 ns, Reaching safepoint: 59750 ns, At safepoint: 65153792 ns, Total: 65213542 ns
[2023-01-09T09:47:53.228+0000][7][safepoint   ] Safepoint "ICBufferFull", Time since last: 531969958 ns, Reaching safepoint: 99500 ns, At safepoint: 2084 ns, Total: 101584 ns
[2023-01-09T09:47:53.405+0000][7][gc,start    ] GC(1) Pause Young (Concurrent Start) (Metadata GC Threshold)
[2023-01-09T09:47:53.410+0000][7][gc,task     ] GC(1) Using 4 workers of 4 for evacuation
[2023-01-09T09:47:53.411+0000][7][gc,age      ] GC(1) Desired survivor size 2097152 bytes, new threshold 1 (max threshold 15)
[2023-01-09T09:47:53.427+0000][7][gc,age      ] GC(1) Age table with threshold 1 (max threshold 15)
[2023-01-09T09:47:53.428+0000][7][gc,age      ] GC(1) - age   1:    2143504 bytes,    2143504 total
[2023-01-09T09:47:53.429+0000][7][gc,phases   ] GC(1)   Pre Evacuate Collection Set: 0.1ms
[2023-01-09T09:47:53.430+0000][7][gc,phases   ] GC(1)   Merge Heap Roots: 0.0ms
[2023-01-09T09:47:53.431+0000][7][gc,phases   ] GC(1)   Evacuate Collection Set: 14.7ms
[2023-01-09T09:47:53.432+0000][7][gc,phases   ] GC(1)   Post Evacuate Collection Set: 0.5ms
[2023-01-09T09:47:53.432+0000][7][gc,phases   ] GC(1)   Other: 9.1ms
[2023-01-09T09:47:53.433+0000][7][gc,heap     ] GC(1) Eden regions: 23->0(34)
[2023-01-09T09:47:53.434+0000][7][gc,heap     ] GC(1) Survivor regions: 4->3(4)
[2023-01-09T09:47:53.435+0000][7][gc,heap     ] GC(1) Old regions: 0->4
[2023-01-09T09:47:53.436+0000][7][gc,heap     ] GC(1) Archive regions: 0->0
[2023-01-09T09:47:53.437+0000][7][gc,heap     ] GC(1) Humongous regions: 1->1
[2023-01-09T09:47:53.438+0000][7][gc,metaspace] GC(1) Metaspace: 20803K(21248K)->20803K(21248K) NonClass: 18578K(18944K)->18578K(18944K) Class: 2224K(2304K)->2224K(2304K)
[2023-01-09T09:47:53.438+0000][7][gc          ] GC(1) Pause Young (Concurrent Start) (Metadata GC Threshold) 27M->6M(512M) 33.738ms
[2023-01-09T09:47:53.439+0000][7][gc,cpu      ] GC(1) User=0.01s Sys=0.00s Real=0.03s
[2023-01-09T09:47:53.440+0000][7][gc          ] GC(2) Concurrent Cycle
[2023-01-09T09:47:53.441+0000][7][gc,marking  ] GC(2) Concurrent Clear Claimed Marks
[2023-01-09T09:47:53.442+0000][7][gc,marking  ] GC(2) Concurrent Clear Claimed Marks 0.825ms
[2023-01-09T09:47:53.443+0000][7][gc,marking  ] GC(2) Concurrent Scan Root Regions
[2023-01-09T09:47:53.440+0000][7][safepoint   ] Safepoint "CollectForMetadataAllocation", Time since last: 176213958 ns, Reaching safepoint: 97000 ns, At safepoint: 35977750 ns, Total: 36074750 ns
[2023-01-09T09:47:53.447+0000][7][gc,marking  ] GC(2) Concurrent Scan Root Regions 4.185ms
[2023-01-09T09:47:53.453+0000][7][gc,marking  ] GC(2) Concurrent Mark (2.091s)
[2023-01-09T09:47:53.455+0000][7][gc,marking  ] GC(2) Concurrent Mark From Roots
[2023-01-09T09:47:53.456+0000][7][gc,task     ] GC(2) Using 1 workers of 1 for marking
[2023-01-09T09:47:53.457+0000][7][gc,marking  ] GC(2) Concurrent Mark From Roots 2.473ms
[2023-01-09T09:47:53.461+0000][7][gc,marking  ] GC(2) Concurrent Preclean
[2023-01-09T09:47:53.462+0000][7][gc,marking  ] GC(2) Concurrent Preclean 0.922ms
[2023-01-09T09:47:53.462+0000][7][gc,marking  ] GC(2) Concurrent Mark (2.091s, 2.101s) 9.287ms
[2023-01-09T09:47:53.468+0000][7][gc,start    ] GC(2) Pause Remark
[2023-01-09T09:47:53.474+0000][7][gc          ] GC(2) Pause Remark 7M->7M(512M) 5.592ms
[2023-01-09T09:47:53.474+0000][7][gc,cpu      ] GC(2) User=0.00s Sys=0.00s Real=0.01s
[2023-01-09T09:47:53.475+0000][7][safepoint   ] Safepoint "G1Concurrent", Time since last: 26536083 ns, Reaching safepoint: 1085000 ns, At safepoint: 6923584 ns, Total: 8008584 ns
[2023-01-09T09:47:53.480+0000][7][gc,marking  ] GC(2) Concurrent Rebuild Remembered Sets
[2023-01-09T09:47:53.483+0000][7][gc,marking  ] GC(2) Concurrent Rebuild Remembered Sets 2.588ms
[2023-01-09T09:47:53.484+0000][7][gc,start    ] GC(2) Pause Cleanup
[2023-01-09T09:47:53.485+0000][7][gc          ] GC(2) Pause Cleanup 7M->7M(512M) 0.721ms
[2023-01-09T09:47:53.486+0000][7][gc,cpu      ] GC(2) User=0.00s Sys=0.00s Real=0.00s
[2023-01-09T09:47:53.487+0000][7][safepoint   ] Safepoint "G1Concurrent", Time since last: 9153083 ns, Reaching safepoint: 282250 ns, At safepoint: 2218792 ns, Total: 2501042 ns
[2023-01-09T09:47:53.488+0000][7][gc,marking  ] GC(2) Concurrent Cleanup for Next Mark
[2023-01-09T09:47:53.489+0000][7][gc,marking  ] GC(2) Concurrent Cleanup for Next Mark 1.184ms
[2023-01-09T09:47:53.489+0000][7][gc          ] GC(2) Concurrent Cycle 49.226ms
[2023-01-09T09:47:54.066+0000][7][safepoint   ] Safepoint "ICBufferFull", Time since last: 579353125 ns, Reaching safepoint: 103750 ns, At safepoint: 2958 ns, Total: 106708 ns
[2023-01-09T09:47:54.114+0000][7][gc,start    ] GC(3) Pause Young (Normal) (G1 Evacuation Pause)
[2023-01-09T09:47:54.115+0000][7][gc,task     ] GC(3) Using 4 workers of 4 for evacuation
[2023-01-09T09:47:54.116+0000][7][gc,age      ] GC(3) Desired survivor size 2621440 bytes, new threshold 15 (max threshold 15)
[2023-01-09T09:47:54.146+0000][7][gc,age      ] GC(3) Age table with threshold 15 (max threshold 15)
[2023-01-09T09:47:54.147+0000][7][gc,age      ] GC(3) - age   1:    2966072 bytes,    2966072 total
[2023-01-09T09:47:54.148+0000][7][gc,age      ] GC(3) - age   2:    2122608 bytes,    5088680 total
[2023-01-09T09:47:54.151+0000][7][gc,phases   ] GC(3)   Pre Evacuate Collection Set: 0.4ms
[2023-01-09T09:47:54.152+0000][7][gc,phases   ] GC(3)   Merge Heap Roots: 0.0ms
[2023-01-09T09:47:54.153+0000][7][gc,phases   ] GC(3)   Evacuate Collection Set: 19.9ms
[2023-01-09T09:47:54.155+0000][7][gc,phases   ] GC(3)   Post Evacuate Collection Set: 8.6ms
[2023-01-09T09:47:54.156+0000][7][gc,phases   ] GC(3)   Other: 7.9ms
[2023-01-09T09:47:54.156+0000][7][gc,heap     ] GC(3) Eden regions: 35->0(181)
[2023-01-09T09:47:54.157+0000][7][gc,heap     ] GC(3) Survivor regions: 3->5(5)
[2023-01-09T09:47:54.158+0000][7][gc,heap     ] GC(3) Old regions: 4->4
[2023-01-09T09:47:54.159+0000][7][gc,heap     ] GC(3) Archive regions: 0->0
[2023-01-09T09:47:54.160+0000][7][gc,heap     ] GC(3) Humongous regions: 1->1
[2023-01-09T09:47:54.161+0000][7][gc,metaspace] GC(3) Metaspace: 22500K(23036K)->22500K(23036K) NonClass: 20090K(20476K)->20090K(20476K) Class: 2410K(2560K)->2410K(2560K)
[2023-01-09T09:47:54.162+0000][7][gc          ] GC(3) Pause Young (Normal) (G1 Evacuation Pause) 41M->9M(512M) 47.742ms
[2023-01-09T09:47:54.163+0000][7][gc,cpu      ] GC(3) User=0.01s Sys=0.00s Real=0.05s
[2023-01-09T09:47:54.164+0000][7][safepoint   ] Safepoint "G1CollectForAllocation", Time since last: 44928792 ns, Reaching safepoint: 2995792 ns, At safepoint: 50381375 ns, Total: 53377167 ns
[2023-01-09T09:47:54.302+0000][7][safepoint   ] Safepoint "ICBufferFull", Time since last: 137638333 ns, Reaching safepoint: 59417 ns, At safepoint: 1958 ns, Total: 61375 ns
[2023-01-09T09:47:54.306+0000][7][safepoint   ] Safepoint "ICBufferFull", Time since last: 3498000 ns, Reaching safepoint: 55792 ns, At safepoint: 2333 ns, Total: 58125 ns
[2023-01-09T09:47:54.310+0000][7][safepoint   ] Safepoint "ICBufferFull", Time since last: 4379917 ns, Reaching safepoint: 45333 ns, At safepoint: 2000 ns, Total: 47333 ns
[2023-01-09T09:47:54.314+0000][7][safepoint   ] Safepoint "ICBufferFull", Time since last: 4004125 ns, Reaching safepoint: 42958 ns, At safepoint: 2000 ns, Total: 44958 ns
[2023-01-09T09:47:54.319+0000][7][safepoint   ] Safepoint "ICBufferFull", Time since last: 4947375 ns, Reaching safepoint: 42167 ns, At safepoint: 1792 ns, Total: 43959 ns
[2023-01-09T09:47:54.323+0000][7][safepoint   ] Safepoint "ICBufferFull", Time since last: 3799625 ns, Reaching safepoint: 58708 ns, At safepoint: 3458 ns, Total: 62166 ns
[2023-01-09T09:47:54.327+0000][7][safepoint   ] Safepoint "ICBufferFull", Time since last: 3535292 ns, Reaching safepoint: 709917 ns, At safepoint: 21541 ns, Total: 731458 ns
[2023-01-09T09:47:54.334+0000][7][safepoint   ] Safepoint "ICBufferFull", Time since last: 3756750 ns, Reaching safepoint: 2969667 ns, At safepoint: 18375 ns, Total: 2988042 ns
[2023-01-09T09:47:54.350+0000][7][safepoint   ] Safepoint "ICBufferFull", Time since last: 13584208 ns, Reaching safepoint: 2456042 ns, At safepoint: 7292 ns, Total: 2463334 ns
[2023-01-09T09:47:54.352+0000][7][safepoint   ] Safepoint "ICBufferFull", Time since last: 2062708 ns, Reaching safepoint: 26333 ns, At safepoint: 1417 ns, Total: 27750 ns
[2023-01-09T09:47:54.354+0000][7][safepoint   ] Safepoint "ICBufferFull", Time since last: 1559750 ns, Reaching safepoint: 26250 ns, At safepoint: 1333 ns, Total: 27583 ns
[2023-01-09T09:47:54.357+0000][7][safepoint   ] Safepoint "ICBufferFull", Time since last: 2985209 ns, Reaching safepoint: 28125 ns, At safepoint: 1541 ns, Total: 29666 ns
[2023-01-09T09:47:54.359+0000][7][safepoint   ] Safepoint "ICBufferFull", Time since last: 2656459 ns, Reaching safepoint: 30250 ns, At safepoint: 2708 ns, Total: 32958 ns
[2023-01-09T09:47:54.368+0000][7][safepoint   ] Safepoint "ICBufferFull", Time since last: 2660167 ns, Reaching safepoint: 6334833 ns, At safepoint: 11917 ns, Total: 6346750 ns
[2023-01-09T09:47:54.372+0000][7][safepoint   ] Safepoint "ICBufferFull", Time since last: 2346125 ns, Reaching safepoint: 1581458 ns, At safepoint: 2208 ns, Total: 1583666 ns
[2023-01-09T09:47:54.375+0000][7][safepoint   ] Safepoint "ICBufferFull", Time since last: 2085375 ns, Reaching safepoint: 633792 ns, At safepoint: 1708 ns, Total: 635500 ns
[2023-01-09T09:47:54.379+0000][7][safepoint   ] Safepoint "ICBufferFull", Time since last: 1424500 ns, Reaching safepoint: 2401625 ns, At safepoint: 2125 ns, Total: 2403750 ns
[2023-01-09T09:47:54.381+0000][7][safepoint   ] Safepoint "ICBufferFull", Time since last: 1826167 ns, Reaching safepoint: 281292 ns, At safepoint: 2833 ns, Total: 284125 ns
[2023-01-09T09:47:54.385+0000][7][safepoint   ] Safepoint "ICBufferFull", Time since last: 1708167 ns, Reaching safepoint: 2104916 ns, At safepoint: 2750 ns, Total: 2107666 ns
[2023-01-09T09:47:54.397+0000][7][safepoint   ] Safepoint "ICBufferFull", Time since last: 11812500 ns, Reaching safepoint: 118542 ns, At safepoint: 1833 ns, Total: 120375 ns
[2023-01-09T09:47:54.403+0000][7][safepoint   ] Safepoint "ICBufferFull", Time since last: 6242375 ns, Reaching safepoint: 120667 ns, At safepoint: 5625 ns, Total: 126292 ns
[2023-01-09T09:47:54.405+0000][7][safepoint   ] Safepoint "ICBufferFull", Time since last: 1919208 ns, Reaching safepoint: 127125 ns, At safepoint: 18834 ns, Total: 145959 ns
[2023-01-09T09:47:54.425+0000][7][safepoint   ] Safepoint "ICBufferFull", Time since last: 14850208 ns, Reaching safepoint: 4917833 ns, At safepoint: 11709 ns, Total: 4929542 ns
[2023-01-09T09:47:54.435+0000][7][safepoint   ] Safepoint "ICBufferFull", Time since last: 9557041 ns, Reaching safepoint: 44084 ns, At safepoint: 4083 ns, Total: 48167 ns
[2023-01-09T09:47:54.447+0000][7][safepoint   ] Safepoint "ICBufferFull", Time since last: 2868083 ns, Reaching safepoint: 9341209 ns, At safepoint: 4208 ns, Total: 9345417 ns
[2023-01-09T09:47:54.449+0000][7][safepoint   ] Safepoint "ICBufferFull", Time since last: 2600083 ns, Reaching safepoint: 38625 ns, At safepoint: 1834 ns, Total: 40459 ns
[2023-01-09T09:47:54.466+0000][7][safepoint   ] Safepoint "ICBufferFull", Time since last: 5403416 ns, Reaching safepoint: 11175375 ns, At safepoint: 13417 ns, Total: 11188792 ns
[2023-01-09T09:47:54.472+0000][7][safepoint   ] Safepoint "ICBufferFull", Time since last: 1867917 ns, Reaching safepoint: 4405291 ns, At safepoint: 3834 ns, Total: 4409125 ns
[2023-01-09T09:47:54.475+0000][7][safepoint   ] Safepoint "ICBufferFull", Time since last: 1749625 ns, Reaching safepoint: 1008583 ns, At safepoint: 2125 ns, Total: 1010708 ns
[2023-01-09T09:47:54.483+0000][7][safepoint   ] Safepoint "ICBufferFull", Time since last: 7733583 ns, Reaching safepoint: 116875 ns, At safepoint: 2000 ns, Total: 118875 ns
[2023-01-09T09:47:54.493+0000][7][safepoint   ] Safepoint "ICBufferFull", Time since last: 2241292 ns, Reaching safepoint: 7874250 ns, At safepoint: 7292 ns, Total: 7881542 ns
[2023-01-09T09:47:54.503+0000][7][safepoint   ] Safepoint "ICBufferFull", Time since last: 2257000 ns, Reaching safepoint: 7753000 ns, At safepoint: 33041 ns, Total: 7786041 ns
[2023-01-09T09:47:54.509+0000][7][safepoint   ] Safepoint "ICBufferFull", Time since last: 2089292 ns, Reaching safepoint: 3889542 ns, At safepoint: 4708 ns, Total: 3894250 ns
[2023-01-09T09:47:54.515+0000][7][safepoint   ] Safepoint "ICBufferFull", Time since last: 5902417 ns, Reaching safepoint: 124083 ns, At safepoint: 2000 ns, Total: 126083 ns
[2023-01-09T09:47:54.523+0000][7][safepoint   ] Safepoint "ICBufferFull", Time since last: 5035708 ns, Reaching safepoint: 2896417 ns, At safepoint: 12209 ns, Total: 2908626 ns
[2023-01-09T09:47:54.529+0000][7][safepoint   ] Safepoint "ICBufferFull", Time since last: 2567458 ns, Reaching safepoint: 2942250 ns, At safepoint: 4500 ns, Total: 2946750 ns
[2023-01-09T09:47:54.539+0000][7][safepoint   ] Safepoint "ICBufferFull", Time since last: 3016125 ns, Reaching safepoint: 7513458 ns, At safepoint: 5917 ns, Total: 7519375 ns
[2023-01-09T09:47:54.551+0000][7][safepoint   ] Safepoint "ICBufferFull", Time since last: 12021500 ns, Reaching safepoint: 129792 ns, At safepoint: 2750 ns, Total: 132542 ns
[2023-01-09T09:47:54.557+0000][7][safepoint   ] Safepoint "ICBufferFull", Time since last: 1598833 ns, Reaching safepoint: 3792292 ns, At safepoint: 5625 ns, Total: 3797917 ns
[2023-01-09T09:47:54.558+0000][7][safepoint   ] Safepoint "ICBufferFull", Time since last: 1424208 ns, Reaching safepoint: 128125 ns, At safepoint: 2208 ns, Total: 130333 ns
[2023-01-09T09:47:54.560+0000][7][safepoint   ] Safepoint "ICBufferFull", Time since last: 1098084 ns, Reaching safepoint: 841166 ns, At safepoint: 4125 ns, Total: 845291 ns
[2023-01-09T09:47:54.562+0000][7][safepoint   ] Safepoint "ICBufferFull", Time since last: 1355625 ns, Reaching safepoint: 566125 ns, At safepoint: 2750 ns, Total: 568875 ns
[2023-01-09T09:47:54.569+0000][7][safepoint   ] Safepoint "ICBufferFull", Time since last: 1202250 ns, Reaching safepoint: 5812834 ns, At safepoint: 5333 ns, Total: 5818167 ns
[2023-01-09T09:47:54.576+0000][7][safepoint   ] Safepoint "ICBufferFull", Time since last: 1352792 ns, Reaching safepoint: 5628750 ns, At safepoint: 5791 ns, Total: 5634541 ns
[2023-01-09T09:47:54.581+0000][7][safepoint   ] Safepoint "ICBufferFull", Time since last: 1615042 ns, Reaching safepoint: 3224375 ns, At safepoint: 5708 ns, Total: 3230083 ns
[2023-01-09T09:47:54.589+0000][7][safepoint   ] Safepoint "ICBufferFull", Time since last: 8271292 ns, Reaching safepoint: 64625 ns, At safepoint: 2750 ns, Total: 67375 ns
[2023-01-09T09:47:54.591+0000][7][safepoint   ] Safepoint "ICBufferFull", Time since last: 1905458 ns, Reaching safepoint: 49417 ns, At safepoint: 2542 ns, Total: 51959 ns
[2023-01-09T09:47:54.596+0000][7][safepoint   ] Safepoint "ICBufferFull", Time since last: 5001250 ns, Reaching safepoint: 54875 ns, At safepoint: 2375 ns, Total: 57250 ns
[2023-01-09T09:47:54.598+0000][7][safepoint   ] Safepoint "ICBufferFull", Time since last: 1402208 ns, Reaching safepoint: 81708 ns, At safepoint: 2834 ns, Total: 84542 ns
[2023-01-09T09:47:54.599+0000][7][safepoint   ] Safepoint "ICBufferFull", Time since last: 1053166 ns, Reaching safepoint: 45500 ns, At safepoint: 2042 ns, Total: 47542 ns
[2023-01-09T09:47:54.603+0000][7][safepoint   ] Safepoint "ICBufferFull", Time since last: 1353125 ns, Reaching safepoint: 3112500 ns, At safepoint: 3917 ns, Total: 3116417 ns
[2023-01-09T09:47:54.605+0000][7][safepoint   ] Safepoint "ICBufferFull", Time since last: 1379833 ns, Reaching safepoint: 43583 ns, At safepoint: 2584 ns, Total: 46167 ns
[2023-01-09T09:47:54.606+0000][7][safepoint   ] Safepoint "ICBufferFull", Time since last: 791916 ns, Reaching safepoint: 57959 ns, At safepoint: 2000 ns, Total: 59959 ns
[2023-01-09T09:47:54.609+0000][7][safepoint   ] Safepoint "ICBufferFull", Time since last: 770750 ns, Reaching safepoint: 2508250 ns, At safepoint: 2958 ns, Total: 2511208 ns
[2023-01-09T09:47:54.614+0000][7][safepoint   ] Safepoint "ICBufferFull", Time since last: 1505417 ns, Reaching safepoint: 3686541 ns, At safepoint: 3834 ns, Total: 3690375 ns
[2023-01-09T09:47:54.617+0000][7][safepoint   ] Safepoint "ICBufferFull", Time since last: 1210583 ns, Reaching safepoint: 1243208 ns, At safepoint: 4167 ns, Total: 1247375 ns
[2023-01-09T09:47:54.619+0000][7][safepoint   ] Safepoint "ICBufferFull", Time since last: 890792 ns, Reaching safepoint: 1945541 ns, At safepoint: 4542 ns, Total: 1950083 ns
[2023-01-09T09:47:54.623+0000][7][safepoint   ] Safepoint "ICBufferFull", Time since last: 2326417 ns, Reaching safepoint: 1334208 ns, At safepoint: 5167 ns, Total: 1339375 ns
[2023-01-09T09:47:54.626+0000][7][safepoint   ] Safepoint "ICBufferFull", Time since last: 2446333 ns, Reaching safepoint: 28208 ns, At safepoint: 1459 ns, Total: 29667 ns
[2023-01-09T09:47:54.627+0000][7][safepoint   ] Safepoint "ICBufferFull", Time since last: 1092500 ns, Reaching safepoint: 21125 ns, At safepoint: 1000 ns, Total: 22125 ns
[2023-01-09T09:47:54.629+0000][7][safepoint   ] Safepoint "ICBufferFull", Time since last: 1803166 ns, Reaching safepoint: 45084 ns, At safepoint: 1958 ns, Total: 47042 ns
[2023-01-09T09:47:54.629+0000][7][safepoint   ] Safepoint "ICBufferFull", Time since last: 911125 ns, Reaching safepoint: 40833 ns, At safepoint: 2084 ns, Total: 42917 ns
[2023-01-09T09:47:54.630+0000][7][safepoint   ] Safepoint "ICBufferFull", Time since last: 927625 ns, Reaching safepoint: 40791 ns, At safepoint: 2709 ns, Total: 43500 ns
[2023-01-09T09:47:54.632+0000][7][safepoint   ] Safepoint "ICBufferFull", Time since last: 1200750 ns, Reaching safepoint: 37250 ns, At safepoint: 2416 ns, Total: 39666 ns
[2023-01-09T09:47:54.633+0000][7][safepoint   ] Safepoint "ICBufferFull", Time since last: 1554042 ns, Reaching safepoint: 24000 ns, At safepoint: 1042 ns, Total: 25042 ns
[2023-01-09T09:47:54.635+0000][7][safepoint   ] Safepoint "ICBufferFull", Time since last: 1206583 ns, Reaching safepoint: 193792 ns, At safepoint: 12333 ns, Total: 206125 ns
[2023-01-09T09:47:54.636+0000][7][safepoint   ] Safepoint "ICBufferFull", Time since last: 849125 ns, Reaching safepoint: 19958 ns, At safepoint: 834 ns, Total: 20792 ns
[2023-01-09T09:47:54.637+0000][7][safepoint   ] Safepoint "ICBufferFull", Time since last: 1257541 ns, Reaching safepoint: 20375 ns, At safepoint: 875 ns, Total: 21250 ns
[2023-01-09T09:47:54.638+0000][7][safepoint   ] Safepoint "ICBufferFull", Time since last: 1361334 ns, Reaching safepoint: 22291 ns, At safepoint: 959 ns, Total: 23250 ns
[2023-01-09T09:47:54.639+0000][7][safepoint   ] Safepoint "ICBufferFull", Time since last: 899541 ns, Reaching safepoint: 23709 ns, At safepoint: 1291 ns, Total: 25000 ns
[2023-01-09T09:47:54.640+0000][7][safepoint   ] Safepoint "ICBufferFull", Time since last: 950000 ns, Reaching safepoint: 126834 ns, At safepoint: 8000 ns, Total: 134834 ns
[2023-01-09T09:47:54.641+0000][7][safepoint   ] Safepoint "ICBufferFull", Time since last: 883375 ns, Reaching safepoint: 26875 ns, At safepoint: 1291 ns, Total: 28166 ns
[2023-01-09T09:47:54.647+0000][7][safepoint   ] Safepoint "ICBufferFull", Time since last: 5527459 ns, Reaching safepoint: 60750 ns, At safepoint: 2541 ns, Total: 63291 ns
[2023-01-09T09:47:54.653+0000][7][safepoint   ] Safepoint "ICBufferFull", Time since last: 5962959 ns, Reaching safepoint: 128958 ns, At safepoint: 1708 ns, Total: 130666 ns
[2023-01-09T09:47:54.655+0000][7][safepoint   ] Safepoint "ICBufferFull", Time since last: 1911250 ns, Reaching safepoint: 116750 ns, At safepoint: 2250 ns, Total: 119000 ns
[2023-01-09T09:47:54.659+0000][7][safepoint   ] Safepoint "ICBufferFull", Time since last: 3594125 ns, Reaching safepoint: 132959 ns, At safepoint: 1541 ns, Total: 134500 ns
[2023-01-09T09:47:54.661+0000][7][safepoint   ] Safepoint "ICBufferFull", Time since last: 2141250 ns, Reaching safepoint: 129334 ns, At safepoint: 1375 ns, Total: 130709 ns
[2023-01-09T09:47:54.663+0000][7][safepoint   ] Safepoint "ICBufferFull", Time since last: 2280333 ns, Reaching safepoint: 117833 ns, At safepoint: 1500 ns, Total: 119333 ns
[2023-01-09T09:47:54.671+0000][7][safepoint   ] Safepoint "ICBufferFull", Time since last: 6622292 ns, Reaching safepoint: 878833 ns, At safepoint: 5042 ns, Total: 883875 ns
[2023-01-09T09:47:54.751+0000][7][safepoint   ] Safepoint "ICBufferFull", Time since last: 79021250 ns, Reaching safepoint: 1326042 ns, At safepoint: 3375 ns, Total: 1329417 ns
[2023-01-09T09:47:54.757+0000][7][safepoint   ] Safepoint "ICBufferFull", Time since last: 2508166 ns, Reaching safepoint: 3318625 ns, At safepoint: 16667 ns, Total: 3335292 ns
[2023-01-09T09:47:54.766+0000][7][safepoint   ] Safepoint "ICBufferFull", Time since last: 3668958 ns, Reaching safepoint: 5649584 ns, At safepoint: 11500 ns, Total: 5661084 ns
[2023-01-09T09:47:54.772+0000][7][safepoint   ] Safepoint "ICBufferFull", Time since last: 1668416 ns, Reaching safepoint: 3899000 ns, At safepoint: 7042 ns, Total: 3906042 ns
[2023-01-09T09:47:55.269+0000][7][safepoint   ] Safepoint "ICBufferFull", Time since last: 492478042 ns, Reaching safepoint: 4751125 ns, At safepoint: 11417 ns, Total: 4762542 ns
[2023-01-09T09:47:55.520+0000][7][safepoint   ] Safepoint "ICBufferFull", Time since last: 245958625 ns, Reaching safepoint: 4498375 ns, At safepoint: 4416 ns, Total: 4502791 ns
[2023-01-09T09:47:55.553+0000][7][gc,start    ] GC(4) Pause Young (Normal) (G1 Evacuation Pause)
[2023-01-09T09:47:55.554+0000][7][gc,task     ] GC(4) Using 4 workers of 4 for evacuation
[2023-01-09T09:47:55.555+0000][7][gc,age      ] GC(4) Desired survivor size 12582912 bytes, new threshold 15 (max threshold 15)
[2023-01-09T09:47:55.571+0000][7][gc,age      ] GC(4) Age table with threshold 15 (max threshold 15)
[2023-01-09T09:47:55.572+0000][7][gc,age      ] GC(4) - age   1:    5279248 bytes,    5279248 total
[2023-01-09T09:47:55.573+0000][7][gc,age      ] GC(4) - age   2:    1157896 bytes,    6437144 total
[2023-01-09T09:47:55.574+0000][7][gc,age      ] GC(4) - age   3:    2108264 bytes,    8545408 total
[2023-01-09T09:47:55.574+0000][7][gc,phases   ] GC(4)   Pre Evacuate Collection Set: 0.1ms
[2023-01-09T09:47:55.575+0000][7][gc,phases   ] GC(4)   Merge Heap Roots: 0.0ms
[2023-01-09T09:47:55.576+0000][7][gc,phases   ] GC(4)   Evacuate Collection Set: 9.3ms
[2023-01-09T09:47:55.577+0000][7][gc,phases   ] GC(4)   Post Evacuate Collection Set: 5.9ms
[2023-01-09T09:47:55.577+0000][7][gc,phases   ] GC(4)   Other: 5.9ms
[2023-01-09T09:47:55.579+0000][7][gc,heap     ] GC(4) Eden regions: 181->0(298)
[2023-01-09T09:47:55.579+0000][7][gc,heap     ] GC(4) Survivor regions: 5->9(24)
[2023-01-09T09:47:55.580+0000][7][gc,heap     ] GC(4) Old regions: 4->4
[2023-01-09T09:47:55.583+0000][7][gc,heap     ] GC(4) Archive regions: 0->0
[2023-01-09T09:47:55.584+0000][7][gc,heap     ] GC(4) Humongous regions: 2->1
[2023-01-09T09:47:55.585+0000][7][gc,metaspace] GC(4) Metaspace: 25924K(26620K)->25924K(26620K) NonClass: 23043K(23548K)->23043K(23548K) Class: 2881K(3072K)->2881K(3072K)
[2023-01-09T09:47:55.586+0000][7][gc          ] GC(4) Pause Young (Normal) (G1 Evacuation Pause) 191M->13M(512M) 32.535ms
[2023-01-09T09:47:55.587+0000][7][gc,cpu      ] GC(4) User=0.02s Sys=0.00s Real=0.03s
[2023-01-09T09:47:55.589+0000][7][safepoint   ] Safepoint "G1CollectForAllocation", Time since last: 30876209 ns, Reaching safepoint: 2695875 ns, At safepoint: 36314291 ns, Total: 39010166 ns
[2023-01-09T09:47:56.251+0000][7][safepoint   ] Safepoint "ICBufferFull", Time since last: 656586042 ns, Reaching safepoint: 5197417 ns, At safepoint: 12333 ns, Total: 5209750 ns
[2023-01-09T09:47:56.365+0000][7][gc,start    ] GC(5) Pause Young (Normal) (G1 Evacuation Pause)
[2023-01-09T09:47:56.366+0000][7][gc,task     ] GC(5) Using 4 workers of 4 for evacuation
[2023-01-09T09:47:56.367+0000][7][gc,age      ] GC(5) Desired survivor size 20447232 bytes, new threshold 15 (max threshold 15)
[2023-01-09T09:47:56.382+0000][7][gc,age      ] GC(5) Age table with threshold 15 (max threshold 15)
[2023-01-09T09:47:56.382+0000][7][gc,age      ] GC(5) - age   1:    3462344 bytes,    3462344 total
[2023-01-09T09:47:56.383+0000][7][gc,age      ] GC(5) - age   2:    4324224 bytes,    7786568 total
[2023-01-09T09:47:56.384+0000][7][gc,age      ] GC(5) - age   3:    1157720 bytes,    8944288 total
[2023-01-09T09:47:56.385+0000][7][gc,age      ] GC(5) - age   4:    2108264 bytes,   11052552 total
[2023-01-09T09:47:56.386+0000][7][gc,phases   ] GC(5)   Pre Evacuate Collection Set: 0.1ms
[2023-01-09T09:47:56.387+0000][7][gc,phases   ] GC(5)   Merge Heap Roots: 0.1ms
[2023-01-09T09:47:56.387+0000][7][gc,phases   ] GC(5)   Evacuate Collection Set: 12.6ms
[2023-01-09T09:47:56.388+0000][7][gc,phases   ] GC(5)   Post Evacuate Collection Set: 0.5ms
[2023-01-09T09:47:56.389+0000][7][gc,phases   ] GC(5)   Other: 7.5ms
[2023-01-09T09:47:56.391+0000][7][gc,heap     ] GC(5) Eden regions: 298->0(295)
[2023-01-09T09:47:56.391+0000][7][gc,heap     ] GC(5) Survivor regions: 9->12(39)
[2023-01-09T09:47:56.392+0000][7][gc,heap     ] GC(5) Old regions: 4->4
[2023-01-09T09:47:56.392+0000][7][gc,heap     ] GC(5) Archive regions: 0->0
[2023-01-09T09:47:56.393+0000][7][gc,heap     ] GC(5) Humongous regions: 1->1
[2023-01-09T09:47:56.393+0000][7][gc,metaspace] GC(5) Metaspace: 27637K(28668K)->27637K(28668K) NonClass: 24565K(25340K)->24565K(25340K) Class: 3072K(3328K)->3072K(3328K)
[2023-01-09T09:47:56.394+0000][7][gc          ] GC(5) Pause Young (Normal) (G1 Evacuation Pause) 311M->16M(512M) 29.260ms
[2023-01-09T09:47:56.395+0000][7][gc,cpu      ] GC(5) User=0.01s Sys=0.00s Real=0.03s
[2023-01-09T09:47:56.396+0000][7][safepoint   ] Safepoint "G1CollectForAllocation", Time since last: 113215334 ns, Reaching safepoint: 606750 ns, At safepoint: 30482958 ns, Total: 31089708 ns
[2023-01-09T09:47:57.026+0000][7][gc,start    ] GC(6) Pause Young (Normal) (G1 Evacuation Pause)
[2023-01-09T09:47:57.027+0000][7][gc,task     ] GC(6) Using 4 workers of 4 for evacuation
[2023-01-09T09:47:57.028+0000][7][gc,age      ] GC(6) Desired survivor size 20447232 bytes, new threshold 15 (max threshold 15)
[2023-01-09T09:47:57.043+0000][7][gc,age      ] GC(6) Age table with threshold 15 (max threshold 15)
[2023-01-09T09:47:57.045+0000][7][gc,age      ] GC(6) - age   1:    2676440 bytes,    2676440 total
[2023-01-09T09:47:57.046+0000][7][gc,age      ] GC(6) - age   2:    3281672 bytes,    5958112 total
[2023-01-09T09:47:57.047+0000][7][gc,age      ] GC(6) - age   3:    4319920 bytes,   10278032 total
[2023-01-09T09:47:57.048+0000][7][gc,age      ] GC(6) - age   4:    1157576 bytes,   11435608 total
[2023-01-09T09:47:57.049+0000][7][gc,age      ] GC(6) - age   5:    2108264 bytes,   13543872 total
[2023-01-09T09:47:57.050+0000][7][gc,phases   ] GC(6)   Pre Evacuate Collection Set: 0.2ms
[2023-01-09T09:47:57.050+0000][7][gc,phases   ] GC(6)   Merge Heap Roots: 0.2ms
[2023-01-09T09:47:57.052+0000][7][gc,phases   ] GC(6)   Evacuate Collection Set: 12.4ms
[2023-01-09T09:47:57.052+0000][7][gc,phases   ] GC(6)   Post Evacuate Collection Set: 2.3ms
[2023-01-09T09:47:57.053+0000][7][gc,phases   ] GC(6)   Other: 8.8ms
[2023-01-09T09:47:57.054+0000][7][gc,heap     ] GC(6) Eden regions: 295->0(293)
[2023-01-09T09:47:57.055+0000][7][gc,heap     ] GC(6) Survivor regions: 12->14(39)
[2023-01-09T09:47:57.056+0000][7][gc,heap     ] GC(6) Old regions: 4->4
[2023-01-09T09:47:57.056+0000][7][gc,heap     ] GC(6) Archive regions: 0->0
[2023-01-09T09:47:57.057+0000][7][gc,heap     ] GC(6) Humongous regions: 1->1
[2023-01-09T09:47:57.058+0000][7][gc,metaspace] GC(6) Metaspace: 27998K(29308K)->27998K(29308K) NonClass: 24857K(25852K)->24857K(25852K) Class: 3140K(3456K)->3140K(3456K)
[2023-01-09T09:47:57.058+0000][7][gc          ] GC(6) Pause Young (Normal) (G1 Evacuation Pause) 311M->18M(512M) 32.699ms
[2023-01-09T09:47:57.059+0000][7][gc,cpu      ] GC(6) User=0.02s Sys=0.00s Real=0.04s
[2023-01-09T09:47:57.060+0000][7][safepoint   ] Safepoint "G1CollectForAllocation", Time since last: 628578375 ns, Reaching safepoint: 1559542 ns, At safepoint: 34254542 ns, Total: 35814084 ns
[2023-01-09T09:47:57.661+0000][7][gc,start    ] GC(7) Pause Young (Normal) (G1 Evacuation Pause)
[2023-01-09T09:47:57.662+0000][7][gc,task     ] GC(7) Using 4 workers of 4 for evacuation
[2023-01-09T09:47:57.663+0000][7][gc,age      ] GC(7) Desired survivor size 20447232 bytes, new threshold 15 (max threshold 15)
[2023-01-09T09:47:57.685+0000][7][gc,age      ] GC(7) Age table with threshold 15 (max threshold 15)
[2023-01-09T09:47:57.686+0000][7][gc,age      ] GC(7) - age   1:    3139808 bytes,    3139808 total
[2023-01-09T09:47:57.687+0000][7][gc,age      ] GC(7) - age   2:     610384 bytes,    3750192 total
[2023-01-09T09:47:57.687+0000][7][gc,age      ] GC(7) - age   3:    3279896 bytes,    7030088 total
[2023-01-09T09:47:57.688+0000][7][gc,age      ] GC(7) - age   4:    4319480 bytes,   11349568 total
[2023-01-09T09:47:57.689+0000][7][gc,age      ] GC(7) - age   5:    1157576 bytes,   12507144 total
[2023-01-09T09:47:57.691+0000][7][gc,age      ] GC(7) - age   6:    2108264 bytes,   14615408 total
[2023-01-09T09:47:57.692+0000][7][gc,phases   ] GC(7)   Pre Evacuate Collection Set: 0.1ms
[2023-01-09T09:47:57.693+0000][7][gc,phases   ] GC(7)   Merge Heap Roots: 0.0ms
[2023-01-09T09:47:57.693+0000][7][gc,phases   ] GC(7)   Evacuate Collection Set: 16.6ms
[2023-01-09T09:47:57.694+0000][7][gc,phases   ] GC(7)   Post Evacuate Collection Set: 4.3ms
[2023-01-09T09:47:57.695+0000][7][gc,phases   ] GC(7)   Other: 9.6ms
[2023-01-09T09:47:57.696+0000][7][gc,heap     ] GC(7) Eden regions: 293->0(292)
[2023-01-09T09:47:57.696+0000][7][gc,heap     ] GC(7) Survivor regions: 14->15(39)
[2023-01-09T09:47:57.697+0000][7][gc,heap     ] GC(7) Old regions: 4->4
[2023-01-09T09:47:57.698+0000][7][gc,heap     ] GC(7) Archive regions: 0->0
[2023-01-09T09:47:57.698+0000][7][gc,heap     ] GC(7) Humongous regions: 1->1
[2023-01-09T09:47:57.699+0000][7][gc,metaspace] GC(7) Metaspace: 28533K(29948K)->28533K(29948K) NonClass: 25312K(26364K)->25312K(26364K) Class: 3221K(3584K)->3221K(3584K)
[2023-01-09T09:47:57.700+0000][7][gc          ] GC(7) Pause Young (Normal) (G1 Evacuation Pause) 311M->19M(512M) 38.540ms
[2023-01-09T09:47:57.700+0000][7][gc,cpu      ] GC(7) User=0.02s Sys=0.00s Real=0.04s
[2023-01-09T09:47:57.701+0000][7][safepoint   ] Safepoint "G1CollectForAllocation", Time since last: 597149541 ns, Reaching safepoint: 7047167 ns, At safepoint: 39758458 ns, Total: 46805625 ns
[2023-01-09T09:47:58.012+0000][7][safepoint   ] Safepoint "ICBufferFull", Time since last: 309645959 ns, Reaching safepoint: 903625 ns, At safepoint: 12792 ns, Total: 916417 ns
[2023-01-09T09:47:58.447+0000][7][gc,start    ] GC(8) Pause Young (Concurrent Start) (Metadata GC Threshold)
[2023-01-09T09:47:58.448+0000][7][gc,task     ] GC(8) Using 4 workers of 4 for evacuation
[2023-01-09T09:47:58.449+0000][7][gc,age      ] GC(8) Desired survivor size 20447232 bytes, new threshold 15 (max threshold 15)
[2023-01-09T09:47:58.474+0000][7][gc,age      ] GC(8) Age table with threshold 15 (max threshold 15)
[2023-01-09T09:47:58.475+0000][7][gc,age      ] GC(8) - age   1:    2253128 bytes,    2253128 total
[2023-01-09T09:47:58.476+0000][7][gc,age      ] GC(8) - age   2:    2294976 bytes,    4548104 total
[2023-01-09T09:47:58.476+0000][7][gc,age      ] GC(8) - age   3:     594720 bytes,    5142824 total
[2023-01-09T09:47:58.477+0000][7][gc,age      ] GC(8) - age   4:    3264256 bytes,    8407080 total
[2023-01-09T09:47:58.478+0000][7][gc,age      ] GC(8) - age   5:    4306264 bytes,   12713344 total
[2023-01-09T09:47:58.478+0000][7][gc,age      ] GC(8) - age   6:    1127160 bytes,   13840504 total
[2023-01-09T09:47:58.479+0000][7][gc,age      ] GC(8) - age   7:    2105368 bytes,   15945872 total
[2023-01-09T09:47:58.480+0000][7][gc,phases   ] GC(8)   Pre Evacuate Collection Set: 0.1ms
[2023-01-09T09:47:58.481+0000][7][gc,phases   ] GC(8)   Merge Heap Roots: 0.0ms
[2023-01-09T09:47:58.482+0000][7][gc,phases   ] GC(8)   Evacuate Collection Set: 19.7ms
[2023-01-09T09:47:58.482+0000][7][gc,phases   ] GC(8)   Post Evacuate Collection Set: 4.5ms
[2023-01-09T09:47:58.483+0000][7][gc,phases   ] GC(8)   Other: 9.0ms
[2023-01-09T09:47:58.484+0000][7][gc,heap     ] GC(8) Eden regions: 131->0(291)
[2023-01-09T09:47:58.485+0000][7][gc,heap     ] GC(8) Survivor regions: 15->16(39)
[2023-01-09T09:47:58.486+0000][7][gc,heap     ] GC(8) Old regions: 4->4
[2023-01-09T09:47:58.487+0000][7][gc,heap     ] GC(8) Archive regions: 0->0
[2023-01-09T09:47:58.488+0000][7][gc,heap     ] GC(8) Humongous regions: 1->1
[2023-01-09T09:47:58.488+0000][7][gc,metaspace] GC(8) Metaspace: 34390K(36048K)->34390K(36048K) NonClass: 30408K(31696K)->30408K(31696K) Class: 3982K(4352K)->3982K(4352K)
[2023-01-09T09:47:58.489+0000][7][gc          ] GC(8) Pause Young (Concurrent Start) (Metadata GC Threshold) 150M->20M(512M) 41.849ms
[2023-01-09T09:47:58.490+0000][7][gc,cpu      ] GC(8) User=0.02s Sys=0.00s Real=0.04s
[2023-01-09T09:47:58.491+0000][7][gc          ] GC(9) Concurrent Cycle
[2023-01-09T09:47:58.493+0000][7][gc,marking  ] GC(9) Concurrent Clear Claimed Marks
[2023-01-09T09:47:58.492+0000][7][safepoint   ] Safepoint "CollectForMetadataAllocation", Time since last: 435258375 ns, Reaching safepoint: 185375 ns, At safepoint: 44838416 ns, Total: 45023791 ns
[2023-01-09T09:47:58.493+0000][7][gc,marking  ] GC(9) Concurrent Clear Claimed Marks 0.673ms
[2023-01-09T09:47:58.495+0000][7][gc,marking  ] GC(9) Concurrent Scan Root Regions
[2023-01-09T09:47:58.499+0000][7][gc,marking  ] GC(9) Concurrent Scan Root Regions 4.509ms
[2023-01-09T09:47:58.500+0000][7][gc,marking  ] GC(9) Concurrent Mark (7.142s)
[2023-01-09T09:47:58.501+0000][7][gc,marking  ] GC(9) Concurrent Mark From Roots
[2023-01-09T09:47:58.503+0000][7][gc,task     ] GC(9) Using 1 workers of 1 for marking
[2023-01-09T09:47:58.511+0000][7][gc,marking  ] GC(9) Concurrent Mark From Roots 9.947ms
[2023-01-09T09:47:58.519+0000][7][gc,marking  ] GC(9) Concurrent Preclean
[2023-01-09T09:47:58.525+0000][7][gc,marking  ] GC(9) Concurrent Preclean 6.206ms
[2023-01-09T09:47:58.526+0000][7][gc,marking  ] GC(9) Concurrent Mark (7.142s, 7.168s) 25.900ms
[2023-01-09T09:47:58.528+0000][7][gc,start    ] GC(9) Pause Remark
[2023-01-09T09:47:58.534+0000][7][gc          ] GC(9) Pause Remark 21M->21M(512M) 6.113ms
[2023-01-09T09:47:58.535+0000][7][gc,cpu      ] GC(9) User=0.01s Sys=0.00s Real=0.00s
[2023-01-09T09:47:58.535+0000][7][safepoint   ] Safepoint "G1Concurrent", Time since last: 35449584 ns, Reaching safepoint: 446291 ns, At safepoint: 7433417 ns, Total: 7879708 ns
[2023-01-09T09:47:58.537+0000][7][gc,marking  ] GC(9) Concurrent Rebuild Remembered Sets
[2023-01-09T09:47:58.540+0000][7][gc,marking  ] GC(9) Concurrent Rebuild Remembered Sets 2.975ms
[2023-01-09T09:47:58.553+0000][7][gc,start    ] GC(9) Pause Cleanup
[2023-01-09T09:47:58.554+0000][7][gc          ] GC(9) Pause Cleanup 22M->22M(512M) 1.086ms
[2023-01-09T09:47:58.554+0000][7][gc,cpu      ] GC(9) User=0.00s Sys=0.00s Real=0.00s
[2023-01-09T09:47:58.555+0000][7][safepoint   ] Safepoint "G1Concurrent", Time since last: 13065333 ns, Reaching safepoint: 4288250 ns, At safepoint: 2788709 ns, Total: 7076959 ns
[2023-01-09T09:47:58.556+0000][7][gc,marking  ] GC(9) Concurrent Cleanup for Next Mark
[2023-01-09T09:47:58.557+0000][7][gc,marking  ] GC(9) Concurrent Cleanup for Next Mark 1.265ms
[2023-01-09T09:47:58.559+0000][7][gc          ] GC(9) Concurrent Cycle 67.688ms
[2023-01-09T09:47:59.368+0000][7][safepoint   ] Safepoint "ICBufferFull", Time since last: 811931209 ns, Reaching safepoint: 255458 ns, At safepoint: 3125 ns, Total: 258583 ns
[2023-01-09T09:48:00.379+0000][7][safepoint   ] Safepoint "Cleanup", Time since last: 1001399875 ns, Reaching safepoint: 9613000 ns, At safepoint: 8750 ns, Total: 9621750 ns
[2023-01-09T09:48:01.021+0000][7][safepoint   ] Safepoint "ICBufferFull", Time since last: 640143501 ns, Reaching safepoint: 2347125 ns, At safepoint: 4250 ns, Total: 2351375 ns
[2023-01-09T09:48:01.403+0000][7][safepoint   ] Safepoint "ICBufferFull", Time since last: 381412208 ns, Reaching safepoint: 199125 ns, At safepoint: 2292 ns, Total: 201417 ns
[2023-01-09T09:48:01.729+0000][7][gc,start    ] GC(10) Pause Young (Normal) (G1 Evacuation Pause)
[2023-01-09T09:48:01.731+0000][7][gc,task     ] GC(10) Using 4 workers of 4 for evacuation
[2023-01-09T09:48:01.731+0000][7][gc,age      ] GC(10) Desired survivor size 20447232 bytes, new threshold 15 (max threshold 15)
[2023-01-09T09:48:01.806+0000][7][gc,age      ] GC(10) Age table with threshold 15 (max threshold 15)
[2023-01-09T09:48:01.807+0000][7][gc,age      ] GC(10) - age   1:   24663568 bytes,   24663568 total
[2023-01-09T09:48:01.808+0000][7][gc,age      ] GC(10) - age   2:    2155800 bytes,   26819368 total
[2023-01-09T09:48:01.808+0000][7][gc,age      ] GC(10) - age   3:    2294368 bytes,   29113736 total
[2023-01-09T09:48:01.809+0000][7][gc,age      ] GC(10) - age   4:     594384 bytes,   29708120 total
[2023-01-09T09:48:01.810+0000][7][gc,age      ] GC(10) - age   5:    3252944 bytes,   32961064 total
[2023-01-09T09:48:01.812+0000][7][gc,age      ] GC(10) - age   6:    4275400 bytes,   37236464 total
[2023-01-09T09:48:01.813+0000][7][gc,age      ] GC(10) - age   7:    1101800 bytes,   38338264 total
[2023-01-09T09:48:01.813+0000][7][gc,age      ] GC(10) - age   8:    2097608 bytes,   40435872 total
[2023-01-09T09:48:01.814+0000][7][gc,phases   ] GC(10)   Pre Evacuate Collection Set: 0.5ms
[2023-01-09T09:48:01.815+0000][7][gc,phases   ] GC(10)   Merge Heap Roots: 0.0ms
[2023-01-09T09:48:01.816+0000][7][gc,phases   ] GC(10)   Evacuate Collection Set: 63.1ms
[2023-01-09T09:48:01.816+0000][7][gc,phases   ] GC(10)   Post Evacuate Collection Set: 9.7ms
[2023-01-09T09:48:01.817+0000][7][gc,phases   ] GC(10)   Other: 11.5ms
[2023-01-09T09:48:01.817+0000][7][gc,heap     ] GC(10) Eden regions: 291->0(268)
[2023-01-09T09:48:01.818+0000][7][gc,heap     ] GC(10) Survivor regions: 16->39(39)
[2023-01-09T09:48:01.819+0000][7][gc,heap     ] GC(10) Old regions: 4->10
[2023-01-09T09:48:01.821+0000][7][gc,heap     ] GC(10) Archive regions: 0->0
[2023-01-09T09:48:01.821+0000][7][gc,heap     ] GC(10) Humongous regions: 1->1
[2023-01-09T09:48:01.822+0000][7][gc,metaspace] GC(10) Metaspace: 43247K(45468K)->43247K(45468K) NonClass: 38016K(39580K)->38016K(39580K) Class: 5230K(5888K)->5230K(5888K)
[2023-01-09T09:48:01.823+0000][7][gc          ] GC(10) Pause Young (Normal) (G1 Evacuation Pause) 311M->49M(512M) 94.004ms
[2023-01-09T09:48:01.824+0000][7][gc,cpu      ] GC(10) User=0.10s Sys=0.01s Real=0.09s
[2023-01-09T09:48:01.824+0000][7][safepoint   ] Safepoint "G1CollectForAllocation", Time since last: 324001750 ns, Reaching safepoint: 2206625 ns, At safepoint: 95407708 ns, Total: 97614333 ns
[2023-01-09T09:48:02.273+0000][7][safepoint   ] Safepoint "ICBufferFull", Time since last: 445045084 ns, Reaching safepoint: 3606000 ns, At safepoint: 2375 ns, Total: 3608375 ns
[2023-01-09T09:48:02.720+0000][7][safepoint   ] Safepoint "ICBufferFull", Time since last: 441745458 ns, Reaching safepoint: 5687375 ns, At safepoint: 4417 ns, Total: 5691792 ns
[2023-01-09T09:48:03.724+0000][7][safepoint   ] Safepoint "Cleanup", Time since last: 1001302084 ns, Reaching safepoint: 2607583 ns, At safepoint: 8959 ns, Total: 2616542 ns
[2023-01-09T09:48:03.898+0000][7][gc,start    ] GC(11) Pause Young (Concurrent Start) (Metadata GC Threshold)
[2023-01-09T09:48:03.901+0000][7][gc,task     ] GC(11) Using 4 workers of 4 for evacuation
[2023-01-09T09:48:03.902+0000][7][gc,age      ] GC(11) Desired survivor size 20447232 bytes, new threshold 1 (max threshold 15)
[2023-01-09T09:48:03.969+0000][7][gc,age      ] GC(11) Age table with threshold 1 (max threshold 15)
[2023-01-09T09:48:03.970+0000][7][gc,age      ] GC(11) - age   1:    6305584 bytes,    6305584 total
[2023-01-09T09:48:03.971+0000][7][gc,phases   ] GC(11)   Pre Evacuate Collection Set: 0.3ms
[2023-01-09T09:48:03.972+0000][7][gc,phases   ] GC(11)   Merge Heap Roots: 0.1ms
[2023-01-09T09:48:03.972+0000][7][gc,phases   ] GC(11)   Evacuate Collection Set: 61.4ms
[2023-01-09T09:48:03.974+0000][7][gc,phases   ] GC(11)   Post Evacuate Collection Set: 4.0ms
[2023-01-09T09:48:03.974+0000][7][gc,phases   ] GC(11)   Other: 7.2ms
[2023-01-09T09:48:03.975+0000][7][gc,heap     ] GC(11) Eden regions: 110->0(289)
[2023-01-09T09:48:03.976+0000][7][gc,heap     ] GC(11) Survivor regions: 39->7(39)
[2023-01-09T09:48:03.977+0000][7][gc,heap     ] GC(11) Old regions: 10->49
[2023-01-09T09:48:03.978+0000][7][gc,heap     ] GC(11) Archive regions: 0->0
[2023-01-09T09:48:03.979+0000][7][gc,heap     ] GC(11) Humongous regions: 1->1
[2023-01-09T09:48:03.979+0000][7][gc,metaspace] GC(11) Metaspace: 57611K(60572K)->57611K(60572K) NonClass: 50221K(52380K)->50221K(52380K) Class: 7389K(8192K)->7389K(8192K)
[2023-01-09T09:48:03.980+0000][7][gc          ] GC(11) Pause Young (Concurrent Start) (Metadata GC Threshold) 158M->56M(512M) 81.991ms
[2023-01-09T09:48:03.981+0000][7][gc,cpu      ] GC(11) User=0.07s Sys=0.00s Real=0.08s
[2023-01-09T09:48:03.981+0000][7][safepoint   ] Safepoint "CollectForMetadataAllocation", Time since last: 170876166 ns, Reaching safepoint: 3001000 ns, At safepoint: 83228250 ns, Total: 86229250 ns
[2023-01-09T09:48:03.981+0000][7][gc          ] GC(12) Concurrent Cycle
[2023-01-09T09:48:03.985+0000][7][gc,marking  ] GC(12) Concurrent Clear Claimed Marks
[2023-01-09T09:48:03.986+0000][7][gc,marking  ] GC(12) Concurrent Clear Claimed Marks 0.888ms
[2023-01-09T09:48:03.986+0000][7][gc,marking  ] GC(12) Concurrent Scan Root Regions
[2023-01-09T09:48:04.066+0000][7][gc,marking  ] GC(12) Concurrent Scan Root Regions 79.990ms
[2023-01-09T09:48:04.070+0000][7][gc,marking  ] GC(12) Concurrent Mark (12.711s)
[2023-01-09T09:48:04.072+0000][7][gc,marking  ] GC(12) Concurrent Mark From Roots
[2023-01-09T09:48:04.074+0000][7][gc,task     ] GC(12) Using 1 workers of 1 for marking
[2023-01-09T09:48:04.070+0000][7][safepoint   ] Safepoint "CollectForMetadataAllocation", Time since last: 88763042 ns, Reaching safepoint: 56583 ns, At safepoint: 192709 ns, Total: 249292 ns
[2023-01-09T09:48:04.115+0000][7][gc,marking  ] GC(12) Concurrent Mark From Roots 42.931ms
[2023-01-09T09:48:04.116+0000][7][gc,marking  ] GC(12) Concurrent Preclean
[2023-01-09T09:48:04.117+0000][7][gc,marking  ] GC(12) Concurrent Preclean 0.883ms
[2023-01-09T09:48:04.119+0000][7][gc,marking  ] GC(12) Concurrent Mark (12.711s, 12.760s) 48.992ms
[2023-01-09T09:48:04.126+0000][7][gc,start    ] GC(12) Pause Remark
[2023-01-09T09:48:04.138+0000][7][gc          ] GC(12) Pause Remark 58M->58M(512M) 11.467ms
[2023-01-09T09:48:04.139+0000][7][gc,cpu      ] GC(12) User=0.02s Sys=0.00s Real=0.01s
[2023-01-09T09:48:04.140+0000][7][safepoint   ] Safepoint "G1Concurrent", Time since last: 51813375 ns, Reaching safepoint: 4043000 ns, At safepoint: 13310125 ns, Total: 17353125 ns
[2023-01-09T09:48:04.140+0000][7][gc,marking  ] GC(12) Concurrent Rebuild Remembered Sets
[2023-01-09T09:48:04.265+0000][7][gc,marking  ] GC(12) Concurrent Rebuild Remembered Sets 124.924ms
[2023-01-09T09:48:04.272+0000][7][gc,start    ] GC(12) Pause Cleanup
[2023-01-09T09:48:04.273+0000][7][gc          ] GC(12) Pause Cleanup 61M->61M(512M) 1.022ms
[2023-01-09T09:48:04.273+0000][7][gc,cpu      ] GC(12) User=0.00s Sys=0.00s Real=0.00s
[2023-01-09T09:48:04.274+0000][7][safepoint   ] Safepoint "G1Concurrent", Time since last: 131629583 ns, Reaching safepoint: 443625 ns, At safepoint: 2561500 ns, Total: 3005125 ns
[2023-01-09T09:48:04.275+0000][7][gc,marking  ] GC(12) Concurrent Cleanup for Next Mark
[2023-01-09T09:48:04.281+0000][7][gc,marking  ] GC(12) Concurrent Cleanup for Next Mark 5.836ms
[2023-01-09T09:48:04.281+0000][7][gc          ] GC(12) Concurrent Cycle 300.074ms
[2023-01-09T09:48:05.275+0000][7][safepoint   ] Safepoint "Cleanup", Time since last: 1000675459 ns, Reaching safepoint: 315125 ns, At safepoint: 4167 ns, Total: 319292 ns
[2023-01-09T09:48:05.694+0000][7][safepoint   ] Safepoint "ICBufferFull", Time since last: 419232375 ns, Reaching safepoint: 90250 ns, At safepoint: 1875 ns, Total: 92125 ns
[2023-01-09T09:48:05.702+0000][7][safepoint   ] Safepoint "ICBufferFull", Time since last: 7333833 ns, Reaching safepoint: 125417 ns, At safepoint: 1875 ns, Total: 127292 ns
[2023-01-09T09:48:05.704+0000][7][safepoint   ] Safepoint "ICBufferFull", Time since last: 2207958 ns, Reaching safepoint: 242834 ns, At safepoint: 2375 ns, Total: 245209 ns
[2023-01-09T09:48:05.708+0000][7][safepoint   ] Safepoint "ICBufferFull", Time since last: 3523875 ns, Reaching safepoint: 204541 ns, At safepoint: 4084 ns, Total: 208625 ns
[2023-01-09T09:48:05.738+0000][7][safepoint   ] Safepoint "ICBufferFull", Time since last: 28185541 ns, Reaching safepoint: 1636125 ns, At safepoint: 5417 ns, Total: 1641542 ns
[2023-01-09T09:48:06.368+0000][7][safepoint   ] Safepoint "ICBufferFull", Time since last: 629966209 ns, Reaching safepoint: 324791 ns, At safepoint: 3084 ns, Total: 327875 ns
[2023-01-09T09:48:07.384+0000][7][safepoint   ] Safepoint "Cleanup", Time since last: 1015179167 ns, Reaching safepoint: 580916 ns, At safepoint: 1625 ns, Total: 582541 ns
[2023-01-09T09:48:08.088+0000][7][safepoint   ] Safepoint "ICBufferFull", Time since last: 703739501 ns, Reaching safepoint: 374916 ns, At safepoint: 4709 ns, Total: 379625 ns
[2023-01-09T09:48:08.105+0000][7][safepoint   ] Safepoint "ICBufferFull", Time since last: 17019375 ns, Reaching safepoint: 159625 ns, At safepoint: 4250 ns, Total: 163875 ns
[2023-01-09T09:48:08.722+0000][7][safepoint   ] Safepoint "ICBufferFull", Time since last: 613290750 ns, Reaching safepoint: 3495792 ns, At safepoint: 7583 ns, Total: 3503375 ns
[2023-01-09T09:48:09.268+0000][7][gc,heap,exit] Heap
[2023-01-09T09:48:09.269+0000][7][gc,heap,exit]  garbage-first heap   total 524288K, used 261318K [0x00000000e0000000, 0x0000000100000000)
[2023-01-09T09:48:09.270+0000][7][gc,heap,exit]   region size 1024K, 207 young (211968K), 7 survivors (7168K)
[2023-01-09T09:48:09.271+0000][7][gc,heap,exit]  Metaspace       used 86321K, capacity 89362K, committed 90396K, reserved 1128448K
[2023-01-09T09:48:09.272+0000][7][gc,heap,exit]   class space    used 11406K, capacity 12371K, committed 12416K, reserved 1048576K
