[2022-12-08T06:12:28.440+0000][7][gc] Using G1
[2022-12-08T06:12:28.977+0000][7][gc,init] Version: 15+36-1562 (release)
[2022-12-08T06:12:28.979+0000][7][gc,init] CPUs: 4 total, 4 available
[2022-12-08T06:12:28.980+0000][7][gc,init] Memory: 7951M
[2022-12-08T06:12:28.981+0000][7][gc,init] Large Page Support: Disabled
[2022-12-08T06:12:28.982+0000][7][gc,init] NUMA Support: Disabled
[2022-12-08T06:12:28.983+0000][7][gc,init] Compressed Oops: Enabled (32-bit)
[2022-12-08T06:12:28.989+0000][7][gc,init] Heap Region Size: 1M
[2022-12-08T06:12:28.990+0000][7][gc,init] Heap Min Capacity: 512M
[2022-12-08T06:12:28.991+0000][7][gc,init] Heap Initial Capacity: 512M
[2022-12-08T06:12:28.992+0000][7][gc,init] Heap Max Capacity: 512M
[2022-12-08T06:12:28.993+0000][7][gc,init] Pre-touch: Enabled
[2022-12-08T06:12:28.994+0000][7][gc,init] Parallel Workers: 4
[2022-12-08T06:12:28.995+0000][7][gc,init] Concurrent Workers: 1
[2022-12-08T06:12:28.996+0000][7][gc,init] Concurrent Refinement Workers: 4
[2022-12-08T06:12:28.997+0000][7][gc,init] Periodic GC: Disabled
[2022-12-08T06:12:28.998+0000][7][gc,metaspace] CDS disabled.
[2022-12-08T06:12:28.999+0000][7][gc,metaspace] Compressed class space mapped at: 0x0000000100000000-0x0000000140000000, size: 1073741824
[2022-12-08T06:12:29.001+0000][7][gc,metaspace] Narrow klass base: 0x0000000000000000, Narrow klass shift: 3, Narrow klass range: 0x140000000
[2022-12-08T06:12:29.331+0000][7][safepoint   ] Safepoint "ICBufferFull", Time since last: 294371250 ns, Reaching safepoint: 154625 ns, At safepoint: 5333 ns, Total: 159958 ns
[2022-12-08T06:12:29.805+0000][7][safepoint   ] Safepoint "ICBufferFull", Time since last: 473278292 ns, Reaching safepoint: 780042 ns, At safepoint: 2083 ns, Total: 782125 ns
[2022-12-08T06:12:30.237+0000][7][safepoint   ] Safepoint "ICBufferFull", Time since last: 428091042 ns, Reaching safepoint: 3111041 ns, At safepoint: 6334 ns, Total: 3117375 ns
[2022-12-08T06:12:31.029+0000][7][gc,start    ] GC(0) Pause Young (Normal) (G1 Evacuation Pause)
[2022-12-08T06:12:31.076+0000][7][gc,task     ] GC(0) Using 4 workers of 4 for evacuation
[2022-12-08T06:12:31.079+0000][7][gc,age      ] GC(0) Desired survivor size 2097152 bytes, new threshold 15 (max threshold 15)
[2022-12-08T06:12:31.110+0000][7][gc,age      ] GC(0) Age table with threshold 15 (max threshold 15)
[2022-12-08T06:12:31.118+0000][7][gc,age      ] GC(0) - age   1:    3918280 bytes,    3918280 total
[2022-12-08T06:12:31.131+0000][7][gc,phases   ] GC(0)   Pre Evacuate Collection Set: 0.4ms
[2022-12-08T06:12:31.140+0000][7][gc,phases   ] GC(0)   Merge Heap Roots: 0.3ms
[2022-12-08T06:12:31.155+0000][7][gc,phases   ] GC(0)   Evacuate Collection Set: 21.2ms
[2022-12-08T06:12:31.158+0000][7][gc,phases   ] GC(0)   Post Evacuate Collection Set: 1.7ms
[2022-12-08T06:12:31.161+0000][7][gc,phases   ] GC(0)   Other: 78.4ms
[2022-12-08T06:12:31.165+0000][7][gc,heap     ] GC(0) Eden regions: 25->0(24)
[2022-12-08T06:12:31.166+0000][7][gc,heap     ] GC(0) Survivor regions: 0->4(4)
[2022-12-08T06:12:31.169+0000][7][gc,heap     ] GC(0) Old regions: 0->0
[2022-12-08T06:12:31.175+0000][7][gc,heap     ] GC(0) Archive regions: 0->0
[2022-12-08T06:12:31.178+0000][7][gc,heap     ] GC(0) Humongous regions: 1->1
[2022-12-08T06:12:31.179+0000][7][gc,metaspace] GC(0) Metaspace: 15677K(16256K)->15677K(16256K) NonClass: 14089K(14592K)->14089K(14592K) Class: 1588K(1664K)->1588K(1664K)
[2022-12-08T06:12:31.181+0000][7][gc          ] GC(0) Pause Young (Normal) (G1 Evacuation Pause) 26M->4M(512M) 151.298ms
[2022-12-08T06:12:31.182+0000][7][gc,cpu      ] GC(0) User=0.06s Sys=0.00s Real=0.16s
[2022-12-08T06:12:31.184+0000][7][safepoint   ] Safepoint "G1CollectForAllocation", Time since last: 792360042 ns, Reaching safepoint: 117667 ns, At safepoint: 155104041 ns, Total: 155221708 ns
[2022-12-08T06:12:31.913+0000][7][safepoint   ] Safepoint "ICBufferFull", Time since last: 727277834 ns, Reaching safepoint: 1249417 ns, At safepoint: 20916 ns, Total: 1270333 ns
[2022-12-08T06:12:32.120+0000][7][gc,start    ] GC(1) Pause Young (Concurrent Start) (Metadata GC Threshold)
[2022-12-08T06:12:32.123+0000][7][gc,task     ] GC(1) Using 4 workers of 4 for evacuation
[2022-12-08T06:12:32.123+0000][7][gc,age      ] GC(1) Desired survivor size 2097152 bytes, new threshold 1 (max threshold 15)
[2022-12-08T06:12:32.144+0000][7][gc,age      ] GC(1) Age table with threshold 1 (max threshold 15)
[2022-12-08T06:12:32.145+0000][7][gc,age      ] GC(1) - age   1:    2137984 bytes,    2137984 total
[2022-12-08T06:12:32.146+0000][7][gc,phases   ] GC(1)   Pre Evacuate Collection Set: 0.2ms
[2022-12-08T06:12:32.147+0000][7][gc,phases   ] GC(1)   Merge Heap Roots: 0.1ms
[2022-12-08T06:12:32.148+0000][7][gc,phases   ] GC(1)   Evacuate Collection Set: 19.3ms
[2022-12-08T06:12:32.149+0000][7][gc,phases   ] GC(1)   Post Evacuate Collection Set: 0.4ms
[2022-12-08T06:12:32.150+0000][7][gc,phases   ] GC(1)   Other: 6.3ms
[2022-12-08T06:12:32.151+0000][7][gc,heap     ] GC(1) Eden regions: 23->0(31)
[2022-12-08T06:12:32.152+0000][7][gc,heap     ] GC(1) Survivor regions: 4->3(4)
[2022-12-08T06:12:32.152+0000][7][gc,heap     ] GC(1) Old regions: 0->4
[2022-12-08T06:12:32.153+0000][7][gc,heap     ] GC(1) Archive regions: 0->0
[2022-12-08T06:12:32.154+0000][7][gc,heap     ] GC(1) Humongous regions: 1->1
[2022-12-08T06:12:32.154+0000][7][gc,metaspace] GC(1) Metaspace: 20707K(21248K)->20707K(21248K) NonClass: 18478K(18944K)->18478K(18944K) Class: 2228K(2304K)->2228K(2304K)
[2022-12-08T06:12:32.155+0000][7][gc          ] GC(1) Pause Young (Concurrent Start) (Metadata GC Threshold) 27M->6M(512M) 35.432ms
[2022-12-08T06:12:32.156+0000][7][gc,cpu      ] GC(1) User=0.01s Sys=0.01s Real=0.04s
[2022-12-08T06:12:32.157+0000][7][safepoint   ] Safepoint "CollectForMetadataAllocation", Time since last: 207025834 ns, Reaching safepoint: 86958 ns, At safepoint: 37136083 ns, Total: 37223041 ns
[2022-12-08T06:12:32.157+0000][7][gc          ] GC(2) Concurrent Cycle
[2022-12-08T06:12:32.158+0000][7][gc,marking  ] GC(2) Concurrent Clear Claimed Marks
[2022-12-08T06:12:32.159+0000][7][gc,marking  ] GC(2) Concurrent Clear Claimed Marks 0.639ms
[2022-12-08T06:12:32.160+0000][7][gc,marking  ] GC(2) Concurrent Scan Root Regions
[2022-12-08T06:12:32.167+0000][7][gc,marking  ] GC(2) Concurrent Scan Root Regions 6.420ms
[2022-12-08T06:12:32.168+0000][7][gc,marking  ] GC(2) Concurrent Mark (3.741s)
[2022-12-08T06:12:32.169+0000][7][gc,marking  ] GC(2) Concurrent Mark From Roots
[2022-12-08T06:12:32.170+0000][7][gc,task     ] GC(2) Using 1 workers of 1 for marking
[2022-12-08T06:12:32.171+0000][7][gc,marking  ] GC(2) Concurrent Mark From Roots 2.001ms
[2022-12-08T06:12:32.172+0000][7][gc,marking  ] GC(2) Concurrent Preclean
[2022-12-08T06:12:32.173+0000][7][gc,marking  ] GC(2) Concurrent Preclean 1.117ms
[2022-12-08T06:12:32.174+0000][7][gc,marking  ] GC(2) Concurrent Mark (3.741s, 3.747s) 6.246ms
[2022-12-08T06:12:32.176+0000][7][gc,start    ] GC(2) Pause Remark
[2022-12-08T06:12:32.182+0000][7][gc          ] GC(2) Pause Remark 7M->7M(512M) 6.110ms
[2022-12-08T06:12:32.183+0000][7][gc,cpu      ] GC(2) User=0.00s Sys=0.00s Real=0.01s
[2022-12-08T06:12:32.184+0000][7][safepoint   ] Safepoint "G1Concurrent", Time since last: 18015375 ns, Reaching safepoint: 410334 ns, At safepoint: 8075083 ns, Total: 8485417 ns
[2022-12-08T06:12:32.185+0000][7][gc,marking  ] GC(2) Concurrent Rebuild Remembered Sets
[2022-12-08T06:12:32.203+0000][7][gc,marking  ] GC(2) Concurrent Rebuild Remembered Sets 18.884ms
[2022-12-08T06:12:32.210+0000][7][gc,start    ] GC(2) Pause Cleanup
[2022-12-08T06:12:32.211+0000][7][gc          ] GC(2) Pause Cleanup 8M->8M(512M) 1.160ms
[2022-12-08T06:12:32.212+0000][7][gc,cpu      ] GC(2) User=0.00s Sys=0.00s Real=0.01s
[2022-12-08T06:12:32.213+0000][7][safepoint   ] Safepoint "G1Concurrent", Time since last: 25624167 ns, Reaching safepoint: 786916 ns, At safepoint: 2746292 ns, Total: 3533208 ns
[2022-12-08T06:12:32.213+0000][7][gc,marking  ] GC(2) Concurrent Cleanup for Next Mark
[2022-12-08T06:12:32.216+0000][7][gc,marking  ] GC(2) Concurrent Cleanup for Next Mark 2.108ms
[2022-12-08T06:12:32.216+0000][7][gc          ] GC(2) Concurrent Cycle 59.101ms
[2022-12-08T06:12:33.129+0000][7][gc,start    ] GC(3) Pause Young (Normal) (G1 Evacuation Pause)
[2022-12-08T06:12:33.131+0000][7][gc,task     ] GC(3) Using 4 workers of 4 for evacuation
[2022-12-08T06:12:33.132+0000][7][gc,age      ] GC(3) Desired survivor size 2621440 bytes, new threshold 15 (max threshold 15)
[2022-12-08T06:12:33.166+0000][7][gc,age      ] GC(3) Age table with threshold 15 (max threshold 15)
[2022-12-08T06:12:33.170+0000][7][gc,age      ] GC(3) - age   1:    2838008 bytes,    2838008 total
[2022-12-08T06:12:33.171+0000][7][gc,age      ] GC(3) - age   2:    2117424 bytes,    4955432 total
[2022-12-08T06:12:33.172+0000][7][gc,phases   ] GC(3)   Pre Evacuate Collection Set: 1.9ms
[2022-12-08T06:12:33.173+0000][7][gc,phases   ] GC(3)   Merge Heap Roots: 0.0ms
[2022-12-08T06:12:33.174+0000][7][gc,phases   ] GC(3)   Evacuate Collection Set: 30.4ms
[2022-12-08T06:12:33.175+0000][7][gc,phases   ] GC(3)   Post Evacuate Collection Set: 1.1ms
[2022-12-08T06:12:33.176+0000][7][gc,phases   ] GC(3)   Other: 9.5ms
[2022-12-08T06:12:33.176+0000][7][gc,heap     ] GC(3) Eden regions: 32->0(135)
[2022-12-08T06:12:33.177+0000][7][gc,heap     ] GC(3) Survivor regions: 3->5(5)
[2022-12-08T06:12:33.178+0000][7][gc,heap     ] GC(3) Old regions: 4->4
[2022-12-08T06:12:33.179+0000][7][gc,heap     ] GC(3) Archive regions: 0->0
[2022-12-08T06:12:33.179+0000][7][gc,heap     ] GC(3) Humongous regions: 1->1
[2022-12-08T06:12:33.181+0000][7][gc,metaspace] GC(3) Metaspace: 22433K(23036K)->22433K(23036K) NonClass: 20011K(20476K)->20011K(20476K) Class: 2421K(2560K)->2421K(2560K)
[2022-12-08T06:12:33.182+0000][7][gc          ] GC(3) Pause Young (Normal) (G1 Evacuation Pause) 38M->9M(512M) 52.634ms
[2022-12-08T06:12:33.182+0000][7][gc,cpu      ] GC(3) User=0.01s Sys=0.00s Real=0.06s
[2022-12-08T06:12:33.183+0000][7][safepoint   ] Safepoint "G1CollectForAllocation", Time since last: 916091334 ns, Reaching safepoint: 84000 ns, At safepoint: 54040875 ns, Total: 54124875 ns
[2022-12-08T06:12:33.294+0000][7][safepoint   ] Safepoint "ICBufferFull", Time since last: 107306167 ns, Reaching safepoint: 3600666 ns, At safepoint: 75500 ns, Total: 3676166 ns
[2022-12-08T06:12:33.298+0000][7][safepoint   ] Safepoint "ICBufferFull", Time since last: 3752375 ns, Reaching safepoint: 37167 ns, At safepoint: 1208 ns, Total: 38375 ns
[2022-12-08T06:12:33.303+0000][7][safepoint   ] Safepoint "ICBufferFull", Time since last: 4824209 ns, Reaching safepoint: 119500 ns, At safepoint: 2041 ns, Total: 121541 ns
[2022-12-08T06:12:33.309+0000][7][safepoint   ] Safepoint "ICBufferFull", Time since last: 5663125 ns, Reaching safepoint: 971917 ns, At safepoint: 90042 ns, Total: 1061959 ns
[2022-12-08T06:12:33.313+0000][7][safepoint   ] Safepoint "ICBufferFull", Time since last: 2164125 ns, Reaching safepoint: 1393875 ns, At safepoint: 3208 ns, Total: 1397083 ns
[2022-12-08T06:12:33.319+0000][7][safepoint   ] Safepoint "ICBufferFull", Time since last: 5575250 ns, Reaching safepoint: 113042 ns, At safepoint: 1458 ns, Total: 114500 ns
[2022-12-08T06:12:33.331+0000][7][safepoint   ] Safepoint "ICBufferFull", Time since last: 10491458 ns, Reaching safepoint: 1408459 ns, At safepoint: 1833 ns, Total: 1410292 ns
[2022-12-08T06:12:33.334+0000][7][safepoint   ] Safepoint "ICBufferFull", Time since last: 1694000 ns, Reaching safepoint: 1652792 ns, At safepoint: 3833 ns, Total: 1656625 ns
[2022-12-08T06:12:33.339+0000][7][safepoint   ] Safepoint "ICBufferFull", Time since last: 3140167 ns, Reaching safepoint: 2412666 ns, At safepoint: 6167 ns, Total: 2418833 ns
[2022-12-08T06:12:33.347+0000][7][safepoint   ] Safepoint "ICBufferFull", Time since last: 6874583 ns, Reaching safepoint: 386792 ns, At safepoint: 2500 ns, Total: 389292 ns
[2022-12-08T06:12:33.352+0000][7][safepoint   ] Safepoint "ICBufferFull", Time since last: 3694417 ns, Reaching safepoint: 1546958 ns, At safepoint: 2167 ns, Total: 1549125 ns
[2022-12-08T06:12:33.358+0000][7][safepoint   ] Safepoint "ICBufferFull", Time since last: 2553000 ns, Reaching safepoint: 3329541 ns, At safepoint: 3000 ns, Total: 3332541 ns
[2022-12-08T06:12:33.363+0000][7][safepoint   ] Safepoint "ICBufferFull", Time since last: 3825209 ns, Reaching safepoint: 1556458 ns, At safepoint: 41417 ns, Total: 1597875 ns
[2022-12-08T06:12:33.375+0000][7][safepoint   ] Safepoint "ICBufferFull", Time since last: 11752041 ns, Reaching safepoint: 105459 ns, At safepoint: 1333 ns, Total: 106792 ns
[2022-12-08T06:12:33.382+0000][7][safepoint   ] Safepoint "ICBufferFull", Time since last: 3329958 ns, Reaching safepoint: 3069667 ns, At safepoint: 4458 ns, Total: 3074125 ns
[2022-12-08T06:12:33.389+0000][7][safepoint   ] Safepoint "ICBufferFull", Time since last: 4252375 ns, Reaching safepoint: 2876500 ns, At safepoint: 6042 ns, Total: 2882542 ns
[2022-12-08T06:12:33.394+0000][7][safepoint   ] Safepoint "ICBufferFull", Time since last: 2777583 ns, Reaching safepoint: 2490417 ns, At safepoint: 3000 ns, Total: 2493417 ns
[2022-12-08T06:12:33.399+0000][7][safepoint   ] Safepoint "ICBufferFull", Time since last: 4260875 ns, Reaching safepoint: 390250 ns, At safepoint: 15625 ns, Total: 405875 ns
[2022-12-08T06:12:33.403+0000][7][safepoint   ] Safepoint "ICBufferFull", Time since last: 1518458 ns, Reaching safepoint: 2735667 ns, At safepoint: 5542 ns, Total: 2741209 ns
[2022-12-08T06:12:33.410+0000][7][safepoint   ] Safepoint "ICBufferFull", Time since last: 6039958 ns, Reaching safepoint: 991375 ns, At safepoint: 3500 ns, Total: 994875 ns
[2022-12-08T06:12:33.415+0000][7][safepoint   ] Safepoint "ICBufferFull", Time since last: 5262000 ns, Reaching safepoint: 53292 ns, At safepoint: 3916 ns, Total: 57208 ns
[2022-12-08T06:12:33.418+0000][7][safepoint   ] Safepoint "ICBufferFull", Time since last: 2326834 ns, Reaching safepoint: 93625 ns, At safepoint: 2000 ns, Total: 95625 ns
[2022-12-08T06:12:33.421+0000][7][safepoint   ] Safepoint "ICBufferFull", Time since last: 2856583 ns, Reaching safepoint: 61667 ns, At safepoint: 2250 ns, Total: 63917 ns
[2022-12-08T06:12:33.423+0000][7][safepoint   ] Safepoint "ICBufferFull", Time since last: 2351083 ns, Reaching safepoint: 234167 ns, At safepoint: 16708 ns, Total: 250875 ns
[2022-12-08T06:12:33.426+0000][7][safepoint   ] Safepoint "ICBufferFull", Time since last: 2730333 ns, Reaching safepoint: 49834 ns, At safepoint: 16458 ns, Total: 66292 ns
[2022-12-08T06:12:33.428+0000][7][safepoint   ] Safepoint "ICBufferFull", Time since last: 2093167 ns, Reaching safepoint: 46625 ns, At safepoint: 2083 ns, Total: 48708 ns
[2022-12-08T06:12:33.433+0000][7][safepoint   ] Safepoint "ICBufferFull", Time since last: 4752042 ns, Reaching safepoint: 50000 ns, At safepoint: 2000 ns, Total: 52000 ns
[2022-12-08T06:12:33.435+0000][7][safepoint   ] Safepoint "ICBufferFull", Time since last: 1908791 ns, Reaching safepoint: 128125 ns, At safepoint: 2000 ns, Total: 130125 ns
[2022-12-08T06:12:33.438+0000][7][safepoint   ] Safepoint "ICBufferFull", Time since last: 2770750 ns, Reaching safepoint: 163500 ns, At safepoint: 3542 ns, Total: 167042 ns
[2022-12-08T06:12:33.443+0000][7][safepoint   ] Safepoint "ICBufferFull", Time since last: 1714250 ns, Reaching safepoint: 3219167 ns, At safepoint: 4416 ns, Total: 3223583 ns
[2022-12-08T06:12:33.450+0000][7][safepoint   ] Safepoint "ICBufferFull", Time since last: 3086750 ns, Reaching safepoint: 4274417 ns, At safepoint: 4583 ns, Total: 4279000 ns
[2022-12-08T06:12:33.453+0000][7][safepoint   ] Safepoint "ICBufferFull", Time since last: 1877375 ns, Reaching safepoint: 878709 ns, At safepoint: 3291 ns, Total: 882000 ns
[2022-12-08T06:12:33.455+0000][7][safepoint   ] Safepoint "ICBufferFull", Time since last: 2191500 ns, Reaching safepoint: 117084 ns, At safepoint: 2375 ns, Total: 119459 ns
[2022-12-08T06:12:33.459+0000][7][safepoint   ] Safepoint "ICBufferFull", Time since last: 2056000 ns, Reaching safepoint: 2123916 ns, At safepoint: 4084 ns, Total: 2128000 ns
[2022-12-08T06:12:33.462+0000][7][safepoint   ] Safepoint "ICBufferFull", Time since last: 2007125 ns, Reaching safepoint: 126166 ns, At safepoint: 3084 ns, Total: 129250 ns
[2022-12-08T06:12:33.464+0000][7][safepoint   ] Safepoint "ICBufferFull", Time since last: 1663208 ns, Reaching safepoint: 926083 ns, At safepoint: 3584 ns, Total: 929667 ns
[2022-12-08T06:12:33.474+0000][7][safepoint   ] Safepoint "ICBufferFull", Time since last: 10020166 ns, Reaching safepoint: 291792 ns, At safepoint: 3667 ns, Total: 295459 ns
[2022-12-08T06:12:33.478+0000][7][safepoint   ] Safepoint "ICBufferFull", Time since last: 3051541 ns, Reaching safepoint: 525334 ns, At safepoint: 1750 ns, Total: 527084 ns
[2022-12-08T06:12:33.480+0000][7][safepoint   ] Safepoint "ICBufferFull", Time since last: 1299791 ns, Reaching safepoint: 364000 ns, At safepoint: 3792 ns, Total: 367792 ns
[2022-12-08T06:12:33.485+0000][7][safepoint   ] Safepoint "ICBufferFull", Time since last: 1355167 ns, Reaching safepoint: 3649041 ns, At safepoint: 4709 ns, Total: 3653750 ns
[2022-12-08T06:12:33.486+0000][7][safepoint   ] Safepoint "ICBufferFull", Time since last: 1381416 ns, Reaching safepoint: 90959 ns, At safepoint: 2291 ns, Total: 93250 ns
[2022-12-08T06:12:33.487+0000][7][safepoint   ] Safepoint "ICBufferFull", Time since last: 893959 ns, Reaching safepoint: 83958 ns, At safepoint: 3250 ns, Total: 87208 ns
[2022-12-08T06:12:33.488+0000][7][safepoint   ] Safepoint "ICBufferFull", Time since last: 1067750 ns, Reaching safepoint: 40042 ns, At safepoint: 1916 ns, Total: 41958 ns
[2022-12-08T06:12:33.490+0000][7][safepoint   ] Safepoint "ICBufferFull", Time since last: 1262625 ns, Reaching safepoint: 135000 ns, At safepoint: 2834 ns, Total: 137834 ns
[2022-12-08T06:12:33.491+0000][7][safepoint   ] Safepoint "ICBufferFull", Time since last: 1588750 ns, Reaching safepoint: 64875 ns, At safepoint: 3958 ns, Total: 68833 ns
[2022-12-08T06:12:33.493+0000][7][safepoint   ] Safepoint "ICBufferFull", Time since last: 1252375 ns, Reaching safepoint: 76125 ns, At safepoint: 1125 ns, Total: 77250 ns
[2022-12-08T06:12:33.494+0000][7][safepoint   ] Safepoint "ICBufferFull", Time since last: 1453917 ns, Reaching safepoint: 40708 ns, At safepoint: 3083 ns, Total: 43791 ns
[2022-12-08T06:12:33.495+0000][7][safepoint   ] Safepoint "ICBufferFull", Time since last: 1145209 ns, Reaching safepoint: 43958 ns, At safepoint: 2083 ns, Total: 46041 ns
[2022-12-08T06:12:33.497+0000][7][safepoint   ] Safepoint "ICBufferFull", Time since last: 1093167 ns, Reaching safepoint: 450708 ns, At safepoint: 3084 ns, Total: 453792 ns
[2022-12-08T06:12:33.499+0000][7][safepoint   ] Safepoint "ICBufferFull", Time since last: 1059541 ns, Reaching safepoint: 688209 ns, At safepoint: 4125 ns, Total: 692334 ns
[2022-12-08T06:12:33.500+0000][7][safepoint   ] Safepoint "ICBufferFull", Time since last: 1367708 ns, Reaching safepoint: 304375 ns, At safepoint: 2542 ns, Total: 306917 ns
[2022-12-08T06:12:33.504+0000][7][safepoint   ] Safepoint "ICBufferFull", Time since last: 3192583 ns, Reaching safepoint: 59292 ns, At safepoint: 3041 ns, Total: 62333 ns
[2022-12-08T06:12:33.505+0000][7][safepoint   ] Safepoint "ICBufferFull", Time since last: 1367125 ns, Reaching safepoint: 124542 ns, At safepoint: 3333 ns, Total: 127875 ns
[2022-12-08T06:12:33.512+0000][7][safepoint   ] Safepoint "ICBufferFull", Time since last: 1371084 ns, Reaching safepoint: 5542541 ns, At safepoint: 6959 ns, Total: 5549500 ns
[2022-12-08T06:12:33.514+0000][7][safepoint   ] Safepoint "ICBufferFull", Time since last: 2114541 ns, Reaching safepoint: 91959 ns, At safepoint: 1250 ns, Total: 93209 ns
[2022-12-08T06:12:33.515+0000][7][safepoint   ] Safepoint "ICBufferFull", Time since last: 1118000 ns, Reaching safepoint: 130250 ns, At safepoint: 2125 ns, Total: 132375 ns
[2022-12-08T06:12:33.516+0000][7][safepoint   ] Safepoint "ICBufferFull", Time since last: 887333 ns, Reaching safepoint: 43042 ns, At safepoint: 2708 ns, Total: 45750 ns
[2022-12-08T06:12:33.518+0000][7][safepoint   ] Safepoint "ICBufferFull", Time since last: 981458 ns, Reaching safepoint: 140417 ns, At safepoint: 2083 ns, Total: 142500 ns
[2022-12-08T06:12:33.519+0000][7][safepoint   ] Safepoint "ICBufferFull", Time since last: 936209 ns, Reaching safepoint: 180333 ns, At safepoint: 3167 ns, Total: 183500 ns
[2022-12-08T06:12:33.520+0000][7][safepoint   ] Safepoint "ICBufferFull", Time since last: 1604583 ns, Reaching safepoint: 47167 ns, At safepoint: 1833 ns, Total: 49000 ns
[2022-12-08T06:12:33.525+0000][7][safepoint   ] Safepoint "ICBufferFull", Time since last: 2820125 ns, Reaching safepoint: 2186958 ns, At safepoint: 6834 ns, Total: 2193792 ns
[2022-12-08T06:12:33.528+0000][7][safepoint   ] Safepoint "ICBufferFull", Time since last: 2300916 ns, Reaching safepoint: 48917 ns, At safepoint: 1833 ns, Total: 50750 ns
[2022-12-08T06:12:33.530+0000][7][safepoint   ] Safepoint "ICBufferFull", Time since last: 1813250 ns, Reaching safepoint: 52500 ns, At safepoint: 2209 ns, Total: 54709 ns
[2022-12-08T06:12:33.531+0000][7][safepoint   ] Safepoint "ICBufferFull", Time since last: 1478500 ns, Reaching safepoint: 21041 ns, At safepoint: 1209 ns, Total: 22250 ns
[2022-12-08T06:12:33.534+0000][7][safepoint   ] Safepoint "ICBufferFull", Time since last: 1085458 ns, Reaching safepoint: 1796542 ns, At safepoint: 6000 ns, Total: 1802542 ns
[2022-12-08T06:12:33.536+0000][7][safepoint   ] Safepoint "ICBufferFull", Time since last: 1716500 ns, Reaching safepoint: 50625 ns, At safepoint: 2458 ns, Total: 53083 ns
[2022-12-08T06:12:33.537+0000][7][safepoint   ] Safepoint "ICBufferFull", Time since last: 1386708 ns, Reaching safepoint: 40000 ns, At safepoint: 2125 ns, Total: 42125 ns
[2022-12-08T06:12:33.538+0000][7][safepoint   ] Safepoint "ICBufferFull", Time since last: 1086334 ns, Reaching safepoint: 38458 ns, At safepoint: 1958 ns, Total: 40416 ns
[2022-12-08T06:12:33.540+0000][7][safepoint   ] Safepoint "ICBufferFull", Time since last: 1476042 ns, Reaching safepoint: 164875 ns, At safepoint: 2458 ns, Total: 167333 ns
[2022-12-08T06:12:33.541+0000][7][safepoint   ] Safepoint "ICBufferFull", Time since last: 1251334 ns, Reaching safepoint: 43250 ns, At safepoint: 2000 ns, Total: 45250 ns
[2022-12-08T06:12:33.544+0000][7][safepoint   ] Safepoint "ICBufferFull", Time since last: 2349916 ns, Reaching safepoint: 49917 ns, At safepoint: 2375 ns, Total: 52292 ns
[2022-12-08T06:12:33.546+0000][7][safepoint   ] Safepoint "ICBufferFull", Time since last: 2087917 ns, Reaching safepoint: 120958 ns, At safepoint: 3833 ns, Total: 124791 ns
[2022-12-08T06:12:33.551+0000][7][safepoint   ] Safepoint "ICBufferFull", Time since last: 1210125 ns, Reaching safepoint: 3508667 ns, At safepoint: 7042 ns, Total: 3515709 ns
[2022-12-08T06:12:33.555+0000][7][safepoint   ] Safepoint "ICBufferFull", Time since last: 4392166 ns, Reaching safepoint: 63375 ns, At safepoint: 2500 ns, Total: 65875 ns
[2022-12-08T06:12:33.563+0000][7][safepoint   ] Safepoint "ICBufferFull", Time since last: 7857417 ns, Reaching safepoint: 139875 ns, At safepoint: 3583 ns, Total: 143458 ns
[2022-12-08T06:12:33.566+0000][7][safepoint   ] Safepoint "ICBufferFull", Time since last: 2810000 ns, Reaching safepoint: 120542 ns, At safepoint: 2292 ns, Total: 122834 ns
[2022-12-08T06:12:33.573+0000][7][safepoint   ] Safepoint "ICBufferFull", Time since last: 6552625 ns, Reaching safepoint: 133041 ns, At safepoint: 3167 ns, Total: 136208 ns
[2022-12-08T06:12:33.574+0000][7][safepoint   ] Safepoint "ICBufferFull", Time since last: 1279833 ns, Reaching safepoint: 132084 ns, At safepoint: 2666 ns, Total: 134750 ns
[2022-12-08T06:12:33.575+0000][7][safepoint   ] Safepoint "ICBufferFull", Time since last: 924417 ns, Reaching safepoint: 156667 ns, At safepoint: 3083 ns, Total: 159750 ns
[2022-12-08T06:12:33.681+0000][7][safepoint   ] Safepoint "ICBufferFull", Time since last: 105889250 ns, Reaching safepoint: 202667 ns, At safepoint: 3666 ns, Total: 206333 ns
[2022-12-08T06:12:33.684+0000][7][safepoint   ] Safepoint "ICBufferFull", Time since last: 2198667 ns, Reaching safepoint: 121833 ns, At safepoint: 3375 ns, Total: 125208 ns
[2022-12-08T06:12:33.686+0000][7][safepoint   ] Safepoint "ICBufferFull", Time since last: 1960167 ns, Reaching safepoint: 861292 ns, At safepoint: 11250 ns, Total: 872542 ns
[2022-12-08T06:12:33.692+0000][7][safepoint   ] Safepoint "ICBufferFull", Time since last: 2140541 ns, Reaching safepoint: 2972667 ns, At safepoint: 5458 ns, Total: 2978125 ns
[2022-12-08T06:12:33.696+0000][7][safepoint   ] Safepoint "ICBufferFull", Time since last: 4026000 ns, Reaching safepoint: 121709 ns, At safepoint: 3083 ns, Total: 124792 ns
[2022-12-08T06:12:33.700+0000][7][safepoint   ] Safepoint "ICBufferFull", Time since last: 1851833 ns, Reaching safepoint: 2179584 ns, At safepoint: 3583 ns, Total: 2183167 ns
[2022-12-08T06:12:33.703+0000][7][safepoint   ] Safepoint "ICBufferFull", Time since last: 3559667 ns, Reaching safepoint: 105916 ns, At safepoint: 1625 ns, Total: 107541 ns
[2022-12-08T06:12:33.704+0000][7][safepoint   ] Safepoint "ICBufferFull", Time since last: 948500 ns, Reaching safepoint: 45625 ns, At safepoint: 1250 ns, Total: 46875 ns
[2022-12-08T06:12:33.707+0000][7][safepoint   ] Safepoint "ICBufferFull", Time since last: 2773834 ns, Reaching safepoint: 81041 ns, At safepoint: 8459 ns, Total: 89500 ns
[2022-12-08T06:12:33.709+0000][7][safepoint   ] Safepoint "ICBufferFull", Time since last: 1302833 ns, Reaching safepoint: 50458 ns, At safepoint: 3375 ns, Total: 53833 ns
[2022-12-08T06:12:33.710+0000][7][safepoint   ] Safepoint "ICBufferFull", Time since last: 1762917 ns, Reaching safepoint: 39792 ns, At safepoint: 3791 ns, Total: 43583 ns
[2022-12-08T06:12:33.712+0000][7][safepoint   ] Safepoint "ICBufferFull", Time since last: 1167750 ns, Reaching safepoint: 53667 ns, At safepoint: 2125 ns, Total: 55792 ns
[2022-12-08T06:12:33.714+0000][7][safepoint   ] Safepoint "ICBufferFull", Time since last: 2653083 ns, Reaching safepoint: 50709 ns, At safepoint: 5166 ns, Total: 55875 ns
[2022-12-08T06:12:33.716+0000][7][safepoint   ] Safepoint "ICBufferFull", Time since last: 1810709 ns, Reaching safepoint: 277958 ns, At safepoint: 3458 ns, Total: 281416 ns
[2022-12-08T06:12:33.719+0000][7][safepoint   ] Safepoint "ICBufferFull", Time since last: 2253334 ns, Reaching safepoint: 535291 ns, At safepoint: 9625 ns, Total: 544916 ns
[2022-12-08T06:12:33.721+0000][7][safepoint   ] Safepoint "ICBufferFull", Time since last: 2200375 ns, Reaching safepoint: 50917 ns, At safepoint: 2833 ns, Total: 53750 ns
[2022-12-08T06:12:33.723+0000][7][safepoint   ] Safepoint "ICBufferFull", Time since last: 1393250 ns, Reaching safepoint: 268584 ns, At safepoint: 3416 ns, Total: 272000 ns
[2022-12-08T06:12:33.725+0000][7][safepoint   ] Safepoint "ICBufferFull", Time since last: 1383792 ns, Reaching safepoint: 616500 ns, At safepoint: 2042 ns, Total: 618542 ns
[2022-12-08T06:12:33.726+0000][7][safepoint   ] Safepoint "ICBufferFull", Time since last: 1184958 ns, Reaching safepoint: 175042 ns, At safepoint: 4166 ns, Total: 179208 ns
[2022-12-08T06:12:33.728+0000][7][safepoint   ] Safepoint "ICBufferFull", Time since last: 910084 ns, Reaching safepoint: 128666 ns, At safepoint: 8750 ns, Total: 137416 ns
[2022-12-08T06:12:33.730+0000][7][safepoint   ] Safepoint "ICBufferFull", Time since last: 1756667 ns, Reaching safepoint: 638708 ns, At safepoint: 3542 ns, Total: 642250 ns
[2022-12-08T06:12:33.731+0000][7][safepoint   ] Safepoint "ICBufferFull", Time since last: 1108042 ns, Reaching safepoint: 58750 ns, At safepoint: 3291 ns, Total: 62041 ns
[2022-12-08T06:12:33.733+0000][7][safepoint   ] Safepoint "ICBufferFull", Time since last: 946125 ns, Reaching safepoint: 1180750 ns, At safepoint: 5875 ns, Total: 1186625 ns
[2022-12-08T06:12:33.735+0000][7][safepoint   ] Safepoint "ICBufferFull", Time since last: 1235125 ns, Reaching safepoint: 113750 ns, At safepoint: 4042 ns, Total: 117792 ns
[2022-12-08T06:12:33.735+0000][7][safepoint   ] Safepoint "ICBufferFull", Time since last: 790292 ns, Reaching safepoint: 22958 ns, At safepoint: 1208 ns, Total: 24166 ns
[2022-12-08T06:12:33.738+0000][7][safepoint   ] Safepoint "ICBufferFull", Time since last: 2624000 ns, Reaching safepoint: 216042 ns, At safepoint: 11000 ns, Total: 227042 ns
[2022-12-08T06:12:33.740+0000][7][safepoint   ] Safepoint "ICBufferFull", Time since last: 1306208 ns, Reaching safepoint: 453250 ns, At safepoint: 2500 ns, Total: 455750 ns
[2022-12-08T06:12:34.316+0000][7][safepoint   ] Safepoint "ICBufferFull", Time since last: 575910376 ns, Reaching safepoint: 224666 ns, At safepoint: 4834 ns, Total: 229500 ns
[2022-12-08T06:12:34.331+0000][7][gc,start    ] GC(4) Pause Young (Normal) (G1 Evacuation Pause)
[2022-12-08T06:12:34.332+0000][7][gc,task     ] GC(4) Using 4 workers of 4 for evacuation
[2022-12-08T06:12:34.333+0000][7][gc,age      ] GC(4) Desired survivor size 9437184 bytes, new threshold 15 (max threshold 15)
[2022-12-08T06:12:34.350+0000][7][gc,age      ] GC(4) Age table with threshold 15 (max threshold 15)
[2022-12-08T06:12:34.351+0000][7][gc,age      ] GC(4) - age   1:    3349536 bytes,    3349536 total
[2022-12-08T06:12:34.352+0000][7][gc,age      ] GC(4) - age   2:    1162408 bytes,    4511944 total
[2022-12-08T06:12:34.353+0000][7][gc,age      ] GC(4) - age   3:    2103112 bytes,    6615056 total
[2022-12-08T06:12:34.354+0000][7][gc,phases   ] GC(4)   Pre Evacuate Collection Set: 0.1ms
[2022-12-08T06:12:34.355+0000][7][gc,phases   ] GC(4)   Merge Heap Roots: 0.0ms
[2022-12-08T06:12:34.356+0000][7][gc,phases   ] GC(4)   Evacuate Collection Set: 15.7ms
[2022-12-08T06:12:34.357+0000][7][gc,phases   ] GC(4)   Post Evacuate Collection Set: 0.4ms
[2022-12-08T06:12:34.358+0000][7][gc,phases   ] GC(4)   Other: 7.0ms
[2022-12-08T06:12:34.359+0000][7][gc,heap     ] GC(4) Eden regions: 135->0(300)
[2022-12-08T06:12:34.360+0000][7][gc,heap     ] GC(4) Survivor regions: 5->7(18)
[2022-12-08T06:12:34.361+0000][7][gc,heap     ] GC(4) Old regions: 4->4
[2022-12-08T06:12:34.362+0000][7][gc,heap     ] GC(4) Archive regions: 0->0
[2022-12-08T06:12:34.363+0000][7][gc,heap     ] GC(4) Humongous regions: 2->1
[2022-12-08T06:12:34.364+0000][7][gc,metaspace] GC(4) Metaspace: 25708K(26620K)->25708K(26620K) NonClass: 22840K(23548K)->22840K(23548K) Class: 2867K(3072K)->2867K(3072K)
[2022-12-08T06:12:34.365+0000][7][gc          ] GC(4) Pause Young (Normal) (G1 Evacuation Pause) 145M->11M(512M) 33.721ms
[2022-12-08T06:12:34.366+0000][7][gc,cpu      ] GC(4) User=0.02s Sys=0.01s Real=0.03s
[2022-12-08T06:12:34.367+0000][7][safepoint   ] Safepoint "G1CollectForAllocation", Time since last: 14684458 ns, Reaching safepoint: 47375 ns, At safepoint: 35722208 ns, Total: 35769583 ns
[2022-12-08T06:12:35.099+0000][7][safepoint   ] Safepoint "ICBufferFull", Time since last: 725262917 ns, Reaching safepoint: 6650417 ns, At safepoint: 10958 ns, Total: 6661375 ns
[2022-12-08T06:12:35.697+0000][7][safepoint   ] Safepoint "ICBufferFull", Time since last: 593884125 ns, Reaching safepoint: 4431333 ns, At safepoint: 17417 ns, Total: 4448750 ns
[2022-12-08T06:12:35.711+0000][7][gc,start    ] GC(5) Pause Young (Normal) (G1 Evacuation Pause)
[2022-12-08T06:12:35.712+0000][7][gc,task     ] GC(5) Using 4 workers of 4 for evacuation
[2022-12-08T06:12:35.713+0000][7][gc,age      ] GC(5) Desired survivor size 20447232 bytes, new threshold 15 (max threshold 15)
[2022-12-08T06:12:35.732+0000][7][gc,age      ] GC(5) Age table with threshold 15 (max threshold 15)
[2022-12-08T06:12:35.733+0000][7][gc,age      ] GC(5) - age   1:    5881904 bytes,    5881904 total
[2022-12-08T06:12:35.734+0000][7][gc,age      ] GC(5) - age   2:    3273016 bytes,    9154920 total
[2022-12-08T06:12:35.735+0000][7][gc,age      ] GC(5) - age   3:    1162232 bytes,   10317152 total
[2022-12-08T06:12:35.736+0000][7][gc,age      ] GC(5) - age   4:    2103112 bytes,   12420264 total
[2022-12-08T06:12:35.736+0000][7][gc,phases   ] GC(5)   Pre Evacuate Collection Set: 0.3ms
[2022-12-08T06:12:35.737+0000][7][gc,phases   ] GC(5)   Merge Heap Roots: 0.1ms
[2022-12-08T06:12:35.738+0000][7][gc,phases   ] GC(5)   Evacuate Collection Set: 15.0ms
[2022-12-08T06:12:35.738+0000][7][gc,phases   ] GC(5)   Post Evacuate Collection Set: 2.9ms
[2022-12-08T06:12:35.739+0000][7][gc,phases   ] GC(5)   Other: 6.9ms
[2022-12-08T06:12:35.740+0000][7][gc,heap     ] GC(5) Eden regions: 300->0(294)
[2022-12-08T06:12:35.741+0000][7][gc,heap     ] GC(5) Survivor regions: 7->13(39)
[2022-12-08T06:12:35.741+0000][7][gc,heap     ] GC(5) Old regions: 4->4
[2022-12-08T06:12:35.742+0000][7][gc,heap     ] GC(5) Archive regions: 0->0
[2022-12-08T06:12:35.743+0000][7][gc,heap     ] GC(5) Humongous regions: 1->1
[2022-12-08T06:12:35.744+0000][7][gc,metaspace] GC(5) Metaspace: 27466K(28412K)->27466K(28412K) NonClass: 24397K(25084K)->24397K(25084K) Class: 3068K(3328K)->3068K(3328K)
[2022-12-08T06:12:35.744+0000][7][gc          ] GC(5) Pause Young (Normal) (G1 Evacuation Pause) 311M->17M(512M) 33.253ms
[2022-12-08T06:12:35.745+0000][7][gc,cpu      ] GC(5) User=0.02s Sys=0.00s Real=0.03s
[2022-12-08T06:12:35.746+0000][7][safepoint   ] Safepoint "G1CollectForAllocation", Time since last: 4551708 ns, Reaching safepoint: 9482042 ns, At safepoint: 34831666 ns, Total: 44313708 ns
[2022-12-08T06:12:36.397+0000][7][gc,start    ] GC(6) Pause Young (Normal) (G1 Evacuation Pause)
[2022-12-08T06:12:36.398+0000][7][gc,task     ] GC(6) Using 4 workers of 4 for evacuation
[2022-12-08T06:12:36.399+0000][7][gc,age      ] GC(6) Desired survivor size 20447232 bytes, new threshold 15 (max threshold 15)
[2022-12-08T06:12:36.432+0000][7][gc,age      ] GC(6) Age table with threshold 15 (max threshold 15)
[2022-12-08T06:12:36.433+0000][7][gc,age      ] GC(6) - age   1:    1425768 bytes,    1425768 total
[2022-12-08T06:12:36.434+0000][7][gc,age      ] GC(6) - age   2:    4050240 bytes,    5476008 total
[2022-12-08T06:12:36.435+0000][7][gc,age      ] GC(6) - age   3:    3268712 bytes,    8744720 total
[2022-12-08T06:12:36.436+0000][7][gc,age      ] GC(6) - age   4:    1162088 bytes,    9906808 total
[2022-12-08T06:12:36.437+0000][7][gc,age      ] GC(6) - age   5:    2103112 bytes,   12009920 total
[2022-12-08T06:12:36.438+0000][7][gc,phases   ] GC(6)   Pre Evacuate Collection Set: 0.3ms
[2022-12-08T06:12:36.439+0000][7][gc,phases   ] GC(6)   Merge Heap Roots: 0.9ms
[2022-12-08T06:12:36.440+0000][7][gc,phases   ] GC(6)   Evacuate Collection Set: 22.5ms
[2022-12-08T06:12:36.441+0000][7][gc,phases   ] GC(6)   Post Evacuate Collection Set: 8.5ms
[2022-12-08T06:12:36.441+0000][7][gc,phases   ] GC(6)   Other: 9.1ms
[2022-12-08T06:12:36.442+0000][7][gc,heap     ] GC(6) Eden regions: 294->0(295)
[2022-12-08T06:12:36.443+0000][7][gc,heap     ] GC(6) Survivor regions: 13->12(39)
[2022-12-08T06:12:36.444+0000][7][gc,heap     ] GC(6) Old regions: 4->4
[2022-12-08T06:12:36.444+0000][7][gc,heap     ] GC(6) Archive regions: 0->0
[2022-12-08T06:12:36.445+0000][7][gc,heap     ] GC(6) Humongous regions: 1->1
[2022-12-08T06:12:36.446+0000][7][gc,metaspace] GC(6) Metaspace: 27952K(29052K)->27952K(29052K) NonClass: 24801K(25596K)->24801K(25596K) Class: 3151K(3456K)->3151K(3456K)
[2022-12-08T06:12:36.446+0000][7][gc          ] GC(6) Pause Young (Normal) (G1 Evacuation Pause) 311M->16M(512M) 49.290ms
[2022-12-08T06:12:36.447+0000][7][gc,cpu      ] GC(6) User=0.02s Sys=0.01s Real=0.05s
[2022-12-08T06:12:36.447+0000][7][safepoint   ] Safepoint "G1CollectForAllocation", Time since last: 647531334 ns, Reaching safepoint: 3522875 ns, At safepoint: 50334250 ns, Total: 53857125 ns
[2022-12-08T06:12:37.239+0000][7][gc,start    ] GC(7) Pause Young (Normal) (G1 Evacuation Pause)
[2022-12-08T06:12:37.241+0000][7][gc,task     ] GC(7) Using 4 workers of 4 for evacuation
[2022-12-08T06:12:37.242+0000][7][gc,age      ] GC(7) Desired survivor size 20447232 bytes, new threshold 15 (max threshold 15)
[2022-12-08T06:12:37.262+0000][7][gc,age      ] GC(7) Age table with threshold 15 (max threshold 15)
[2022-12-08T06:12:37.263+0000][7][gc,age      ] GC(7) - age   1:    3105328 bytes,    3105328 total
[2022-12-08T06:12:37.264+0000][7][gc,age      ] GC(7) - age   2:     822768 bytes,    3928096 total
[2022-12-08T06:12:37.265+0000][7][gc,age      ] GC(7) - age   3:    4048360 bytes,    7976456 total
[2022-12-08T06:12:37.266+0000][7][gc,age      ] GC(7) - age   4:    3268376 bytes,   11244832 total
[2022-12-08T06:12:37.266+0000][7][gc,age      ] GC(7) - age   5:    1162088 bytes,   12406920 total
[2022-12-08T06:12:37.267+0000][7][gc,age      ] GC(7) - age   6:    2103112 bytes,   14510032 total
[2022-12-08T06:12:37.268+0000][7][gc,phases   ] GC(7)   Pre Evacuate Collection Set: 0.1ms
[2022-12-08T06:12:37.269+0000][7][gc,phases   ] GC(7)   Merge Heap Roots: 0.1ms
[2022-12-08T06:12:37.270+0000][7][gc,phases   ] GC(7)   Evacuate Collection Set: 16.3ms
[2022-12-08T06:12:37.271+0000][7][gc,phases   ] GC(7)   Post Evacuate Collection Set: 2.9ms
[2022-12-08T06:12:37.272+0000][7][gc,phases   ] GC(7)   Other: 10.2ms
[2022-12-08T06:12:37.272+0000][7][gc,heap     ] GC(7) Eden regions: 295->0(292)
[2022-12-08T06:12:37.273+0000][7][gc,heap     ] GC(7) Survivor regions: 12->15(39)
[2022-12-08T06:12:37.274+0000][7][gc,heap     ] GC(7) Old regions: 4->4
[2022-12-08T06:12:37.274+0000][7][gc,heap     ] GC(7) Archive regions: 0->0
[2022-12-08T06:12:37.276+0000][7][gc,heap     ] GC(7) Humongous regions: 1->1
[2022-12-08T06:12:37.277+0000][7][gc,metaspace] GC(7) Metaspace: 28488K(29948K)->28488K(29948K) NonClass: 25256K(26364K)->25256K(26364K) Class: 3232K(3584K)->3232K(3584K)
[2022-12-08T06:12:37.278+0000][7][gc          ] GC(7) Pause Young (Normal) (G1 Evacuation Pause) 311M->19M(512M) 38.851ms
[2022-12-08T06:12:37.278+0000][7][gc,cpu      ] GC(7) User=0.02s Sys=0.00s Real=0.04s
[2022-12-08T06:12:37.279+0000][7][safepoint   ] Safepoint "G1CollectForAllocation", Time since last: 791221459 ns, Reaching safepoint: 122125 ns, At safepoint: 40417042 ns, Total: 40539167 ns
[2022-12-08T06:12:37.695+0000][7][safepoint   ] Safepoint "ICBufferFull", Time since last: 415247291 ns, Reaching safepoint: 242250 ns, At safepoint: 4542 ns, Total: 246792 ns
[2022-12-08T06:12:38.189+0000][7][gc,start    ] GC(8) Pause Young (Concurrent Start) (Metadata GC Threshold)
[2022-12-08T06:12:38.190+0000][7][gc,task     ] GC(8) Using 4 workers of 4 for evacuation
[2022-12-08T06:12:38.192+0000][7][gc,age      ] GC(8) Desired survivor size 20447232 bytes, new threshold 15 (max threshold 15)
[2022-12-08T06:12:38.215+0000][7][gc,age      ] GC(8) Age table with threshold 15 (max threshold 15)
[2022-12-08T06:12:38.216+0000][7][gc,age      ] GC(8) - age   1:    2313168 bytes,    2313168 total
[2022-12-08T06:12:38.217+0000][7][gc,age      ] GC(8) - age   2:    2294896 bytes,    4608064 total
[2022-12-08T06:12:38.217+0000][7][gc,age      ] GC(8) - age   3:     806272 bytes,    5414336 total
[2022-12-08T06:12:38.219+0000][7][gc,age      ] GC(8) - age   4:    4032088 bytes,    9446424 total
[2022-12-08T06:12:38.219+0000][7][gc,age      ] GC(8) - age   5:    3257952 bytes,   12704376 total
[2022-12-08T06:12:38.220+0000][7][gc,age      ] GC(8) - age   6:    1131672 bytes,   13836048 total
[2022-12-08T06:12:38.221+0000][7][gc,age      ] GC(8) - age   7:    2100344 bytes,   15936392 total
[2022-12-08T06:12:38.223+0000][7][gc,phases   ] GC(8)   Pre Evacuate Collection Set: 0.3ms
[2022-12-08T06:12:38.224+0000][7][gc,phases   ] GC(8)   Merge Heap Roots: 0.1ms
[2022-12-08T06:12:38.225+0000][7][gc,phases   ] GC(8)   Evacuate Collection Set: 16.4ms
[2022-12-08T06:12:38.226+0000][7][gc,phases   ] GC(8)   Post Evacuate Collection Set: 5.3ms
[2022-12-08T06:12:38.226+0000][7][gc,phases   ] GC(8)   Other: 11.6ms
[2022-12-08T06:12:38.227+0000][7][gc,heap     ] GC(8) Eden regions: 176->0(291)
[2022-12-08T06:12:38.228+0000][7][gc,heap     ] GC(8) Survivor regions: 15->16(39)
[2022-12-08T06:12:38.229+0000][7][gc,heap     ] GC(8) Old regions: 4->4
[2022-12-08T06:12:38.230+0000][7][gc,heap     ] GC(8) Archive regions: 0->0
[2022-12-08T06:12:38.231+0000][7][gc,heap     ] GC(8) Humongous regions: 1->1
[2022-12-08T06:12:38.231+0000][7][gc,metaspace] GC(8) Metaspace: 34368K(36048K)->34368K(36048K) NonClass: 30379K(31696K)->30379K(31696K) Class: 3989K(4352K)->3989K(4352K)
[2022-12-08T06:12:38.232+0000][7][gc          ] GC(8) Pause Young (Concurrent Start) (Metadata GC Threshold) 195M->20M(512M) 43.166ms
[2022-12-08T06:12:38.233+0000][7][gc,cpu      ] GC(8) User=0.02s Sys=0.00s Real=0.05s
[2022-12-08T06:12:38.234+0000][7][gc          ] GC(9) Concurrent Cycle
[2022-12-08T06:12:38.235+0000][7][gc,marking  ] GC(9) Concurrent Clear Claimed Marks
[2022-12-08T06:12:38.234+0000][7][safepoint   ] Safepoint "CollectForMetadataAllocation", Time since last: 494090542 ns, Reaching safepoint: 217750 ns, At safepoint: 45269625 ns, Total: 45487375 ns
[2022-12-08T06:12:38.236+0000][7][gc,marking  ] GC(9) Concurrent Clear Claimed Marks 0.889ms
[2022-12-08T06:12:38.238+0000][7][gc,marking  ] GC(9) Concurrent Scan Root Regions
[2022-12-08T06:12:38.243+0000][7][gc,marking  ] GC(9) Concurrent Scan Root Regions 5.346ms
[2022-12-08T06:12:38.246+0000][7][gc,marking  ] GC(9) Concurrent Mark (9.819s)
[2022-12-08T06:12:38.246+0000][7][gc,marking  ] GC(9) Concurrent Mark From Roots
[2022-12-08T06:12:38.247+0000][7][gc,task     ] GC(9) Using 1 workers of 1 for marking
[2022-12-08T06:12:38.253+0000][7][gc,marking  ] GC(9) Concurrent Mark From Roots 6.516ms
[2022-12-08T06:12:38.256+0000][7][gc,marking  ] GC(9) Concurrent Preclean
[2022-12-08T06:12:38.258+0000][7][gc,marking  ] GC(9) Concurrent Preclean 1.833ms
[2022-12-08T06:12:38.259+0000][7][gc,marking  ] GC(9) Concurrent Mark (9.819s, 9.832s) 13.600ms
[2022-12-08T06:12:38.264+0000][7][gc,start    ] GC(9) Pause Remark
[2022-12-08T06:12:38.268+0000][7][gc          ] GC(9) Pause Remark 21M->21M(512M) 3.328ms
[2022-12-08T06:12:38.271+0000][7][gc,cpu      ] GC(9) User=0.00s Sys=0.00s Real=0.01s
[2022-12-08T06:12:38.272+0000][7][safepoint   ] Safepoint "G1Concurrent", Time since last: 27158708 ns, Reaching safepoint: 2932292 ns, At safepoint: 7947667 ns, Total: 10879959 ns
[2022-12-08T06:12:38.273+0000][7][gc,marking  ] GC(9) Concurrent Rebuild Remembered Sets
[2022-12-08T06:12:38.276+0000][7][gc,marking  ] GC(9) Concurrent Rebuild Remembered Sets 2.718ms
[2022-12-08T06:12:38.277+0000][7][gc,start    ] GC(9) Pause Cleanup
[2022-12-08T06:12:38.281+0000][7][gc          ] GC(9) Pause Cleanup 21M->21M(512M) 3.415ms
[2022-12-08T06:12:38.282+0000][7][gc,cpu      ] GC(9) User=0.00s Sys=0.00s Real=0.01s
[2022-12-08T06:12:38.299+0000][7][safepoint   ] Safepoint "G1Concurrent", Time since last: 4504333 ns, Reaching safepoint: 672000 ns, At safepoint: 21815708 ns, Total: 22487708 ns
[2022-12-08T06:12:38.301+0000][7][gc,marking  ] GC(9) Concurrent Cleanup for Next Mark
[2022-12-08T06:12:38.309+0000][7][gc,marking  ] GC(9) Concurrent Cleanup for Next Mark 8.026ms
[2022-12-08T06:12:38.310+0000][7][gc          ] GC(9) Concurrent Cycle 76.500ms
[2022-12-08T06:12:39.005+0000][7][safepoint   ] Safepoint "ICBufferFull", Time since last: 705150167 ns, Reaching safepoint: 591834 ns, At safepoint: 2208 ns, Total: 594042 ns
[2022-12-08T06:12:39.669+0000][7][safepoint   ] Safepoint "ICBufferFull", Time since last: 659598459 ns, Reaching safepoint: 4329458 ns, At safepoint: 4917 ns, Total: 4334375 ns
[2022-12-08T06:12:41.155+0000][7][safepoint   ] Safepoint "ICBufferFull", Time since last: 1486213292 ns, Reaching safepoint: 172417 ns, At safepoint: 3958 ns, Total: 176375 ns
[2022-12-08T06:12:41.905+0000][7][safepoint   ] Safepoint "ICBufferFull", Time since last: 742861667 ns, Reaching safepoint: 7149000 ns, At safepoint: 9333 ns, Total: 7158333 ns
[2022-12-08T06:12:42.038+0000][7][gc,start    ] GC(10) Pause Young (Normal) (G1 Evacuation Pause)
[2022-12-08T06:12:42.039+0000][7][gc,task     ] GC(10) Using 4 workers of 4 for evacuation
[2022-12-08T06:12:42.040+0000][7][gc,age      ] GC(10) Desired survivor size 20447232 bytes, new threshold 15 (max threshold 15)
[2022-12-08T06:12:42.132+0000][7][gc,age      ] GC(10) Age table with threshold 15 (max threshold 15)
[2022-12-08T06:12:42.133+0000][7][gc,age      ] GC(10) - age   1:   24700448 bytes,   24700448 total
[2022-12-08T06:12:42.134+0000][7][gc,age      ] GC(10) - age   2:    2213352 bytes,   26913800 total
[2022-12-08T06:12:42.135+0000][7][gc,age      ] GC(10) - age   3:    2294288 bytes,   29208088 total
[2022-12-08T06:12:42.135+0000][7][gc,age      ] GC(10) - age   4:     805808 bytes,   30013896 total
[2022-12-08T06:12:42.136+0000][7][gc,age      ] GC(10) - age   5:    4019816 bytes,   34033712 total
[2022-12-08T06:12:42.137+0000][7][gc,age      ] GC(10) - age   6:    3233080 bytes,   37266792 total
[2022-12-08T06:12:42.138+0000][7][gc,age      ] GC(10) - age   7:    1111080 bytes,   38377872 total
[2022-12-08T06:12:42.139+0000][7][gc,age      ] GC(10) - age   8:    2092104 bytes,   40469976 total
[2022-12-08T06:12:42.140+0000][7][gc,phases   ] GC(10)   Pre Evacuate Collection Set: 0.4ms
[2022-12-08T06:12:42.141+0000][7][gc,phases   ] GC(10)   Merge Heap Roots: 1.3ms
[2022-12-08T06:12:42.145+0000][7][gc,phases   ] GC(10)   Evacuate Collection Set: 85.4ms
[2022-12-08T06:12:42.146+0000][7][gc,phases   ] GC(10)   Post Evacuate Collection Set: 3.6ms
[2022-12-08T06:12:42.147+0000][7][gc,phases   ] GC(10)   Other: 11.3ms
[2022-12-08T06:12:42.147+0000][7][gc,heap     ] GC(10) Eden regions: 291->0(268)
[2022-12-08T06:12:42.148+0000][7][gc,heap     ] GC(10) Survivor regions: 16->39(39)
[2022-12-08T06:12:42.149+0000][7][gc,heap     ] GC(10) Old regions: 4->10
[2022-12-08T06:12:42.150+0000][7][gc,heap     ] GC(10) Archive regions: 0->0
[2022-12-08T06:12:42.151+0000][7][gc,heap     ] GC(10) Humongous regions: 1->1
[2022-12-08T06:12:42.152+0000][7][gc,metaspace] GC(10) Metaspace: 43242K(45776K)->43242K(45776K) NonClass: 38004K(39888K)->38004K(39888K) Class: 5238K(5888K)->5238K(5888K)
[2022-12-08T06:12:42.153+0000][7][gc          ] GC(10) Pause Young (Normal) (G1 Evacuation Pause) 311M->49M(512M) 114.262ms
[2022-12-08T06:12:42.153+0000][7][gc,cpu      ] GC(10) User=0.08s Sys=0.00s Real=0.12s
[2022-12-08T06:12:42.154+0000][7][safepoint   ] Safepoint "G1CollectForAllocation", Time since last: 130537250 ns, Reaching safepoint: 2546709 ns, At safepoint: 115853667 ns, Total: 118400376 ns
[2022-12-08T06:12:42.829+0000][7][safepoint   ] Safepoint "ICBufferFull", Time since last: 674175792 ns, Reaching safepoint: 220250 ns, At safepoint: 2750 ns, Total: 223000 ns
[2022-12-08T06:12:43.371+0000][7][safepoint   ] Safepoint "ICBufferFull", Time since last: 542177750 ns, Reaching safepoint: 267666 ns, At safepoint: 2667 ns, Total: 270333 ns
[2022-12-08T06:12:43.905+0000][7][gc,start    ] GC(11) Pause Young (Concurrent Start) (Metadata GC Threshold)
[2022-12-08T06:12:43.907+0000][7][gc,task     ] GC(11) Using 4 workers of 4 for evacuation
[2022-12-08T06:12:43.907+0000][7][gc,age      ] GC(11) Desired survivor size 20447232 bytes, new threshold 1 (max threshold 15)
[2022-12-08T06:12:43.990+0000][7][gc,age      ] GC(11) Age table with threshold 1 (max threshold 15)
[2022-12-08T06:12:43.991+0000][7][gc,age      ] GC(11) - age   1:    6377656 bytes,    6377656 total
[2022-12-08T06:12:43.992+0000][7][gc,phases   ] GC(11)   Pre Evacuate Collection Set: 0.2ms
[2022-12-08T06:12:43.993+0000][7][gc,phases   ] GC(11)   Merge Heap Roots: 0.3ms
[2022-12-08T06:12:43.994+0000][7][gc,phases   ] GC(11)   Evacuate Collection Set: 79.0ms
[2022-12-08T06:12:43.995+0000][7][gc,phases   ] GC(11)   Post Evacuate Collection Set: 2.2ms
[2022-12-08T06:12:43.996+0000][7][gc,phases   ] GC(11)   Other: 5.5ms
[2022-12-08T06:12:43.997+0000][7][gc,heap     ] GC(11) Eden regions: 110->0(290)
[2022-12-08T06:12:43.997+0000][7][gc,heap     ] GC(11) Survivor regions: 39->7(39)
[2022-12-08T06:12:43.998+0000][7][gc,heap     ] GC(11) Old regions: 10->49
[2022-12-08T06:12:43.999+0000][7][gc,heap     ] GC(11) Archive regions: 0->0
[2022-12-08T06:12:44.000+0000][7][gc,heap     ] GC(11) Humongous regions: 1->1
[2022-12-08T06:12:44.001+0000][7][gc,metaspace] GC(11) Metaspace: 57202K(60296K)->57202K(60296K) NonClass: 49853K(52104K)->49853K(52104K) Class: 7348K(8192K)->7348K(8192K)
[2022-12-08T06:12:44.002+0000][7][gc          ] GC(11) Pause Young (Concurrent Start) (Metadata GC Threshold) 159M->55M(512M) 96.740ms
[2022-12-08T06:12:44.003+0000][7][gc,cpu      ] GC(11) User=0.08s Sys=0.00s Real=0.10s
[2022-12-08T06:12:44.004+0000][7][safepoint   ] Safepoint "CollectForMetadataAllocation", Time since last: 534043959 ns, Reaching safepoint: 87500 ns, At safepoint: 98558250 ns, Total: 98645750 ns
[2022-12-08T06:12:44.004+0000][7][gc          ] GC(12) Concurrent Cycle
[2022-12-08T06:12:44.009+0000][7][gc,marking  ] GC(12) Concurrent Clear Claimed Marks
[2022-12-08T06:12:44.010+0000][7][gc,marking  ] GC(12) Concurrent Clear Claimed Marks 0.985ms
[2022-12-08T06:12:44.011+0000][7][gc,marking  ] GC(12) Concurrent Scan Root Regions
[2022-12-08T06:12:44.013+0000][7][safepoint   ] Safepoint "CollectForMetadataAllocation", Time since last: 9529041 ns, Reaching safepoint: 66167 ns, At safepoint: 58042 ns, Total: 124209 ns
[2022-12-08T06:12:44.047+0000][7][gc,marking  ] GC(12) Concurrent Scan Root Regions 35.483ms
[2022-12-08T06:12:44.048+0000][7][gc,marking  ] GC(12) Concurrent Mark (15.621s)
[2022-12-08T06:12:44.049+0000][7][gc,marking  ] GC(12) Concurrent Mark From Roots
[2022-12-08T06:12:44.050+0000][7][gc,task     ] GC(12) Using 1 workers of 1 for marking
[2022-12-08T06:12:44.071+0000][7][gc,marking  ] GC(12) Concurrent Mark From Roots 21.724ms
[2022-12-08T06:12:44.072+0000][7][gc,marking  ] GC(12) Concurrent Preclean
[2022-12-08T06:12:44.073+0000][7][gc,marking  ] GC(12) Concurrent Preclean 0.631ms
[2022-12-08T06:12:44.073+0000][7][gc,marking  ] GC(12) Concurrent Mark (15.621s, 15.646s) 25.136ms
[2022-12-08T06:12:44.082+0000][7][gc,start    ] GC(12) Pause Remark
[2022-12-08T06:12:44.088+0000][7][gc          ] GC(12) Pause Remark 56M->56M(512M) 5.813ms
[2022-12-08T06:12:44.089+0000][7][gc,cpu      ] GC(12) User=0.00s Sys=0.00s Real=0.00s
[2022-12-08T06:12:44.090+0000][7][safepoint   ] Safepoint "G1Concurrent", Time since last: 60950416 ns, Reaching safepoint: 7705750 ns, At safepoint: 7671959 ns, Total: 15377709 ns
[2022-12-08T06:12:44.091+0000][7][gc,marking  ] GC(12) Concurrent Rebuild Remembered Sets
[2022-12-08T06:12:44.173+0000][7][gc,marking  ] GC(12) Concurrent Rebuild Remembered Sets 82.171ms
[2022-12-08T06:12:44.181+0000][7][gc,start    ] GC(12) Pause Cleanup
[2022-12-08T06:12:44.182+0000][7][gc          ] GC(12) Pause Cleanup 60M->60M(512M) 1.069ms
[2022-12-08T06:12:44.182+0000][7][gc,cpu      ] GC(12) User=0.00s Sys=0.00s Real=0.01s
[2022-12-08T06:12:44.183+0000][7][safepoint   ] Safepoint "G1Concurrent", Time since last: 84570083 ns, Reaching safepoint: 6113375 ns, At safepoint: 2810708 ns, Total: 8924083 ns
[2022-12-08T06:12:44.184+0000][7][gc,marking  ] GC(12) Concurrent Cleanup for Next Mark
[2022-12-08T06:12:44.186+0000][7][gc,marking  ] GC(12) Concurrent Cleanup for Next Mark 1.693ms
[2022-12-08T06:12:44.188+0000][7][gc          ] GC(12) Concurrent Cycle 184.263ms
[2022-12-08T06:12:45.191+0000][7][safepoint   ] Safepoint "Cleanup", Time since last: 1001616001 ns, Reaching safepoint: 6335000 ns, At safepoint: 3542 ns, Total: 6338542 ns
[2022-12-08T06:12:45.605+0000][7][safepoint   ] Safepoint "ICBufferFull", Time since last: 412500333 ns, Reaching safepoint: 1584334 ns, At safepoint: 5625 ns, Total: 1589959 ns
[2022-12-08T06:12:45.739+0000][7][safepoint   ] Safepoint "ICBufferFull", Time since last: 133458500 ns, Reaching safepoint: 418333 ns, At safepoint: 2333 ns, Total: 420666 ns
[2022-12-08T06:12:46.745+0000][7][safepoint   ] Safepoint "Cleanup", Time since last: 1001458084 ns, Reaching safepoint: 4583500 ns, At safepoint: 5750 ns, Total: 4589250 ns
[2022-12-08T06:12:47.733+0000][7][safepoint   ] Safepoint "ICBufferFull", Time since last: 978710584 ns, Reaching safepoint: 9232333 ns, At safepoint: 21959 ns, Total: 9254292 ns
[2022-12-08T06:12:48.632+0000][7][safepoint   ] Safepoint "ICBufferFull", Time since last: 898850292 ns, Reaching safepoint: 86250 ns, At safepoint: 1416 ns, Total: 87666 ns
[2022-12-08T06:12:48.689+0000][7][safepoint   ] Safepoint "ICBufferFull", Time since last: 56783209 ns, Reaching safepoint: 289750 ns, At safepoint: 6750 ns, Total: 296500 ns
[2022-12-08T06:12:49.208+0000][7][safepoint   ] Safepoint "ICBufferFull", Time since last: 518671208 ns, Reaching safepoint: 189625 ns, At safepoint: 2625 ns, Total: 192250 ns
[2022-12-08T06:12:49.541+0000][7][gc,heap,exit] Heap
[2022-12-08T06:12:49.542+0000][7][gc,heap,exit]  garbage-first heap   total 524288K, used 262025K [0x00000000e0000000, 0x0000000100000000)
[2022-12-08T06:12:49.542+0000][7][gc,heap,exit]   region size 1024K, 208 young (212992K), 7 survivors (7168K)
[2022-12-08T06:12:49.543+0000][7][gc,heap,exit]  Metaspace       used 86320K, capacity 89362K, committed 90192K, reserved 1126400K
[2022-12-08T06:12:49.543+0000][7][gc,heap,exit]   class space    used 11405K, capacity 12371K, committed 12416K, reserved 1048576K
