[2023-02-24T08:29:13.268+0000][165][gc] Using G1
[2023-02-24T08:29:13.279+0000][165][gc,init] Version: 15+36-1562 (release)
[2023-02-24T08:29:13.280+0000][165][gc,init] CPUs: 4 total, 4 available
[2023-02-24T08:29:13.281+0000][165][gc,init] Memory: 7951M
[2023-02-24T08:29:13.281+0000][165][gc,init] Large Page Support: Disabled
[2023-02-24T08:29:13.282+0000][165][gc,init] NUMA Support: Disabled
[2023-02-24T08:29:13.283+0000][165][gc,init] Compressed Oops: Enabled (32-bit)
[2023-02-24T08:29:13.284+0000][165][gc,init] Heap Region Size: 1M
[2023-02-24T08:29:13.285+0000][165][gc,init] Heap Min Capacity: 512M
[2023-02-24T08:29:13.286+0000][165][gc,init] Heap Initial Capacity: 512M
[2023-02-24T08:29:13.287+0000][165][gc,init] Heap Max Capacity: 512M
[2023-02-24T08:29:13.288+0000][165][gc,init] Pre-touch: Disabled
[2023-02-24T08:29:13.289+0000][165][gc,init] Parallel Workers: 4
[2023-02-24T08:29:13.290+0000][165][gc,init] Concurrent Workers: 1
[2023-02-24T08:29:13.291+0000][165][gc,init] Concurrent Refinement Workers: 4
[2023-02-24T08:29:13.291+0000][165][gc,init] Periodic GC: Disabled
[2023-02-24T08:29:13.292+0000][165][gc,metaspace] CDS disabled.
[2023-02-24T08:29:13.293+0000][165][gc,metaspace] Compressed class space mapped at: 0x0000000100000000-0x0000000140000000, size: 1073741824
[2023-02-24T08:29:13.294+0000][165][gc,metaspace] Narrow klass base: 0x0000000000000000, Narrow klass shift: 3, Narrow klass range: 0x140000000
[2023-02-24T08:29:13.373+0000][165][gc,heap,exit] Heap
[2023-02-24T08:29:13.377+0000][165][gc,heap,exit]  garbage-first heap   total 524288K, used 1024K [0x00000000e0000000, 0x0000000100000000)
[2023-02-24T08:29:13.378+0000][165][gc,heap,exit]   region size 1024K, 2 young (2048K), 0 survivors (0K)
[2023-02-24T08:29:13.378+0000][165][gc,heap,exit]  Metaspace       used 3325K, capacity 4480K, committed 4480K, reserved 1056768K
[2023-02-24T08:29:13.379+0000][165][gc,heap,exit]   class space    used 278K, capacity 384K, committed 384K, reserved 1048576K
