[2022-12-08T06:12:28.156+0000][165][gc] Using G1
[2022-12-08T06:12:28.172+0000][165][gc,init] Version: 15+36-1562 (release)
[2022-12-08T06:12:28.172+0000][165][gc,init] CPUs: 4 total, 4 available
[2022-12-08T06:12:28.173+0000][165][gc,init] Memory: 7951M
[2022-12-08T06:12:28.174+0000][165][gc,init] Large Page Support: Disabled
[2022-12-08T06:12:28.175+0000][165][gc,init] NUMA Support: Disabled
[2022-12-08T06:12:28.175+0000][165][gc,init] Compressed Oops: Enabled (32-bit)
[2022-12-08T06:12:28.176+0000][165][gc,init] Heap Region Size: 1M
[2022-12-08T06:12:28.177+0000][165][gc,init] Heap Min Capacity: 512M
[2022-12-08T06:12:28.177+0000][165][gc,init] Heap Initial Capacity: 512M
[2022-12-08T06:12:28.178+0000][165][gc,init] Heap Max Capacity: 512M
[2022-12-08T06:12:28.178+0000][165][gc,init] Pre-touch: Disabled
[2022-12-08T06:12:28.179+0000][165][gc,init] Parallel Workers: 4
[2022-12-08T06:12:28.180+0000][165][gc,init] Concurrent Workers: 1
[2022-12-08T06:12:28.180+0000][165][gc,init] Concurrent Refinement Workers: 4
[2022-12-08T06:12:28.181+0000][165][gc,init] Periodic GC: Disabled
[2022-12-08T06:12:28.183+0000][165][gc,metaspace] CDS disabled.
[2022-12-08T06:12:28.184+0000][165][gc,metaspace] Compressed class space mapped at: 0x0000000100000000-0x0000000140000000, size: 1073741824
[2022-12-08T06:12:28.185+0000][165][gc,metaspace] Narrow klass base: 0x0000000000000000, Narrow klass shift: 3, Narrow klass range: 0x140000000
[2022-12-08T06:12:28.336+0000][165][gc,heap,exit] Heap
[2022-12-08T06:12:28.337+0000][165][gc,heap,exit]  garbage-first heap   total 524288K, used 1024K [0x00000000e0000000, 0x0000000100000000)
[2022-12-08T06:12:28.338+0000][165][gc,heap,exit]   region size 1024K, 2 young (2048K), 0 survivors (0K)
[2022-12-08T06:12:28.339+0000][165][gc,heap,exit]  Metaspace       used 3331K, capacity 4480K, committed 4480K, reserved 1056768K
[2022-12-08T06:12:28.340+0000][165][gc,heap,exit]   class space    used 278K, capacity 384K, committed 384K, reserved 1048576K
