[2022-12-08T05:55:12.229+0000][7][gc] Using G1
[2022-12-08T05:55:12.990+0000][7][gc,init] Version: 15+36-1562 (release)
[2022-12-08T05:55:13.003+0000][7][gc,init] CPUs: 4 total, 4 available
[2022-12-08T05:55:13.018+0000][7][gc,init] Memory: 7951M
[2022-12-08T05:55:13.021+0000][7][gc,init] Large Page Support: Disabled
[2022-12-08T05:55:13.023+0000][7][gc,init] NUMA Support: Disabled
[2022-12-08T05:55:13.027+0000][7][gc,init] Compressed Oops: Enabled (32-bit)
[2022-12-08T05:55:13.031+0000][7][gc,init] Heap Region Size: 1M
[2022-12-08T05:55:13.054+0000][7][gc,init] Heap Min Capacity: 512M
[2022-12-08T05:55:13.058+0000][7][gc,init] Heap Initial Capacity: 512M
[2022-12-08T05:55:13.060+0000][7][gc,init] Heap Max Capacity: 512M
[2022-12-08T05:55:13.064+0000][7][gc,init] Pre-touch: Enabled
[2022-12-08T05:55:13.066+0000][7][gc,init] Parallel Workers: 4
[2022-12-08T05:55:13.068+0000][7][gc,init] Concurrent Workers: 1
[2022-12-08T05:55:13.070+0000][7][gc,init] Concurrent Refinement Workers: 4
[2022-12-08T05:55:13.072+0000][7][gc,init] Periodic GC: Disabled
[2022-12-08T05:55:13.084+0000][7][gc,metaspace] CDS disabled.
[2022-12-08T05:55:13.087+0000][7][gc,metaspace] Compressed class space mapped at: 0x0000000100000000-0x0000000140000000, size: 1073741824
[2022-12-08T05:55:13.089+0000][7][gc,metaspace] Narrow klass base: 0x0000000000000000, Narrow klass shift: 3, Narrow klass range: 0x140000000
[2022-12-08T05:55:13.614+0000][7][safepoint   ] Safepoint "ICBufferFull", Time since last: 479770875 ns, Reaching safepoint: 86834 ns, At safepoint: 2000 ns, Total: 88834 ns
[2022-12-08T05:55:14.474+0000][7][safepoint   ] Safepoint "ICBufferFull", Time since last: 854825833 ns, Reaching safepoint: 5023375 ns, At safepoint: 29042 ns, Total: 5052417 ns
[2022-12-08T05:55:14.742+0000][7][safepoint   ] Safepoint "ICBufferFull", Time since last: 268236708 ns, Reaching safepoint: 88334 ns, At safepoint: 8708 ns, Total: 97042 ns
[2022-12-08T05:55:15.048+0000][7][gc,start    ] GC(0) Pause Young (Normal) (G1 Evacuation Pause)
[2022-12-08T05:55:15.060+0000][7][gc,task     ] GC(0) Using 4 workers of 4 for evacuation
[2022-12-08T05:55:15.061+0000][7][gc,age      ] GC(0) Desired survivor size 2097152 bytes, new threshold 15 (max threshold 15)
[2022-12-08T05:55:15.073+0000][7][gc,age      ] GC(0) Age table with threshold 15 (max threshold 15)
[2022-12-08T05:55:15.074+0000][7][gc,age      ] GC(0) - age   1:    3906416 bytes,    3906416 total
[2022-12-08T05:55:15.075+0000][7][gc,phases   ] GC(0)   Pre Evacuate Collection Set: 0.1ms
[2022-12-08T05:55:15.076+0000][7][gc,phases   ] GC(0)   Merge Heap Roots: 0.0ms
[2022-12-08T05:55:15.077+0000][7][gc,phases   ] GC(0)   Evacuate Collection Set: 10.4ms
[2022-12-08T05:55:15.078+0000][7][gc,phases   ] GC(0)   Post Evacuate Collection Set: 0.4ms
[2022-12-08T05:55:15.079+0000][7][gc,phases   ] GC(0)   Other: 16.2ms
[2022-12-08T05:55:15.079+0000][7][gc,heap     ] GC(0) Eden regions: 25->0(25)
[2022-12-08T05:55:15.080+0000][7][gc,heap     ] GC(0) Survivor regions: 0->4(4)
[2022-12-08T05:55:15.081+0000][7][gc,heap     ] GC(0) Old regions: 0->0
[2022-12-08T05:55:15.082+0000][7][gc,heap     ] GC(0) Archive regions: 0->0
[2022-12-08T05:55:15.082+0000][7][gc,heap     ] GC(0) Humongous regions: 1->1
[2022-12-08T05:55:15.083+0000][7][gc,metaspace] GC(0) Metaspace: 15695K(16256K)->15695K(16256K) NonClass: 14111K(14592K)->14111K(14592K) Class: 1584K(1664K)->1584K(1664K)
[2022-12-08T05:55:15.084+0000][7][gc          ] GC(0) Pause Young (Normal) (G1 Evacuation Pause) 26M->4M(512M) 35.571ms
[2022-12-08T05:55:15.085+0000][7][gc,cpu      ] GC(0) User=0.03s Sys=0.00s Real=0.04s
[2022-12-08T05:55:15.086+0000][7][safepoint   ] Safepoint "G1CollectForAllocation", Time since last: 305755000 ns, Reaching safepoint: 92709 ns, At safepoint: 37868500 ns, Total: 37961209 ns
[2022-12-08T05:55:15.870+0000][7][safepoint   ] Safepoint "ICBufferFull", Time since last: 783954625 ns, Reaching safepoint: 154500 ns, At safepoint: 3708 ns, Total: 158208 ns
[2022-12-08T05:55:16.106+0000][7][gc,start    ] GC(1) Pause Young (Concurrent Start) (Metadata GC Threshold)
[2022-12-08T05:55:16.109+0000][7][gc,task     ] GC(1) Using 4 workers of 4 for evacuation
[2022-12-08T05:55:16.110+0000][7][gc,age      ] GC(1) Desired survivor size 2097152 bytes, new threshold 1 (max threshold 15)
[2022-12-08T05:55:16.135+0000][7][gc,age      ] GC(1) Age table with threshold 1 (max threshold 15)
[2022-12-08T05:55:16.136+0000][7][gc,age      ] GC(1) - age   1:    2155872 bytes,    2155872 total
[2022-12-08T05:55:16.137+0000][7][gc,phases   ] GC(1)   Pre Evacuate Collection Set: 0.1ms
[2022-12-08T05:55:16.138+0000][7][gc,phases   ] GC(1)   Merge Heap Roots: 0.1ms
[2022-12-08T05:55:16.138+0000][7][gc,phases   ] GC(1)   Evacuate Collection Set: 22.7ms
[2022-12-08T05:55:16.139+0000][7][gc,phases   ] GC(1)   Post Evacuate Collection Set: 0.5ms
[2022-12-08T05:55:16.140+0000][7][gc,phases   ] GC(1)   Other: 7.2ms
[2022-12-08T05:55:16.141+0000][7][gc,heap     ] GC(1) Eden regions: 23->0(29)
[2022-12-08T05:55:16.142+0000][7][gc,heap     ] GC(1) Survivor regions: 4->3(4)
[2022-12-08T05:55:16.144+0000][7][gc,heap     ] GC(1) Old regions: 0->4
[2022-12-08T05:55:16.145+0000][7][gc,heap     ] GC(1) Archive regions: 0->0
[2022-12-08T05:55:16.146+0000][7][gc,heap     ] GC(1) Humongous regions: 1->1
[2022-12-08T05:55:16.147+0000][7][gc,metaspace] GC(1) Metaspace: 20759K(21248K)->20759K(21248K) NonClass: 18530K(18944K)->18530K(18944K) Class: 2228K(2304K)->2228K(2304K)
[2022-12-08T05:55:16.147+0000][7][gc          ] GC(1) Pause Young (Concurrent Start) (Metadata GC Threshold) 27M->6M(512M) 41.124ms
[2022-12-08T05:55:16.148+0000][7][gc,cpu      ] GC(1) User=0.02s Sys=0.00s Real=0.04s
[2022-12-08T05:55:16.149+0000][7][gc          ] GC(2) Concurrent Cycle
[2022-12-08T05:55:16.150+0000][7][gc,marking  ] GC(2) Concurrent Clear Claimed Marks
[2022-12-08T05:55:16.151+0000][7][gc,marking  ] GC(2) Concurrent Clear Claimed Marks 0.755ms
[2022-12-08T05:55:16.152+0000][7][gc,marking  ] GC(2) Concurrent Scan Root Regions
[2022-12-08T05:55:16.149+0000][7][safepoint   ] Safepoint "CollectForMetadataAllocation", Time since last: 229674125 ns, Reaching safepoint: 6188542 ns, At safepoint: 43241000 ns, Total: 49429542 ns
[2022-12-08T05:55:16.156+0000][7][gc,marking  ] GC(2) Concurrent Scan Root Regions 4.227ms
[2022-12-08T05:55:16.157+0000][7][gc,marking  ] GC(2) Concurrent Mark (3.986s)
[2022-12-08T05:55:16.158+0000][7][gc,marking  ] GC(2) Concurrent Mark From Roots
[2022-12-08T05:55:16.159+0000][7][gc,task     ] GC(2) Using 1 workers of 1 for marking
[2022-12-08T05:55:16.159+0000][7][gc,marking  ] GC(2) Concurrent Mark From Roots 1.542ms
[2022-12-08T05:55:16.161+0000][7][gc,marking  ] GC(2) Concurrent Preclean
[2022-12-08T05:55:16.161+0000][7][gc,marking  ] GC(2) Concurrent Preclean 0.836ms
[2022-12-08T05:55:16.162+0000][7][gc,marking  ] GC(2) Concurrent Mark (3.986s, 3.991s) 5.142ms
[2022-12-08T05:55:16.163+0000][7][gc,start    ] GC(2) Pause Remark
[2022-12-08T05:55:16.172+0000][7][gc          ] GC(2) Pause Remark 7M->7M(512M) 8.164ms
[2022-12-08T05:55:16.173+0000][7][gc,cpu      ] GC(2) User=0.00s Sys=0.00s Real=0.01s
[2022-12-08T05:55:16.174+0000][7][safepoint   ] Safepoint "G1Concurrent", Time since last: 13852584 ns, Reaching safepoint: 355208 ns, At safepoint: 10920542 ns, Total: 11275750 ns
[2022-12-08T05:55:16.176+0000][7][gc,marking  ] GC(2) Concurrent Rebuild Remembered Sets
[2022-12-08T05:55:16.185+0000][7][gc,marking  ] GC(2) Concurrent Rebuild Remembered Sets 8.623ms
[2022-12-08T05:55:16.190+0000][7][gc,start    ] GC(2) Pause Cleanup
[2022-12-08T05:55:16.192+0000][7][gc          ] GC(2) Pause Cleanup 7M->7M(512M) 1.627ms
[2022-12-08T05:55:16.193+0000][7][gc,cpu      ] GC(2) User=0.00s Sys=0.00s Real=0.00s
[2022-12-08T05:55:16.194+0000][7][safepoint   ] Safepoint "G1Concurrent", Time since last: 15032166 ns, Reaching safepoint: 860625 ns, At safepoint: 3870834 ns, Total: 4731459 ns
[2022-12-08T05:55:16.195+0000][7][gc,marking  ] GC(2) Concurrent Cleanup for Next Mark
[2022-12-08T05:55:16.197+0000][7][gc,marking  ] GC(2) Concurrent Cleanup for Next Mark 1.963ms
[2022-12-08T05:55:16.198+0000][7][gc          ] GC(2) Concurrent Cycle 48.672ms
[2022-12-08T05:55:16.926+0000][7][gc,start    ] GC(3) Pause Young (Normal) (G1 Evacuation Pause)
[2022-12-08T05:55:16.928+0000][7][gc,task     ] GC(3) Using 4 workers of 4 for evacuation
[2022-12-08T05:55:16.932+0000][7][gc,age      ] GC(3) Desired survivor size 2621440 bytes, new threshold 15 (max threshold 15)
[2022-12-08T05:55:16.957+0000][7][gc,age      ] GC(3) Age table with threshold 15 (max threshold 15)
[2022-12-08T05:55:16.961+0000][7][gc,age      ] GC(3) - age   1:    2235840 bytes,    2235840 total
[2022-12-08T05:55:16.962+0000][7][gc,age      ] GC(3) - age   2:    2125696 bytes,    4361536 total
[2022-12-08T05:55:16.964+0000][7][gc,phases   ] GC(3)   Pre Evacuate Collection Set: 0.1ms
[2022-12-08T05:55:16.966+0000][7][gc,phases   ] GC(3)   Merge Heap Roots: 0.0ms
[2022-12-08T05:55:16.967+0000][7][gc,phases   ] GC(3)   Evacuate Collection Set: 10.0ms
[2022-12-08T05:55:16.968+0000][7][gc,phases   ] GC(3)   Post Evacuate Collection Set: 12.6ms
[2022-12-08T05:55:16.970+0000][7][gc,phases   ] GC(3)   Other: 15.2ms
[2022-12-08T05:55:16.972+0000][7][gc,heap     ] GC(3) Eden regions: 30->0(178)
[2022-12-08T05:55:16.973+0000][7][gc,heap     ] GC(3) Survivor regions: 3->5(5)
[2022-12-08T05:55:16.974+0000][7][gc,heap     ] GC(3) Old regions: 4->4
[2022-12-08T05:55:16.976+0000][7][gc,heap     ] GC(3) Archive regions: 0->0
[2022-12-08T05:55:16.976+0000][7][gc,heap     ] GC(3) Humongous regions: 1->1
[2022-12-08T05:55:16.977+0000][7][gc,metaspace] GC(3) Metaspace: 22458K(23040K)->22458K(23040K) NonClass: 20042K(20480K)->20042K(20480K) Class: 2415K(2560K)->2415K(2560K)
[2022-12-08T05:55:16.979+0000][7][gc          ] GC(3) Pause Young (Normal) (G1 Evacuation Pause) 36M->9M(512M) 52.607ms
[2022-12-08T05:55:16.982+0000][7][gc,cpu      ] GC(3) User=0.02s Sys=0.00s Real=0.05s
[2022-12-08T05:55:16.983+0000][7][safepoint   ] Safepoint "G1CollectForAllocation", Time since last: 731754917 ns, Reaching safepoint: 88291 ns, At safepoint: 56627875 ns, Total: 56716166 ns
[2022-12-08T05:55:17.146+0000][7][safepoint   ] Safepoint "ICBufferFull", Time since last: 163385709 ns, Reaching safepoint: 62166 ns, At safepoint: 1750 ns, Total: 63916 ns
[2022-12-08T05:55:17.150+0000][7][safepoint   ] Safepoint "ICBufferFull", Time since last: 3800459 ns, Reaching safepoint: 36000 ns, At safepoint: 18708 ns, Total: 54708 ns
[2022-12-08T05:55:17.153+0000][7][safepoint   ] Safepoint "ICBufferFull", Time since last: 3107458 ns, Reaching safepoint: 52334 ns, At safepoint: 6041 ns, Total: 58375 ns
[2022-12-08T05:55:17.155+0000][7][safepoint   ] Safepoint "ICBufferFull", Time since last: 2394542 ns, Reaching safepoint: 28167 ns, At safepoint: 958 ns, Total: 29125 ns
[2022-12-08T05:55:17.157+0000][7][safepoint   ] Safepoint "ICBufferFull", Time since last: 1794333 ns, Reaching safepoint: 138625 ns, At safepoint: 5084 ns, Total: 143709 ns
[2022-12-08T05:55:17.160+0000][7][safepoint   ] Safepoint "ICBufferFull", Time since last: 2539291 ns, Reaching safepoint: 132584 ns, At safepoint: 4833 ns, Total: 137417 ns
[2022-12-08T05:55:17.163+0000][7][safepoint   ] Safepoint "ICBufferFull", Time since last: 2856333 ns, Reaching safepoint: 129167 ns, At safepoint: 3042 ns, Total: 132209 ns
[2022-12-08T05:55:17.169+0000][7][safepoint   ] Safepoint "ICBufferFull", Time since last: 4190750 ns, Reaching safepoint: 2191041 ns, At safepoint: 7125 ns, Total: 2198166 ns
[2022-12-08T05:55:17.173+0000][7][safepoint   ] Safepoint "ICBufferFull", Time since last: 3156500 ns, Reaching safepoint: 156500 ns, At safepoint: 3334 ns, Total: 159834 ns
[2022-12-08T05:55:17.180+0000][7][safepoint   ] Safepoint "ICBufferFull", Time since last: 6631500 ns, Reaching safepoint: 289666 ns, At safepoint: 10959 ns, Total: 300625 ns
[2022-12-08T05:55:17.188+0000][7][safepoint   ] Safepoint "ICBufferFull", Time since last: 8128875 ns, Reaching safepoint: 119083 ns, At safepoint: 2042 ns, Total: 121125 ns
[2022-12-08T05:55:17.194+0000][7][safepoint   ] Safepoint "ICBufferFull", Time since last: 3211000 ns, Reaching safepoint: 2913083 ns, At safepoint: 6625 ns, Total: 2919708 ns
[2022-12-08T05:55:17.203+0000][7][safepoint   ] Safepoint "ICBufferFull", Time since last: 6856083 ns, Reaching safepoint: 2066167 ns, At safepoint: 1875 ns, Total: 2068042 ns
[2022-12-08T05:55:17.205+0000][7][safepoint   ] Safepoint "ICBufferFull", Time since last: 2027667 ns, Reaching safepoint: 117666 ns, At safepoint: 5084 ns, Total: 122750 ns
[2022-12-08T05:55:17.207+0000][7][safepoint   ] Safepoint "ICBufferFull", Time since last: 1764375 ns, Reaching safepoint: 130500 ns, At safepoint: 5500 ns, Total: 136000 ns
[2022-12-08T05:55:17.210+0000][7][safepoint   ] Safepoint "ICBufferFull", Time since last: 2181000 ns, Reaching safepoint: 558041 ns, At safepoint: 1584 ns, Total: 559625 ns
[2022-12-08T05:55:17.212+0000][7][safepoint   ] Safepoint "ICBufferFull", Time since last: 1856833 ns, Reaching safepoint: 196500 ns, At safepoint: 1625 ns, Total: 198125 ns
[2022-12-08T05:55:17.214+0000][7][safepoint   ] Safepoint "ICBufferFull", Time since last: 1745583 ns, Reaching safepoint: 301834 ns, At safepoint: 2083 ns, Total: 303917 ns
[2022-12-08T05:55:17.217+0000][7][safepoint   ] Safepoint "ICBufferFull", Time since last: 2063000 ns, Reaching safepoint: 1053958 ns, At safepoint: 2959 ns, Total: 1056917 ns
[2022-12-08T05:55:17.220+0000][7][safepoint   ] Safepoint "ICBufferFull", Time since last: 2471083 ns, Reaching safepoint: 350458 ns, At safepoint: 2750 ns, Total: 353208 ns
[2022-12-08T05:55:17.227+0000][7][safepoint   ] Safepoint "ICBufferFull", Time since last: 2037500 ns, Reaching safepoint: 5043584 ns, At safepoint: 8416 ns, Total: 5052000 ns
[2022-12-08T05:55:17.229+0000][7][safepoint   ] Safepoint "ICBufferFull", Time since last: 1992167 ns, Reaching safepoint: 110292 ns, At safepoint: 1791 ns, Total: 112083 ns
[2022-12-08T05:55:17.232+0000][7][safepoint   ] Safepoint "ICBufferFull", Time since last: 2184167 ns, Reaching safepoint: 625583 ns, At safepoint: 2375 ns, Total: 627958 ns
[2022-12-08T05:55:17.235+0000][7][safepoint   ] Safepoint "ICBufferFull", Time since last: 1920709 ns, Reaching safepoint: 1072000 ns, At safepoint: 5916 ns, Total: 1077916 ns
[2022-12-08T05:55:17.238+0000][7][safepoint   ] Safepoint "ICBufferFull", Time since last: 2381500 ns, Reaching safepoint: 433459 ns, At safepoint: 2041 ns, Total: 435500 ns
[2022-12-08T05:55:17.242+0000][7][safepoint   ] Safepoint "ICBufferFull", Time since last: 2878750 ns, Reaching safepoint: 1327959 ns, At safepoint: 2416 ns, Total: 1330375 ns
[2022-12-08T05:55:17.245+0000][7][safepoint   ] Safepoint "ICBufferFull", Time since last: 2658792 ns, Reaching safepoint: 323750 ns, At safepoint: 2750 ns, Total: 326500 ns
[2022-12-08T05:55:17.249+0000][7][safepoint   ] Safepoint "ICBufferFull", Time since last: 2084375 ns, Reaching safepoint: 1908708 ns, At safepoint: 3125 ns, Total: 1911833 ns
[2022-12-08T05:55:17.253+0000][7][safepoint   ] Safepoint "ICBufferFull", Time since last: 2108917 ns, Reaching safepoint: 1855708 ns, At safepoint: 3000 ns, Total: 1858708 ns
[2022-12-08T05:55:17.255+0000][7][safepoint   ] Safepoint "ICBufferFull", Time since last: 1665667 ns, Reaching safepoint: 375417 ns, At safepoint: 1875 ns, Total: 377292 ns
[2022-12-08T05:55:17.257+0000][7][safepoint   ] Safepoint "ICBufferFull", Time since last: 1934916 ns, Reaching safepoint: 245750 ns, At safepoint: 1750 ns, Total: 247500 ns
[2022-12-08T05:55:17.260+0000][7][safepoint   ] Safepoint "ICBufferFull", Time since last: 2280334 ns, Reaching safepoint: 534750 ns, At safepoint: 1875 ns, Total: 536625 ns
[2022-12-08T05:55:17.262+0000][7][safepoint   ] Safepoint "ICBufferFull", Time since last: 1723125 ns, Reaching safepoint: 571250 ns, At safepoint: 1750 ns, Total: 573000 ns
[2022-12-08T05:55:17.265+0000][7][safepoint   ] Safepoint "ICBufferFull", Time since last: 2097166 ns, Reaching safepoint: 587750 ns, At safepoint: 1792 ns, Total: 589542 ns
[2022-12-08T05:55:17.269+0000][7][safepoint   ] Safepoint "ICBufferFull", Time since last: 2469792 ns, Reaching safepoint: 1544500 ns, At safepoint: 5125 ns, Total: 1549625 ns
[2022-12-08T05:55:17.273+0000][7][safepoint   ] Safepoint "ICBufferFull", Time since last: 3961708 ns, Reaching safepoint: 522833 ns, At safepoint: 2750 ns, Total: 525583 ns
[2022-12-08T05:55:17.280+0000][7][safepoint   ] Safepoint "ICBufferFull", Time since last: 3868584 ns, Reaching safepoint: 2376583 ns, At safepoint: 2125 ns, Total: 2378708 ns
[2022-12-08T05:55:17.284+0000][7][safepoint   ] Safepoint "ICBufferFull", Time since last: 2673833 ns, Reaching safepoint: 1583667 ns, At safepoint: 2250 ns, Total: 1585917 ns
[2022-12-08T05:55:17.286+0000][7][safepoint   ] Safepoint "ICBufferFull", Time since last: 1468833 ns, Reaching safepoint: 184125 ns, At safepoint: 1917 ns, Total: 186042 ns
[2022-12-08T05:55:17.287+0000][7][safepoint   ] Safepoint "ICBufferFull", Time since last: 907417 ns, Reaching safepoint: 95916 ns, At safepoint: 1542 ns, Total: 97458 ns
[2022-12-08T05:55:17.288+0000][7][safepoint   ] Safepoint "ICBufferFull", Time since last: 945208 ns, Reaching safepoint: 98584 ns, At safepoint: 1541 ns, Total: 100125 ns
[2022-12-08T05:55:17.294+0000][7][safepoint   ] Safepoint "ICBufferFull", Time since last: 760250 ns, Reaching safepoint: 5245417 ns, At safepoint: 35125 ns, Total: 5280542 ns
[2022-12-08T05:55:17.297+0000][7][safepoint   ] Safepoint "ICBufferFull", Time since last: 2754750 ns, Reaching safepoint: 475417 ns, At safepoint: 4000 ns, Total: 479417 ns
[2022-12-08T05:55:17.301+0000][7][safepoint   ] Safepoint "ICBufferFull", Time since last: 3451333 ns, Reaching safepoint: 327167 ns, At safepoint: 3083 ns, Total: 330250 ns
[2022-12-08T05:55:17.302+0000][7][safepoint   ] Safepoint "ICBufferFull", Time since last: 1385792 ns, Reaching safepoint: 111041 ns, At safepoint: 1834 ns, Total: 112875 ns
[2022-12-08T05:55:17.304+0000][7][safepoint   ] Safepoint "ICBufferFull", Time since last: 1895041 ns, Reaching safepoint: 469584 ns, At safepoint: 1958 ns, Total: 471542 ns
[2022-12-08T05:55:17.306+0000][7][safepoint   ] Safepoint "ICBufferFull", Time since last: 1395042 ns, Reaching safepoint: 109208 ns, At safepoint: 2125 ns, Total: 111333 ns
[2022-12-08T05:55:17.310+0000][7][safepoint   ] Safepoint "ICBufferFull", Time since last: 3668708 ns, Reaching safepoint: 223500 ns, At safepoint: 2709 ns, Total: 226209 ns
[2022-12-08T05:55:17.312+0000][7][safepoint   ] Safepoint "ICBufferFull", Time since last: 2317750 ns, Reaching safepoint: 160375 ns, At safepoint: 6125 ns, Total: 166500 ns
[2022-12-08T05:55:17.314+0000][7][safepoint   ] Safepoint "ICBufferFull", Time since last: 1861125 ns, Reaching safepoint: 219666 ns, At safepoint: 7084 ns, Total: 226750 ns
[2022-12-08T05:55:17.316+0000][7][safepoint   ] Safepoint "ICBufferFull", Time since last: 1087208 ns, Reaching safepoint: 242375 ns, At safepoint: 1792 ns, Total: 244167 ns
[2022-12-08T05:55:17.318+0000][7][safepoint   ] Safepoint "ICBufferFull", Time since last: 1875291 ns, Reaching safepoint: 175459 ns, At safepoint: 1750 ns, Total: 177209 ns
[2022-12-08T05:55:17.319+0000][7][safepoint   ] Safepoint "ICBufferFull", Time since last: 1202291 ns, Reaching safepoint: 97125 ns, At safepoint: 1584 ns, Total: 98709 ns
[2022-12-08T05:55:17.320+0000][7][safepoint   ] Safepoint "ICBufferFull", Time since last: 1093833 ns, Reaching safepoint: 98458 ns, At safepoint: 1375 ns, Total: 99833 ns
[2022-12-08T05:55:17.321+0000][7][safepoint   ] Safepoint "ICBufferFull", Time since last: 812209 ns, Reaching safepoint: 95000 ns, At safepoint: 1458 ns, Total: 96458 ns
[2022-12-08T05:55:17.322+0000][7][safepoint   ] Safepoint "ICBufferFull", Time since last: 898333 ns, Reaching safepoint: 97459 ns, At safepoint: 1416 ns, Total: 98875 ns
[2022-12-08T05:55:17.323+0000][7][safepoint   ] Safepoint "ICBufferFull", Time since last: 995000 ns, Reaching safepoint: 93917 ns, At safepoint: 1417 ns, Total: 95334 ns
[2022-12-08T05:55:17.324+0000][7][safepoint   ] Safepoint "ICBufferFull", Time since last: 987458 ns, Reaching safepoint: 98125 ns, At safepoint: 1500 ns, Total: 99625 ns
[2022-12-08T05:55:17.325+0000][7][safepoint   ] Safepoint "ICBufferFull", Time since last: 886375 ns, Reaching safepoint: 94083 ns, At safepoint: 1500 ns, Total: 95583 ns
[2022-12-08T05:55:17.326+0000][7][safepoint   ] Safepoint "ICBufferFull", Time since last: 865167 ns, Reaching safepoint: 153292 ns, At safepoint: 2333 ns, Total: 155625 ns
[2022-12-08T05:55:17.328+0000][7][safepoint   ] Safepoint "ICBufferFull", Time since last: 1925042 ns, Reaching safepoint: 97916 ns, At safepoint: 1584 ns, Total: 99500 ns
[2022-12-08T05:55:17.329+0000][7][safepoint   ] Safepoint "ICBufferFull", Time since last: 863333 ns, Reaching safepoint: 102417 ns, At safepoint: 1458 ns, Total: 103875 ns
[2022-12-08T05:55:17.334+0000][7][safepoint   ] Safepoint "ICBufferFull", Time since last: 4800958 ns, Reaching safepoint: 108250 ns, At safepoint: 1917 ns, Total: 110167 ns
[2022-12-08T05:55:17.336+0000][7][safepoint   ] Safepoint "ICBufferFull", Time since last: 1656875 ns, Reaching safepoint: 95417 ns, At safepoint: 1500 ns, Total: 96917 ns
[2022-12-08T05:55:17.338+0000][7][safepoint   ] Safepoint "ICBufferFull", Time since last: 1369291 ns, Reaching safepoint: 102042 ns, At safepoint: 1542 ns, Total: 103584 ns
[2022-12-08T05:55:17.339+0000][7][safepoint   ] Safepoint "ICBufferFull", Time since last: 1407291 ns, Reaching safepoint: 133834 ns, At safepoint: 4958 ns, Total: 138792 ns
[2022-12-08T05:55:17.346+0000][7][safepoint   ] Safepoint "ICBufferFull", Time since last: 6919958 ns, Reaching safepoint: 128375 ns, At safepoint: 4125 ns, Total: 132500 ns
[2022-12-08T05:55:17.348+0000][7][safepoint   ] Safepoint "ICBufferFull", Time since last: 1842709 ns, Reaching safepoint: 107333 ns, At safepoint: 2042 ns, Total: 109375 ns
[2022-12-08T05:55:17.350+0000][7][safepoint   ] Safepoint "ICBufferFull", Time since last: 1323083 ns, Reaching safepoint: 102458 ns, At safepoint: 1750 ns, Total: 104208 ns
[2022-12-08T05:55:17.352+0000][7][safepoint   ] Safepoint "ICBufferFull", Time since last: 1879584 ns, Reaching safepoint: 105458 ns, At safepoint: 1542 ns, Total: 107000 ns
[2022-12-08T05:55:17.353+0000][7][safepoint   ] Safepoint "ICBufferFull", Time since last: 1664083 ns, Reaching safepoint: 273500 ns, At safepoint: 5417 ns, Total: 278917 ns
[2022-12-08T05:55:17.355+0000][7][safepoint   ] Safepoint "ICBufferFull", Time since last: 1859000 ns, Reaching safepoint: 97916 ns, At safepoint: 1459 ns, Total: 99375 ns
[2022-12-08T05:55:17.357+0000][7][safepoint   ] Safepoint "ICBufferFull", Time since last: 1198000 ns, Reaching safepoint: 99416 ns, At safepoint: 1875 ns, Total: 101291 ns
[2022-12-08T05:55:17.374+0000][7][safepoint   ] Safepoint "ICBufferFull", Time since last: 12495375 ns, Reaching safepoint: 4278709 ns, At safepoint: 10125 ns, Total: 4288834 ns
[2022-12-08T05:55:17.379+0000][7][safepoint   ] Safepoint "ICBufferFull", Time since last: 3717500 ns, Reaching safepoint: 1789250 ns, At safepoint: 19375 ns, Total: 1808625 ns
[2022-12-08T05:55:17.385+0000][7][safepoint   ] Safepoint "ICBufferFull", Time since last: 3393208 ns, Reaching safepoint: 2644500 ns, At safepoint: 14333 ns, Total: 2658833 ns
[2022-12-08T05:55:17.392+0000][7][safepoint   ] Safepoint "ICBufferFull", Time since last: 4930667 ns, Reaching safepoint: 2341583 ns, At safepoint: 10250 ns, Total: 2351833 ns
[2022-12-08T05:55:17.395+0000][7][safepoint   ] Safepoint "ICBufferFull", Time since last: 2194875 ns, Reaching safepoint: 120375 ns, At safepoint: 1667 ns, Total: 122042 ns
[2022-12-08T05:55:17.397+0000][7][safepoint   ] Safepoint "ICBufferFull", Time since last: 2103333 ns, Reaching safepoint: 107834 ns, At safepoint: 1666 ns, Total: 109500 ns
[2022-12-08T05:55:17.450+0000][7][safepoint   ] Safepoint "ICBufferFull", Time since last: 48492167 ns, Reaching safepoint: 4919625 ns, At safepoint: 3042 ns, Total: 4922667 ns
[2022-12-08T05:55:17.453+0000][7][safepoint   ] Safepoint "ICBufferFull", Time since last: 2199708 ns, Reaching safepoint: 115250 ns, At safepoint: 1542 ns, Total: 116792 ns
[2022-12-08T05:55:17.454+0000][7][safepoint   ] Safepoint "ICBufferFull", Time since last: 1001583 ns, Reaching safepoint: 156958 ns, At safepoint: 1875 ns, Total: 158833 ns
[2022-12-08T05:55:17.455+0000][7][safepoint   ] Safepoint "ICBufferFull", Time since last: 869209 ns, Reaching safepoint: 270833 ns, At safepoint: 1667 ns, Total: 272500 ns
[2022-12-08T05:55:17.458+0000][7][safepoint   ] Safepoint "ICBufferFull", Time since last: 2556291 ns, Reaching safepoint: 148709 ns, At safepoint: 1750 ns, Total: 150459 ns
[2022-12-08T05:55:17.459+0000][7][safepoint   ] Safepoint "ICBufferFull", Time since last: 1253666 ns, Reaching safepoint: 102834 ns, At safepoint: 66541 ns, Total: 169375 ns
[2022-12-08T05:55:17.460+0000][7][safepoint   ] Safepoint "ICBufferFull", Time since last: 1164375 ns, Reaching safepoint: 138667 ns, At safepoint: 1708 ns, Total: 140375 ns
[2022-12-08T05:55:17.461+0000][7][safepoint   ] Safepoint "ICBufferFull", Time since last: 936334 ns, Reaching safepoint: 153541 ns, At safepoint: 1625 ns, Total: 155166 ns
[2022-12-08T05:55:17.462+0000][7][safepoint   ] Safepoint "ICBufferFull", Time since last: 840792 ns, Reaching safepoint: 131792 ns, At safepoint: 1583 ns, Total: 133375 ns
[2022-12-08T05:55:17.464+0000][7][safepoint   ] Safepoint "ICBufferFull", Time since last: 1409542 ns, Reaching safepoint: 160666 ns, At safepoint: 1417 ns, Total: 162083 ns
[2022-12-08T05:55:17.468+0000][7][safepoint   ] Safepoint "ICBufferFull", Time since last: 2241583 ns, Reaching safepoint: 1705375 ns, At safepoint: 3375 ns, Total: 1708750 ns
[2022-12-08T05:55:17.475+0000][7][safepoint   ] Safepoint "ICBufferFull", Time since last: 1510709 ns, Reaching safepoint: 5329000 ns, At safepoint: 13791 ns, Total: 5342791 ns
[2022-12-08T05:55:17.795+0000][7][safepoint   ] Safepoint "ICBufferFull", Time since last: 320126709 ns, Reaching safepoint: 368000 ns, At safepoint: 7083 ns, Total: 375083 ns
[2022-12-08T05:55:18.143+0000][7][gc,start    ] GC(4) Pause Young (Normal) (G1 Evacuation Pause)
[2022-12-08T05:55:18.145+0000][7][gc,task     ] GC(4) Using 4 workers of 4 for evacuation
[2022-12-08T05:55:18.146+0000][7][gc,age      ] GC(4) Desired survivor size 12058624 bytes, new threshold 15 (max threshold 15)
[2022-12-08T05:55:18.163+0000][7][gc,age      ] GC(4) Age table with threshold 15 (max threshold 15)
[2022-12-08T05:55:18.164+0000][7][gc,age      ] GC(4) - age   1:    5172464 bytes,    5172464 total
[2022-12-08T05:55:18.165+0000][7][gc,age      ] GC(4) - age   2:    1152376 bytes,    6324840 total
[2022-12-08T05:55:18.166+0000][7][gc,age      ] GC(4) - age   3:    2111320 bytes,    8436160 total
[2022-12-08T05:55:18.167+0000][7][gc,phases   ] GC(4)   Pre Evacuate Collection Set: 0.1ms
[2022-12-08T05:55:18.168+0000][7][gc,phases   ] GC(4)   Merge Heap Roots: 0.1ms
[2022-12-08T05:55:18.169+0000][7][gc,phases   ] GC(4)   Evacuate Collection Set: 10.6ms
[2022-12-08T05:55:18.171+0000][7][gc,phases   ] GC(4)   Post Evacuate Collection Set: 5.2ms
[2022-12-08T05:55:18.172+0000][7][gc,phases   ] GC(4)   Other: 7.9ms
[2022-12-08T05:55:18.173+0000][7][gc,heap     ] GC(4) Eden regions: 178->0(298)
[2022-12-08T05:55:18.174+0000][7][gc,heap     ] GC(4) Survivor regions: 5->9(23)
[2022-12-08T05:55:18.176+0000][7][gc,heap     ] GC(4) Old regions: 4->4
[2022-12-08T05:55:18.178+0000][7][gc,heap     ] GC(4) Archive regions: 0->0
[2022-12-08T05:55:18.180+0000][7][gc,heap     ] GC(4) Humongous regions: 2->1
[2022-12-08T05:55:18.181+0000][7][gc,metaspace] GC(4) Metaspace: 25975K(26624K)->25975K(26624K) NonClass: 23087K(23552K)->23087K(23552K) Class: 2887K(3072K)->2887K(3072K)
[2022-12-08T05:55:18.182+0000][7][gc          ] GC(4) Pause Young (Normal) (G1 Evacuation Pause) 188M->13M(512M) 39.332ms
[2022-12-08T05:55:18.183+0000][7][gc,cpu      ] GC(4) User=0.01s Sys=0.00s Real=0.04s
[2022-12-08T05:55:18.184+0000][7][safepoint   ] Safepoint "G1CollectForAllocation", Time since last: 347639167 ns, Reaching safepoint: 183250 ns, At safepoint: 41364458 ns, Total: 41547708 ns
[2022-12-08T05:55:18.884+0000][7][gc,start    ] GC(5) Pause Young (Normal) (G1 Evacuation Pause)
[2022-12-08T05:55:18.886+0000][7][gc,task     ] GC(5) Using 4 workers of 4 for evacuation
[2022-12-08T05:55:18.889+0000][7][gc,age      ] GC(5) Desired survivor size 20447232 bytes, new threshold 15 (max threshold 15)
[2022-12-08T05:55:18.908+0000][7][gc,age      ] GC(5) Age table with threshold 15 (max threshold 15)
[2022-12-08T05:55:18.912+0000][7][gc,age      ] GC(5) - age   1:    3822080 bytes,    3822080 total
[2022-12-08T05:55:18.914+0000][7][gc,age      ] GC(5) - age   2:    4320208 bytes,    8142288 total
[2022-12-08T05:55:18.915+0000][7][gc,age      ] GC(5) - age   3:    1152296 bytes,    9294584 total
[2022-12-08T05:55:18.917+0000][7][gc,age      ] GC(5) - age   4:    2111224 bytes,   11405808 total
[2022-12-08T05:55:18.919+0000][7][gc,phases   ] GC(5)   Pre Evacuate Collection Set: 0.1ms
[2022-12-08T05:55:18.920+0000][7][gc,phases   ] GC(5)   Merge Heap Roots: 0.1ms
[2022-12-08T05:55:18.922+0000][7][gc,phases   ] GC(5)   Evacuate Collection Set: 17.3ms
[2022-12-08T05:55:18.923+0000][7][gc,phases   ] GC(5)   Post Evacuate Collection Set: 0.8ms
[2022-12-08T05:55:18.925+0000][7][gc,phases   ] GC(5)   Other: 15.9ms
[2022-12-08T05:55:18.926+0000][7][gc,heap     ] GC(5) Eden regions: 298->0(295)
[2022-12-08T05:55:18.927+0000][7][gc,heap     ] GC(5) Survivor regions: 9->12(39)
[2022-12-08T05:55:18.929+0000][7][gc,heap     ] GC(5) Old regions: 4->4
[2022-12-08T05:55:18.930+0000][7][gc,heap     ] GC(5) Archive regions: 0->0
[2022-12-08T05:55:18.932+0000][7][gc,heap     ] GC(5) Humongous regions: 1->1
[2022-12-08T05:55:18.934+0000][7][gc,metaspace] GC(5) Metaspace: 27661K(28672K)->27661K(28672K) NonClass: 24582K(25344K)->24582K(25344K) Class: 3078K(3328K)->3078K(3328K)
[2022-12-08T05:55:18.935+0000][7][gc          ] GC(5) Pause Young (Normal) (G1 Evacuation Pause) 311M->16M(512M) 50.926ms
[2022-12-08T05:55:18.937+0000][7][gc,cpu      ] GC(5) User=0.02s Sys=0.01s Real=0.05s
[2022-12-08T05:55:18.939+0000][7][safepoint   ] Safepoint "G1CollectForAllocation", Time since last: 699442167 ns, Reaching safepoint: 143333 ns, At safepoint: 54170334 ns, Total: 54313667 ns
[2022-12-08T05:55:19.345+0000][7][gc,start    ] GC(6) Pause Young (Normal) (G1 Evacuation Pause)
[2022-12-08T05:55:19.347+0000][7][gc,task     ] GC(6) Using 4 workers of 4 for evacuation
[2022-12-08T05:55:19.348+0000][7][gc,age      ] GC(6) Desired survivor size 20447232 bytes, new threshold 15 (max threshold 15)
[2022-12-08T05:55:19.364+0000][7][gc,age      ] GC(6) Age table with threshold 15 (max threshold 15)
[2022-12-08T05:55:19.365+0000][7][gc,age      ] GC(6) - age   1:    1868168 bytes,    1868168 total
[2022-12-08T05:55:19.366+0000][7][gc,age      ] GC(6) - age   2:    3276824 bytes,    5144992 total
[2022-12-08T05:55:19.366+0000][7][gc,age      ] GC(6) - age   3:    4315904 bytes,    9460896 total
[2022-12-08T05:55:19.367+0000][7][gc,age      ] GC(6) - age   4:    1152152 bytes,   10613048 total
[2022-12-08T05:55:19.369+0000][7][gc,age      ] GC(6) - age   5:    2111224 bytes,   12724272 total
[2022-12-08T05:55:19.369+0000][7][gc,phases   ] GC(6)   Pre Evacuate Collection Set: 0.2ms
[2022-12-08T05:55:19.370+0000][7][gc,phases   ] GC(6)   Merge Heap Roots: 0.0ms
[2022-12-08T05:55:19.371+0000][7][gc,phases   ] GC(6)   Evacuate Collection Set: 14.2ms
[2022-12-08T05:55:19.373+0000][7][gc,phases   ] GC(6)   Post Evacuate Collection Set: 0.6ms
[2022-12-08T05:55:19.385+0000][7][gc,phases   ] GC(6)   Other: 9.0ms
[2022-12-08T05:55:19.387+0000][7][gc,heap     ] GC(6) Eden regions: 295->0(294)
[2022-12-08T05:55:19.388+0000][7][gc,heap     ] GC(6) Survivor regions: 12->13(39)
[2022-12-08T05:55:19.389+0000][7][gc,heap     ] GC(6) Old regions: 4->4
[2022-12-08T05:55:19.390+0000][7][gc,heap     ] GC(6) Archive regions: 0->0
[2022-12-08T05:55:19.391+0000][7][gc,heap     ] GC(6) Humongous regions: 1->1
[2022-12-08T05:55:19.393+0000][7][gc,metaspace] GC(6) Metaspace: 28044K(29312K)->28044K(29312K) NonClass: 24896K(25856K)->24896K(25856K) Class: 3147K(3456K)->3147K(3456K)
[2022-12-08T05:55:19.395+0000][7][gc          ] GC(6) Pause Young (Normal) (G1 Evacuation Pause) 311M->17M(512M) 49.267ms
[2022-12-08T05:55:19.396+0000][7][gc,cpu      ] GC(6) User=0.01s Sys=0.00s Real=0.05s
[2022-12-08T05:55:19.397+0000][7][safepoint   ] Safepoint "G1CollectForAllocation", Time since last: 406741292 ns, Reaching safepoint: 175250 ns, At safepoint: 51139291 ns, Total: 51314541 ns
[2022-12-08T05:55:19.962+0000][7][gc,start    ] GC(7) Pause Young (Normal) (G1 Evacuation Pause)
[2022-12-08T05:55:19.964+0000][7][gc,task     ] GC(7) Using 4 workers of 4 for evacuation
[2022-12-08T05:55:19.965+0000][7][gc,age      ] GC(7) Desired survivor size 20447232 bytes, new threshold 15 (max threshold 15)
[2022-12-08T05:55:19.974+0000][7][gc,age      ] GC(7) Age table with threshold 15 (max threshold 15)
[2022-12-08T05:55:19.976+0000][7][gc,age      ] GC(7) - age   1:    2357576 bytes,    2357576 total
[2022-12-08T05:55:19.977+0000][7][gc,age      ] GC(7) - age   2:     613384 bytes,    2970960 total
[2022-12-08T05:55:19.978+0000][7][gc,age      ] GC(7) - age   3:    3274320 bytes,    6245280 total
[2022-12-08T05:55:19.979+0000][7][gc,age      ] GC(7) - age   4:    4315464 bytes,   10560744 total
[2022-12-08T05:55:19.980+0000][7][gc,age      ] GC(7) - age   5:    1152152 bytes,   11712896 total
[2022-12-08T05:55:19.981+0000][7][gc,age      ] GC(7) - age   6:    2111224 bytes,   13824120 total
[2022-12-08T05:55:19.982+0000][7][gc,phases   ] GC(7)   Pre Evacuate Collection Set: 0.2ms
[2022-12-08T05:55:19.983+0000][7][gc,phases   ] GC(7)   Merge Heap Roots: 0.2ms
[2022-12-08T05:55:19.983+0000][7][gc,phases   ] GC(7)   Evacuate Collection Set: 7.2ms
[2022-12-08T05:55:19.984+0000][7][gc,phases   ] GC(7)   Post Evacuate Collection Set: 0.7ms
[2022-12-08T05:55:19.985+0000][7][gc,phases   ] GC(7)   Other: 11.6ms
[2022-12-08T05:55:19.987+0000][7][gc,heap     ] GC(7) Eden regions: 294->0(292)
[2022-12-08T05:55:19.988+0000][7][gc,heap     ] GC(7) Survivor regions: 13->15(39)
[2022-12-08T05:55:19.989+0000][7][gc,heap     ] GC(7) Old regions: 4->4
[2022-12-08T05:55:19.990+0000][7][gc,heap     ] GC(7) Archive regions: 0->0
[2022-12-08T05:55:19.992+0000][7][gc,heap     ] GC(7) Humongous regions: 1->1
[2022-12-08T05:55:19.993+0000][7][gc,metaspace] GC(7) Metaspace: 28575K(29952K)->28575K(29952K) NonClass: 25347K(26368K)->25347K(26368K) Class: 3228K(3584K)->3228K(3584K)
[2022-12-08T05:55:19.996+0000][7][gc          ] GC(7) Pause Young (Normal) (G1 Evacuation Pause) 311M->19M(512M) 31.789ms
[2022-12-08T05:55:19.997+0000][7][gc,cpu      ] GC(7) User=0.02s Sys=0.01s Real=0.04s
[2022-12-08T05:55:19.998+0000][7][safepoint   ] Safepoint "G1CollectForAllocation", Time since last: 565533501 ns, Reaching safepoint: 67166 ns, At safepoint: 35578542 ns, Total: 35645708 ns
[2022-12-08T05:55:20.555+0000][7][safepoint   ] Safepoint "ICBufferFull", Time since last: 556500084 ns, Reaching safepoint: 363291 ns, At safepoint: 2667 ns, Total: 365958 ns
[2022-12-08T05:55:20.748+0000][7][gc,start    ] GC(8) Pause Young (Concurrent Start) (Metadata GC Threshold)
[2022-12-08T05:55:20.750+0000][7][gc,task     ] GC(8) Using 4 workers of 4 for evacuation
[2022-12-08T05:55:20.750+0000][7][gc,age      ] GC(8) Desired survivor size 20447232 bytes, new threshold 15 (max threshold 15)
[2022-12-08T05:55:20.774+0000][7][gc,age      ] GC(8) Age table with threshold 15 (max threshold 15)
[2022-12-08T05:55:20.775+0000][7][gc,age      ] GC(8) - age   1:    2305816 bytes,    2305816 total
[2022-12-08T05:55:20.776+0000][7][gc,age      ] GC(8) - age   2:    2293736 bytes,    4599552 total
[2022-12-08T05:55:20.777+0000][7][gc,age      ] GC(8) - age   3:     597656 bytes,    5197208 total
[2022-12-08T05:55:20.778+0000][7][gc,age      ] GC(8) - age   4:    3258872 bytes,    8456080 total
[2022-12-08T05:55:20.779+0000][7][gc,age      ] GC(8) - age   5:    4302560 bytes,   12758640 total
[2022-12-08T05:55:20.780+0000][7][gc,age      ] GC(8) - age   6:    1121840 bytes,   13880480 total
[2022-12-08T05:55:20.782+0000][7][gc,age      ] GC(8) - age   7:    2108320 bytes,   15988800 total
[2022-12-08T05:55:20.782+0000][7][gc,phases   ] GC(8)   Pre Evacuate Collection Set: 0.2ms
[2022-12-08T05:55:20.783+0000][7][gc,phases   ] GC(8)   Merge Heap Roots: 0.0ms
[2022-12-08T05:55:20.784+0000][7][gc,phases   ] GC(8)   Evacuate Collection Set: 20.9ms
[2022-12-08T05:55:20.785+0000][7][gc,phases   ] GC(8)   Post Evacuate Collection Set: 2.2ms
[2022-12-08T05:55:20.786+0000][7][gc,phases   ] GC(8)   Other: 10.8ms
[2022-12-08T05:55:20.787+0000][7][gc,heap     ] GC(8) Eden regions: 136->0(290)
[2022-12-08T05:55:20.788+0000][7][gc,heap     ] GC(8) Survivor regions: 15->17(39)
[2022-12-08T05:55:20.789+0000][7][gc,heap     ] GC(8) Old regions: 4->4
[2022-12-08T05:55:20.789+0000][7][gc,heap     ] GC(8) Archive regions: 0->0
[2022-12-08T05:55:20.790+0000][7][gc,heap     ] GC(8) Humongous regions: 1->1
[2022-12-08T05:55:20.791+0000][7][gc,metaspace] GC(8) Metaspace: 34036K(35584K)->34036K(35584K) NonClass: 30059K(31232K)->30059K(31232K) Class: 3977K(4352K)->3977K(4352K)
[2022-12-08T05:55:20.792+0000][7][gc          ] GC(8) Pause Young (Concurrent Start) (Metadata GC Threshold) 154M->21M(512M) 43.397ms
[2022-12-08T05:55:20.792+0000][7][gc,cpu      ] GC(8) User=0.02s Sys=0.00s Real=0.04s
[2022-12-08T05:55:20.793+0000][7][safepoint   ] Safepoint "CollectForMetadataAllocation", Time since last: 193466750 ns, Reaching safepoint: 117292 ns, At safepoint: 45206041 ns, Total: 45323333 ns
[2022-12-08T05:55:20.794+0000][7][gc          ] GC(9) Concurrent Cycle
[2022-12-08T05:55:20.795+0000][7][gc,marking  ] GC(9) Concurrent Clear Claimed Marks
[2022-12-08T05:55:20.796+0000][7][gc,marking  ] GC(9) Concurrent Clear Claimed Marks 1.164ms
[2022-12-08T05:55:20.797+0000][7][gc,marking  ] GC(9) Concurrent Scan Root Regions
[2022-12-08T05:55:20.801+0000][7][gc,marking  ] GC(9) Concurrent Scan Root Regions 4.249ms
[2022-12-08T05:55:20.803+0000][7][gc,marking  ] GC(9) Concurrent Mark (8.632s)
[2022-12-08T05:55:20.804+0000][7][gc,marking  ] GC(9) Concurrent Mark From Roots
[2022-12-08T05:55:20.808+0000][7][gc,task     ] GC(9) Using 1 workers of 1 for marking
[2022-12-08T05:55:20.810+0000][7][safepoint   ] Safepoint "CollectForMetadataAllocation", Time since last: 16074875 ns, Reaching safepoint: 73500 ns, At safepoint: 61459 ns, Total: 134959 ns
[2022-12-08T05:55:20.812+0000][7][gc,marking  ] GC(9) Concurrent Mark From Roots 7.599ms
[2022-12-08T05:55:20.812+0000][7][gc,marking  ] GC(9) Concurrent Preclean
[2022-12-08T05:55:20.815+0000][7][gc,marking  ] GC(9) Concurrent Preclean 2.357ms
[2022-12-08T05:55:20.815+0000][7][gc,marking  ] GC(9) Concurrent Mark (8.632s, 8.644s) 12.377ms
[2022-12-08T05:55:20.828+0000][7][gc,start    ] GC(9) Pause Remark
[2022-12-08T05:55:20.838+0000][7][gc          ] GC(9) Pause Remark 23M->23M(512M) 9.384ms
[2022-12-08T05:55:20.839+0000][7][gc,cpu      ] GC(9) User=0.01s Sys=0.00s Real=0.01s
[2022-12-08T05:55:20.839+0000][7][safepoint   ] Safepoint "G1Concurrent", Time since last: 16459083 ns, Reaching safepoint: 2052000 ns, At safepoint: 11289667 ns, Total: 13341667 ns
[2022-12-08T05:55:20.841+0000][7][gc,marking  ] GC(9) Concurrent Rebuild Remembered Sets
[2022-12-08T05:55:20.844+0000][7][gc,marking  ] GC(9) Concurrent Rebuild Remembered Sets 3.777ms
[2022-12-08T05:55:20.847+0000][7][gc,start    ] GC(9) Pause Cleanup
[2022-12-08T05:55:20.847+0000][7][gc          ] GC(9) Pause Cleanup 23M->23M(512M) 0.760ms
[2022-12-08T05:55:20.848+0000][7][gc,cpu      ] GC(9) User=0.00s Sys=0.00s Real=0.00s
[2022-12-08T05:55:20.849+0000][7][safepoint   ] Safepoint "G1Concurrent", Time since last: 6069625 ns, Reaching safepoint: 1175666 ns, At safepoint: 2503709 ns, Total: 3679375 ns
[2022-12-08T05:55:20.850+0000][7][gc,marking  ] GC(9) Concurrent Cleanup for Next Mark
[2022-12-08T05:55:20.852+0000][7][gc,marking  ] GC(9) Concurrent Cleanup for Next Mark 1.427ms
[2022-12-08T05:55:20.852+0000][7][gc          ] GC(9) Concurrent Cycle 58.084ms
[2022-12-08T05:55:21.875+0000][7][safepoint   ] Safepoint "ICBufferFull", Time since last: 1013975042 ns, Reaching safepoint: 11447875 ns, At safepoint: 7917 ns, Total: 11455792 ns
[2022-12-08T05:55:22.728+0000][7][safepoint   ] Safepoint "ICBufferFull", Time since last: 845319417 ns, Reaching safepoint: 8232916 ns, At safepoint: 4959 ns, Total: 8237875 ns
[2022-12-08T05:55:23.737+0000][7][safepoint   ] Safepoint "Cleanup", Time since last: 1008932250 ns, Reaching safepoint: 337083 ns, At safepoint: 2417 ns, Total: 339500 ns
[2022-12-08T05:55:24.175+0000][7][gc,start    ] GC(10) Pause Young (Concurrent Start) (G1 Evacuation Pause)
[2022-12-08T05:55:24.177+0000][7][gc,task     ] GC(10) Using 4 workers of 4 for evacuation
[2022-12-08T05:55:24.178+0000][7][gc,age      ] GC(10) Desired survivor size 20447232 bytes, new threshold 15 (max threshold 15)
[2022-12-08T05:55:24.297+0000][7][gc,age      ] GC(10) Age table with threshold 15 (max threshold 15)
[2022-12-08T05:55:24.299+0000][7][gc,age      ] GC(10) - age   1:   24948952 bytes,   24948952 total
[2022-12-08T05:55:24.300+0000][7][gc,age      ] GC(10) - age   2:    2162736 bytes,   27111688 total
[2022-12-08T05:55:24.301+0000][7][gc,age      ] GC(10) - age   3:    2293032 bytes,   29404720 total
[2022-12-08T05:55:24.302+0000][7][gc,age      ] GC(10) - age   4:     597224 bytes,   30001944 total
[2022-12-08T05:55:24.304+0000][7][gc,age      ] GC(10) - age   5:    3247560 bytes,   33249504 total
[2022-12-08T05:55:24.304+0000][7][gc,age      ] GC(10) - age   6:    4276912 bytes,   37526416 total
[2022-12-08T05:55:24.305+0000][7][gc,age      ] GC(10) - age   7:    1101480 bytes,   38627896 total
[2022-12-08T05:55:24.308+0000][7][gc,age      ] GC(10) - age   8:    2099920 bytes,   40727816 total
[2022-12-08T05:55:24.308+0000][7][gc,phases   ] GC(10)   Pre Evacuate Collection Set: 0.9ms
[2022-12-08T05:55:24.310+0000][7][gc,phases   ] GC(10)   Merge Heap Roots: 0.0ms
[2022-12-08T05:55:24.310+0000][7][gc,phases   ] GC(10)   Evacuate Collection Set: 98.3ms
[2022-12-08T05:55:24.311+0000][7][gc,phases   ] GC(10)   Post Evacuate Collection Set: 18.3ms
[2022-12-08T05:55:24.312+0000][7][gc,phases   ] GC(10)   Other: 15.6ms
[2022-12-08T05:55:24.313+0000][7][gc,heap     ] GC(10) Eden regions: 290->0(268)
[2022-12-08T05:55:24.313+0000][7][gc,heap     ] GC(10) Survivor regions: 17->39(39)
[2022-12-08T05:55:24.314+0000][7][gc,heap     ] GC(10) Old regions: 4->9
[2022-12-08T05:55:24.314+0000][7][gc,heap     ] GC(10) Archive regions: 0->0
[2022-12-08T05:55:24.315+0000][7][gc,heap     ] GC(10) Humongous regions: 1->1
[2022-12-08T05:55:24.315+0000][7][gc,metaspace] GC(10) Metaspace: 42455K(44792K)->42455K(44792K) NonClass: 37299K(38912K)->37299K(38912K) Class: 5156K(5880K)->5156K(5880K)
[2022-12-08T05:55:24.316+0000][7][gc          ] GC(10) Pause Young (Concurrent Start) (G1 Evacuation Pause) 311M->48M(512M) 141.247ms
[2022-12-08T05:55:24.317+0000][7][gc,cpu      ] GC(10) User=0.09s Sys=0.00s Real=0.14s
[2022-12-08T05:55:24.318+0000][7][gc          ] GC(11) Concurrent Cycle
[2022-12-08T05:55:24.319+0000][7][gc,marking  ] GC(11) Concurrent Clear Claimed Marks
[2022-12-08T05:55:24.318+0000][7][safepoint   ] Safepoint "G1CollectForAllocation", Time since last: 437311209 ns, Reaching safepoint: 384041 ns, At safepoint: 143282834 ns, Total: 143666875 ns
[2022-12-08T05:55:24.320+0000][7][gc,marking  ] GC(11) Concurrent Clear Claimed Marks 0.784ms
[2022-12-08T05:55:24.323+0000][7][gc,marking  ] GC(11) Concurrent Scan Root Regions
[2022-12-08T05:55:24.401+0000][7][gc,marking  ] GC(11) Concurrent Scan Root Regions 78.443ms
[2022-12-08T05:55:24.402+0000][7][gc,marking  ] GC(11) Concurrent Mark (12.231s)
[2022-12-08T05:55:24.405+0000][7][gc,marking  ] GC(11) Concurrent Mark From Roots
[2022-12-08T05:55:24.406+0000][7][gc,task     ] GC(11) Using 1 workers of 1 for marking
[2022-12-08T05:55:24.424+0000][7][gc,marking  ] GC(11) Concurrent Mark From Roots 18.548ms
[2022-12-08T05:55:24.426+0000][7][gc,marking  ] GC(11) Concurrent Preclean
[2022-12-08T05:55:24.428+0000][7][gc,marking  ] GC(11) Concurrent Preclean 1.176ms
[2022-12-08T05:55:24.429+0000][7][gc,marking  ] GC(11) Concurrent Mark (12.231s, 12.257s) 26.134ms
[2022-12-08T05:55:24.432+0000][7][gc,start    ] GC(11) Pause Remark
[2022-12-08T05:55:24.453+0000][7][gc          ] GC(11) Pause Remark 86M->86M(512M) 21.053ms
[2022-12-08T05:55:24.455+0000][7][gc,cpu      ] GC(11) User=0.01s Sys=0.00s Real=0.03s
[2022-12-08T05:55:24.456+0000][7][safepoint   ] Safepoint "G1Concurrent", Time since last: 113910750 ns, Reaching safepoint: 97375 ns, At safepoint: 23211416 ns, Total: 23308791 ns
[2022-12-08T05:55:24.457+0000][7][gc,marking  ] GC(11) Concurrent Rebuild Remembered Sets
[2022-12-08T05:55:24.482+0000][7][gc,marking  ] GC(11) Concurrent Rebuild Remembered Sets 25.111ms
[2022-12-08T05:55:24.484+0000][7][gc,start    ] GC(11) Pause Cleanup
[2022-12-08T05:55:24.486+0000][7][gc          ] GC(11) Pause Cleanup 86M->86M(512M) 1.580ms
[2022-12-08T05:55:24.486+0000][7][gc,cpu      ] GC(11) User=0.00s Sys=0.00s Real=0.00s
[2022-12-08T05:55:24.487+0000][7][safepoint   ] Safepoint "G1Concurrent", Time since last: 28109334 ns, Reaching safepoint: 414541 ns, At safepoint: 3104376 ns, Total: 3518917 ns
[2022-12-08T05:55:24.488+0000][7][gc,marking  ] GC(11) Concurrent Cleanup for Next Mark
[2022-12-08T05:55:24.502+0000][7][gc,marking  ] GC(11) Concurrent Cleanup for Next Mark 13.404ms
[2022-12-08T05:55:24.503+0000][7][gc          ] GC(11) Concurrent Cycle 184.647ms
[2022-12-08T05:55:25.061+0000][7][safepoint   ] Safepoint "ICBufferFull", Time since last: 573582041 ns, Reaching safepoint: 280500 ns, At safepoint: 4084 ns, Total: 284584 ns
[2022-12-08T05:55:25.632+0000][7][safepoint   ] Safepoint "ICBufferFull", Time since last: 570966125 ns, Reaching safepoint: 168333 ns, At safepoint: 2250 ns, Total: 170583 ns
[2022-12-08T05:55:26.073+0000][7][safepoint   ] Safepoint "ICBufferFull", Time since last: 440520917 ns, Reaching safepoint: 104625 ns, At safepoint: 1875 ns, Total: 106500 ns
[2022-12-08T05:55:26.327+0000][7][safepoint   ] Safepoint "ICBufferFull", Time since last: 253944709 ns, Reaching safepoint: 350666 ns, At safepoint: 2375 ns, Total: 353041 ns
[2022-12-08T05:55:27.083+0000][7][safepoint   ] Safepoint "ICBufferFull", Time since last: 755374542 ns, Reaching safepoint: 81125 ns, At safepoint: 22209 ns, Total: 103334 ns
[2022-12-08T05:55:27.280+0000][7][safepoint   ] Safepoint "ICBufferFull", Time since last: 196951208 ns, Reaching safepoint: 173417 ns, At safepoint: 2833 ns, Total: 176250 ns
[2022-12-08T05:55:28.284+0000][7][safepoint   ] Safepoint "Cleanup", Time since last: 1001803584 ns, Reaching safepoint: 2708083 ns, At safepoint: 7500 ns, Total: 2715583 ns
[2022-12-08T05:55:28.571+0000][7][gc,start    ] GC(12) Pause Young (Concurrent Start) (Metadata GC Threshold)
[2022-12-08T05:55:28.572+0000][7][gc,task     ] GC(12) Using 4 workers of 4 for evacuation
[2022-12-08T05:55:28.573+0000][7][gc,age      ] GC(12) Desired survivor size 20447232 bytes, new threshold 1 (max threshold 15)
[2022-12-08T05:55:28.670+0000][7][gc,age      ] GC(12) Age table with threshold 1 (max threshold 15)
[2022-12-08T05:55:28.671+0000][7][gc,age      ] GC(12) - age   1:   12257712 bytes,   12257712 total
[2022-12-08T05:55:28.672+0000][7][gc,phases   ] GC(12)   Pre Evacuate Collection Set: 0.2ms
[2022-12-08T05:55:28.672+0000][7][gc,phases   ] GC(12)   Merge Heap Roots: 0.3ms
[2022-12-08T05:55:28.673+0000][7][gc,phases   ] GC(12)   Evacuate Collection Set: 78.8ms
[2022-12-08T05:55:28.674+0000][7][gc,phases   ] GC(12)   Post Evacuate Collection Set: 16.7ms
[2022-12-08T05:55:28.675+0000][7][gc,phases   ] GC(12)   Other: 5.1ms
[2022-12-08T05:55:28.676+0000][7][gc,heap     ] GC(12) Eden regions: 227->0(281)
[2022-12-08T05:55:28.677+0000][7][gc,heap     ] GC(12) Survivor regions: 39->13(39)
[2022-12-08T05:55:28.677+0000][7][gc,heap     ] GC(12) Old regions: 9->48
[2022-12-08T05:55:28.678+0000][7][gc,heap     ] GC(12) Archive regions: 0->0
[2022-12-08T05:55:28.679+0000][7][gc,heap     ] GC(12) Humongous regions: 1->1
[2022-12-08T05:55:28.680+0000][7][gc,metaspace] GC(12) Metaspace: 72028K(75000K)->72028K(75000K) NonClass: 62538K(64512K)->62538K(64512K) Class: 9490K(10488K)->9490K(10488K)
[2022-12-08T05:55:28.680+0000][7][gc          ] GC(12) Pause Young (Concurrent Start) (Metadata GC Threshold) 275M->61M(512M) 109.795ms
[2022-12-08T05:55:28.681+0000][7][gc,cpu      ] GC(12) User=0.10s Sys=0.00s Real=0.11s
[2022-12-08T05:55:28.682+0000][7][gc          ] GC(13) Concurrent Cycle
[2022-12-08T05:55:28.683+0000][7][gc,marking  ] GC(13) Concurrent Clear Claimed Marks
[2022-12-08T05:55:28.684+0000][7][gc,marking  ] GC(13) Concurrent Clear Claimed Marks 0.735ms
[2022-12-08T05:55:28.684+0000][7][gc,marking  ] GC(13) Concurrent Scan Root Regions
[2022-12-08T05:55:28.682+0000][7][safepoint   ] Safepoint "CollectForMetadataAllocation", Time since last: 281641959 ns, Reaching safepoint: 4619833 ns, At safepoint: 111777500 ns, Total: 116397333 ns
[2022-12-08T05:55:28.739+0000][7][safepoint   ] Safepoint "CollectForMetadataAllocation", Time since last: 56179292 ns, Reaching safepoint: 55375 ns, At safepoint: 68125 ns, Total: 123500 ns
[2022-12-08T05:55:28.748+0000][7][gc,marking  ] GC(13) Concurrent Scan Root Regions 63.674ms
[2022-12-08T05:55:28.751+0000][7][gc,marking  ] GC(13) Concurrent Mark (16.580s)
[2022-12-08T05:55:28.752+0000][7][gc,marking  ] GC(13) Concurrent Mark From Roots
[2022-12-08T05:55:28.753+0000][7][gc,task     ] GC(13) Using 1 workers of 1 for marking
[2022-12-08T05:55:28.776+0000][7][gc,marking  ] GC(13) Concurrent Mark From Roots 23.601ms
[2022-12-08T05:55:28.777+0000][7][gc,marking  ] GC(13) Concurrent Preclean
[2022-12-08T05:55:28.779+0000][7][gc,marking  ] GC(13) Concurrent Preclean 1.780ms
[2022-12-08T05:55:28.779+0000][7][gc,marking  ] GC(13) Concurrent Mark (16.580s, 16.608s) 28.256ms
[2022-12-08T05:55:28.780+0000][7][gc,start    ] GC(13) Pause Remark
[2022-12-08T05:55:28.787+0000][7][gc          ] GC(13) Pause Remark 66M->66M(512M) 7.069ms
[2022-12-08T05:55:28.788+0000][7][gc,cpu      ] GC(13) User=0.01s Sys=0.00s Real=0.01s
[2022-12-08T05:55:28.789+0000][7][safepoint   ] Safepoint "G1Concurrent", Time since last: 41620542 ns, Reaching safepoint: 115750 ns, At safepoint: 8871125 ns, Total: 8986875 ns
[2022-12-08T05:55:28.790+0000][7][gc,marking  ] GC(13) Concurrent Rebuild Remembered Sets
[2022-12-08T05:55:28.793+0000][7][safepoint   ] Safepoint "CollectForMetadataAllocation", Time since last: 3147750 ns, Reaching safepoint: 442166 ns, At safepoint: 14167 ns, Total: 456333 ns
[2022-12-08T05:55:28.855+0000][7][gc,marking  ] GC(13) Concurrent Rebuild Remembered Sets 64.617ms
[2022-12-08T05:55:28.856+0000][7][gc,start    ] GC(13) Pause Cleanup
[2022-12-08T05:55:28.859+0000][7][gc          ] GC(13) Pause Cleanup 69M->69M(512M) 2.873ms
[2022-12-08T05:55:28.860+0000][7][gc,cpu      ] GC(13) User=0.00s Sys=0.00s Real=0.00s
[2022-12-08T05:55:28.861+0000][7][safepoint   ] Safepoint "G1Concurrent", Time since last: 62793542 ns, Reaching safepoint: 182208 ns, At safepoint: 4949375 ns, Total: 5131583 ns
[2022-12-08T05:55:28.862+0000][7][gc,marking  ] GC(13) Concurrent Cleanup for Next Mark
[2022-12-08T05:55:28.869+0000][7][gc,marking  ] GC(13) Concurrent Cleanup for Next Mark 7.602ms
[2022-12-08T05:55:28.874+0000][7][gc          ] GC(13) Concurrent Cycle 192.477ms
[2022-12-08T05:55:29.240+0000][7][safepoint   ] Safepoint "ICBufferFull", Time since last: 379266333 ns, Reaching safepoint: 118375 ns, At safepoint: 5834 ns, Total: 124209 ns
[2022-12-08T05:55:29.817+0000][7][safepoint   ] Safepoint "ICBufferFull", Time since last: 576450958 ns, Reaching safepoint: 185375 ns, At safepoint: 5709 ns, Total: 191084 ns
[2022-12-08T05:55:30.079+0000][7][safepoint   ] Safepoint "ICBufferFull", Time since last: 259503291 ns, Reaching safepoint: 2818542 ns, At safepoint: 3792 ns, Total: 2822334 ns
[2022-12-08T05:55:30.741+0000][7][gc,heap,exit] Heap
[2022-12-08T05:55:30.743+0000][7][gc,heap,exit]  garbage-first heap   total 524288K, used 157184K [0x00000000e0000000, 0x0000000100000000)
[2022-12-08T05:55:30.744+0000][7][gc,heap,exit]   region size 1024K, 106 young (108544K), 13 survivors (13312K)
[2022-12-08T05:55:30.747+0000][7][gc,heap,exit]  Metaspace       used 85813K, capacity 88786K, committed 89056K, reserved 1126400K
[2022-12-08T05:55:30.748+0000][7][gc,heap,exit]   class space    used 11346K, capacity 12307K, committed 12356K, reserved 1048576K
