[2023-01-09T09:51:58.790+0000][7][gc] Using G1
[2023-01-09T09:51:58.987+0000][7][gc,init] Version: 15+36-1562 (release)
[2023-01-09T09:51:58.988+0000][7][gc,init] CPUs: 4 total, 4 available
[2023-01-09T09:51:58.990+0000][7][gc,init] Memory: 7951M
[2023-01-09T09:51:58.990+0000][7][gc,init] Large Page Support: Disabled
[2023-01-09T09:51:58.992+0000][7][gc,init] NUMA Support: Disabled
[2023-01-09T09:51:58.993+0000][7][gc,init] Compressed Oops: Enabled (32-bit)
[2023-01-09T09:51:58.993+0000][7][gc,init] Heap Region Size: 1M
[2023-01-09T09:51:58.994+0000][7][gc,init] Heap Min Capacity: 512M
[2023-01-09T09:51:58.995+0000][7][gc,init] Heap Initial Capacity: 512M
[2023-01-09T09:51:58.996+0000][7][gc,init] Heap Max Capacity: 512M
[2023-01-09T09:51:58.997+0000][7][gc,init] Pre-touch: Enabled
[2023-01-09T09:51:58.998+0000][7][gc,init] Parallel Workers: 4
[2023-01-09T09:51:58.999+0000][7][gc,init] Concurrent Workers: 1
[2023-01-09T09:51:59.000+0000][7][gc,init] Concurrent Refinement Workers: 4
[2023-01-09T09:51:59.000+0000][7][gc,init] Periodic GC: Disabled
[2023-01-09T09:51:59.002+0000][7][gc,metaspace] CDS disabled.
[2023-01-09T09:51:59.002+0000][7][gc,metaspace] Compressed class space mapped at: 0x0000000100000000-0x0000000140000000, size: 1073741824
[2023-01-09T09:51:59.003+0000][7][gc,metaspace] Narrow klass base: 0x0000000000000000, Narrow klass shift: 3, Narrow klass range: 0x140000000
[2023-01-09T09:51:59.333+0000][7][safepoint   ] Safepoint "ICBufferFull", Time since last: 292510708 ns, Reaching safepoint: 8219708 ns, At safepoint: 7584 ns, Total: 8227292 ns
[2023-01-09T09:51:59.593+0000][7][safepoint   ] Safepoint "ICBufferFull", Time since last: 259999208 ns, Reaching safepoint: 71459 ns, At safepoint: 1916 ns, Total: 73375 ns
[2023-01-09T09:51:59.833+0000][7][safepoint   ] Safepoint "ICBufferFull", Time since last: 238850417 ns, Reaching safepoint: 401875 ns, At safepoint: 2250 ns, Total: 404125 ns
[2023-01-09T09:51:59.964+0000][7][gc,start    ] GC(0) Pause Young (Normal) (G1 Evacuation Pause)
[2023-01-09T09:51:59.983+0000][7][gc,task     ] GC(0) Using 4 workers of 4 for evacuation
[2023-01-09T09:51:59.984+0000][7][gc,age      ] GC(0) Desired survivor size 2097152 bytes, new threshold 15 (max threshold 15)
[2023-01-09T09:51:59.992+0000][7][gc,age      ] GC(0) Age table with threshold 15 (max threshold 15)
[2023-01-09T09:51:59.994+0000][7][gc,age      ] GC(0) - age   1:    3912496 bytes,    3912496 total
[2023-01-09T09:51:59.994+0000][7][gc,phases   ] GC(0)   Pre Evacuate Collection Set: 0.1ms
[2023-01-09T09:51:59.995+0000][7][gc,phases   ] GC(0)   Merge Heap Roots: 0.0ms
[2023-01-09T09:51:59.996+0000][7][gc,phases   ] GC(0)   Evacuate Collection Set: 7.3ms
[2023-01-09T09:51:59.997+0000][7][gc,phases   ] GC(0)   Post Evacuate Collection Set: 0.5ms
[2023-01-09T09:51:59.997+0000][7][gc,phases   ] GC(0)   Other: 22.9ms
[2023-01-09T09:51:59.998+0000][7][gc,heap     ] GC(0) Eden regions: 25->0(25)
[2023-01-09T09:51:59.999+0000][7][gc,heap     ] GC(0) Survivor regions: 0->4(4)
[2023-01-09T09:52:00.000+0000][7][gc,heap     ] GC(0) Old regions: 0->0
[2023-01-09T09:52:00.000+0000][7][gc,heap     ] GC(0) Archive regions: 0->0
[2023-01-09T09:52:00.001+0000][7][gc,heap     ] GC(0) Humongous regions: 1->1
[2023-01-09T09:52:00.002+0000][7][gc,metaspace] GC(0) Metaspace: 15736K(16128K)->15736K(16128K) NonClass: 14145K(14336K)->14145K(14336K) Class: 1590K(1792K)->1590K(1792K)
[2023-01-09T09:52:00.003+0000][7][gc          ] GC(0) Pause Young (Normal) (G1 Evacuation Pause) 26M->4M(512M) 39.064ms
[2023-01-09T09:52:00.004+0000][7][gc,cpu      ] GC(0) User=0.03s Sys=0.00s Real=0.04s
[2023-01-09T09:52:00.004+0000][7][safepoint   ] Safepoint "G1CollectForAllocation", Time since last: 131027042 ns, Reaching safepoint: 46291 ns, At safepoint: 40586917 ns, Total: 40633208 ns
[2023-01-09T09:52:00.661+0000][7][safepoint   ] Safepoint "ICBufferFull", Time since last: 656276542 ns, Reaching safepoint: 781000 ns, At safepoint: 8208 ns, Total: 789208 ns
[2023-01-09T09:52:00.879+0000][7][gc,start    ] GC(1) Pause Young (Concurrent Start) (Metadata GC Threshold)
[2023-01-09T09:52:00.881+0000][7][gc,task     ] GC(1) Using 4 workers of 4 for evacuation
[2023-01-09T09:52:00.883+0000][7][gc,age      ] GC(1) Desired survivor size 2097152 bytes, new threshold 1 (max threshold 15)
[2023-01-09T09:52:00.905+0000][7][gc,age      ] GC(1) Age table with threshold 1 (max threshold 15)
[2023-01-09T09:52:00.906+0000][7][gc,age      ] GC(1) - age   1:    2136376 bytes,    2136376 total
[2023-01-09T09:52:00.907+0000][7][gc,phases   ] GC(1)   Pre Evacuate Collection Set: 0.1ms
[2023-01-09T09:52:00.907+0000][7][gc,phases   ] GC(1)   Merge Heap Roots: 0.0ms
[2023-01-09T09:52:00.908+0000][7][gc,phases   ] GC(1)   Evacuate Collection Set: 20.1ms
[2023-01-09T09:52:00.909+0000][7][gc,phases   ] GC(1)   Post Evacuate Collection Set: 0.5ms
[2023-01-09T09:52:00.910+0000][7][gc,phases   ] GC(1)   Other: 7.2ms
[2023-01-09T09:52:00.911+0000][7][gc,heap     ] GC(1) Eden regions: 22->0(33)
[2023-01-09T09:52:00.912+0000][7][gc,heap     ] GC(1) Survivor regions: 4->3(4)
[2023-01-09T09:52:00.912+0000][7][gc,heap     ] GC(1) Old regions: 0->4
[2023-01-09T09:52:00.913+0000][7][gc,heap     ] GC(1) Archive regions: 0->0
[2023-01-09T09:52:00.914+0000][7][gc,heap     ] GC(1) Humongous regions: 1->1
[2023-01-09T09:52:00.915+0000][7][gc,metaspace] GC(1) Metaspace: 20646K(21248K)->20646K(21248K) NonClass: 18418K(18944K)->18418K(18944K) Class: 2228K(2304K)->2228K(2304K)
[2023-01-09T09:52:00.915+0000][7][gc          ] GC(1) Pause Young (Concurrent Start) (Metadata GC Threshold) 26M->7M(512M) 36.611ms
[2023-01-09T09:52:00.916+0000][7][gc,cpu      ] GC(1) User=0.01s Sys=0.00s Real=0.04s
[2023-01-09T09:52:00.917+0000][7][gc          ] GC(2) Concurrent Cycle
[2023-01-09T09:52:00.918+0000][7][gc,marking  ] GC(2) Concurrent Clear Claimed Marks
[2023-01-09T09:52:00.918+0000][7][gc,marking  ] GC(2) Concurrent Clear Claimed Marks 0.804ms
[2023-01-09T09:52:00.919+0000][7][gc,marking  ] GC(2) Concurrent Scan Root Regions
[2023-01-09T09:52:00.918+0000][7][safepoint   ] Safepoint "CollectForMetadataAllocation", Time since last: 209157959 ns, Reaching safepoint: 8316875 ns, At safepoint: 38966042 ns, Total: 47282917 ns
[2023-01-09T09:52:00.922+0000][7][gc,marking  ] GC(2) Concurrent Scan Root Regions 2.477ms
[2023-01-09T09:52:00.922+0000][7][gc,marking  ] GC(2) Concurrent Mark (2.148s)
[2023-01-09T09:52:00.923+0000][7][gc,marking  ] GC(2) Concurrent Mark From Roots
[2023-01-09T09:52:00.924+0000][7][gc,task     ] GC(2) Using 1 workers of 1 for marking
[2023-01-09T09:52:00.937+0000][7][gc,marking  ] GC(2) Concurrent Mark From Roots 13.926ms
[2023-01-09T09:52:00.938+0000][7][gc,marking  ] GC(2) Concurrent Preclean
[2023-01-09T09:52:00.939+0000][7][gc,marking  ] GC(2) Concurrent Preclean 0.761ms
[2023-01-09T09:52:00.940+0000][7][gc,marking  ] GC(2) Concurrent Mark (2.148s, 2.166s) 17.263ms
[2023-01-09T09:52:00.945+0000][7][gc,start    ] GC(2) Pause Remark
[2023-01-09T09:52:00.947+0000][7][gc          ] GC(2) Pause Remark 7M->7M(512M) 2.198ms
[2023-01-09T09:52:00.950+0000][7][gc,cpu      ] GC(2) User=0.00s Sys=0.00s Real=0.00s
[2023-01-09T09:52:00.951+0000][7][safepoint   ] Safepoint "G1Concurrent", Time since last: 27451583 ns, Reaching safepoint: 47125 ns, At safepoint: 5958667 ns, Total: 6005792 ns
[2023-01-09T09:52:00.954+0000][7][gc,marking  ] GC(2) Concurrent Rebuild Remembered Sets
[2023-01-09T09:52:00.957+0000][7][gc,marking  ] GC(2) Concurrent Rebuild Remembered Sets 2.274ms
[2023-01-09T09:52:00.958+0000][7][gc,start    ] GC(2) Pause Cleanup
[2023-01-09T09:52:00.959+0000][7][gc          ] GC(2) Pause Cleanup 7M->7M(512M) 0.701ms
[2023-01-09T09:52:00.959+0000][7][gc,cpu      ] GC(2) User=0.00s Sys=0.00s Real=0.00s
[2023-01-09T09:52:00.960+0000][7][safepoint   ] Safepoint "G1Concurrent", Time since last: 6372541 ns, Reaching safepoint: 431292 ns, At safepoint: 2443667 ns, Total: 2874959 ns
[2023-01-09T09:52:00.962+0000][7][gc,marking  ] GC(2) Concurrent Cleanup for Next Mark
[2023-01-09T09:52:00.963+0000][7][gc,marking  ] GC(2) Concurrent Cleanup for Next Mark 1.460ms
[2023-01-09T09:52:00.966+0000][7][gc          ] GC(2) Concurrent Cycle 49.064ms
[2023-01-09T09:52:01.556+0000][7][gc,start    ] GC(3) Pause Young (Normal) (G1 Evacuation Pause)
[2023-01-09T09:52:01.558+0000][7][gc,task     ] GC(3) Using 4 workers of 4 for evacuation
[2023-01-09T09:52:01.559+0000][7][gc,age      ] GC(3) Desired survivor size 2621440 bytes, new threshold 15 (max threshold 15)
[2023-01-09T09:52:01.574+0000][7][gc,age      ] GC(3) Age table with threshold 15 (max threshold 15)
[2023-01-09T09:52:01.575+0000][7][gc,age      ] GC(3) - age   1:    2952832 bytes,    2952832 total
[2023-01-09T09:52:01.576+0000][7][gc,age      ] GC(3) - age   2:    2115544 bytes,    5068376 total
[2023-01-09T09:52:01.576+0000][7][gc,phases   ] GC(3)   Pre Evacuate Collection Set: 0.2ms
[2023-01-09T09:52:01.577+0000][7][gc,phases   ] GC(3)   Merge Heap Roots: 0.0ms
[2023-01-09T09:52:01.578+0000][7][gc,phases   ] GC(3)   Evacuate Collection Set: 13.3ms
[2023-01-09T09:52:01.579+0000][7][gc,phases   ] GC(3)   Post Evacuate Collection Set: 0.4ms
[2023-01-09T09:52:01.580+0000][7][gc,phases   ] GC(3)   Other: 6.2ms
[2023-01-09T09:52:01.581+0000][7][gc,heap     ] GC(3) Eden regions: 34->0(173)
[2023-01-09T09:52:01.582+0000][7][gc,heap     ] GC(3) Survivor regions: 3->5(5)
[2023-01-09T09:52:01.583+0000][7][gc,heap     ] GC(3) Old regions: 4->4
[2023-01-09T09:52:01.584+0000][7][gc,heap     ] GC(3) Archive regions: 0->0
[2023-01-09T09:52:01.585+0000][7][gc,heap     ] GC(3) Humongous regions: 1->1
[2023-01-09T09:52:01.586+0000][7][gc,metaspace] GC(3) Metaspace: 22398K(23040K)->22398K(23040K) NonClass: 19978K(20480K)->19978K(20480K) Class: 2419K(2560K)->2419K(2560K)
[2023-01-09T09:52:01.587+0000][7][gc          ] GC(3) Pause Young (Normal) (G1 Evacuation Pause) 41M->9M(512M) 30.295ms
[2023-01-09T09:52:01.587+0000][7][gc,cpu      ] GC(3) User=0.01s Sys=0.00s Real=0.03s
[2023-01-09T09:52:01.588+0000][7][safepoint   ] Safepoint "G1CollectForAllocation", Time since last: 594288958 ns, Reaching safepoint: 1570500 ns, At safepoint: 31930959 ns, Total: 33501459 ns
[2023-01-09T09:52:01.661+0000][7][safepoint   ] Safepoint "ICBufferFull", Time since last: 72586958 ns, Reaching safepoint: 371583 ns, At safepoint: 2125 ns, Total: 373708 ns
[2023-01-09T09:52:01.666+0000][7][safepoint   ] Safepoint "ICBufferFull", Time since last: 5086084 ns, Reaching safepoint: 97416 ns, At safepoint: 2875 ns, Total: 100291 ns
[2023-01-09T09:52:01.677+0000][7][safepoint   ] Safepoint "ICBufferFull", Time since last: 3705250 ns, Reaching safepoint: 7233625 ns, At safepoint: 3584 ns, Total: 7237209 ns
[2023-01-09T09:52:01.680+0000][7][safepoint   ] Safepoint "ICBufferFull", Time since last: 2861791 ns, Reaching safepoint: 107375 ns, At safepoint: 1750 ns, Total: 109125 ns
[2023-01-09T09:52:01.683+0000][7][safepoint   ] Safepoint "ICBufferFull", Time since last: 2214000 ns, Reaching safepoint: 71875 ns, At safepoint: 1584 ns, Total: 73459 ns
[2023-01-09T09:52:01.691+0000][7][safepoint   ] Safepoint "ICBufferFull", Time since last: 7578041 ns, Reaching safepoint: 1081584 ns, At safepoint: 3208 ns, Total: 1084792 ns
[2023-01-09T09:52:01.698+0000][7][safepoint   ] Safepoint "ICBufferFull", Time since last: 6798583 ns, Reaching safepoint: 117625 ns, At safepoint: 2417 ns, Total: 120042 ns
[2023-01-09T09:52:01.704+0000][7][safepoint   ] Safepoint "ICBufferFull", Time since last: 5162042 ns, Reaching safepoint: 164416 ns, At safepoint: 2542 ns, Total: 166958 ns
[2023-01-09T09:52:01.706+0000][7][safepoint   ] Safepoint "ICBufferFull", Time since last: 2363833 ns, Reaching safepoint: 188792 ns, At safepoint: 2750 ns, Total: 191542 ns
[2023-01-09T09:52:01.709+0000][7][safepoint   ] Safepoint "ICBufferFull", Time since last: 2438458 ns, Reaching safepoint: 37584 ns, At safepoint: 1875 ns, Total: 39459 ns
[2023-01-09T09:52:01.712+0000][7][safepoint   ] Safepoint "ICBufferFull", Time since last: 1838583 ns, Reaching safepoint: 1192375 ns, At safepoint: 2417 ns, Total: 1194792 ns
[2023-01-09T09:52:01.716+0000][7][safepoint   ] Safepoint "ICBufferFull", Time since last: 3130750 ns, Reaching safepoint: 978583 ns, At safepoint: 5542 ns, Total: 984125 ns
[2023-01-09T09:52:01.719+0000][7][safepoint   ] Safepoint "ICBufferFull", Time since last: 2923916 ns, Reaching safepoint: 624334 ns, At safepoint: 5458 ns, Total: 629792 ns
[2023-01-09T09:52:01.721+0000][7][safepoint   ] Safepoint "ICBufferFull", Time since last: 2112542 ns, Reaching safepoint: 119041 ns, At safepoint: 1417 ns, Total: 120458 ns
[2023-01-09T09:52:01.724+0000][7][safepoint   ] Safepoint "ICBufferFull", Time since last: 1910792 ns, Reaching safepoint: 861125 ns, At safepoint: 7625 ns, Total: 868750 ns
[2023-01-09T09:52:01.727+0000][7][safepoint   ] Safepoint "ICBufferFull", Time since last: 2896125 ns, Reaching safepoint: 142333 ns, At safepoint: 1500 ns, Total: 143833 ns
[2023-01-09T09:52:01.729+0000][7][safepoint   ] Safepoint "ICBufferFull", Time since last: 1921417 ns, Reaching safepoint: 115458 ns, At safepoint: 1125 ns, Total: 116583 ns
[2023-01-09T09:52:01.731+0000][7][safepoint   ] Safepoint "ICBufferFull", Time since last: 1689000 ns, Reaching safepoint: 200167 ns, At safepoint: 1750 ns, Total: 201917 ns
[2023-01-09T09:52:01.733+0000][7][safepoint   ] Safepoint "ICBufferFull", Time since last: 1444500 ns, Reaching safepoint: 551875 ns, At safepoint: 8458 ns, Total: 560333 ns
[2023-01-09T09:52:01.736+0000][7][safepoint   ] Safepoint "ICBufferFull", Time since last: 2313625 ns, Reaching safepoint: 480917 ns, At safepoint: 1791 ns, Total: 482708 ns
[2023-01-09T09:52:01.741+0000][7][safepoint   ] Safepoint "ICBufferFull", Time since last: 4521500 ns, Reaching safepoint: 667042 ns, At safepoint: 9292 ns, Total: 676334 ns
[2023-01-09T09:52:01.749+0000][7][safepoint   ] Safepoint "ICBufferFull", Time since last: 5760416 ns, Reaching safepoint: 2034750 ns, At safepoint: 10209 ns, Total: 2044959 ns
[2023-01-09T09:52:01.751+0000][7][safepoint   ] Safepoint "ICBufferFull", Time since last: 2211375 ns, Reaching safepoint: 126458 ns, At safepoint: 1625 ns, Total: 128083 ns
[2023-01-09T09:52:01.753+0000][7][safepoint   ] Safepoint "ICBufferFull", Time since last: 1642583 ns, Reaching safepoint: 436167 ns, At safepoint: 7667 ns, Total: 443834 ns
[2023-01-09T09:52:01.763+0000][7][safepoint   ] Safepoint "ICBufferFull", Time since last: 1534458 ns, Reaching safepoint: 8164417 ns, At safepoint: 70541 ns, Total: 8234958 ns
[2023-01-09T09:52:01.766+0000][7][safepoint   ] Safepoint "ICBufferFull", Time since last: 2830500 ns, Reaching safepoint: 35792 ns, At safepoint: 1542 ns, Total: 37334 ns
[2023-01-09T09:52:01.775+0000][7][safepoint   ] Safepoint "ICBufferFull", Time since last: 6011791 ns, Reaching safepoint: 3059209 ns, At safepoint: 8958 ns, Total: 3068167 ns
[2023-01-09T09:52:01.785+0000][7][safepoint   ] Safepoint "ICBufferFull", Time since last: 2291708 ns, Reaching safepoint: 7716667 ns, At safepoint: 11417 ns, Total: 7728084 ns
[2023-01-09T09:52:01.793+0000][7][safepoint   ] Safepoint "ICBufferFull", Time since last: 2147500 ns, Reaching safepoint: 6014791 ns, At safepoint: 14167 ns, Total: 6028958 ns
[2023-01-09T09:52:01.801+0000][7][safepoint   ] Safepoint "ICBufferFull", Time since last: 1717417 ns, Reaching safepoint: 5703416 ns, At safepoint: 9959 ns, Total: 5713375 ns
[2023-01-09T09:52:01.808+0000][7][safepoint   ] Safepoint "ICBufferFull", Time since last: 2048375 ns, Reaching safepoint: 5328333 ns, At safepoint: 8750 ns, Total: 5337083 ns
[2023-01-09T09:52:01.813+0000][7][safepoint   ] Safepoint "ICBufferFull", Time since last: 1755333 ns, Reaching safepoint: 3312250 ns, At safepoint: 7334 ns, Total: 3319584 ns
[2023-01-09T09:52:01.818+0000][7][safepoint   ] Safepoint "ICBufferFull", Time since last: 2268333 ns, Reaching safepoint: 2805500 ns, At safepoint: 10958 ns, Total: 2816458 ns
[2023-01-09T09:52:01.822+0000][7][safepoint   ] Safepoint "ICBufferFull", Time since last: 3077500 ns, Reaching safepoint: 133125 ns, At safepoint: 1625 ns, Total: 134750 ns
[2023-01-09T09:52:01.827+0000][7][safepoint   ] Safepoint "ICBufferFull", Time since last: 2278667 ns, Reaching safepoint: 3406292 ns, At safepoint: 3583 ns, Total: 3409875 ns
[2023-01-09T09:52:01.833+0000][7][safepoint   ] Safepoint "ICBufferFull", Time since last: 2016500 ns, Reaching safepoint: 3255417 ns, At safepoint: 5000 ns, Total: 3260417 ns
[2023-01-09T09:52:01.838+0000][7][safepoint   ] Safepoint "ICBufferFull", Time since last: 5492750 ns, Reaching safepoint: 387291 ns, At safepoint: 1917 ns, Total: 389208 ns
[2023-01-09T09:52:01.841+0000][7][safepoint   ] Safepoint "ICBufferFull", Time since last: 2657208 ns, Reaching safepoint: 146000 ns, At safepoint: 1750 ns, Total: 147750 ns
[2023-01-09T09:52:01.847+0000][7][safepoint   ] Safepoint "ICBufferFull", Time since last: 5883667 ns, Reaching safepoint: 135042 ns, At safepoint: 1833 ns, Total: 136875 ns
[2023-01-09T09:52:01.849+0000][7][safepoint   ] Safepoint "ICBufferFull", Time since last: 1581625 ns, Reaching safepoint: 206417 ns, At safepoint: 1458 ns, Total: 207875 ns
[2023-01-09T09:52:01.855+0000][7][safepoint   ] Safepoint "ICBufferFull", Time since last: 2433125 ns, Reaching safepoint: 3805458 ns, At safepoint: 2917 ns, Total: 3808375 ns
[2023-01-09T09:52:01.859+0000][7][safepoint   ] Safepoint "ICBufferFull", Time since last: 2159833 ns, Reaching safepoint: 1818542 ns, At safepoint: 7000 ns, Total: 1825542 ns
[2023-01-09T09:52:01.861+0000][7][safepoint   ] Safepoint "ICBufferFull", Time since last: 1532292 ns, Reaching safepoint: 122458 ns, At safepoint: 5000 ns, Total: 127458 ns
[2023-01-09T09:52:01.862+0000][7][safepoint   ] Safepoint "ICBufferFull", Time since last: 758083 ns, Reaching safepoint: 108917 ns, At safepoint: 4458 ns, Total: 113375 ns
[2023-01-09T09:52:01.863+0000][7][safepoint   ] Safepoint "ICBufferFull", Time since last: 784667 ns, Reaching safepoint: 105958 ns, At safepoint: 44625 ns, Total: 150583 ns
[2023-01-09T09:52:01.864+0000][7][safepoint   ] Safepoint "ICBufferFull", Time since last: 822625 ns, Reaching safepoint: 324417 ns, At safepoint: 1875 ns, Total: 326292 ns
[2023-01-09T09:52:01.865+0000][7][safepoint   ] Safepoint "ICBufferFull", Time since last: 816125 ns, Reaching safepoint: 232500 ns, At safepoint: 1167 ns, Total: 233667 ns
[2023-01-09T09:52:01.866+0000][7][safepoint   ] Safepoint "ICBufferFull", Time since last: 815500 ns, Reaching safepoint: 121416 ns, At safepoint: 959 ns, Total: 122375 ns
[2023-01-09T09:52:01.867+0000][7][safepoint   ] Safepoint "ICBufferFull", Time since last: 797083 ns, Reaching safepoint: 318583 ns, At safepoint: 1042 ns, Total: 319625 ns
[2023-01-09T09:52:01.868+0000][7][safepoint   ] Safepoint "ICBufferFull", Time since last: 701958 ns, Reaching safepoint: 171125 ns, At safepoint: 1084 ns, Total: 172209 ns
[2023-01-09T09:52:01.869+0000][7][safepoint   ] Safepoint "ICBufferFull", Time since last: 822041 ns, Reaching safepoint: 115167 ns, At safepoint: 5167 ns, Total: 120334 ns
[2023-01-09T09:52:01.870+0000][7][safepoint   ] Safepoint "ICBufferFull", Time since last: 1118375 ns, Reaching safepoint: 122375 ns, At safepoint: 4708 ns, Total: 127083 ns
[2023-01-09T09:52:01.871+0000][7][safepoint   ] Safepoint "ICBufferFull", Time since last: 1077583 ns, Reaching safepoint: 218250 ns, At safepoint: 1959 ns, Total: 220209 ns
[2023-01-09T09:52:01.873+0000][7][safepoint   ] Safepoint "ICBufferFull", Time since last: 912291 ns, Reaching safepoint: 966625 ns, At safepoint: 2959 ns, Total: 969584 ns
[2023-01-09T09:52:01.877+0000][7][safepoint   ] Safepoint "ICBufferFull", Time since last: 952708 ns, Reaching safepoint: 3236417 ns, At safepoint: 6333 ns, Total: 3242750 ns
[2023-01-09T09:52:01.879+0000][7][safepoint   ] Safepoint "ICBufferFull", Time since last: 1014208 ns, Reaching safepoint: 155000 ns, At safepoint: 6000 ns, Total: 161000 ns
[2023-01-09T09:52:01.879+0000][7][safepoint   ] Safepoint "ICBufferFull", Time since last: 807209 ns, Reaching safepoint: 30958 ns, At safepoint: 6583 ns, Total: 37541 ns
[2023-01-09T09:52:01.880+0000][7][safepoint   ] Safepoint "ICBufferFull", Time since last: 813084 ns, Reaching safepoint: 83333 ns, At safepoint: 6167 ns, Total: 89500 ns
[2023-01-09T09:52:01.881+0000][7][safepoint   ] Safepoint "ICBufferFull", Time since last: 942291 ns, Reaching safepoint: 108667 ns, At safepoint: 5958 ns, Total: 114625 ns
[2023-01-09T09:52:01.883+0000][7][safepoint   ] Safepoint "ICBufferFull", Time since last: 1340417 ns, Reaching safepoint: 165375 ns, At safepoint: 2042 ns, Total: 167417 ns
[2023-01-09T09:52:01.893+0000][7][safepoint   ] Safepoint "ICBufferFull", Time since last: 911750 ns, Reaching safepoint: 9580125 ns, At safepoint: 9083 ns, Total: 9589208 ns
[2023-01-09T09:52:01.895+0000][7][safepoint   ] Safepoint "ICBufferFull", Time since last: 1290708 ns, Reaching safepoint: 225959 ns, At safepoint: 3125 ns, Total: 229084 ns
[2023-01-09T09:52:01.897+0000][7][safepoint   ] Safepoint "ICBufferFull", Time since last: 1014083 ns, Reaching safepoint: 1116250 ns, At safepoint: 10250 ns, Total: 1126500 ns
[2023-01-09T09:52:01.898+0000][7][safepoint   ] Safepoint "ICBufferFull", Time since last: 939917 ns, Reaching safepoint: 41125 ns, At safepoint: 1916 ns, Total: 43041 ns
[2023-01-09T09:52:01.899+0000][7][safepoint   ] Safepoint "ICBufferFull", Time since last: 764459 ns, Reaching safepoint: 17333 ns, At safepoint: 1250 ns, Total: 18583 ns
[2023-01-09T09:52:01.900+0000][7][safepoint   ] Safepoint "ICBufferFull", Time since last: 782583 ns, Reaching safepoint: 15584 ns, At safepoint: 2375 ns, Total: 17959 ns
[2023-01-09T09:52:01.905+0000][7][safepoint   ] Safepoint "ICBufferFull", Time since last: 750666 ns, Reaching safepoint: 4999875 ns, At safepoint: 4959 ns, Total: 5004834 ns
[2023-01-09T09:52:01.909+0000][7][safepoint   ] Safepoint "ICBufferFull", Time since last: 1604166 ns, Reaching safepoint: 2261584 ns, At safepoint: 4083 ns, Total: 2265667 ns
[2023-01-09T09:52:01.910+0000][7][safepoint   ] Safepoint "ICBufferFull", Time since last: 834667 ns, Reaching safepoint: 300833 ns, At safepoint: 2583 ns, Total: 303416 ns
[2023-01-09T09:52:01.912+0000][7][safepoint   ] Safepoint "ICBufferFull", Time since last: 1199500 ns, Reaching safepoint: 871417 ns, At safepoint: 2667 ns, Total: 874084 ns
[2023-01-09T09:52:01.917+0000][7][safepoint   ] Safepoint "ICBufferFull", Time since last: 1347750 ns, Reaching safepoint: 3511041 ns, At safepoint: 52000 ns, Total: 3563041 ns
[2023-01-09T09:52:01.922+0000][7][safepoint   ] Safepoint "ICBufferFull", Time since last: 5049334 ns, Reaching safepoint: 32041 ns, At safepoint: 1584 ns, Total: 33625 ns
[2023-01-09T09:52:02.300+0000][7][safepoint   ] Safepoint "ICBufferFull", Time since last: 376911125 ns, Reaching safepoint: 168292 ns, At safepoint: 1750 ns, Total: 170042 ns
[2023-01-09T09:52:02.885+0000][7][gc,start    ] GC(4) Pause Young (Normal) (G1 Evacuation Pause)
[2023-01-09T09:52:02.886+0000][7][gc,task     ] GC(4) Using 4 workers of 4 for evacuation
[2023-01-09T09:52:02.887+0000][7][gc,age      ] GC(4) Desired survivor size 12058624 bytes, new threshold 15 (max threshold 15)
[2023-01-09T09:52:02.893+0000][7][gc,age      ] GC(4) Age table with threshold 15 (max threshold 15)
[2023-01-09T09:52:02.894+0000][7][gc,age      ] GC(4) - age   1:    4594144 bytes,    4594144 total
[2023-01-09T09:52:02.895+0000][7][gc,age      ] GC(4) - age   2:    1161560 bytes,    5755704 total
[2023-01-09T09:52:02.896+0000][7][gc,age      ] GC(4) - age   3:    2101216 bytes,    7856920 total
[2023-01-09T09:52:02.897+0000][7][gc,phases   ] GC(4)   Pre Evacuate Collection Set: 0.1ms
[2023-01-09T09:52:02.897+0000][7][gc,phases   ] GC(4)   Merge Heap Roots: 0.0ms
[2023-01-09T09:52:02.898+0000][7][gc,phases   ] GC(4)   Evacuate Collection Set: 5.4ms
[2023-01-09T09:52:02.899+0000][7][gc,phases   ] GC(4)   Post Evacuate Collection Set: 0.6ms
[2023-01-09T09:52:02.900+0000][7][gc,phases   ] GC(4)   Other: 6.0ms
[2023-01-09T09:52:02.900+0000][7][gc,heap     ] GC(4) Eden regions: 173->0(299)
[2023-01-09T09:52:02.901+0000][7][gc,heap     ] GC(4) Survivor regions: 5->8(23)
[2023-01-09T09:52:02.902+0000][7][gc,heap     ] GC(4) Old regions: 4->4
[2023-01-09T09:52:02.902+0000][7][gc,heap     ] GC(4) Archive regions: 0->0
[2023-01-09T09:52:02.903+0000][7][gc,heap     ] GC(4) Humongous regions: 2->1
[2023-01-09T09:52:02.904+0000][7][gc,metaspace] GC(4) Metaspace: 25918K(26624K)->25918K(26624K) NonClass: 23027K(23552K)->23027K(23552K) Class: 2891K(3072K)->2891K(3072K)
[2023-01-09T09:52:02.905+0000][7][gc          ] GC(4) Pause Young (Normal) (G1 Evacuation Pause) 183M->12M(512M) 20.491ms
[2023-01-09T09:52:02.906+0000][7][gc,cpu      ] GC(4) User=0.01s Sys=0.00s Real=0.02s
[2023-01-09T09:52:02.906+0000][7][safepoint   ] Safepoint "G1CollectForAllocation", Time since last: 582698250 ns, Reaching safepoint: 2266208 ns, At safepoint: 21947042 ns, Total: 24213250 ns
[2023-01-09T09:52:03.126+0000][7][safepoint   ] Safepoint "ICBufferFull", Time since last: 219299667 ns, Reaching safepoint: 189666 ns, At safepoint: 1792 ns, Total: 191458 ns
[2023-01-09T09:52:03.830+0000][7][gc,start    ] GC(5) Pause Young (Normal) (G1 Evacuation Pause)
[2023-01-09T09:52:03.831+0000][7][gc,task     ] GC(5) Using 4 workers of 4 for evacuation
[2023-01-09T09:52:03.831+0000][7][gc,age      ] GC(5) Desired survivor size 20447232 bytes, new threshold 15 (max threshold 15)
[2023-01-09T09:52:03.840+0000][7][gc,age      ] GC(5) Age table with threshold 15 (max threshold 15)
[2023-01-09T09:52:03.841+0000][7][gc,age      ] GC(5) - age   1:    4072352 bytes,    4072352 total
[2023-01-09T09:52:03.842+0000][7][gc,age      ] GC(5) - age   2:    4320888 bytes,    8393240 total
[2023-01-09T09:52:03.842+0000][7][gc,age      ] GC(5) - age   3:    1161384 bytes,    9554624 total
[2023-01-09T09:52:03.843+0000][7][gc,age      ] GC(5) - age   4:    2101216 bytes,   11655840 total
[2023-01-09T09:52:03.846+0000][7][gc,phases   ] GC(5)   Pre Evacuate Collection Set: 0.1ms
[2023-01-09T09:52:03.848+0000][7][gc,phases   ] GC(5)   Merge Heap Roots: 0.0ms
[2023-01-09T09:52:03.849+0000][7][gc,phases   ] GC(5)   Evacuate Collection Set: 7.2ms
[2023-01-09T09:52:03.850+0000][7][gc,phases   ] GC(5)   Post Evacuate Collection Set: 0.6ms
[2023-01-09T09:52:03.851+0000][7][gc,phases   ] GC(5)   Other: 8.7ms
[2023-01-09T09:52:03.851+0000][7][gc,heap     ] GC(5) Eden regions: 299->0(295)
[2023-01-09T09:52:03.852+0000][7][gc,heap     ] GC(5) Survivor regions: 8->12(39)
[2023-01-09T09:52:03.853+0000][7][gc,heap     ] GC(5) Old regions: 4->4
[2023-01-09T09:52:03.854+0000][7][gc,heap     ] GC(5) Archive regions: 0->0
[2023-01-09T09:52:03.855+0000][7][gc,heap     ] GC(5) Humongous regions: 1->1
[2023-01-09T09:52:03.855+0000][7][gc,metaspace] GC(5) Metaspace: 27636K(28672K)->27636K(28672K) NonClass: 24553K(25344K)->24553K(25344K) Class: 3082K(3328K)->3082K(3328K)
[2023-01-09T09:52:03.856+0000][7][gc          ] GC(5) Pause Young (Normal) (G1 Evacuation Pause) 311M->16M(512M) 26.434ms
[2023-01-09T09:52:03.857+0000][7][gc,cpu      ] GC(5) User=0.01s Sys=0.00s Real=0.03s
[2023-01-09T09:52:03.858+0000][7][safepoint   ] Safepoint "G1CollectForAllocation", Time since last: 703456625 ns, Reaching safepoint: 164625 ns, At safepoint: 28371250 ns, Total: 28535875 ns
[2023-01-09T09:52:04.555+0000][7][gc,start    ] GC(6) Pause Young (Normal) (G1 Evacuation Pause)
[2023-01-09T09:52:04.556+0000][7][gc,task     ] GC(6) Using 4 workers of 4 for evacuation
[2023-01-09T09:52:04.556+0000][7][gc,age      ] GC(6) Desired survivor size 20447232 bytes, new threshold 15 (max threshold 15)
[2023-01-09T09:52:04.572+0000][7][gc,age      ] GC(6) Age table with threshold 15 (max threshold 15)
[2023-01-09T09:52:04.573+0000][7][gc,age      ] GC(6) - age   1:     956872 bytes,     956872 total
[2023-01-09T09:52:04.574+0000][7][gc,age      ] GC(6) - age   2:    3277984 bytes,    4234856 total
[2023-01-09T09:52:04.575+0000][7][gc,age      ] GC(6) - age   3:    4316584 bytes,    8551440 total
[2023-01-09T09:52:04.576+0000][7][gc,age      ] GC(6) - age   4:    1161240 bytes,    9712680 total
[2023-01-09T09:52:04.577+0000][7][gc,age      ] GC(6) - age   5:    2101216 bytes,   11813896 total
[2023-01-09T09:52:04.578+0000][7][gc,phases   ] GC(6)   Pre Evacuate Collection Set: 0.6ms
[2023-01-09T09:52:04.579+0000][7][gc,phases   ] GC(6)   Merge Heap Roots: 0.1ms
[2023-01-09T09:52:04.580+0000][7][gc,phases   ] GC(6)   Evacuate Collection Set: 13.3ms
[2023-01-09T09:52:04.581+0000][7][gc,phases   ] GC(6)   Post Evacuate Collection Set: 0.7ms
[2023-01-09T09:52:04.582+0000][7][gc,phases   ] GC(6)   Other: 8.4ms
[2023-01-09T09:52:04.585+0000][7][gc,heap     ] GC(6) Eden regions: 295->0(294)
[2023-01-09T09:52:04.586+0000][7][gc,heap     ] GC(6) Survivor regions: 12->13(39)
[2023-01-09T09:52:04.587+0000][7][gc,heap     ] GC(6) Old regions: 4->4
[2023-01-09T09:52:04.588+0000][7][gc,heap     ] GC(6) Archive regions: 0->0
[2023-01-09T09:52:04.589+0000][7][gc,heap     ] GC(6) Humongous regions: 1->1
[2023-01-09T09:52:04.590+0000][7][gc,metaspace] GC(6) Metaspace: 28000K(29056K)->28000K(29056K) NonClass: 24850K(25600K)->24850K(25600K) Class: 3150K(3456K)->3150K(3456K)
[2023-01-09T09:52:04.591+0000][7][gc          ] GC(6) Pause Young (Normal) (G1 Evacuation Pause) 311M->17M(512M) 36.300ms
[2023-01-09T09:52:04.592+0000][7][gc,cpu      ] GC(6) User=0.02s Sys=0.00s Real=0.03s
[2023-01-09T09:52:04.593+0000][7][safepoint   ] Safepoint "G1CollectForAllocation", Time since last: 696764626 ns, Reaching safepoint: 176166 ns, At safepoint: 38358584 ns, Total: 38534750 ns
[2023-01-09T09:52:05.169+0000][7][gc,start    ] GC(7) Pause Young (Normal) (G1 Evacuation Pause)
[2023-01-09T09:52:05.171+0000][7][gc,task     ] GC(7) Using 4 workers of 4 for evacuation
[2023-01-09T09:52:05.172+0000][7][gc,age      ] GC(7) Desired survivor size 20447232 bytes, new threshold 15 (max threshold 15)
[2023-01-09T09:52:05.191+0000][7][gc,age      ] GC(7) Age table with threshold 15 (max threshold 15)
[2023-01-09T09:52:05.192+0000][7][gc,age      ] GC(7) - age   1:    4160136 bytes,    4160136 total
[2023-01-09T09:52:05.193+0000][7][gc,age      ] GC(7) - age   2:     610816 bytes,    4770952 total
[2023-01-09T09:52:05.194+0000][7][gc,age      ] GC(7) - age   3:    3276208 bytes,    8047160 total
[2023-01-09T09:52:05.195+0000][7][gc,age      ] GC(7) - age   4:    4316144 bytes,   12363304 total
[2023-01-09T09:52:05.196+0000][7][gc,age      ] GC(7) - age   5:    1161240 bytes,   13524544 total
[2023-01-09T09:52:05.198+0000][7][gc,age      ] GC(7) - age   6:    2101216 bytes,   15625760 total
[2023-01-09T09:52:05.199+0000][7][gc,phases   ] GC(7)   Pre Evacuate Collection Set: 0.1ms
[2023-01-09T09:52:05.204+0000][7][gc,phases   ] GC(7)   Merge Heap Roots: 0.0ms
[2023-01-09T09:52:05.204+0000][7][gc,phases   ] GC(7)   Evacuate Collection Set: 14.5ms
[2023-01-09T09:52:05.205+0000][7][gc,phases   ] GC(7)   Post Evacuate Collection Set: 1.5ms
[2023-01-09T09:52:05.207+0000][7][gc,phases   ] GC(7)   Other: 13.7ms
[2023-01-09T09:52:05.207+0000][7][gc,heap     ] GC(7) Eden regions: 294->0(291)
[2023-01-09T09:52:05.209+0000][7][gc,heap     ] GC(7) Survivor regions: 13->16(39)
[2023-01-09T09:52:05.210+0000][7][gc,heap     ] GC(7) Old regions: 4->4
[2023-01-09T09:52:05.211+0000][7][gc,heap     ] GC(7) Archive regions: 0->0
[2023-01-09T09:52:05.211+0000][7][gc,heap     ] GC(7) Humongous regions: 1->1
[2023-01-09T09:52:05.212+0000][7][gc,metaspace] GC(7) Metaspace: 28525K(29952K)->28525K(29952K) NonClass: 25294K(26368K)->25294K(26368K) Class: 3230K(3584K)->3230K(3584K)
[2023-01-09T09:52:05.213+0000][7][gc          ] GC(7) Pause Young (Normal) (G1 Evacuation Pause) 311M->20M(512M) 44.012ms
[2023-01-09T09:52:05.214+0000][7][gc,cpu      ] GC(7) User=0.03s Sys=0.01s Real=0.05s
[2023-01-09T09:52:05.217+0000][7][safepoint   ] Safepoint "G1CollectForAllocation", Time since last: 575691000 ns, Reaching safepoint: 311542 ns, At safepoint: 47700875 ns, Total: 48012417 ns
[2023-01-09T09:52:05.738+0000][7][safepoint   ] Safepoint "ICBufferFull", Time since last: 520695875 ns, Reaching safepoint: 676833 ns, At safepoint: 10292 ns, Total: 687125 ns
[2023-01-09T09:52:06.025+0000][7][gc,start    ] GC(8) Pause Young (Concurrent Start) (Metadata GC Threshold)
[2023-01-09T09:52:06.026+0000][7][gc,task     ] GC(8) Using 4 workers of 4 for evacuation
[2023-01-09T09:52:06.030+0000][7][gc,age      ] GC(8) Desired survivor size 20447232 bytes, new threshold 15 (max threshold 15)
[2023-01-09T09:52:06.050+0000][7][gc,age      ] GC(8) Age table with threshold 15 (max threshold 15)
[2023-01-09T09:52:06.051+0000][7][gc,age      ] GC(8) - age   1:    2117888 bytes,    2117888 total
[2023-01-09T09:52:06.053+0000][7][gc,age      ] GC(8) - age   2:    2263056 bytes,    4380944 total
[2023-01-09T09:52:06.054+0000][7][gc,age      ] GC(8) - age   3:     599968 bytes,    4980912 total
[2023-01-09T09:52:06.055+0000][7][gc,age      ] GC(8) - age   4:    3261184 bytes,    8242096 total
[2023-01-09T09:52:06.056+0000][7][gc,age      ] GC(8) - age   5:    4304912 bytes,   12547008 total
[2023-01-09T09:52:06.057+0000][7][gc,age      ] GC(8) - age   6:    1130952 bytes,   13677960 total
[2023-01-09T09:52:06.058+0000][7][gc,age      ] GC(8) - age   7:    2098480 bytes,   15776440 total
[2023-01-09T09:52:06.059+0000][7][gc,phases   ] GC(8)   Pre Evacuate Collection Set: 0.1ms
[2023-01-09T09:52:06.059+0000][7][gc,phases   ] GC(8)   Merge Heap Roots: 2.3ms
[2023-01-09T09:52:06.061+0000][7][gc,phases   ] GC(8)   Evacuate Collection Set: 16.3ms
[2023-01-09T09:52:06.061+0000][7][gc,phases   ] GC(8)   Post Evacuate Collection Set: 0.7ms
[2023-01-09T09:52:06.062+0000][7][gc,phases   ] GC(8)   Other: 14.5ms
[2023-01-09T09:52:06.063+0000][7][gc,heap     ] GC(8) Eden regions: 139->0(290)
[2023-01-09T09:52:06.064+0000][7][gc,heap     ] GC(8) Survivor regions: 16->17(39)
[2023-01-09T09:52:06.064+0000][7][gc,heap     ] GC(8) Old regions: 4->4
[2023-01-09T09:52:06.065+0000][7][gc,heap     ] GC(8) Archive regions: 0->0
[2023-01-09T09:52:06.066+0000][7][gc,heap     ] GC(8) Humongous regions: 1->1
[2023-01-09T09:52:06.067+0000][7][gc,metaspace] GC(8) Metaspace: 34045K(35584K)->34045K(35584K) NonClass: 30101K(31232K)->30101K(31232K) Class: 3944K(4352K)->3944K(4352K)
[2023-01-09T09:52:06.068+0000][7][gc          ] GC(8) Pause Young (Concurrent Start) (Metadata GC Threshold) 158M->21M(512M) 42.960ms
[2023-01-09T09:52:06.068+0000][7][gc,cpu      ] GC(8) User=0.01s Sys=0.00s Real=0.04s
[2023-01-09T09:52:06.069+0000][7][safepoint   ] Safepoint "CollectForMetadataAllocation", Time since last: 286122250 ns, Reaching safepoint: 152458 ns, At safepoint: 44600834 ns, Total: 44753292 ns
[2023-01-09T09:52:06.069+0000][7][gc          ] GC(9) Concurrent Cycle
[2023-01-09T09:52:06.070+0000][7][gc,marking  ] GC(9) Concurrent Clear Claimed Marks
[2023-01-09T09:52:06.071+0000][7][gc,marking  ] GC(9) Concurrent Clear Claimed Marks 0.671ms
[2023-01-09T09:52:06.072+0000][7][gc,marking  ] GC(9) Concurrent Scan Root Regions
[2023-01-09T09:52:06.077+0000][7][gc,marking  ] GC(9) Concurrent Scan Root Regions 4.707ms
[2023-01-09T09:52:06.078+0000][7][gc,marking  ] GC(9) Concurrent Mark (7.304s)
[2023-01-09T09:52:06.078+0000][7][gc,marking  ] GC(9) Concurrent Mark From Roots
[2023-01-09T09:52:06.079+0000][7][gc,task     ] GC(9) Using 1 workers of 1 for marking
[2023-01-09T09:52:06.086+0000][7][gc,marking  ] GC(9) Concurrent Mark From Roots 7.564ms
[2023-01-09T09:52:06.088+0000][7][gc,marking  ] GC(9) Concurrent Preclean
[2023-01-09T09:52:06.088+0000][7][gc,marking  ] GC(9) Concurrent Preclean 0.759ms
[2023-01-09T09:52:06.089+0000][7][gc,marking  ] GC(9) Concurrent Mark (7.304s, 7.316s) 11.523ms
[2023-01-09T09:52:06.091+0000][7][gc,start    ] GC(9) Pause Remark
[2023-01-09T09:52:06.101+0000][7][gc          ] GC(9) Pause Remark 21M->21M(512M) 10.512ms
[2023-01-09T09:52:06.103+0000][7][gc,cpu      ] GC(9) User=0.00s Sys=0.00s Real=0.01s
[2023-01-09T09:52:06.103+0000][7][safepoint   ] Safepoint "G1Concurrent", Time since last: 21151791 ns, Reaching safepoint: 236500 ns, At safepoint: 12663542 ns, Total: 12900042 ns
[2023-01-09T09:52:06.104+0000][7][gc,marking  ] GC(9) Concurrent Rebuild Remembered Sets
[2023-01-09T09:52:06.114+0000][7][gc,marking  ] GC(9) Concurrent Rebuild Remembered Sets 10.388ms
[2023-01-09T09:52:06.117+0000][7][gc,start    ] GC(9) Pause Cleanup
[2023-01-09T09:52:06.118+0000][7][gc          ] GC(9) Pause Cleanup 22M->22M(512M) 1.452ms
[2023-01-09T09:52:06.119+0000][7][gc,cpu      ] GC(9) User=0.00s Sys=0.00s Real=0.00s
[2023-01-09T09:52:06.120+0000][7][safepoint   ] Safepoint "G1Concurrent", Time since last: 12563583 ns, Reaching safepoint: 1137000 ns, At safepoint: 3452584 ns, Total: 4589584 ns
[2023-01-09T09:52:06.122+0000][7][gc,marking  ] GC(9) Concurrent Cleanup for Next Mark
[2023-01-09T09:52:06.127+0000][7][gc,marking  ] GC(9) Concurrent Cleanup for Next Mark 4.933ms
[2023-01-09T09:52:06.128+0000][7][gc          ] GC(9) Concurrent Cycle 58.908ms
[2023-01-09T09:52:07.094+0000][7][safepoint   ] Safepoint "ICBufferFull", Time since last: 973039084 ns, Reaching safepoint: 265750 ns, At safepoint: 2208 ns, Total: 267958 ns
[2023-01-09T09:52:08.109+0000][7][safepoint   ] Safepoint "Cleanup", Time since last: 1009544500 ns, Reaching safepoint: 5454084 ns, At safepoint: 5708 ns, Total: 5459792 ns
[2023-01-09T09:52:08.946+0000][7][safepoint   ] Safepoint "ICBufferFull", Time since last: 835733584 ns, Reaching safepoint: 1165958 ns, At safepoint: 3417 ns, Total: 1169375 ns
[2023-01-09T09:52:09.325+0000][7][safepoint   ] Safepoint "ICBufferFull", Time since last: 379435292 ns, Reaching safepoint: 231541 ns, At safepoint: 3125 ns, Total: 234666 ns
[2023-01-09T09:52:09.416+0000][7][gc,start    ] GC(10) Pause Young (Normal) (G1 Evacuation Pause)
[2023-01-09T09:52:09.420+0000][7][gc,task     ] GC(10) Using 4 workers of 4 for evacuation
[2023-01-09T09:52:09.421+0000][7][gc,age      ] GC(10) Desired survivor size 20447232 bytes, new threshold 15 (max threshold 15)
[2023-01-09T09:52:09.552+0000][7][gc,age      ] GC(10) Age table with threshold 15 (max threshold 15)
[2023-01-09T09:52:09.553+0000][7][gc,age      ] GC(10) - age   1:   25060880 bytes,   25060880 total
[2023-01-09T09:52:09.554+0000][7][gc,age      ] GC(10) - age   2:    2034096 bytes,   27094976 total
[2023-01-09T09:52:09.555+0000][7][gc,age      ] GC(10) - age   3:    2261528 bytes,   29356504 total
[2023-01-09T09:52:09.556+0000][7][gc,age      ] GC(10) - age   4:     594720 bytes,   29951224 total
[2023-01-09T09:52:09.556+0000][7][gc,age      ] GC(10) - age   5:    3249296 bytes,   33200520 total
[2023-01-09T09:52:09.557+0000][7][gc,age      ] GC(10) - age   6:    4277352 bytes,   37477872 total
[2023-01-09T09:52:09.559+0000][7][gc,age      ] GC(10) - age   7:    1110328 bytes,   38588200 total
[2023-01-09T09:52:09.563+0000][7][gc,age      ] GC(10) - age   8:    2090112 bytes,   40678312 total
[2023-01-09T09:52:09.567+0000][7][gc,phases   ] GC(10)   Pre Evacuate Collection Set: 0.1ms
[2023-01-09T09:52:09.569+0000][7][gc,phases   ] GC(10)   Merge Heap Roots: 0.1ms
[2023-01-09T09:52:09.576+0000][7][gc,phases   ] GC(10)   Evacuate Collection Set: 126.0ms
[2023-01-09T09:52:09.581+0000][7][gc,phases   ] GC(10)   Post Evacuate Collection Set: 3.8ms
[2023-01-09T09:52:09.582+0000][7][gc,phases   ] GC(10)   Other: 20.9ms
[2023-01-09T09:52:09.583+0000][7][gc,heap     ] GC(10) Eden regions: 290->0(268)
[2023-01-09T09:52:09.583+0000][7][gc,heap     ] GC(10) Survivor regions: 17->39(39)
[2023-01-09T09:52:09.584+0000][7][gc,heap     ] GC(10) Old regions: 4->9
[2023-01-09T09:52:09.585+0000][7][gc,heap     ] GC(10) Archive regions: 0->0
[2023-01-09T09:52:09.586+0000][7][gc,heap     ] GC(10) Humongous regions: 1->1
[2023-01-09T09:52:09.587+0000][7][gc,metaspace] GC(10) Metaspace: 43179K(45568K)->43179K(45568K) NonClass: 37943K(39680K)->37943K(39680K) Class: 5235K(5888K)->5235K(5888K)
[2023-01-09T09:52:09.588+0000][7][gc          ] GC(10) Pause Young (Normal) (G1 Evacuation Pause) 311M->48M(512M) 172.014ms
[2023-01-09T09:52:09.589+0000][7][gc,cpu      ] GC(10) User=0.07s Sys=0.00s Real=0.17s
[2023-01-09T09:52:09.590+0000][7][safepoint   ] Safepoint "G1CollectForAllocation", Time since last: 90941875 ns, Reaching safepoint: 63334 ns, At safepoint: 174059541 ns, Total: 174122875 ns
[2023-01-09T09:52:09.922+0000][7][safepoint   ] Safepoint "ICBufferFull", Time since last: 331492626 ns, Reaching safepoint: 121000 ns, At safepoint: 2125 ns, Total: 123125 ns
[2023-01-09T09:52:10.669+0000][7][safepoint   ] Safepoint "ICBufferFull", Time since last: 746263000 ns, Reaching safepoint: 491667 ns, At safepoint: 2625 ns, Total: 494292 ns
[2023-01-09T09:52:11.321+0000][7][gc,start    ] GC(11) Pause Young (Concurrent Start) (Metadata GC Threshold)
[2023-01-09T09:52:11.323+0000][7][gc,task     ] GC(11) Using 4 workers of 4 for evacuation
[2023-01-09T09:52:11.324+0000][7][gc,age      ] GC(11) Desired survivor size 20447232 bytes, new threshold 1 (max threshold 15)
[2023-01-09T09:52:11.392+0000][7][gc,age      ] GC(11) Age table with threshold 1 (max threshold 15)
[2023-01-09T09:52:11.393+0000][7][gc,age      ] GC(11) - age   1:    5396848 bytes,    5396848 total
[2023-01-09T09:52:11.394+0000][7][gc,phases   ] GC(11)   Pre Evacuate Collection Set: 0.1ms
[2023-01-09T09:52:11.394+0000][7][gc,phases   ] GC(11)   Merge Heap Roots: 0.2ms
[2023-01-09T09:52:11.395+0000][7][gc,phases   ] GC(11)   Evacuate Collection Set: 57.5ms
[2023-01-09T09:52:11.396+0000][7][gc,phases   ] GC(11)   Post Evacuate Collection Set: 9.1ms
[2023-01-09T09:52:11.397+0000][7][gc,phases   ] GC(11)   Other: 5.4ms
[2023-01-09T09:52:11.397+0000][7][gc,heap     ] GC(11) Eden regions: 106->0(291)
[2023-01-09T09:52:11.398+0000][7][gc,heap     ] GC(11) Survivor regions: 39->7(39)
[2023-01-09T09:52:11.399+0000][7][gc,heap     ] GC(11) Old regions: 9->48
[2023-01-09T09:52:11.399+0000][7][gc,heap     ] GC(11) Archive regions: 0->0
[2023-01-09T09:52:11.400+0000][7][gc,heap     ] GC(11) Humongous regions: 1->1
[2023-01-09T09:52:11.401+0000][7][gc,metaspace] GC(11) Metaspace: 56665K(59648K)->56665K(59648K) NonClass: 49353K(51456K)->49353K(51456K) Class: 7312K(8192K)->7312K(8192K)
[2023-01-09T09:52:11.401+0000][7][gc          ] GC(11) Pause Young (Concurrent Start) (Metadata GC Threshold) 154M->55M(512M) 80.006ms
[2023-01-09T09:52:11.402+0000][7][gc,cpu      ] GC(11) User=0.08s Sys=0.00s Real=0.08s
[2023-01-09T09:52:11.403+0000][7][safepoint   ] Safepoint "CollectForMetadataAllocation", Time since last: 649569167 ns, Reaching safepoint: 2957083 ns, At safepoint: 81341667 ns, Total: 84298750 ns
[2023-01-09T09:52:11.403+0000][7][gc          ] GC(12) Concurrent Cycle
[2023-01-09T09:52:11.406+0000][7][gc,marking  ] GC(12) Concurrent Clear Claimed Marks
[2023-01-09T09:52:11.406+0000][7][gc,marking  ] GC(12) Concurrent Clear Claimed Marks 0.738ms
[2023-01-09T09:52:11.407+0000][7][gc,marking  ] GC(12) Concurrent Scan Root Regions
[2023-01-09T09:52:11.491+0000][7][gc,marking  ] GC(12) Concurrent Scan Root Regions 83.130ms
[2023-01-09T09:52:11.492+0000][7][gc,marking  ] GC(12) Concurrent Mark (12.718s)
[2023-01-09T09:52:11.492+0000][7][gc,marking  ] GC(12) Concurrent Mark From Roots
[2023-01-09T09:52:11.493+0000][7][gc,task     ] GC(12) Using 1 workers of 1 for marking
[2023-01-09T09:52:11.516+0000][7][gc,marking  ] GC(12) Concurrent Mark From Roots 23.728ms
[2023-01-09T09:52:11.517+0000][7][gc,marking  ] GC(12) Concurrent Preclean
[2023-01-09T09:52:11.518+0000][7][gc,marking  ] GC(12) Concurrent Preclean 0.647ms
[2023-01-09T09:52:11.518+0000][7][gc,marking  ] GC(12) Concurrent Mark (12.718s, 12.745s) 26.898ms
[2023-01-09T09:52:11.520+0000][7][gc,start    ] GC(12) Pause Remark
[2023-01-09T09:52:11.530+0000][7][gc          ] GC(12) Pause Remark 61M->61M(512M) 9.421ms
[2023-01-09T09:52:11.531+0000][7][gc,cpu      ] GC(12) User=0.01s Sys=0.00s Real=0.01s
[2023-01-09T09:52:11.532+0000][7][safepoint   ] Safepoint "G1Concurrent", Time since last: 116569833 ns, Reaching safepoint: 1001917 ns, At safepoint: 11373458 ns, Total: 12375375 ns
[2023-01-09T09:52:11.533+0000][7][gc,marking  ] GC(12) Concurrent Rebuild Remembered Sets
[2023-01-09T09:52:11.615+0000][7][gc,marking  ] GC(12) Concurrent Rebuild Remembered Sets 82.229ms
[2023-01-09T09:52:11.621+0000][7][gc,start    ] GC(12) Pause Cleanup
[2023-01-09T09:52:11.622+0000][7][gc          ] GC(12) Pause Cleanup 62M->62M(512M) 0.910ms
[2023-01-09T09:52:11.622+0000][7][gc,cpu      ] GC(12) User=0.00s Sys=0.00s Real=0.00s
[2023-01-09T09:52:11.623+0000][7][safepoint   ] Safepoint "G1Concurrent", Time since last: 84276083 ns, Reaching safepoint: 4811500 ns, At safepoint: 2352209 ns, Total: 7163709 ns
[2023-01-09T09:52:11.624+0000][7][gc,marking  ] GC(12) Concurrent Cleanup for Next Mark
[2023-01-09T09:52:11.642+0000][7][gc,marking  ] GC(12) Concurrent Cleanup for Next Mark 18.767ms
[2023-01-09T09:52:11.644+0000][7][gc          ] GC(12) Concurrent Cycle 240.869ms
[2023-01-09T09:52:12.694+0000][7][safepoint   ] Safepoint "Cleanup", Time since last: 1070473459 ns, Reaching safepoint: 234958 ns, At safepoint: 1792 ns, Total: 236750 ns
[2023-01-09T09:52:12.929+0000][7][safepoint   ] Safepoint "ICBufferFull", Time since last: 235521541 ns, Reaching safepoint: 93875 ns, At safepoint: 2125 ns, Total: 96000 ns
[2023-01-09T09:52:13.364+0000][7][safepoint   ] Safepoint "ICBufferFull", Time since last: 433993917 ns, Reaching safepoint: 226250 ns, At safepoint: 2459 ns, Total: 228709 ns
[2023-01-09T09:52:14.299+0000][7][safepoint   ] Safepoint "ICBufferFull", Time since last: 933461625 ns, Reaching safepoint: 1745417 ns, At safepoint: 13166 ns, Total: 1758583 ns
[2023-01-09T09:52:14.732+0000][7][safepoint   ] Safepoint "ICBufferFull", Time since last: 430155084 ns, Reaching safepoint: 3081541 ns, At safepoint: 6875 ns, Total: 3088416 ns
[2023-01-09T09:52:15.305+0000][7][safepoint   ] Safepoint "ICBufferFull", Time since last: 572770209 ns, Reaching safepoint: 90917 ns, At safepoint: 5375 ns, Total: 96292 ns
[2023-01-09T09:52:15.775+0000][7][safepoint   ] Safepoint "ICBufferFull", Time since last: 467438208 ns, Reaching safepoint: 3034459 ns, At safepoint: 13583 ns, Total: 3048042 ns
[2023-01-09T09:52:16.097+0000][7][gc,heap,exit] Heap
[2023-01-09T09:52:16.098+0000][7][gc,heap,exit]  garbage-first heap   total 524288K, used 265728K [0x00000000e0000000, 0x0000000100000000)
[2023-01-09T09:52:16.099+0000][7][gc,heap,exit]   region size 1024K, 212 young (217088K), 7 survivors (7168K)
[2023-01-09T09:52:16.100+0000][7][gc,heap,exit]  Metaspace       used 86266K, capacity 89298K, committed 90148K, reserved 1126400K
[2023-01-09T09:52:16.101+0000][7][gc,heap,exit]   class space    used 11406K, capacity 12371K, committed 12416K, reserved 1048576K
