[2023-02-24T08:24:46.628+0000][7][gc] Using G1
[2023-02-24T08:24:46.815+0000][7][gc,init] Version: 15+36-1562 (release)
[2023-02-24T08:24:46.816+0000][7][gc,init] CPUs: 4 total, 4 available
[2023-02-24T08:24:46.817+0000][7][gc,init] Memory: 7951M
[2023-02-24T08:24:46.818+0000][7][gc,init] Large Page Support: Disabled
[2023-02-24T08:24:46.818+0000][7][gc,init] NUMA Support: Disabled
[2023-02-24T08:24:46.819+0000][7][gc,init] Compressed Oops: Enabled (32-bit)
[2023-02-24T08:24:46.820+0000][7][gc,init] Heap Region Size: 1M
[2023-02-24T08:24:46.821+0000][7][gc,init] Heap Min Capacity: 512M
[2023-02-24T08:24:46.822+0000][7][gc,init] Heap Initial Capacity: 512M
[2023-02-24T08:24:46.823+0000][7][gc,init] Heap Max Capacity: 512M
[2023-02-24T08:24:46.825+0000][7][gc,init] Pre-touch: Enabled
[2023-02-24T08:24:46.826+0000][7][gc,init] Parallel Workers: 4
[2023-02-24T08:24:46.826+0000][7][gc,init] Concurrent Workers: 1
[2023-02-24T08:24:46.827+0000][7][gc,init] Concurrent Refinement Workers: 4
[2023-02-24T08:24:46.828+0000][7][gc,init] Periodic GC: Disabled
[2023-02-24T08:24:46.829+0000][7][gc,metaspace] CDS disabled.
[2023-02-24T08:24:46.830+0000][7][gc,metaspace] Compressed class space mapped at: 0x0000000100000000-0x0000000140000000, size: 1073741824
[2023-02-24T08:24:46.830+0000][7][gc,metaspace] Narrow klass base: 0x0000000000000000, Narrow klass shift: 3, Narrow klass range: 0x140000000
[2023-02-24T08:24:47.158+0000][7][safepoint   ] Safepoint "ICBufferFull", Time since last: 311865875 ns, Reaching safepoint: 1204625 ns, At safepoint: 2417 ns, Total: 1207042 ns
[2023-02-24T08:24:47.438+0000][7][safepoint   ] Safepoint "ICBufferFull", Time since last: 279931709 ns, Reaching safepoint: 125583 ns, At safepoint: 2167 ns, Total: 127750 ns
[2023-02-24T08:24:47.744+0000][7][safepoint   ] Safepoint "ICBufferFull", Time since last: 305850625 ns, Reaching safepoint: 74625 ns, At safepoint: 1750 ns, Total: 76375 ns
[2023-02-24T08:24:47.838+0000][7][gc,start    ] GC(0) Pause Young (Normal) (G1 Evacuation Pause)
[2023-02-24T08:24:47.860+0000][7][gc,task     ] GC(0) Using 4 workers of 4 for evacuation
[2023-02-24T08:24:47.862+0000][7][gc,age      ] GC(0) Desired survivor size 2097152 bytes, new threshold 15 (max threshold 15)
[2023-02-24T08:24:47.876+0000][7][gc,age      ] GC(0) Age table with threshold 15 (max threshold 15)
[2023-02-24T08:24:47.878+0000][7][gc,age      ] GC(0) - age   1:    3928136 bytes,    3928136 total
[2023-02-24T08:24:47.878+0000][7][gc,phases   ] GC(0)   Pre Evacuate Collection Set: 0.4ms
[2023-02-24T08:24:47.879+0000][7][gc,phases   ] GC(0)   Merge Heap Roots: 0.0ms
[2023-02-24T08:24:47.881+0000][7][gc,phases   ] GC(0)   Evacuate Collection Set: 3.6ms
[2023-02-24T08:24:47.883+0000][7][gc,phases   ] GC(0)   Post Evacuate Collection Set: 9.0ms
[2023-02-24T08:24:47.883+0000][7][gc,phases   ] GC(0)   Other: 27.5ms
[2023-02-24T08:24:47.884+0000][7][gc,heap     ] GC(0) Eden regions: 25->0(25)
[2023-02-24T08:24:47.885+0000][7][gc,heap     ] GC(0) Survivor regions: 0->4(4)
[2023-02-24T08:24:47.887+0000][7][gc,heap     ] GC(0) Old regions: 0->0
[2023-02-24T08:24:47.888+0000][7][gc,heap     ] GC(0) Archive regions: 0->0
[2023-02-24T08:24:47.889+0000][7][gc,heap     ] GC(0) Humongous regions: 1->1
[2023-02-24T08:24:47.890+0000][7][gc,metaspace] GC(0) Metaspace: 15645K(16000K)->15645K(16000K) NonClass: 14063K(14336K)->14063K(14336K) Class: 1582K(1664K)->1582K(1664K)
[2023-02-24T08:24:47.892+0000][7][gc          ] GC(0) Pause Young (Normal) (G1 Evacuation Pause) 26M->4M(512M) 53.573ms
[2023-02-24T08:24:47.893+0000][7][gc,cpu      ] GC(0) User=0.03s Sys=0.01s Real=0.06s
[2023-02-24T08:24:47.894+0000][7][safepoint   ] Safepoint "G1CollectForAllocation", Time since last: 93374125 ns, Reaching safepoint: 118166 ns, At safepoint: 56001292 ns, Total: 56119458 ns
[2023-02-24T08:24:48.616+0000][7][safepoint   ] Safepoint "ICBufferFull", Time since last: 721974209 ns, Reaching safepoint: 87250 ns, At safepoint: 1583 ns, Total: 88833 ns
[2023-02-24T08:24:48.787+0000][7][gc,start    ] GC(1) Pause Young (Concurrent Start) (Metadata GC Threshold)
[2023-02-24T08:24:48.790+0000][7][gc,task     ] GC(1) Using 4 workers of 4 for evacuation
[2023-02-24T08:24:48.790+0000][7][gc,age      ] GC(1) Desired survivor size 2097152 bytes, new threshold 1 (max threshold 15)
[2023-02-24T08:24:48.807+0000][7][gc,age      ] GC(1) Age table with threshold 1 (max threshold 15)
[2023-02-24T08:24:48.808+0000][7][gc,age      ] GC(1) - age   1:    2146936 bytes,    2146936 total
[2023-02-24T08:24:48.809+0000][7][gc,phases   ] GC(1)   Pre Evacuate Collection Set: 0.1ms
[2023-02-24T08:24:48.810+0000][7][gc,phases   ] GC(1)   Merge Heap Roots: 0.0ms
[2023-02-24T08:24:48.810+0000][7][gc,phases   ] GC(1)   Evacuate Collection Set: 15.2ms
[2023-02-24T08:24:48.812+0000][7][gc,phases   ] GC(1)   Post Evacuate Collection Set: 0.5ms
[2023-02-24T08:24:48.812+0000][7][gc,phases   ] GC(1)   Other: 6.5ms
[2023-02-24T08:24:48.813+0000][7][gc,heap     ] GC(1) Eden regions: 23->0(34)
[2023-02-24T08:24:48.814+0000][7][gc,heap     ] GC(1) Survivor regions: 4->3(4)
[2023-02-24T08:24:48.815+0000][7][gc,heap     ] GC(1) Old regions: 0->4
[2023-02-24T08:24:48.816+0000][7][gc,heap     ] GC(1) Archive regions: 0->0
[2023-02-24T08:24:48.817+0000][7][gc,heap     ] GC(1) Humongous regions: 1->1
[2023-02-24T08:24:48.818+0000][7][gc,metaspace] GC(1) Metaspace: 20735K(21248K)->20735K(21248K) NonClass: 18506K(18944K)->18506K(18944K) Class: 2229K(2304K)->2229K(2304K)
[2023-02-24T08:24:48.819+0000][7][gc          ] GC(1) Pause Young (Concurrent Start) (Metadata GC Threshold) 27M->7M(512M) 31.862ms
[2023-02-24T08:24:48.819+0000][7][gc,cpu      ] GC(1) User=0.01s Sys=0.00s Real=0.04s
[2023-02-24T08:24:48.821+0000][7][safepoint   ] Safepoint "CollectForMetadataAllocation", Time since last: 170499250 ns, Reaching safepoint: 209834 ns, At safepoint: 34424625 ns, Total: 34634459 ns
[2023-02-24T08:24:48.821+0000][7][gc          ] GC(2) Concurrent Cycle
[2023-02-24T08:24:48.823+0000][7][gc,marking  ] GC(2) Concurrent Clear Claimed Marks
[2023-02-24T08:24:48.824+0000][7][gc,marking  ] GC(2) Concurrent Clear Claimed Marks 0.929ms
[2023-02-24T08:24:48.825+0000][7][gc,marking  ] GC(2) Concurrent Scan Root Regions
[2023-02-24T08:24:48.828+0000][7][gc,marking  ] GC(2) Concurrent Scan Root Regions 3.310ms
[2023-02-24T08:24:48.829+0000][7][gc,marking  ] GC(2) Concurrent Mark (2.213s)
[2023-02-24T08:24:48.830+0000][7][gc,marking  ] GC(2) Concurrent Mark From Roots
[2023-02-24T08:24:48.830+0000][7][gc,task     ] GC(2) Using 1 workers of 1 for marking
[2023-02-24T08:24:48.831+0000][7][gc,marking  ] GC(2) Concurrent Mark From Roots 1.645ms
[2023-02-24T08:24:48.834+0000][7][gc,marking  ] GC(2) Concurrent Preclean
[2023-02-24T08:24:48.836+0000][7][gc,marking  ] GC(2) Concurrent Preclean 2.280ms
[2023-02-24T08:24:48.837+0000][7][gc,marking  ] GC(2) Concurrent Mark (2.213s, 2.222s) 8.551ms
[2023-02-24T08:24:48.842+0000][7][gc,start    ] GC(2) Pause Remark
[2023-02-24T08:24:48.844+0000][7][gc          ] GC(2) Pause Remark 7M->7M(512M) 2.547ms
[2023-02-24T08:24:48.845+0000][7][gc,cpu      ] GC(2) User=0.00s Sys=0.00s Real=0.00s
[2023-02-24T08:24:48.846+0000][7][safepoint   ] Safepoint "G1Concurrent", Time since last: 16987041 ns, Reaching safepoint: 3537500 ns, At safepoint: 4515709 ns, Total: 8053209 ns
[2023-02-24T08:24:48.847+0000][7][gc,marking  ] GC(2) Concurrent Rebuild Remembered Sets
[2023-02-24T08:24:48.850+0000][7][gc,marking  ] GC(2) Concurrent Rebuild Remembered Sets 3.212ms
[2023-02-24T08:24:48.852+0000][7][gc,start    ] GC(2) Pause Cleanup
[2023-02-24T08:24:48.853+0000][7][gc          ] GC(2) Pause Cleanup 8M->8M(512M) 0.854ms
[2023-02-24T08:24:48.854+0000][7][gc,cpu      ] GC(2) User=0.00s Sys=0.00s Real=0.00s
[2023-02-24T08:24:48.855+0000][7][safepoint   ] Safepoint "G1Concurrent", Time since last: 5473083 ns, Reaching safepoint: 452625 ns, At safepoint: 2717542 ns, Total: 3170167 ns
[2023-02-24T08:24:48.856+0000][7][gc,marking  ] GC(2) Concurrent Cleanup for Next Mark
[2023-02-24T08:24:48.857+0000][7][gc,marking  ] GC(2) Concurrent Cleanup for Next Mark 1.146ms
[2023-02-24T08:24:48.858+0000][7][gc          ] GC(2) Concurrent Cycle 36.242ms
[2023-02-24T08:24:49.523+0000][7][gc,start    ] GC(3) Pause Young (Normal) (G1 Evacuation Pause)
[2023-02-24T08:24:49.524+0000][7][gc,task     ] GC(3) Using 4 workers of 4 for evacuation
[2023-02-24T08:24:49.526+0000][7][gc,age      ] GC(3) Desired survivor size 2621440 bytes, new threshold 15 (max threshold 15)
[2023-02-24T08:24:49.544+0000][7][gc,age      ] GC(3) Age table with threshold 15 (max threshold 15)
[2023-02-24T08:24:49.545+0000][7][gc,age      ] GC(3) - age   1:    2992744 bytes,    2992744 total
[2023-02-24T08:24:49.546+0000][7][gc,age      ] GC(3) - age   2:    2126040 bytes,    5118784 total
[2023-02-24T08:24:49.547+0000][7][gc,phases   ] GC(3)   Pre Evacuate Collection Set: 0.2ms
[2023-02-24T08:24:49.548+0000][7][gc,phases   ] GC(3)   Merge Heap Roots: 0.0ms
[2023-02-24T08:24:49.549+0000][7][gc,phases   ] GC(3)   Evacuate Collection Set: 10.6ms
[2023-02-24T08:24:49.550+0000][7][gc,phases   ] GC(3)   Post Evacuate Collection Set: 6.2ms
[2023-02-24T08:24:49.551+0000][7][gc,phases   ] GC(3)   Other: 6.6ms
[2023-02-24T08:24:49.552+0000][7][gc,heap     ] GC(3) Eden regions: 35->0(199)
[2023-02-24T08:24:49.553+0000][7][gc,heap     ] GC(3) Survivor regions: 3->5(5)
[2023-02-24T08:24:49.553+0000][7][gc,heap     ] GC(3) Old regions: 4->4
[2023-02-24T08:24:49.554+0000][7][gc,heap     ] GC(3) Archive regions: 0->0
[2023-02-24T08:24:49.555+0000][7][gc,heap     ] GC(3) Humongous regions: 1->1
[2023-02-24T08:24:49.556+0000][7][gc,metaspace] GC(3) Metaspace: 22431K(22784K)->22431K(22784K) NonClass: 20011K(20224K)->20011K(20224K) Class: 2420K(2560K)->2420K(2560K)
[2023-02-24T08:24:49.558+0000][7][gc          ] GC(3) Pause Young (Normal) (G1 Evacuation Pause) 42M->9M(512M) 34.356ms
[2023-02-24T08:24:49.559+0000][7][gc,cpu      ] GC(3) User=0.03s Sys=0.00s Real=0.03s
[2023-02-24T08:24:49.560+0000][7][safepoint   ] Safepoint "G1CollectForAllocation", Time since last: 666032167 ns, Reaching safepoint: 2656416 ns, At safepoint: 36101542 ns, Total: 38757958 ns
[2023-02-24T08:24:49.744+0000][7][safepoint   ] Safepoint "ICBufferFull", Time since last: 184671000 ns, Reaching safepoint: 174375 ns, At safepoint: 2583 ns, Total: 176958 ns
[2023-02-24T08:24:49.747+0000][7][safepoint   ] Safepoint "ICBufferFull", Time since last: 2216959 ns, Reaching safepoint: 735583 ns, At safepoint: 1958 ns, Total: 737541 ns
[2023-02-24T08:24:49.752+0000][7][safepoint   ] Safepoint "ICBufferFull", Time since last: 4096417 ns, Reaching safepoint: 966042 ns, At safepoint: 2000 ns, Total: 968042 ns
[2023-02-24T08:24:49.759+0000][7][safepoint   ] Safepoint "ICBufferFull", Time since last: 2701333 ns, Reaching safepoint: 3468792 ns, At safepoint: 4666 ns, Total: 3473458 ns
[2023-02-24T08:24:49.763+0000][7][safepoint   ] Safepoint "ICBufferFull", Time since last: 2487042 ns, Reaching safepoint: 2276958 ns, At safepoint: 3125 ns, Total: 2280083 ns
[2023-02-24T08:24:49.768+0000][7][safepoint   ] Safepoint "ICBufferFull", Time since last: 4255417 ns, Reaching safepoint: 471458 ns, At safepoint: 1959 ns, Total: 473417 ns
[2023-02-24T08:24:49.788+0000][7][safepoint   ] Safepoint "ICBufferFull", Time since last: 16260541 ns, Reaching safepoint: 4027375 ns, At safepoint: 6375 ns, Total: 4033750 ns
[2023-02-24T08:24:49.793+0000][7][safepoint   ] Safepoint "ICBufferFull", Time since last: 2528542 ns, Reaching safepoint: 1921958 ns, At safepoint: 4625 ns, Total: 1926583 ns
[2023-02-24T08:24:49.800+0000][7][safepoint   ] Safepoint "ICBufferFull", Time since last: 3921167 ns, Reaching safepoint: 3574458 ns, At safepoint: 3500 ns, Total: 3577958 ns
[2023-02-24T08:24:49.810+0000][7][safepoint   ] Safepoint "ICBufferFull", Time since last: 8918792 ns, Reaching safepoint: 526875 ns, At safepoint: 1875 ns, Total: 528750 ns
[2023-02-24T08:24:49.814+0000][7][safepoint   ] Safepoint "ICBufferFull", Time since last: 2876167 ns, Reaching safepoint: 1393208 ns, At safepoint: 3375 ns, Total: 1396583 ns
[2023-02-24T08:24:49.820+0000][7][safepoint   ] Safepoint "ICBufferFull", Time since last: 2704375 ns, Reaching safepoint: 3013333 ns, At safepoint: 9375 ns, Total: 3022708 ns
[2023-02-24T08:24:49.825+0000][7][safepoint   ] Safepoint "ICBufferFull", Time since last: 3432167 ns, Reaching safepoint: 1637458 ns, At safepoint: 2750 ns, Total: 1640208 ns
[2023-02-24T08:24:49.829+0000][7][safepoint   ] Safepoint "ICBufferFull", Time since last: 2736417 ns, Reaching safepoint: 1554125 ns, At safepoint: 83875 ns, Total: 1638000 ns
[2023-02-24T08:24:49.833+0000][7][safepoint   ] Safepoint "ICBufferFull", Time since last: 1794542 ns, Reaching safepoint: 2348708 ns, At safepoint: 3292 ns, Total: 2352000 ns
[2023-02-24T08:24:49.839+0000][7][safepoint   ] Safepoint "ICBufferFull", Time since last: 2793083 ns, Reaching safepoint: 3148083 ns, At safepoint: 3834 ns, Total: 3151917 ns
[2023-02-24T08:24:49.846+0000][7][safepoint   ] Safepoint "ICBufferFull", Time since last: 3618541 ns, Reaching safepoint: 3411917 ns, At safepoint: 3625 ns, Total: 3415542 ns
[2023-02-24T08:24:49.851+0000][7][safepoint   ] Safepoint "ICBufferFull", Time since last: 2441000 ns, Reaching safepoint: 2558958 ns, At safepoint: 3000 ns, Total: 2561958 ns
[2023-02-24T08:24:49.856+0000][7][safepoint   ] Safepoint "ICBufferFull", Time since last: 2322250 ns, Reaching safepoint: 2657334 ns, At safepoint: 2583 ns, Total: 2659917 ns
[2023-02-24T08:24:49.862+0000][7][safepoint   ] Safepoint "ICBufferFull", Time since last: 3615167 ns, Reaching safepoint: 2425666 ns, At safepoint: 2792 ns, Total: 2428458 ns
[2023-02-24T08:24:49.867+0000][7][safepoint   ] Safepoint "ICBufferFull", Time since last: 3493000 ns, Reaching safepoint: 895167 ns, At safepoint: 50916 ns, Total: 946083 ns
[2023-02-24T08:24:49.871+0000][7][safepoint   ] Safepoint "ICBufferFull", Time since last: 2181542 ns, Reaching safepoint: 2079125 ns, At safepoint: 3208 ns, Total: 2082333 ns
[2023-02-24T08:24:49.877+0000][7][safepoint   ] Safepoint "ICBufferFull", Time since last: 3183625 ns, Reaching safepoint: 2500875 ns, At safepoint: 2834 ns, Total: 2503709 ns
[2023-02-24T08:24:49.881+0000][7][safepoint   ] Safepoint "ICBufferFull", Time since last: 2320250 ns, Reaching safepoint: 1687875 ns, At safepoint: 2958 ns, Total: 1690833 ns
[2023-02-24T08:24:49.884+0000][7][safepoint   ] Safepoint "ICBufferFull", Time since last: 2072792 ns, Reaching safepoint: 1038375 ns, At safepoint: 2750 ns, Total: 1041125 ns
[2023-02-24T08:24:49.889+0000][7][safepoint   ] Safepoint "ICBufferFull", Time since last: 2602750 ns, Reaching safepoint: 2645833 ns, At safepoint: 4833 ns, Total: 2650666 ns
[2023-02-24T08:24:49.911+0000][7][safepoint   ] Safepoint "ICBufferFull", Time since last: 21456292 ns, Reaching safepoint: 202000 ns, At safepoint: 125000 ns, Total: 327000 ns
[2023-02-24T08:24:49.914+0000][7][safepoint   ] Safepoint "ICBufferFull", Time since last: 2606375 ns, Reaching safepoint: 224125 ns, At safepoint: 1875 ns, Total: 226000 ns
[2023-02-24T08:24:49.922+0000][7][safepoint   ] Safepoint "ICBufferFull", Time since last: 7758375 ns, Reaching safepoint: 605958 ns, At safepoint: 3792 ns, Total: 609750 ns
[2023-02-24T08:24:49.927+0000][7][safepoint   ] Safepoint "ICBufferFull", Time since last: 2171333 ns, Reaching safepoint: 2242667 ns, At safepoint: 5125 ns, Total: 2247792 ns
[2023-02-24T08:24:49.932+0000][7][safepoint   ] Safepoint "ICBufferFull", Time since last: 2640875 ns, Reaching safepoint: 2977417 ns, At safepoint: 2375 ns, Total: 2979792 ns
[2023-02-24T08:24:49.938+0000][7][safepoint   ] Safepoint "ICBufferFull", Time since last: 4869541 ns, Reaching safepoint: 874500 ns, At safepoint: 2542 ns, Total: 877042 ns
[2023-02-24T08:24:49.942+0000][7][safepoint   ] Safepoint "ICBufferFull", Time since last: 3234000 ns, Reaching safepoint: 1363125 ns, At safepoint: 3375 ns, Total: 1366500 ns
[2023-02-24T08:24:49.958+0000][7][safepoint   ] Safepoint "ICBufferFull", Time since last: 14194750 ns, Reaching safepoint: 1001833 ns, At safepoint: 1834 ns, Total: 1003667 ns
[2023-02-24T08:24:49.967+0000][7][safepoint   ] Safepoint "ICBufferFull", Time since last: 8424875 ns, Reaching safepoint: 591416 ns, At safepoint: 3875 ns, Total: 595291 ns
[2023-02-24T08:24:49.972+0000][7][safepoint   ] Safepoint "ICBufferFull", Time since last: 4063542 ns, Reaching safepoint: 1560333 ns, At safepoint: 2292 ns, Total: 1562625 ns
[2023-02-24T08:24:49.987+0000][7][safepoint   ] Safepoint "ICBufferFull", Time since last: 12141542 ns, Reaching safepoint: 2837041 ns, At safepoint: 2917 ns, Total: 2839958 ns
[2023-02-24T08:24:49.992+0000][7][safepoint   ] Safepoint "ICBufferFull", Time since last: 2953708 ns, Reaching safepoint: 1365917 ns, At safepoint: 4083 ns, Total: 1370000 ns
[2023-02-24T08:24:50.491+0000][7][safepoint   ] Safepoint "ICBufferFull", Time since last: 497478209 ns, Reaching safepoint: 2035250 ns, At safepoint: 5958 ns, Total: 2041208 ns
[2023-02-24T08:24:50.937+0000][7][safepoint   ] Safepoint "ICBufferFull", Time since last: 446128834 ns, Reaching safepoint: 117000 ns, At safepoint: 2125 ns, Total: 119125 ns
[2023-02-24T08:24:51.035+0000][7][gc,start    ] GC(4) Pause Young (Normal) (G1 Evacuation Pause)
[2023-02-24T08:24:51.038+0000][7][gc,task     ] GC(4) Using 4 workers of 4 for evacuation
[2023-02-24T08:24:51.038+0000][7][gc,age      ] GC(4) Desired survivor size 13631488 bytes, new threshold 15 (max threshold 15)
[2023-02-24T08:24:51.053+0000][7][gc,age      ] GC(4) Age table with threshold 15 (max threshold 15)
[2023-02-24T08:24:51.053+0000][7][gc,age      ] GC(4) - age   1:    4993552 bytes,    4993552 total
[2023-02-24T08:24:51.054+0000][7][gc,age      ] GC(4) - age   2:    1167704 bytes,    6161256 total
[2023-02-24T08:24:51.055+0000][7][gc,age      ] GC(4) - age   3:    2111712 bytes,    8272968 total
[2023-02-24T08:24:51.055+0000][7][gc,phases   ] GC(4)   Pre Evacuate Collection Set: 0.1ms
[2023-02-24T08:24:51.056+0000][7][gc,phases   ] GC(4)   Merge Heap Roots: 0.0ms
[2023-02-24T08:24:51.057+0000][7][gc,phases   ] GC(4)   Evacuate Collection Set: 12.6ms
[2023-02-24T08:24:51.057+0000][7][gc,phases   ] GC(4)   Post Evacuate Collection Set: 0.8ms
[2023-02-24T08:24:51.058+0000][7][gc,phases   ] GC(4)   Other: 6.4ms
[2023-02-24T08:24:51.059+0000][7][gc,heap     ] GC(4) Eden regions: 199->0(298)
[2023-02-24T08:24:51.059+0000][7][gc,heap     ] GC(4) Survivor regions: 5->9(26)
[2023-02-24T08:24:51.060+0000][7][gc,heap     ] GC(4) Old regions: 4->4
[2023-02-24T08:24:51.061+0000][7][gc,heap     ] GC(4) Archive regions: 0->0
[2023-02-24T08:24:51.062+0000][7][gc,heap     ] GC(4) Humongous regions: 2->1
[2023-02-24T08:24:51.062+0000][7][gc,metaspace] GC(4) Metaspace: 25988K(26880K)->25988K(26880K) NonClass: 23089K(23808K)->23089K(23808K) Class: 2899K(3072K)->2899K(3072K)
[2023-02-24T08:24:51.063+0000][7][gc          ] GC(4) Pause Young (Normal) (G1 Evacuation Pause) 209M->13M(512M) 27.706ms
[2023-02-24T08:24:51.064+0000][7][gc,cpu      ] GC(4) User=0.01s Sys=0.01s Real=0.03s
[2023-02-24T08:24:51.065+0000][7][safepoint   ] Safepoint "G1CollectForAllocation", Time since last: 93242917 ns, Reaching safepoint: 4787000 ns, At safepoint: 29125958 ns, Total: 33912958 ns
[2023-02-24T08:24:51.939+0000][7][gc,start    ] GC(5) Pause Young (Normal) (G1 Evacuation Pause)
[2023-02-24T08:24:51.941+0000][7][gc,task     ] GC(5) Using 4 workers of 4 for evacuation
[2023-02-24T08:24:51.942+0000][7][gc,age      ] GC(5) Desired survivor size 20447232 bytes, new threshold 15 (max threshold 15)
[2023-02-24T08:24:51.961+0000][7][gc,age      ] GC(5) Age table with threshold 15 (max threshold 15)
[2023-02-24T08:24:51.962+0000][7][gc,age      ] GC(5) - age   1:    4544848 bytes,    4544848 total
[2023-02-24T08:24:51.963+0000][7][gc,age      ] GC(5) - age   2:    4526304 bytes,    9071152 total
[2023-02-24T08:24:51.963+0000][7][gc,age      ] GC(5) - age   3:    1167528 bytes,   10238680 total
[2023-02-24T08:24:51.964+0000][7][gc,age      ] GC(5) - age   4:    2111712 bytes,   12350392 total
[2023-02-24T08:24:51.965+0000][7][gc,phases   ] GC(5)   Pre Evacuate Collection Set: 0.1ms
[2023-02-24T08:24:51.966+0000][7][gc,phases   ] GC(5)   Merge Heap Roots: 0.0ms
[2023-02-24T08:24:51.967+0000][7][gc,phases   ] GC(5)   Evacuate Collection Set: 17.3ms
[2023-02-24T08:24:51.968+0000][7][gc,phases   ] GC(5)   Post Evacuate Collection Set: 0.7ms
[2023-02-24T08:24:51.969+0000][7][gc,phases   ] GC(5)   Other: 7.8ms
[2023-02-24T08:24:51.970+0000][7][gc,heap     ] GC(5) Eden regions: 298->0(294)
[2023-02-24T08:24:51.971+0000][7][gc,heap     ] GC(5) Survivor regions: 9->13(39)
[2023-02-24T08:24:51.972+0000][7][gc,heap     ] GC(5) Old regions: 4->4
[2023-02-24T08:24:51.973+0000][7][gc,heap     ] GC(5) Archive regions: 0->0
[2023-02-24T08:24:51.974+0000][7][gc,heap     ] GC(5) Humongous regions: 1->1
[2023-02-24T08:24:51.975+0000][7][gc,metaspace] GC(5) Metaspace: 27620K(28672K)->27620K(28672K) NonClass: 24536K(25344K)->24536K(25344K) Class: 3084K(3328K)->3084K(3328K)
[2023-02-24T08:24:51.976+0000][7][gc          ] GC(5) Pause Young (Normal) (G1 Evacuation Pause) 311M->17M(512M) 37.052ms
[2023-02-24T08:24:51.977+0000][7][gc,cpu      ] GC(5) User=0.02s Sys=0.00s Real=0.03s
[2023-02-24T08:24:51.978+0000][7][safepoint   ] Safepoint "G1CollectForAllocation", Time since last: 871126834 ns, Reaching safepoint: 3723000 ns, At safepoint: 38602833 ns, Total: 42325833 ns
[2023-02-24T08:24:52.767+0000][7][gc,start    ] GC(6) Pause Young (Normal) (G1 Evacuation Pause)
[2023-02-24T08:24:52.768+0000][7][gc,task     ] GC(6) Using 4 workers of 4 for evacuation
[2023-02-24T08:24:52.769+0000][7][gc,age      ] GC(6) Desired survivor size 20447232 bytes, new threshold 15 (max threshold 15)
[2023-02-24T08:24:52.790+0000][7][gc,age      ] GC(6) Age table with threshold 15 (max threshold 15)
[2023-02-24T08:24:52.792+0000][7][gc,age      ] GC(6) - age   1:    2661896 bytes,    2661896 total
[2023-02-24T08:24:52.792+0000][7][gc,age      ] GC(6) - age   2:    3108904 bytes,    5770800 total
[2023-02-24T08:24:52.793+0000][7][gc,age      ] GC(6) - age   3:    4521936 bytes,   10292736 total
[2023-02-24T08:24:52.794+0000][7][gc,age      ] GC(6) - age   4:    1167384 bytes,   11460120 total
[2023-02-24T08:24:52.795+0000][7][gc,age      ] GC(6) - age   5:    2111712 bytes,   13571832 total
[2023-02-24T08:24:52.795+0000][7][gc,phases   ] GC(6)   Pre Evacuate Collection Set: 0.1ms
[2023-02-24T08:24:52.796+0000][7][gc,phases   ] GC(6)   Merge Heap Roots: 0.0ms
[2023-02-24T08:24:52.797+0000][7][gc,phases   ] GC(6)   Evacuate Collection Set: 17.7ms
[2023-02-24T08:24:52.797+0000][7][gc,phases   ] GC(6)   Post Evacuate Collection Set: 2.6ms
[2023-02-24T08:24:52.798+0000][7][gc,phases   ] GC(6)   Other: 8.4ms
[2023-02-24T08:24:52.799+0000][7][gc,heap     ] GC(6) Eden regions: 294->0(293)
[2023-02-24T08:24:52.800+0000][7][gc,heap     ] GC(6) Survivor regions: 13->14(39)
[2023-02-24T08:24:52.800+0000][7][gc,heap     ] GC(6) Old regions: 4->4
[2023-02-24T08:24:52.801+0000][7][gc,heap     ] GC(6) Archive regions: 0->0
[2023-02-24T08:24:52.802+0000][7][gc,heap     ] GC(6) Humongous regions: 1->1
[2023-02-24T08:24:52.802+0000][7][gc,metaspace] GC(6) Metaspace: 27998K(29056K)->27998K(29056K) NonClass: 24845K(25600K)->24845K(25600K) Class: 3152K(3456K)->3152K(3456K)
[2023-02-24T08:24:52.803+0000][7][gc          ] GC(6) Pause Young (Normal) (G1 Evacuation Pause) 311M->18M(512M) 36.742ms
[2023-02-24T08:24:52.804+0000][7][gc,cpu      ] GC(6) User=0.02s Sys=0.00s Real=0.04s
[2023-02-24T08:24:52.805+0000][7][safepoint   ] Safepoint "G1CollectForAllocation", Time since last: 788421417 ns, Reaching safepoint: 174000 ns, At safepoint: 38039083 ns, Total: 38213083 ns
[2023-02-24T08:24:53.362+0000][7][gc,start    ] GC(7) Pause Young (Normal) (G1 Evacuation Pause)
[2023-02-24T08:24:53.364+0000][7][gc,task     ] GC(7) Using 4 workers of 4 for evacuation
[2023-02-24T08:24:53.365+0000][7][gc,age      ] GC(7) Desired survivor size 20447232 bytes, new threshold 15 (max threshold 15)
[2023-02-24T08:24:53.377+0000][7][gc,age      ] GC(7) Age table with threshold 15 (max threshold 15)
[2023-02-24T08:24:53.381+0000][7][gc,age      ] GC(7) - age   1:    2771880 bytes,    2771880 total
[2023-02-24T08:24:53.382+0000][7][gc,age      ] GC(7) - age   2:     615832 bytes,    3387712 total
[2023-02-24T08:24:53.383+0000][7][gc,age      ] GC(7) - age   3:    3107192 bytes,    6494904 total
[2023-02-24T08:24:53.384+0000][7][gc,age      ] GC(7) - age   4:    4521432 bytes,   11016336 total
[2023-02-24T08:24:53.386+0000][7][gc,age      ] GC(7) - age   5:    1167384 bytes,   12183720 total
[2023-02-24T08:24:53.386+0000][7][gc,age      ] GC(7) - age   6:    2111712 bytes,   14295432 total
[2023-02-24T08:24:53.387+0000][7][gc,phases   ] GC(7)   Pre Evacuate Collection Set: 0.1ms
[2023-02-24T08:24:53.388+0000][7][gc,phases   ] GC(7)   Merge Heap Roots: 0.0ms
[2023-02-24T08:24:53.389+0000][7][gc,phases   ] GC(7)   Evacuate Collection Set: 10.5ms
[2023-02-24T08:24:53.389+0000][7][gc,phases   ] GC(7)   Post Evacuate Collection Set: 0.8ms
[2023-02-24T08:24:53.390+0000][7][gc,phases   ] GC(7)   Other: 13.6ms
[2023-02-24T08:24:53.392+0000][7][gc,heap     ] GC(7) Eden regions: 293->0(292)
[2023-02-24T08:24:53.393+0000][7][gc,heap     ] GC(7) Survivor regions: 14->15(39)
[2023-02-24T08:24:53.394+0000][7][gc,heap     ] GC(7) Old regions: 4->4
[2023-02-24T08:24:53.395+0000][7][gc,heap     ] GC(7) Archive regions: 0->0
[2023-02-24T08:24:53.396+0000][7][gc,heap     ] GC(7) Humongous regions: 1->1
[2023-02-24T08:24:53.396+0000][7][gc,metaspace] GC(7) Metaspace: 28519K(29952K)->28519K(29952K) NonClass: 25287K(26368K)->25287K(26368K) Class: 3232K(3584K)->3232K(3584K)
[2023-02-24T08:24:53.398+0000][7][gc          ] GC(7) Pause Young (Normal) (G1 Evacuation Pause) 311M->19M(512M) 35.489ms
[2023-02-24T08:24:53.399+0000][7][gc,cpu      ] GC(7) User=0.01s Sys=0.00s Real=0.03s
[2023-02-24T08:24:53.400+0000][7][safepoint   ] Safepoint "G1CollectForAllocation", Time since last: 544126792 ns, Reaching safepoint: 13297042 ns, At safepoint: 37566083 ns, Total: 50863125 ns
[2023-02-24T08:24:53.834+0000][7][safepoint   ] Safepoint "ICBufferFull", Time since last: 429244626 ns, Reaching safepoint: 4879583 ns, At safepoint: 10500 ns, Total: 4890083 ns
[2023-02-24T08:24:54.326+0000][7][gc,start    ] GC(8) Pause Young (Concurrent Start) (Metadata GC Threshold)
[2023-02-24T08:24:54.330+0000][7][gc,task     ] GC(8) Using 4 workers of 4 for evacuation
[2023-02-24T08:24:54.330+0000][7][gc,age      ] GC(8) Desired survivor size 20447232 bytes, new threshold 15 (max threshold 15)
[2023-02-24T08:24:54.360+0000][7][gc,age      ] GC(8) Age table with threshold 15 (max threshold 15)
[2023-02-24T08:24:54.362+0000][7][gc,age      ] GC(8) - age   1:    2135936 bytes,    2135936 total
[2023-02-24T08:24:54.363+0000][7][gc,age      ] GC(8) - age   2:    2261920 bytes,    4397856 total
[2023-02-24T08:24:54.363+0000][7][gc,age      ] GC(8) - age   3:     604576 bytes,    5002432 total
[2023-02-24T08:24:54.364+0000][7][gc,age      ] GC(8) - age   4:    3092960 bytes,    8095392 total
[2023-02-24T08:24:54.365+0000][7][gc,age      ] GC(8) - age   5:    4509072 bytes,   12604464 total
[2023-02-24T08:24:54.366+0000][7][gc,age      ] GC(8) - age   6:    1137096 bytes,   13741560 total
[2023-02-24T08:24:54.366+0000][7][gc,age      ] GC(8) - age   7:    2108944 bytes,   15850504 total
[2023-02-24T08:24:54.367+0000][7][gc,phases   ] GC(8)   Pre Evacuate Collection Set: 0.4ms
[2023-02-24T08:24:54.368+0000][7][gc,phases   ] GC(8)   Merge Heap Roots: 1.7ms
[2023-02-24T08:24:54.368+0000][7][gc,phases   ] GC(8)   Evacuate Collection Set: 12.0ms
[2023-02-24T08:24:54.369+0000][7][gc,phases   ] GC(8)   Post Evacuate Collection Set: 15.0ms
[2023-02-24T08:24:54.370+0000][7][gc,phases   ] GC(8)   Other: 11.5ms
[2023-02-24T08:24:54.370+0000][7][gc,heap     ] GC(8) Eden regions: 111->0(291)
[2023-02-24T08:24:54.371+0000][7][gc,heap     ] GC(8) Survivor regions: 15->16(39)
[2023-02-24T08:24:54.372+0000][7][gc,heap     ] GC(8) Old regions: 4->4
[2023-02-24T08:24:54.373+0000][7][gc,heap     ] GC(8) Archive regions: 0->0
[2023-02-24T08:24:54.373+0000][7][gc,heap     ] GC(8) Humongous regions: 1->1
[2023-02-24T08:24:54.374+0000][7][gc,metaspace] GC(8) Metaspace: 33947K(35584K)->33947K(35584K) NonClass: 30009K(31232K)->30009K(31232K) Class: 3937K(4352K)->3937K(4352K)
[2023-02-24T08:24:54.375+0000][7][gc          ] GC(8) Pause Young (Concurrent Start) (Metadata GC Threshold) 129M->20M(512M) 48.391ms
[2023-02-24T08:24:54.375+0000][7][gc,cpu      ] GC(8) User=0.01s Sys=0.00s Real=0.05s
[2023-02-24T08:24:54.377+0000][7][safepoint   ] Safepoint "CollectForMetadataAllocation", Time since last: 492160584 ns, Reaching safepoint: 240333 ns, At safepoint: 51182750 ns, Total: 51423083 ns
[2023-02-24T08:24:54.378+0000][7][gc          ] GC(9) Concurrent Cycle
[2023-02-24T08:24:54.379+0000][7][gc,marking  ] GC(9) Concurrent Clear Claimed Marks
[2023-02-24T08:24:54.379+0000][7][gc,marking  ] GC(9) Concurrent Clear Claimed Marks 0.630ms
[2023-02-24T08:24:54.380+0000][7][gc,marking  ] GC(9) Concurrent Scan Root Regions
[2023-02-24T08:24:54.391+0000][7][gc,marking  ] GC(9) Concurrent Scan Root Regions 11.001ms
[2023-02-24T08:24:54.392+0000][7][gc,marking  ] GC(9) Concurrent Mark (7.776s)
[2023-02-24T08:24:54.393+0000][7][gc,marking  ] GC(9) Concurrent Mark From Roots
[2023-02-24T08:24:54.394+0000][7][gc,task     ] GC(9) Using 1 workers of 1 for marking
[2023-02-24T08:24:54.393+0000][7][safepoint   ] Safepoint "CollectForMetadataAllocation", Time since last: 14680667 ns, Reaching safepoint: 869291 ns, At safepoint: 75167 ns, Total: 944458 ns
[2023-02-24T08:24:54.399+0000][7][gc,marking  ] GC(9) Concurrent Mark From Roots 5.989ms
[2023-02-24T08:24:54.400+0000][7][gc,marking  ] GC(9) Concurrent Preclean
[2023-02-24T08:24:54.400+0000][7][gc,marking  ] GC(9) Concurrent Preclean 0.828ms
[2023-02-24T08:24:54.402+0000][7][gc,marking  ] GC(9) Concurrent Mark (7.776s, 7.786s) 9.579ms
[2023-02-24T08:24:54.403+0000][7][gc,start    ] GC(9) Pause Remark
[2023-02-24T08:24:54.427+0000][7][gc          ] GC(9) Pause Remark 22M->22M(512M) 23.825ms
[2023-02-24T08:24:54.428+0000][7][gc,cpu      ] GC(9) User=0.00s Sys=0.00s Real=0.02s
[2023-02-24T08:24:54.429+0000][7][safepoint   ] Safepoint "G1Concurrent", Time since last: 9412958 ns, Reaching safepoint: 548959 ns, At safepoint: 25736375 ns, Total: 26285334 ns
[2023-02-24T08:24:54.429+0000][7][gc,marking  ] GC(9) Concurrent Rebuild Remembered Sets
[2023-02-24T08:24:54.432+0000][7][gc,marking  ] GC(9) Concurrent Rebuild Remembered Sets 2.948ms
[2023-02-24T08:24:54.437+0000][7][gc,start    ] GC(9) Pause Cleanup
[2023-02-24T08:24:54.438+0000][7][gc          ] GC(9) Pause Cleanup 22M->22M(512M) 1.105ms
[2023-02-24T08:24:54.439+0000][7][gc,cpu      ] GC(9) User=0.00s Sys=0.00s Real=0.00s
[2023-02-24T08:24:54.440+0000][7][safepoint   ] Safepoint "G1Concurrent", Time since last: 4620416 ns, Reaching safepoint: 3398750 ns, At safepoint: 3115084 ns, Total: 6513834 ns
[2023-02-24T08:24:54.448+0000][7][gc,marking  ] GC(9) Concurrent Cleanup for Next Mark
[2023-02-24T08:24:54.457+0000][7][gc,marking  ] GC(9) Concurrent Cleanup for Next Mark 9.084ms
[2023-02-24T08:24:54.459+0000][7][gc          ] GC(9) Concurrent Cycle 81.465ms
[2023-02-24T08:24:55.186+0000][7][safepoint   ] Safepoint "ICBufferFull", Time since last: 739523292 ns, Reaching safepoint: 6312000 ns, At safepoint: 9041 ns, Total: 6321041 ns
[2023-02-24T08:24:55.567+0000][7][safepoint   ] Safepoint "ICBufferFull", Time since last: 381194959 ns, Reaching safepoint: 208375 ns, At safepoint: 2416 ns, Total: 210791 ns
[2023-02-24T08:24:56.569+0000][7][safepoint   ] Safepoint "Cleanup", Time since last: 1001218459 ns, Reaching safepoint: 249792 ns, At safepoint: 2542 ns, Total: 252334 ns
[2023-02-24T08:24:57.365+0000][7][safepoint   ] Safepoint "ICBufferFull", Time since last: 794445708 ns, Reaching safepoint: 1720125 ns, At safepoint: 4792 ns, Total: 1724917 ns
[2023-02-24T08:24:57.922+0000][7][gc,start    ] GC(10) Pause Young (Concurrent Start) (G1 Evacuation Pause)
[2023-02-24T08:24:57.924+0000][7][gc,task     ] GC(10) Using 4 workers of 4 for evacuation
[2023-02-24T08:24:57.925+0000][7][gc,age      ] GC(10) Desired survivor size 20447232 bytes, new threshold 15 (max threshold 15)
[2023-02-24T08:24:58.056+0000][7][gc,age      ] GC(10) Age table with threshold 15 (max threshold 15)
[2023-02-24T08:24:58.058+0000][7][gc,age      ] GC(10) - age   1:   25160032 bytes,   25160032 total
[2023-02-24T08:24:58.059+0000][7][gc,age      ] GC(10) - age   2:    1983568 bytes,   27143600 total
[2023-02-24T08:24:58.060+0000][7][gc,age      ] GC(10) - age   3:    2258344 bytes,   29401944 total
[2023-02-24T08:24:58.061+0000][7][gc,age      ] GC(10) - age   4:     599328 bytes,   30001272 total
[2023-02-24T08:24:58.062+0000][7][gc,age      ] GC(10) - age   5:    3081136 bytes,   33082408 total
[2023-02-24T08:24:58.063+0000][7][gc,age      ] GC(10) - age   6:    4477048 bytes,   37559456 total
[2023-02-24T08:24:58.064+0000][7][gc,age      ] GC(10) - age   7:    1111448 bytes,   38670904 total
[2023-02-24T08:24:58.065+0000][7][gc,age      ] GC(10) - age   8:    2100576 bytes,   40771480 total
[2023-02-24T08:24:58.066+0000][7][gc,phases   ] GC(10)   Pre Evacuate Collection Set: 0.1ms
[2023-02-24T08:24:58.067+0000][7][gc,phases   ] GC(10)   Merge Heap Roots: 0.0ms
[2023-02-24T08:24:58.068+0000][7][gc,phases   ] GC(10)   Evacuate Collection Set: 124.8ms
[2023-02-24T08:24:58.069+0000][7][gc,phases   ] GC(10)   Post Evacuate Collection Set: 5.5ms
[2023-02-24T08:24:58.070+0000][7][gc,phases   ] GC(10)   Other: 13.2ms
[2023-02-24T08:24:58.071+0000][7][gc,heap     ] GC(10) Eden regions: 291->0(268)
[2023-02-24T08:24:58.071+0000][7][gc,heap     ] GC(10) Survivor regions: 16->39(39)
[2023-02-24T08:24:58.073+0000][7][gc,heap     ] GC(10) Old regions: 4->10
[2023-02-24T08:24:58.074+0000][7][gc,heap     ] GC(10) Archive regions: 0->0
[2023-02-24T08:24:58.075+0000][7][gc,heap     ] GC(10) Humongous regions: 1->1
[2023-02-24T08:24:58.076+0000][7][gc,metaspace] GC(10) Metaspace: 43235K(45824K)->43235K(45824K) NonClass: 37999K(39936K)->37999K(39936K) Class: 5235K(5888K)->5235K(5888K)
[2023-02-24T08:24:58.077+0000][7][gc          ] GC(10) Pause Young (Concurrent Start) (G1 Evacuation Pause) 311M->49M(512M) 155.071ms
[2023-02-24T08:24:58.078+0000][7][gc,cpu      ] GC(10) User=0.07s Sys=0.00s Real=0.15s
[2023-02-24T08:24:58.079+0000][7][gc          ] GC(11) Concurrent Cycle
[2023-02-24T08:24:58.080+0000][7][gc,marking  ] GC(11) Concurrent Clear Claimed Marks
[2023-02-24T08:24:58.082+0000][7][gc,marking  ] GC(11) Concurrent Clear Claimed Marks 1.535ms
[2023-02-24T08:24:58.083+0000][7][gc,marking  ] GC(11) Concurrent Scan Root Regions
[2023-02-24T08:24:58.080+0000][7][safepoint   ] Safepoint "G1CollectForAllocation", Time since last: 550990917 ns, Reaching safepoint: 6666667 ns, At safepoint: 157514500 ns, Total: 164181167 ns
[2023-02-24T08:24:58.188+0000][7][gc,marking  ] GC(11) Concurrent Scan Root Regions 105.535ms
[2023-02-24T08:24:58.190+0000][7][gc,marking  ] GC(11) Concurrent Mark (11.574s)
[2023-02-24T08:24:58.191+0000][7][gc,marking  ] GC(11) Concurrent Mark From Roots
[2023-02-24T08:24:58.192+0000][7][gc,task     ] GC(11) Using 1 workers of 1 for marking
[2023-02-24T08:24:58.199+0000][7][gc,marking  ] GC(11) Concurrent Mark From Roots 7.937ms
[2023-02-24T08:24:58.200+0000][7][gc,marking  ] GC(11) Concurrent Preclean
[2023-02-24T08:24:58.201+0000][7][gc,marking  ] GC(11) Concurrent Preclean 1.191ms
[2023-02-24T08:24:58.202+0000][7][gc,marking  ] GC(11) Concurrent Mark (11.574s, 11.586s) 12.340ms
[2023-02-24T08:24:58.207+0000][7][gc,start    ] GC(11) Pause Remark
[2023-02-24T08:24:58.218+0000][7][gc          ] GC(11) Pause Remark 88M->88M(512M) 10.907ms
[2023-02-24T08:24:58.219+0000][7][gc,cpu      ] GC(11) User=0.00s Sys=0.00s Real=0.01s
[2023-02-24T08:24:58.220+0000][7][safepoint   ] Safepoint "G1Concurrent", Time since last: 126990916 ns, Reaching safepoint: 144667 ns, At safepoint: 12800542 ns, Total: 12945209 ns
[2023-02-24T08:24:58.221+0000][7][gc,marking  ] GC(11) Concurrent Rebuild Remembered Sets
[2023-02-24T08:24:58.310+0000][7][gc,marking  ] GC(11) Concurrent Rebuild Remembered Sets 89.586ms
[2023-02-24T08:24:58.312+0000][7][gc,start    ] GC(11) Pause Cleanup
[2023-02-24T08:24:58.313+0000][7][gc          ] GC(11) Pause Cleanup 89M->89M(512M) 0.877ms
[2023-02-24T08:24:58.314+0000][7][gc,cpu      ] GC(11) User=0.00s Sys=0.00s Real=0.00s
[2023-02-24T08:24:58.316+0000][7][safepoint   ] Safepoint "G1Concurrent", Time since last: 91726041 ns, Reaching safepoint: 754375 ns, At safepoint: 3817375 ns, Total: 4571750 ns
[2023-02-24T08:24:58.317+0000][7][gc,marking  ] GC(11) Concurrent Cleanup for Next Mark
[2023-02-24T08:24:58.319+0000][7][gc,marking  ] GC(11) Concurrent Cleanup for Next Mark 1.643ms
[2023-02-24T08:24:58.320+0000][7][gc          ] GC(11) Concurrent Cycle 240.510ms
[2023-02-24T08:24:59.304+0000][7][safepoint   ] Safepoint "ICBufferFull", Time since last: 987947793 ns, Reaching safepoint: 303458 ns, At safepoint: 8375 ns, Total: 311833 ns
[2023-02-24T08:24:59.789+0000][7][safepoint   ] Safepoint "ICBufferFull", Time since last: 484768042 ns, Reaching safepoint: 263000 ns, At safepoint: 3416 ns, Total: 266416 ns
[2023-02-24T08:25:00.097+0000][7][safepoint   ] Safepoint "ICBufferFull", Time since last: 306760501 ns, Reaching safepoint: 720416 ns, At safepoint: 3084 ns, Total: 723500 ns
[2023-02-24T08:25:01.098+0000][7][safepoint   ] Safepoint "Cleanup", Time since last: 1000109750 ns, Reaching safepoint: 1445458 ns, At safepoint: 1917 ns, Total: 1447375 ns
[2023-02-24T08:25:01.578+0000][7][safepoint   ] Safepoint "ICBufferFull", Time since last: 479798042 ns, Reaching safepoint: 107583 ns, At safepoint: 3000 ns, Total: 110583 ns
[2023-02-24T08:25:02.314+0000][7][safepoint   ] Safepoint "ICBufferFull", Time since last: 735041834 ns, Reaching safepoint: 291417 ns, At safepoint: 7791 ns, Total: 299208 ns
[2023-02-24T08:25:02.995+0000][7][gc,start    ] GC(12) Pause Young (Concurrent Start) (Metadata GC Threshold)
[2023-02-24T08:25:02.996+0000][7][gc,task     ] GC(12) Using 4 workers of 4 for evacuation
[2023-02-24T08:25:02.998+0000][7][gc,age      ] GC(12) Desired survivor size 20447232 bytes, new threshold 1 (max threshold 15)
[2023-02-24T08:25:03.084+0000][7][gc,age      ] GC(12) Age table with threshold 1 (max threshold 15)
[2023-02-24T08:25:03.086+0000][7][gc,age      ] GC(12) - age   1:   12372144 bytes,   12372144 total
[2023-02-24T08:25:03.087+0000][7][gc,phases   ] GC(12)   Pre Evacuate Collection Set: 0.3ms
[2023-02-24T08:25:03.088+0000][7][gc,phases   ] GC(12)   Merge Heap Roots: 0.2ms
[2023-02-24T08:25:03.088+0000][7][gc,phases   ] GC(12)   Evacuate Collection Set: 79.4ms
[2023-02-24T08:25:03.089+0000][7][gc,phases   ] GC(12)   Post Evacuate Collection Set: 6.0ms
[2023-02-24T08:25:03.090+0000][7][gc,phases   ] GC(12)   Other: 6.2ms
[2023-02-24T08:25:03.091+0000][7][gc,heap     ] GC(12) Eden regions: 227->0(280)
[2023-02-24T08:25:03.092+0000][7][gc,heap     ] GC(12) Survivor regions: 39->13(39)
[2023-02-24T08:25:03.092+0000][7][gc,heap     ] GC(12) Old regions: 10->49
[2023-02-24T08:25:03.093+0000][7][gc,heap     ] GC(12) Archive regions: 0->0
[2023-02-24T08:25:03.094+0000][7][gc,heap     ] GC(12) Humongous regions: 1->1
[2023-02-24T08:25:03.094+0000][7][gc,metaspace] GC(12) Metaspace: 73300K(76800K)->73300K(76800K) NonClass: 63639K(66176K)->63639K(66176K) Class: 9660K(10624K)->9660K(10624K)
[2023-02-24T08:25:03.096+0000][7][gc          ] GC(12) Pause Young (Concurrent Start) (Metadata GC Threshold) 276M->62M(512M) 100.943ms
[2023-02-24T08:25:03.096+0000][7][gc,cpu      ] GC(12) User=0.08s Sys=0.00s Real=0.10s
[2023-02-24T08:25:03.097+0000][7][safepoint   ] Safepoint "CollectForMetadataAllocation", Time since last: 680345917 ns, Reaching safepoint: 494750 ns, At safepoint: 102533667 ns, Total: 103028417 ns
[2023-02-24T08:25:03.097+0000][7][gc          ] GC(13) Concurrent Cycle
[2023-02-24T08:25:03.104+0000][7][gc,marking  ] GC(13) Concurrent Clear Claimed Marks
[2023-02-24T08:25:03.105+0000][7][gc,marking  ] GC(13) Concurrent Clear Claimed Marks 0.872ms
[2023-02-24T08:25:03.105+0000][7][gc,marking  ] GC(13) Concurrent Scan Root Regions
[2023-02-24T08:25:03.141+0000][7][safepoint   ] Safepoint "CollectForMetadataAllocation", Time since last: 44262333 ns, Reaching safepoint: 51292 ns, At safepoint: 67333 ns, Total: 118625 ns
[2023-02-24T08:25:03.164+0000][7][gc,marking  ] GC(13) Concurrent Scan Root Regions 59.112ms
[2023-02-24T08:25:03.171+0000][7][gc,marking  ] GC(13) Concurrent Mark (16.555s)
[2023-02-24T08:25:03.172+0000][7][gc,marking  ] GC(13) Concurrent Mark From Roots
[2023-02-24T08:25:03.175+0000][7][gc,task     ] GC(13) Using 1 workers of 1 for marking
[2023-02-24T08:25:03.194+0000][7][safepoint   ] Safepoint "CollectForMetadataAllocation", Time since last: 50281584 ns, Reaching safepoint: 2633958 ns, At safepoint: 112208 ns, Total: 2746166 ns
[2023-02-24T08:25:03.198+0000][7][gc,marking  ] GC(13) Concurrent Mark From Roots 25.653ms
[2023-02-24T08:25:03.199+0000][7][gc,marking  ] GC(13) Concurrent Preclean
[2023-02-24T08:25:03.199+0000][7][gc,marking  ] GC(13) Concurrent Preclean 0.833ms
[2023-02-24T08:25:03.200+0000][7][gc,marking  ] GC(13) Concurrent Mark (16.555s, 16.584s) 29.285ms
[2023-02-24T08:25:03.202+0000][7][gc,start    ] GC(13) Pause Remark
[2023-02-24T08:25:03.211+0000][7][gc          ] GC(13) Pause Remark 66M->66M(512M) 9.198ms
[2023-02-24T08:25:03.212+0000][7][gc,cpu      ] GC(13) User=0.01s Sys=0.00s Real=0.01s
[2023-02-24T08:25:03.213+0000][7][safepoint   ] Safepoint "G1Concurrent", Time since last: 6605250 ns, Reaching safepoint: 439834 ns, At safepoint: 11129791 ns, Total: 11569625 ns
[2023-02-24T08:25:03.213+0000][7][gc,marking  ] GC(13) Concurrent Rebuild Remembered Sets
[2023-02-24T08:25:03.372+0000][7][gc,marking  ] GC(13) Concurrent Rebuild Remembered Sets 158.907ms
[2023-02-24T08:25:03.375+0000][7][gc,start    ] GC(13) Pause Cleanup
[2023-02-24T08:25:03.376+0000][7][gc          ] GC(13) Pause Cleanup 75M->75M(512M) 0.836ms
[2023-02-24T08:25:03.377+0000][7][gc,cpu      ] GC(13) User=0.00s Sys=0.00s Real=0.00s
[2023-02-24T08:25:03.379+0000][7][safepoint   ] Safepoint "G1Concurrent", Time since last: 161829417 ns, Reaching safepoint: 944667 ns, At safepoint: 3097208 ns, Total: 4041875 ns
[2023-02-24T08:25:03.380+0000][7][gc,marking  ] GC(13) Concurrent Cleanup for Next Mark
[2023-02-24T08:25:03.381+0000][7][gc,marking  ] GC(13) Concurrent Cleanup for Next Mark 1.388ms
[2023-02-24T08:25:03.383+0000][7][gc          ] GC(13) Concurrent Cycle 285.781ms
[2023-02-24T08:25:04.201+0000][7][safepoint   ] Safepoint "ICBufferFull", Time since last: 822022334 ns, Reaching safepoint: 180667 ns, At safepoint: 3000 ns, Total: 183667 ns
[2023-02-24T08:25:04.895+0000][7][safepoint   ] Safepoint "ICBufferFull", Time since last: 694385417 ns, Reaching safepoint: 149916 ns, At safepoint: 9709 ns, Total: 159625 ns
[2023-02-24T08:25:05.458+0000][7][gc,heap,exit] Heap
[2023-02-24T08:25:05.459+0000][7][gc,heap,exit]  garbage-first heap   total 524288K, used 152763K [0x00000000e0000000, 0x0000000100000000)
[2023-02-24T08:25:05.460+0000][7][gc,heap,exit]   region size 1024K, 101 young (103424K), 13 survivors (13312K)
[2023-02-24T08:25:05.460+0000][7][gc,heap,exit]  Metaspace       used 86248K, capacity 89234K, committed 90240K, reserved 1126400K
[2023-02-24T08:25:05.462+0000][7][gc,heap,exit]   class space    used 11405K, capacity 12371K, committed 12416K, reserved 1048576K
