[2023-01-09T09:49:34.848+0000][8][gc] Using G1
[2023-01-09T09:49:35.043+0000][8][gc,init] Version: 15+36-1562 (release)
[2023-01-09T09:49:35.044+0000][8][gc,init] CPUs: 4 total, 4 available
[2023-01-09T09:49:35.045+0000][8][gc,init] Memory: 7951M
[2023-01-09T09:49:35.046+0000][8][gc,init] Large Page Support: Disabled
[2023-01-09T09:49:35.047+0000][8][gc,init] NUMA Support: Disabled
[2023-01-09T09:49:35.048+0000][8][gc,init] Compressed Oops: Enabled (32-bit)
[2023-01-09T09:49:35.049+0000][8][gc,init] Heap Region Size: 1M
[2023-01-09T09:49:35.050+0000][8][gc,init] Heap Min Capacity: 512M
[2023-01-09T09:49:35.050+0000][8][gc,init] Heap Initial Capacity: 512M
[2023-01-09T09:49:35.051+0000][8][gc,init] Heap Max Capacity: 512M
[2023-01-09T09:49:35.052+0000][8][gc,init] Pre-touch: Enabled
[2023-01-09T09:49:35.053+0000][8][gc,init] Parallel Workers: 4
[2023-01-09T09:49:35.054+0000][8][gc,init] Concurrent Workers: 1
[2023-01-09T09:49:35.054+0000][8][gc,init] Concurrent Refinement Workers: 4
[2023-01-09T09:49:35.055+0000][8][gc,init] Periodic GC: Disabled
[2023-01-09T09:49:35.056+0000][8][gc,metaspace] CDS disabled.
[2023-01-09T09:49:35.057+0000][8][gc,metaspace] Compressed class space mapped at: 0x0000000100000000-0x0000000140000000, size: 1073741824
[2023-01-09T09:49:35.057+0000][8][gc,metaspace] Narrow klass base: 0x0000000000000000, Narrow klass shift: 3, Narrow klass range: 0x140000000
[2023-01-09T09:49:35.517+0000][8][safepoint   ] Safepoint "ICBufferFull", Time since last: 428594916 ns, Reaching safepoint: 702167 ns, At safepoint: 24667 ns, Total: 726834 ns
[2023-01-09T09:49:35.827+0000][8][safepoint   ] Safepoint "ICBufferFull", Time since last: 309336375 ns, Reaching safepoint: 60792 ns, At safepoint: 1833 ns, Total: 62625 ns
[2023-01-09T09:49:36.067+0000][8][safepoint   ] Safepoint "ICBufferFull", Time since last: 239682208 ns, Reaching safepoint: 69167 ns, At safepoint: 1625 ns, Total: 70792 ns
[2023-01-09T09:49:36.176+0000][8][gc,start    ] GC(0) Pause Young (Normal) (G1 Evacuation Pause)
[2023-01-09T09:49:36.187+0000][8][gc,task     ] GC(0) Using 4 workers of 4 for evacuation
[2023-01-09T09:49:36.188+0000][8][gc,age      ] GC(0) Desired survivor size 2097152 bytes, new threshold 15 (max threshold 15)
[2023-01-09T09:49:36.201+0000][8][gc,age      ] GC(0) Age table with threshold 15 (max threshold 15)
[2023-01-09T09:49:36.202+0000][8][gc,age      ] GC(0) - age   1:    3918072 bytes,    3918072 total
[2023-01-09T09:49:36.203+0000][8][gc,phases   ] GC(0)   Pre Evacuate Collection Set: 0.3ms
[2023-01-09T09:49:36.204+0000][8][gc,phases   ] GC(0)   Merge Heap Roots: 0.0ms
[2023-01-09T09:49:36.205+0000][8][gc,phases   ] GC(0)   Evacuate Collection Set: 10.8ms
[2023-01-09T09:49:36.209+0000][8][gc,phases   ] GC(0)   Post Evacuate Collection Set: 0.6ms
[2023-01-09T09:49:36.220+0000][8][gc,phases   ] GC(0)   Other: 15.3ms
[2023-01-09T09:49:36.221+0000][8][gc,heap     ] GC(0) Eden regions: 25->0(25)
[2023-01-09T09:49:36.222+0000][8][gc,heap     ] GC(0) Survivor regions: 0->4(4)
[2023-01-09T09:49:36.223+0000][8][gc,heap     ] GC(0) Old regions: 0->0
[2023-01-09T09:49:36.225+0000][8][gc,heap     ] GC(0) Archive regions: 0->0
[2023-01-09T09:49:36.226+0000][8][gc,heap     ] GC(0) Humongous regions: 1->1
[2023-01-09T09:49:36.226+0000][8][gc,metaspace] GC(0) Metaspace: 15676K(16384K)->15676K(16384K) NonClass: 14092K(14592K)->14092K(14592K) Class: 1584K(1792K)->1584K(1792K)
[2023-01-09T09:49:36.228+0000][8][gc          ] GC(0) Pause Young (Normal) (G1 Evacuation Pause) 26M->4M(512M) 51.346ms
[2023-01-09T09:49:36.228+0000][8][gc,cpu      ] GC(0) User=0.04s Sys=0.00s Real=0.05s
[2023-01-09T09:49:36.230+0000][8][safepoint   ] Safepoint "G1CollectForAllocation", Time since last: 109409917 ns, Reaching safepoint: 55791 ns, At safepoint: 54300209 ns, Total: 54356000 ns
[2023-01-09T09:49:36.772+0000][8][safepoint   ] Safepoint "ICBufferFull", Time since last: 541344125 ns, Reaching safepoint: 105333 ns, At safepoint: 3167 ns, Total: 108500 ns
[2023-01-09T09:49:36.972+0000][8][gc,start    ] GC(1) Pause Young (Concurrent Start) (Metadata GC Threshold)
[2023-01-09T09:49:36.975+0000][8][gc,task     ] GC(1) Using 4 workers of 4 for evacuation
[2023-01-09T09:49:36.976+0000][8][gc,age      ] GC(1) Desired survivor size 2097152 bytes, new threshold 1 (max threshold 15)
[2023-01-09T09:49:36.998+0000][8][gc,age      ] GC(1) Age table with threshold 1 (max threshold 15)
[2023-01-09T09:49:36.999+0000][8][gc,age      ] GC(1) - age   1:    2138432 bytes,    2138432 total
[2023-01-09T09:49:37.000+0000][8][gc,phases   ] GC(1)   Pre Evacuate Collection Set: 0.2ms
[2023-01-09T09:49:37.001+0000][8][gc,phases   ] GC(1)   Merge Heap Roots: 0.0ms
[2023-01-09T09:49:37.002+0000][8][gc,phases   ] GC(1)   Evacuate Collection Set: 20.6ms
[2023-01-09T09:49:37.002+0000][8][gc,phases   ] GC(1)   Post Evacuate Collection Set: 0.5ms
[2023-01-09T09:49:37.003+0000][8][gc,phases   ] GC(1)   Other: 7.2ms
[2023-01-09T09:49:37.004+0000][8][gc,heap     ] GC(1) Eden regions: 23->0(34)
[2023-01-09T09:49:37.005+0000][8][gc,heap     ] GC(1) Survivor regions: 4->3(4)
[2023-01-09T09:49:37.006+0000][8][gc,heap     ] GC(1) Old regions: 0->4
[2023-01-09T09:49:37.006+0000][8][gc,heap     ] GC(1) Archive regions: 0->0
[2023-01-09T09:49:37.007+0000][8][gc,heap     ] GC(1) Humongous regions: 1->1
[2023-01-09T09:49:37.008+0000][8][gc,metaspace] GC(1) Metaspace: 20663K(21248K)->20663K(21248K) NonClass: 18438K(18944K)->18438K(18944K) Class: 2225K(2304K)->2225K(2304K)
[2023-01-09T09:49:37.008+0000][8][gc          ] GC(1) Pause Young (Concurrent Start) (Metadata GC Threshold) 27M->7M(512M) 36.682ms
[2023-01-09T09:49:37.009+0000][8][gc,cpu      ] GC(1) User=0.01s Sys=0.00s Real=0.04s
[2023-01-09T09:49:37.011+0000][8][safepoint   ] Safepoint "CollectForMetadataAllocation", Time since last: 195723333 ns, Reaching safepoint: 3953459 ns, At safepoint: 39907958 ns, Total: 43861417 ns
[2023-01-09T09:49:37.011+0000][8][gc          ] GC(2) Concurrent Cycle
[2023-01-09T09:49:37.013+0000][8][gc,marking  ] GC(2) Concurrent Clear Claimed Marks
[2023-01-09T09:49:37.013+0000][8][gc,marking  ] GC(2) Concurrent Clear Claimed Marks 0.604ms
[2023-01-09T09:49:37.014+0000][8][gc,marking  ] GC(2) Concurrent Scan Root Regions
[2023-01-09T09:49:37.019+0000][8][gc,marking  ] GC(2) Concurrent Scan Root Regions 5.138ms
[2023-01-09T09:49:37.020+0000][8][gc,marking  ] GC(2) Concurrent Mark (2.186s)
[2023-01-09T09:49:37.021+0000][8][gc,marking  ] GC(2) Concurrent Mark From Roots
[2023-01-09T09:49:37.022+0000][8][gc,task     ] GC(2) Using 1 workers of 1 for marking
[2023-01-09T09:49:37.023+0000][8][gc,marking  ] GC(2) Concurrent Mark From Roots 1.696ms
[2023-01-09T09:49:37.027+0000][8][gc,marking  ] GC(2) Concurrent Preclean
[2023-01-09T09:49:37.033+0000][8][gc,marking  ] GC(2) Concurrent Preclean 6.233ms
[2023-01-09T09:49:37.034+0000][8][gc,marking  ] GC(2) Concurrent Mark (2.186s, 2.200s) 14.278ms
[2023-01-09T09:49:37.036+0000][8][gc,start    ] GC(2) Pause Remark
[2023-01-09T09:49:37.042+0000][8][gc          ] GC(2) Pause Remark 7M->7M(512M) 6.347ms
[2023-01-09T09:49:37.046+0000][8][gc,cpu      ] GC(2) User=0.01s Sys=0.00s Real=0.01s
[2023-01-09T09:49:37.047+0000][8][safepoint   ] Safepoint "G1Concurrent", Time since last: 23947625 ns, Reaching safepoint: 471708 ns, At safepoint: 10742251 ns, Total: 11213959 ns
[2023-01-09T09:49:37.047+0000][8][gc,marking  ] GC(2) Concurrent Rebuild Remembered Sets
[2023-01-09T09:49:37.050+0000][8][gc,marking  ] GC(2) Concurrent Rebuild Remembered Sets 2.892ms
[2023-01-09T09:49:37.053+0000][8][gc,start    ] GC(2) Pause Cleanup
[2023-01-09T09:49:37.054+0000][8][gc          ] GC(2) Pause Cleanup 7M->7M(512M) 1.814ms
[2023-01-09T09:49:37.055+0000][8][gc,cpu      ] GC(2) User=0.00s Sys=0.00s Real=0.01s
[2023-01-09T09:49:37.056+0000][8][safepoint   ] Safepoint "G1Concurrent", Time since last: 4317458 ns, Reaching safepoint: 1783333 ns, At safepoint: 3496625 ns, Total: 5279958 ns
[2023-01-09T09:49:37.057+0000][8][gc,marking  ] GC(2) Concurrent Cleanup for Next Mark
[2023-01-09T09:49:37.058+0000][8][gc,marking  ] GC(2) Concurrent Cleanup for Next Mark 1.101ms
[2023-01-09T09:49:37.059+0000][8][gc          ] GC(2) Concurrent Cycle 47.403ms
[2023-01-09T09:49:37.610+0000][8][safepoint   ] Safepoint "ICBufferFull", Time since last: 554032667 ns, Reaching safepoint: 113833 ns, At safepoint: 2000 ns, Total: 115833 ns
[2023-01-09T09:49:37.645+0000][8][gc,start    ] GC(3) Pause Young (Normal) (G1 Evacuation Pause)
[2023-01-09T09:49:37.646+0000][8][gc,task     ] GC(3) Using 4 workers of 4 for evacuation
[2023-01-09T09:49:37.647+0000][8][gc,age      ] GC(3) Desired survivor size 2621440 bytes, new threshold 15 (max threshold 15)
[2023-01-09T09:49:37.661+0000][8][gc,age      ] GC(3) Age table with threshold 15 (max threshold 15)
[2023-01-09T09:49:37.662+0000][8][gc,age      ] GC(3) - age   1:    2944032 bytes,    2944032 total
[2023-01-09T09:49:37.663+0000][8][gc,age      ] GC(3) - age   2:    2117568 bytes,    5061600 total
[2023-01-09T09:49:37.664+0000][8][gc,phases   ] GC(3)   Pre Evacuate Collection Set: 0.1ms
[2023-01-09T09:49:37.665+0000][8][gc,phases   ] GC(3)   Merge Heap Roots: 0.0ms
[2023-01-09T09:49:37.666+0000][8][gc,phases   ] GC(3)   Evacuate Collection Set: 12.4ms
[2023-01-09T09:49:37.666+0000][8][gc,phases   ] GC(3)   Post Evacuate Collection Set: 0.6ms
[2023-01-09T09:49:37.667+0000][8][gc,phases   ] GC(3)   Other: 6.2ms
[2023-01-09T09:49:37.668+0000][8][gc,heap     ] GC(3) Eden regions: 34->0(192)
[2023-01-09T09:49:37.668+0000][8][gc,heap     ] GC(3) Survivor regions: 3->5(5)
[2023-01-09T09:49:37.669+0000][8][gc,heap     ] GC(3) Old regions: 4->4
[2023-01-09T09:49:37.669+0000][8][gc,heap     ] GC(3) Archive regions: 0->0
[2023-01-09T09:49:37.670+0000][8][gc,heap     ] GC(3) Humongous regions: 1->1
[2023-01-09T09:49:37.683+0000][8][gc,metaspace] GC(3) Metaspace: 22375K(23036K)->22375K(23036K) NonClass: 19964K(20476K)->19964K(20476K) Class: 2411K(2560K)->2411K(2560K)
[2023-01-09T09:49:37.684+0000][8][gc          ] GC(3) Pause Young (Normal) (G1 Evacuation Pause) 41M->9M(512M) 39.465ms
[2023-01-09T09:49:37.686+0000][8][gc,cpu      ] GC(3) User=0.02s Sys=0.01s Real=0.05s
[2023-01-09T09:49:37.687+0000][8][safepoint   ] Safepoint "G1CollectForAllocation", Time since last: 34578584 ns, Reaching safepoint: 113375 ns, At safepoint: 41598000 ns, Total: 41711375 ns
[2023-01-09T09:49:37.797+0000][8][safepoint   ] Safepoint "ICBufferFull", Time since last: 109832125 ns, Reaching safepoint: 737458 ns, At safepoint: 2334 ns, Total: 739792 ns
[2023-01-09T09:49:37.801+0000][8][safepoint   ] Safepoint "ICBufferFull", Time since last: 3711708 ns, Reaching safepoint: 546833 ns, At safepoint: 1709 ns, Total: 548542 ns
[2023-01-09T09:49:37.806+0000][8][safepoint   ] Safepoint "ICBufferFull", Time since last: 4046000 ns, Reaching safepoint: 410375 ns, At safepoint: 4875 ns, Total: 415250 ns
[2023-01-09T09:49:37.810+0000][8][safepoint   ] Safepoint "ICBufferFull", Time since last: 1710666 ns, Reaching safepoint: 2297042 ns, At safepoint: 3542 ns, Total: 2300584 ns
[2023-01-09T09:49:37.836+0000][8][safepoint   ] Safepoint "ICBufferFull", Time since last: 12132833 ns, Reaching safepoint: 13753458 ns, At safepoint: 3834 ns, Total: 13757292 ns
[2023-01-09T09:49:37.838+0000][8][safepoint   ] Safepoint "ICBufferFull", Time since last: 2113500 ns, Reaching safepoint: 108833 ns, At safepoint: 1375 ns, Total: 110208 ns
[2023-01-09T09:49:37.841+0000][8][safepoint   ] Safepoint "ICBufferFull", Time since last: 2656792 ns, Reaching safepoint: 113083 ns, At safepoint: 1792 ns, Total: 114875 ns
[2023-01-09T09:49:37.870+0000][8][safepoint   ] Safepoint "ICBufferFull", Time since last: 28854125 ns, Reaching safepoint: 39375 ns, At safepoint: 2416 ns, Total: 41791 ns
[2023-01-09T09:49:37.872+0000][8][safepoint   ] Safepoint "ICBufferFull", Time since last: 2211209 ns, Reaching safepoint: 36625 ns, At safepoint: 1416 ns, Total: 38041 ns
[2023-01-09T09:49:37.874+0000][8][safepoint   ] Safepoint "ICBufferFull", Time since last: 1816792 ns, Reaching safepoint: 28500 ns, At safepoint: 1458 ns, Total: 29958 ns
[2023-01-09T09:49:37.875+0000][8][safepoint   ] Safepoint "ICBufferFull", Time since last: 1685167 ns, Reaching safepoint: 26583 ns, At safepoint: 1542 ns, Total: 28125 ns
[2023-01-09T09:49:37.881+0000][8][safepoint   ] Safepoint "ICBufferFull", Time since last: 3103125 ns, Reaching safepoint: 2043250 ns, At safepoint: 2083 ns, Total: 2045333 ns
[2023-01-09T09:49:37.884+0000][8][safepoint   ] Safepoint "ICBufferFull", Time since last: 1765834 ns, Reaching safepoint: 1569041 ns, At safepoint: 1625 ns, Total: 1570666 ns
[2023-01-09T09:49:37.886+0000][8][safepoint   ] Safepoint "ICBufferFull", Time since last: 1710917 ns, Reaching safepoint: 150625 ns, At safepoint: 1417 ns, Total: 152042 ns
[2023-01-09T09:49:37.896+0000][8][safepoint   ] Safepoint "ICBufferFull", Time since last: 8064500 ns, Reaching safepoint: 1754291 ns, At safepoint: 2167 ns, Total: 1756458 ns
[2023-01-09T09:49:37.899+0000][8][safepoint   ] Safepoint "ICBufferFull", Time since last: 1667917 ns, Reaching safepoint: 2163916 ns, At safepoint: 1959 ns, Total: 2165875 ns
[2023-01-09T09:49:37.902+0000][8][safepoint   ] Safepoint "ICBufferFull", Time since last: 1895958 ns, Reaching safepoint: 335708 ns, At safepoint: 2250 ns, Total: 337958 ns
[2023-01-09T09:49:37.905+0000][8][safepoint   ] Safepoint "ICBufferFull", Time since last: 2074500 ns, Reaching safepoint: 1083834 ns, At safepoint: 1958 ns, Total: 1085792 ns
[2023-01-09T09:49:37.909+0000][8][safepoint   ] Safepoint "ICBufferFull", Time since last: 1584542 ns, Reaching safepoint: 2538250 ns, At safepoint: 9916 ns, Total: 2548166 ns
[2023-01-09T09:49:37.925+0000][8][safepoint   ] Safepoint "ICBufferFull", Time since last: 15612084 ns, Reaching safepoint: 137000 ns, At safepoint: 4000 ns, Total: 141000 ns
[2023-01-09T09:49:37.930+0000][8][safepoint   ] Safepoint "ICBufferFull", Time since last: 2939166 ns, Reaching safepoint: 1798750 ns, At safepoint: 6917 ns, Total: 1805667 ns
[2023-01-09T09:49:37.932+0000][8][safepoint   ] Safepoint "ICBufferFull", Time since last: 1616250 ns, Reaching safepoint: 747167 ns, At safepoint: 1916 ns, Total: 749083 ns
[2023-01-09T09:49:37.935+0000][8][safepoint   ] Safepoint "ICBufferFull", Time since last: 1693792 ns, Reaching safepoint: 1272083 ns, At safepoint: 2667 ns, Total: 1274750 ns
[2023-01-09T09:49:37.954+0000][8][safepoint   ] Safepoint "ICBufferFull", Time since last: 19353375 ns, Reaching safepoint: 35625 ns, At safepoint: 2667 ns, Total: 38292 ns
[2023-01-09T09:49:37.956+0000][8][safepoint   ] Safepoint "ICBufferFull", Time since last: 1846500 ns, Reaching safepoint: 134750 ns, At safepoint: 1583 ns, Total: 136333 ns
[2023-01-09T09:49:37.960+0000][8][safepoint   ] Safepoint "ICBufferFull", Time since last: 2580458 ns, Reaching safepoint: 1373375 ns, At safepoint: 2000 ns, Total: 1375375 ns
[2023-01-09T09:49:37.964+0000][8][safepoint   ] Safepoint "ICBufferFull", Time since last: 2528417 ns, Reaching safepoint: 1789000 ns, At safepoint: 1958 ns, Total: 1790958 ns
[2023-01-09T09:49:37.966+0000][8][safepoint   ] Safepoint "ICBufferFull", Time since last: 1427250 ns, Reaching safepoint: 62584 ns, At safepoint: 1333 ns, Total: 63917 ns
[2023-01-09T09:49:37.973+0000][8][safepoint   ] Safepoint "ICBufferFull", Time since last: 1700958 ns, Reaching safepoint: 5232125 ns, At safepoint: 9459 ns, Total: 5241584 ns
[2023-01-09T09:49:37.978+0000][8][safepoint   ] Safepoint "ICBufferFull", Time since last: 2096083 ns, Reaching safepoint: 3173750 ns, At safepoint: 3583 ns, Total: 3177333 ns
[2023-01-09T09:49:37.981+0000][8][safepoint   ] Safepoint "ICBufferFull", Time since last: 2213584 ns, Reaching safepoint: 115708 ns, At safepoint: 5875 ns, Total: 121583 ns
[2023-01-09T09:49:37.988+0000][8][safepoint   ] Safepoint "ICBufferFull", Time since last: 7096792 ns, Reaching safepoint: 117166 ns, At safepoint: 1792 ns, Total: 118958 ns
[2023-01-09T09:49:37.995+0000][8][safepoint   ] Safepoint "ICBufferFull", Time since last: 7084583 ns, Reaching safepoint: 106709 ns, At safepoint: 1541 ns, Total: 108250 ns
[2023-01-09T09:49:38.002+0000][8][safepoint   ] Safepoint "ICBufferFull", Time since last: 2082709 ns, Reaching safepoint: 5070750 ns, At safepoint: 8250 ns, Total: 5079000 ns
[2023-01-09T09:49:38.005+0000][8][safepoint   ] Safepoint "ICBufferFull", Time since last: 3139916 ns, Reaching safepoint: 125542 ns, At safepoint: 1625 ns, Total: 127167 ns
[2023-01-09T09:49:38.008+0000][8][safepoint   ] Safepoint "ICBufferFull", Time since last: 2337417 ns, Reaching safepoint: 99375 ns, At safepoint: 1458 ns, Total: 100833 ns
[2023-01-09T09:49:38.011+0000][8][safepoint   ] Safepoint "ICBufferFull", Time since last: 2984375 ns, Reaching safepoint: 102417 ns, At safepoint: 1416 ns, Total: 103833 ns
[2023-01-09T09:49:38.017+0000][8][safepoint   ] Safepoint "ICBufferFull", Time since last: 5826625 ns, Reaching safepoint: 109334 ns, At safepoint: 1666 ns, Total: 111000 ns
[2023-01-09T09:49:38.019+0000][8][safepoint   ] Safepoint "ICBufferFull", Time since last: 1593959 ns, Reaching safepoint: 96041 ns, At safepoint: 1459 ns, Total: 97500 ns
[2023-01-09T09:49:38.020+0000][8][safepoint   ] Safepoint "ICBufferFull", Time since last: 1294125 ns, Reaching safepoint: 513041 ns, At safepoint: 1750 ns, Total: 514791 ns
[2023-01-09T09:49:38.022+0000][8][safepoint   ] Safepoint "ICBufferFull", Time since last: 1277084 ns, Reaching safepoint: 100166 ns, At safepoint: 1500 ns, Total: 101666 ns
[2023-01-09T09:49:38.023+0000][8][safepoint   ] Safepoint "ICBufferFull", Time since last: 844500 ns, Reaching safepoint: 92334 ns, At safepoint: 1500 ns, Total: 93834 ns
[2023-01-09T09:49:38.024+0000][8][safepoint   ] Safepoint "ICBufferFull", Time since last: 1598958 ns, Reaching safepoint: 96625 ns, At safepoint: 1417 ns, Total: 98042 ns
[2023-01-09T09:49:38.026+0000][8][safepoint   ] Safepoint "ICBufferFull", Time since last: 1489250 ns, Reaching safepoint: 99291 ns, At safepoint: 1417 ns, Total: 100708 ns
[2023-01-09T09:49:38.027+0000][8][safepoint   ] Safepoint "ICBufferFull", Time since last: 1398958 ns, Reaching safepoint: 98750 ns, At safepoint: 1459 ns, Total: 100209 ns
[2023-01-09T09:49:38.030+0000][8][safepoint   ] Safepoint "ICBufferFull", Time since last: 924291 ns, Reaching safepoint: 1323334 ns, At safepoint: 2250 ns, Total: 1325584 ns
[2023-01-09T09:49:38.032+0000][8][safepoint   ] Safepoint "ICBufferFull", Time since last: 1014000 ns, Reaching safepoint: 1182500 ns, At safepoint: 2958 ns, Total: 1185458 ns
[2023-01-09T09:49:38.035+0000][8][safepoint   ] Safepoint "ICBufferFull", Time since last: 2669792 ns, Reaching safepoint: 101916 ns, At safepoint: 1459 ns, Total: 103375 ns
[2023-01-09T09:49:38.036+0000][8][safepoint   ] Safepoint "ICBufferFull", Time since last: 891125 ns, Reaching safepoint: 110750 ns, At safepoint: 1208 ns, Total: 111958 ns
[2023-01-09T09:49:38.039+0000][8][safepoint   ] Safepoint "ICBufferFull", Time since last: 3535542 ns, Reaching safepoint: 106541 ns, At safepoint: 1625 ns, Total: 108166 ns
[2023-01-09T09:49:38.040+0000][8][safepoint   ] Safepoint "ICBufferFull", Time since last: 1036334 ns, Reaching safepoint: 126583 ns, At safepoint: 1667 ns, Total: 128250 ns
[2023-01-09T09:49:38.042+0000][8][safepoint   ] Safepoint "ICBufferFull", Time since last: 1111000 ns, Reaching safepoint: 244416 ns, At safepoint: 1459 ns, Total: 245875 ns
[2023-01-09T09:49:38.045+0000][8][safepoint   ] Safepoint "ICBufferFull", Time since last: 3418250 ns, Reaching safepoint: 109291 ns, At safepoint: 1459 ns, Total: 110750 ns
[2023-01-09T09:49:38.047+0000][8][safepoint   ] Safepoint "ICBufferFull", Time since last: 1237916 ns, Reaching safepoint: 95209 ns, At safepoint: 1500 ns, Total: 96709 ns
[2023-01-09T09:49:38.048+0000][8][safepoint   ] Safepoint "ICBufferFull", Time since last: 921250 ns, Reaching safepoint: 95291 ns, At safepoint: 1334 ns, Total: 96625 ns
[2023-01-09T09:49:38.049+0000][8][safepoint   ] Safepoint "ICBufferFull", Time since last: 931291 ns, Reaching safepoint: 95084 ns, At safepoint: 1458 ns, Total: 96542 ns
[2023-01-09T09:49:38.050+0000][8][safepoint   ] Safepoint "ICBufferFull", Time since last: 796958 ns, Reaching safepoint: 93042 ns, At safepoint: 1333 ns, Total: 94375 ns
[2023-01-09T09:49:38.051+0000][8][safepoint   ] Safepoint "ICBufferFull", Time since last: 910917 ns, Reaching safepoint: 131000 ns, At safepoint: 1875 ns, Total: 132875 ns
[2023-01-09T09:49:38.052+0000][8][safepoint   ] Safepoint "ICBufferFull", Time since last: 1248917 ns, Reaching safepoint: 99125 ns, At safepoint: 1500 ns, Total: 100625 ns
[2023-01-09T09:49:38.054+0000][8][safepoint   ] Safepoint "ICBufferFull", Time since last: 1678125 ns, Reaching safepoint: 25291 ns, At safepoint: 1500 ns, Total: 26791 ns
[2023-01-09T09:49:38.055+0000][8][safepoint   ] Safepoint "ICBufferFull", Time since last: 1215584 ns, Reaching safepoint: 56708 ns, At safepoint: 1375 ns, Total: 58083 ns
[2023-01-09T09:49:38.056+0000][8][safepoint   ] Safepoint "ICBufferFull", Time since last: 819833 ns, Reaching safepoint: 21125 ns, At safepoint: 1375 ns, Total: 22500 ns
[2023-01-09T09:49:38.057+0000][8][safepoint   ] Safepoint "ICBufferFull", Time since last: 963209 ns, Reaching safepoint: 21708 ns, At safepoint: 1208 ns, Total: 22916 ns
[2023-01-09T09:49:38.058+0000][8][safepoint   ] Safepoint "ICBufferFull", Time since last: 927000 ns, Reaching safepoint: 22334 ns, At safepoint: 1333 ns, Total: 23667 ns
[2023-01-09T09:49:38.068+0000][8][safepoint   ] Safepoint "ICBufferFull", Time since last: 10370167 ns, Reaching safepoint: 42541 ns, At safepoint: 1459 ns, Total: 44000 ns
[2023-01-09T09:49:38.069+0000][8][safepoint   ] Safepoint "ICBufferFull", Time since last: 1224208 ns, Reaching safepoint: 21833 ns, At safepoint: 1250 ns, Total: 23083 ns
[2023-01-09T09:49:38.070+0000][8][safepoint   ] Safepoint "ICBufferFull", Time since last: 852167 ns, Reaching safepoint: 20250 ns, At safepoint: 1292 ns, Total: 21542 ns
[2023-01-09T09:49:38.072+0000][8][safepoint   ] Safepoint "ICBufferFull", Time since last: 1840291 ns, Reaching safepoint: 26000 ns, At safepoint: 1334 ns, Total: 27334 ns
[2023-01-09T09:49:38.073+0000][8][safepoint   ] Safepoint "ICBufferFull", Time since last: 1072708 ns, Reaching safepoint: 20958 ns, At safepoint: 1292 ns, Total: 22250 ns
[2023-01-09T09:49:38.077+0000][8][safepoint   ] Safepoint "ICBufferFull", Time since last: 4050500 ns, Reaching safepoint: 31208 ns, At safepoint: 1584 ns, Total: 32792 ns
[2023-01-09T09:49:38.082+0000][8][safepoint   ] Safepoint "ICBufferFull", Time since last: 4981458 ns, Reaching safepoint: 31833 ns, At safepoint: 1334 ns, Total: 33167 ns
[2023-01-09T09:49:38.083+0000][8][safepoint   ] Safepoint "ICBufferFull", Time since last: 997125 ns, Reaching safepoint: 20958 ns, At safepoint: 1292 ns, Total: 22250 ns
[2023-01-09T09:49:38.086+0000][8][safepoint   ] Safepoint "ICBufferFull", Time since last: 2241166 ns, Reaching safepoint: 27500 ns, At safepoint: 1250 ns, Total: 28750 ns
[2023-01-09T09:49:38.088+0000][8][safepoint   ] Safepoint "ICBufferFull", Time since last: 2475875 ns, Reaching safepoint: 25792 ns, At safepoint: 1375 ns, Total: 27167 ns
[2023-01-09T09:49:38.094+0000][8][safepoint   ] Safepoint "ICBufferFull", Time since last: 5907292 ns, Reaching safepoint: 35291 ns, At safepoint: 1500 ns, Total: 36791 ns
[2023-01-09T09:49:38.099+0000][8][safepoint   ] Safepoint "ICBufferFull", Time since last: 4484542 ns, Reaching safepoint: 103667 ns, At safepoint: 1625 ns, Total: 105292 ns
[2023-01-09T09:49:38.101+0000][8][safepoint   ] Safepoint "ICBufferFull", Time since last: 2051166 ns, Reaching safepoint: 102125 ns, At safepoint: 1459 ns, Total: 103584 ns
[2023-01-09T09:49:38.105+0000][8][safepoint   ] Safepoint "ICBufferFull", Time since last: 4006083 ns, Reaching safepoint: 106167 ns, At safepoint: 1333 ns, Total: 107500 ns
[2023-01-09T09:49:38.111+0000][8][safepoint   ] Safepoint "ICBufferFull", Time since last: 3938667 ns, Reaching safepoint: 2388291 ns, At safepoint: 10584 ns, Total: 2398875 ns
[2023-01-09T09:49:38.156+0000][8][safepoint   ] Safepoint "ICBufferFull", Time since last: 44897000 ns, Reaching safepoint: 59541 ns, At safepoint: 2834 ns, Total: 62375 ns
[2023-01-09T09:49:38.179+0000][8][safepoint   ] Safepoint "ICBufferFull", Time since last: 13731041 ns, Reaching safepoint: 9189834 ns, At safepoint: 16250 ns, Total: 9206084 ns
[2023-01-09T09:49:38.205+0000][8][safepoint   ] Safepoint "ICBufferFull", Time since last: 6157208 ns, Reaching safepoint: 19882500 ns, At safepoint: 9333 ns, Total: 19891833 ns
[2023-01-09T09:49:38.210+0000][8][safepoint   ] Safepoint "ICBufferFull", Time since last: 2199750 ns, Reaching safepoint: 2882834 ns, At safepoint: 5500 ns, Total: 2888334 ns
[2023-01-09T09:49:38.214+0000][8][safepoint   ] Safepoint "ICBufferFull", Time since last: 993000 ns, Reaching safepoint: 3018583 ns, At safepoint: 5083 ns, Total: 3023666 ns
[2023-01-09T09:49:38.216+0000][8][safepoint   ] Safepoint "ICBufferFull", Time since last: 1148500 ns, Reaching safepoint: 98209 ns, At safepoint: 134791 ns, Total: 233000 ns
[2023-01-09T09:49:38.217+0000][8][safepoint   ] Safepoint "ICBufferFull", Time since last: 1122084 ns, Reaching safepoint: 341333 ns, At safepoint: 2417 ns, Total: 343750 ns
[2023-01-09T09:49:38.220+0000][8][safepoint   ] Safepoint "ICBufferFull", Time since last: 2455958 ns, Reaching safepoint: 126375 ns, At safepoint: 2667 ns, Total: 129042 ns
[2023-01-09T09:49:38.230+0000][8][safepoint   ] Safepoint "ICBufferFull", Time since last: 999166 ns, Reaching safepoint: 9679750 ns, At safepoint: 4167 ns, Total: 9683917 ns
[2023-01-09T09:49:38.232+0000][8][safepoint   ] Safepoint "ICBufferFull", Time since last: 1176667 ns, Reaching safepoint: 325000 ns, At safepoint: 2750 ns, Total: 327750 ns
[2023-01-09T09:49:38.233+0000][8][safepoint   ] Safepoint "ICBufferFull", Time since last: 931708 ns, Reaching safepoint: 112292 ns, At safepoint: 2000 ns, Total: 114292 ns
[2023-01-09T09:49:38.234+0000][8][safepoint   ] Safepoint "ICBufferFull", Time since last: 821291 ns, Reaching safepoint: 44459 ns, At safepoint: 2041 ns, Total: 46500 ns
[2023-01-09T09:49:38.236+0000][8][safepoint   ] Safepoint "ICBufferFull", Time since last: 856375 ns, Reaching safepoint: 779709 ns, At safepoint: 2916 ns, Total: 782625 ns
[2023-01-09T09:49:38.237+0000][8][safepoint   ] Safepoint "ICBufferFull", Time since last: 847292 ns, Reaching safepoint: 218667 ns, At safepoint: 2166 ns, Total: 220833 ns
[2023-01-09T09:49:38.238+0000][8][safepoint   ] Safepoint "ICBufferFull", Time since last: 1414542 ns, Reaching safepoint: 25375 ns, At safepoint: 1250 ns, Total: 26625 ns
[2023-01-09T09:49:38.239+0000][8][safepoint   ] Safepoint "ICBufferFull", Time since last: 1238792 ns, Reaching safepoint: 109500 ns, At safepoint: 1958 ns, Total: 111458 ns
[2023-01-09T09:49:38.242+0000][8][safepoint   ] Safepoint "ICBufferFull", Time since last: 2501458 ns, Reaching safepoint: 27417 ns, At safepoint: 1292 ns, Total: 28709 ns
[2023-01-09T09:49:38.807+0000][8][safepoint   ] Safepoint "ICBufferFull", Time since last: 564957625 ns, Reaching safepoint: 234375 ns, At safepoint: 3167 ns, Total: 237542 ns
[2023-01-09T09:49:38.971+0000][8][gc,start    ] GC(4) Pause Young (Normal) (G1 Evacuation Pause)
[2023-01-09T09:49:38.977+0000][8][gc,task     ] GC(4) Using 4 workers of 4 for evacuation
[2023-01-09T09:49:38.978+0000][8][gc,age      ] GC(4) Desired survivor size 13107200 bytes, new threshold 15 (max threshold 15)
[2023-01-09T09:49:39.005+0000][8][gc,age      ] GC(4) Age table with threshold 15 (max threshold 15)
[2023-01-09T09:49:39.009+0000][8][gc,age      ] GC(4) - age   1:    5972088 bytes,    5972088 total
[2023-01-09T09:49:39.010+0000][8][gc,age      ] GC(4) - age   2:    1152592 bytes,    7124680 total
[2023-01-09T09:49:39.011+0000][8][gc,age      ] GC(4) - age   3:    2103256 bytes,    9227936 total
[2023-01-09T09:49:39.011+0000][8][gc,phases   ] GC(4)   Pre Evacuate Collection Set: 0.1ms
[2023-01-09T09:49:39.012+0000][8][gc,phases   ] GC(4)   Merge Heap Roots: 0.0ms
[2023-01-09T09:49:39.013+0000][8][gc,phases   ] GC(4)   Evacuate Collection Set: 23.1ms
[2023-01-09T09:49:39.014+0000][8][gc,phases   ] GC(4)   Post Evacuate Collection Set: 0.6ms
[2023-01-09T09:49:39.014+0000][8][gc,phases   ] GC(4)   Other: 16.7ms
[2023-01-09T09:49:39.015+0000][8][gc,heap     ] GC(4) Eden regions: 192->0(297)
[2023-01-09T09:49:39.016+0000][8][gc,heap     ] GC(4) Survivor regions: 5->10(25)
[2023-01-09T09:49:39.016+0000][8][gc,heap     ] GC(4) Old regions: 4->4
[2023-01-09T09:49:39.017+0000][8][gc,heap     ] GC(4) Archive regions: 0->0
[2023-01-09T09:49:39.018+0000][8][gc,heap     ] GC(4) Humongous regions: 2->1
[2023-01-09T09:49:39.019+0000][8][gc,metaspace] GC(4) Metaspace: 25792K(26620K)->25792K(26620K) NonClass: 22910K(23548K)->22910K(23548K) Class: 2882K(3072K)->2882K(3072K)
[2023-01-09T09:49:39.019+0000][8][gc          ] GC(4) Pause Young (Normal) (G1 Evacuation Pause) 202M->13M(512M) 48.577ms
[2023-01-09T09:49:39.020+0000][8][gc,cpu      ] GC(4) User=0.05s Sys=0.00s Real=0.05s
[2023-01-09T09:49:39.021+0000][8][safepoint   ] Safepoint "G1CollectForAllocation", Time since last: 163612208 ns, Reaching safepoint: 159833 ns, At safepoint: 50038875 ns, Total: 50198708 ns
[2023-01-09T09:49:39.569+0000][8][safepoint   ] Safepoint "ICBufferFull", Time since last: 547497459 ns, Reaching safepoint: 107333 ns, At safepoint: 1834 ns, Total: 109167 ns
[2023-01-09T09:49:40.015+0000][8][gc,start    ] GC(5) Pause Young (Normal) (G1 Evacuation Pause)
[2023-01-09T09:49:40.016+0000][8][gc,task     ] GC(5) Using 4 workers of 4 for evacuation
[2023-01-09T09:49:40.017+0000][8][gc,age      ] GC(5) Desired survivor size 20447232 bytes, new threshold 15 (max threshold 15)
[2023-01-09T09:49:40.040+0000][8][gc,age      ] GC(5) Age table with threshold 15 (max threshold 15)
[2023-01-09T09:49:40.041+0000][8][gc,age      ] GC(5) - age   1:    5190592 bytes,    5190592 total
[2023-01-09T09:49:40.042+0000][8][gc,age      ] GC(5) - age   2:    4320392 bytes,    9510984 total
[2023-01-09T09:49:40.043+0000][8][gc,age      ] GC(5) - age   3:    1152416 bytes,   10663400 total
[2023-01-09T09:49:40.043+0000][8][gc,age      ] GC(5) - age   4:    2103256 bytes,   12766656 total
[2023-01-09T09:49:40.044+0000][8][gc,phases   ] GC(5)   Pre Evacuate Collection Set: 0.2ms
[2023-01-09T09:49:40.045+0000][8][gc,phases   ] GC(5)   Merge Heap Roots: 0.0ms
[2023-01-09T09:49:40.046+0000][8][gc,phases   ] GC(5)   Evacuate Collection Set: 20.9ms
[2023-01-09T09:49:40.047+0000][8][gc,phases   ] GC(5)   Post Evacuate Collection Set: 0.7ms
[2023-01-09T09:49:40.048+0000][8][gc,phases   ] GC(5)   Other: 7.9ms
[2023-01-09T09:49:40.049+0000][8][gc,heap     ] GC(5) Eden regions: 297->0(293)
[2023-01-09T09:49:40.050+0000][8][gc,heap     ] GC(5) Survivor regions: 10->14(39)
[2023-01-09T09:49:40.051+0000][8][gc,heap     ] GC(5) Old regions: 4->4
[2023-01-09T09:49:40.052+0000][8][gc,heap     ] GC(5) Archive regions: 0->0
[2023-01-09T09:49:40.053+0000][8][gc,heap     ] GC(5) Humongous regions: 1->1
[2023-01-09T09:49:40.053+0000][8][gc,metaspace] GC(5) Metaspace: 27488K(28412K)->27488K(28412K) NonClass: 24414K(25084K)->24414K(25084K) Class: 3073K(3328K)->3073K(3328K)
[2023-01-09T09:49:40.055+0000][8][gc          ] GC(5) Pause Young (Normal) (G1 Evacuation Pause) 310M->18M(512M) 39.899ms
[2023-01-09T09:49:40.056+0000][8][gc,cpu      ] GC(5) User=0.01s Sys=0.00s Real=0.05s
[2023-01-09T09:49:40.057+0000][8][safepoint   ] Safepoint "G1CollectForAllocation", Time since last: 442908542 ns, Reaching safepoint: 3389083 ns, At safepoint: 41701292 ns, Total: 45090375 ns
[2023-01-09T09:49:40.640+0000][8][gc,start    ] GC(6) Pause Young (Normal) (G1 Evacuation Pause)
[2023-01-09T09:49:40.641+0000][8][gc,task     ] GC(6) Using 4 workers of 4 for evacuation
[2023-01-09T09:49:40.642+0000][8][gc,age      ] GC(6) Desired survivor size 20447232 bytes, new threshold 15 (max threshold 15)
[2023-01-09T09:49:40.660+0000][8][gc,age      ] GC(6) Age table with threshold 15 (max threshold 15)
[2023-01-09T09:49:40.661+0000][8][gc,age      ] GC(6) - age   1:     763960 bytes,     763960 total
[2023-01-09T09:49:40.662+0000][8][gc,age      ] GC(6) - age   2:    3287400 bytes,    4051360 total
[2023-01-09T09:49:40.663+0000][8][gc,age      ] GC(6) - age   3:    4316088 bytes,    8367448 total
[2023-01-09T09:49:40.664+0000][8][gc,age      ] GC(6) - age   4:    1152272 bytes,    9519720 total
[2023-01-09T09:49:40.664+0000][8][gc,age      ] GC(6) - age   5:    2103256 bytes,   11622976 total
[2023-01-09T09:49:40.665+0000][8][gc,phases   ] GC(6)   Pre Evacuate Collection Set: 0.4ms
[2023-01-09T09:49:40.666+0000][8][gc,phases   ] GC(6)   Merge Heap Roots: 0.1ms
[2023-01-09T09:49:40.671+0000][8][gc,phases   ] GC(6)   Evacuate Collection Set: 16.0ms
[2023-01-09T09:49:40.672+0000][8][gc,phases   ] GC(6)   Post Evacuate Collection Set: 0.8ms
[2023-01-09T09:49:40.675+0000][8][gc,phases   ] GC(6)   Other: 8.0ms
[2023-01-09T09:49:40.676+0000][8][gc,heap     ] GC(6) Eden regions: 293->0(294)
[2023-01-09T09:49:40.677+0000][8][gc,heap     ] GC(6) Survivor regions: 14->13(39)
[2023-01-09T09:49:40.678+0000][8][gc,heap     ] GC(6) Old regions: 4->4
[2023-01-09T09:49:40.679+0000][8][gc,heap     ] GC(6) Archive regions: 0->0
[2023-01-09T09:49:40.680+0000][8][gc,heap     ] GC(6) Humongous regions: 1->1
[2023-01-09T09:49:40.680+0000][8][gc,metaspace] GC(6) Metaspace: 27882K(29052K)->27882K(29052K) NonClass: 24739K(25596K)->24739K(25596K) Class: 3143K(3456K)->3143K(3456K)
[2023-01-09T09:49:40.681+0000][8][gc          ] GC(6) Pause Young (Normal) (G1 Evacuation Pause) 311M->17M(512M) 41.195ms
[2023-01-09T09:49:40.682+0000][8][gc,cpu      ] GC(6) User=0.01s Sys=0.01s Real=0.04s
[2023-01-09T09:49:40.683+0000][8][safepoint   ] Safepoint "G1CollectForAllocation", Time since last: 579261333 ns, Reaching safepoint: 4402709 ns, At safepoint: 42594625 ns, Total: 46997334 ns
[2023-01-09T09:49:41.262+0000][8][gc,start    ] GC(7) Pause Young (Normal) (G1 Evacuation Pause)
[2023-01-09T09:49:41.263+0000][8][gc,task     ] GC(7) Using 4 workers of 4 for evacuation
[2023-01-09T09:49:41.264+0000][8][gc,age      ] GC(7) Desired survivor size 20447232 bytes, new threshold 15 (max threshold 15)
[2023-01-09T09:49:41.282+0000][8][gc,age      ] GC(7) Age table with threshold 15 (max threshold 15)
[2023-01-09T09:49:41.283+0000][8][gc,age      ] GC(7) - age   1:    2565248 bytes,    2565248 total
[2023-01-09T09:49:41.283+0000][8][gc,age      ] GC(7) - age   2:     647144 bytes,    3212392 total
[2023-01-09T09:49:41.284+0000][8][gc,age      ] GC(7) - age   3:    3285624 bytes,    6498016 total
[2023-01-09T09:49:41.285+0000][8][gc,age      ] GC(7) - age   4:    4315648 bytes,   10813664 total
[2023-01-09T09:49:41.289+0000][8][gc,age      ] GC(7) - age   5:    1152272 bytes,   11965936 total
[2023-01-09T09:49:41.290+0000][8][gc,age      ] GC(7) - age   6:    2103256 bytes,   14069192 total
[2023-01-09T09:49:41.291+0000][8][gc,phases   ] GC(7)   Pre Evacuate Collection Set: 0.3ms
[2023-01-09T09:49:41.291+0000][8][gc,phases   ] GC(7)   Merge Heap Roots: 0.1ms
[2023-01-09T09:49:41.292+0000][8][gc,phases   ] GC(7)   Evacuate Collection Set: 15.0ms
[2023-01-09T09:49:41.293+0000][8][gc,phases   ] GC(7)   Post Evacuate Collection Set: 1.7ms
[2023-01-09T09:49:41.293+0000][8][gc,phases   ] GC(7)   Other: 11.6ms
[2023-01-09T09:49:41.294+0000][8][gc,heap     ] GC(7) Eden regions: 294->0(293)
[2023-01-09T09:49:41.295+0000][8][gc,heap     ] GC(7) Survivor regions: 13->14(39)
[2023-01-09T09:49:41.296+0000][8][gc,heap     ] GC(7) Old regions: 4->4
[2023-01-09T09:49:41.296+0000][8][gc,heap     ] GC(7) Archive regions: 0->0
[2023-01-09T09:49:41.297+0000][8][gc,heap     ] GC(7) Humongous regions: 1->1
[2023-01-09T09:49:41.298+0000][8][gc,metaspace] GC(7) Metaspace: 28403K(29948K)->28403K(29948K) NonClass: 25180K(26364K)->25180K(26364K) Class: 3222K(3584K)->3222K(3584K)
[2023-01-09T09:49:41.299+0000][8][gc          ] GC(7) Pause Young (Normal) (G1 Evacuation Pause) 311M->18M(512M) 36.829ms
[2023-01-09T09:49:41.299+0000][8][gc,cpu      ] GC(7) User=0.02s Sys=0.00s Real=0.04s
[2023-01-09T09:49:41.300+0000][8][safepoint   ] Safepoint "G1CollectForAllocation", Time since last: 578992250 ns, Reaching safepoint: 171750 ns, At safepoint: 38296125 ns, Total: 38467875 ns
[2023-01-09T09:49:41.941+0000][8][safepoint   ] Safepoint "ICBufferFull", Time since last: 640745209 ns, Reaching safepoint: 194875 ns, At safepoint: 2166 ns, Total: 197041 ns
[2023-01-09T09:49:42.308+0000][8][gc,start    ] GC(8) Pause Young (Concurrent Start) (Metadata GC Threshold)
[2023-01-09T09:49:42.309+0000][8][gc,task     ] GC(8) Using 4 workers of 4 for evacuation
[2023-01-09T09:49:42.310+0000][8][gc,age      ] GC(8) Desired survivor size 20447232 bytes, new threshold 15 (max threshold 15)
[2023-01-09T09:49:42.346+0000][8][gc,age      ] GC(8) Age table with threshold 15 (max threshold 15)
[2023-01-09T09:49:42.347+0000][8][gc,age      ] GC(8) - age   1:    2253280 bytes,    2253280 total
[2023-01-09T09:49:42.347+0000][8][gc,age      ] GC(8) - age   2:    2258792 bytes,    4512072 total
[2023-01-09T09:49:42.348+0000][8][gc,age      ] GC(8) - age   3:     630736 bytes,    5142808 total
[2023-01-09T09:49:42.349+0000][8][gc,age      ] GC(8) - age   4:    3269992 bytes,    8412800 total
[2023-01-09T09:49:42.349+0000][8][gc,age      ] GC(8) - age   5:    4302400 bytes,   12715200 total
[2023-01-09T09:49:42.350+0000][8][gc,age      ] GC(8) - age   6:    1121856 bytes,   13837056 total
[2023-01-09T09:49:42.351+0000][8][gc,age      ] GC(8) - age   7:    2100392 bytes,   15937448 total
[2023-01-09T09:49:42.352+0000][8][gc,phases   ] GC(8)   Pre Evacuate Collection Set: 0.3ms
[2023-01-09T09:49:42.352+0000][8][gc,phases   ] GC(8)   Merge Heap Roots: 5.9ms
[2023-01-09T09:49:42.353+0000][8][gc,phases   ] GC(8)   Evacuate Collection Set: 20.4ms
[2023-01-09T09:49:42.354+0000][8][gc,phases   ] GC(8)   Post Evacuate Collection Set: 7.4ms
[2023-01-09T09:49:42.355+0000][8][gc,phases   ] GC(8)   Other: 9.9ms
[2023-01-09T09:49:42.356+0000][8][gc,heap     ] GC(8) Eden regions: 122->0(291)
[2023-01-09T09:49:42.356+0000][8][gc,heap     ] GC(8) Survivor regions: 14->16(39)
[2023-01-09T09:49:42.357+0000][8][gc,heap     ] GC(8) Old regions: 4->4
[2023-01-09T09:49:42.357+0000][8][gc,heap     ] GC(8) Archive regions: 0->0
[2023-01-09T09:49:42.358+0000][8][gc,heap     ] GC(8) Humongous regions: 1->1
[2023-01-09T09:49:42.359+0000][8][gc,metaspace] GC(8) Metaspace: 34321K(36048K)->34321K(36048K) NonClass: 30337K(31696K)->30337K(31696K) Class: 3984K(4352K)->3984K(4352K)
[2023-01-09T09:49:42.359+0000][8][gc          ] GC(8) Pause Young (Concurrent Start) (Metadata GC Threshold) 140M->20M(512M) 51.771ms
[2023-01-09T09:49:42.360+0000][8][gc,cpu      ] GC(8) User=0.02s Sys=0.01s Real=0.05s
[2023-01-09T09:49:42.361+0000][8][safepoint   ] Safepoint "CollectForMetadataAllocation", Time since last: 366225625 ns, Reaching safepoint: 186417 ns, At safepoint: 53160542 ns, Total: 53346959 ns
[2023-01-09T09:49:42.361+0000][8][gc          ] GC(9) Concurrent Cycle
[2023-01-09T09:49:42.362+0000][8][gc,marking  ] GC(9) Concurrent Clear Claimed Marks
[2023-01-09T09:49:42.363+0000][8][gc,marking  ] GC(9) Concurrent Clear Claimed Marks 0.864ms
[2023-01-09T09:49:42.364+0000][8][gc,marking  ] GC(9) Concurrent Scan Root Regions
[2023-01-09T09:49:42.369+0000][8][gc,marking  ] GC(9) Concurrent Scan Root Regions 4.857ms
[2023-01-09T09:49:42.369+0000][8][gc,marking  ] GC(9) Concurrent Mark (7.536s)
[2023-01-09T09:49:42.370+0000][8][gc,marking  ] GC(9) Concurrent Mark From Roots
[2023-01-09T09:49:42.371+0000][8][gc,task     ] GC(9) Using 1 workers of 1 for marking
[2023-01-09T09:49:42.375+0000][8][gc,marking  ] GC(9) Concurrent Mark From Roots 4.385ms
[2023-01-09T09:49:42.375+0000][8][gc,marking  ] GC(9) Concurrent Preclean
[2023-01-09T09:49:42.376+0000][8][gc,marking  ] GC(9) Concurrent Preclean 0.915ms
[2023-01-09T09:49:42.377+0000][8][gc,marking  ] GC(9) Concurrent Mark (7.536s, 7.543s) 7.751ms
[2023-01-09T09:49:42.382+0000][8][gc,start    ] GC(9) Pause Remark
[2023-01-09T09:49:42.388+0000][8][gc          ] GC(9) Pause Remark 21M->21M(512M) 6.363ms
[2023-01-09T09:49:42.389+0000][8][gc,cpu      ] GC(9) User=0.00s Sys=0.00s Real=0.01s
[2023-01-09T09:49:42.390+0000][8][safepoint   ] Safepoint "G1Concurrent", Time since last: 17451291 ns, Reaching safepoint: 3574459 ns, At safepoint: 8580083 ns, Total: 12154542 ns
[2023-01-09T09:49:42.392+0000][8][gc,marking  ] GC(9) Concurrent Rebuild Remembered Sets
[2023-01-09T09:49:42.396+0000][8][gc,marking  ] GC(9) Concurrent Rebuild Remembered Sets 3.897ms
[2023-01-09T09:49:42.399+0000][8][gc,start    ] GC(9) Pause Cleanup
[2023-01-09T09:49:42.401+0000][8][gc          ] GC(9) Pause Cleanup 21M->21M(512M) 1.266ms
[2023-01-09T09:49:42.401+0000][8][gc,cpu      ] GC(9) User=0.00s Sys=0.00s Real=0.00s
[2023-01-09T09:49:42.403+0000][8][safepoint   ] Safepoint "G1Concurrent", Time since last: 6771042 ns, Reaching safepoint: 2291125 ns, At safepoint: 3483666 ns, Total: 5774791 ns
[2023-01-09T09:49:42.404+0000][8][gc,marking  ] GC(9) Concurrent Cleanup for Next Mark
[2023-01-09T09:49:42.405+0000][8][gc,marking  ] GC(9) Concurrent Cleanup for Next Mark 1.851ms
[2023-01-09T09:49:42.406+0000][8][gc          ] GC(9) Concurrent Cycle 45.083ms
[2023-01-09T09:49:43.193+0000][8][safepoint   ] Safepoint "ICBufferFull", Time since last: 790225792 ns, Reaching safepoint: 182167 ns, At safepoint: 10333 ns, Total: 192500 ns
[2023-01-09T09:49:44.173+0000][8][safepoint   ] Safepoint "ICBufferFull", Time since last: 979930168 ns, Reaching safepoint: 178666 ns, At safepoint: 1834 ns, Total: 180500 ns
[2023-01-09T09:49:44.627+0000][8][safepoint   ] Safepoint "ICBufferFull", Time since last: 452233250 ns, Reaching safepoint: 1562833 ns, At safepoint: 2417 ns, Total: 1565250 ns
[2023-01-09T09:49:45.286+0000][8][gc,start    ] GC(10) Pause Young (Normal) (G1 Evacuation Pause)
[2023-01-09T09:49:45.287+0000][8][gc,task     ] GC(10) Using 4 workers of 4 for evacuation
[2023-01-09T09:49:45.288+0000][8][gc,age      ] GC(10) Desired survivor size 20447232 bytes, new threshold 15 (max threshold 15)
[2023-01-09T09:49:45.384+0000][8][gc,age      ] GC(10) Age table with threshold 15 (max threshold 15)
[2023-01-09T09:49:45.385+0000][8][gc,age      ] GC(10) - age   1:   25019032 bytes,   25019032 total
[2023-01-09T09:49:45.386+0000][8][gc,age      ] GC(10) - age   2:    2155920 bytes,   27174952 total
[2023-01-09T09:49:45.386+0000][8][gc,age      ] GC(10) - age   3:    2258184 bytes,   29433136 total
[2023-01-09T09:49:45.388+0000][8][gc,age      ] GC(10) - age   4:     630400 bytes,   30063536 total
[2023-01-09T09:49:45.389+0000][8][gc,age      ] GC(10) - age   5:    3258680 bytes,   33322216 total
[2023-01-09T09:49:45.389+0000][8][gc,age      ] GC(10) - age   6:    4276504 bytes,   37598720 total
[2023-01-09T09:49:45.390+0000][8][gc,age      ] GC(10) - age   7:    1101552 bytes,   38700272 total
[2023-01-09T09:49:45.394+0000][8][gc,age      ] GC(10) - age   8:    2092664 bytes,   40792936 total
[2023-01-09T09:49:45.397+0000][8][gc,phases   ] GC(10)   Pre Evacuate Collection Set: 2.1ms
[2023-01-09T09:49:45.398+0000][8][gc,phases   ] GC(10)   Merge Heap Roots: 2.8ms
[2023-01-09T09:49:45.399+0000][8][gc,phases   ] GC(10)   Evacuate Collection Set: 85.0ms
[2023-01-09T09:49:45.400+0000][8][gc,phases   ] GC(10)   Post Evacuate Collection Set: 1.8ms
[2023-01-09T09:49:45.401+0000][8][gc,phases   ] GC(10)   Other: 19.7ms
[2023-01-09T09:49:45.403+0000][8][gc,heap     ] GC(10) Eden regions: 291->0(268)
[2023-01-09T09:49:45.404+0000][8][gc,heap     ] GC(10) Survivor regions: 16->39(39)
[2023-01-09T09:49:45.404+0000][8][gc,heap     ] GC(10) Old regions: 4->9
[2023-01-09T09:49:45.405+0000][8][gc,heap     ] GC(10) Archive regions: 0->0
[2023-01-09T09:49:45.406+0000][8][gc,heap     ] GC(10) Humongous regions: 1->1
[2023-01-09T09:49:45.407+0000][8][gc,metaspace] GC(10) Metaspace: 43205K(45776K)->43205K(45776K) NonClass: 37971K(39888K)->37971K(39888K) Class: 5234K(5888K)->5234K(5888K)
[2023-01-09T09:49:45.408+0000][8][gc          ] GC(10) Pause Young (Normal) (G1 Evacuation Pause) 311M->48M(512M) 121.830ms
[2023-01-09T09:49:45.408+0000][8][gc,cpu      ] GC(10) User=0.10s Sys=0.00s Real=0.12s
[2023-01-09T09:49:45.409+0000][8][safepoint   ] Safepoint "G1CollectForAllocation", Time since last: 658275417 ns, Reaching safepoint: 201416 ns, At safepoint: 123192625 ns, Total: 123394041 ns
[2023-01-09T09:49:45.799+0000][8][safepoint   ] Safepoint "ICBufferFull", Time since last: 390371417 ns, Reaching safepoint: 161917 ns, At safepoint: 2458 ns, Total: 164375 ns
[2023-01-09T09:49:46.651+0000][8][safepoint   ] Safepoint "ICBufferFull", Time since last: 849394209 ns, Reaching safepoint: 2132833 ns, At safepoint: 7250 ns, Total: 2140083 ns
[2023-01-09T09:49:47.167+0000][8][safepoint   ] Safepoint "ICBufferFull", Time since last: 516334709 ns, Reaching safepoint: 108417 ns, At safepoint: 2666 ns, Total: 111083 ns
[2023-01-09T09:49:47.193+0000][8][gc,start    ] GC(11) Pause Young (Concurrent Start) (Metadata GC Threshold)
[2023-01-09T09:49:47.194+0000][8][gc,task     ] GC(11) Using 4 workers of 4 for evacuation
[2023-01-09T09:49:47.195+0000][8][gc,age      ] GC(11) Desired survivor size 20447232 bytes, new threshold 1 (max threshold 15)
[2023-01-09T09:49:47.262+0000][8][gc,age      ] GC(11) Age table with threshold 1 (max threshold 15)
[2023-01-09T09:49:47.263+0000][8][gc,age      ] GC(11) - age   1:    6285144 bytes,    6285144 total
[2023-01-09T09:49:47.264+0000][8][gc,phases   ] GC(11)   Pre Evacuate Collection Set: 0.2ms
[2023-01-09T09:49:47.265+0000][8][gc,phases   ] GC(11)   Merge Heap Roots: 0.2ms
[2023-01-09T09:49:47.266+0000][8][gc,phases   ] GC(11)   Evacuate Collection Set: 64.2ms
[2023-01-09T09:49:47.266+0000][8][gc,phases   ] GC(11)   Post Evacuate Collection Set: 1.6ms
[2023-01-09T09:49:47.267+0000][8][gc,phases   ] GC(11)   Other: 5.1ms
[2023-01-09T09:49:47.268+0000][8][gc,heap     ] GC(11) Eden regions: 110->0(290)
[2023-01-09T09:49:47.268+0000][8][gc,heap     ] GC(11) Survivor regions: 39->7(39)
[2023-01-09T09:49:47.269+0000][8][gc,heap     ] GC(11) Old regions: 9->48
[2023-01-09T09:49:47.270+0000][8][gc,heap     ] GC(11) Archive regions: 0->0
[2023-01-09T09:49:47.271+0000][8][gc,heap     ] GC(11) Humongous regions: 1->1
[2023-01-09T09:49:47.271+0000][8][gc,metaspace] GC(11) Metaspace: 57111K(60296K)->57111K(60296K) NonClass: 49769K(52104K)->49769K(52104K) Class: 7342K(8192K)->7342K(8192K)
[2023-01-09T09:49:47.272+0000][8][gc          ] GC(11) Pause Young (Concurrent Start) (Metadata GC Threshold) 158M->55M(512M) 79.334ms
[2023-01-09T09:49:47.273+0000][8][gc,cpu      ] GC(11) User=0.07s Sys=0.00s Real=0.08s
[2023-01-09T09:49:47.273+0000][8][gc          ] GC(12) Concurrent Cycle
[2023-01-09T09:49:47.274+0000][8][gc,marking  ] GC(12) Concurrent Clear Claimed Marks
[2023-01-09T09:49:47.275+0000][8][gc,marking  ] GC(12) Concurrent Clear Claimed Marks 0.606ms
[2023-01-09T09:49:47.275+0000][8][gc,marking  ] GC(12) Concurrent Scan Root Regions
[2023-01-09T09:49:47.274+0000][8][safepoint   ] Safepoint "CollectForMetadataAllocation", Time since last: 25285542 ns, Reaching safepoint: 45583 ns, At safepoint: 80857417 ns, Total: 80903000 ns
[2023-01-09T09:49:47.298+0000][8][safepoint   ] Safepoint "CollectForMetadataAllocation", Time since last: 22651042 ns, Reaching safepoint: 2071041 ns, At safepoint: 142125 ns, Total: 2213166 ns
[2023-01-09T09:49:47.327+0000][8][gc,marking  ] GC(12) Concurrent Scan Root Regions 51.582ms
[2023-01-09T09:49:47.328+0000][8][gc,marking  ] GC(12) Concurrent Mark (12.494s)
[2023-01-09T09:49:47.329+0000][8][gc,marking  ] GC(12) Concurrent Mark From Roots
[2023-01-09T09:49:47.330+0000][8][gc,task     ] GC(12) Using 1 workers of 1 for marking
[2023-01-09T09:49:47.348+0000][8][gc,marking  ] GC(12) Concurrent Mark From Roots 19.116ms
[2023-01-09T09:49:47.350+0000][8][gc,marking  ] GC(12) Concurrent Preclean
[2023-01-09T09:49:47.351+0000][8][gc,marking  ] GC(12) Concurrent Preclean 0.927ms
[2023-01-09T09:49:47.352+0000][8][gc,marking  ] GC(12) Concurrent Mark (12.494s, 12.518s) 23.375ms
[2023-01-09T09:49:47.357+0000][8][gc,start    ] GC(12) Pause Remark
[2023-01-09T09:49:47.362+0000][8][gc          ] GC(12) Pause Remark 56M->56M(512M) 4.913ms
[2023-01-09T09:49:47.363+0000][8][gc,cpu      ] GC(12) User=0.00s Sys=0.00s Real=0.00s
[2023-01-09T09:49:47.364+0000][8][safepoint   ] Safepoint "G1Concurrent", Time since last: 53849875 ns, Reaching safepoint: 4885292 ns, At safepoint: 6647542 ns, Total: 11532834 ns
[2023-01-09T09:49:47.365+0000][8][gc,marking  ] GC(12) Concurrent Rebuild Remembered Sets
[2023-01-09T09:49:47.499+0000][8][gc,marking  ] GC(12) Concurrent Rebuild Remembered Sets 134.127ms
[2023-01-09T09:49:47.502+0000][8][gc,start    ] GC(12) Pause Cleanup
[2023-01-09T09:49:47.503+0000][8][gc          ] GC(12) Pause Cleanup 59M->59M(512M) 1.177ms
[2023-01-09T09:49:47.505+0000][8][gc,cpu      ] GC(12) User=0.00s Sys=0.00s Real=0.01s
[2023-01-09T09:49:47.506+0000][8][safepoint   ] Safepoint "G1Concurrent", Time since last: 136350458 ns, Reaching safepoint: 1456208 ns, At safepoint: 4689875 ns, Total: 6146083 ns
[2023-01-09T09:49:47.509+0000][8][gc,marking  ] GC(12) Concurrent Cleanup for Next Mark
[2023-01-09T09:49:47.510+0000][8][gc,marking  ] GC(12) Concurrent Cleanup for Next Mark 1.305ms
[2023-01-09T09:49:47.511+0000][8][gc          ] GC(12) Concurrent Cycle 237.449ms
[2023-01-09T09:49:48.489+0000][8][safepoint   ] Safepoint "ICBufferFull", Time since last: 982370418 ns, Reaching safepoint: 210958 ns, At safepoint: 2292 ns, Total: 213250 ns
[2023-01-09T09:49:48.823+0000][8][safepoint   ] Safepoint "ICBufferFull", Time since last: 333873875 ns, Reaching safepoint: 200666 ns, At safepoint: 2917 ns, Total: 203583 ns
[2023-01-09T09:49:49.824+0000][8][safepoint   ] Safepoint "Cleanup", Time since last: 1000810792 ns, Reaching safepoint: 599959 ns, At safepoint: 8458 ns, Total: 608417 ns
[2023-01-09T09:49:50.331+0000][8][safepoint   ] Safepoint "ICBufferFull", Time since last: 506850750 ns, Reaching safepoint: 129917 ns, At safepoint: 2333 ns, Total: 132250 ns
[2023-01-09T09:49:51.025+0000][8][safepoint   ] Safepoint "ICBufferFull", Time since last: 693090167 ns, Reaching safepoint: 104917 ns, At safepoint: 5500 ns, Total: 110417 ns
[2023-01-09T09:49:51.375+0000][8][safepoint   ] Safepoint "ICBufferFull", Time since last: 350540542 ns, Reaching safepoint: 188458 ns, At safepoint: 6167 ns, Total: 194625 ns
[2023-01-09T09:49:51.830+0000][8][gc,heap,exit] Heap
[2023-01-09T09:49:51.831+0000][8][gc,heap,exit]  garbage-first heap   total 524288K, used 258790K [0x00000000e0000000, 0x0000000100000000)
[2023-01-09T09:49:51.832+0000][8][gc,heap,exit]   region size 1024K, 205 young (209920K), 7 survivors (7168K)
[2023-01-09T09:49:51.833+0000][8][gc,heap,exit]  Metaspace       used 86292K, capacity 89362K, committed 90448K, reserved 1128448K
[2023-01-09T09:49:51.834+0000][8][gc,heap,exit]   class space    used 11403K, capacity 12371K, committed 12416K, reserved 1048576K
