[2023-01-09T09:49:14.633+0000][7][gc] Using G1
[2023-01-09T09:49:14.769+0000][7][gc,init] Version: 15+36-1562 (release)
[2023-01-09T09:49:14.770+0000][7][gc,init] CPUs: 4 total, 4 available
[2023-01-09T09:49:14.771+0000][7][gc,init] Memory: 7951M
[2023-01-09T09:49:14.772+0000][7][gc,init] Large Page Support: Disabled
[2023-01-09T09:49:14.773+0000][7][gc,init] NUMA Support: Disabled
[2023-01-09T09:49:14.773+0000][7][gc,init] Compressed Oops: Enabled (32-bit)
[2023-01-09T09:49:14.774+0000][7][gc,init] Heap Region Size: 1M
[2023-01-09T09:49:14.776+0000][7][gc,init] Heap Min Capacity: 512M
[2023-01-09T09:49:14.776+0000][7][gc,init] Heap Initial Capacity: 512M
[2023-01-09T09:49:14.777+0000][7][gc,init] Heap Max Capacity: 512M
[2023-01-09T09:49:14.778+0000][7][gc,init] Pre-touch: Enabled
[2023-01-09T09:49:14.779+0000][7][gc,init] Parallel Workers: 4
[2023-01-09T09:49:14.779+0000][7][gc,init] Concurrent Workers: 1
[2023-01-09T09:49:14.780+0000][7][gc,init] Concurrent Refinement Workers: 4
[2023-01-09T09:49:14.781+0000][7][gc,init] Periodic GC: Disabled
[2023-01-09T09:49:14.782+0000][7][gc,metaspace] CDS disabled.
[2023-01-09T09:49:14.783+0000][7][gc,metaspace] Compressed class space mapped at: 0x0000000100000000-0x0000000140000000, size: 1073741824
[2023-01-09T09:49:14.783+0000][7][gc,metaspace] Narrow klass base: 0x0000000000000000, Narrow klass shift: 3, Narrow klass range: 0x140000000
[2023-01-09T09:49:15.127+0000][7][safepoint   ] Safepoint "ICBufferFull", Time since last: 320319917 ns, Reaching safepoint: 134583 ns, At safepoint: 1958 ns, Total: 136541 ns
[2023-01-09T09:49:15.354+0000][7][safepoint   ] Safepoint "ICBufferFull", Time since last: 226724625 ns, Reaching safepoint: 63459 ns, At safepoint: 1833 ns, Total: 65292 ns
[2023-01-09T09:49:15.621+0000][7][safepoint   ] Safepoint "ICBufferFull", Time since last: 266982709 ns, Reaching safepoint: 82833 ns, At safepoint: 1875 ns, Total: 84708 ns
[2023-01-09T09:49:15.725+0000][7][gc,start    ] GC(0) Pause Young (Normal) (G1 Evacuation Pause)
[2023-01-09T09:49:15.726+0000][7][gc,task     ] GC(0) Using 4 workers of 4 for evacuation
[2023-01-09T09:49:15.727+0000][7][gc,age      ] GC(0) Desired survivor size 2097152 bytes, new threshold 15 (max threshold 15)
[2023-01-09T09:49:15.740+0000][7][gc,age      ] GC(0) Age table with threshold 15 (max threshold 15)
[2023-01-09T09:49:15.741+0000][7][gc,age      ] GC(0) - age   1:    3923672 bytes,    3923672 total
[2023-01-09T09:49:15.742+0000][7][gc,phases   ] GC(0)   Pre Evacuate Collection Set: 0.1ms
[2023-01-09T09:49:15.744+0000][7][gc,phases   ] GC(0)   Merge Heap Roots: 0.0ms
[2023-01-09T09:49:15.745+0000][7][gc,phases   ] GC(0)   Evacuate Collection Set: 10.9ms
[2023-01-09T09:49:15.747+0000][7][gc,phases   ] GC(0)   Post Evacuate Collection Set: 0.9ms
[2023-01-09T09:49:15.748+0000][7][gc,phases   ] GC(0)   Other: 5.0ms
[2023-01-09T09:49:15.749+0000][7][gc,heap     ] GC(0) Eden regions: 25->0(25)
[2023-01-09T09:49:15.750+0000][7][gc,heap     ] GC(0) Survivor regions: 0->4(4)
[2023-01-09T09:49:15.750+0000][7][gc,heap     ] GC(0) Old regions: 0->0
[2023-01-09T09:49:15.751+0000][7][gc,heap     ] GC(0) Archive regions: 0->0
[2023-01-09T09:49:15.752+0000][7][gc,heap     ] GC(0) Humongous regions: 1->1
[2023-01-09T09:49:15.753+0000][7][gc,metaspace] GC(0) Metaspace: 15708K(16384K)->15708K(16384K) NonClass: 14119K(14592K)->14119K(14592K) Class: 1588K(1792K)->1588K(1792K)
[2023-01-09T09:49:15.756+0000][7][gc          ] GC(0) Pause Young (Normal) (G1 Evacuation Pause) 26M->4M(512M) 31.699ms
[2023-01-09T09:49:15.759+0000][7][gc,cpu      ] GC(0) User=0.02s Sys=0.01s Real=0.04s
[2023-01-09T09:49:15.763+0000][7][safepoint   ] Safepoint "G1CollectForAllocation", Time since last: 103923583 ns, Reaching safepoint: 59125 ns, At safepoint: 38224125 ns, Total: 38283250 ns
[2023-01-09T09:49:16.330+0000][7][safepoint   ] Safepoint "ICBufferFull", Time since last: 566625542 ns, Reaching safepoint: 450875 ns, At safepoint: 5750 ns, Total: 456625 ns
[2023-01-09T09:49:16.557+0000][7][gc,start    ] GC(1) Pause Young (Concurrent Start) (Metadata GC Threshold)
[2023-01-09T09:49:16.561+0000][7][gc,task     ] GC(1) Using 4 workers of 4 for evacuation
[2023-01-09T09:49:16.562+0000][7][gc,age      ] GC(1) Desired survivor size 2097152 bytes, new threshold 1 (max threshold 15)
[2023-01-09T09:49:16.592+0000][7][gc,age      ] GC(1) Age table with threshold 1 (max threshold 15)
[2023-01-09T09:49:16.593+0000][7][gc,age      ] GC(1) - age   1:    2135016 bytes,    2135016 total
[2023-01-09T09:49:16.594+0000][7][gc,phases   ] GC(1)   Pre Evacuate Collection Set: 0.2ms
[2023-01-09T09:49:16.595+0000][7][gc,phases   ] GC(1)   Merge Heap Roots: 0.0ms
[2023-01-09T09:49:16.596+0000][7][gc,phases   ] GC(1)   Evacuate Collection Set: 18.2ms
[2023-01-09T09:49:16.597+0000][7][gc,phases   ] GC(1)   Post Evacuate Collection Set: 10.7ms
[2023-01-09T09:49:16.598+0000][7][gc,phases   ] GC(1)   Other: 8.5ms
[2023-01-09T09:49:16.598+0000][7][gc,heap     ] GC(1) Eden regions: 22->0(34)
[2023-01-09T09:49:16.599+0000][7][gc,heap     ] GC(1) Survivor regions: 4->3(4)
[2023-01-09T09:49:16.600+0000][7][gc,heap     ] GC(1) Old regions: 0->4
[2023-01-09T09:49:16.600+0000][7][gc,heap     ] GC(1) Archive regions: 0->0
[2023-01-09T09:49:16.601+0000][7][gc,heap     ] GC(1) Humongous regions: 1->1
[2023-01-09T09:49:16.602+0000][7][gc,metaspace] GC(1) Metaspace: 20750K(21248K)->20750K(21248K) NonClass: 18524K(18944K)->18524K(18944K) Class: 2225K(2304K)->2225K(2304K)
[2023-01-09T09:49:16.602+0000][7][gc          ] GC(1) Pause Young (Concurrent Start) (Metadata GC Threshold) 26M->7M(512M) 45.549ms
[2023-01-09T09:49:16.603+0000][7][gc,cpu      ] GC(1) User=0.01s Sys=0.01s Real=0.04s
[2023-01-09T09:49:16.603+0000][7][gc          ] GC(2) Concurrent Cycle
[2023-01-09T09:49:16.605+0000][7][gc,marking  ] GC(2) Concurrent Clear Claimed Marks
[2023-01-09T09:49:16.605+0000][7][gc,marking  ] GC(2) Concurrent Clear Claimed Marks 0.511ms
[2023-01-09T09:49:16.606+0000][7][gc,marking  ] GC(2) Concurrent Scan Root Regions
[2023-01-09T09:49:16.604+0000][7][safepoint   ] Safepoint "CollectForMetadataAllocation", Time since last: 226434542 ns, Reaching safepoint: 84500 ns, At safepoint: 47062167 ns, Total: 47146667 ns
[2023-01-09T09:49:16.609+0000][7][gc,marking  ] GC(2) Concurrent Scan Root Regions 3.324ms
[2023-01-09T09:49:16.610+0000][7][gc,marking  ] GC(2) Concurrent Mark (1.991s)
[2023-01-09T09:49:16.610+0000][7][gc,marking  ] GC(2) Concurrent Mark From Roots
[2023-01-09T09:49:16.611+0000][7][gc,task     ] GC(2) Using 1 workers of 1 for marking
[2023-01-09T09:49:16.612+0000][7][gc,marking  ] GC(2) Concurrent Mark From Roots 1.999ms
[2023-01-09T09:49:16.613+0000][7][gc,marking  ] GC(2) Concurrent Preclean
[2023-01-09T09:49:16.614+0000][7][gc,marking  ] GC(2) Concurrent Preclean 0.676ms
[2023-01-09T09:49:16.615+0000][7][gc,marking  ] GC(2) Concurrent Mark (1.991s, 1.996s) 4.642ms
[2023-01-09T09:49:16.620+0000][7][gc,start    ] GC(2) Pause Remark
[2023-01-09T09:49:16.624+0000][7][gc          ] GC(2) Pause Remark 7M->7M(512M) 3.509ms
[2023-01-09T09:49:16.626+0000][7][gc,cpu      ] GC(2) User=0.00s Sys=0.00s Real=0.01s
[2023-01-09T09:49:16.626+0000][7][safepoint   ] Safepoint "G1Concurrent", Time since last: 12866541 ns, Reaching safepoint: 3582209 ns, At safepoint: 6446916 ns, Total: 10029125 ns
[2023-01-09T09:49:16.627+0000][7][gc,marking  ] GC(2) Concurrent Rebuild Remembered Sets
[2023-01-09T09:49:16.630+0000][7][gc,marking  ] GC(2) Concurrent Rebuild Remembered Sets 2.649ms
[2023-01-09T09:49:16.640+0000][7][gc,start    ] GC(2) Pause Cleanup
[2023-01-09T09:49:16.641+0000][7][gc          ] GC(2) Pause Cleanup 7M->7M(512M) 1.183ms
[2023-01-09T09:49:16.642+0000][7][gc,cpu      ] GC(2) User=0.00s Sys=0.00s Real=0.00s
[2023-01-09T09:49:16.643+0000][7][safepoint   ] Safepoint "G1Concurrent", Time since last: 4275750 ns, Reaching safepoint: 8953917 ns, At safepoint: 3345708 ns, Total: 12299625 ns
[2023-01-09T09:49:16.645+0000][7][gc,marking  ] GC(2) Concurrent Cleanup for Next Mark
[2023-01-09T09:49:16.646+0000][7][gc,marking  ] GC(2) Concurrent Cleanup for Next Mark 1.375ms
[2023-01-09T09:49:16.647+0000][7][gc          ] GC(2) Concurrent Cycle 43.635ms
[2023-01-09T09:49:17.158+0000][7][safepoint   ] Safepoint "ICBufferFull", Time since last: 514401667 ns, Reaching safepoint: 89250 ns, At safepoint: 2542 ns, Total: 91792 ns
[2023-01-09T09:49:17.211+0000][7][gc,start    ] GC(3) Pause Young (Normal) (G1 Evacuation Pause)
[2023-01-09T09:49:17.212+0000][7][gc,task     ] GC(3) Using 4 workers of 4 for evacuation
[2023-01-09T09:49:17.213+0000][7][gc,age      ] GC(3) Desired survivor size 2621440 bytes, new threshold 15 (max threshold 15)
[2023-01-09T09:49:17.241+0000][7][gc,age      ] GC(3) Age table with threshold 15 (max threshold 15)
[2023-01-09T09:49:17.242+0000][7][gc,age      ] GC(3) - age   1:    3033336 bytes,    3033336 total
[2023-01-09T09:49:17.243+0000][7][gc,age      ] GC(3) - age   2:    2094000 bytes,    5127336 total
[2023-01-09T09:49:17.244+0000][7][gc,phases   ] GC(3)   Pre Evacuate Collection Set: 0.2ms
[2023-01-09T09:49:17.245+0000][7][gc,phases   ] GC(3)   Merge Heap Roots: 0.2ms
[2023-01-09T09:49:17.246+0000][7][gc,phases   ] GC(3)   Evacuate Collection Set: 4.1ms
[2023-01-09T09:49:17.246+0000][7][gc,phases   ] GC(3)   Post Evacuate Collection Set: 22.6ms
[2023-01-09T09:49:17.247+0000][7][gc,phases   ] GC(3)   Other: 6.1ms
[2023-01-09T09:49:17.248+0000][7][gc,heap     ] GC(3) Eden regions: 35->0(171)
[2023-01-09T09:49:17.249+0000][7][gc,heap     ] GC(3) Survivor regions: 3->5(5)
[2023-01-09T09:49:17.250+0000][7][gc,heap     ] GC(3) Old regions: 4->4
[2023-01-09T09:49:17.250+0000][7][gc,heap     ] GC(3) Archive regions: 0->0
[2023-01-09T09:49:17.253+0000][7][gc,heap     ] GC(3) Humongous regions: 1->1
[2023-01-09T09:49:17.256+0000][7][gc,metaspace] GC(3) Metaspace: 22530K(23040K)->22530K(23040K) NonClass: 20113K(20480K)->20113K(20480K) Class: 2416K(2560K)->2416K(2560K)
[2023-01-09T09:49:17.257+0000][7][gc          ] GC(3) Pause Young (Normal) (G1 Evacuation Pause) 42M->9M(512M) 46.603ms
[2023-01-09T09:49:17.258+0000][7][gc,cpu      ] GC(3) User=0.01s Sys=0.00s Real=0.05s
[2023-01-09T09:49:17.259+0000][7][safepoint   ] Safepoint "G1CollectForAllocation", Time since last: 53044417 ns, Reaching safepoint: 62416 ns, At safepoint: 48247250 ns, Total: 48309666 ns
[2023-01-09T09:49:17.363+0000][7][safepoint   ] Safepoint "ICBufferFull", Time since last: 104278334 ns, Reaching safepoint: 43458 ns, At safepoint: 6458 ns, Total: 49916 ns
[2023-01-09T09:49:17.367+0000][7][safepoint   ] Safepoint "ICBufferFull", Time since last: 3898417 ns, Reaching safepoint: 60250 ns, At safepoint: 9667 ns, Total: 69917 ns
[2023-01-09T09:49:17.375+0000][7][safepoint   ] Safepoint "ICBufferFull", Time since last: 7923375 ns, Reaching safepoint: 106458 ns, At safepoint: 1667 ns, Total: 108125 ns
[2023-01-09T09:49:17.378+0000][7][safepoint   ] Safepoint "ICBufferFull", Time since last: 2938458 ns, Reaching safepoint: 94208 ns, At safepoint: 1584 ns, Total: 95792 ns
[2023-01-09T09:49:17.381+0000][7][safepoint   ] Safepoint "ICBufferFull", Time since last: 2613041 ns, Reaching safepoint: 81667 ns, At safepoint: 1875 ns, Total: 83542 ns
[2023-01-09T09:49:17.383+0000][7][safepoint   ] Safepoint "ICBufferFull", Time since last: 1836875 ns, Reaching safepoint: 55958 ns, At safepoint: 1417 ns, Total: 57375 ns
[2023-01-09T09:49:17.385+0000][7][safepoint   ] Safepoint "ICBufferFull", Time since last: 2114250 ns, Reaching safepoint: 102375 ns, At safepoint: 1625 ns, Total: 104000 ns
[2023-01-09T09:49:17.391+0000][7][safepoint   ] Safepoint "ICBufferFull", Time since last: 6416917 ns, Reaching safepoint: 37333 ns, At safepoint: 1667 ns, Total: 39000 ns
[2023-01-09T09:49:17.404+0000][7][safepoint   ] Safepoint "ICBufferFull", Time since last: 10981416 ns, Reaching safepoint: 1970250 ns, At safepoint: 2459 ns, Total: 1972709 ns
[2023-01-09T09:49:17.407+0000][7][safepoint   ] Safepoint "ICBufferFull", Time since last: 2154583 ns, Reaching safepoint: 135667 ns, At safepoint: 1708 ns, Total: 137375 ns
[2023-01-09T09:49:17.409+0000][7][safepoint   ] Safepoint "ICBufferFull", Time since last: 1979042 ns, Reaching safepoint: 718333 ns, At safepoint: 3542 ns, Total: 721875 ns
[2023-01-09T09:49:17.415+0000][7][safepoint   ] Safepoint "ICBufferFull", Time since last: 4658541 ns, Reaching safepoint: 675292 ns, At safepoint: 3750 ns, Total: 679042 ns
[2023-01-09T09:49:17.418+0000][7][safepoint   ] Safepoint "ICBufferFull", Time since last: 3204208 ns, Reaching safepoint: 99834 ns, At safepoint: 1791 ns, Total: 101625 ns
[2023-01-09T09:49:17.427+0000][7][safepoint   ] Safepoint "ICBufferFull", Time since last: 8628417 ns, Reaching safepoint: 113125 ns, At safepoint: 1833 ns, Total: 114958 ns
[2023-01-09T09:49:17.429+0000][7][safepoint   ] Safepoint "ICBufferFull", Time since last: 2150584 ns, Reaching safepoint: 109625 ns, At safepoint: 1916 ns, Total: 111541 ns
[2023-01-09T09:49:17.444+0000][7][safepoint   ] Safepoint "ICBufferFull", Time since last: 14714000 ns, Reaching safepoint: 120167 ns, At safepoint: 2000 ns, Total: 122167 ns
[2023-01-09T09:49:17.446+0000][7][safepoint   ] Safepoint "ICBufferFull", Time since last: 2185625 ns, Reaching safepoint: 111083 ns, At safepoint: 1709 ns, Total: 112792 ns
[2023-01-09T09:49:17.449+0000][7][safepoint   ] Safepoint "ICBufferFull", Time since last: 2290208 ns, Reaching safepoint: 101000 ns, At safepoint: 1542 ns, Total: 102542 ns
[2023-01-09T09:49:17.450+0000][7][safepoint   ] Safepoint "ICBufferFull", Time since last: 1672583 ns, Reaching safepoint: 100333 ns, At safepoint: 1917 ns, Total: 102250 ns
[2023-01-09T09:49:17.453+0000][7][safepoint   ] Safepoint "ICBufferFull", Time since last: 2220792 ns, Reaching safepoint: 106000 ns, At safepoint: 7916 ns, Total: 113916 ns
[2023-01-09T09:49:17.455+0000][7][safepoint   ] Safepoint "ICBufferFull", Time since last: 2212792 ns, Reaching safepoint: 107708 ns, At safepoint: 1959 ns, Total: 109667 ns
[2023-01-09T09:49:17.457+0000][7][safepoint   ] Safepoint "ICBufferFull", Time since last: 1463791 ns, Reaching safepoint: 98875 ns, At safepoint: 1542 ns, Total: 100417 ns
[2023-01-09T09:49:17.460+0000][7][safepoint   ] Safepoint "ICBufferFull", Time since last: 3759792 ns, Reaching safepoint: 109083 ns, At safepoint: 1708 ns, Total: 110791 ns
[2023-01-09T09:49:17.462+0000][7][safepoint   ] Safepoint "ICBufferFull", Time since last: 1804167 ns, Reaching safepoint: 104792 ns, At safepoint: 1750 ns, Total: 106542 ns
[2023-01-09T09:49:17.465+0000][7][safepoint   ] Safepoint "ICBufferFull", Time since last: 2105708 ns, Reaching safepoint: 109875 ns, At safepoint: 1875 ns, Total: 111750 ns
[2023-01-09T09:49:17.467+0000][7][safepoint   ] Safepoint "ICBufferFull", Time since last: 2399458 ns, Reaching safepoint: 99167 ns, At safepoint: 1500 ns, Total: 100667 ns
[2023-01-09T09:49:17.474+0000][7][safepoint   ] Safepoint "ICBufferFull", Time since last: 6838375 ns, Reaching safepoint: 105417 ns, At safepoint: 1875 ns, Total: 107292 ns
[2023-01-09T09:49:17.487+0000][7][safepoint   ] Safepoint "ICBufferFull", Time since last: 13304916 ns, Reaching safepoint: 120209 ns, At safepoint: 2333 ns, Total: 122542 ns
[2023-01-09T09:49:17.490+0000][7][safepoint   ] Safepoint "ICBufferFull", Time since last: 2403333 ns, Reaching safepoint: 29167 ns, At safepoint: 1583 ns, Total: 30750 ns
[2023-01-09T09:49:17.492+0000][7][safepoint   ] Safepoint "ICBufferFull", Time since last: 1737167 ns, Reaching safepoint: 22542 ns, At safepoint: 1583 ns, Total: 24125 ns
[2023-01-09T09:49:17.496+0000][7][safepoint   ] Safepoint "ICBufferFull", Time since last: 4508833 ns, Reaching safepoint: 111125 ns, At safepoint: 1792 ns, Total: 112917 ns
[2023-01-09T09:49:17.498+0000][7][safepoint   ] Safepoint "ICBufferFull", Time since last: 1823958 ns, Reaching safepoint: 96459 ns, At safepoint: 1541 ns, Total: 98000 ns
[2023-01-09T09:49:17.500+0000][7][safepoint   ] Safepoint "ICBufferFull", Time since last: 1686084 ns, Reaching safepoint: 100833 ns, At safepoint: 1500 ns, Total: 102333 ns
[2023-01-09T09:49:17.502+0000][7][safepoint   ] Safepoint "ICBufferFull", Time since last: 1845250 ns, Reaching safepoint: 103708 ns, At safepoint: 1584 ns, Total: 105292 ns
[2023-01-09T09:49:17.505+0000][7][safepoint   ] Safepoint "ICBufferFull", Time since last: 2520916 ns, Reaching safepoint: 103375 ns, At safepoint: 1709 ns, Total: 105084 ns
[2023-01-09T09:49:17.509+0000][7][safepoint   ] Safepoint "ICBufferFull", Time since last: 3825875 ns, Reaching safepoint: 100250 ns, At safepoint: 1500 ns, Total: 101750 ns
[2023-01-09T09:49:17.511+0000][7][safepoint   ] Safepoint "ICBufferFull", Time since last: 2538333 ns, Reaching safepoint: 103125 ns, At safepoint: 2042 ns, Total: 105167 ns
[2023-01-09T09:49:17.513+0000][7][safepoint   ] Safepoint "ICBufferFull", Time since last: 2138166 ns, Reaching safepoint: 136792 ns, At safepoint: 1917 ns, Total: 138709 ns
[2023-01-09T09:49:17.515+0000][7][safepoint   ] Safepoint "ICBufferFull", Time since last: 1321791 ns, Reaching safepoint: 97834 ns, At safepoint: 1666 ns, Total: 99500 ns
[2023-01-09T09:49:17.516+0000][7][safepoint   ] Safepoint "ICBufferFull", Time since last: 1080792 ns, Reaching safepoint: 100083 ns, At safepoint: 1542 ns, Total: 101625 ns
[2023-01-09T09:49:17.526+0000][7][safepoint   ] Safepoint "ICBufferFull", Time since last: 5424792 ns, Reaching safepoint: 4981791 ns, At safepoint: 3500 ns, Total: 4985291 ns
[2023-01-09T09:49:17.528+0000][7][safepoint   ] Safepoint "ICBufferFull", Time since last: 1599292 ns, Reaching safepoint: 130292 ns, At safepoint: 1458 ns, Total: 131750 ns
[2023-01-09T09:49:17.531+0000][7][safepoint   ] Safepoint "ICBufferFull", Time since last: 989542 ns, Reaching safepoint: 1349917 ns, At safepoint: 2041 ns, Total: 1351958 ns
[2023-01-09T09:49:17.532+0000][7][safepoint   ] Safepoint "ICBufferFull", Time since last: 1279584 ns, Reaching safepoint: 93208 ns, At safepoint: 1417 ns, Total: 94625 ns
[2023-01-09T09:49:17.533+0000][7][safepoint   ] Safepoint "ICBufferFull", Time since last: 1140583 ns, Reaching safepoint: 92375 ns, At safepoint: 1375 ns, Total: 93750 ns
[2023-01-09T09:49:17.534+0000][7][safepoint   ] Safepoint "ICBufferFull", Time since last: 1008042 ns, Reaching safepoint: 91875 ns, At safepoint: 1458 ns, Total: 93333 ns
[2023-01-09T09:49:17.536+0000][7][safepoint   ] Safepoint "ICBufferFull", Time since last: 1360292 ns, Reaching safepoint: 93000 ns, At safepoint: 1541 ns, Total: 94541 ns
[2023-01-09T09:49:17.537+0000][7][safepoint   ] Safepoint "ICBufferFull", Time since last: 1242334 ns, Reaching safepoint: 97666 ns, At safepoint: 1709 ns, Total: 99375 ns
[2023-01-09T09:49:17.538+0000][7][safepoint   ] Safepoint "ICBufferFull", Time since last: 1136666 ns, Reaching safepoint: 93292 ns, At safepoint: 1542 ns, Total: 94834 ns
[2023-01-09T09:49:17.544+0000][7][safepoint   ] Safepoint "ICBufferFull", Time since last: 1213166 ns, Reaching safepoint: 4310125 ns, At safepoint: 7500 ns, Total: 4317625 ns
[2023-01-09T09:49:17.547+0000][7][safepoint   ] Safepoint "ICBufferFull", Time since last: 1856292 ns, Reaching safepoint: 1277458 ns, At safepoint: 2959 ns, Total: 1280417 ns
[2023-01-09T09:49:17.549+0000][7][safepoint   ] Safepoint "ICBufferFull", Time since last: 1623041 ns, Reaching safepoint: 146417 ns, At safepoint: 2208 ns, Total: 148625 ns
[2023-01-09T09:49:17.552+0000][7][safepoint   ] Safepoint "ICBufferFull", Time since last: 1068584 ns, Reaching safepoint: 2481791 ns, At safepoint: 3125 ns, Total: 2484916 ns
[2023-01-09T09:49:17.565+0000][7][safepoint   ] Safepoint "ICBufferFull", Time since last: 2008125 ns, Reaching safepoint: 11164167 ns, At safepoint: 8458 ns, Total: 11172625 ns
[2023-01-09T09:49:17.579+0000][7][safepoint   ] Safepoint "ICBufferFull", Time since last: 1556000 ns, Reaching safepoint: 12439334 ns, At safepoint: 5208 ns, Total: 12444542 ns
[2023-01-09T09:49:17.581+0000][7][safepoint   ] Safepoint "ICBufferFull", Time since last: 1588667 ns, Reaching safepoint: 100541 ns, At safepoint: 1792 ns, Total: 102333 ns
[2023-01-09T09:49:17.583+0000][7][safepoint   ] Safepoint "ICBufferFull", Time since last: 1368583 ns, Reaching safepoint: 104084 ns, At safepoint: 1625 ns, Total: 105709 ns
[2023-01-09T09:49:17.584+0000][7][safepoint   ] Safepoint "ICBufferFull", Time since last: 1529458 ns, Reaching safepoint: 109375 ns, At safepoint: 1583 ns, Total: 110958 ns
[2023-01-09T09:49:17.587+0000][7][safepoint   ] Safepoint "ICBufferFull", Time since last: 2230209 ns, Reaching safepoint: 102958 ns, At safepoint: 1625 ns, Total: 104583 ns
[2023-01-09T09:49:17.591+0000][7][safepoint   ] Safepoint "ICBufferFull", Time since last: 1520292 ns, Reaching safepoint: 3048791 ns, At safepoint: 5667 ns, Total: 3054458 ns
[2023-01-09T09:49:17.593+0000][7][safepoint   ] Safepoint "ICBufferFull", Time since last: 1404625 ns, Reaching safepoint: 853417 ns, At safepoint: 3041 ns, Total: 856458 ns
[2023-01-09T09:49:17.595+0000][7][safepoint   ] Safepoint "ICBufferFull", Time since last: 1201750 ns, Reaching safepoint: 94000 ns, At safepoint: 1459 ns, Total: 95459 ns
[2023-01-09T09:49:17.596+0000][7][safepoint   ] Safepoint "ICBufferFull", Time since last: 1385916 ns, Reaching safepoint: 91750 ns, At safepoint: 1334 ns, Total: 93084 ns
[2023-01-09T09:49:17.598+0000][7][safepoint   ] Safepoint "ICBufferFull", Time since last: 1371416 ns, Reaching safepoint: 92417 ns, At safepoint: 1542 ns, Total: 93959 ns
[2023-01-09T09:49:17.599+0000][7][safepoint   ] Safepoint "ICBufferFull", Time since last: 967250 ns, Reaching safepoint: 159666 ns, At safepoint: 1750 ns, Total: 161416 ns
[2023-01-09T09:49:17.600+0000][7][safepoint   ] Safepoint "ICBufferFull", Time since last: 851709 ns, Reaching safepoint: 92500 ns, At safepoint: 1291 ns, Total: 93791 ns
[2023-01-09T09:49:17.601+0000][7][safepoint   ] Safepoint "ICBufferFull", Time since last: 1008334 ns, Reaching safepoint: 142333 ns, At safepoint: 2750 ns, Total: 145083 ns
[2023-01-09T09:49:17.604+0000][7][safepoint   ] Safepoint "ICBufferFull", Time since last: 811458 ns, Reaching safepoint: 1924875 ns, At safepoint: 3542 ns, Total: 1928417 ns
[2023-01-09T09:49:18.046+0000][7][safepoint   ] Safepoint "ICBufferFull", Time since last: 442045958 ns, Reaching safepoint: 198792 ns, At safepoint: 2125 ns, Total: 200917 ns
[2023-01-09T09:49:18.397+0000][7][safepoint   ] Safepoint "ICBufferFull", Time since last: 350786750 ns, Reaching safepoint: 203959 ns, At safepoint: 2583 ns, Total: 206542 ns
[2023-01-09T09:49:18.426+0000][7][gc,start    ] GC(4) Pause Young (Normal) (G1 Evacuation Pause)
[2023-01-09T09:49:18.428+0000][7][gc,task     ] GC(4) Using 4 workers of 4 for evacuation
[2023-01-09T09:49:18.429+0000][7][gc,age      ] GC(4) Desired survivor size 11534336 bytes, new threshold 15 (max threshold 15)
[2023-01-09T09:49:18.450+0000][7][gc,age      ] GC(4) Age table with threshold 15 (max threshold 15)
[2023-01-09T09:49:18.451+0000][7][gc,age      ] GC(4) - age   1:    4357752 bytes,    4357752 total
[2023-01-09T09:49:18.451+0000][7][gc,age      ] GC(4) - age   2:    1162184 bytes,    5519936 total
[2023-01-09T09:49:18.452+0000][7][gc,age      ] GC(4) - age   3:    2079752 bytes,    7599688 total
[2023-01-09T09:49:18.453+0000][7][gc,phases   ] GC(4)   Pre Evacuate Collection Set: 0.1ms
[2023-01-09T09:49:18.454+0000][7][gc,phases   ] GC(4)   Merge Heap Roots: 0.0ms
[2023-01-09T09:49:18.455+0000][7][gc,phases   ] GC(4)   Evacuate Collection Set: 19.9ms
[2023-01-09T09:49:18.455+0000][7][gc,phases   ] GC(4)   Post Evacuate Collection Set: 0.5ms
[2023-01-09T09:49:18.456+0000][7][gc,phases   ] GC(4)   Other: 5.7ms
[2023-01-09T09:49:18.456+0000][7][gc,heap     ] GC(4) Eden regions: 171->0(299)
[2023-01-09T09:49:18.457+0000][7][gc,heap     ] GC(4) Survivor regions: 5->8(22)
[2023-01-09T09:49:18.458+0000][7][gc,heap     ] GC(4) Old regions: 4->4
[2023-01-09T09:49:18.458+0000][7][gc,heap     ] GC(4) Archive regions: 0->0
[2023-01-09T09:49:18.459+0000][7][gc,heap     ] GC(4) Humongous regions: 2->1
[2023-01-09T09:49:18.460+0000][7][gc,metaspace] GC(4) Metaspace: 25929K(26624K)->25929K(26624K) NonClass: 23043K(23552K)->23043K(23552K) Class: 2885K(3072K)->2885K(3072K)
[2023-01-09T09:49:18.460+0000][7][gc          ] GC(4) Pause Young (Normal) (G1 Evacuation Pause) 181M->12M(512M) 34.056ms
[2023-01-09T09:49:18.461+0000][7][gc,cpu      ] GC(4) User=0.02s Sys=0.00s Real=0.03s
[2023-01-09T09:49:18.462+0000][7][safepoint   ] Safepoint "G1CollectForAllocation", Time since last: 25876083 ns, Reaching safepoint: 3662875 ns, At safepoint: 35410084 ns, Total: 39072959 ns
[2023-01-09T09:49:19.189+0000][7][safepoint   ] Safepoint "ICBufferFull", Time since last: 721998042 ns, Reaching safepoint: 4733541 ns, At safepoint: 3167 ns, Total: 4736708 ns
[2023-01-09T09:49:19.449+0000][7][gc,start    ] GC(5) Pause Young (Normal) (G1 Evacuation Pause)
[2023-01-09T09:49:19.450+0000][7][gc,task     ] GC(5) Using 4 workers of 4 for evacuation
[2023-01-09T09:49:19.451+0000][7][gc,age      ] GC(5) Desired survivor size 20447232 bytes, new threshold 15 (max threshold 15)
[2023-01-09T09:49:19.472+0000][7][gc,age      ] GC(5) Age table with threshold 15 (max threshold 15)
[2023-01-09T09:49:19.473+0000][7][gc,age      ] GC(5) - age   1:    4084432 bytes,    4084432 total
[2023-01-09T09:49:19.474+0000][7][gc,age      ] GC(5) - age   2:    4312808 bytes,    8397240 total
[2023-01-09T09:49:19.475+0000][7][gc,age      ] GC(5) - age   3:    1162008 bytes,    9559248 total
[2023-01-09T09:49:19.477+0000][7][gc,age      ] GC(5) - age   4:    2079752 bytes,   11639000 total
[2023-01-09T09:49:19.478+0000][7][gc,phases   ] GC(5)   Pre Evacuate Collection Set: 0.1ms
[2023-01-09T09:49:19.479+0000][7][gc,phases   ] GC(5)   Merge Heap Roots: 0.2ms
[2023-01-09T09:49:19.480+0000][7][gc,phases   ] GC(5)   Evacuate Collection Set: 19.3ms
[2023-01-09T09:49:19.482+0000][7][gc,phases   ] GC(5)   Post Evacuate Collection Set: 1.0ms
[2023-01-09T09:49:19.483+0000][7][gc,phases   ] GC(5)   Other: 8.8ms
[2023-01-09T09:49:19.484+0000][7][gc,heap     ] GC(5) Eden regions: 299->0(295)
[2023-01-09T09:49:19.485+0000][7][gc,heap     ] GC(5) Survivor regions: 8->12(39)
[2023-01-09T09:49:19.487+0000][7][gc,heap     ] GC(5) Old regions: 4->4
[2023-01-09T09:49:19.488+0000][7][gc,heap     ] GC(5) Archive regions: 0->0
[2023-01-09T09:49:19.489+0000][7][gc,heap     ] GC(5) Humongous regions: 1->1
[2023-01-09T09:49:19.490+0000][7][gc,metaspace] GC(5) Metaspace: 27649K(28672K)->27649K(28672K) NonClass: 24569K(25344K)->24569K(25344K) Class: 3079K(3328K)->3079K(3328K)
[2023-01-09T09:49:19.491+0000][7][gc          ] GC(5) Pause Young (Normal) (G1 Evacuation Pause) 311M->16M(512M) 42.175ms
[2023-01-09T09:49:19.492+0000][7][gc,cpu      ] GC(5) User=0.01s Sys=0.00s Real=0.04s
[2023-01-09T09:49:19.493+0000][7][safepoint   ] Safepoint "G1CollectForAllocation", Time since last: 254324458 ns, Reaching safepoint: 5697459 ns, At safepoint: 44210208 ns, Total: 49907667 ns
[2023-01-09T09:49:20.183+0000][7][gc,start    ] GC(6) Pause Young (Normal) (G1 Evacuation Pause)
[2023-01-09T09:49:20.184+0000][7][gc,task     ] GC(6) Using 4 workers of 4 for evacuation
[2023-01-09T09:49:20.185+0000][7][gc,age      ] GC(6) Desired survivor size 20447232 bytes, new threshold 15 (max threshold 15)
[2023-01-09T09:49:20.199+0000][7][gc,age      ] GC(6) Age table with threshold 15 (max threshold 15)
[2023-01-09T09:49:20.200+0000][7][gc,age      ] GC(6) - age   1:    1256904 bytes,    1256904 total
[2023-01-09T09:49:20.202+0000][7][gc,age      ] GC(6) - age   2:    3286136 bytes,    4543040 total
[2023-01-09T09:49:20.203+0000][7][gc,age      ] GC(6) - age   3:    4308504 bytes,    8851544 total
[2023-01-09T09:49:20.204+0000][7][gc,age      ] GC(6) - age   4:    1161864 bytes,   10013408 total
[2023-01-09T09:49:20.205+0000][7][gc,age      ] GC(6) - age   5:    2079752 bytes,   12093160 total
[2023-01-09T09:49:20.205+0000][7][gc,phases   ] GC(6)   Pre Evacuate Collection Set: 0.4ms
[2023-01-09T09:49:20.207+0000][7][gc,phases   ] GC(6)   Merge Heap Roots: 0.6ms
[2023-01-09T09:49:20.207+0000][7][gc,phases   ] GC(6)   Evacuate Collection Set: 12.2ms
[2023-01-09T09:49:20.208+0000][7][gc,phases   ] GC(6)   Post Evacuate Collection Set: 0.6ms
[2023-01-09T09:49:20.209+0000][7][gc,phases   ] GC(6)   Other: 9.0ms
[2023-01-09T09:49:20.210+0000][7][gc,heap     ] GC(6) Eden regions: 295->0(294)
[2023-01-09T09:49:20.211+0000][7][gc,heap     ] GC(6) Survivor regions: 12->13(39)
[2023-01-09T09:49:20.212+0000][7][gc,heap     ] GC(6) Old regions: 4->4
[2023-01-09T09:49:20.212+0000][7][gc,heap     ] GC(6) Archive regions: 0->0
[2023-01-09T09:49:20.213+0000][7][gc,heap     ] GC(6) Humongous regions: 1->1
[2023-01-09T09:49:20.215+0000][7][gc,metaspace] GC(6) Metaspace: 28023K(29312K)->28023K(29312K) NonClass: 24875K(25856K)->24875K(25856K) Class: 3147K(3456K)->3147K(3456K)
[2023-01-09T09:49:20.217+0000][7][gc          ] GC(6) Pause Young (Normal) (G1 Evacuation Pause) 311M->17M(512M) 33.882ms
[2023-01-09T09:49:20.217+0000][7][gc,cpu      ] GC(6) User=0.03s Sys=0.00s Real=0.04s
[2023-01-09T09:49:20.218+0000][7][safepoint   ] Safepoint "G1CollectForAllocation", Time since last: 688778792 ns, Reaching safepoint: 1070917 ns, At safepoint: 35499291 ns, Total: 36570208 ns
[2023-01-09T09:49:20.707+0000][7][gc,start    ] GC(7) Pause Young (Normal) (G1 Evacuation Pause)
[2023-01-09T09:49:20.708+0000][7][gc,task     ] GC(7) Using 4 workers of 4 for evacuation
[2023-01-09T09:49:20.709+0000][7][gc,age      ] GC(7) Desired survivor size 20447232 bytes, new threshold 15 (max threshold 15)
[2023-01-09T09:49:20.759+0000][7][gc,age      ] GC(7) Age table with threshold 15 (max threshold 15)
[2023-01-09T09:49:20.761+0000][7][gc,age      ] GC(7) - age   1:    4336856 bytes,    4336856 total
[2023-01-09T09:49:20.762+0000][7][gc,age      ] GC(7) - age   2:     611312 bytes,    4948168 total
[2023-01-09T09:49:20.763+0000][7][gc,age      ] GC(7) - age   3:    3284360 bytes,    8232528 total
[2023-01-09T09:49:20.764+0000][7][gc,age      ] GC(7) - age   4:    4308064 bytes,   12540592 total
[2023-01-09T09:49:20.765+0000][7][gc,age      ] GC(7) - age   5:    1161864 bytes,   13702456 total
[2023-01-09T09:49:20.766+0000][7][gc,age      ] GC(7) - age   6:    2079752 bytes,   15782208 total
[2023-01-09T09:49:20.767+0000][7][gc,phases   ] GC(7)   Pre Evacuate Collection Set: 5.7ms
[2023-01-09T09:49:20.768+0000][7][gc,phases   ] GC(7)   Merge Heap Roots: 2.9ms
[2023-01-09T09:49:20.769+0000][7][gc,phases   ] GC(7)   Evacuate Collection Set: 26.3ms
[2023-01-09T09:49:20.770+0000][7][gc,phases   ] GC(7)   Post Evacuate Collection Set: 14.8ms
[2023-01-09T09:49:20.770+0000][7][gc,phases   ] GC(7)   Other: 10.7ms
[2023-01-09T09:49:20.771+0000][7][gc,heap     ] GC(7) Eden regions: 294->0(290)
[2023-01-09T09:49:20.772+0000][7][gc,heap     ] GC(7) Survivor regions: 13->17(39)
[2023-01-09T09:49:20.773+0000][7][gc,heap     ] GC(7) Old regions: 4->4
[2023-01-09T09:49:20.774+0000][7][gc,heap     ] GC(7) Archive regions: 0->0
[2023-01-09T09:49:20.774+0000][7][gc,heap     ] GC(7) Humongous regions: 1->1
[2023-01-09T09:49:20.775+0000][7][gc,metaspace] GC(7) Metaspace: 28548K(29952K)->28548K(29952K) NonClass: 25320K(26368K)->25320K(26368K) Class: 3227K(3584K)->3227K(3584K)
[2023-01-09T09:49:20.776+0000][7][gc          ] GC(7) Pause Young (Normal) (G1 Evacuation Pause) 311M->21M(512M) 69.280ms
[2023-01-09T09:49:20.777+0000][7][gc,cpu      ] GC(7) User=0.02s Sys=0.00s Real=0.07s
[2023-01-09T09:49:20.778+0000][7][safepoint   ] Safepoint "G1CollectForAllocation", Time since last: 488279251 ns, Reaching safepoint: 230416 ns, At safepoint: 71003209 ns, Total: 71233625 ns
[2023-01-09T09:49:21.479+0000][7][safepoint   ] Safepoint "ICBufferFull", Time since last: 698940250 ns, Reaching safepoint: 2169000 ns, At safepoint: 11708 ns, Total: 2180708 ns
[2023-01-09T09:49:21.599+0000][7][gc,start    ] GC(8) Pause Young (Concurrent Start) (Metadata GC Threshold)
[2023-01-09T09:49:21.600+0000][7][gc,task     ] GC(8) Using 4 workers of 4 for evacuation
[2023-01-09T09:49:21.601+0000][7][gc,age      ] GC(8) Desired survivor size 20447232 bytes, new threshold 15 (max threshold 15)
[2023-01-09T09:49:21.617+0000][7][gc,age      ] GC(8) Age table with threshold 15 (max threshold 15)
[2023-01-09T09:49:21.618+0000][7][gc,age      ] GC(8) - age   1:    2141600 bytes,    2141600 total
[2023-01-09T09:49:21.619+0000][7][gc,age      ] GC(8) - age   2:    2263944 bytes,    4405544 total
[2023-01-09T09:49:21.619+0000][7][gc,age      ] GC(8) - age   3:     600464 bytes,    5006008 total
[2023-01-09T09:49:21.620+0000][7][gc,age      ] GC(8) - age   4:    3268264 bytes,    8274272 total
[2023-01-09T09:49:21.621+0000][7][gc,age      ] GC(8) - age   5:    4297936 bytes,   12572208 total
[2023-01-09T09:49:21.623+0000][7][gc,age      ] GC(8) - age   6:    1131480 bytes,   13703688 total
[2023-01-09T09:49:21.624+0000][7][gc,age      ] GC(8) - age   7:    2077016 bytes,   15780704 total
[2023-01-09T09:49:21.624+0000][7][gc,phases   ] GC(8)   Pre Evacuate Collection Set: 0.4ms
[2023-01-09T09:49:21.625+0000][7][gc,phases   ] GC(8)   Merge Heap Roots: 0.0ms
[2023-01-09T09:49:21.626+0000][7][gc,phases   ] GC(8)   Evacuate Collection Set: 13.8ms
[2023-01-09T09:49:21.627+0000][7][gc,phases   ] GC(8)   Post Evacuate Collection Set: 0.8ms
[2023-01-09T09:49:21.628+0000][7][gc,phases   ] GC(8)   Other: 10.6ms
[2023-01-09T09:49:21.629+0000][7][gc,heap     ] GC(8) Eden regions: 135->0(291)
[2023-01-09T09:49:21.630+0000][7][gc,heap     ] GC(8) Survivor regions: 17->16(39)
[2023-01-09T09:49:21.630+0000][7][gc,heap     ] GC(8) Old regions: 4->4
[2023-01-09T09:49:21.631+0000][7][gc,heap     ] GC(8) Archive regions: 0->0
[2023-01-09T09:49:21.632+0000][7][gc,heap     ] GC(8) Humongous regions: 1->1
[2023-01-09T09:49:21.632+0000][7][gc,metaspace] GC(8) Metaspace: 34006K(35584K)->34006K(35584K) NonClass: 30071K(31232K)->30071K(31232K) Class: 3935K(4352K)->3935K(4352K)
[2023-01-09T09:49:21.633+0000][7][gc          ] GC(8) Pause Young (Concurrent Start) (Metadata GC Threshold) 156M->20M(512M) 34.424ms
[2023-01-09T09:49:21.634+0000][7][gc,cpu      ] GC(8) User=0.01s Sys=0.00s Real=0.03s
[2023-01-09T09:49:21.635+0000][7][gc          ] GC(9) Concurrent Cycle
[2023-01-09T09:49:21.636+0000][7][gc,marking  ] GC(9) Concurrent Clear Claimed Marks
[2023-01-09T09:49:21.637+0000][7][gc,marking  ] GC(9) Concurrent Clear Claimed Marks 0.694ms
[2023-01-09T09:49:21.638+0000][7][gc,marking  ] GC(9) Concurrent Scan Root Regions
[2023-01-09T09:49:21.635+0000][7][safepoint   ] Safepoint "CollectForMetadataAllocation", Time since last: 119945542 ns, Reaching safepoint: 119125 ns, At safepoint: 36292708 ns, Total: 36411833 ns
[2023-01-09T09:49:21.644+0000][7][gc,marking  ] GC(9) Concurrent Scan Root Regions 6.090ms
[2023-01-09T09:49:21.645+0000][7][gc,marking  ] GC(9) Concurrent Mark (7.026s)
[2023-01-09T09:49:21.646+0000][7][gc,marking  ] GC(9) Concurrent Mark From Roots
[2023-01-09T09:49:21.648+0000][7][gc,task     ] GC(9) Using 1 workers of 1 for marking
[2023-01-09T09:49:21.652+0000][7][gc,marking  ] GC(9) Concurrent Mark From Roots 6.110ms
[2023-01-09T09:49:21.657+0000][7][gc,marking  ] GC(9) Concurrent Preclean
[2023-01-09T09:49:21.658+0000][7][gc,marking  ] GC(9) Concurrent Preclean 0.838ms
[2023-01-09T09:49:21.659+0000][7][gc,marking  ] GC(9) Concurrent Mark (7.026s, 7.040s) 14.026ms
[2023-01-09T09:49:21.663+0000][7][gc,start    ] GC(9) Pause Remark
[2023-01-09T09:49:21.667+0000][7][gc          ] GC(9) Pause Remark 21M->21M(512M) 3.652ms
[2023-01-09T09:49:21.668+0000][7][gc,cpu      ] GC(9) User=0.00s Sys=0.00s Real=0.01s
[2023-01-09T09:49:21.669+0000][7][safepoint   ] Safepoint "G1Concurrent", Time since last: 24510459 ns, Reaching safepoint: 3793500 ns, At safepoint: 5253625 ns, Total: 9047125 ns
[2023-01-09T09:49:21.669+0000][7][gc,marking  ] GC(9) Concurrent Rebuild Remembered Sets
[2023-01-09T09:49:21.672+0000][7][gc,marking  ] GC(9) Concurrent Rebuild Remembered Sets 2.622ms
[2023-01-09T09:49:21.673+0000][7][gc,start    ] GC(9) Pause Cleanup
[2023-01-09T09:49:21.674+0000][7][gc          ] GC(9) Pause Cleanup 21M->21M(512M) 0.599ms
[2023-01-09T09:49:21.675+0000][7][gc,cpu      ] GC(9) User=0.00s Sys=0.00s Real=0.00s
[2023-01-09T09:49:21.676+0000][7][safepoint   ] Safepoint "G1Concurrent", Time since last: 3985250 ns, Reaching safepoint: 492500 ns, At safepoint: 2862250 ns, Total: 3354750 ns
[2023-01-09T09:49:21.677+0000][7][gc,marking  ] GC(9) Concurrent Cleanup for Next Mark
[2023-01-09T09:49:21.678+0000][7][gc,marking  ] GC(9) Concurrent Cleanup for Next Mark 1.765ms
[2023-01-09T09:49:21.679+0000][7][gc          ] GC(9) Concurrent Cycle 44.083ms
[2023-01-09T09:49:22.356+0000][7][safepoint   ] Safepoint "ICBufferFull", Time since last: 678614708 ns, Reaching safepoint: 888375 ns, At safepoint: 5209 ns, Total: 893584 ns
[2023-01-09T09:49:22.869+0000][7][safepoint   ] Safepoint "ICBufferFull", Time since last: 512946333 ns, Reaching safepoint: 132875 ns, At safepoint: 3042 ns, Total: 135917 ns
[2023-01-09T09:49:24.253+0000][7][safepoint   ] Safepoint "ICBufferFull", Time since last: 1383825292 ns, Reaching safepoint: 103625 ns, At safepoint: 2209 ns, Total: 105834 ns
[2023-01-09T09:49:24.874+0000][7][safepoint   ] Safepoint "ICBufferFull", Time since last: 620987208 ns, Reaching safepoint: 172417 ns, At safepoint: 2208 ns, Total: 174625 ns
[2023-01-09T09:49:24.992+0000][7][gc,start    ] GC(10) Pause Young (Normal) (G1 Evacuation Pause)
[2023-01-09T09:49:24.994+0000][7][gc,task     ] GC(10) Using 4 workers of 4 for evacuation
[2023-01-09T09:49:24.994+0000][7][gc,age      ] GC(10) Desired survivor size 20447232 bytes, new threshold 15 (max threshold 15)
[2023-01-09T09:49:25.128+0000][7][gc,age      ] GC(10) Age table with threshold 15 (max threshold 15)
[2023-01-09T09:49:25.130+0000][7][gc,age      ] GC(10) - age   1:   25217672 bytes,   25217672 total
[2023-01-09T09:49:25.131+0000][7][gc,age      ] GC(10) - age   2:    2021400 bytes,   27239072 total
[2023-01-09T09:49:25.131+0000][7][gc,age      ] GC(10) - age   3:    2260336 bytes,   29499408 total
[2023-01-09T09:49:25.132+0000][7][gc,age      ] GC(10) - age   4:     595216 bytes,   30094624 total
[2023-01-09T09:49:25.133+0000][7][gc,age      ] GC(10) - age   5:    3256288 bytes,   33350912 total
[2023-01-09T09:49:25.134+0000][7][gc,age      ] GC(10) - age   6:    4270240 bytes,   37621152 total
[2023-01-09T09:49:25.135+0000][7][gc,age      ] GC(10) - age   7:    1111048 bytes,   38732200 total
[2023-01-09T09:49:25.136+0000][7][gc,age      ] GC(10) - age   8:    2069128 bytes,   40801328 total
[2023-01-09T09:49:25.137+0000][7][gc,phases   ] GC(10)   Pre Evacuate Collection Set: 0.1ms
[2023-01-09T09:49:25.137+0000][7][gc,phases   ] GC(10)   Merge Heap Roots: 0.0ms
[2023-01-09T09:49:25.138+0000][7][gc,phases   ] GC(10)   Evacuate Collection Set: 130.3ms
[2023-01-09T09:49:25.139+0000][7][gc,phases   ] GC(10)   Post Evacuate Collection Set: 3.0ms
[2023-01-09T09:49:25.140+0000][7][gc,phases   ] GC(10)   Other: 10.7ms
[2023-01-09T09:49:25.141+0000][7][gc,heap     ] GC(10) Eden regions: 291->0(268)
[2023-01-09T09:49:25.141+0000][7][gc,heap     ] GC(10) Survivor regions: 16->39(39)
[2023-01-09T09:49:25.142+0000][7][gc,heap     ] GC(10) Old regions: 4->9
[2023-01-09T09:49:25.143+0000][7][gc,heap     ] GC(10) Archive regions: 0->0
[2023-01-09T09:49:25.144+0000][7][gc,heap     ] GC(10) Humongous regions: 1->1
[2023-01-09T09:49:25.144+0000][7][gc,metaspace] GC(10) Metaspace: 43252K(45568K)->43252K(45568K) NonClass: 38020K(39680K)->38020K(39680K) Class: 5231K(5888K)->5231K(5888K)
[2023-01-09T09:49:25.145+0000][7][gc          ] GC(10) Pause Young (Normal) (G1 Evacuation Pause) 311M->48M(512M) 152.797ms
[2023-01-09T09:49:25.146+0000][7][gc,cpu      ] GC(10) User=0.07s Sys=0.00s Real=0.16s
[2023-01-09T09:49:25.147+0000][7][safepoint   ] Safepoint "G1CollectForAllocation", Time since last: 115846917 ns, Reaching safepoint: 2909208 ns, At safepoint: 154190167 ns, Total: 157099375 ns
[2023-01-09T09:49:25.529+0000][7][safepoint   ] Safepoint "ICBufferFull", Time since last: 382082584 ns, Reaching safepoint: 109375 ns, At safepoint: 2541 ns, Total: 111916 ns
[2023-01-09T09:49:26.440+0000][7][safepoint   ] Safepoint "ICBufferFull", Time since last: 911190709 ns, Reaching safepoint: 134833 ns, At safepoint: 2625 ns, Total: 137458 ns
[2023-01-09T09:49:26.695+0000][7][gc,start    ] GC(11) Pause Young (Concurrent Start) (Metadata GC Threshold)
[2023-01-09T09:49:26.696+0000][7][gc,task     ] GC(11) Using 4 workers of 4 for evacuation
[2023-01-09T09:49:26.697+0000][7][gc,age      ] GC(11) Desired survivor size 20447232 bytes, new threshold 1 (max threshold 15)
[2023-01-09T09:49:26.755+0000][7][gc,age      ] GC(11) Age table with threshold 1 (max threshold 15)
[2023-01-09T09:49:26.756+0000][7][gc,age      ] GC(11) - age   1:    5184304 bytes,    5184304 total
[2023-01-09T09:49:26.757+0000][7][gc,phases   ] GC(11)   Pre Evacuate Collection Set: 0.2ms
[2023-01-09T09:49:26.759+0000][7][gc,phases   ] GC(11)   Merge Heap Roots: 0.1ms
[2023-01-09T09:49:26.760+0000][7][gc,phases   ] GC(11)   Evacuate Collection Set: 53.0ms
[2023-01-09T09:49:26.761+0000][7][gc,phases   ] GC(11)   Post Evacuate Collection Set: 3.1ms
[2023-01-09T09:49:26.762+0000][7][gc,phases   ] GC(11)   Other: 5.4ms
[2023-01-09T09:49:26.763+0000][7][gc,heap     ] GC(11) Eden regions: 107->0(291)
[2023-01-09T09:49:26.764+0000][7][gc,heap     ] GC(11) Survivor regions: 39->6(39)
[2023-01-09T09:49:26.764+0000][7][gc,heap     ] GC(11) Old regions: 9->49
[2023-01-09T09:49:26.765+0000][7][gc,heap     ] GC(11) Archive regions: 0->0
[2023-01-09T09:49:26.766+0000][7][gc,heap     ] GC(11) Humongous regions: 1->1
[2023-01-09T09:49:26.767+0000][7][gc,metaspace] GC(11) Metaspace: 56600K(59648K)->56600K(59648K) NonClass: 49302K(51456K)->49302K(51456K) Class: 7297K(8192K)->7297K(8192K)
[2023-01-09T09:49:26.768+0000][7][gc          ] GC(11) Pause Young (Concurrent Start) (Metadata GC Threshold) 155M->55M(512M) 72.759ms
[2023-01-09T09:49:26.768+0000][7][gc,cpu      ] GC(11) User=0.07s Sys=0.00s Real=0.08s
[2023-01-09T09:49:26.769+0000][7][safepoint   ] Safepoint "CollectForMetadataAllocation", Time since last: 254683042 ns, Reaching safepoint: 96542 ns, At safepoint: 74131792 ns, Total: 74228334 ns
[2023-01-09T09:49:26.769+0000][7][gc          ] GC(12) Concurrent Cycle
[2023-01-09T09:49:26.776+0000][7][gc,marking  ] GC(12) Concurrent Clear Claimed Marks
[2023-01-09T09:49:26.779+0000][7][gc,marking  ] GC(12) Concurrent Clear Claimed Marks 3.423ms
[2023-01-09T09:49:26.784+0000][7][gc,marking  ] GC(12) Concurrent Scan Root Regions
[2023-01-09T09:49:26.832+0000][7][gc,marking  ] GC(12) Concurrent Scan Root Regions 48.052ms
[2023-01-09T09:49:26.833+0000][7][gc,marking  ] GC(12) Concurrent Mark (12.215s)
[2023-01-09T09:49:26.834+0000][7][gc,marking  ] GC(12) Concurrent Mark From Roots
[2023-01-09T09:49:26.835+0000][7][gc,task     ] GC(12) Using 1 workers of 1 for marking
[2023-01-09T09:49:26.859+0000][7][gc,marking  ] GC(12) Concurrent Mark From Roots 24.567ms
[2023-01-09T09:49:26.860+0000][7][gc,marking  ] GC(12) Concurrent Preclean
[2023-01-09T09:49:26.860+0000][7][gc,marking  ] GC(12) Concurrent Preclean 0.877ms
[2023-01-09T09:49:26.861+0000][7][gc,marking  ] GC(12) Concurrent Mark (12.215s, 12.243s) 28.010ms
[2023-01-09T09:49:26.865+0000][7][gc,start    ] GC(12) Pause Remark
[2023-01-09T09:49:26.877+0000][7][gc          ] GC(12) Pause Remark 60M->60M(512M) 12.180ms
[2023-01-09T09:49:26.878+0000][7][gc,cpu      ] GC(12) User=0.00s Sys=0.00s Real=0.02s
[2023-01-09T09:49:26.879+0000][7][safepoint   ] Safepoint "G1Concurrent", Time since last: 93325750 ns, Reaching safepoint: 2668125 ns, At safepoint: 14027291 ns, Total: 16695416 ns
[2023-01-09T09:49:26.880+0000][7][gc,marking  ] GC(12) Concurrent Rebuild Remembered Sets
[2023-01-09T09:49:26.986+0000][7][gc,marking  ] GC(12) Concurrent Rebuild Remembered Sets 106.158ms
[2023-01-09T09:49:26.988+0000][7][gc,start    ] GC(12) Pause Cleanup
[2023-01-09T09:49:26.989+0000][7][gc          ] GC(12) Pause Cleanup 62M->62M(512M) 0.875ms
[2023-01-09T09:49:26.990+0000][7][gc,cpu      ] GC(12) User=0.00s Sys=0.00s Real=0.00s
[2023-01-09T09:49:26.991+0000][7][safepoint   ] Safepoint "G1Concurrent", Time since last: 108206584 ns, Reaching safepoint: 790958 ns, At safepoint: 2524042 ns, Total: 3315000 ns
[2023-01-09T09:49:26.991+0000][7][gc,marking  ] GC(12) Concurrent Cleanup for Next Mark
[2023-01-09T09:49:26.992+0000][7][gc,marking  ] GC(12) Concurrent Cleanup for Next Mark 1.139ms
[2023-01-09T09:49:26.993+0000][7][gc          ] GC(12) Concurrent Cycle 224.161ms
[2023-01-09T09:49:28.116+0000][7][safepoint   ] Safepoint "Cleanup", Time since last: 1122851500 ns, Reaching safepoint: 2282500 ns, At safepoint: 15708 ns, Total: 2298208 ns
[2023-01-09T09:49:28.350+0000][7][safepoint   ] Safepoint "ICBufferFull", Time since last: 234599583 ns, Reaching safepoint: 218000 ns, At safepoint: 3125 ns, Total: 221125 ns
[2023-01-09T09:49:28.478+0000][7][safepoint   ] Safepoint "ICBufferFull", Time since last: 127156125 ns, Reaching safepoint: 276042 ns, At safepoint: 11167 ns, Total: 287209 ns
[2023-01-09T09:49:28.811+0000][7][safepoint   ] Safepoint "ICBufferFull", Time since last: 329470917 ns, Reaching safepoint: 3353750 ns, At safepoint: 2958 ns, Total: 3356708 ns
[2023-01-09T09:49:29.818+0000][7][safepoint   ] Safepoint "Cleanup", Time since last: 1001900959 ns, Reaching safepoint: 5761916 ns, At safepoint: 6917 ns, Total: 5768833 ns
[2023-01-09T09:49:30.140+0000][7][safepoint   ] Safepoint "ICBufferFull", Time since last: 321267417 ns, Reaching safepoint: 122917 ns, At safepoint: 3041 ns, Total: 125958 ns
[2023-01-09T09:49:31.204+0000][7][safepoint   ] Safepoint "ICBufferFull", Time since last: 1058743292 ns, Reaching safepoint: 5424292 ns, At safepoint: 7208 ns, Total: 5431500 ns
[2023-01-09T09:49:31.595+0000][7][safepoint   ] Safepoint "ICBufferFull", Time since last: 391450501 ns, Reaching safepoint: 110166 ns, At safepoint: 2000 ns, Total: 112166 ns
[2023-01-09T09:49:31.830+0000][7][safepoint   ] Safepoint "ICBufferFull", Time since last: 234634959 ns, Reaching safepoint: 199458 ns, At safepoint: 4667 ns, Total: 204125 ns
[2023-01-09T09:49:31.867+0000][7][gc,heap,exit] Heap
[2023-01-09T09:49:31.868+0000][7][gc,heap,exit]  garbage-first heap   total 524288K, used 266425K [0x00000000e0000000, 0x0000000100000000)
[2023-01-09T09:49:31.869+0000][7][gc,heap,exit]   region size 1024K, 212 young (217088K), 6 survivors (6144K)
[2023-01-09T09:49:31.870+0000][7][gc,heap,exit]  Metaspace       used 86294K, capacity 89362K, committed 90240K, reserved 1126400K
[2023-01-09T09:49:31.871+0000][7][gc,heap,exit]   class space    used 11405K, capacity 12371K, committed 12416K, reserved 1048576K
