[2023-02-24T08:28:48.227+0000][7][gc] Using G1
[2023-02-24T08:28:48.442+0000][7][gc,init] Version: 15+36-1562 (release)
[2023-02-24T08:28:48.443+0000][7][gc,init] CPUs: 4 total, 4 available
[2023-02-24T08:28:48.444+0000][7][gc,init] Memory: 7951M
[2023-02-24T08:28:48.446+0000][7][gc,init] Large Page Support: Disabled
[2023-02-24T08:28:48.446+0000][7][gc,init] NUMA Support: Disabled
[2023-02-24T08:28:48.447+0000][7][gc,init] Compressed Oops: Enabled (32-bit)
[2023-02-24T08:28:48.448+0000][7][gc,init] Heap Region Size: 1M
[2023-02-24T08:28:48.449+0000][7][gc,init] Heap Min Capacity: 512M
[2023-02-24T08:28:48.450+0000][7][gc,init] Heap Initial Capacity: 512M
[2023-02-24T08:28:48.452+0000][7][gc,init] Heap Max Capacity: 512M
[2023-02-24T08:28:48.452+0000][7][gc,init] Pre-touch: Enabled
[2023-02-24T08:28:48.453+0000][7][gc,init] Parallel Workers: 4
[2023-02-24T08:28:48.454+0000][7][gc,init] Concurrent Workers: 1
[2023-02-24T08:28:48.454+0000][7][gc,init] Concurrent Refinement Workers: 4
[2023-02-24T08:28:48.455+0000][7][gc,init] Periodic GC: Disabled
[2023-02-24T08:28:48.456+0000][7][gc,metaspace] CDS disabled.
[2023-02-24T08:28:48.456+0000][7][gc,metaspace] Compressed class space mapped at: 0x0000000100000000-0x0000000140000000, size: 1073741824
[2023-02-24T08:28:48.457+0000][7][gc,metaspace] Narrow klass base: 0x0000000000000000, Narrow klass shift: 3, Narrow klass range: 0x140000000
[2023-02-24T08:28:48.910+0000][7][safepoint   ] Safepoint "ICBufferFull", Time since last: 440189042 ns, Reaching safepoint: 199292 ns, At safepoint: 7458 ns, Total: 206750 ns
[2023-02-24T08:28:49.181+0000][7][safepoint   ] Safepoint "ICBufferFull", Time since last: 270532334 ns, Reaching safepoint: 151791 ns, At safepoint: 2209 ns, Total: 154000 ns
[2023-02-24T08:28:49.503+0000][7][gc,start    ] GC(0) Pause Young (Normal) (G1 Evacuation Pause)
[2023-02-24T08:28:49.515+0000][7][gc,task     ] GC(0) Using 4 workers of 4 for evacuation
[2023-02-24T08:28:49.516+0000][7][gc,age      ] GC(0) Desired survivor size 2097152 bytes, new threshold 15 (max threshold 15)
[2023-02-24T08:28:49.529+0000][7][gc,age      ] GC(0) Age table with threshold 15 (max threshold 15)
[2023-02-24T08:28:49.529+0000][7][gc,age      ] GC(0) - age   1:    3900704 bytes,    3900704 total
[2023-02-24T08:28:49.531+0000][7][gc,phases   ] GC(0)   Pre Evacuate Collection Set: 0.1ms
[2023-02-24T08:28:49.531+0000][7][gc,phases   ] GC(0)   Merge Heap Roots: 0.0ms
[2023-02-24T08:28:49.532+0000][7][gc,phases   ] GC(0)   Evacuate Collection Set: 10.8ms
[2023-02-24T08:28:49.533+0000][7][gc,phases   ] GC(0)   Post Evacuate Collection Set: 0.5ms
[2023-02-24T08:28:49.534+0000][7][gc,phases   ] GC(0)   Other: 15.8ms
[2023-02-24T08:28:49.535+0000][7][gc,heap     ] GC(0) Eden regions: 25->0(25)
[2023-02-24T08:28:49.536+0000][7][gc,heap     ] GC(0) Survivor regions: 0->4(4)
[2023-02-24T08:28:49.537+0000][7][gc,heap     ] GC(0) Old regions: 0->0
[2023-02-24T08:28:49.537+0000][7][gc,heap     ] GC(0) Archive regions: 0->0
[2023-02-24T08:28:49.538+0000][7][gc,heap     ] GC(0) Humongous regions: 1->1
[2023-02-24T08:28:49.539+0000][7][gc,metaspace] GC(0) Metaspace: 15611K(16128K)->15611K(16128K) NonClass: 14033K(14336K)->14033K(14336K) Class: 1577K(1792K)->1577K(1792K)
[2023-02-24T08:28:49.539+0000][7][gc          ] GC(0) Pause Young (Normal) (G1 Evacuation Pause) 26M->4M(512M) 35.967ms
[2023-02-24T08:28:49.540+0000][7][gc,cpu      ] GC(0) User=0.02s Sys=0.00s Real=0.04s
[2023-02-24T08:28:49.543+0000][7][safepoint   ] Safepoint "G1CollectForAllocation", Time since last: 321824042 ns, Reaching safepoint: 623958 ns, At safepoint: 39693833 ns, Total: 40317791 ns
[2023-02-24T08:28:50.372+0000][7][safepoint   ] Safepoint "ICBufferFull", Time since last: 827285292 ns, Reaching safepoint: 2266875 ns, At safepoint: 4125 ns, Total: 2271000 ns
[2023-02-24T08:28:50.525+0000][7][gc,start    ] GC(1) Pause Young (Concurrent Start) (Metadata GC Threshold)
[2023-02-24T08:28:50.526+0000][7][gc,task     ] GC(1) Using 4 workers of 4 for evacuation
[2023-02-24T08:28:50.527+0000][7][gc,age      ] GC(1) Desired survivor size 2097152 bytes, new threshold 1 (max threshold 15)
[2023-02-24T08:28:50.547+0000][7][gc,age      ] GC(1) Age table with threshold 1 (max threshold 15)
[2023-02-24T08:28:50.548+0000][7][gc,age      ] GC(1) - age   1:    2141936 bytes,    2141936 total
[2023-02-24T08:28:50.549+0000][7][gc,phases   ] GC(1)   Pre Evacuate Collection Set: 0.4ms
[2023-02-24T08:28:50.550+0000][7][gc,phases   ] GC(1)   Merge Heap Roots: 0.2ms
[2023-02-24T08:28:50.551+0000][7][gc,phases   ] GC(1)   Evacuate Collection Set: 16.7ms
[2023-02-24T08:28:50.552+0000][7][gc,phases   ] GC(1)   Post Evacuate Collection Set: 0.6ms
[2023-02-24T08:28:50.553+0000][7][gc,phases   ] GC(1)   Other: 6.8ms
[2023-02-24T08:28:50.554+0000][7][gc,heap     ] GC(1) Eden regions: 23->0(35)
[2023-02-24T08:28:50.555+0000][7][gc,heap     ] GC(1) Survivor regions: 4->3(4)
[2023-02-24T08:28:50.556+0000][7][gc,heap     ] GC(1) Old regions: 0->4
[2023-02-24T08:28:50.557+0000][7][gc,heap     ] GC(1) Archive regions: 0->0
[2023-02-24T08:28:50.557+0000][7][gc,heap     ] GC(1) Humongous regions: 1->1
[2023-02-24T08:28:50.558+0000][7][gc,metaspace] GC(1) Metaspace: 20649K(21248K)->20649K(21248K) NonClass: 18427K(18944K)->18427K(18944K) Class: 2221K(2304K)->2221K(2304K)
[2023-02-24T08:28:50.559+0000][7][gc          ] GC(1) Pause Young (Concurrent Start) (Metadata GC Threshold) 27M->7M(512M) 33.852ms
[2023-02-24T08:28:50.559+0000][7][gc,cpu      ] GC(1) User=0.01s Sys=0.00s Real=0.04s
[2023-02-24T08:28:50.560+0000][7][gc          ] GC(2) Concurrent Cycle
[2023-02-24T08:28:50.561+0000][7][gc,marking  ] GC(2) Concurrent Clear Claimed Marks
[2023-02-24T08:28:50.562+0000][7][gc,marking  ] GC(2) Concurrent Clear Claimed Marks 0.920ms
[2023-02-24T08:28:50.562+0000][7][gc,marking  ] GC(2) Concurrent Scan Root Regions
[2023-02-24T08:28:50.561+0000][7][safepoint   ] Safepoint "CollectForMetadataAllocation", Time since last: 152242417 ns, Reaching safepoint: 55917 ns, At safepoint: 35749916 ns, Total: 35805833 ns
[2023-02-24T08:28:50.566+0000][7][gc,marking  ] GC(2) Concurrent Scan Root Regions 3.499ms
[2023-02-24T08:28:50.567+0000][7][gc,marking  ] GC(2) Concurrent Mark (2.354s)
[2023-02-24T08:28:50.568+0000][7][gc,marking  ] GC(2) Concurrent Mark From Roots
[2023-02-24T08:28:50.574+0000][7][gc,task     ] GC(2) Using 1 workers of 1 for marking
[2023-02-24T08:28:50.576+0000][7][gc,marking  ] GC(2) Concurrent Mark From Roots 7.593ms
[2023-02-24T08:28:50.576+0000][7][gc,marking  ] GC(2) Concurrent Preclean
[2023-02-24T08:28:50.578+0000][7][gc,marking  ] GC(2) Concurrent Preclean 1.194ms
[2023-02-24T08:28:50.578+0000][7][gc,marking  ] GC(2) Concurrent Mark (2.354s, 2.365s) 11.062ms
[2023-02-24T08:28:50.580+0000][7][gc,start    ] GC(2) Pause Remark
[2023-02-24T08:28:50.590+0000][7][gc          ] GC(2) Pause Remark 7M->7M(512M) 10.190ms
[2023-02-24T08:28:50.595+0000][7][gc,cpu      ] GC(2) User=0.01s Sys=0.00s Real=0.01s
[2023-02-24T08:28:50.596+0000][7][safepoint   ] Safepoint "G1Concurrent", Time since last: 18787000 ns, Reaching safepoint: 245584 ns, At safepoint: 16235583 ns, Total: 16481167 ns
[2023-02-24T08:28:50.597+0000][7][gc,marking  ] GC(2) Concurrent Rebuild Remembered Sets
[2023-02-24T08:28:50.599+0000][7][gc,marking  ] GC(2) Concurrent Rebuild Remembered Sets 2.347ms
[2023-02-24T08:28:50.600+0000][7][gc,start    ] GC(2) Pause Cleanup
[2023-02-24T08:28:50.603+0000][7][gc          ] GC(2) Pause Cleanup 7M->7M(512M) 3.085ms
[2023-02-24T08:28:50.604+0000][7][gc,cpu      ] GC(2) User=0.00s Sys=0.00s Real=0.00s
[2023-02-24T08:28:50.605+0000][7][safepoint   ] Safepoint "G1Concurrent", Time since last: 4023542 ns, Reaching safepoint: 407125 ns, At safepoint: 5194875 ns, Total: 5602000 ns
[2023-02-24T08:28:50.606+0000][7][gc,marking  ] GC(2) Concurrent Cleanup for Next Mark
[2023-02-24T08:28:50.608+0000][7][gc,marking  ] GC(2) Concurrent Cleanup for Next Mark 1.378ms
[2023-02-24T08:28:50.608+0000][7][gc          ] GC(2) Concurrent Cycle 48.091ms
[2023-02-24T08:28:51.244+0000][7][gc,start    ] GC(3) Pause Young (Normal) (G1 Evacuation Pause)
[2023-02-24T08:28:51.245+0000][7][gc,task     ] GC(3) Using 4 workers of 4 for evacuation
[2023-02-24T08:28:51.247+0000][7][gc,age      ] GC(3) Desired survivor size 2621440 bytes, new threshold 15 (max threshold 15)
[2023-02-24T08:28:51.264+0000][7][gc,age      ] GC(3) Age table with threshold 15 (max threshold 15)
[2023-02-24T08:28:51.266+0000][7][gc,age      ] GC(3) - age   1:    3111016 bytes,    3111016 total
[2023-02-24T08:28:51.267+0000][7][gc,age      ] GC(3) - age   2:    1935816 bytes,    5046832 total
[2023-02-24T08:28:51.268+0000][7][gc,phases   ] GC(3)   Pre Evacuate Collection Set: 0.2ms
[2023-02-24T08:28:51.269+0000][7][gc,phases   ] GC(3)   Merge Heap Roots: 0.0ms
[2023-02-24T08:28:51.271+0000][7][gc,phases   ] GC(3)   Evacuate Collection Set: 7.8ms
[2023-02-24T08:28:51.271+0000][7][gc,phases   ] GC(3)   Post Evacuate Collection Set: 7.7ms
[2023-02-24T08:28:51.272+0000][7][gc,phases   ] GC(3)   Other: 7.7ms
[2023-02-24T08:28:51.273+0000][7][gc,heap     ] GC(3) Eden regions: 36->0(197)
[2023-02-24T08:28:51.274+0000][7][gc,heap     ] GC(3) Survivor regions: 3->5(5)
[2023-02-24T08:28:51.275+0000][7][gc,heap     ] GC(3) Old regions: 4->4
[2023-02-24T08:28:51.275+0000][7][gc,heap     ] GC(3) Archive regions: 0->0
[2023-02-24T08:28:51.276+0000][7][gc,heap     ] GC(3) Humongous regions: 1->1
[2023-02-24T08:28:51.277+0000][7][gc,metaspace] GC(3) Metaspace: 22386K(23036K)->22386K(23036K) NonClass: 19978K(20476K)->19978K(20476K) Class: 2408K(2560K)->2408K(2560K)
[2023-02-24T08:28:51.278+0000][7][gc          ] GC(3) Pause Young (Normal) (G1 Evacuation Pause) 43M->10M(512M) 33.508ms
[2023-02-24T08:28:51.278+0000][7][gc,cpu      ] GC(3) User=0.01s Sys=0.00s Real=0.04s
[2023-02-24T08:28:51.279+0000][7][safepoint   ] Safepoint "G1CollectForAllocation", Time since last: 638484083 ns, Reaching safepoint: 229292 ns, At safepoint: 34647792 ns, Total: 34877084 ns
[2023-02-24T08:28:51.420+0000][7][safepoint   ] Safepoint "ICBufferFull", Time since last: 141213958 ns, Reaching safepoint: 116292 ns, At safepoint: 1958 ns, Total: 118250 ns
[2023-02-24T08:28:51.427+0000][7][safepoint   ] Safepoint "ICBufferFull", Time since last: 6741292 ns, Reaching safepoint: 167041 ns, At safepoint: 2167 ns, Total: 169208 ns
[2023-02-24T08:28:51.444+0000][7][safepoint   ] Safepoint "ICBufferFull", Time since last: 17059958 ns, Reaching safepoint: 125459 ns, At safepoint: 3291 ns, Total: 128750 ns
[2023-02-24T08:28:51.447+0000][7][safepoint   ] Safepoint "ICBufferFull", Time since last: 2252084 ns, Reaching safepoint: 101416 ns, At safepoint: 3417 ns, Total: 104833 ns
[2023-02-24T08:28:51.449+0000][7][safepoint   ] Safepoint "ICBufferFull", Time since last: 1978583 ns, Reaching safepoint: 100292 ns, At safepoint: 1583 ns, Total: 101875 ns
[2023-02-24T08:28:51.456+0000][7][safepoint   ] Safepoint "ICBufferFull", Time since last: 7025209 ns, Reaching safepoint: 116541 ns, At safepoint: 1667 ns, Total: 118208 ns
[2023-02-24T08:28:51.458+0000][7][safepoint   ] Safepoint "ICBufferFull", Time since last: 2120583 ns, Reaching safepoint: 93625 ns, At safepoint: 1584 ns, Total: 95209 ns
[2023-02-24T08:28:51.460+0000][7][safepoint   ] Safepoint "ICBufferFull", Time since last: 1657958 ns, Reaching safepoint: 95958 ns, At safepoint: 1500 ns, Total: 97458 ns
[2023-02-24T08:28:51.461+0000][7][safepoint   ] Safepoint "ICBufferFull", Time since last: 1633042 ns, Reaching safepoint: 102708 ns, At safepoint: 1584 ns, Total: 104292 ns
[2023-02-24T08:28:51.464+0000][7][safepoint   ] Safepoint "ICBufferFull", Time since last: 2105541 ns, Reaching safepoint: 104709 ns, At safepoint: 1833 ns, Total: 106542 ns
[2023-02-24T08:28:51.466+0000][7][safepoint   ] Safepoint "ICBufferFull", Time since last: 2039542 ns, Reaching safepoint: 101750 ns, At safepoint: 1625 ns, Total: 103375 ns
[2023-02-24T08:28:51.468+0000][7][safepoint   ] Safepoint "ICBufferFull", Time since last: 1781583 ns, Reaching safepoint: 101042 ns, At safepoint: 1500 ns, Total: 102542 ns
[2023-02-24T08:28:51.474+0000][7][safepoint   ] Safepoint "ICBufferFull", Time since last: 5670666 ns, Reaching safepoint: 119584 ns, At safepoint: 2083 ns, Total: 121667 ns
[2023-02-24T08:28:51.476+0000][7][safepoint   ] Safepoint "ICBufferFull", Time since last: 2362417 ns, Reaching safepoint: 136000 ns, At safepoint: 3166 ns, Total: 139166 ns
[2023-02-24T08:28:51.482+0000][7][safepoint   ] Safepoint "ICBufferFull", Time since last: 5693250 ns, Reaching safepoint: 114542 ns, At safepoint: 3083 ns, Total: 117625 ns
[2023-02-24T08:28:51.490+0000][7][safepoint   ] Safepoint "ICBufferFull", Time since last: 2182542 ns, Reaching safepoint: 5598917 ns, At safepoint: 5208 ns, Total: 5604125 ns
[2023-02-24T08:28:51.492+0000][7][safepoint   ] Safepoint "ICBufferFull", Time since last: 2113667 ns, Reaching safepoint: 471708 ns, At safepoint: 3167 ns, Total: 474875 ns
[2023-02-24T08:28:51.496+0000][7][safepoint   ] Safepoint "ICBufferFull", Time since last: 2377583 ns, Reaching safepoint: 1271000 ns, At safepoint: 190833 ns, Total: 1461833 ns
[2023-02-24T08:28:51.500+0000][7][safepoint   ] Safepoint "ICBufferFull", Time since last: 2070417 ns, Reaching safepoint: 1550125 ns, At safepoint: 3917 ns, Total: 1554042 ns
[2023-02-24T08:28:51.508+0000][7][safepoint   ] Safepoint "ICBufferFull", Time since last: 2845875 ns, Reaching safepoint: 5587166 ns, At safepoint: 5209 ns, Total: 5592375 ns
[2023-02-24T08:28:51.514+0000][7][safepoint   ] Safepoint "ICBufferFull", Time since last: 2604875 ns, Reaching safepoint: 3126916 ns, At safepoint: 6042 ns, Total: 3132958 ns
[2023-02-24T08:28:51.518+0000][7][safepoint   ] Safepoint "ICBufferFull", Time since last: 2550833 ns, Reaching safepoint: 1921792 ns, At safepoint: 4625 ns, Total: 1926417 ns
[2023-02-24T08:28:51.522+0000][7][safepoint   ] Safepoint "ICBufferFull", Time since last: 2480792 ns, Reaching safepoint: 830000 ns, At safepoint: 3708 ns, Total: 833708 ns
[2023-02-24T08:28:51.526+0000][7][safepoint   ] Safepoint "ICBufferFull", Time since last: 4500750 ns, Reaching safepoint: 205125 ns, At safepoint: 1917 ns, Total: 207042 ns
[2023-02-24T08:28:51.532+0000][7][safepoint   ] Safepoint "ICBufferFull", Time since last: 2192792 ns, Reaching safepoint: 3521541 ns, At safepoint: 5042 ns, Total: 3526583 ns
[2023-02-24T08:28:51.540+0000][7][safepoint   ] Safepoint "ICBufferFull", Time since last: 8260292 ns, Reaching safepoint: 116000 ns, At safepoint: 2041 ns, Total: 118041 ns
[2023-02-24T08:28:51.545+0000][7][safepoint   ] Safepoint "ICBufferFull", Time since last: 3648834 ns, Reaching safepoint: 1145791 ns, At safepoint: 7959 ns, Total: 1153750 ns
[2023-02-24T08:28:51.551+0000][7][safepoint   ] Safepoint "ICBufferFull", Time since last: 4661291 ns, Reaching safepoint: 743959 ns, At safepoint: 2416 ns, Total: 746375 ns
[2023-02-24T08:28:51.556+0000][7][safepoint   ] Safepoint "ICBufferFull", Time since last: 4871500 ns, Reaching safepoint: 75334 ns, At safepoint: 2125 ns, Total: 77459 ns
[2023-02-24T08:28:51.561+0000][7][safepoint   ] Safepoint "ICBufferFull", Time since last: 3034666 ns, Reaching safepoint: 2543000 ns, At safepoint: 5625 ns, Total: 2548625 ns
[2023-02-24T08:28:51.565+0000][7][safepoint   ] Safepoint "ICBufferFull", Time since last: 2650417 ns, Reaching safepoint: 1020667 ns, At safepoint: 2416 ns, Total: 1023083 ns
[2023-02-24T08:28:51.567+0000][7][safepoint   ] Safepoint "ICBufferFull", Time since last: 2255709 ns, Reaching safepoint: 340250 ns, At safepoint: 2791 ns, Total: 343041 ns
[2023-02-24T08:28:51.572+0000][7][safepoint   ] Safepoint "ICBufferFull", Time since last: 3963125 ns, Reaching safepoint: 472334 ns, At safepoint: 2125 ns, Total: 474459 ns
[2023-02-24T08:28:51.576+0000][7][safepoint   ] Safepoint "ICBufferFull", Time since last: 1798125 ns, Reaching safepoint: 2305541 ns, At safepoint: 4917 ns, Total: 2310458 ns
[2023-02-24T08:28:51.580+0000][7][safepoint   ] Safepoint "ICBufferFull", Time since last: 2839417 ns, Reaching safepoint: 755791 ns, At safepoint: 3875 ns, Total: 759666 ns
[2023-02-24T08:28:51.584+0000][7][safepoint   ] Safepoint "ICBufferFull", Time since last: 4086750 ns, Reaching safepoint: 106875 ns, At safepoint: 1834 ns, Total: 108709 ns
[2023-02-24T08:28:51.594+0000][7][safepoint   ] Safepoint "ICBufferFull", Time since last: 10397833 ns, Reaching safepoint: 283875 ns, At safepoint: 2208 ns, Total: 286083 ns
[2023-02-24T08:28:51.611+0000][7][safepoint   ] Safepoint "ICBufferFull", Time since last: 15936084 ns, Reaching safepoint: 113833 ns, At safepoint: 1750 ns, Total: 115583 ns
[2023-02-24T08:28:51.612+0000][7][safepoint   ] Safepoint "ICBufferFull", Time since last: 1229917 ns, Reaching safepoint: 34958 ns, At safepoint: 1583 ns, Total: 36541 ns
[2023-02-24T08:28:51.613+0000][7][safepoint   ] Safepoint "ICBufferFull", Time since last: 1198625 ns, Reaching safepoint: 26750 ns, At safepoint: 1542 ns, Total: 28292 ns
[2023-02-24T08:28:51.614+0000][7][safepoint   ] Safepoint "ICBufferFull", Time since last: 1122958 ns, Reaching safepoint: 50167 ns, At safepoint: 1917 ns, Total: 52084 ns
[2023-02-24T08:28:51.615+0000][7][safepoint   ] Safepoint "ICBufferFull", Time since last: 922125 ns, Reaching safepoint: 24250 ns, At safepoint: 1416 ns, Total: 25666 ns
[2023-02-24T08:28:51.616+0000][7][safepoint   ] Safepoint "ICBufferFull", Time since last: 1314792 ns, Reaching safepoint: 27250 ns, At safepoint: 1625 ns, Total: 28875 ns
[2023-02-24T08:28:51.617+0000][7][safepoint   ] Safepoint "ICBufferFull", Time since last: 915042 ns, Reaching safepoint: 23583 ns, At safepoint: 1375 ns, Total: 24958 ns
[2023-02-24T08:28:51.618+0000][7][safepoint   ] Safepoint "ICBufferFull", Time since last: 986583 ns, Reaching safepoint: 25667 ns, At safepoint: 1333 ns, Total: 27000 ns
[2023-02-24T08:28:51.620+0000][7][safepoint   ] Safepoint "ICBufferFull", Time since last: 1024584 ns, Reaching safepoint: 29041 ns, At safepoint: 1542 ns, Total: 30583 ns
[2023-02-24T08:28:51.621+0000][7][safepoint   ] Safepoint "ICBufferFull", Time since last: 976583 ns, Reaching safepoint: 26750 ns, At safepoint: 1417 ns, Total: 28167 ns
[2023-02-24T08:28:51.621+0000][7][safepoint   ] Safepoint "ICBufferFull", Time since last: 916583 ns, Reaching safepoint: 23667 ns, At safepoint: 1417 ns, Total: 25084 ns
[2023-02-24T08:28:51.622+0000][7][safepoint   ] Safepoint "ICBufferFull", Time since last: 964291 ns, Reaching safepoint: 24834 ns, At safepoint: 1291 ns, Total: 26125 ns
[2023-02-24T08:28:51.625+0000][7][safepoint   ] Safepoint "ICBufferFull", Time since last: 1257000 ns, Reaching safepoint: 962125 ns, At safepoint: 10084 ns, Total: 972209 ns
[2023-02-24T08:28:51.626+0000][7][safepoint   ] Safepoint "ICBufferFull", Time since last: 1143500 ns, Reaching safepoint: 38833 ns, At safepoint: 1500 ns, Total: 40333 ns
[2023-02-24T08:28:51.627+0000][7][safepoint   ] Safepoint "ICBufferFull", Time since last: 1164750 ns, Reaching safepoint: 167667 ns, At safepoint: 1750 ns, Total: 169417 ns
[2023-02-24T08:28:51.628+0000][7][safepoint   ] Safepoint "ICBufferFull", Time since last: 1095500 ns, Reaching safepoint: 47500 ns, At safepoint: 1291 ns, Total: 48791 ns
[2023-02-24T08:28:51.629+0000][7][safepoint   ] Safepoint "ICBufferFull", Time since last: 875792 ns, Reaching safepoint: 25750 ns, At safepoint: 1333 ns, Total: 27083 ns
[2023-02-24T08:28:51.630+0000][7][safepoint   ] Safepoint "ICBufferFull", Time since last: 975375 ns, Reaching safepoint: 29834 ns, At safepoint: 1583 ns, Total: 31417 ns
[2023-02-24T08:28:51.631+0000][7][safepoint   ] Safepoint "ICBufferFull", Time since last: 1025042 ns, Reaching safepoint: 27666 ns, At safepoint: 1334 ns, Total: 29000 ns
[2023-02-24T08:28:51.632+0000][7][safepoint   ] Safepoint "ICBufferFull", Time since last: 1131000 ns, Reaching safepoint: 25250 ns, At safepoint: 1375 ns, Total: 26625 ns
[2023-02-24T08:28:51.633+0000][7][safepoint   ] Safepoint "ICBufferFull", Time since last: 950000 ns, Reaching safepoint: 26333 ns, At safepoint: 1542 ns, Total: 27875 ns
[2023-02-24T08:28:51.635+0000][7][safepoint   ] Safepoint "ICBufferFull", Time since last: 1195125 ns, Reaching safepoint: 22291 ns, At safepoint: 1417 ns, Total: 23708 ns
[2023-02-24T08:28:51.636+0000][7][safepoint   ] Safepoint "ICBufferFull", Time since last: 1080292 ns, Reaching safepoint: 27333 ns, At safepoint: 1375 ns, Total: 28708 ns
[2023-02-24T08:28:51.638+0000][7][safepoint   ] Safepoint "ICBufferFull", Time since last: 2422667 ns, Reaching safepoint: 44750 ns, At safepoint: 1666 ns, Total: 46416 ns
[2023-02-24T08:28:51.641+0000][7][safepoint   ] Safepoint "ICBufferFull", Time since last: 2627875 ns, Reaching safepoint: 129917 ns, At safepoint: 2583 ns, Total: 132500 ns
[2023-02-24T08:28:51.642+0000][7][safepoint   ] Safepoint "ICBufferFull", Time since last: 1302334 ns, Reaching safepoint: 28666 ns, At safepoint: 1542 ns, Total: 30208 ns
[2023-02-24T08:28:51.644+0000][7][safepoint   ] Safepoint "ICBufferFull", Time since last: 1262208 ns, Reaching safepoint: 118042 ns, At safepoint: 2250 ns, Total: 120292 ns
[2023-02-24T08:28:51.645+0000][7][safepoint   ] Safepoint "ICBufferFull", Time since last: 1028375 ns, Reaching safepoint: 33250 ns, At safepoint: 1583 ns, Total: 34833 ns
[2023-02-24T08:28:52.181+0000][7][safepoint   ] Safepoint "ICBufferFull", Time since last: 536232375 ns, Reaching safepoint: 204084 ns, At safepoint: 3916 ns, Total: 208000 ns
[2023-02-24T08:28:52.487+0000][7][gc,start    ] GC(4) Pause Young (Normal) (G1 Evacuation Pause)
[2023-02-24T08:28:52.488+0000][7][gc,task     ] GC(4) Using 4 workers of 4 for evacuation
[2023-02-24T08:28:52.489+0000][7][gc,age      ] GC(4) Desired survivor size 13631488 bytes, new threshold 15 (max threshold 15)
[2023-02-24T08:28:52.512+0000][7][gc,age      ] GC(4) Age table with threshold 15 (max threshold 15)
[2023-02-24T08:28:52.512+0000][7][gc,age      ] GC(4) - age   1:    4569984 bytes,    4569984 total
[2023-02-24T08:28:52.513+0000][7][gc,age      ] GC(4) - age   2:    1149936 bytes,    5719920 total
[2023-02-24T08:28:52.515+0000][7][gc,age      ] GC(4) - age   3:    1921440 bytes,    7641360 total
[2023-02-24T08:28:52.515+0000][7][gc,phases   ] GC(4)   Pre Evacuate Collection Set: 0.2ms
[2023-02-24T08:28:52.516+0000][7][gc,phases   ] GC(4)   Merge Heap Roots: 0.0ms
[2023-02-24T08:28:52.517+0000][7][gc,phases   ] GC(4)   Evacuate Collection Set: 19.4ms
[2023-02-24T08:28:52.518+0000][7][gc,phases   ] GC(4)   Post Evacuate Collection Set: 1.9ms
[2023-02-24T08:28:52.518+0000][7][gc,phases   ] GC(4)   Other: 7.0ms
[2023-02-24T08:28:52.519+0000][7][gc,heap     ] GC(4) Eden regions: 197->0(299)
[2023-02-24T08:28:52.519+0000][7][gc,heap     ] GC(4) Survivor regions: 5->8(26)
[2023-02-24T08:28:52.520+0000][7][gc,heap     ] GC(4) Old regions: 4->4
[2023-02-24T08:28:52.520+0000][7][gc,heap     ] GC(4) Archive regions: 0->0
[2023-02-24T08:28:52.521+0000][7][gc,heap     ] GC(4) Humongous regions: 2->1
[2023-02-24T08:28:52.522+0000][7][gc,metaspace] GC(4) Metaspace: 25868K(26620K)->25868K(26620K) NonClass: 22989K(23548K)->22989K(23548K) Class: 2878K(3072K)->2878K(3072K)
[2023-02-24T08:28:52.523+0000][7][gc          ] GC(4) Pause Young (Normal) (G1 Evacuation Pause) 208M->12M(512M) 35.756ms
[2023-02-24T08:28:52.523+0000][7][gc,cpu      ] GC(4) User=0.02s Sys=0.00s Real=0.04s
[2023-02-24T08:28:52.524+0000][7][safepoint   ] Safepoint "G1CollectForAllocation", Time since last: 305376751 ns, Reaching safepoint: 181291 ns, At safepoint: 37022667 ns, Total: 37203958 ns
[2023-02-24T08:28:53.159+0000][7][safepoint   ] Safepoint "ICBufferFull", Time since last: 627373250 ns, Reaching safepoint: 7845042 ns, At safepoint: 10958 ns, Total: 7856000 ns
[2023-02-24T08:28:53.699+0000][7][gc,start    ] GC(5) Pause Young (Normal) (G1 Evacuation Pause)
[2023-02-24T08:28:53.701+0000][7][gc,task     ] GC(5) Using 4 workers of 4 for evacuation
[2023-02-24T08:28:53.702+0000][7][gc,age      ] GC(5) Desired survivor size 20447232 bytes, new threshold 15 (max threshold 15)
[2023-02-24T08:28:53.721+0000][7][gc,age      ] GC(5) Age table with threshold 15 (max threshold 15)
[2023-02-24T08:28:53.722+0000][7][gc,age      ] GC(5) - age   1:    4286928 bytes,    4286928 total
[2023-02-24T08:28:53.723+0000][7][gc,age      ] GC(5) - age   2:    4481440 bytes,    8768368 total
[2023-02-24T08:28:53.724+0000][7][gc,age      ] GC(5) - age   3:    1149760 bytes,    9918128 total
[2023-02-24T08:28:53.725+0000][7][gc,age      ] GC(5) - age   4:    1921440 bytes,   11839568 total
[2023-02-24T08:28:53.726+0000][7][gc,phases   ] GC(5)   Pre Evacuate Collection Set: 0.2ms
[2023-02-24T08:28:53.728+0000][7][gc,phases   ] GC(5)   Merge Heap Roots: 0.1ms
[2023-02-24T08:28:53.729+0000][7][gc,phases   ] GC(5)   Evacuate Collection Set: 16.9ms
[2023-02-24T08:28:53.729+0000][7][gc,phases   ] GC(5)   Post Evacuate Collection Set: 0.6ms
[2023-02-24T08:28:53.730+0000][7][gc,phases   ] GC(5)   Other: 9.2ms
[2023-02-24T08:28:53.731+0000][7][gc,heap     ] GC(5) Eden regions: 299->0(294)
[2023-02-24T08:28:53.732+0000][7][gc,heap     ] GC(5) Survivor regions: 8->13(39)
[2023-02-24T08:28:53.733+0000][7][gc,heap     ] GC(5) Old regions: 4->4
[2023-02-24T08:28:53.734+0000][7][gc,heap     ] GC(5) Archive regions: 0->0
[2023-02-24T08:28:53.735+0000][7][gc,heap     ] GC(5) Humongous regions: 1->1
[2023-02-24T08:28:53.735+0000][7][gc,metaspace] GC(5) Metaspace: 27575K(28668K)->27575K(28668K) NonClass: 24505K(25340K)->24505K(25340K) Class: 3070K(3328K)->3070K(3328K)
[2023-02-24T08:28:53.736+0000][7][gc          ] GC(5) Pause Young (Normal) (G1 Evacuation Pause) 311M->17M(512M) 36.913ms
[2023-02-24T08:28:53.737+0000][7][gc,cpu      ] GC(5) User=0.02s Sys=0.00s Real=0.03s
[2023-02-24T08:28:53.737+0000][7][safepoint   ] Safepoint "G1CollectForAllocation", Time since last: 540002834 ns, Reaching safepoint: 76792 ns, At safepoint: 38345208 ns, Total: 38422000 ns
[2023-02-24T08:28:54.250+0000][7][gc,start    ] GC(6) Pause Young (Normal) (G1 Evacuation Pause)
[2023-02-24T08:28:54.252+0000][7][gc,task     ] GC(6) Using 4 workers of 4 for evacuation
[2023-02-24T08:28:54.252+0000][7][gc,age      ] GC(6) Desired survivor size 20447232 bytes, new threshold 15 (max threshold 15)
[2023-02-24T08:28:54.267+0000][7][gc,age      ] GC(6) Age table with threshold 15 (max threshold 15)
[2023-02-24T08:28:54.268+0000][7][gc,age      ] GC(6) - age   1:    2605592 bytes,    2605592 total
[2023-02-24T08:28:54.269+0000][7][gc,age      ] GC(6) - age   2:    3152616 bytes,    5758208 total
[2023-02-24T08:28:54.271+0000][7][gc,age      ] GC(6) - age   3:    4477136 bytes,   10235344 total
[2023-02-24T08:28:54.272+0000][7][gc,age      ] GC(6) - age   4:    1149616 bytes,   11384960 total
[2023-02-24T08:28:54.273+0000][7][gc,age      ] GC(6) - age   5:    1921440 bytes,   13306400 total
[2023-02-24T08:28:54.274+0000][7][gc,phases   ] GC(6)   Pre Evacuate Collection Set: 0.1ms
[2023-02-24T08:28:54.274+0000][7][gc,phases   ] GC(6)   Merge Heap Roots: 0.0ms
[2023-02-24T08:28:54.275+0000][7][gc,phases   ] GC(6)   Evacuate Collection Set: 12.8ms
[2023-02-24T08:28:54.276+0000][7][gc,phases   ] GC(6)   Post Evacuate Collection Set: 0.7ms
[2023-02-24T08:28:54.277+0000][7][gc,phases   ] GC(6)   Other: 10.1ms
[2023-02-24T08:28:54.278+0000][7][gc,heap     ] GC(6) Eden regions: 294->0(293)
[2023-02-24T08:28:54.279+0000][7][gc,heap     ] GC(6) Survivor regions: 13->14(39)
[2023-02-24T08:28:54.283+0000][7][gc,heap     ] GC(6) Old regions: 4->4
[2023-02-24T08:28:54.291+0000][7][gc,heap     ] GC(6) Archive regions: 0->0
[2023-02-24T08:28:54.300+0000][7][gc,heap     ] GC(6) Humongous regions: 1->1
[2023-02-24T08:28:54.301+0000][7][gc,metaspace] GC(6) Metaspace: 27952K(29052K)->27952K(29052K) NonClass: 24813K(25596K)->24813K(25596K) Class: 3139K(3456K)->3139K(3456K)
[2023-02-24T08:28:54.303+0000][7][gc          ] GC(6) Pause Young (Normal) (G1 Evacuation Pause) 311M->18M(512M) 53.006ms
[2023-02-24T08:28:54.304+0000][7][gc,cpu      ] GC(6) User=0.02s Sys=0.01s Real=0.05s
[2023-02-24T08:28:54.305+0000][7][safepoint   ] Safepoint "G1CollectForAllocation", Time since last: 512248583 ns, Reaching safepoint: 156375 ns, At safepoint: 54870959 ns, Total: 55027334 ns
[2023-02-24T08:28:55.017+0000][7][gc,start    ] GC(7) Pause Young (Normal) (G1 Evacuation Pause)
[2023-02-24T08:28:55.018+0000][7][gc,task     ] GC(7) Using 4 workers of 4 for evacuation
[2023-02-24T08:28:55.019+0000][7][gc,age      ] GC(7) Desired survivor size 20447232 bytes, new threshold 15 (max threshold 15)
[2023-02-24T08:28:55.040+0000][7][gc,age      ] GC(7) Age table with threshold 15 (max threshold 15)
[2023-02-24T08:28:55.041+0000][7][gc,age      ] GC(7) - age   1:    2674568 bytes,    2674568 total
[2023-02-24T08:28:55.042+0000][7][gc,age      ] GC(7) - age   2:     615024 bytes,    3289592 total
[2023-02-24T08:28:55.043+0000][7][gc,age      ] GC(7) - age   3:    3150840 bytes,    6440432 total
[2023-02-24T08:28:55.044+0000][7][gc,age      ] GC(7) - age   4:    4476696 bytes,   10917128 total
[2023-02-24T08:28:55.044+0000][7][gc,age      ] GC(7) - age   5:    1149616 bytes,   12066744 total
[2023-02-24T08:28:55.045+0000][7][gc,age      ] GC(7) - age   6:    1921440 bytes,   13988184 total
[2023-02-24T08:28:55.046+0000][7][gc,phases   ] GC(7)   Pre Evacuate Collection Set: 0.4ms
[2023-02-24T08:28:55.047+0000][7][gc,phases   ] GC(7)   Merge Heap Roots: 0.1ms
[2023-02-24T08:28:55.047+0000][7][gc,phases   ] GC(7)   Evacuate Collection Set: 14.3ms
[2023-02-24T08:28:55.048+0000][7][gc,phases   ] GC(7)   Post Evacuate Collection Set: 4.8ms
[2023-02-24T08:28:55.049+0000][7][gc,phases   ] GC(7)   Other: 9.1ms
[2023-02-24T08:28:55.050+0000][7][gc,heap     ] GC(7) Eden regions: 293->0(292)
[2023-02-24T08:28:55.051+0000][7][gc,heap     ] GC(7) Survivor regions: 14->15(39)
[2023-02-24T08:28:55.051+0000][7][gc,heap     ] GC(7) Old regions: 4->4
[2023-02-24T08:28:55.052+0000][7][gc,heap     ] GC(7) Archive regions: 0->0
[2023-02-24T08:28:55.053+0000][7][gc,heap     ] GC(7) Humongous regions: 1->1
[2023-02-24T08:28:55.054+0000][7][gc,metaspace] GC(7) Metaspace: 28473K(29948K)->28473K(29948K) NonClass: 25254K(26364K)->25254K(26364K) Class: 3218K(3584K)->3218K(3584K)
[2023-02-24T08:28:55.056+0000][7][gc          ] GC(7) Pause Young (Normal) (G1 Evacuation Pause) 311M->19M(512M) 38.908ms
[2023-02-24T08:28:55.057+0000][7][gc,cpu      ] GC(7) User=0.02s Sys=0.00s Real=0.04s
[2023-02-24T08:28:55.058+0000][7][safepoint   ] Safepoint "G1CollectForAllocation", Time since last: 709382750 ns, Reaching safepoint: 2978542 ns, At safepoint: 40591292 ns, Total: 43569834 ns
[2023-02-24T08:28:55.405+0000][7][safepoint   ] Safepoint "ICBufferFull", Time since last: 346947791 ns, Reaching safepoint: 105792 ns, At safepoint: 2292 ns, Total: 108084 ns
[2023-02-24T08:28:55.658+0000][7][gc,start    ] GC(8) Pause Young (Concurrent Start) (Metadata GC Threshold)
[2023-02-24T08:28:55.660+0000][7][gc,task     ] GC(8) Using 4 workers of 4 for evacuation
[2023-02-24T08:28:55.660+0000][7][gc,age      ] GC(8) Desired survivor size 20447232 bytes, new threshold 15 (max threshold 15)
[2023-02-24T08:28:55.679+0000][7][gc,age      ] GC(8) Age table with threshold 15 (max threshold 15)
[2023-02-24T08:28:55.680+0000][7][gc,age      ] GC(8) - age   1:    2274240 bytes,    2274240 total
[2023-02-24T08:28:55.681+0000][7][gc,age      ] GC(8) - age   2:    2259464 bytes,    4533704 total
[2023-02-24T08:28:55.681+0000][7][gc,age      ] GC(8) - age   3:     598888 bytes,    5132592 total
[2023-02-24T08:28:55.682+0000][7][gc,age      ] GC(8) - age   4:    3135000 bytes,    8267592 total
[2023-02-24T08:28:55.683+0000][7][gc,age      ] GC(8) - age   5:    4463576 bytes,   12731168 total
[2023-02-24T08:28:55.684+0000][7][gc,age      ] GC(8) - age   6:    1119296 bytes,   13850464 total
[2023-02-24T08:28:55.685+0000][7][gc,age      ] GC(8) - age   7:    1918544 bytes,   15769008 total
[2023-02-24T08:28:55.686+0000][7][gc,phases   ] GC(8)   Pre Evacuate Collection Set: 0.3ms
[2023-02-24T08:28:55.687+0000][7][gc,phases   ] GC(8)   Merge Heap Roots: 0.0ms
[2023-02-24T08:28:55.687+0000][7][gc,phases   ] GC(8)   Evacuate Collection Set: 16.4ms
[2023-02-24T08:28:55.688+0000][7][gc,phases   ] GC(8)   Post Evacuate Collection Set: 0.9ms
[2023-02-24T08:28:55.689+0000][7][gc,phases   ] GC(8)   Other: 10.1ms
[2023-02-24T08:28:55.690+0000][7][gc,heap     ] GC(8) Eden regions: 114->0(291)
[2023-02-24T08:28:55.690+0000][7][gc,heap     ] GC(8) Survivor regions: 15->16(39)
[2023-02-24T08:28:55.691+0000][7][gc,heap     ] GC(8) Old regions: 4->4
[2023-02-24T08:28:55.692+0000][7][gc,heap     ] GC(8) Archive regions: 0->0
[2023-02-24T08:28:55.693+0000][7][gc,heap     ] GC(8) Humongous regions: 1->1
[2023-02-24T08:28:55.693+0000][7][gc,metaspace] GC(8) Metaspace: 34357K(36048K)->34357K(36048K) NonClass: 30371K(31696K)->30371K(31696K) Class: 3986K(4352K)->3986K(4352K)
[2023-02-24T08:28:55.694+0000][7][gc          ] GC(8) Pause Young (Concurrent Start) (Metadata GC Threshold) 133M->21M(512M) 36.320ms
[2023-02-24T08:28:55.695+0000][7][gc,cpu      ] GC(8) User=0.03s Sys=0.00s Real=0.03s
[2023-02-24T08:28:55.696+0000][7][safepoint   ] Safepoint "CollectForMetadataAllocation", Time since last: 253036333 ns, Reaching safepoint: 333833 ns, At safepoint: 37631834 ns, Total: 37965667 ns
[2023-02-24T08:28:55.696+0000][7][gc          ] GC(9) Concurrent Cycle
[2023-02-24T08:28:55.697+0000][7][gc,marking  ] GC(9) Concurrent Clear Claimed Marks
[2023-02-24T08:28:55.697+0000][7][gc,marking  ] GC(9) Concurrent Clear Claimed Marks 0.554ms
[2023-02-24T08:28:55.698+0000][7][gc,marking  ] GC(9) Concurrent Scan Root Regions
[2023-02-24T08:28:55.702+0000][7][gc,marking  ] GC(9) Concurrent Scan Root Regions 4.439ms
[2023-02-24T08:28:55.704+0000][7][gc,marking  ] GC(9) Concurrent Mark (7.490s)
[2023-02-24T08:28:55.705+0000][7][gc,marking  ] GC(9) Concurrent Mark From Roots
[2023-02-24T08:28:55.708+0000][7][gc,task     ] GC(9) Using 1 workers of 1 for marking
[2023-02-24T08:28:55.712+0000][7][gc,marking  ] GC(9) Concurrent Mark From Roots 7.419ms
[2023-02-24T08:28:55.716+0000][7][gc,marking  ] GC(9) Concurrent Preclean
[2023-02-24T08:28:55.717+0000][7][gc,marking  ] GC(9) Concurrent Preclean 1.104ms
[2023-02-24T08:28:55.718+0000][7][gc,marking  ] GC(9) Concurrent Mark (7.490s, 7.505s) 14.214ms
[2023-02-24T08:28:55.719+0000][7][gc,start    ] GC(9) Pause Remark
[2023-02-24T08:28:55.725+0000][7][gc          ] GC(9) Pause Remark 21M->21M(512M) 6.270ms
[2023-02-24T08:28:55.726+0000][7][gc,cpu      ] GC(9) User=0.01s Sys=0.01s Real=0.00s
[2023-02-24T08:28:55.727+0000][7][safepoint   ] Safepoint "G1Concurrent", Time since last: 22657958 ns, Reaching safepoint: 531750 ns, At safepoint: 8154292 ns, Total: 8686042 ns
[2023-02-24T08:28:55.728+0000][7][gc,marking  ] GC(9) Concurrent Rebuild Remembered Sets
[2023-02-24T08:28:55.731+0000][7][gc,marking  ] GC(9) Concurrent Rebuild Remembered Sets 2.927ms
[2023-02-24T08:28:55.739+0000][7][gc,start    ] GC(9) Pause Cleanup
[2023-02-24T08:28:55.740+0000][7][gc          ] GC(9) Pause Cleanup 21M->21M(512M) 1.511ms
[2023-02-24T08:28:55.741+0000][7][gc,cpu      ] GC(9) User=0.01s Sys=0.00s Real=0.00s
[2023-02-24T08:28:55.742+0000][7][safepoint   ] Safepoint "G1Concurrent", Time since last: 4855625 ns, Reaching safepoint: 6899917 ns, At safepoint: 3133750 ns, Total: 10033667 ns
[2023-02-24T08:28:55.743+0000][7][gc,marking  ] GC(9) Concurrent Cleanup for Next Mark
[2023-02-24T08:28:55.745+0000][7][gc,marking  ] GC(9) Concurrent Cleanup for Next Mark 1.947ms
[2023-02-24T08:28:55.746+0000][7][gc          ] GC(9) Concurrent Cycle 49.828ms
[2023-02-24T08:28:56.591+0000][7][safepoint   ] Safepoint "ICBufferFull", Time since last: 848568125 ns, Reaching safepoint: 383375 ns, At safepoint: 3167 ns, Total: 386542 ns
[2023-02-24T08:28:57.555+0000][7][safepoint   ] Safepoint "ICBufferFull", Time since last: 964233875 ns, Reaching safepoint: 173875 ns, At safepoint: 1625 ns, Total: 175500 ns
[2023-02-24T08:28:58.567+0000][7][safepoint   ] Safepoint "Cleanup", Time since last: 1007995292 ns, Reaching safepoint: 3272459 ns, At safepoint: 3583 ns, Total: 3276042 ns
[2023-02-24T08:28:59.052+0000][7][safepoint   ] Safepoint "ICBufferFull", Time since last: 485022583 ns, Reaching safepoint: 99792 ns, At safepoint: 2042 ns, Total: 101834 ns
[2023-02-24T08:28:59.246+0000][7][gc,start    ] GC(10) Pause Young (Normal) (G1 Evacuation Pause)
[2023-02-24T08:28:59.264+0000][7][gc,task     ] GC(10) Using 4 workers of 4 for evacuation
[2023-02-24T08:28:59.266+0000][7][gc,age      ] GC(10) Desired survivor size 20447232 bytes, new threshold 15 (max threshold 15)
[2023-02-24T08:28:59.360+0000][7][gc,age      ] GC(10) Age table with threshold 15 (max threshold 15)
[2023-02-24T08:28:59.365+0000][7][gc,age      ] GC(10) - age   1:   25148240 bytes,   25148240 total
[2023-02-24T08:28:59.367+0000][7][gc,age      ] GC(10) - age   2:    2177616 bytes,   27325856 total
[2023-02-24T08:28:59.369+0000][7][gc,age      ] GC(10) - age   3:    2258888 bytes,   29584744 total
[2023-02-24T08:28:59.370+0000][7][gc,age      ] GC(10) - age   4:     598424 bytes,   30183168 total
[2023-02-24T08:28:59.371+0000][7][gc,age      ] GC(10) - age   5:    3123656 bytes,   33306824 total
[2023-02-24T08:28:59.373+0000][7][gc,age      ] GC(10) - age   6:    4437776 bytes,   37744600 total
[2023-02-24T08:28:59.374+0000][7][gc,age      ] GC(10) - age   7:    1098640 bytes,   38843240 total
[2023-02-24T08:28:59.375+0000][7][gc,age      ] GC(10) - age   8:    1910448 bytes,   40753688 total
[2023-02-24T08:28:59.376+0000][7][gc,phases   ] GC(10)   Pre Evacuate Collection Set: 0.1ms
[2023-02-24T08:28:59.377+0000][7][gc,phases   ] GC(10)   Merge Heap Roots: 0.1ms
[2023-02-24T08:28:59.379+0000][7][gc,phases   ] GC(10)   Evacuate Collection Set: 89.5ms
[2023-02-24T08:28:59.380+0000][7][gc,phases   ] GC(10)   Post Evacuate Collection Set: 2.5ms
[2023-02-24T08:28:59.381+0000][7][gc,phases   ] GC(10)   Other: 37.5ms
[2023-02-24T08:28:59.383+0000][7][gc,heap     ] GC(10) Eden regions: 291->0(268)
[2023-02-24T08:28:59.385+0000][7][gc,heap     ] GC(10) Survivor regions: 16->39(39)
[2023-02-24T08:28:59.386+0000][7][gc,heap     ] GC(10) Old regions: 4->9
[2023-02-24T08:28:59.388+0000][7][gc,heap     ] GC(10) Archive regions: 0->0
[2023-02-24T08:28:59.390+0000][7][gc,heap     ] GC(10) Humongous regions: 1->1
[2023-02-24T08:28:59.391+0000][7][gc,metaspace] GC(10) Metaspace: 43182K(45776K)->43182K(45776K) NonClass: 37953K(39888K)->37953K(39888K) Class: 5229K(5888K)->5229K(5888K)
[2023-02-24T08:28:59.392+0000][7][gc          ] GC(10) Pause Young (Normal) (G1 Evacuation Pause) 312M->48M(512M) 145.901ms
[2023-02-24T08:28:59.393+0000][7][gc,cpu      ] GC(10) User=0.11s Sys=0.00s Real=0.15s
[2023-02-24T08:28:59.395+0000][7][safepoint   ] Safepoint "G1CollectForAllocation", Time since last: 194295875 ns, Reaching safepoint: 111958 ns, At safepoint: 148450875 ns, Total: 148562833 ns
[2023-02-24T08:28:59.767+0000][7][safepoint   ] Safepoint "ICBufferFull", Time since last: 372649917 ns, Reaching safepoint: 156958 ns, At safepoint: 1834 ns, Total: 158792 ns
[2023-02-24T08:29:01.145+0000][7][safepoint   ] Safepoint "Cleanup", Time since last: 1377630584 ns, Reaching safepoint: 122750 ns, At safepoint: 2500 ns, Total: 125250 ns
[2023-02-24T08:29:01.388+0000][7][safepoint   ] Safepoint "ICBufferFull", Time since last: 242940833 ns, Reaching safepoint: 128875 ns, At safepoint: 1667 ns, Total: 130542 ns
[2023-02-24T08:29:01.561+0000][7][gc,start    ] GC(11) Pause Young (Concurrent Start) (Metadata GC Threshold)
[2023-02-24T08:29:01.562+0000][7][gc,task     ] GC(11) Using 4 workers of 4 for evacuation
[2023-02-24T08:29:01.563+0000][7][gc,age      ] GC(11) Desired survivor size 20447232 bytes, new threshold 1 (max threshold 15)
[2023-02-24T08:29:01.683+0000][7][gc,age      ] GC(11) Age table with threshold 1 (max threshold 15)
[2023-02-24T08:29:01.683+0000][7][gc,age      ] GC(11) - age   1:    6283384 bytes,    6283384 total
[2023-02-24T08:29:01.684+0000][7][gc,phases   ] GC(11)   Pre Evacuate Collection Set: 0.3ms
[2023-02-24T08:29:01.685+0000][7][gc,phases   ] GC(11)   Merge Heap Roots: 0.3ms
[2023-02-24T08:29:01.685+0000][7][gc,phases   ] GC(11)   Evacuate Collection Set: 116.6ms
[2023-02-24T08:29:01.686+0000][7][gc,phases   ] GC(11)   Post Evacuate Collection Set: 1.6ms
[2023-02-24T08:29:01.687+0000][7][gc,phases   ] GC(11)   Other: 4.4ms
[2023-02-24T08:29:01.688+0000][7][gc,heap     ] GC(11) Eden regions: 109->0(291)
[2023-02-24T08:29:01.689+0000][7][gc,heap     ] GC(11) Survivor regions: 39->7(39)
[2023-02-24T08:29:01.689+0000][7][gc,heap     ] GC(11) Old regions: 9->48
[2023-02-24T08:29:01.690+0000][7][gc,heap     ] GC(11) Archive regions: 0->0
[2023-02-24T08:29:01.691+0000][7][gc,heap     ] GC(11) Humongous regions: 1->1
[2023-02-24T08:29:01.692+0000][7][gc,metaspace] GC(11) Metaspace: 57155K(60296K)->57155K(60296K) NonClass: 49814K(52104K)->49814K(52104K) Class: 7341K(8192K)->7341K(8192K)
[2023-02-24T08:29:01.693+0000][7][gc          ] GC(11) Pause Young (Concurrent Start) (Metadata GC Threshold) 157M->56M(512M) 132.203ms
[2023-02-24T08:29:01.699+0000][7][gc,cpu      ] GC(11) User=0.09s Sys=0.00s Real=0.14s
[2023-02-24T08:29:01.699+0000][7][gc          ] GC(12) Concurrent Cycle
[2023-02-24T08:29:01.701+0000][7][gc,marking  ] GC(12) Concurrent Clear Claimed Marks
[2023-02-24T08:29:01.702+0000][7][gc,marking  ] GC(12) Concurrent Clear Claimed Marks 1.110ms
[2023-02-24T08:29:01.703+0000][7][gc,marking  ] GC(12) Concurrent Scan Root Regions
[2023-02-24T08:29:01.700+0000][7][safepoint   ] Safepoint "CollectForMetadataAllocation", Time since last: 172583750 ns, Reaching safepoint: 92208 ns, At safepoint: 138649834 ns, Total: 138742042 ns
[2023-02-24T08:29:01.728+0000][7][safepoint   ] Safepoint "CollectForMetadataAllocation", Time since last: 28630666 ns, Reaching safepoint: 62125 ns, At safepoint: 108750 ns, Total: 170875 ns
[2023-02-24T08:29:01.759+0000][7][gc,marking  ] GC(12) Concurrent Scan Root Regions 56.304ms
[2023-02-24T08:29:01.761+0000][7][gc,marking  ] GC(12) Concurrent Mark (13.547s)
[2023-02-24T08:29:01.761+0000][7][gc,marking  ] GC(12) Concurrent Mark From Roots
[2023-02-24T08:29:01.763+0000][7][gc,task     ] GC(12) Using 1 workers of 1 for marking
[2023-02-24T08:29:01.773+0000][7][gc,marking  ] GC(12) Concurrent Mark From Roots 11.213ms
[2023-02-24T08:29:01.777+0000][7][gc,marking  ] GC(12) Concurrent Preclean
[2023-02-24T08:29:01.778+0000][7][gc,marking  ] GC(12) Concurrent Preclean 1.341ms
[2023-02-24T08:29:01.779+0000][7][gc,marking  ] GC(12) Concurrent Mark (13.547s, 13.566s) 18.383ms
[2023-02-24T08:29:01.787+0000][7][gc,start    ] GC(12) Pause Remark
[2023-02-24T08:29:01.796+0000][7][gc          ] GC(12) Pause Remark 57M->57M(512M) 9.227ms
[2023-02-24T08:29:01.798+0000][7][gc,cpu      ] GC(12) User=0.01s Sys=0.00s Real=0.01s
[2023-02-24T08:29:01.799+0000][7][safepoint   ] Safepoint "G1Concurrent", Time since last: 51318875 ns, Reaching safepoint: 7423542 ns, At safepoint: 11418417 ns, Total: 18841959 ns
[2023-02-24T08:29:01.800+0000][7][gc,marking  ] GC(12) Concurrent Rebuild Remembered Sets
[2023-02-24T08:29:01.902+0000][7][gc,marking  ] GC(12) Concurrent Rebuild Remembered Sets 101.922ms
[2023-02-24T08:29:01.907+0000][7][gc,start    ] GC(12) Pause Cleanup
[2023-02-24T08:29:01.908+0000][7][gc          ] GC(12) Pause Cleanup 59M->59M(512M) 1.564ms
[2023-02-24T08:29:01.911+0000][7][gc,cpu      ] GC(12) User=0.01s Sys=0.00s Real=0.01s
[2023-02-24T08:29:01.916+0000][7][safepoint   ] Safepoint "G1Concurrent", Time since last: 107336541 ns, Reaching safepoint: 769042 ns, At safepoint: 9048458 ns, Total: 9817500 ns
[2023-02-24T08:29:01.917+0000][7][gc,marking  ] GC(12) Concurrent Cleanup for Next Mark
[2023-02-24T08:29:01.919+0000][7][gc,marking  ] GC(12) Concurrent Cleanup for Next Mark 2.019ms
[2023-02-24T08:29:01.921+0000][7][gc          ] GC(12) Concurrent Cycle 221.157ms
[2023-02-24T08:29:02.981+0000][7][safepoint   ] Safepoint "Cleanup", Time since last: 1065061043 ns, Reaching safepoint: 521708 ns, At safepoint: 2625 ns, Total: 524333 ns
[2023-02-24T08:29:03.496+0000][7][safepoint   ] Safepoint "ICBufferFull", Time since last: 514168959 ns, Reaching safepoint: 963291 ns, At safepoint: 3375 ns, Total: 966666 ns
[2023-02-24T08:29:03.532+0000][7][safepoint   ] Safepoint "ICBufferFull", Time since last: 33620292 ns, Reaching safepoint: 2186375 ns, At safepoint: 3500 ns, Total: 2189875 ns
[2023-02-24T08:29:04.084+0000][7][safepoint   ] Safepoint "ICBufferFull", Time since last: 551857667 ns, Reaching safepoint: 327166 ns, At safepoint: 2792 ns, Total: 329958 ns
[2023-02-24T08:29:05.089+0000][7][safepoint   ] Safepoint "Cleanup", Time since last: 1003935876 ns, Reaching safepoint: 890541 ns, At safepoint: 11375 ns, Total: 901916 ns
[2023-02-24T08:29:05.944+0000][7][safepoint   ] Safepoint "ICBufferFull", Time since last: 854829959 ns, Reaching safepoint: 109250 ns, At safepoint: 1833 ns, Total: 111083 ns
[2023-02-24T08:29:07.000+0000][7][safepoint   ] Safepoint "ICBufferFull", Time since last: 1055892959 ns, Reaching safepoint: 175625 ns, At safepoint: 3292 ns, Total: 178917 ns
[2023-02-24T08:29:08.010+0000][7][safepoint   ] Safepoint "Cleanup", Time since last: 1004514084 ns, Reaching safepoint: 4804125 ns, At safepoint: 13583 ns, Total: 4817708 ns
[2023-02-24T08:29:08.776+0000][7][gc,heap,exit] Heap
[2023-02-24T08:29:08.778+0000][7][gc,heap,exit]  garbage-first heap   total 524288K, used 261120K [0x00000000e0000000, 0x0000000100000000)
[2023-02-24T08:29:08.780+0000][7][gc,heap,exit]   region size 1024K, 207 young (211968K), 7 survivors (7168K)
[2023-02-24T08:29:08.781+0000][7][gc,heap,exit]  Metaspace       used 86320K, capacity 89362K, committed 90192K, reserved 1126400K
[2023-02-24T08:29:08.783+0000][7][gc,heap,exit]   class space    used 11404K, capacity 12371K, committed 12416K, reserved 1048576K
