[2022-12-08T06:13:40.240+0000][7][gc] Using G1
[2022-12-08T06:13:40.414+0000][7][gc,init] Version: 15+36-1562 (release)
[2022-12-08T06:13:40.416+0000][7][gc,init] CPUs: 4 total, 4 available
[2022-12-08T06:13:40.417+0000][7][gc,init] Memory: 7951M
[2022-12-08T06:13:40.418+0000][7][gc,init] Large Page Support: Disabled
[2022-12-08T06:13:40.420+0000][7][gc,init] NUMA Support: Disabled
[2022-12-08T06:13:40.421+0000][7][gc,init] Compressed Oops: Enabled (32-bit)
[2022-12-08T06:13:40.422+0000][7][gc,init] Heap Region Size: 1M
[2022-12-08T06:13:40.424+0000][7][gc,init] Heap Min Capacity: 512M
[2022-12-08T06:13:40.427+0000][7][gc,init] Heap Initial Capacity: 512M
[2022-12-08T06:13:40.428+0000][7][gc,init] Heap Max Capacity: 512M
[2022-12-08T06:13:40.429+0000][7][gc,init] Pre-touch: Enabled
[2022-12-08T06:13:40.430+0000][7][gc,init] Parallel Workers: 4
[2022-12-08T06:13:40.431+0000][7][gc,init] Concurrent Workers: 1
[2022-12-08T06:13:40.432+0000][7][gc,init] Concurrent Refinement Workers: 4
[2022-12-08T06:13:40.433+0000][7][gc,init] Periodic GC: Disabled
[2022-12-08T06:13:40.433+0000][7][gc,metaspace] CDS disabled.
[2022-12-08T06:13:40.434+0000][7][gc,metaspace] Compressed class space mapped at: 0x0000000100000000-0x0000000140000000, size: 1073741824
[2022-12-08T06:13:40.435+0000][7][gc,metaspace] Narrow klass base: 0x0000000000000000, Narrow klass shift: 3, Narrow klass range: 0x140000000
[2022-12-08T06:13:41.001+0000][7][safepoint   ] Safepoint "ICBufferFull", Time since last: 532195583 ns, Reaching safepoint: 234292 ns, At safepoint: 2583 ns, Total: 236875 ns
[2022-12-08T06:13:41.263+0000][7][safepoint   ] Safepoint "ICBufferFull", Time since last: 257602750 ns, Reaching safepoint: 3898667 ns, At safepoint: 12250 ns, Total: 3910917 ns
[2022-12-08T06:13:41.663+0000][7][safepoint   ] Safepoint "ICBufferFull", Time since last: 400765209 ns, Reaching safepoint: 117583 ns, At safepoint: 2375 ns, Total: 119958 ns
[2022-12-08T06:13:41.819+0000][7][gc,start    ] GC(0) Pause Young (Normal) (G1 Evacuation Pause)
[2022-12-08T06:13:41.829+0000][7][gc,task     ] GC(0) Using 4 workers of 4 for evacuation
[2022-12-08T06:13:41.830+0000][7][gc,age      ] GC(0) Desired survivor size 2097152 bytes, new threshold 15 (max threshold 15)
[2022-12-08T06:13:41.841+0000][7][gc,age      ] GC(0) Age table with threshold 15 (max threshold 15)
[2022-12-08T06:13:41.842+0000][7][gc,age      ] GC(0) - age   1:    3936744 bytes,    3936744 total
[2022-12-08T06:13:41.843+0000][7][gc,phases   ] GC(0)   Pre Evacuate Collection Set: 0.1ms
[2022-12-08T06:13:41.844+0000][7][gc,phases   ] GC(0)   Merge Heap Roots: 0.0ms
[2022-12-08T06:13:41.845+0000][7][gc,phases   ] GC(0)   Evacuate Collection Set: 9.4ms
[2022-12-08T06:13:41.846+0000][7][gc,phases   ] GC(0)   Post Evacuate Collection Set: 0.4ms
[2022-12-08T06:13:41.847+0000][7][gc,phases   ] GC(0)   Other: 14.7ms
[2022-12-08T06:13:41.849+0000][7][gc,heap     ] GC(0) Eden regions: 25->0(25)
[2022-12-08T06:13:41.850+0000][7][gc,heap     ] GC(0) Survivor regions: 0->4(4)
[2022-12-08T06:13:41.851+0000][7][gc,heap     ] GC(0) Old regions: 0->0
[2022-12-08T06:13:41.852+0000][7][gc,heap     ] GC(0) Archive regions: 0->0
[2022-12-08T06:13:41.853+0000][7][gc,heap     ] GC(0) Humongous regions: 1->1
[2022-12-08T06:13:41.854+0000][7][gc,metaspace] GC(0) Metaspace: 15598K(16128K)->15598K(16128K) NonClass: 14015K(14336K)->14015K(14336K) Class: 1583K(1792K)->1583K(1792K)
[2022-12-08T06:13:41.855+0000][7][gc          ] GC(0) Pause Young (Normal) (G1 Evacuation Pause) 26M->4M(512M) 36.593ms
[2022-12-08T06:13:41.856+0000][7][gc,cpu      ] GC(0) User=0.03s Sys=0.00s Real=0.04s
[2022-12-08T06:13:41.857+0000][7][safepoint   ] Safepoint "G1CollectForAllocation", Time since last: 155037500 ns, Reaching safepoint: 63583 ns, At safepoint: 38207750 ns, Total: 38271333 ns
[2022-12-08T06:13:42.684+0000][7][safepoint   ] Safepoint "ICBufferFull", Time since last: 826782084 ns, Reaching safepoint: 167708 ns, At safepoint: 2959 ns, Total: 170667 ns
[2022-12-08T06:13:42.898+0000][7][gc,start    ] GC(1) Pause Young (Concurrent Start) (Metadata GC Threshold)
[2022-12-08T06:13:42.900+0000][7][gc,task     ] GC(1) Using 4 workers of 4 for evacuation
[2022-12-08T06:13:42.901+0000][7][gc,age      ] GC(1) Desired survivor size 2097152 bytes, new threshold 1 (max threshold 15)
[2022-12-08T06:13:42.916+0000][7][gc,age      ] GC(1) Age table with threshold 1 (max threshold 15)
[2022-12-08T06:13:42.918+0000][7][gc,age      ] GC(1) - age   1:    2142216 bytes,    2142216 total
[2022-12-08T06:13:42.918+0000][7][gc,phases   ] GC(1)   Pre Evacuate Collection Set: 0.2ms
[2022-12-08T06:13:42.919+0000][7][gc,phases   ] GC(1)   Merge Heap Roots: 0.1ms
[2022-12-08T06:13:42.920+0000][7][gc,phases   ] GC(1)   Evacuate Collection Set: 14.0ms
[2022-12-08T06:13:42.921+0000][7][gc,phases   ] GC(1)   Post Evacuate Collection Set: 0.4ms
[2022-12-08T06:13:42.925+0000][7][gc,phases   ] GC(1)   Other: 6.1ms
[2022-12-08T06:13:42.926+0000][7][gc,heap     ] GC(1) Eden regions: 23->0(29)
[2022-12-08T06:13:42.927+0000][7][gc,heap     ] GC(1) Survivor regions: 4->3(4)
[2022-12-08T06:13:42.927+0000][7][gc,heap     ] GC(1) Old regions: 0->4
[2022-12-08T06:13:42.928+0000][7][gc,heap     ] GC(1) Archive regions: 0->0
[2022-12-08T06:13:42.929+0000][7][gc,heap     ] GC(1) Humongous regions: 1->1
[2022-12-08T06:13:42.930+0000][7][gc,metaspace] GC(1) Metaspace: 20705K(21248K)->20705K(21248K) NonClass: 18477K(18944K)->18477K(18944K) Class: 2228K(2304K)->2228K(2304K)
[2022-12-08T06:13:42.931+0000][7][gc          ] GC(1) Pause Young (Concurrent Start) (Metadata GC Threshold) 27M->7M(512M) 33.128ms
[2022-12-08T06:13:42.932+0000][7][gc,cpu      ] GC(1) User=0.01s Sys=0.00s Real=0.04s
[2022-12-08T06:13:42.933+0000][7][safepoint   ] Safepoint "CollectForMetadataAllocation", Time since last: 212784750 ns, Reaching safepoint: 997667 ns, At safepoint: 35098833 ns, Total: 36096500 ns
[2022-12-08T06:13:42.934+0000][7][gc          ] GC(2) Concurrent Cycle
[2022-12-08T06:13:42.936+0000][7][gc,marking  ] GC(2) Concurrent Clear Claimed Marks
[2022-12-08T06:13:42.938+0000][7][gc,marking  ] GC(2) Concurrent Clear Claimed Marks 2.716ms
[2022-12-08T06:13:42.941+0000][7][gc,marking  ] GC(2) Concurrent Scan Root Regions
[2022-12-08T06:13:42.946+0000][7][gc,marking  ] GC(2) Concurrent Scan Root Regions 4.759ms
[2022-12-08T06:13:42.949+0000][7][gc,marking  ] GC(2) Concurrent Mark (2.731s)
[2022-12-08T06:13:42.950+0000][7][gc,marking  ] GC(2) Concurrent Mark From Roots
[2022-12-08T06:13:42.951+0000][7][gc,task     ] GC(2) Using 1 workers of 1 for marking
[2022-12-08T06:13:42.952+0000][7][gc,marking  ] GC(2) Concurrent Mark From Roots 1.629ms
[2022-12-08T06:13:42.953+0000][7][gc,marking  ] GC(2) Concurrent Preclean
[2022-12-08T06:13:42.954+0000][7][gc,marking  ] GC(2) Concurrent Preclean 0.771ms
[2022-12-08T06:13:42.954+0000][7][gc,marking  ] GC(2) Concurrent Mark (2.731s, 2.736s) 4.773ms
[2022-12-08T06:13:42.955+0000][7][gc,start    ] GC(2) Pause Remark
[2022-12-08T06:13:42.960+0000][7][gc          ] GC(2) Pause Remark 7M->7M(512M) 4.591ms
[2022-12-08T06:13:42.961+0000][7][gc,cpu      ] GC(2) User=0.00s Sys=0.00s Real=0.00s
[2022-12-08T06:13:42.961+0000][7][safepoint   ] Safepoint "G1Concurrent", Time since last: 22371833 ns, Reaching safepoint: 120625 ns, At safepoint: 6222417 ns, Total: 6343042 ns
[2022-12-08T06:13:42.964+0000][7][gc,marking  ] GC(2) Concurrent Rebuild Remembered Sets
[2022-12-08T06:13:42.967+0000][7][gc,marking  ] GC(2) Concurrent Rebuild Remembered Sets 2.229ms
[2022-12-08T06:13:42.970+0000][7][gc,start    ] GC(2) Pause Cleanup
[2022-12-08T06:13:42.973+0000][7][gc          ] GC(2) Pause Cleanup 7M->7M(512M) 2.963ms
[2022-12-08T06:13:42.973+0000][7][gc,cpu      ] GC(2) User=0.00s Sys=0.00s Real=0.01s
[2022-12-08T06:13:42.974+0000][7][safepoint   ] Safepoint "G1Concurrent", Time since last: 7804958 ns, Reaching safepoint: 417375 ns, At safepoint: 4697959 ns, Total: 5115334 ns
[2022-12-08T06:13:42.975+0000][7][gc,marking  ] GC(2) Concurrent Cleanup for Next Mark
[2022-12-08T06:13:42.976+0000][7][gc,marking  ] GC(2) Concurrent Cleanup for Next Mark 1.302ms
[2022-12-08T06:13:42.977+0000][7][gc          ] GC(2) Concurrent Cycle 42.812ms
[2022-12-08T06:13:43.575+0000][7][gc,start    ] GC(3) Pause Young (Normal) (G1 Evacuation Pause)
[2022-12-08T06:13:43.575+0000][7][gc,task     ] GC(3) Using 4 workers of 4 for evacuation
[2022-12-08T06:13:43.576+0000][7][gc,age      ] GC(3) Desired survivor size 2621440 bytes, new threshold 15 (max threshold 15)
[2022-12-08T06:13:43.597+0000][7][gc,age      ] GC(3) Age table with threshold 15 (max threshold 15)
[2022-12-08T06:13:43.598+0000][7][gc,age      ] GC(3) - age   1:    2268128 bytes,    2268128 total
[2022-12-08T06:13:43.599+0000][7][gc,age      ] GC(3) - age   2:    2121320 bytes,    4389448 total
[2022-12-08T06:13:43.601+0000][7][gc,phases   ] GC(3)   Pre Evacuate Collection Set: 0.2ms
[2022-12-08T06:13:43.602+0000][7][gc,phases   ] GC(3)   Merge Heap Roots: 0.0ms
[2022-12-08T06:13:43.603+0000][7][gc,phases   ] GC(3)   Evacuate Collection Set: 19.2ms
[2022-12-08T06:13:43.604+0000][7][gc,phases   ] GC(3)   Post Evacuate Collection Set: 0.4ms
[2022-12-08T06:13:43.605+0000][7][gc,phases   ] GC(3)   Other: 6.8ms
[2022-12-08T06:13:43.606+0000][7][gc,heap     ] GC(3) Eden regions: 30->0(175)
[2022-12-08T06:13:43.607+0000][7][gc,heap     ] GC(3) Survivor regions: 3->5(5)
[2022-12-08T06:13:43.608+0000][7][gc,heap     ] GC(3) Old regions: 4->4
[2022-12-08T06:13:43.609+0000][7][gc,heap     ] GC(3) Archive regions: 0->0
[2022-12-08T06:13:43.610+0000][7][gc,heap     ] GC(3) Humongous regions: 1->1
[2022-12-08T06:13:43.610+0000][7][gc,metaspace] GC(3) Metaspace: 22378K(22784K)->22378K(22784K) NonClass: 19964K(20224K)->19964K(20224K) Class: 2413K(2560K)->2413K(2560K)
[2022-12-08T06:13:43.611+0000][7][gc          ] GC(3) Pause Young (Normal) (G1 Evacuation Pause) 37M->9M(512M) 36.595ms
[2022-12-08T06:13:43.612+0000][7][gc,cpu      ] GC(3) User=0.01s Sys=0.00s Real=0.04s
[2022-12-08T06:13:43.613+0000][7][safepoint   ] Safepoint "G1CollectForAllocation", Time since last: 597819375 ns, Reaching safepoint: 2521750 ns, At safepoint: 38506417 ns, Total: 41028167 ns
[2022-12-08T06:13:43.858+0000][7][safepoint   ] Safepoint "ICBufferFull", Time since last: 244749000 ns, Reaching safepoint: 60791 ns, At safepoint: 1834 ns, Total: 62625 ns
[2022-12-08T06:13:43.863+0000][7][safepoint   ] Safepoint "ICBufferFull", Time since last: 4557875 ns, Reaching safepoint: 45458 ns, At safepoint: 1458 ns, Total: 46916 ns
[2022-12-08T06:13:43.870+0000][7][safepoint   ] Safepoint "ICBufferFull", Time since last: 5379792 ns, Reaching safepoint: 1885458 ns, At safepoint: 3709 ns, Total: 1889167 ns
[2022-12-08T06:13:43.877+0000][7][safepoint   ] Safepoint "ICBufferFull", Time since last: 6765458 ns, Reaching safepoint: 32500 ns, At safepoint: 2000 ns, Total: 34500 ns
[2022-12-08T06:13:43.880+0000][7][safepoint   ] Safepoint "ICBufferFull", Time since last: 3173375 ns, Reaching safepoint: 24875 ns, At safepoint: 1417 ns, Total: 26292 ns
[2022-12-08T06:13:43.885+0000][7][safepoint   ] Safepoint "ICBufferFull", Time since last: 5297458 ns, Reaching safepoint: 34542 ns, At safepoint: 1875 ns, Total: 36417 ns
[2022-12-08T06:13:43.890+0000][7][safepoint   ] Safepoint "ICBufferFull", Time since last: 4805833 ns, Reaching safepoint: 34125 ns, At safepoint: 3042 ns, Total: 37167 ns
[2022-12-08T06:13:43.896+0000][7][safepoint   ] Safepoint "ICBufferFull", Time since last: 5964333 ns, Reaching safepoint: 39542 ns, At safepoint: 1750 ns, Total: 41292 ns
[2022-12-08T06:13:43.901+0000][7][safepoint   ] Safepoint "ICBufferFull", Time since last: 5346666 ns, Reaching safepoint: 36000 ns, At safepoint: 3000 ns, Total: 39000 ns
[2022-12-08T06:13:43.904+0000][7][safepoint   ] Safepoint "ICBufferFull", Time since last: 2939209 ns, Reaching safepoint: 109791 ns, At safepoint: 1542 ns, Total: 111333 ns
[2022-12-08T06:13:43.907+0000][7][safepoint   ] Safepoint "ICBufferFull", Time since last: 2314917 ns, Reaching safepoint: 102666 ns, At safepoint: 1750 ns, Total: 104416 ns
[2022-12-08T06:13:43.914+0000][7][safepoint   ] Safepoint "ICBufferFull", Time since last: 6711875 ns, Reaching safepoint: 133959 ns, At safepoint: 1833 ns, Total: 135792 ns
[2022-12-08T06:13:43.935+0000][7][safepoint   ] Safepoint "ICBufferFull", Time since last: 19230958 ns, Reaching safepoint: 1645625 ns, At safepoint: 4000 ns, Total: 1649625 ns
[2022-12-08T06:13:43.938+0000][7][safepoint   ] Safepoint "ICBufferFull", Time since last: 3456709 ns, Reaching safepoint: 233791 ns, At safepoint: 1625 ns, Total: 235416 ns
[2022-12-08T06:13:43.943+0000][7][safepoint   ] Safepoint "ICBufferFull", Time since last: 1502792 ns, Reaching safepoint: 2933417 ns, At safepoint: 4250 ns, Total: 2937667 ns
[2022-12-08T06:13:43.945+0000][7][safepoint   ] Safepoint "ICBufferFull", Time since last: 1581708 ns, Reaching safepoint: 349917 ns, At safepoint: 1833 ns, Total: 351750 ns
[2022-12-08T06:13:43.949+0000][7][safepoint   ] Safepoint "ICBufferFull", Time since last: 2589667 ns, Reaching safepoint: 1352833 ns, At safepoint: 3292 ns, Total: 1356125 ns
[2022-12-08T06:13:43.956+0000][7][safepoint   ] Safepoint "ICBufferFull", Time since last: 2802000 ns, Reaching safepoint: 4281083 ns, At safepoint: 2583 ns, Total: 4283666 ns
[2022-12-08T06:13:43.960+0000][7][safepoint   ] Safepoint "ICBufferFull", Time since last: 3123875 ns, Reaching safepoint: 791292 ns, At safepoint: 1917 ns, Total: 793209 ns
[2022-12-08T06:13:43.973+0000][7][safepoint   ] Safepoint "ICBufferFull", Time since last: 10410291 ns, Reaching safepoint: 2779459 ns, At safepoint: 2541 ns, Total: 2782000 ns
[2022-12-08T06:13:43.976+0000][7][safepoint   ] Safepoint "ICBufferFull", Time since last: 2586084 ns, Reaching safepoint: 227958 ns, At safepoint: 1958 ns, Total: 229916 ns
[2022-12-08T06:13:43.979+0000][7][safepoint   ] Safepoint "ICBufferFull", Time since last: 2807834 ns, Reaching safepoint: 166083 ns, At safepoint: 1875 ns, Total: 167958 ns
[2022-12-08T06:13:43.981+0000][7][safepoint   ] Safepoint "ICBufferFull", Time since last: 2253625 ns, Reaching safepoint: 132250 ns, At safepoint: 1750 ns, Total: 134000 ns
[2022-12-08T06:13:43.986+0000][7][safepoint   ] Safepoint "ICBufferFull", Time since last: 3263542 ns, Reaching safepoint: 1367583 ns, At safepoint: 2292 ns, Total: 1369875 ns
[2022-12-08T06:13:43.990+0000][7][safepoint   ] Safepoint "ICBufferFull", Time since last: 2763916 ns, Reaching safepoint: 1232750 ns, At safepoint: 2375 ns, Total: 1235125 ns
[2022-12-08T06:13:43.994+0000][7][safepoint   ] Safepoint "ICBufferFull", Time since last: 4111917 ns, Reaching safepoint: 283625 ns, At safepoint: 1958 ns, Total: 285583 ns
[2022-12-08T06:13:44.006+0000][7][safepoint   ] Safepoint "ICBufferFull", Time since last: 10745334 ns, Reaching safepoint: 822791 ns, At safepoint: 2292 ns, Total: 825083 ns
[2022-12-08T06:13:44.008+0000][7][safepoint   ] Safepoint "ICBufferFull", Time since last: 1969917 ns, Reaching safepoint: 258833 ns, At safepoint: 1625 ns, Total: 260458 ns
[2022-12-08T06:13:44.013+0000][7][safepoint   ] Safepoint "ICBufferFull", Time since last: 3802583 ns, Reaching safepoint: 1333792 ns, At safepoint: 4542 ns, Total: 1338334 ns
[2022-12-08T06:13:44.016+0000][7][safepoint   ] Safepoint "ICBufferFull", Time since last: 1992541 ns, Reaching safepoint: 626750 ns, At safepoint: 1709 ns, Total: 628459 ns
[2022-12-08T06:13:44.020+0000][7][safepoint   ] Safepoint "ICBufferFull", Time since last: 1750458 ns, Reaching safepoint: 2531125 ns, At safepoint: 2750 ns, Total: 2533875 ns
[2022-12-08T06:13:44.023+0000][7][safepoint   ] Safepoint "ICBufferFull", Time since last: 2097958 ns, Reaching safepoint: 641792 ns, At safepoint: 1958 ns, Total: 643750 ns
[2022-12-08T06:13:44.027+0000][7][safepoint   ] Safepoint "ICBufferFull", Time since last: 2118167 ns, Reaching safepoint: 1841125 ns, At safepoint: 2458 ns, Total: 1843583 ns
[2022-12-08T06:13:44.031+0000][7][safepoint   ] Safepoint "ICBufferFull", Time since last: 2759000 ns, Reaching safepoint: 1281334 ns, At safepoint: 2208 ns, Total: 1283542 ns
[2022-12-08T06:13:44.039+0000][7][safepoint   ] Safepoint "ICBufferFull", Time since last: 5445375 ns, Reaching safepoint: 2560542 ns, At safepoint: 2833 ns, Total: 2563375 ns
[2022-12-08T06:13:44.043+0000][7][safepoint   ] Safepoint "ICBufferFull", Time since last: 2215625 ns, Reaching safepoint: 1772125 ns, At safepoint: 2042 ns, Total: 1774167 ns
[2022-12-08T06:13:44.051+0000][7][safepoint   ] Safepoint "ICBufferFull", Time since last: 4801833 ns, Reaching safepoint: 3193917 ns, At safepoint: 4625 ns, Total: 3198542 ns
[2022-12-08T06:13:44.057+0000][7][safepoint   ] Safepoint "ICBufferFull", Time since last: 3488208 ns, Reaching safepoint: 3303208 ns, At safepoint: 5667 ns, Total: 3308875 ns
[2022-12-08T06:13:44.064+0000][7][safepoint   ] Safepoint "ICBufferFull", Time since last: 2424583 ns, Reaching safepoint: 3831625 ns, At safepoint: 8834 ns, Total: 3840459 ns
[2022-12-08T06:13:44.068+0000][7][safepoint   ] Safepoint "ICBufferFull", Time since last: 1544250 ns, Reaching safepoint: 2443208 ns, At safepoint: 2583 ns, Total: 2445791 ns
[2022-12-08T06:13:44.069+0000][7][safepoint   ] Safepoint "ICBufferFull", Time since last: 1184334 ns, Reaching safepoint: 208625 ns, At safepoint: 1458 ns, Total: 210083 ns
[2022-12-08T06:13:44.070+0000][7][safepoint   ] Safepoint "ICBufferFull", Time since last: 975375 ns, Reaching safepoint: 252792 ns, At safepoint: 1500 ns, Total: 254292 ns
[2022-12-08T06:13:44.072+0000][7][safepoint   ] Safepoint "ICBufferFull", Time since last: 894625 ns, Reaching safepoint: 952333 ns, At safepoint: 2417 ns, Total: 954750 ns
[2022-12-08T06:13:44.075+0000][7][safepoint   ] Safepoint "ICBufferFull", Time since last: 1729958 ns, Reaching safepoint: 808042 ns, At safepoint: 2375 ns, Total: 810417 ns
[2022-12-08T06:13:44.076+0000][7][safepoint   ] Safepoint "ICBufferFull", Time since last: 1056708 ns, Reaching safepoint: 133500 ns, At safepoint: 1625 ns, Total: 135125 ns
[2022-12-08T06:13:44.077+0000][7][safepoint   ] Safepoint "ICBufferFull", Time since last: 1131750 ns, Reaching safepoint: 177083 ns, At safepoint: 1584 ns, Total: 178667 ns
[2022-12-08T06:13:44.078+0000][7][safepoint   ] Safepoint "ICBufferFull", Time since last: 927041 ns, Reaching safepoint: 220375 ns, At safepoint: 1625 ns, Total: 222000 ns
[2022-12-08T06:13:44.091+0000][7][safepoint   ] Safepoint "ICBufferFull", Time since last: 12229792 ns, Reaching safepoint: 41000 ns, At safepoint: 1833 ns, Total: 42833 ns
[2022-12-08T06:13:44.734+0000][7][safepoint   ] Safepoint "ICBufferFull", Time since last: 642977959 ns, Reaching safepoint: 109625 ns, At safepoint: 3083 ns, Total: 112708 ns
[2022-12-08T06:13:44.994+0000][7][gc,start    ] GC(4) Pause Young (Normal) (G1 Evacuation Pause)
[2022-12-08T06:13:44.995+0000][7][gc,task     ] GC(4) Using 4 workers of 4 for evacuation
[2022-12-08T06:13:44.996+0000][7][gc,age      ] GC(4) Desired survivor size 12058624 bytes, new threshold 15 (max threshold 15)
[2022-12-08T06:13:45.022+0000][7][gc,age      ] GC(4) Age table with threshold 15 (max threshold 15)
[2022-12-08T06:13:45.024+0000][7][gc,age      ] GC(4) - age   1:    4381864 bytes,    4381864 total
[2022-12-08T06:13:45.025+0000][7][gc,age      ] GC(4) - age   2:    1152072 bytes,    5533936 total
[2022-12-08T06:13:45.025+0000][7][gc,age      ] GC(4) - age   3:    2107008 bytes,    7640944 total
[2022-12-08T06:13:45.026+0000][7][gc,phases   ] GC(4)   Pre Evacuate Collection Set: 0.4ms
[2022-12-08T06:13:45.027+0000][7][gc,phases   ] GC(4)   Merge Heap Roots: 0.1ms
[2022-12-08T06:13:45.028+0000][7][gc,phases   ] GC(4)   Evacuate Collection Set: 5.9ms
[2022-12-08T06:13:45.030+0000][7][gc,phases   ] GC(4)   Post Evacuate Collection Set: 19.8ms
[2022-12-08T06:13:45.031+0000][7][gc,phases   ] GC(4)   Other: 6.5ms
[2022-12-08T06:13:45.032+0000][7][gc,heap     ] GC(4) Eden regions: 175->0(299)
[2022-12-08T06:13:45.033+0000][7][gc,heap     ] GC(4) Survivor regions: 5->8(23)
[2022-12-08T06:13:45.034+0000][7][gc,heap     ] GC(4) Old regions: 4->4
[2022-12-08T06:13:45.035+0000][7][gc,heap     ] GC(4) Archive regions: 0->0
[2022-12-08T06:13:45.036+0000][7][gc,heap     ] GC(4) Humongous regions: 2->1
[2022-12-08T06:13:45.037+0000][7][gc,metaspace] GC(4) Metaspace: 25801K(26624K)->25801K(26624K) NonClass: 22919K(23552K)->22919K(23552K) Class: 2882K(3072K)->2882K(3072K)
[2022-12-08T06:13:45.037+0000][7][gc          ] GC(4) Pause Young (Normal) (G1 Evacuation Pause) 185M->12M(512M) 43.501ms
[2022-12-08T06:13:45.039+0000][7][gc,cpu      ] GC(4) User=0.02s Sys=0.00s Real=0.04s
[2022-12-08T06:13:45.040+0000][7][safepoint   ] Safepoint "G1CollectForAllocation", Time since last: 259865001 ns, Reaching safepoint: 172916 ns, At safepoint: 45962209 ns, Total: 46135125 ns
[2022-12-08T06:13:45.612+0000][7][safepoint   ] Safepoint "ICBufferFull", Time since last: 568554917 ns, Reaching safepoint: 4171625 ns, At safepoint: 11000 ns, Total: 4182625 ns
[2022-12-08T06:13:46.208+0000][7][gc,start    ] GC(5) Pause Young (Normal) (G1 Evacuation Pause)
[2022-12-08T06:13:46.209+0000][7][gc,task     ] GC(5) Using 4 workers of 4 for evacuation
[2022-12-08T06:13:46.210+0000][7][gc,age      ] GC(5) Desired survivor size 20447232 bytes, new threshold 15 (max threshold 15)
[2022-12-08T06:13:46.228+0000][7][gc,age      ] GC(5) Age table with threshold 15 (max threshold 15)
[2022-12-08T06:13:46.230+0000][7][gc,age      ] GC(5) - age   1:    4103056 bytes,    4103056 total
[2022-12-08T06:13:46.231+0000][7][gc,age      ] GC(5) - age   2:    4289984 bytes,    8393040 total
[2022-12-08T06:13:46.232+0000][7][gc,age      ] GC(5) - age   3:    1151896 bytes,    9544936 total
[2022-12-08T06:13:46.233+0000][7][gc,age      ] GC(5) - age   4:    2107008 bytes,   11651944 total
[2022-12-08T06:13:46.234+0000][7][gc,phases   ] GC(5)   Pre Evacuate Collection Set: 0.1ms
[2022-12-08T06:13:46.235+0000][7][gc,phases   ] GC(5)   Merge Heap Roots: 0.0ms
[2022-12-08T06:13:46.236+0000][7][gc,phases   ] GC(5)   Evacuate Collection Set: 16.6ms
[2022-12-08T06:13:46.237+0000][7][gc,phases   ] GC(5)   Post Evacuate Collection Set: 0.6ms
[2022-12-08T06:13:46.237+0000][7][gc,phases   ] GC(5)   Other: 8.8ms
[2022-12-08T06:13:46.238+0000][7][gc,heap     ] GC(5) Eden regions: 299->0(295)
[2022-12-08T06:13:46.239+0000][7][gc,heap     ] GC(5) Survivor regions: 8->12(39)
[2022-12-08T06:13:46.240+0000][7][gc,heap     ] GC(5) Old regions: 4->4
[2022-12-08T06:13:46.241+0000][7][gc,heap     ] GC(5) Archive regions: 0->0
[2022-12-08T06:13:46.241+0000][7][gc,heap     ] GC(5) Humongous regions: 1->1
[2022-12-08T06:13:46.242+0000][7][gc,metaspace] GC(5) Metaspace: 27525K(28416K)->27525K(28416K) NonClass: 24448K(25088K)->24448K(25088K) Class: 3076K(3328K)->3076K(3328K)
[2022-12-08T06:13:46.243+0000][7][gc          ] GC(5) Pause Young (Normal) (G1 Evacuation Pause) 311M->16M(512M) 35.183ms
[2022-12-08T06:13:46.244+0000][7][gc,cpu      ] GC(5) User=0.02s Sys=0.00s Real=0.04s
[2022-12-08T06:13:46.245+0000][7][safepoint   ] Safepoint "G1CollectForAllocation", Time since last: 592230375 ns, Reaching safepoint: 3019416 ns, At safepoint: 37080542 ns, Total: 40099958 ns
[2022-12-08T06:13:47.009+0000][7][gc,start    ] GC(6) Pause Young (Normal) (G1 Evacuation Pause)
[2022-12-08T06:13:47.010+0000][7][gc,task     ] GC(6) Using 4 workers of 4 for evacuation
[2022-12-08T06:13:47.011+0000][7][gc,age      ] GC(6) Desired survivor size 20447232 bytes, new threshold 15 (max threshold 15)
[2022-12-08T06:13:47.034+0000][7][gc,age      ] GC(6) Age table with threshold 15 (max threshold 15)
[2022-12-08T06:13:47.036+0000][7][gc,age      ] GC(6) - age   1:    1068360 bytes,    1068360 total
[2022-12-08T06:13:47.037+0000][7][gc,age      ] GC(6) - age   2:    3311328 bytes,    4379688 total
[2022-12-08T06:13:47.038+0000][7][gc,age      ] GC(6) - age   3:    4285680 bytes,    8665368 total
[2022-12-08T06:13:47.039+0000][7][gc,age      ] GC(6) - age   4:    1151752 bytes,    9817120 total
[2022-12-08T06:13:47.040+0000][7][gc,age      ] GC(6) - age   5:    2107008 bytes,   11924128 total
[2022-12-08T06:13:47.041+0000][7][gc,phases   ] GC(6)   Pre Evacuate Collection Set: 0.2ms
[2022-12-08T06:13:47.042+0000][7][gc,phases   ] GC(6)   Merge Heap Roots: 0.0ms
[2022-12-08T06:13:47.043+0000][7][gc,phases   ] GC(6)   Evacuate Collection Set: 21.5ms
[2022-12-08T06:13:47.044+0000][7][gc,phases   ] GC(6)   Post Evacuate Collection Set: 0.6ms
[2022-12-08T06:13:47.045+0000][7][gc,phases   ] GC(6)   Other: 9.6ms
[2022-12-08T06:13:47.046+0000][7][gc,heap     ] GC(6) Eden regions: 295->0(294)
[2022-12-08T06:13:47.047+0000][7][gc,heap     ] GC(6) Survivor regions: 12->13(39)
[2022-12-08T06:13:47.048+0000][7][gc,heap     ] GC(6) Old regions: 4->4
[2022-12-08T06:13:47.049+0000][7][gc,heap     ] GC(6) Archive regions: 0->0
[2022-12-08T06:13:47.050+0000][7][gc,heap     ] GC(6) Humongous regions: 1->1
[2022-12-08T06:13:47.051+0000][7][gc,metaspace] GC(6) Metaspace: 27907K(29056K)->27907K(29056K) NonClass: 24763K(25600K)->24763K(25600K) Class: 3144K(3456K)->3144K(3456K)
[2022-12-08T06:13:47.052+0000][7][gc          ] GC(6) Pause Young (Normal) (G1 Evacuation Pause) 311M->17M(512M) 43.099ms
[2022-12-08T06:13:47.053+0000][7][gc,cpu      ] GC(6) User=0.02s Sys=0.00s Real=0.05s
[2022-12-08T06:13:47.054+0000][7][safepoint   ] Safepoint "G1CollectForAllocation", Time since last: 759277251 ns, Reaching safepoint: 4810250 ns, At safepoint: 44750750 ns, Total: 49561000 ns
[2022-12-08T06:13:47.831+0000][7][gc,start    ] GC(7) Pause Young (Normal) (G1 Evacuation Pause)
[2022-12-08T06:13:47.832+0000][7][gc,task     ] GC(7) Using 4 workers of 4 for evacuation
[2022-12-08T06:13:47.833+0000][7][gc,age      ] GC(7) Desired survivor size 20447232 bytes, new threshold 15 (max threshold 15)
[2022-12-08T06:13:47.873+0000][7][gc,age      ] GC(7) Age table with threshold 15 (max threshold 15)
[2022-12-08T06:13:47.874+0000][7][gc,age      ] GC(7) - age   1:    4168120 bytes,    4168120 total
[2022-12-08T06:13:47.875+0000][7][gc,age      ] GC(7) - age   2:     610072 bytes,    4778192 total
[2022-12-08T06:13:47.876+0000][7][gc,age      ] GC(7) - age   3:    3309552 bytes,    8087744 total
[2022-12-08T06:13:47.877+0000][7][gc,age      ] GC(7) - age   4:    4285240 bytes,   12372984 total
[2022-12-08T06:13:47.878+0000][7][gc,age      ] GC(7) - age   5:    1151752 bytes,   13524736 total
[2022-12-08T06:13:47.879+0000][7][gc,age      ] GC(7) - age   6:    2107008 bytes,   15631744 total
[2022-12-08T06:13:47.880+0000][7][gc,phases   ] GC(7)   Pre Evacuate Collection Set: 0.1ms
[2022-12-08T06:13:47.881+0000][7][gc,phases   ] GC(7)   Merge Heap Roots: 0.0ms
[2022-12-08T06:13:47.882+0000][7][gc,phases   ] GC(7)   Evacuate Collection Set: 37.7ms
[2022-12-08T06:13:47.883+0000][7][gc,phases   ] GC(7)   Post Evacuate Collection Set: 1.6ms
[2022-12-08T06:13:47.885+0000][7][gc,phases   ] GC(7)   Other: 10.0ms
[2022-12-08T06:13:47.886+0000][7][gc,heap     ] GC(7) Eden regions: 294->0(291)
[2022-12-08T06:13:47.887+0000][7][gc,heap     ] GC(7) Survivor regions: 13->16(39)
[2022-12-08T06:13:47.887+0000][7][gc,heap     ] GC(7) Old regions: 4->4
[2022-12-08T06:13:47.888+0000][7][gc,heap     ] GC(7) Archive regions: 0->0
[2022-12-08T06:13:47.889+0000][7][gc,heap     ] GC(7) Humongous regions: 1->1
[2022-12-08T06:13:47.889+0000][7][gc,metaspace] GC(7) Metaspace: 28438K(29952K)->28438K(29952K) NonClass: 25214K(26368K)->25214K(26368K) Class: 3224K(3584K)->3224K(3584K)
[2022-12-08T06:13:47.891+0000][7][gc          ] GC(7) Pause Young (Normal) (G1 Evacuation Pause) 311M->20M(512M) 59.841ms
[2022-12-08T06:13:47.892+0000][7][gc,cpu      ] GC(7) User=0.02s Sys=0.00s Real=0.07s
[2022-12-08T06:13:47.893+0000][7][safepoint   ] Safepoint "G1CollectForAllocation", Time since last: 776812125 ns, Reaching safepoint: 427042 ns, At safepoint: 61876958 ns, Total: 62304000 ns
[2022-12-08T06:13:48.275+0000][7][safepoint   ] Safepoint "ICBufferFull", Time since last: 382307417 ns, Reaching safepoint: 213541 ns, At safepoint: 7084 ns, Total: 220625 ns
[2022-12-08T06:13:48.803+0000][7][gc,start    ] GC(8) Pause Young (Concurrent Start) (Metadata GC Threshold)
[2022-12-08T06:13:48.805+0000][7][gc,task     ] GC(8) Using 4 workers of 4 for evacuation
[2022-12-08T06:13:48.806+0000][7][gc,age      ] GC(8) Desired survivor size 20447232 bytes, new threshold 15 (max threshold 15)
[2022-12-08T06:13:48.821+0000][7][gc,age      ] GC(8) Age table with threshold 15 (max threshold 15)
[2022-12-08T06:13:48.822+0000][7][gc,age      ] GC(8) - age   1:    2180392 bytes,    2180392 total
[2022-12-08T06:13:48.823+0000][7][gc,age      ] GC(8) - age   2:    2266880 bytes,    4447272 total
[2022-12-08T06:13:48.825+0000][7][gc,age      ] GC(8) - age   3:     599224 bytes,    5046496 total
[2022-12-08T06:13:48.826+0000][7][gc,age      ] GC(8) - age   4:    3293360 bytes,    8339856 total
[2022-12-08T06:13:48.827+0000][7][gc,age      ] GC(8) - age   5:    4275112 bytes,   12614968 total
[2022-12-08T06:13:48.828+0000][7][gc,age      ] GC(8) - age   6:    1121432 bytes,   13736400 total
[2022-12-08T06:13:48.829+0000][7][gc,age      ] GC(8) - age   7:    2104240 bytes,   15840640 total
[2022-12-08T06:13:48.830+0000][7][gc,phases   ] GC(8)   Pre Evacuate Collection Set: 0.2ms
[2022-12-08T06:13:48.831+0000][7][gc,phases   ] GC(8)   Merge Heap Roots: 0.2ms
[2022-12-08T06:13:48.832+0000][7][gc,phases   ] GC(8)   Evacuate Collection Set: 11.7ms
[2022-12-08T06:13:48.833+0000][7][gc,phases   ] GC(8)   Post Evacuate Collection Set: 1.6ms
[2022-12-08T06:13:48.833+0000][7][gc,phases   ] GC(8)   Other: 13.5ms
[2022-12-08T06:13:48.834+0000][7][gc,heap     ] GC(8) Eden regions: 138->0(291)
[2022-12-08T06:13:48.835+0000][7][gc,heap     ] GC(8) Survivor regions: 16->16(39)
[2022-12-08T06:13:48.836+0000][7][gc,heap     ] GC(8) Old regions: 4->4
[2022-12-08T06:13:48.836+0000][7][gc,heap     ] GC(8) Archive regions: 0->0
[2022-12-08T06:13:48.837+0000][7][gc,heap     ] GC(8) Humongous regions: 1->1
[2022-12-08T06:13:48.838+0000][7][gc,metaspace] GC(8) Metaspace: 33897K(35584K)->33897K(35584K) NonClass: 29958K(31232K)->29958K(31232K) Class: 3938K(4352K)->3938K(4352K)
[2022-12-08T06:13:48.839+0000][7][gc          ] GC(8) Pause Young (Concurrent Start) (Metadata GC Threshold) 157M->20M(512M) 35.888ms
[2022-12-08T06:13:48.839+0000][7][gc,cpu      ] GC(8) User=0.02s Sys=0.00s Real=0.03s
[2022-12-08T06:13:48.840+0000][7][safepoint   ] Safepoint "CollectForMetadataAllocation", Time since last: 522763542 ns, Reaching safepoint: 4675625 ns, At safepoint: 37746583 ns, Total: 42422208 ns
[2022-12-08T06:13:48.840+0000][7][gc          ] GC(9) Concurrent Cycle
[2022-12-08T06:13:48.842+0000][7][gc,marking  ] GC(9) Concurrent Clear Claimed Marks
[2022-12-08T06:13:48.842+0000][7][gc,marking  ] GC(9) Concurrent Clear Claimed Marks 0.567ms
[2022-12-08T06:13:48.843+0000][7][gc,marking  ] GC(9) Concurrent Scan Root Regions
[2022-12-08T06:13:48.848+0000][7][gc,marking  ] GC(9) Concurrent Scan Root Regions 5.332ms
[2022-12-08T06:13:48.849+0000][7][gc,marking  ] GC(9) Concurrent Mark (8.631s)
[2022-12-08T06:13:48.850+0000][7][gc,marking  ] GC(9) Concurrent Mark From Roots
[2022-12-08T06:13:48.851+0000][7][gc,task     ] GC(9) Using 1 workers of 1 for marking
[2022-12-08T06:13:48.855+0000][7][gc,marking  ] GC(9) Concurrent Mark From Roots 5.319ms
[2022-12-08T06:13:48.857+0000][7][gc,marking  ] GC(9) Concurrent Preclean
[2022-12-08T06:13:48.864+0000][7][safepoint   ] Safepoint "CollectForMetadataAllocation", Time since last: 15844375 ns, Reaching safepoint: 7323542 ns, At safepoint: 85291 ns, Total: 7408833 ns
[2022-12-08T06:13:48.864+0000][7][gc,marking  ] GC(9) Concurrent Preclean 6.669ms
[2022-12-08T06:13:48.866+0000][7][gc,marking  ] GC(9) Concurrent Mark (8.631s, 8.648s) 17.024ms
[2022-12-08T06:13:48.868+0000][7][gc,start    ] GC(9) Pause Remark
[2022-12-08T06:13:48.873+0000][7][gc          ] GC(9) Pause Remark 22M->22M(512M) 4.807ms
[2022-12-08T06:13:48.874+0000][7][gc,cpu      ] GC(9) User=0.01s Sys=0.00s Real=0.01s
[2022-12-08T06:13:48.875+0000][7][safepoint   ] Safepoint "G1Concurrent", Time since last: 4024334 ns, Reaching safepoint: 205375 ns, At safepoint: 7141541 ns, Total: 7346916 ns
[2022-12-08T06:13:48.877+0000][7][gc,marking  ] GC(9) Concurrent Rebuild Remembered Sets
[2022-12-08T06:13:48.881+0000][7][gc,marking  ] GC(9) Concurrent Rebuild Remembered Sets 3.891ms
[2022-12-08T06:13:48.890+0000][7][gc,start    ] GC(9) Pause Cleanup
[2022-12-08T06:13:48.891+0000][7][gc          ] GC(9) Pause Cleanup 22M->22M(512M) 1.481ms
[2022-12-08T06:13:48.893+0000][7][gc,cpu      ] GC(9) User=0.00s Sys=0.00s Real=0.01s
[2022-12-08T06:13:48.894+0000][7][safepoint   ] Safepoint "G1Concurrent", Time since last: 6906375 ns, Reaching safepoint: 7846417 ns, At safepoint: 4081333 ns, Total: 11927750 ns
[2022-12-08T06:13:48.896+0000][7][gc,marking  ] GC(9) Concurrent Cleanup for Next Mark
[2022-12-08T06:13:48.897+0000][7][gc,marking  ] GC(9) Concurrent Cleanup for Next Mark 1.125ms
[2022-12-08T06:13:48.898+0000][7][gc          ] GC(9) Concurrent Cycle 57.723ms
[2022-12-08T06:13:50.122+0000][7][safepoint   ] Safepoint "Cleanup", Time since last: 1227885751 ns, Reaching safepoint: 310750 ns, At safepoint: 4583 ns, Total: 315333 ns
[2022-12-08T06:13:51.495+0000][7][safepoint   ] Safepoint "ICBufferFull", Time since last: 1371188043 ns, Reaching safepoint: 2180583 ns, At safepoint: 12208 ns, Total: 2192791 ns
[2022-12-08T06:13:52.214+0000][7][safepoint   ] Safepoint "ICBufferFull", Time since last: 717969084 ns, Reaching safepoint: 150750 ns, At safepoint: 1792 ns, Total: 152542 ns
[2022-12-08T06:13:52.590+0000][7][gc,start    ] GC(10) Pause Young (Concurrent Start) (G1 Evacuation Pause)
[2022-12-08T06:13:52.592+0000][7][gc,task     ] GC(10) Using 4 workers of 4 for evacuation
[2022-12-08T06:13:52.593+0000][7][gc,age      ] GC(10) Desired survivor size 20447232 bytes, new threshold 15 (max threshold 15)
[2022-12-08T06:13:52.699+0000][7][gc,age      ] GC(10) Age table with threshold 15 (max threshold 15)
[2022-12-08T06:13:52.701+0000][7][gc,age      ] GC(10) - age   1:   25195368 bytes,   25195368 total
[2022-12-08T06:13:52.701+0000][7][gc,age      ] GC(10) - age   2:    2027064 bytes,   27222432 total
[2022-12-08T06:13:52.702+0000][7][gc,age      ] GC(10) - age   3:    2263336 bytes,   29485768 total
[2022-12-08T06:13:52.704+0000][7][gc,age      ] GC(10) - age   4:     593944 bytes,   30079712 total
[2022-12-08T06:13:52.705+0000][7][gc,age      ] GC(10) - age   5:    3281320 bytes,   33361032 total
[2022-12-08T06:13:52.706+0000][7][gc,age      ] GC(10) - age   6:    4247608 bytes,   37608640 total
[2022-12-08T06:13:52.707+0000][7][gc,age      ] GC(10) - age   7:    1100776 bytes,   38709416 total
[2022-12-08T06:13:52.708+0000][7][gc,age      ] GC(10) - age   8:    2096128 bytes,   40805544 total
[2022-12-08T06:13:52.709+0000][7][gc,phases   ] GC(10)   Pre Evacuate Collection Set: 3.1ms
[2022-12-08T06:13:52.710+0000][7][gc,phases   ] GC(10)   Merge Heap Roots: 0.1ms
[2022-12-08T06:13:52.711+0000][7][gc,phases   ] GC(10)   Evacuate Collection Set: 97.5ms
[2022-12-08T06:13:52.711+0000][7][gc,phases   ] GC(10)   Post Evacuate Collection Set: 4.9ms
[2022-12-08T06:13:52.712+0000][7][gc,phases   ] GC(10)   Other: 13.3ms
[2022-12-08T06:13:52.713+0000][7][gc,heap     ] GC(10) Eden regions: 291->0(268)
[2022-12-08T06:13:52.714+0000][7][gc,heap     ] GC(10) Survivor regions: 16->39(39)
[2022-12-08T06:13:52.715+0000][7][gc,heap     ] GC(10) Old regions: 4->9
[2022-12-08T06:13:52.716+0000][7][gc,heap     ] GC(10) Archive regions: 0->0
[2022-12-08T06:13:52.717+0000][7][gc,heap     ] GC(10) Humongous regions: 1->1
[2022-12-08T06:13:52.717+0000][7][gc,metaspace] GC(10) Metaspace: 43208K(45824K)->43208K(45824K) NonClass: 37972K(39936K)->37972K(39936K) Class: 5235K(5888K)->5235K(5888K)
[2022-12-08T06:13:52.718+0000][7][gc          ] GC(10) Pause Young (Concurrent Start) (G1 Evacuation Pause) 311M->48M(512M) 128.047ms
[2022-12-08T06:13:52.719+0000][7][gc,cpu      ] GC(10) User=0.09s Sys=0.01s Real=0.13s
[2022-12-08T06:13:52.720+0000][7][safepoint   ] Safepoint "G1CollectForAllocation", Time since last: 376402750 ns, Reaching safepoint: 89792 ns, At safepoint: 129522125 ns, Total: 129611917 ns
[2022-12-08T06:13:52.721+0000][7][gc          ] GC(11) Concurrent Cycle
[2022-12-08T06:13:52.725+0000][7][gc,marking  ] GC(11) Concurrent Clear Claimed Marks
[2022-12-08T06:13:52.726+0000][7][gc,marking  ] GC(11) Concurrent Clear Claimed Marks 1.192ms
[2022-12-08T06:13:52.726+0000][7][gc,marking  ] GC(11) Concurrent Scan Root Regions
[2022-12-08T06:13:52.829+0000][7][gc,marking  ] GC(11) Concurrent Scan Root Regions 103.079ms
[2022-12-08T06:13:52.835+0000][7][gc,marking  ] GC(11) Concurrent Mark (12.616s)
[2022-12-08T06:13:52.836+0000][7][gc,marking  ] GC(11) Concurrent Mark From Roots
[2022-12-08T06:13:52.837+0000][7][gc,task     ] GC(11) Using 1 workers of 1 for marking
[2022-12-08T06:13:52.848+0000][7][gc,marking  ] GC(11) Concurrent Mark From Roots 12.043ms
[2022-12-08T06:13:52.854+0000][7][gc,marking  ] GC(11) Concurrent Preclean
[2022-12-08T06:13:52.856+0000][7][gc,marking  ] GC(11) Concurrent Preclean 1.145ms
[2022-12-08T06:13:52.856+0000][7][gc,marking  ] GC(11) Concurrent Mark (12.616s, 12.638s) 21.729ms
[2022-12-08T06:13:52.866+0000][7][gc,start    ] GC(11) Pause Remark
[2022-12-08T06:13:52.883+0000][7][gc          ] GC(11) Pause Remark 86M->86M(512M) 16.936ms
[2022-12-08T06:13:52.884+0000][7][gc,cpu      ] GC(11) User=0.00s Sys=0.00s Real=0.02s
[2022-12-08T06:13:52.886+0000][7][safepoint   ] Safepoint "G1Concurrent", Time since last: 137518375 ns, Reaching safepoint: 9379500 ns, At safepoint: 19149958 ns, Total: 28529458 ns
[2022-12-08T06:13:52.887+0000][7][gc,marking  ] GC(11) Concurrent Rebuild Remembered Sets
[2022-12-08T06:13:52.898+0000][7][gc,marking  ] GC(11) Concurrent Rebuild Remembered Sets 11.949ms
[2022-12-08T06:13:52.900+0000][7][gc,start    ] GC(11) Pause Cleanup
[2022-12-08T06:13:52.901+0000][7][gc          ] GC(11) Pause Cleanup 86M->86M(512M) 0.967ms
[2022-12-08T06:13:52.902+0000][7][gc,cpu      ] GC(11) User=0.00s Sys=0.00s Real=0.01s
[2022-12-08T06:13:52.909+0000][7][safepoint   ] Safepoint "G1Concurrent", Time since last: 14131042 ns, Reaching safepoint: 552833 ns, At safepoint: 8227750 ns, Total: 8780583 ns
[2022-12-08T06:13:52.910+0000][7][gc,marking  ] GC(11) Concurrent Cleanup for Next Mark
[2022-12-08T06:13:52.911+0000][7][gc,marking  ] GC(11) Concurrent Cleanup for Next Mark 1.571ms
[2022-12-08T06:13:52.912+0000][7][gc          ] GC(11) Concurrent Cycle 191.810ms
[2022-12-08T06:13:53.749+0000][7][safepoint   ] Safepoint "ICBufferFull", Time since last: 840554292 ns, Reaching safepoint: 269792 ns, At safepoint: 3583 ns, Total: 273375 ns
[2022-12-08T06:13:54.598+0000][7][safepoint   ] Safepoint "ICBufferFull", Time since last: 846394167 ns, Reaching safepoint: 1995083 ns, At safepoint: 7750 ns, Total: 2002833 ns
[2022-12-08T06:13:54.988+0000][7][safepoint   ] Safepoint "ICBufferFull", Time since last: 389718251 ns, Reaching safepoint: 223000 ns, At safepoint: 2583 ns, Total: 225583 ns
[2022-12-08T06:13:56.018+0000][7][safepoint   ] Safepoint "ICBufferFull", Time since last: 1030297084 ns, Reaching safepoint: 147750 ns, At safepoint: 2458 ns, Total: 150208 ns
[2022-12-08T06:13:56.613+0000][7][safepoint   ] Safepoint "ICBufferFull", Time since last: 594377125 ns, Reaching safepoint: 146500 ns, At safepoint: 5000 ns, Total: 151500 ns
[2022-12-08T06:13:56.619+0000][7][safepoint   ] Safepoint "ICBufferFull", Time since last: 6541375 ns, Reaching safepoint: 136334 ns, At safepoint: 3250 ns, Total: 139584 ns
[2022-12-08T06:13:56.626+0000][7][safepoint   ] Safepoint "ICBufferFull", Time since last: 6722333 ns, Reaching safepoint: 132458 ns, At safepoint: 2584 ns, Total: 135042 ns
[2022-12-08T06:13:56.745+0000][7][safepoint   ] Safepoint "ICBufferFull", Time since last: 117786583 ns, Reaching safepoint: 732667 ns, At safepoint: 4000 ns, Total: 736667 ns
[2022-12-08T06:13:57.750+0000][7][safepoint   ] Safepoint "Cleanup", Time since last: 1003319750 ns, Reaching safepoint: 2028917 ns, At safepoint: 5583 ns, Total: 2034500 ns
[2022-12-08T06:13:58.172+0000][7][gc,start    ] GC(12) Pause Young (Concurrent Start) (Metadata GC Threshold)
[2022-12-08T06:13:58.173+0000][7][gc,task     ] GC(12) Using 4 workers of 4 for evacuation
[2022-12-08T06:13:58.174+0000][7][gc,age      ] GC(12) Desired survivor size 20447232 bytes, new threshold 1 (max threshold 15)
[2022-12-08T06:13:58.331+0000][7][gc,age      ] GC(12) Age table with threshold 1 (max threshold 15)
[2022-12-08T06:13:58.332+0000][7][gc,age      ] GC(12) - age   1:   12395072 bytes,   12395072 total
[2022-12-08T06:13:58.333+0000][7][gc,phases   ] GC(12)   Pre Evacuate Collection Set: 0.2ms
[2022-12-08T06:13:58.334+0000][7][gc,phases   ] GC(12)   Merge Heap Roots: 2.9ms
[2022-12-08T06:13:58.335+0000][7][gc,phases   ] GC(12)   Evacuate Collection Set: 138.0ms
[2022-12-08T06:13:58.336+0000][7][gc,phases   ] GC(12)   Post Evacuate Collection Set: 15.0ms
[2022-12-08T06:13:58.337+0000][7][gc,phases   ] GC(12)   Other: 5.1ms
[2022-12-08T06:13:58.337+0000][7][gc,heap     ] GC(12) Eden regions: 226->0(280)
[2022-12-08T06:13:58.338+0000][7][gc,heap     ] GC(12) Survivor regions: 39->13(39)
[2022-12-08T06:13:58.339+0000][7][gc,heap     ] GC(12) Old regions: 9->48
[2022-12-08T06:13:58.339+0000][7][gc,heap     ] GC(12) Archive regions: 0->0
[2022-12-08T06:13:58.340+0000][7][gc,heap     ] GC(12) Humongous regions: 1->1
[2022-12-08T06:13:58.341+0000][7][gc,metaspace] GC(12) Metaspace: 73345K(76800K)->73345K(76800K) NonClass: 63682K(66176K)->63682K(66176K) Class: 9662K(10624K)->9662K(10624K)
[2022-12-08T06:13:58.341+0000][7][gc          ] GC(12) Pause Young (Concurrent Start) (Metadata GC Threshold) 274M->61M(512M) 169.466ms
[2022-12-08T06:13:58.342+0000][7][gc,cpu      ] GC(12) User=0.08s Sys=0.00s Real=0.17s
[2022-12-08T06:13:58.343+0000][7][safepoint   ] Safepoint "CollectForMetadataAllocation", Time since last: 417395667 ns, Reaching safepoint: 4328583 ns, At safepoint: 171041917 ns, Total: 175370500 ns
[2022-12-08T06:13:58.343+0000][7][gc          ] GC(13) Concurrent Cycle
[2022-12-08T06:13:58.347+0000][7][gc,marking  ] GC(13) Concurrent Clear Claimed Marks
[2022-12-08T06:13:58.347+0000][7][gc,marking  ] GC(13) Concurrent Clear Claimed Marks 0.879ms
[2022-12-08T06:13:58.360+0000][7][gc,marking  ] GC(13) Concurrent Scan Root Regions
[2022-12-08T06:13:58.385+0000][7][safepoint   ] Safepoint "CollectForMetadataAllocation", Time since last: 30521792 ns, Reaching safepoint: 11052250 ns, At safepoint: 304583 ns, Total: 11356833 ns
[2022-12-08T06:13:58.418+0000][7][gc,marking  ] GC(13) Concurrent Scan Root Regions 58.501ms
[2022-12-08T06:13:58.427+0000][7][gc,marking  ] GC(13) Concurrent Mark (18.208s)
[2022-12-08T06:13:58.431+0000][7][gc,marking  ] GC(13) Concurrent Mark From Roots
[2022-12-08T06:13:58.432+0000][7][gc,task     ] GC(13) Using 1 workers of 1 for marking
[2022-12-08T06:13:58.449+0000][7][safepoint   ] Safepoint "CollectForMetadataAllocation", Time since last: 56845417 ns, Reaching safepoint: 6931750 ns, At safepoint: 77083 ns, Total: 7008833 ns
[2022-12-08T06:13:58.459+0000][7][gc,marking  ] GC(13) Concurrent Mark From Roots 28.121ms
[2022-12-08T06:13:58.460+0000][7][gc,marking  ] GC(13) Concurrent Preclean
[2022-12-08T06:13:58.468+0000][7][gc,marking  ] GC(13) Concurrent Preclean 7.349ms
[2022-12-08T06:13:58.469+0000][7][gc,marking  ] GC(13) Concurrent Mark (18.208s, 18.251s) 42.260ms
[2022-12-08T06:13:58.473+0000][7][gc,start    ] GC(13) Pause Remark
[2022-12-08T06:13:58.508+0000][7][gc          ] GC(13) Pause Remark 67M->67M(512M) 34.603ms
[2022-12-08T06:13:58.509+0000][7][gc,cpu      ] GC(13) User=0.01s Sys=0.00s Real=0.03s
[2022-12-08T06:13:58.510+0000][7][safepoint   ] Safepoint "G1Concurrent", Time since last: 21961959 ns, Reaching safepoint: 2403625 ns, At safepoint: 36846416 ns, Total: 39250041 ns
[2022-12-08T06:13:58.511+0000][7][gc,marking  ] GC(13) Concurrent Rebuild Remembered Sets
[2022-12-08T06:13:58.640+0000][7][gc,marking  ] GC(13) Concurrent Rebuild Remembered Sets 129.811ms
[2022-12-08T06:13:58.652+0000][7][gc,start    ] GC(13) Pause Cleanup
[2022-12-08T06:13:58.653+0000][7][gc          ] GC(13) Pause Cleanup 70M->70M(512M) 1.445ms
[2022-12-08T06:13:58.654+0000][7][gc,cpu      ] GC(13) User=0.00s Sys=0.00s Real=0.00s
[2022-12-08T06:13:58.655+0000][7][safepoint   ] Safepoint "G1Concurrent", Time since last: 138383209 ns, Reaching safepoint: 3724750 ns, At safepoint: 3124291 ns, Total: 6849041 ns
[2022-12-08T06:13:58.656+0000][7][gc,marking  ] GC(13) Concurrent Cleanup for Next Mark
[2022-12-08T06:13:58.657+0000][7][gc,marking  ] GC(13) Concurrent Cleanup for Next Mark 1.507ms
[2022-12-08T06:13:58.658+0000][7][gc          ] GC(13) Concurrent Cycle 315.572ms
[2022-12-08T06:13:58.935+0000][7][safepoint   ] Safepoint "ICBufferFull", Time since last: 274574501 ns, Reaching safepoint: 5351875 ns, At safepoint: 8708 ns, Total: 5360583 ns
[2022-12-08T06:13:59.460+0000][7][safepoint   ] Safepoint "ICBufferFull", Time since last: 520101833 ns, Reaching safepoint: 5234750 ns, At safepoint: 8709 ns, Total: 5243459 ns
[2022-12-08T06:14:00.464+0000][7][safepoint   ] Safepoint "Cleanup", Time since last: 1002876917 ns, Reaching safepoint: 470042 ns, At safepoint: 1416 ns, Total: 471458 ns
[2022-12-08T06:14:01.560+0000][7][safepoint   ] Safepoint "Cleanup", Time since last: 1095833376 ns, Reaching safepoint: 105708 ns, At safepoint: 6667 ns, Total: 112375 ns
[2022-12-08T06:14:04.565+0000][7][safepoint   ] Safepoint "Cleanup", Time since last: 3005562460 ns, Reaching safepoint: 87958 ns, At safepoint: 7708 ns, Total: 95666 ns
[2022-12-08T06:14:05.567+0000][7][safepoint   ] Safepoint "Cleanup", Time since last: 1001937834 ns, Reaching safepoint: 81583 ns, At safepoint: 6417 ns, Total: 88000 ns
[2022-12-08T06:14:08.572+0000][7][safepoint   ] Safepoint "Cleanup", Time since last: 3004362959 ns, Reaching safepoint: 62042 ns, At safepoint: 6667 ns, Total: 68709 ns
[2022-12-08T06:14:12.580+0000][7][safepoint   ] Safepoint "Cleanup", Time since last: 4008115918 ns, Reaching safepoint: 338042 ns, At safepoint: 18250 ns, Total: 356292 ns
[2022-12-08T06:14:13.585+0000][7][safepoint   ] Safepoint "Cleanup", Time since last: 1004099959 ns, Reaching safepoint: 112708 ns, At safepoint: 3125 ns, Total: 115833 ns
[2022-12-08T06:14:33.600+0000][7][safepoint   ] Safepoint "Cleanup", Time since last: 20014803010 ns, Reaching safepoint: 210375 ns, At safepoint: 84166 ns, Total: 294541 ns
[2022-12-08T06:14:38.604+0000][7][safepoint   ] Safepoint "Cleanup", Time since last: 5004339460 ns, Reaching safepoint: 175458 ns, At safepoint: 4042 ns, Total: 179500 ns
[2022-12-08T06:14:43.611+0000][7][safepoint   ] Safepoint "Cleanup", Time since last: 5005928878 ns, Reaching safepoint: 196250 ns, At safepoint: 18333 ns, Total: 214583 ns
[2022-12-08T06:14:53.621+0000][7][safepoint   ] Safepoint "Cleanup", Time since last: 10010238921 ns, Reaching safepoint: 258750 ns, At safepoint: 3459 ns, Total: 262209 ns
[2022-12-08T06:14:58.625+0000][7][safepoint   ] Safepoint "Cleanup", Time since last: 5003820169 ns, Reaching safepoint: 175833 ns, At safepoint: 12792 ns, Total: 188625 ns
[2022-12-08T06:15:19.640+0000][7][safepoint   ] Safepoint "Cleanup", Time since last: 21014279384 ns, Reaching safepoint: 249125 ns, At safepoint: 12916 ns, Total: 262041 ns
[2022-12-08T06:15:20.648+0000][7][safepoint   ] Safepoint "Cleanup", Time since last: 1007122293 ns, Reaching safepoint: 265833 ns, At safepoint: 55875 ns, Total: 321708 ns
[2022-12-08T06:15:21.652+0000][7][safepoint   ] Safepoint "Cleanup", Time since last: 1003890875 ns, Reaching safepoint: 205375 ns, At safepoint: 4500 ns, Total: 209875 ns
[2022-12-08T06:15:25.660+0000][7][safepoint   ] Safepoint "Cleanup", Time since last: 4007345461 ns, Reaching safepoint: 490791 ns, At safepoint: 36042 ns, Total: 526833 ns
[2022-12-08T06:15:28.666+0000][7][safepoint   ] Safepoint "Cleanup", Time since last: 3005658626 ns, Reaching safepoint: 159000 ns, At safepoint: 9250 ns, Total: 168250 ns
[2022-12-08T06:15:30.668+0000][7][safepoint   ] Safepoint "Cleanup", Time since last: 2001175960 ns, Reaching safepoint: 903291 ns, At safepoint: 19959 ns, Total: 923250 ns
[2022-12-08T06:15:32.671+0000][7][safepoint   ] Safepoint "Cleanup", Time since last: 2002913459 ns, Reaching safepoint: 493833 ns, At safepoint: 34750 ns, Total: 528583 ns
[2022-12-08T06:15:35.678+0000][7][safepoint   ] Safepoint "Cleanup", Time since last: 3007000792 ns, Reaching safepoint: 195584 ns, At safepoint: 3083 ns, Total: 198667 ns
[2022-12-08T06:15:50.696+0000][7][safepoint   ] Safepoint "Cleanup", Time since last: 15017541841 ns, Reaching safepoint: 507416 ns, At safepoint: 4209 ns, Total: 511625 ns
[2022-12-08T06:16:00.709+0000][7][safepoint   ] Safepoint "Cleanup", Time since last: 10012114921 ns, Reaching safepoint: 600000 ns, At safepoint: 26792 ns, Total: 626792 ns
[2022-12-08T06:16:06.729+0000][7][safepoint   ] Safepoint "Cleanup", Time since last: 6019567544 ns, Reaching safepoint: 310667 ns, At safepoint: 6291 ns, Total: 316958 ns
[2022-12-08T06:16:07.739+0000][7][safepoint   ] Safepoint "Cleanup", Time since last: 1009504959 ns, Reaching safepoint: 402250 ns, At safepoint: 20625 ns, Total: 422875 ns
[2022-12-08T06:16:12.747+0000][7][safepoint   ] Safepoint "Cleanup", Time since last: 5007255877 ns, Reaching safepoint: 336167 ns, At safepoint: 5833 ns, Total: 342000 ns
[2022-12-08T06:16:13.753+0000][7][safepoint   ] Safepoint "Cleanup", Time since last: 1005443376 ns, Reaching safepoint: 284417 ns, At safepoint: 27000 ns, Total: 311417 ns
[2022-12-08T06:16:17.757+0000][7][safepoint   ] Safepoint "Cleanup", Time since last: 4003740627 ns, Reaching safepoint: 140791 ns, At safepoint: 2000 ns, Total: 142791 ns
[2022-12-08T06:16:20.760+0000][7][safepoint   ] Safepoint "Cleanup", Time since last: 3003530168 ns, Reaching safepoint: 321292 ns, At safepoint: 2875 ns, Total: 324167 ns
[2022-12-08T06:16:23.767+0000][7][safepoint   ] Safepoint "Cleanup", Time since last: 3006321918 ns, Reaching safepoint: 519083 ns, At safepoint: 28542 ns, Total: 547625 ns
[2022-12-08T06:16:37.797+0000][7][safepoint   ] Safepoint "Cleanup", Time since last: 14029251172 ns, Reaching safepoint: 807125 ns, At safepoint: 27792 ns, Total: 834917 ns
[2022-12-08T06:16:38.801+0000][7][safepoint   ] Safepoint "Cleanup", Time since last: 1003329292 ns, Reaching safepoint: 219625 ns, At safepoint: 3292 ns, Total: 222917 ns
[2022-12-08T06:16:50.817+0000][7][safepoint   ] Safepoint "Cleanup", Time since last: 12015693589 ns, Reaching safepoint: 147958 ns, At safepoint: 2667 ns, Total: 150625 ns
[2022-12-08T06:17:02.832+0000][7][safepoint   ] Safepoint "Cleanup", Time since last: 12014625839 ns, Reaching safepoint: 198292 ns, At safepoint: 2583 ns, Total: 200875 ns
[2022-12-08T06:17:11.843+0000][7][safepoint   ] Safepoint "Cleanup", Time since last: 9008652503 ns, Reaching safepoint: 396542 ns, At safepoint: 24958 ns, Total: 421500 ns
[2022-12-08T06:17:23.855+0000][7][safepoint   ] Safepoint "Cleanup", Time since last: 12011796048 ns, Reaching safepoint: 177541 ns, At safepoint: 24167 ns, Total: 201708 ns
[2022-12-08T06:17:28.865+0000][7][safepoint   ] Safepoint "Cleanup", Time since last: 5010631752 ns, Reaching safepoint: 270667 ns, At safepoint: 20042 ns, Total: 290709 ns
[2022-12-08T06:17:48.894+0000][7][safepoint   ] Safepoint "Cleanup", Time since last: 20022541009 ns, Reaching safepoint: 334500 ns, At safepoint: 15625 ns, Total: 350125 ns
[2022-12-08T06:17:58.920+0000][7][safepoint   ] Safepoint "Cleanup", Time since last: 10026096838 ns, Reaching safepoint: 111917 ns, At safepoint: 12291 ns, Total: 124208 ns
[2022-12-08T06:18:18.953+0000][7][safepoint   ] Safepoint "Cleanup", Time since last: 20031101426 ns, Reaching safepoint: 509416 ns, At safepoint: 34917 ns, Total: 544333 ns
[2022-12-08T06:18:56.006+0000][7][safepoint   ] Safepoint "Cleanup", Time since last: 37051843017 ns, Reaching safepoint: 669541 ns, At safepoint: 28375 ns, Total: 697916 ns
[2022-12-08T06:19:09.020+0000][7][safepoint   ] Safepoint "Cleanup", Time since last: 13013757340 ns, Reaching safepoint: 294208 ns, At safepoint: 99292 ns, Total: 393500 ns
[2022-12-08T06:19:14.028+0000][7][safepoint   ] Safepoint "Cleanup", Time since last: 5007522252 ns, Reaching safepoint: 263833 ns, At safepoint: 15750 ns, Total: 279583 ns
[2022-12-08T06:20:44.142+0000][7][safepoint   ] Safepoint "Cleanup", Time since last: 90112354042 ns, Reaching safepoint: 650416 ns, At safepoint: 29959 ns, Total: 680375 ns
[2022-12-08T06:20:59.163+0000][7][safepoint   ] Safepoint "Cleanup", Time since last: 15019976132 ns, Reaching safepoint: 485917 ns, At safepoint: 29166 ns, Total: 515083 ns
[2022-12-08T06:21:03.173+0000][7][safepoint   ] Safepoint "Cleanup", Time since last: 4010161711 ns, Reaching safepoint: 353041 ns, At safepoint: 21250 ns, Total: 374291 ns
[2022-12-08T06:22:39.272+0000][7][safepoint   ] Safepoint "Cleanup", Time since last: 96100139210 ns, Reaching safepoint: 72792 ns, At safepoint: 917 ns, Total: 73709 ns
[2022-12-08T06:24:45.416+0000][7][safepoint   ] Safepoint "Cleanup", Time since last: 126141514558 ns, Reaching safepoint: 113000 ns, At safepoint: 11958 ns, Total: 124958 ns
[2022-12-08T06:26:00.508+0000][7][safepoint   ] Safepoint "Cleanup", Time since last: 75089741034 ns, Reaching safepoint: 854959 ns, At safepoint: 24541 ns, Total: 879500 ns
[2022-12-08T06:26:01.515+0000][7][safepoint   ] Safepoint "Cleanup", Time since last: 1005829959 ns, Reaching safepoint: 411500 ns, At safepoint: 31292 ns, Total: 442792 ns
[2022-12-08T06:26:05.520+0000][7][safepoint   ] Safepoint "Cleanup", Time since last: 4005151293 ns, Reaching safepoint: 347792 ns, At safepoint: 28666 ns, Total: 376458 ns
[2022-12-08T06:26:15.533+0000][7][safepoint   ] Safepoint "Cleanup", Time since last: 10012627338 ns, Reaching safepoint: 230084 ns, At safepoint: 14291 ns, Total: 244375 ns
[2022-12-08T06:28:24.652+0000][7][safepoint   ] Safepoint "Cleanup", Time since last: 129117528935 ns, Reaching safepoint: 558875 ns, At safepoint: 21208 ns, Total: 580083 ns
[2022-12-08T06:28:29.772+0000][7][gc,start    ] GC(14) Pause Young (Concurrent Start) (G1 Evacuation Pause)
[2022-12-08T06:28:29.776+0000][7][gc,task     ] GC(14) Using 4 workers of 4 for evacuation
[2022-12-08T06:28:29.778+0000][7][gc,age      ] GC(14) Desired survivor size 19398656 bytes, new threshold 15 (max threshold 15)
[2022-12-08T06:28:29.860+0000][7][gc,age      ] GC(14) Age table with threshold 15 (max threshold 15)
[2022-12-08T06:28:29.862+0000][7][gc,age      ] GC(14) - age   1:    5383768 bytes,    5383768 total
[2022-12-08T06:28:29.864+0000][7][gc,age      ] GC(14) - age   2:   12081200 bytes,   17464968 total
[2022-12-08T06:28:29.865+0000][7][gc,phases   ] GC(14)   Pre Evacuate Collection Set: 6.0ms
[2022-12-08T06:28:29.865+0000][7][gc,phases   ] GC(14)   Merge Heap Roots: 0.6ms
[2022-12-08T06:28:29.866+0000][7][gc,phases   ] GC(14)   Evacuate Collection Set: 70.9ms
[2022-12-08T06:28:29.867+0000][7][gc,phases   ] GC(14)   Post Evacuate Collection Set: 3.2ms
[2022-12-08T06:28:29.867+0000][7][gc,phases   ] GC(14)   Other: 12.1ms
[2022-12-08T06:28:29.868+0000][7][gc,heap     ] GC(14) Eden regions: 280->0(280)
[2022-12-08T06:28:29.869+0000][7][gc,heap     ] GC(14) Survivor regions: 13->18(37)
[2022-12-08T06:28:29.870+0000][7][gc,heap     ] GC(14) Old regions: 48->48
[2022-12-08T06:28:29.870+0000][7][gc,heap     ] GC(14) Archive regions: 0->0
[2022-12-08T06:28:29.871+0000][7][gc,heap     ] GC(14) Humongous regions: 1->1
[2022-12-08T06:28:29.871+0000][7][gc,metaspace] GC(14) Metaspace: 86087K(90112K)->86087K(90112K) NonClass: 74761K(77824K)->74761K(77824K) Class: 11326K(12288K)->11326K(12288K)
[2022-12-08T06:28:29.873+0000][7][gc          ] GC(14) Pause Young (Concurrent Start) (G1 Evacuation Pause) 341M->66M(512M) 100.760ms
[2022-12-08T06:28:29.873+0000][7][gc,cpu      ] GC(14) User=0.28s Sys=0.00s Real=0.10s
[2022-12-08T06:28:29.874+0000][7][safepoint   ] Safepoint "G1CollectForAllocation", Time since last: 5119161294 ns, Reaching safepoint: 261250 ns, At safepoint: 102142334 ns, Total: 102403584 ns
[2022-12-08T06:28:29.874+0000][7][gc          ] GC(15) Concurrent Cycle
[2022-12-08T06:28:29.877+0000][7][gc,marking  ] GC(15) Concurrent Clear Claimed Marks
[2022-12-08T06:28:29.878+0000][7][gc,marking  ] GC(15) Concurrent Clear Claimed Marks 1.337ms
[2022-12-08T06:28:29.880+0000][7][gc,marking  ] GC(15) Concurrent Scan Root Regions
[2022-12-08T06:28:29.891+0000][7][gc,marking  ] GC(15) Concurrent Scan Root Regions 11.739ms
[2022-12-08T06:28:29.893+0000][7][gc,marking  ] GC(15) Concurrent Mark (889.659s)
[2022-12-08T06:28:29.894+0000][7][gc,marking  ] GC(15) Concurrent Mark From Roots
[2022-12-08T06:28:29.895+0000][7][gc,task     ] GC(15) Using 1 workers of 1 for marking
[2022-12-08T06:28:29.943+0000][7][gc,marking  ] GC(15) Concurrent Mark From Roots 49.224ms
[2022-12-08T06:28:29.944+0000][7][gc,marking  ] GC(15) Concurrent Preclean
[2022-12-08T06:28:29.945+0000][7][gc,marking  ] GC(15) Concurrent Preclean 1.038ms
[2022-12-08T06:28:29.946+0000][7][gc,marking  ] GC(15) Concurrent Mark (889.659s, 889.712s) 53.087ms
[2022-12-08T06:28:29.947+0000][7][gc,start    ] GC(15) Pause Remark
[2022-12-08T06:28:29.980+0000][7][gc          ] GC(15) Pause Remark 67M->67M(512M) 33.630ms
[2022-12-08T06:28:29.982+0000][7][gc,cpu      ] GC(15) User=0.09s Sys=0.00s Real=0.04s
[2022-12-08T06:28:29.982+0000][7][safepoint   ] Safepoint "G1Concurrent", Time since last: 72724875 ns, Reaching safepoint: 141041 ns, At safepoint: 35761667 ns, Total: 35902708 ns
[2022-12-08T06:28:29.983+0000][7][gc,marking  ] GC(15) Concurrent Rebuild Remembered Sets
[2022-12-08T06:28:30.013+0000][7][gc,marking  ] GC(15) Concurrent Rebuild Remembered Sets 29.419ms
[2022-12-08T06:28:30.015+0000][7][gc,start    ] GC(15) Pause Cleanup
[2022-12-08T06:28:30.016+0000][7][gc          ] GC(15) Pause Cleanup 67M->67M(512M) 1.391ms
[2022-12-08T06:28:30.017+0000][7][gc,cpu      ] GC(15) User=0.00s Sys=0.00s Real=0.01s
[2022-12-08T06:28:30.018+0000][7][safepoint   ] Safepoint "G1Concurrent", Time since last: 31522208 ns, Reaching safepoint: 892417 ns, At safepoint: 2969125 ns, Total: 3861542 ns
[2022-12-08T06:28:30.019+0000][7][gc,marking  ] GC(15) Concurrent Cleanup for Next Mark
[2022-12-08T06:28:30.023+0000][7][gc,marking  ] GC(15) Concurrent Cleanup for Next Mark 3.985ms
[2022-12-08T06:28:30.024+0000][7][gc          ] GC(15) Concurrent Cycle 150.132ms
[2022-12-08T06:28:31.020+0000][7][safepoint   ] Safepoint "Cleanup", Time since last: 1001846709 ns, Reaching safepoint: 255083 ns, At safepoint: 6083 ns, Total: 261166 ns
[2022-12-08T06:28:35.029+0000][7][safepoint   ] Safepoint "Cleanup", Time since last: 4008656961 ns, Reaching safepoint: 510541 ns, At safepoint: 44584 ns, Total: 555125 ns
[2022-12-08T06:28:37.036+0000][7][safepoint   ] Safepoint "Cleanup", Time since last: 2006964542 ns, Reaching safepoint: 175750 ns, At safepoint: 2500 ns, Total: 178250 ns
[2022-12-08T06:28:39.039+0000][7][safepoint   ] Safepoint "Cleanup", Time since last: 2002428126 ns, Reaching safepoint: 524958 ns, At safepoint: 29417 ns, Total: 554375 ns
[2022-12-08T06:28:50.054+0000][7][safepoint   ] Safepoint "Cleanup", Time since last: 11014586089 ns, Reaching safepoint: 337458 ns, At safepoint: 15583 ns, Total: 353041 ns
[2022-12-08T06:29:25.092+0000][7][safepoint   ] Safepoint "Cleanup", Time since last: 35036103433 ns, Reaching safepoint: 550875 ns, At safepoint: 28917 ns, Total: 579792 ns
[2022-12-08T06:30:25.168+0000][7][safepoint   ] Safepoint "Cleanup", Time since last: 60075497903 ns, Reaching safepoint: 481792 ns, At safepoint: 16791 ns, Total: 498583 ns
[2022-12-08T06:30:35.184+0000][7][safepoint   ] Safepoint "Cleanup", Time since last: 10015820797 ns, Reaching safepoint: 369916 ns, At safepoint: 21959 ns, Total: 391875 ns
[2022-12-08T06:31:26.221+0000][7][safepoint   ] Safepoint "Cleanup", Time since last: 51035764356 ns, Reaching safepoint: 503542 ns, At safepoint: 132041 ns, Total: 635583 ns
[2022-12-08T06:33:31.361+0000][7][safepoint   ] Safepoint "Cleanup", Time since last: 125136449474 ns, Reaching safepoint: 595833 ns, At safepoint: 25625 ns, Total: 621458 ns
[2022-12-08T06:34:21.414+0000][7][safepoint   ] Safepoint "Cleanup", Time since last: 50053420355 ns, Reaching safepoint: 386417 ns, At safepoint: 14375 ns, Total: 400792 ns
[2022-12-08T06:34:26.422+0000][7][safepoint   ] Safepoint "Cleanup", Time since last: 5007718961 ns, Reaching safepoint: 309125 ns, At safepoint: 3833 ns, Total: 312958 ns
[2022-12-08T06:34:36.443+0000][7][safepoint   ] Safepoint "Cleanup", Time since last: 10024667921 ns, Reaching safepoint: 372417 ns, At safepoint: 21666 ns, Total: 394083 ns
[2022-12-08T06:42:30.931+0000][7][safepoint   ] Safepoint "Cleanup", Time since last: 474480408757 ns, Reaching safepoint: 1226542 ns, At safepoint: 27125 ns, Total: 1253667 ns
[2022-12-08T06:42:31.938+0000][7][safepoint   ] Safepoint "Cleanup", Time since last: 1006063917 ns, Reaching safepoint: 270375 ns, At safepoint: 21667 ns, Total: 292042 ns
[2022-12-08T06:44:38.061+0000][7][safepoint   ] Safepoint "Cleanup", Time since last: 126125594432 ns, Reaching safepoint: 332000 ns, At safepoint: 21250 ns, Total: 353250 ns
[2022-12-08T06:45:02.093+0000][7][safepoint   ] Safepoint "Cleanup", Time since last: 24032105678 ns, Reaching safepoint: 186250 ns, At safepoint: 20500 ns, Total: 206750 ns
[2022-12-08T06:45:51.148+0000][7][safepoint   ] Safepoint "Cleanup", Time since last: 49049088272 ns, Reaching safepoint: 462583 ns, At safepoint: 20208 ns, Total: 482791 ns
[2022-12-08T06:46:13.167+0000][7][safepoint   ] Safepoint "Cleanup", Time since last: 22018607468 ns, Reaching safepoint: 359875 ns, At safepoint: 18917 ns, Total: 378792 ns
[2022-12-08T06:46:27.182+0000][7][safepoint   ] Safepoint "Cleanup", Time since last: 14014686173 ns, Reaching safepoint: 428333 ns, At safepoint: 37709 ns, Total: 466042 ns
[2022-12-08T06:46:31.190+0000][7][safepoint   ] Safepoint "Cleanup", Time since last: 4008384043 ns, Reaching safepoint: 309959 ns, At safepoint: 15291 ns, Total: 325250 ns
[2022-12-08T06:47:52.262+0000][7][safepoint   ] Safepoint "Cleanup", Time since last: 81069507287 ns, Reaching safepoint: 724625 ns, At safepoint: 28084 ns, Total: 752709 ns
[2022-12-08T06:48:05.276+0000][7][safepoint   ] Safepoint "Cleanup", Time since last: 13014029881 ns, Reaching safepoint: 431375 ns, At safepoint: 61250 ns, Total: 492625 ns
[2022-12-08T06:48:18.292+0000][7][safepoint   ] Safepoint "Cleanup", Time since last: 13015419923 ns, Reaching safepoint: 223166 ns, At safepoint: 28375 ns, Total: 251541 ns
[2022-12-08T06:48:41.745+0000][7][gc,start    ] GC(16) Pause Young (Normal) (G1 Evacuation Pause)
[2022-12-08T06:48:41.749+0000][7][gc,task     ] GC(16) Using 4 workers of 4 for evacuation
[2022-12-08T06:48:41.752+0000][7][gc,age      ] GC(16) Desired survivor size 19922944 bytes, new threshold 15 (max threshold 15)
[2022-12-08T06:48:41.800+0000][7][gc,age      ] GC(16) Age table with threshold 15 (max threshold 15)
[2022-12-08T06:48:41.801+0000][7][gc,age      ] GC(16) - age   1:       8928 bytes,       8928 total
[2022-12-08T06:48:41.802+0000][7][gc,age      ] GC(16) - age   2:    4456896 bytes,    4465824 total
[2022-12-08T06:48:41.803+0000][7][gc,age      ] GC(16) - age   3:   11458552 bytes,   15924376 total
[2022-12-08T06:48:41.805+0000][7][gc,phases   ] GC(16)   Pre Evacuate Collection Set: 1.6ms
[2022-12-08T06:48:41.805+0000][7][gc,phases   ] GC(16)   Merge Heap Roots: 0.8ms
[2022-12-08T06:48:41.806+0000][7][gc,phases   ] GC(16)   Evacuate Collection Set: 39.9ms
[2022-12-08T06:48:41.808+0000][7][gc,phases   ] GC(16)   Post Evacuate Collection Set: 3.4ms
[2022-12-08T06:48:41.808+0000][7][gc,phases   ] GC(16)   Other: 14.4ms
[2022-12-08T06:48:41.810+0000][7][gc,heap     ] GC(16) Eden regions: 280->0(289)
[2022-12-08T06:48:41.810+0000][7][gc,heap     ] GC(16) Survivor regions: 18->16(38)
[2022-12-08T06:48:41.811+0000][7][gc,heap     ] GC(16) Old regions: 48->48
[2022-12-08T06:48:41.812+0000][7][gc,heap     ] GC(16) Archive regions: 0->0
[2022-12-08T06:48:41.812+0000][7][gc,heap     ] GC(16) Humongous regions: 1->1
[2022-12-08T06:48:41.813+0000][7][gc,metaspace] GC(16) Metaspace: 86071K(90112K)->86071K(90112K) NonClass: 74753K(77824K)->74753K(77824K) Class: 11317K(12288K)->11317K(12288K)
[2022-12-08T06:48:41.814+0000][7][gc          ] GC(16) Pause Young (Normal) (G1 Evacuation Pause) 346M->64M(512M) 68.965ms
[2022-12-08T06:48:41.815+0000][7][gc,cpu      ] GC(16) User=0.16s Sys=0.01s Real=0.07s
[2022-12-08T06:48:41.815+0000][7][safepoint   ] Safepoint "G1CollectForAllocation", Time since last: 23456114427 ns, Reaching safepoint: 458209 ns, At safepoint: 70970250 ns, Total: 71428459 ns
[2022-12-08T06:49:37.856+0000][7][safepoint   ] Safepoint "Cleanup", Time since last: 56035143026 ns, Reaching safepoint: 474792 ns, At safepoint: 22541 ns, Total: 497333 ns
[2022-12-08T06:50:19.899+0000][7][safepoint   ] Safepoint "Cleanup", Time since last: 42042128478 ns, Reaching safepoint: 409291 ns, At safepoint: 8875 ns, Total: 418166 ns
[2022-12-08T06:52:21.009+0000][7][safepoint   ] Safepoint "Cleanup", Time since last: 121116206264 ns, Reaching safepoint: 391917 ns, At safepoint: 157500 ns, Total: 549417 ns
[2022-12-08T06:55:31.190+0000][7][safepoint   ] Safepoint "Cleanup", Time since last: 190178791252 ns, Reaching safepoint: 1563250 ns, At safepoint: 38334 ns, Total: 1601584 ns
[2022-12-08T06:56:21.240+0000][7][safepoint   ] Safepoint "Cleanup", Time since last: 50049191856 ns, Reaching safepoint: 688625 ns, At safepoint: 33333 ns, Total: 721958 ns
[2022-12-08T06:56:41.265+0000][7][safepoint   ] Safepoint "Cleanup", Time since last: 20027165259 ns, Reaching safepoint: 337125 ns, At safepoint: 30541 ns, Total: 367666 ns
[2022-12-08T06:56:51.284+0000][7][safepoint   ] Safepoint "Cleanup", Time since last: 10018008214 ns, Reaching safepoint: 411458 ns, At safepoint: 19667 ns, Total: 431125 ns
[2022-12-08T06:57:21.330+0000][7][safepoint   ] Safepoint "Cleanup", Time since last: 30042278389 ns, Reaching safepoint: 281375 ns, At safepoint: 305916 ns, Total: 587291 ns
[2022-12-08T06:58:28.408+0000][7][safepoint   ] Safepoint "Cleanup", Time since last: 67076702822 ns, Reaching safepoint: 433584 ns, At safepoint: 23583 ns, Total: 457167 ns
[2022-12-08T06:58:50.420+0000][7][safepoint   ] Safepoint "Cleanup", Time since last: 22016387385 ns, Reaching safepoint: 203375 ns, At safepoint: 120000 ns, Total: 323375 ns
[2022-12-08T06:58:51.427+0000][7][safepoint   ] Safepoint "Cleanup", Time since last: 1005869876 ns, Reaching safepoint: 273958 ns, At safepoint: 19375 ns, Total: 293333 ns
[2022-12-08T07:00:08.511+0000][7][safepoint   ] Safepoint "Cleanup", Time since last: 77079034826 ns, Reaching safepoint: 451084 ns, At safepoint: 55458 ns, Total: 506542 ns
[2022-12-08T07:09:38.753+0000][7][gc,start    ] GC(17) Pause Young (Normal) (G1 Evacuation Pause)
[2022-12-08T07:09:38.762+0000][7][gc,task     ] GC(17) Using 4 workers of 4 for evacuation
[2022-12-08T07:09:38.765+0000][7][gc,age      ] GC(17) Desired survivor size 20447232 bytes, new threshold 15 (max threshold 15)
[2022-12-08T07:09:38.813+0000][7][gc,age      ] GC(17) Age table with threshold 15 (max threshold 15)
[2022-12-08T07:09:38.814+0000][7][gc,age      ] GC(17) - age   1:       8520 bytes,       8520 total
[2022-12-08T07:09:38.815+0000][7][gc,age      ] GC(17) - age   2:       5344 bytes,      13864 total
[2022-12-08T07:09:38.816+0000][7][gc,age      ] GC(17) - age   3:    4456896 bytes,    4470760 total
[2022-12-08T07:09:38.817+0000][7][gc,age      ] GC(17) - age   4:   11458552 bytes,   15929312 total
[2022-12-08T07:09:38.818+0000][7][gc,phases   ] GC(17)   Pre Evacuate Collection Set: 1.5ms
[2022-12-08T07:09:38.819+0000][7][gc,phases   ] GC(17)   Merge Heap Roots: 0.6ms
[2022-12-08T07:09:38.820+0000][7][gc,phases   ] GC(17)   Evacuate Collection Set: 38.9ms
[2022-12-08T07:09:38.821+0000][7][gc,phases   ] GC(17)   Post Evacuate Collection Set: 3.7ms
[2022-12-08T07:09:38.822+0000][7][gc,phases   ] GC(17)   Other: 21.0ms
[2022-12-08T07:09:38.822+0000][7][gc,heap     ] GC(17) Eden regions: 289->0(291)
[2022-12-08T07:09:38.823+0000][7][gc,heap     ] GC(17) Survivor regions: 16->16(39)
[2022-12-08T07:09:38.823+0000][7][gc,heap     ] GC(17) Old regions: 48->48
[2022-12-08T07:09:38.824+0000][7][gc,heap     ] GC(17) Archive regions: 0->0
[2022-12-08T07:09:38.825+0000][7][gc,heap     ] GC(17) Humongous regions: 1->1
[2022-12-08T07:09:38.825+0000][7][gc,metaspace] GC(17) Metaspace: 86090K(90112K)->86090K(90112K) NonClass: 74773K(77824K)->74773K(77824K) Class: 11317K(12288K)->11317K(12288K)
[2022-12-08T07:09:38.826+0000][7][gc          ] GC(17) Pause Young (Normal) (G1 Evacuation Pause) 353M->64M(512M) 73.182ms
[2022-12-08T07:09:38.827+0000][7][gc,cpu      ] GC(17) User=0.15s Sys=0.00s Real=0.08s
[2022-12-08T07:09:38.828+0000][7][safepoint   ] Safepoint "G1CollectForAllocation", Time since last: 570240398550 ns, Reaching safepoint: 745542 ns, At safepoint: 75394708 ns, Total: 76140250 ns
[2022-12-08T07:28:43.408+0000][7][safepoint   ] Safepoint "Cleanup", Time since last: 1144610900898 ns, Reaching safepoint: 7409750 ns, At safepoint: 54750 ns, Total: 7464500 ns
[2022-12-08T08:16:08.717+0000][7][safepoint   ] Safepoint "Cleanup", Time since last: 2845321785341 ns, Reaching safepoint: 1826875 ns, At safepoint: 33916 ns, Total: 1860791 ns
