[2023-02-24T08:25:34.485+0000][7][gc] Using G1
[2023-02-24T08:25:34.669+0000][7][gc,init] Version: 15+36-1562 (release)
[2023-02-24T08:25:34.670+0000][7][gc,init] CPUs: 4 total, 4 available
[2023-02-24T08:25:34.671+0000][7][gc,init] Memory: 7951M
[2023-02-24T08:25:34.672+0000][7][gc,init] Large Page Support: Disabled
[2023-02-24T08:25:34.673+0000][7][gc,init] NUMA Support: Disabled
[2023-02-24T08:25:34.674+0000][7][gc,init] Compressed Oops: Enabled (32-bit)
[2023-02-24T08:25:34.675+0000][7][gc,init] Heap Region Size: 1M
[2023-02-24T08:25:34.676+0000][7][gc,init] Heap Min Capacity: 512M
[2023-02-24T08:25:34.676+0000][7][gc,init] Heap Initial Capacity: 512M
[2023-02-24T08:25:34.677+0000][7][gc,init] Heap Max Capacity: 512M
[2023-02-24T08:25:34.678+0000][7][gc,init] Pre-touch: Enabled
[2023-02-24T08:25:34.679+0000][7][gc,init] Parallel Workers: 4
[2023-02-24T08:25:34.680+0000][7][gc,init] Concurrent Workers: 1
[2023-02-24T08:25:34.680+0000][7][gc,init] Concurrent Refinement Workers: 4
[2023-02-24T08:25:34.681+0000][7][gc,init] Periodic GC: Disabled
[2023-02-24T08:25:34.682+0000][7][gc,metaspace] CDS disabled.
[2023-02-24T08:25:34.683+0000][7][gc,metaspace] Compressed class space mapped at: 0x0000000100000000-0x0000000140000000, size: 1073741824
[2023-02-24T08:25:34.683+0000][7][gc,metaspace] Narrow klass base: 0x0000000000000000, Narrow klass shift: 3, Narrow klass range: 0x140000000
[2023-02-24T08:25:35.033+0000][7][safepoint   ] Safepoint "ICBufferFull", Time since last: 308151458 ns, Reaching safepoint: 167125 ns, At safepoint: 2042 ns, Total: 169167 ns
[2023-02-24T08:25:35.366+0000][7][safepoint   ] Safepoint "ICBufferFull", Time since last: 330005167 ns, Reaching safepoint: 3363458 ns, At safepoint: 8083 ns, Total: 3371541 ns
[2023-02-24T08:25:35.767+0000][7][safepoint   ] Safepoint "ICBufferFull", Time since last: 398582876 ns, Reaching safepoint: 1888083 ns, At safepoint: 5375 ns, Total: 1893458 ns
[2023-02-24T08:25:35.896+0000][7][gc,start    ] GC(0) Pause Young (Normal) (G1 Evacuation Pause)
[2023-02-24T08:25:35.907+0000][7][gc,task     ] GC(0) Using 4 workers of 4 for evacuation
[2023-02-24T08:25:35.908+0000][7][gc,age      ] GC(0) Desired survivor size 2097152 bytes, new threshold 15 (max threshold 15)
[2023-02-24T08:25:35.930+0000][7][gc,age      ] GC(0) Age table with threshold 15 (max threshold 15)
[2023-02-24T08:25:35.931+0000][7][gc,age      ] GC(0) - age   1:    3932472 bytes,    3932472 total
[2023-02-24T08:25:35.932+0000][7][gc,phases   ] GC(0)   Pre Evacuate Collection Set: 0.1ms
[2023-02-24T08:25:35.933+0000][7][gc,phases   ] GC(0)   Merge Heap Roots: 0.0ms
[2023-02-24T08:25:35.933+0000][7][gc,phases   ] GC(0)   Evacuate Collection Set: 20.7ms
[2023-02-24T08:25:35.934+0000][7][gc,phases   ] GC(0)   Post Evacuate Collection Set: 0.4ms
[2023-02-24T08:25:35.935+0000][7][gc,phases   ] GC(0)   Other: 14.7ms
[2023-02-24T08:25:35.935+0000][7][gc,heap     ] GC(0) Eden regions: 25->0(25)
[2023-02-24T08:25:35.936+0000][7][gc,heap     ] GC(0) Survivor regions: 0->4(4)
[2023-02-24T08:25:35.936+0000][7][gc,heap     ] GC(0) Old regions: 0->0
[2023-02-24T08:25:35.937+0000][7][gc,heap     ] GC(0) Archive regions: 0->0
[2023-02-24T08:25:35.937+0000][7][gc,heap     ] GC(0) Humongous regions: 1->1
[2023-02-24T08:25:35.938+0000][7][gc,metaspace] GC(0) Metaspace: 15687K(16384K)->15687K(16384K) NonClass: 14101K(14592K)->14101K(14592K) Class: 1586K(1792K)->1586K(1792K)
[2023-02-24T08:25:35.939+0000][7][gc          ] GC(0) Pause Young (Normal) (G1 Evacuation Pause) 26M->4M(512M) 42.895ms
[2023-02-24T08:25:35.940+0000][7][gc,cpu      ] GC(0) User=0.03s Sys=0.01s Real=0.05s
[2023-02-24T08:25:35.940+0000][7][safepoint   ] Safepoint "G1CollectForAllocation", Time since last: 127887833 ns, Reaching safepoint: 1645834 ns, At safepoint: 44395375 ns, Total: 46041209 ns
[2023-02-24T08:25:36.758+0000][7][safepoint   ] Safepoint "ICBufferFull", Time since last: 816905750 ns, Reaching safepoint: 157000 ns, At safepoint: 1583 ns, Total: 158583 ns
[2023-02-24T08:25:37.069+0000][7][gc,start    ] GC(1) Pause Young (Concurrent Start) (Metadata GC Threshold)
[2023-02-24T08:25:37.071+0000][7][gc,task     ] GC(1) Using 4 workers of 4 for evacuation
[2023-02-24T08:25:37.072+0000][7][gc,age      ] GC(1) Desired survivor size 2097152 bytes, new threshold 1 (max threshold 15)
[2023-02-24T08:25:37.083+0000][7][gc,age      ] GC(1) Age table with threshold 1 (max threshold 15)
[2023-02-24T08:25:37.084+0000][7][gc,age      ] GC(1) - age   1:    2145640 bytes,    2145640 total
[2023-02-24T08:25:37.085+0000][7][gc,phases   ] GC(1)   Pre Evacuate Collection Set: 0.1ms
[2023-02-24T08:25:37.086+0000][7][gc,phases   ] GC(1)   Merge Heap Roots: 0.0ms
[2023-02-24T08:25:37.087+0000][7][gc,phases   ] GC(1)   Evacuate Collection Set: 9.5ms
[2023-02-24T08:25:37.088+0000][7][gc,phases   ] GC(1)   Post Evacuate Collection Set: 0.6ms
[2023-02-24T08:25:37.089+0000][7][gc,phases   ] GC(1)   Other: 5.7ms
[2023-02-24T08:25:37.090+0000][7][gc,heap     ] GC(1) Eden regions: 23->0(34)
[2023-02-24T08:25:37.091+0000][7][gc,heap     ] GC(1) Survivor regions: 4->3(4)
[2023-02-24T08:25:37.092+0000][7][gc,heap     ] GC(1) Old regions: 0->4
[2023-02-24T08:25:37.092+0000][7][gc,heap     ] GC(1) Archive regions: 0->0
[2023-02-24T08:25:37.093+0000][7][gc,heap     ] GC(1) Humongous regions: 1->1
[2023-02-24T08:25:37.094+0000][7][gc,metaspace] GC(1) Metaspace: 20876K(21248K)->20876K(21248K) NonClass: 18644K(18944K)->18644K(18944K) Class: 2231K(2304K)->2231K(2304K)
[2023-02-24T08:25:37.094+0000][7][gc          ] GC(1) Pause Young (Concurrent Start) (Metadata GC Threshold) 27M->7M(512M) 24.941ms
[2023-02-24T08:25:37.095+0000][7][gc,cpu      ] GC(1) User=0.01s Sys=0.00s Real=0.02s
[2023-02-24T08:25:37.096+0000][7][safepoint   ] Safepoint "CollectForMetadataAllocation", Time since last: 311511501 ns, Reaching safepoint: 155916 ns, At safepoint: 26482000 ns, Total: 26637916 ns
[2023-02-24T08:25:37.096+0000][7][gc          ] GC(2) Concurrent Cycle
[2023-02-24T08:25:37.097+0000][7][gc,marking  ] GC(2) Concurrent Clear Claimed Marks
[2023-02-24T08:25:37.098+0000][7][gc,marking  ] GC(2) Concurrent Clear Claimed Marks 0.521ms
[2023-02-24T08:25:37.098+0000][7][gc,marking  ] GC(2) Concurrent Scan Root Regions
[2023-02-24T08:25:37.101+0000][7][gc,marking  ] GC(2) Concurrent Scan Root Regions 2.463ms
[2023-02-24T08:25:37.102+0000][7][gc,marking  ] GC(2) Concurrent Mark (2.631s)
[2023-02-24T08:25:37.103+0000][7][gc,marking  ] GC(2) Concurrent Mark From Roots
[2023-02-24T08:25:37.103+0000][7][gc,task     ] GC(2) Using 1 workers of 1 for marking
[2023-02-24T08:25:37.105+0000][7][gc,marking  ] GC(2) Concurrent Mark From Roots 2.042ms
[2023-02-24T08:25:37.108+0000][7][gc,marking  ] GC(2) Concurrent Preclean
[2023-02-24T08:25:37.109+0000][7][gc,marking  ] GC(2) Concurrent Preclean 1.078ms
[2023-02-24T08:25:37.110+0000][7][gc,marking  ] GC(2) Concurrent Mark (2.631s, 2.639s) 8.385ms
[2023-02-24T08:25:37.114+0000][7][gc,start    ] GC(2) Pause Remark
[2023-02-24T08:25:37.116+0000][7][gc          ] GC(2) Pause Remark 7M->7M(512M) 2.442ms
[2023-02-24T08:25:37.117+0000][7][gc,cpu      ] GC(2) User=0.01s Sys=0.00s Real=0.00s
[2023-02-24T08:25:37.118+0000][7][safepoint   ] Safepoint "G1Concurrent", Time since last: 15287042 ns, Reaching safepoint: 3068417 ns, At safepoint: 3842791 ns, Total: 6911208 ns
[2023-02-24T08:25:37.119+0000][7][gc,marking  ] GC(2) Concurrent Rebuild Remembered Sets
[2023-02-24T08:25:37.121+0000][7][gc,marking  ] GC(2) Concurrent Rebuild Remembered Sets 2.563ms
[2023-02-24T08:25:37.122+0000][7][gc,start    ] GC(2) Pause Cleanup
[2023-02-24T08:25:37.123+0000][7][gc          ] GC(2) Pause Cleanup 7M->7M(512M) 0.924ms
[2023-02-24T08:25:37.124+0000][7][gc,cpu      ] GC(2) User=0.00s Sys=0.00s Real=0.00s
[2023-02-24T08:25:37.125+0000][7][safepoint   ] Safepoint "G1Concurrent", Time since last: 4216042 ns, Reaching safepoint: 318083 ns, At safepoint: 2818000 ns, Total: 3136083 ns
[2023-02-24T08:25:37.126+0000][7][gc,marking  ] GC(2) Concurrent Cleanup for Next Mark
[2023-02-24T08:25:37.127+0000][7][gc,marking  ] GC(2) Concurrent Cleanup for Next Mark 1.234ms
[2023-02-24T08:25:37.128+0000][7][gc          ] GC(2) Concurrent Cycle 32.499ms
[2023-02-24T08:25:37.770+0000][7][safepoint   ] Safepoint "ICBufferFull", Time since last: 644859292 ns, Reaching safepoint: 168750 ns, At safepoint: 3334 ns, Total: 172084 ns
[2023-02-24T08:25:37.847+0000][7][gc,start    ] GC(3) Pause Young (Normal) (G1 Evacuation Pause)
[2023-02-24T08:25:37.848+0000][7][gc,task     ] GC(3) Using 4 workers of 4 for evacuation
[2023-02-24T08:25:37.849+0000][7][gc,age      ] GC(3) Desired survivor size 2621440 bytes, new threshold 15 (max threshold 15)
[2023-02-24T08:25:37.872+0000][7][gc,age      ] GC(3) Age table with threshold 15 (max threshold 15)
[2023-02-24T08:25:37.873+0000][7][gc,age      ] GC(3) - age   1:    3033584 bytes,    3033584 total
[2023-02-24T08:25:37.874+0000][7][gc,age      ] GC(3) - age   2:    1931824 bytes,    4965408 total
[2023-02-24T08:25:37.875+0000][7][gc,phases   ] GC(3)   Pre Evacuate Collection Set: 0.1ms
[2023-02-24T08:25:37.875+0000][7][gc,phases   ] GC(3)   Merge Heap Roots: 0.0ms
[2023-02-24T08:25:37.876+0000][7][gc,phases   ] GC(3)   Evacuate Collection Set: 15.7ms
[2023-02-24T08:25:37.877+0000][7][gc,phases   ] GC(3)   Post Evacuate Collection Set: 6.7ms
[2023-02-24T08:25:37.878+0000][7][gc,phases   ] GC(3)   Other: 5.7ms
[2023-02-24T08:25:37.878+0000][7][gc,heap     ] GC(3) Eden regions: 35->0(184)
[2023-02-24T08:25:37.879+0000][7][gc,heap     ] GC(3) Survivor regions: 3->5(5)
[2023-02-24T08:25:37.880+0000][7][gc,heap     ] GC(3) Old regions: 4->4
[2023-02-24T08:25:37.881+0000][7][gc,heap     ] GC(3) Archive regions: 0->0
[2023-02-24T08:25:37.882+0000][7][gc,heap     ] GC(3) Humongous regions: 1->1
[2023-02-24T08:25:37.882+0000][7][gc,metaspace] GC(3) Metaspace: 22637K(23036K)->22637K(23036K) NonClass: 20215K(20476K)->20215K(20476K) Class: 2421K(2560K)->2421K(2560K)
[2023-02-24T08:25:37.883+0000][7][gc          ] GC(3) Pause Young (Normal) (G1 Evacuation Pause) 42M->10M(512M) 36.206ms
[2023-02-24T08:25:37.883+0000][7][gc,cpu      ] GC(3) User=0.01s Sys=0.00s Real=0.04s
[2023-02-24T08:25:37.884+0000][7][safepoint   ] Safepoint "G1CollectForAllocation", Time since last: 76263166 ns, Reaching safepoint: 67584 ns, At safepoint: 37283166 ns, Total: 37350750 ns
[2023-02-24T08:25:38.075+0000][7][safepoint   ] Safepoint "ICBufferFull", Time since last: 191377084 ns, Reaching safepoint: 63125 ns, At safepoint: 2166 ns, Total: 65291 ns
[2023-02-24T08:25:38.079+0000][7][safepoint   ] Safepoint "ICBufferFull", Time since last: 3475084 ns, Reaching safepoint: 203708 ns, At safepoint: 1792 ns, Total: 205500 ns
[2023-02-24T08:25:38.083+0000][7][safepoint   ] Safepoint "ICBufferFull", Time since last: 3285000 ns, Reaching safepoint: 694541 ns, At safepoint: 2417 ns, Total: 696958 ns
[2023-02-24T08:25:38.087+0000][7][safepoint   ] Safepoint "ICBufferFull", Time since last: 2251083 ns, Reaching safepoint: 2030209 ns, At safepoint: 3458 ns, Total: 2033667 ns
[2023-02-24T08:25:38.095+0000][7][safepoint   ] Safepoint "ICBufferFull", Time since last: 7414542 ns, Reaching safepoint: 834333 ns, At safepoint: 4667 ns, Total: 839000 ns
[2023-02-24T08:25:38.100+0000][7][safepoint   ] Safepoint "ICBufferFull", Time since last: 1866458 ns, Reaching safepoint: 2717208 ns, At safepoint: 10584 ns, Total: 2727792 ns
[2023-02-24T08:25:38.110+0000][7][safepoint   ] Safepoint "ICBufferFull", Time since last: 2437041 ns, Reaching safepoint: 7415167 ns, At safepoint: 11833 ns, Total: 7427000 ns
[2023-02-24T08:25:38.115+0000][7][safepoint   ] Safepoint "ICBufferFull", Time since last: 2473959 ns, Reaching safepoint: 2728083 ns, At safepoint: 10958 ns, Total: 2739041 ns
[2023-02-24T08:25:38.127+0000][7][safepoint   ] Safepoint "ICBufferFull", Time since last: 11121417 ns, Reaching safepoint: 653667 ns, At safepoint: 2500 ns, Total: 656167 ns
[2023-02-24T08:25:38.132+0000][7][safepoint   ] Safepoint "ICBufferFull", Time since last: 2763375 ns, Reaching safepoint: 1943416 ns, At safepoint: 5917 ns, Total: 1949333 ns
[2023-02-24T08:25:38.134+0000][7][safepoint   ] Safepoint "ICBufferFull", Time since last: 2185458 ns, Reaching safepoint: 278000 ns, At safepoint: 6375 ns, Total: 284375 ns
[2023-02-24T08:25:38.141+0000][7][safepoint   ] Safepoint "ICBufferFull", Time since last: 4851584 ns, Reaching safepoint: 1559250 ns, At safepoint: 2958 ns, Total: 1562208 ns
[2023-02-24T08:25:38.144+0000][7][safepoint   ] Safepoint "ICBufferFull", Time since last: 2659667 ns, Reaching safepoint: 325875 ns, At safepoint: 2333 ns, Total: 328208 ns
[2023-02-24T08:25:38.148+0000][7][safepoint   ] Safepoint "ICBufferFull", Time since last: 1928417 ns, Reaching safepoint: 2880708 ns, At safepoint: 5333 ns, Total: 2886041 ns
[2023-02-24T08:25:38.151+0000][7][safepoint   ] Safepoint "ICBufferFull", Time since last: 2187834 ns, Reaching safepoint: 90416 ns, At safepoint: 1542 ns, Total: 91958 ns
[2023-02-24T08:25:38.155+0000][7][safepoint   ] Safepoint "ICBufferFull", Time since last: 2762833 ns, Reaching safepoint: 1671959 ns, At safepoint: 4125 ns, Total: 1676084 ns
[2023-02-24T08:25:38.164+0000][7][safepoint   ] Safepoint "ICBufferFull", Time since last: 2238041 ns, Reaching safepoint: 6626250 ns, At safepoint: 6667 ns, Total: 6632917 ns
[2023-02-24T08:25:38.171+0000][7][safepoint   ] Safepoint "ICBufferFull", Time since last: 2510917 ns, Reaching safepoint: 4520333 ns, At safepoint: 4500 ns, Total: 4524833 ns
[2023-02-24T08:25:38.174+0000][7][safepoint   ] Safepoint "ICBufferFull", Time since last: 2401167 ns, Reaching safepoint: 240166 ns, At safepoint: 1834 ns, Total: 242000 ns
[2023-02-24T08:25:38.177+0000][7][safepoint   ] Safepoint "ICBufferFull", Time since last: 2461166 ns, Reaching safepoint: 436334 ns, At safepoint: 2041 ns, Total: 438375 ns
[2023-02-24T08:25:38.180+0000][7][safepoint   ] Safepoint "ICBufferFull", Time since last: 2016667 ns, Reaching safepoint: 1316417 ns, At safepoint: 3791 ns, Total: 1320208 ns
[2023-02-24T08:25:38.185+0000][7][safepoint   ] Safepoint "ICBufferFull", Time since last: 2374459 ns, Reaching safepoint: 2563000 ns, At safepoint: 12041 ns, Total: 2575041 ns
[2023-02-24T08:25:38.189+0000][7][safepoint   ] Safepoint "ICBufferFull", Time since last: 2391334 ns, Reaching safepoint: 1589333 ns, At safepoint: 7417 ns, Total: 1596750 ns
[2023-02-24T08:25:38.194+0000][7][safepoint   ] Safepoint "ICBufferFull", Time since last: 2482333 ns, Reaching safepoint: 2715875 ns, At safepoint: 4458 ns, Total: 2720333 ns
[2023-02-24T08:25:38.198+0000][7][safepoint   ] Safepoint "ICBufferFull", Time since last: 2757542 ns, Reaching safepoint: 1210167 ns, At safepoint: 4333 ns, Total: 1214500 ns
[2023-02-24T08:25:38.201+0000][7][safepoint   ] Safepoint "ICBufferFull", Time since last: 2529250 ns, Reaching safepoint: 628583 ns, At safepoint: 3209 ns, Total: 631792 ns
[2023-02-24T08:25:38.206+0000][7][safepoint   ] Safepoint "ICBufferFull", Time since last: 2999583 ns, Reaching safepoint: 1896875 ns, At safepoint: 7875 ns, Total: 1904750 ns
[2023-02-24T08:25:38.211+0000][7][safepoint   ] Safepoint "ICBufferFull", Time since last: 2262083 ns, Reaching safepoint: 2654084 ns, At safepoint: 4666 ns, Total: 2658750 ns
[2023-02-24T08:25:38.220+0000][7][safepoint   ] Safepoint "ICBufferFull", Time since last: 2362334 ns, Reaching safepoint: 7004500 ns, At safepoint: 5416 ns, Total: 7009916 ns
[2023-02-24T08:25:38.226+0000][7][safepoint   ] Safepoint "ICBufferFull", Time since last: 4927334 ns, Reaching safepoint: 363916 ns, At safepoint: 3542 ns, Total: 367458 ns
[2023-02-24T08:25:38.230+0000][7][safepoint   ] Safepoint "ICBufferFull", Time since last: 2912250 ns, Reaching safepoint: 1458292 ns, At safepoint: 3625 ns, Total: 1461917 ns
[2023-02-24T08:25:38.240+0000][7][safepoint   ] Safepoint "ICBufferFull", Time since last: 1964916 ns, Reaching safepoint: 7637625 ns, At safepoint: 11584 ns, Total: 7649209 ns
[2023-02-24T08:25:38.245+0000][7][safepoint   ] Safepoint "ICBufferFull", Time since last: 2750125 ns, Reaching safepoint: 2595958 ns, At safepoint: 3292 ns, Total: 2599250 ns
[2023-02-24T08:25:38.248+0000][7][safepoint   ] Safepoint "ICBufferFull", Time since last: 2362916 ns, Reaching safepoint: 549709 ns, At safepoint: 60458 ns, Total: 610167 ns
[2023-02-24T08:25:38.251+0000][7][safepoint   ] Safepoint "ICBufferFull", Time since last: 2743500 ns, Reaching safepoint: 118750 ns, At safepoint: 1750 ns, Total: 120500 ns
[2023-02-24T08:25:38.257+0000][7][safepoint   ] Safepoint "ICBufferFull", Time since last: 3072000 ns, Reaching safepoint: 3164000 ns, At safepoint: 4958 ns, Total: 3168958 ns
[2023-02-24T08:25:38.262+0000][7][safepoint   ] Safepoint "ICBufferFull", Time since last: 4061292 ns, Reaching safepoint: 597458 ns, At safepoint: 2209 ns, Total: 599667 ns
[2023-02-24T08:25:38.265+0000][7][safepoint   ] Safepoint "ICBufferFull", Time since last: 3060583 ns, Reaching safepoint: 262333 ns, At safepoint: 2250 ns, Total: 264583 ns
[2023-02-24T08:25:38.269+0000][7][safepoint   ] Safepoint "ICBufferFull", Time since last: 1352209 ns, Reaching safepoint: 2227750 ns, At safepoint: 3041 ns, Total: 2230791 ns
[2023-02-24T08:25:38.273+0000][7][safepoint   ] Safepoint "ICBufferFull", Time since last: 1657167 ns, Reaching safepoint: 2703167 ns, At safepoint: 2958 ns, Total: 2706125 ns
[2023-02-24T08:25:38.276+0000][7][safepoint   ] Safepoint "ICBufferFull", Time since last: 2087583 ns, Reaching safepoint: 573625 ns, At safepoint: 2959 ns, Total: 576584 ns
[2023-02-24T08:25:38.286+0000][7][safepoint   ] Safepoint "ICBufferFull", Time since last: 1437666 ns, Reaching safepoint: 9195167 ns, At safepoint: 5709 ns, Total: 9200876 ns
[2023-02-24T08:25:38.289+0000][7][safepoint   ] Safepoint "ICBufferFull", Time since last: 1694041 ns, Reaching safepoint: 1070459 ns, At safepoint: 5250 ns, Total: 1075709 ns
[2023-02-24T08:25:38.294+0000][7][safepoint   ] Safepoint "ICBufferFull", Time since last: 1893791 ns, Reaching safepoint: 3047625 ns, At safepoint: 16334 ns, Total: 3063959 ns
[2023-02-24T08:25:38.297+0000][7][safepoint   ] Safepoint "ICBufferFull", Time since last: 1734250 ns, Reaching safepoint: 1430916 ns, At safepoint: 3959 ns, Total: 1434875 ns
[2023-02-24T08:25:38.300+0000][7][safepoint   ] Safepoint "ICBufferFull", Time since last: 1611208 ns, Reaching safepoint: 1210833 ns, At safepoint: 3250 ns, Total: 1214083 ns
[2023-02-24T08:25:38.304+0000][7][safepoint   ] Safepoint "ICBufferFull", Time since last: 1590750 ns, Reaching safepoint: 2410834 ns, At safepoint: 8958 ns, Total: 2419792 ns
[2023-02-24T08:25:38.308+0000][7][safepoint   ] Safepoint "ICBufferFull", Time since last: 2675667 ns, Reaching safepoint: 1522083 ns, At safepoint: 3375 ns, Total: 1525458 ns
[2023-02-24T08:25:38.315+0000][7][safepoint   ] Safepoint "ICBufferFull", Time since last: 1577750 ns, Reaching safepoint: 4900083 ns, At safepoint: 5875 ns, Total: 4905958 ns
[2023-02-24T08:25:38.319+0000][7][safepoint   ] Safepoint "ICBufferFull", Time since last: 1435417 ns, Reaching safepoint: 3078083 ns, At safepoint: 7375 ns, Total: 3085458 ns
[2023-02-24T08:25:38.322+0000][7][safepoint   ] Safepoint "ICBufferFull", Time since last: 1973625 ns, Reaching safepoint: 682834 ns, At safepoint: 1708 ns, Total: 684542 ns
[2023-02-24T08:25:38.326+0000][7][safepoint   ] Safepoint "ICBufferFull", Time since last: 2298250 ns, Reaching safepoint: 1901042 ns, At safepoint: 3208 ns, Total: 1904250 ns
[2023-02-24T08:25:38.330+0000][7][safepoint   ] Safepoint "ICBufferFull", Time since last: 1549000 ns, Reaching safepoint: 1923042 ns, At safepoint: 2500 ns, Total: 1925542 ns
[2023-02-24T08:25:38.334+0000][7][safepoint   ] Safepoint "ICBufferFull", Time since last: 1541125 ns, Reaching safepoint: 2905666 ns, At safepoint: 4125 ns, Total: 2909791 ns
[2023-02-24T08:25:38.336+0000][7][safepoint   ] Safepoint "ICBufferFull", Time since last: 1812375 ns, Reaching safepoint: 183667 ns, At safepoint: 2208 ns, Total: 185875 ns
[2023-02-24T08:25:38.340+0000][7][safepoint   ] Safepoint "ICBufferFull", Time since last: 1259542 ns, Reaching safepoint: 2749958 ns, At safepoint: 3875 ns, Total: 2753833 ns
[2023-02-24T08:25:38.344+0000][7][safepoint   ] Safepoint "ICBufferFull", Time since last: 1786250 ns, Reaching safepoint: 2319750 ns, At safepoint: 3417 ns, Total: 2323167 ns
[2023-02-24T08:25:38.349+0000][7][safepoint   ] Safepoint "ICBufferFull", Time since last: 1700417 ns, Reaching safepoint: 3206250 ns, At safepoint: 3750 ns, Total: 3210000 ns
[2023-02-24T08:25:38.354+0000][7][safepoint   ] Safepoint "ICBufferFull", Time since last: 2715833 ns, Reaching safepoint: 2530833 ns, At safepoint: 3875 ns, Total: 2534708 ns
[2023-02-24T08:25:38.359+0000][7][safepoint   ] Safepoint "ICBufferFull", Time since last: 1653125 ns, Reaching safepoint: 3018709 ns, At safepoint: 4500 ns, Total: 3023209 ns
[2023-02-24T08:25:38.364+0000][7][safepoint   ] Safepoint "ICBufferFull", Time since last: 2037500 ns, Reaching safepoint: 3407916 ns, At safepoint: 11000 ns, Total: 3418916 ns
[2023-02-24T08:25:38.367+0000][7][safepoint   ] Safepoint "ICBufferFull", Time since last: 1834125 ns, Reaching safepoint: 942000 ns, At safepoint: 2292 ns, Total: 944292 ns
[2023-02-24T08:25:38.373+0000][7][safepoint   ] Safepoint "ICBufferFull", Time since last: 1916708 ns, Reaching safepoint: 4326875 ns, At safepoint: 18625 ns, Total: 4345500 ns
[2023-02-24T08:25:38.376+0000][7][safepoint   ] Safepoint "ICBufferFull", Time since last: 2135584 ns, Reaching safepoint: 409041 ns, At safepoint: 2000 ns, Total: 411041 ns
[2023-02-24T08:25:38.380+0000][7][safepoint   ] Safepoint "ICBufferFull", Time since last: 1320834 ns, Reaching safepoint: 2680875 ns, At safepoint: 6916 ns, Total: 2687791 ns
[2023-02-24T08:25:38.384+0000][7][safepoint   ] Safepoint "ICBufferFull", Time since last: 1646500 ns, Reaching safepoint: 2374209 ns, At safepoint: 5041 ns, Total: 2379250 ns
[2023-02-24T08:25:38.389+0000][7][safepoint   ] Safepoint "ICBufferFull", Time since last: 1634542 ns, Reaching safepoint: 3377500 ns, At safepoint: 3500 ns, Total: 3381000 ns
[2023-02-24T08:25:38.391+0000][7][safepoint   ] Safepoint "ICBufferFull", Time since last: 1424958 ns, Reaching safepoint: 66542 ns, At safepoint: 1458 ns, Total: 68000 ns
[2023-02-24T08:25:38.395+0000][7][safepoint   ] Safepoint "ICBufferFull", Time since last: 1526959 ns, Reaching safepoint: 2893666 ns, At safepoint: 3375 ns, Total: 2897041 ns
[2023-02-24T08:25:38.398+0000][7][safepoint   ] Safepoint "ICBufferFull", Time since last: 2083375 ns, Reaching safepoint: 1160667 ns, At safepoint: 3375 ns, Total: 1164042 ns
[2023-02-24T08:25:38.401+0000][7][safepoint   ] Safepoint "ICBufferFull", Time since last: 1428375 ns, Reaching safepoint: 1011333 ns, At safepoint: 2792 ns, Total: 1014125 ns
[2023-02-24T08:25:38.405+0000][7][safepoint   ] Safepoint "ICBufferFull", Time since last: 1439292 ns, Reaching safepoint: 2868750 ns, At safepoint: 4916 ns, Total: 2873666 ns
[2023-02-24T08:25:38.411+0000][7][safepoint   ] Safepoint "ICBufferFull", Time since last: 2889875 ns, Reaching safepoint: 3115667 ns, At safepoint: 5625 ns, Total: 3121292 ns
[2023-02-24T08:25:38.416+0000][7][safepoint   ] Safepoint "ICBufferFull", Time since last: 5021667 ns, Reaching safepoint: 125250 ns, At safepoint: 2125 ns, Total: 127375 ns
[2023-02-24T08:25:38.429+0000][7][safepoint   ] Safepoint "ICBufferFull", Time since last: 12959166 ns, Reaching safepoint: 127125 ns, At safepoint: 2125 ns, Total: 129250 ns
[2023-02-24T08:25:38.436+0000][7][safepoint   ] Safepoint "ICBufferFull", Time since last: 6522584 ns, Reaching safepoint: 120375 ns, At safepoint: 2041 ns, Total: 122416 ns
[2023-02-24T08:25:38.439+0000][7][safepoint   ] Safepoint "ICBufferFull", Time since last: 3132709 ns, Reaching safepoint: 105000 ns, At safepoint: 2125 ns, Total: 107125 ns
[2023-02-24T08:25:38.442+0000][7][safepoint   ] Safepoint "ICBufferFull", Time since last: 2530041 ns, Reaching safepoint: 137500 ns, At safepoint: 2667 ns, Total: 140167 ns
[2023-02-24T08:25:38.444+0000][7][safepoint   ] Safepoint "ICBufferFull", Time since last: 2289750 ns, Reaching safepoint: 133250 ns, At safepoint: 2208 ns, Total: 135458 ns
[2023-02-24T08:25:38.517+0000][7][safepoint   ] Safepoint "ICBufferFull", Time since last: 72605584 ns, Reaching safepoint: 199750 ns, At safepoint: 3416 ns, Total: 203166 ns
[2023-02-24T08:25:38.520+0000][7][safepoint   ] Safepoint "ICBufferFull", Time since last: 2732209 ns, Reaching safepoint: 208083 ns, At safepoint: 4208 ns, Total: 212291 ns
[2023-02-24T08:25:38.523+0000][7][safepoint   ] Safepoint "ICBufferFull", Time since last: 3183375 ns, Reaching safepoint: 149625 ns, At safepoint: 3042 ns, Total: 152667 ns
[2023-02-24T08:25:38.525+0000][7][safepoint   ] Safepoint "ICBufferFull", Time since last: 1981667 ns, Reaching safepoint: 125500 ns, At safepoint: 2083 ns, Total: 127583 ns
[2023-02-24T08:25:38.528+0000][7][safepoint   ] Safepoint "ICBufferFull", Time since last: 2655292 ns, Reaching safepoint: 126875 ns, At safepoint: 2333 ns, Total: 129208 ns
[2023-02-24T08:25:38.531+0000][7][safepoint   ] Safepoint "ICBufferFull", Time since last: 1854833 ns, Reaching safepoint: 1129959 ns, At safepoint: 3416 ns, Total: 1133375 ns
[2023-02-24T08:25:38.533+0000][7][safepoint   ] Safepoint "ICBufferFull", Time since last: 1987334 ns, Reaching safepoint: 123125 ns, At safepoint: 2916 ns, Total: 126041 ns
[2023-02-24T08:25:38.535+0000][7][safepoint   ] Safepoint "ICBufferFull", Time since last: 1902042 ns, Reaching safepoint: 122292 ns, At safepoint: 2958 ns, Total: 125250 ns
[2023-02-24T08:25:38.539+0000][7][safepoint   ] Safepoint "ICBufferFull", Time since last: 3788333 ns, Reaching safepoint: 126500 ns, At safepoint: 3625 ns, Total: 130125 ns
[2023-02-24T08:25:38.546+0000][7][safepoint   ] Safepoint "ICBufferFull", Time since last: 6367500 ns, Reaching safepoint: 130709 ns, At safepoint: 2750 ns, Total: 133459 ns
[2023-02-24T08:25:38.548+0000][7][safepoint   ] Safepoint "ICBufferFull", Time since last: 1927291 ns, Reaching safepoint: 126542 ns, At safepoint: 2542 ns, Total: 129084 ns
[2023-02-24T08:25:38.550+0000][7][safepoint   ] Safepoint "ICBufferFull", Time since last: 1678208 ns, Reaching safepoint: 125542 ns, At safepoint: 2791 ns, Total: 128333 ns
[2023-02-24T08:25:38.551+0000][7][safepoint   ] Safepoint "ICBufferFull", Time since last: 1436459 ns, Reaching safepoint: 120125 ns, At safepoint: 4041 ns, Total: 124166 ns
[2023-02-24T08:25:38.559+0000][7][safepoint   ] Safepoint "ICBufferFull", Time since last: 1400375 ns, Reaching safepoint: 6590625 ns, At safepoint: 8000 ns, Total: 6598625 ns
[2023-02-24T08:25:38.563+0000][7][safepoint   ] Safepoint "ICBufferFull", Time since last: 3270834 ns, Reaching safepoint: 117708 ns, At safepoint: 2667 ns, Total: 120375 ns
[2023-02-24T08:25:38.576+0000][7][safepoint   ] Safepoint "ICBufferFull", Time since last: 10824666 ns, Reaching safepoint: 2593917 ns, At safepoint: 10125 ns, Total: 2604042 ns
[2023-02-24T08:25:38.585+0000][7][safepoint   ] Safepoint "ICBufferFull", Time since last: 6306042 ns, Reaching safepoint: 2499291 ns, At safepoint: 8125 ns, Total: 2507416 ns
[2023-02-24T08:25:38.589+0000][7][safepoint   ] Safepoint "ICBufferFull", Time since last: 4186417 ns, Reaching safepoint: 74875 ns, At safepoint: 2875 ns, Total: 77750 ns
[2023-02-24T08:25:38.593+0000][7][safepoint   ] Safepoint "ICBufferFull", Time since last: 3813458 ns, Reaching safepoint: 172292 ns, At safepoint: 3458 ns, Total: 175750 ns
[2023-02-24T08:25:38.595+0000][7][safepoint   ] Safepoint "ICBufferFull", Time since last: 1755750 ns, Reaching safepoint: 312709 ns, At safepoint: 3916 ns, Total: 316625 ns
[2023-02-24T08:25:38.596+0000][7][safepoint   ] Safepoint "ICBufferFull", Time since last: 1021250 ns, Reaching safepoint: 129834 ns, At safepoint: 2500 ns, Total: 132334 ns
[2023-02-24T08:25:38.597+0000][7][safepoint   ] Safepoint "ICBufferFull", Time since last: 1129416 ns, Reaching safepoint: 43917 ns, At safepoint: 2000 ns, Total: 45917 ns
[2023-02-24T08:25:38.599+0000][7][safepoint   ] Safepoint "ICBufferFull", Time since last: 1088333 ns, Reaching safepoint: 24584 ns, At safepoint: 1625 ns, Total: 26209 ns
[2023-02-24T08:25:38.600+0000][7][safepoint   ] Safepoint "ICBufferFull", Time since last: 1497458 ns, Reaching safepoint: 31750 ns, At safepoint: 1542 ns, Total: 33292 ns
[2023-02-24T08:25:38.601+0000][7][safepoint   ] Safepoint "ICBufferFull", Time since last: 938041 ns, Reaching safepoint: 23084 ns, At safepoint: 1375 ns, Total: 24459 ns
[2023-02-24T08:25:38.602+0000][7][safepoint   ] Safepoint "ICBufferFull", Time since last: 725875 ns, Reaching safepoint: 22666 ns, At safepoint: 1292 ns, Total: 23958 ns
[2023-02-24T08:25:38.603+0000][7][safepoint   ] Safepoint "ICBufferFull", Time since last: 1566458 ns, Reaching safepoint: 24417 ns, At safepoint: 1417 ns, Total: 25834 ns
[2023-02-24T08:25:38.605+0000][7][safepoint   ] Safepoint "ICBufferFull", Time since last: 1216541 ns, Reaching safepoint: 128250 ns, At safepoint: 1459 ns, Total: 129709 ns
[2023-02-24T08:25:38.606+0000][7][safepoint   ] Safepoint "ICBufferFull", Time since last: 968083 ns, Reaching safepoint: 28625 ns, At safepoint: 1417 ns, Total: 30042 ns
[2023-02-24T08:25:38.607+0000][7][safepoint   ] Safepoint "ICBufferFull", Time since last: 1104083 ns, Reaching safepoint: 27917 ns, At safepoint: 1291 ns, Total: 29208 ns
[2023-02-24T08:25:38.610+0000][7][safepoint   ] Safepoint "ICBufferFull", Time since last: 3341209 ns, Reaching safepoint: 39833 ns, At safepoint: 1750 ns, Total: 41583 ns
[2023-02-24T08:25:38.612+0000][7][safepoint   ] Safepoint "ICBufferFull", Time since last: 1417792 ns, Reaching safepoint: 32791 ns, At safepoint: 1417 ns, Total: 34208 ns
[2023-02-24T08:25:38.612+0000][7][safepoint   ] Safepoint "ICBufferFull", Time since last: 697292 ns, Reaching safepoint: 21541 ns, At safepoint: 1334 ns, Total: 22875 ns
[2023-02-24T08:25:38.613+0000][7][safepoint   ] Safepoint "ICBufferFull", Time since last: 974708 ns, Reaching safepoint: 26792 ns, At safepoint: 1458 ns, Total: 28250 ns
[2023-02-24T08:25:38.615+0000][7][safepoint   ] Safepoint "ICBufferFull", Time since last: 1847125 ns, Reaching safepoint: 37625 ns, At safepoint: 1667 ns, Total: 39292 ns
[2023-02-24T08:25:38.616+0000][7][safepoint   ] Safepoint "ICBufferFull", Time since last: 989625 ns, Reaching safepoint: 27250 ns, At safepoint: 1458 ns, Total: 28708 ns
[2023-02-24T08:25:38.621+0000][7][safepoint   ] Safepoint "ICBufferFull", Time since last: 2265625 ns, Reaching safepoint: 2431583 ns, At safepoint: 3250 ns, Total: 2434833 ns
[2023-02-24T08:25:38.622+0000][7][safepoint   ] Safepoint "ICBufferFull", Time since last: 1203542 ns, Reaching safepoint: 126042 ns, At safepoint: 1583 ns, Total: 127625 ns
[2023-02-24T08:25:38.624+0000][7][safepoint   ] Safepoint "ICBufferFull", Time since last: 1029750 ns, Reaching safepoint: 361500 ns, At safepoint: 1792 ns, Total: 363292 ns
[2023-02-24T08:25:38.625+0000][7][safepoint   ] Safepoint "ICBufferFull", Time since last: 1092125 ns, Reaching safepoint: 199541 ns, At safepoint: 1584 ns, Total: 201125 ns
[2023-02-24T08:25:38.817+0000][7][safepoint   ] Safepoint "ICBufferFull", Time since last: 192108625 ns, Reaching safepoint: 142166 ns, At safepoint: 3125 ns, Total: 145291 ns
[2023-02-24T08:25:38.824+0000][7][safepoint   ] Safepoint "ICBufferFull", Time since last: 6799334 ns, Reaching safepoint: 42375 ns, At safepoint: 2000 ns, Total: 44375 ns
[2023-02-24T08:25:38.826+0000][7][safepoint   ] Safepoint "ICBufferFull", Time since last: 1328875 ns, Reaching safepoint: 490916 ns, At safepoint: 45625 ns, Total: 536541 ns
[2023-02-24T08:25:38.829+0000][7][safepoint   ] Safepoint "ICBufferFull", Time since last: 1240250 ns, Reaching safepoint: 1790167 ns, At safepoint: 5000 ns, Total: 1795167 ns
[2023-02-24T08:25:38.831+0000][7][safepoint   ] Safepoint "ICBufferFull", Time since last: 1265458 ns, Reaching safepoint: 955709 ns, At safepoint: 4333 ns, Total: 960042 ns
[2023-02-24T08:25:38.835+0000][7][safepoint   ] Safepoint "ICBufferFull", Time since last: 1354833 ns, Reaching safepoint: 2349500 ns, At safepoint: 7750 ns, Total: 2357250 ns
[2023-02-24T08:25:38.837+0000][7][safepoint   ] Safepoint "ICBufferFull", Time since last: 1356459 ns, Reaching safepoint: 228416 ns, At safepoint: 3792 ns, Total: 232208 ns
[2023-02-24T08:25:38.838+0000][7][safepoint   ] Safepoint "ICBufferFull", Time since last: 1364833 ns, Reaching safepoint: 209084 ns, At safepoint: 2375 ns, Total: 211459 ns
[2023-02-24T08:25:38.844+0000][7][safepoint   ] Safepoint "ICBufferFull", Time since last: 1820666 ns, Reaching safepoint: 3989834 ns, At safepoint: 15750 ns, Total: 4005584 ns
[2023-02-24T08:25:38.846+0000][7][safepoint   ] Safepoint "ICBufferFull", Time since last: 1700875 ns, Reaching safepoint: 372958 ns, At safepoint: 2583 ns, Total: 375541 ns
[2023-02-24T08:25:38.849+0000][7][safepoint   ] Safepoint "ICBufferFull", Time since last: 2279625 ns, Reaching safepoint: 220167 ns, At safepoint: 2375 ns, Total: 222542 ns
[2023-02-24T08:25:38.850+0000][7][safepoint   ] Safepoint "ICBufferFull", Time since last: 1266750 ns, Reaching safepoint: 173292 ns, At safepoint: 1958 ns, Total: 175250 ns
[2023-02-24T08:25:38.852+0000][7][safepoint   ] Safepoint "ICBufferFull", Time since last: 1350167 ns, Reaching safepoint: 663333 ns, At safepoint: 2750 ns, Total: 666083 ns
[2023-02-24T08:25:38.854+0000][7][safepoint   ] Safepoint "ICBufferFull", Time since last: 1316000 ns, Reaching safepoint: 233125 ns, At safepoint: 1875 ns, Total: 235000 ns
[2023-02-24T08:25:38.855+0000][7][safepoint   ] Safepoint "ICBufferFull", Time since last: 959792 ns, Reaching safepoint: 226583 ns, At safepoint: 1917 ns, Total: 228500 ns
[2023-02-24T08:25:38.859+0000][7][safepoint   ] Safepoint "ICBufferFull", Time since last: 1206833 ns, Reaching safepoint: 3007625 ns, At safepoint: 7875 ns, Total: 3015500 ns
[2023-02-24T08:25:38.861+0000][7][safepoint   ] Safepoint "ICBufferFull", Time since last: 1401208 ns, Reaching safepoint: 848584 ns, At safepoint: 3625 ns, Total: 852209 ns
[2023-02-24T08:25:38.866+0000][7][safepoint   ] Safepoint "ICBufferFull", Time since last: 4990000 ns, Reaching safepoint: 232041 ns, At safepoint: 2959 ns, Total: 235000 ns
[2023-02-24T08:25:38.872+0000][7][safepoint   ] Safepoint "ICBufferFull", Time since last: 5654958 ns, Reaching safepoint: 124500 ns, At safepoint: 2167 ns, Total: 126667 ns
[2023-02-24T08:25:38.876+0000][7][safepoint   ] Safepoint "ICBufferFull", Time since last: 3627041 ns, Reaching safepoint: 133959 ns, At safepoint: 4333 ns, Total: 138292 ns
[2023-02-24T08:25:38.878+0000][7][safepoint   ] Safepoint "ICBufferFull", Time since last: 1398333 ns, Reaching safepoint: 126917 ns, At safepoint: 1292 ns, Total: 128209 ns
[2023-02-24T08:25:38.880+0000][7][safepoint   ] Safepoint "ICBufferFull", Time since last: 1029333 ns, Reaching safepoint: 1631250 ns, At safepoint: 5625 ns, Total: 1636875 ns
[2023-02-24T08:25:39.141+0000][7][safepoint   ] Safepoint "ICBufferFull", Time since last: 260587917 ns, Reaching safepoint: 464208 ns, At safepoint: 4000 ns, Total: 468208 ns
[2023-02-24T08:25:39.572+0000][7][safepoint   ] Safepoint "ICBufferFull", Time since last: 427997000 ns, Reaching safepoint: 2740542 ns, At safepoint: 17292 ns, Total: 2757834 ns
[2023-02-24T08:25:39.666+0000][7][gc,start    ] GC(4) Pause Young (Normal) (G1 Evacuation Pause)
[2023-02-24T08:25:39.667+0000][7][gc,task     ] GC(4) Using 4 workers of 4 for evacuation
[2023-02-24T08:25:39.668+0000][7][gc,age      ] GC(4) Desired survivor size 12582912 bytes, new threshold 15 (max threshold 15)
[2023-02-24T08:25:39.689+0000][7][gc,age      ] GC(4) Age table with threshold 15 (max threshold 15)
[2023-02-24T08:25:39.690+0000][7][gc,age      ] GC(4) - age   1:    5329016 bytes,    5329016 total
[2023-02-24T08:25:39.691+0000][7][gc,age      ] GC(4) - age   2:    1163608 bytes,    6492624 total
[2023-02-24T08:25:39.692+0000][7][gc,age      ] GC(4) - age   3:    1917512 bytes,    8410136 total
[2023-02-24T08:25:39.693+0000][7][gc,phases   ] GC(4)   Pre Evacuate Collection Set: 0.2ms
[2023-02-24T08:25:39.693+0000][7][gc,phases   ] GC(4)   Merge Heap Roots: 0.0ms
[2023-02-24T08:25:39.694+0000][7][gc,phases   ] GC(4)   Evacuate Collection Set: 17.9ms
[2023-02-24T08:25:39.695+0000][7][gc,phases   ] GC(4)   Post Evacuate Collection Set: 1.7ms
[2023-02-24T08:25:39.695+0000][7][gc,phases   ] GC(4)   Other: 6.3ms
[2023-02-24T08:25:39.696+0000][7][gc,heap     ] GC(4) Eden regions: 184->0(298)
[2023-02-24T08:25:39.697+0000][7][gc,heap     ] GC(4) Survivor regions: 5->9(24)
[2023-02-24T08:25:39.697+0000][7][gc,heap     ] GC(4) Old regions: 4->4
[2023-02-24T08:25:39.698+0000][7][gc,heap     ] GC(4) Archive regions: 0->0
[2023-02-24T08:25:39.699+0000][7][gc,heap     ] GC(4) Humongous regions: 2->1
[2023-02-24T08:25:39.700+0000][7][gc,metaspace] GC(4) Metaspace: 26017K(26620K)->26017K(26620K) NonClass: 23124K(23548K)->23124K(23548K) Class: 2893K(3072K)->2893K(3072K)
[2023-02-24T08:25:39.701+0000][7][gc          ] GC(4) Pause Young (Normal) (G1 Evacuation Pause) 195M->13M(512M) 34.211ms
[2023-02-24T08:25:39.701+0000][7][gc,cpu      ] GC(4) User=0.01s Sys=0.01s Real=0.04s
[2023-02-24T08:25:39.702+0000][7][safepoint   ] Safepoint "G1CollectForAllocation", Time since last: 89706458 ns, Reaching safepoint: 4695833 ns, At safepoint: 35337667 ns, Total: 40033500 ns
[2023-02-24T08:25:40.705+0000][7][gc,start    ] GC(5) Pause Young (Normal) (G1 Evacuation Pause)
[2023-02-24T08:25:40.706+0000][7][gc,task     ] GC(5) Using 4 workers of 4 for evacuation
[2023-02-24T08:25:40.707+0000][7][gc,age      ] GC(5) Desired survivor size 20447232 bytes, new threshold 15 (max threshold 15)
[2023-02-24T08:25:40.735+0000][7][gc,age      ] GC(5) Age table with threshold 15 (max threshold 15)
[2023-02-24T08:25:40.736+0000][7][gc,age      ] GC(5) - age   1:    3890808 bytes,    3890808 total
[2023-02-24T08:25:40.737+0000][7][gc,age      ] GC(5) - age   2:    4318952 bytes,    8209760 total
[2023-02-24T08:25:40.738+0000][7][gc,age      ] GC(5) - age   3:    1163432 bytes,    9373192 total
[2023-02-24T08:25:40.739+0000][7][gc,age      ] GC(5) - age   4:    1917512 bytes,   11290704 total
[2023-02-24T08:25:40.740+0000][7][gc,phases   ] GC(5)   Pre Evacuate Collection Set: 0.9ms
[2023-02-24T08:25:40.742+0000][7][gc,phases   ] GC(5)   Merge Heap Roots: 0.1ms
[2023-02-24T08:25:40.743+0000][7][gc,phases   ] GC(5)   Evacuate Collection Set: 17.8ms
[2023-02-24T08:25:40.744+0000][7][gc,phases   ] GC(5)   Post Evacuate Collection Set: 8.3ms
[2023-02-24T08:25:40.745+0000][7][gc,phases   ] GC(5)   Other: 8.0ms
[2023-02-24T08:25:40.746+0000][7][gc,heap     ] GC(5) Eden regions: 298->0(295)
[2023-02-24T08:25:40.746+0000][7][gc,heap     ] GC(5) Survivor regions: 9->12(39)
[2023-02-24T08:25:40.747+0000][7][gc,heap     ] GC(5) Old regions: 4->4
[2023-02-24T08:25:40.748+0000][7][gc,heap     ] GC(5) Archive regions: 0->0
[2023-02-24T08:25:40.749+0000][7][gc,heap     ] GC(5) Humongous regions: 1->1
[2023-02-24T08:25:40.750+0000][7][gc,metaspace] GC(5) Metaspace: 27728K(28668K)->27728K(28668K) NonClass: 24643K(25340K)->24643K(25340K) Class: 3085K(3328K)->3085K(3328K)
[2023-02-24T08:25:40.752+0000][7][gc          ] GC(5) Pause Young (Normal) (G1 Evacuation Pause) 311M->16M(512M) 46.428ms
[2023-02-24T08:25:40.752+0000][7][gc,cpu      ] GC(5) User=0.01s Sys=0.00s Real=0.05s
[2023-02-24T08:25:40.753+0000][7][safepoint   ] Safepoint "G1CollectForAllocation", Time since last: 1003229459 ns, Reaching safepoint: 104208 ns, At safepoint: 47958750 ns, Total: 48062958 ns
[2023-02-24T08:25:41.504+0000][7][gc,start    ] GC(6) Pause Young (Normal) (G1 Evacuation Pause)
[2023-02-24T08:25:41.505+0000][7][gc,task     ] GC(6) Using 4 workers of 4 for evacuation
[2023-02-24T08:25:41.506+0000][7][gc,age      ] GC(6) Desired survivor size 20447232 bytes, new threshold 15 (max threshold 15)
[2023-02-24T08:25:41.547+0000][7][gc,age      ] GC(6) Age table with threshold 15 (max threshold 15)
[2023-02-24T08:25:41.548+0000][7][gc,age      ] GC(6) - age   1:     889152 bytes,     889152 total
[2023-02-24T08:25:41.549+0000][7][gc,age      ] GC(6) - age   2:    3278320 bytes,    4167472 total
[2023-02-24T08:25:41.550+0000][7][gc,age      ] GC(6) - age   3:    4314648 bytes,    8482120 total
[2023-02-24T08:25:41.551+0000][7][gc,age      ] GC(6) - age   4:    1163288 bytes,    9645408 total
[2023-02-24T08:25:41.553+0000][7][gc,age      ] GC(6) - age   5:    1917512 bytes,   11562920 total
[2023-02-24T08:25:41.554+0000][7][gc,phases   ] GC(6)   Pre Evacuate Collection Set: 8.9ms
[2023-02-24T08:25:41.555+0000][7][gc,phases   ] GC(6)   Merge Heap Roots: 0.4ms
[2023-02-24T08:25:41.555+0000][7][gc,phases   ] GC(6)   Evacuate Collection Set: 21.3ms
[2023-02-24T08:25:41.556+0000][7][gc,phases   ] GC(6)   Post Evacuate Collection Set: 8.9ms
[2023-02-24T08:25:41.557+0000][7][gc,phases   ] GC(6)   Other: 10.1ms
[2023-02-24T08:25:41.559+0000][7][gc,heap     ] GC(6) Eden regions: 295->0(295)
[2023-02-24T08:25:41.559+0000][7][gc,heap     ] GC(6) Survivor regions: 12->12(39)
[2023-02-24T08:25:41.560+0000][7][gc,heap     ] GC(6) Old regions: 4->4
[2023-02-24T08:25:41.561+0000][7][gc,heap     ] GC(6) Archive regions: 0->0
[2023-02-24T08:25:41.562+0000][7][gc,heap     ] GC(6) Humongous regions: 1->1
[2023-02-24T08:25:41.562+0000][7][gc,metaspace] GC(6) Metaspace: 28109K(29308K)->28109K(29308K) NonClass: 24954K(25852K)->24954K(25852K) Class: 3154K(3456K)->3154K(3456K)
[2023-02-24T08:25:41.563+0000][7][gc          ] GC(6) Pause Young (Normal) (G1 Evacuation Pause) 311M->16M(512M) 58.887ms
[2023-02-24T08:25:41.564+0000][7][gc,cpu      ] GC(6) User=0.01s Sys=0.00s Real=0.06s
[2023-02-24T08:25:41.565+0000][7][safepoint   ] Safepoint "G1CollectForAllocation", Time since last: 751119209 ns, Reaching safepoint: 165791 ns, At safepoint: 60789292 ns, Total: 60955083 ns
[2023-02-24T08:25:42.135+0000][7][gc,start    ] GC(7) Pause Young (Normal) (G1 Evacuation Pause)
[2023-02-24T08:25:42.137+0000][7][gc,task     ] GC(7) Using 4 workers of 4 for evacuation
[2023-02-24T08:25:42.138+0000][7][gc,age      ] GC(7) Desired survivor size 20447232 bytes, new threshold 15 (max threshold 15)
[2023-02-24T08:25:42.170+0000][7][gc,age      ] GC(7) Age table with threshold 15 (max threshold 15)
[2023-02-24T08:25:42.171+0000][7][gc,age      ] GC(7) - age   1:    3054512 bytes,    3054512 total
[2023-02-24T08:25:42.172+0000][7][gc,age      ] GC(7) - age   2:     647152 bytes,    3701664 total
[2023-02-24T08:25:42.173+0000][7][gc,age      ] GC(7) - age   3:    3276544 bytes,    6978208 total
[2023-02-24T08:25:42.174+0000][7][gc,age      ] GC(7) - age   4:    4314208 bytes,   11292416 total
[2023-02-24T08:25:42.175+0000][7][gc,age      ] GC(7) - age   5:    1163288 bytes,   12455704 total
[2023-02-24T08:25:42.176+0000][7][gc,age      ] GC(7) - age   6:    1917512 bytes,   14373216 total
[2023-02-24T08:25:42.180+0000][7][gc,phases   ] GC(7)   Pre Evacuate Collection Set: 1.2ms
[2023-02-24T08:25:42.181+0000][7][gc,phases   ] GC(7)   Merge Heap Roots: 0.9ms
[2023-02-24T08:25:42.182+0000][7][gc,phases   ] GC(7)   Evacuate Collection Set: 15.4ms
[2023-02-24T08:25:42.183+0000][7][gc,phases   ] GC(7)   Post Evacuate Collection Set: 14.1ms
[2023-02-24T08:25:42.184+0000][7][gc,phases   ] GC(7)   Other: 13.3ms
[2023-02-24T08:25:42.185+0000][7][gc,heap     ] GC(7) Eden regions: 295->0(292)
[2023-02-24T08:25:42.186+0000][7][gc,heap     ] GC(7) Survivor regions: 12->15(39)
[2023-02-24T08:25:42.186+0000][7][gc,heap     ] GC(7) Old regions: 4->4
[2023-02-24T08:25:42.187+0000][7][gc,heap     ] GC(7) Archive regions: 0->0
[2023-02-24T08:25:42.188+0000][7][gc,heap     ] GC(7) Humongous regions: 1->1
[2023-02-24T08:25:42.189+0000][7][gc,metaspace] GC(7) Metaspace: 28625K(29948K)->28625K(29948K) NonClass: 25391K(26364K)->25391K(26364K) Class: 3233K(3584K)->3233K(3584K)
[2023-02-24T08:25:42.190+0000][7][gc          ] GC(7) Pause Young (Normal) (G1 Evacuation Pause) 311M->19M(512M) 54.467ms
[2023-02-24T08:25:42.190+0000][7][gc,cpu      ] GC(7) User=0.02s Sys=0.00s Real=0.06s
[2023-02-24T08:25:42.191+0000][7][safepoint   ] Safepoint "G1CollectForAllocation", Time since last: 569738709 ns, Reaching safepoint: 176291 ns, At safepoint: 56159334 ns, Total: 56335625 ns
[2023-02-24T08:25:42.887+0000][7][safepoint   ] Safepoint "ICBufferFull", Time since last: 695112583 ns, Reaching safepoint: 172625 ns, At safepoint: 7042 ns, Total: 179667 ns
[2023-02-24T08:25:43.026+0000][7][gc,start    ] GC(8) Pause Young (Concurrent Start) (Metadata GC Threshold)
[2023-02-24T08:25:43.027+0000][7][gc,task     ] GC(8) Using 4 workers of 4 for evacuation
[2023-02-24T08:25:43.028+0000][7][gc,age      ] GC(8) Desired survivor size 20447232 bytes, new threshold 15 (max threshold 15)
[2023-02-24T08:25:43.052+0000][7][gc,age      ] GC(8) Age table with threshold 15 (max threshold 15)
[2023-02-24T08:25:43.053+0000][7][gc,age      ] GC(8) - age   1:    2242568 bytes,    2242568 total
[2023-02-24T08:25:43.054+0000][7][gc,age      ] GC(8) - age   2:    2258400 bytes,    4500968 total
[2023-02-24T08:25:43.055+0000][7][gc,age      ] GC(8) - age   3:     630776 bytes,    5131744 total
[2023-02-24T08:25:43.055+0000][7][gc,age      ] GC(8) - age   4:    3260944 bytes,    8392688 total
[2023-02-24T08:25:43.056+0000][7][gc,age      ] GC(8) - age   5:    4301088 bytes,   12693776 total
[2023-02-24T08:25:43.057+0000][7][gc,age      ] GC(8) - age   6:    1133000 bytes,   13826776 total
[2023-02-24T08:25:43.057+0000][7][gc,age      ] GC(8) - age   7:    1914712 bytes,   15741488 total
[2023-02-24T08:25:43.058+0000][7][gc,phases   ] GC(8)   Pre Evacuate Collection Set: 0.1ms
[2023-02-24T08:25:43.058+0000][7][gc,phases   ] GC(8)   Merge Heap Roots: 0.0ms
[2023-02-24T08:25:43.059+0000][7][gc,phases   ] GC(8)   Evacuate Collection Set: 17.8ms
[2023-02-24T08:25:43.060+0000][7][gc,phases   ] GC(8)   Post Evacuate Collection Set: 4.9ms
[2023-02-24T08:25:43.060+0000][7][gc,phases   ] GC(8)   Other: 8.7ms
[2023-02-24T08:25:43.061+0000][7][gc,heap     ] GC(8) Eden regions: 127->0(291)
[2023-02-24T08:25:43.061+0000][7][gc,heap     ] GC(8) Survivor regions: 15->16(39)
[2023-02-24T08:25:43.062+0000][7][gc,heap     ] GC(8) Old regions: 4->4
[2023-02-24T08:25:43.062+0000][7][gc,heap     ] GC(8) Archive regions: 0->0
[2023-02-24T08:25:43.063+0000][7][gc,heap     ] GC(8) Humongous regions: 1->1
[2023-02-24T08:25:43.064+0000][7][gc,metaspace] GC(8) Metaspace: 34420K(36048K)->34420K(36048K) NonClass: 30433K(31696K)->30433K(31696K) Class: 3987K(4352K)->3987K(4352K)
[2023-02-24T08:25:43.064+0000][7][gc          ] GC(8) Pause Young (Concurrent Start) (Metadata GC Threshold) 146M->21M(512M) 37.964ms
[2023-02-24T08:25:43.065+0000][7][gc,cpu      ] GC(8) User=0.01s Sys=0.00s Real=0.04s
[2023-02-24T08:25:43.066+0000][7][gc          ] GC(9) Concurrent Cycle
[2023-02-24T08:25:43.066+0000][7][safepoint   ] Safepoint "CollectForMetadataAllocation", Time since last: 136895708 ns, Reaching safepoint: 2860417 ns, At safepoint: 40022250 ns, Total: 42882667 ns
[2023-02-24T08:25:43.068+0000][7][gc,marking  ] GC(9) Concurrent Clear Claimed Marks
[2023-02-24T08:25:43.069+0000][7][gc,marking  ] GC(9) Concurrent Clear Claimed Marks 1.546ms
[2023-02-24T08:25:43.070+0000][7][gc,marking  ] GC(9) Concurrent Scan Root Regions
[2023-02-24T08:25:43.078+0000][7][gc,marking  ] GC(9) Concurrent Scan Root Regions 8.450ms
[2023-02-24T08:25:43.080+0000][7][gc,marking  ] GC(9) Concurrent Mark (8.609s)
[2023-02-24T08:25:43.081+0000][7][gc,marking  ] GC(9) Concurrent Mark From Roots
[2023-02-24T08:25:43.081+0000][7][gc,task     ] GC(9) Using 1 workers of 1 for marking
[2023-02-24T08:25:43.093+0000][7][safepoint   ] Safepoint "CollectForMetadataAllocation", Time since last: 22408500 ns, Reaching safepoint: 4381708 ns, At safepoint: 83709 ns, Total: 4465417 ns
[2023-02-24T08:25:43.095+0000][7][gc,marking  ] GC(9) Concurrent Mark From Roots 13.782ms
[2023-02-24T08:25:43.097+0000][7][gc,marking  ] GC(9) Concurrent Preclean
[2023-02-24T08:25:43.098+0000][7][gc,marking  ] GC(9) Concurrent Preclean 0.771ms
[2023-02-24T08:25:43.099+0000][7][gc,marking  ] GC(9) Concurrent Mark (8.609s, 8.627s) 18.404ms
[2023-02-24T08:25:43.100+0000][7][gc,start    ] GC(9) Pause Remark
[2023-02-24T08:25:43.107+0000][7][gc          ] GC(9) Pause Remark 23M->23M(512M) 7.482ms
[2023-02-24T08:25:43.108+0000][7][gc,cpu      ] GC(9) User=0.00s Sys=0.00s Real=0.00s
[2023-02-24T08:25:43.109+0000][7][safepoint   ] Safepoint "G1Concurrent", Time since last: 6136125 ns, Reaching safepoint: 402291 ns, At safepoint: 9589375 ns, Total: 9991666 ns
[2023-02-24T08:25:43.110+0000][7][gc,marking  ] GC(9) Concurrent Rebuild Remembered Sets
[2023-02-24T08:25:43.113+0000][7][gc,marking  ] GC(9) Concurrent Rebuild Remembered Sets 2.677ms
[2023-02-24T08:25:43.117+0000][7][gc,start    ] GC(9) Pause Cleanup
[2023-02-24T08:25:43.118+0000][7][gc          ] GC(9) Pause Cleanup 23M->23M(512M) 0.943ms
[2023-02-24T08:25:43.119+0000][7][gc,cpu      ] GC(9) User=0.00s Sys=0.00s Real=0.01s
[2023-02-24T08:25:43.120+0000][7][safepoint   ] Safepoint "G1Concurrent", Time since last: 4749834 ns, Reaching safepoint: 3116666 ns, At safepoint: 2663500 ns, Total: 5780166 ns
[2023-02-24T08:25:43.121+0000][7][gc,marking  ] GC(9) Concurrent Cleanup for Next Mark
[2023-02-24T08:25:43.122+0000][7][gc,marking  ] GC(9) Concurrent Cleanup for Next Mark 1.121ms
[2023-02-24T08:25:43.123+0000][7][gc          ] GC(9) Concurrent Cycle 57.327ms
[2023-02-24T08:25:43.980+0000][7][safepoint   ] Safepoint "ICBufferFull", Time since last: 860207584 ns, Reaching safepoint: 261209 ns, At safepoint: 3250 ns, Total: 264459 ns
[2023-02-24T08:25:44.888+0000][7][safepoint   ] Safepoint "ICBufferFull", Time since last: 907437583 ns, Reaching safepoint: 233542 ns, At safepoint: 6792 ns, Total: 240334 ns
[2023-02-24T08:25:45.890+0000][7][safepoint   ] Safepoint "Cleanup", Time since last: 1001370875 ns, Reaching safepoint: 120792 ns, At safepoint: 2583 ns, Total: 123375 ns
[2023-02-24T08:25:46.454+0000][7][safepoint   ] Safepoint "ICBufferFull", Time since last: 564389500 ns, Reaching safepoint: 250875 ns, At safepoint: 3000 ns, Total: 253875 ns
[2023-02-24T08:25:46.567+0000][7][gc,start    ] GC(10) Pause Young (Concurrent Start) (G1 Evacuation Pause)
[2023-02-24T08:25:46.568+0000][7][gc,task     ] GC(10) Using 4 workers of 4 for evacuation
[2023-02-24T08:25:46.570+0000][7][gc,age      ] GC(10) Desired survivor size 20447232 bytes, new threshold 15 (max threshold 15)
[2023-02-24T08:25:46.666+0000][7][gc,age      ] GC(10) Age table with threshold 15 (max threshold 15)
[2023-02-24T08:25:46.666+0000][7][gc,age      ] GC(10) - age   1:   24938184 bytes,   24938184 total
[2023-02-24T08:25:46.667+0000][7][gc,age      ] GC(10) - age   2:    2145496 bytes,   27083680 total
[2023-02-24T08:25:46.668+0000][7][gc,age      ] GC(10) - age   3:    2257824 bytes,   29341504 total
[2023-02-24T08:25:46.669+0000][7][gc,age      ] GC(10) - age   4:     630376 bytes,   29971880 total
[2023-02-24T08:25:46.670+0000][7][gc,age      ] GC(10) - age   5:    3249632 bytes,   33221512 total
[2023-02-24T08:25:46.671+0000][7][gc,age      ] GC(10) - age   6:    4275096 bytes,   37496608 total
[2023-02-24T08:25:46.671+0000][7][gc,age      ] GC(10) - age   7:    1112504 bytes,   38609112 total
[2023-02-24T08:25:46.672+0000][7][gc,age      ] GC(10) - age   8:    1906488 bytes,   40515600 total
[2023-02-24T08:25:46.673+0000][7][gc,phases   ] GC(10)   Pre Evacuate Collection Set: 0.3ms
[2023-02-24T08:25:46.674+0000][7][gc,phases   ] GC(10)   Merge Heap Roots: 0.2ms
[2023-02-24T08:25:46.675+0000][7][gc,phases   ] GC(10)   Evacuate Collection Set: 74.1ms
[2023-02-24T08:25:46.675+0000][7][gc,phases   ] GC(10)   Post Evacuate Collection Set: 20.7ms
[2023-02-24T08:25:46.676+0000][7][gc,phases   ] GC(10)   Other: 10.6ms
[2023-02-24T08:25:46.677+0000][7][gc,heap     ] GC(10) Eden regions: 291->0(268)
[2023-02-24T08:25:46.677+0000][7][gc,heap     ] GC(10) Survivor regions: 16->39(39)
[2023-02-24T08:25:46.678+0000][7][gc,heap     ] GC(10) Old regions: 4->10
[2023-02-24T08:25:46.678+0000][7][gc,heap     ] GC(10) Archive regions: 0->0
[2023-02-24T08:25:46.679+0000][7][gc,heap     ] GC(10) Humongous regions: 1->1
[2023-02-24T08:25:46.680+0000][7][gc,metaspace] GC(10) Metaspace: 43253K(45468K)->43253K(45468K) NonClass: 38015K(39580K)->38015K(39580K) Class: 5237K(5888K)->5237K(5888K)
[2023-02-24T08:25:46.680+0000][7][gc          ] GC(10) Pause Young (Concurrent Start) (G1 Evacuation Pause) 312M->49M(512M) 112.923ms
[2023-02-24T08:25:46.681+0000][7][gc,cpu      ] GC(10) User=0.10s Sys=0.00s Real=0.12s
[2023-02-24T08:25:46.681+0000][7][safepoint   ] Safepoint "G1CollectForAllocation", Time since last: 112959709 ns, Reaching safepoint: 137875 ns, At safepoint: 114201000 ns, Total: 114338875 ns
[2023-02-24T08:25:46.682+0000][7][gc          ] GC(11) Concurrent Cycle
[2023-02-24T08:25:46.685+0000][7][gc,marking  ] GC(11) Concurrent Clear Claimed Marks
[2023-02-24T08:25:46.689+0000][7][gc,marking  ] GC(11) Concurrent Clear Claimed Marks 4.181ms
[2023-02-24T08:25:46.693+0000][7][gc,marking  ] GC(11) Concurrent Scan Root Regions
[2023-02-24T08:25:46.732+0000][7][gc,marking  ] GC(11) Concurrent Scan Root Regions 39.628ms
[2023-02-24T08:25:46.735+0000][7][gc,marking  ] GC(11) Concurrent Mark (12.263s)
[2023-02-24T08:25:46.735+0000][7][gc,marking  ] GC(11) Concurrent Mark From Roots
[2023-02-24T08:25:46.736+0000][7][gc,task     ] GC(11) Using 1 workers of 1 for marking
[2023-02-24T08:25:46.741+0000][7][gc,marking  ] GC(11) Concurrent Mark From Roots 5.676ms
[2023-02-24T08:25:46.742+0000][7][gc,marking  ] GC(11) Concurrent Preclean
[2023-02-24T08:25:46.743+0000][7][gc,marking  ] GC(11) Concurrent Preclean 1.476ms
[2023-02-24T08:25:46.744+0000][7][gc,marking  ] GC(11) Concurrent Mark (12.263s, 12.273s) 9.226ms
[2023-02-24T08:25:46.747+0000][7][gc,start    ] GC(11) Pause Remark
[2023-02-24T08:25:46.776+0000][7][gc          ] GC(11) Pause Remark 80M->80M(512M) 29.250ms
[2023-02-24T08:25:46.777+0000][7][gc,cpu      ] GC(11) User=0.00s Sys=0.00s Real=0.03s
[2023-02-24T08:25:46.778+0000][7][safepoint   ] Safepoint "G1Concurrent", Time since last: 63378458 ns, Reaching safepoint: 1761875 ns, At safepoint: 30921292 ns, Total: 32683167 ns
[2023-02-24T08:25:46.779+0000][7][gc,marking  ] GC(11) Concurrent Rebuild Remembered Sets
[2023-02-24T08:25:46.799+0000][7][gc,marking  ] GC(11) Concurrent Rebuild Remembered Sets 20.625ms
[2023-02-24T08:25:46.804+0000][7][gc,start    ] GC(11) Pause Cleanup
[2023-02-24T08:25:46.805+0000][7][gc          ] GC(11) Pause Cleanup 80M->80M(512M) 1.149ms
[2023-02-24T08:25:46.806+0000][7][gc,cpu      ] GC(11) User=0.00s Sys=0.00s Real=0.00s
[2023-02-24T08:25:46.807+0000][7][safepoint   ] Safepoint "G1Concurrent", Time since last: 22662792 ns, Reaching safepoint: 3761000 ns, At safepoint: 3136708 ns, Total: 6897708 ns
[2023-02-24T08:25:46.808+0000][7][gc,marking  ] GC(11) Concurrent Cleanup for Next Mark
[2023-02-24T08:25:46.813+0000][7][gc,marking  ] GC(11) Concurrent Cleanup for Next Mark 4.241ms
[2023-02-24T08:25:46.817+0000][7][gc          ] GC(11) Concurrent Cycle 134.590ms
[2023-02-24T08:25:47.286+0000][7][safepoint   ] Safepoint "ICBufferFull", Time since last: 478808625 ns, Reaching safepoint: 306167 ns, At safepoint: 3583 ns, Total: 309750 ns
[2023-02-24T08:25:48.477+0000][7][safepoint   ] Safepoint "Cleanup", Time since last: 1184849376 ns, Reaching safepoint: 6157458 ns, At safepoint: 6583 ns, Total: 6164041 ns
[2023-02-24T08:25:48.988+0000][7][safepoint   ] Safepoint "ICBufferFull", Time since last: 509857084 ns, Reaching safepoint: 1251333 ns, At safepoint: 10125 ns, Total: 1261458 ns
[2023-02-24T08:25:49.850+0000][7][safepoint   ] Safepoint "ICBufferFull", Time since last: 861704251 ns, Reaching safepoint: 103083 ns, At safepoint: 1792 ns, Total: 104875 ns
[2023-02-24T08:25:50.057+0000][7][safepoint   ] Safepoint "ICBufferFull", Time since last: 206162416 ns, Reaching safepoint: 201917 ns, At safepoint: 2375 ns, Total: 204292 ns
[2023-02-24T08:25:50.503+0000][7][safepoint   ] Safepoint "ICBufferFull", Time since last: 446532959 ns, Reaching safepoint: 260208 ns, At safepoint: 2375 ns, Total: 262583 ns
[2023-02-24T08:25:51.214+0000][7][gc,start    ] GC(12) Pause Young (Concurrent Start) (Metadata GC Threshold)
[2023-02-24T08:25:51.215+0000][7][gc,task     ] GC(12) Using 4 workers of 4 for evacuation
[2023-02-24T08:25:51.216+0000][7][gc,age      ] GC(12) Desired survivor size 20447232 bytes, new threshold 1 (max threshold 15)
[2023-02-24T08:25:51.346+0000][7][gc,age      ] GC(12) Age table with threshold 1 (max threshold 15)
[2023-02-24T08:25:51.348+0000][7][gc,age      ] GC(12) - age   1:   12075480 bytes,   12075480 total
[2023-02-24T08:25:51.350+0000][7][gc,phases   ] GC(12)   Pre Evacuate Collection Set: 0.2ms
[2023-02-24T08:25:51.350+0000][7][gc,phases   ] GC(12)   Merge Heap Roots: 0.2ms
[2023-02-24T08:25:51.352+0000][7][gc,phases   ] GC(12)   Evacuate Collection Set: 127.4ms
[2023-02-24T08:25:51.353+0000][7][gc,phases   ] GC(12)   Post Evacuate Collection Set: 2.0ms
[2023-02-24T08:25:51.354+0000][7][gc,phases   ] GC(12)   Other: 6.4ms
[2023-02-24T08:25:51.355+0000][7][gc,heap     ] GC(12) Eden regions: 216->0(281)
[2023-02-24T08:25:51.357+0000][7][gc,heap     ] GC(12) Survivor regions: 39->13(39)
[2023-02-24T08:25:51.359+0000][7][gc,heap     ] GC(12) Old regions: 10->48
[2023-02-24T08:25:51.360+0000][7][gc,heap     ] GC(12) Archive regions: 0->0
[2023-02-24T08:25:51.361+0000][7][gc,heap     ] GC(12) Humongous regions: 1->1
[2023-02-24T08:25:51.363+0000][7][gc,metaspace] GC(12) Metaspace: 72089K(75676K)->72089K(75676K) NonClass: 62617K(65180K)->62617K(65180K) Class: 9471K(10496K)->9471K(10496K)
[2023-02-24T08:25:51.364+0000][7][gc          ] GC(12) Pause Young (Concurrent Start) (Metadata GC Threshold) 264M->62M(512M) 149.966ms
[2023-02-24T08:25:51.364+0000][7][gc,cpu      ] GC(12) User=0.09s Sys=0.00s Real=0.15s
[2023-02-24T08:25:51.365+0000][7][safepoint   ] Safepoint "CollectForMetadataAllocation", Time since last: 709410542 ns, Reaching safepoint: 875083 ns, At safepoint: 151727167 ns, Total: 152602250 ns
[2023-02-24T08:25:51.365+0000][7][gc          ] GC(13) Concurrent Cycle
[2023-02-24T08:25:51.371+0000][7][gc,marking  ] GC(13) Concurrent Clear Claimed Marks
[2023-02-24T08:25:51.372+0000][7][gc,marking  ] GC(13) Concurrent Clear Claimed Marks 1.060ms
[2023-02-24T08:25:51.373+0000][7][gc,marking  ] GC(13) Concurrent Scan Root Regions
[2023-02-24T08:25:51.411+0000][7][safepoint   ] Safepoint "CollectForMetadataAllocation", Time since last: 45907708 ns, Reaching safepoint: 50750 ns, At safepoint: 67750 ns, Total: 118500 ns
[2023-02-24T08:25:51.450+0000][7][gc,marking  ] GC(13) Concurrent Scan Root Regions 76.913ms
[2023-02-24T08:25:51.451+0000][7][gc,marking  ] GC(13) Concurrent Mark (16.980s)
[2023-02-24T08:25:51.453+0000][7][gc,marking  ] GC(13) Concurrent Mark From Roots
[2023-02-24T08:25:51.455+0000][7][gc,task     ] GC(13) Using 1 workers of 1 for marking
[2023-02-24T08:25:51.489+0000][7][gc,marking  ] GC(13) Concurrent Mark From Roots 36.448ms
[2023-02-24T08:25:51.491+0000][7][gc,marking  ] GC(13) Concurrent Preclean
[2023-02-24T08:25:51.500+0000][7][gc,marking  ] GC(13) Concurrent Preclean 9.573ms
[2023-02-24T08:25:51.501+0000][7][gc,marking  ] GC(13) Concurrent Mark (16.980s, 17.030s) 49.603ms
[2023-02-24T08:25:51.502+0000][7][gc,start    ] GC(13) Pause Remark
[2023-02-24T08:25:51.530+0000][7][gc          ] GC(13) Pause Remark 66M->66M(512M) 27.949ms
[2023-02-24T08:25:51.531+0000][7][gc,cpu      ] GC(13) User=0.02s Sys=0.00s Real=0.03s
[2023-02-24T08:25:51.533+0000][7][safepoint   ] Safepoint "G1Concurrent", Time since last: 90341334 ns, Reaching safepoint: 535333 ns, At safepoint: 30407125 ns, Total: 30942458 ns
[2023-02-24T08:25:51.538+0000][7][gc,marking  ] GC(13) Concurrent Rebuild Remembered Sets
[2023-02-24T08:25:51.614+0000][7][gc,marking  ] GC(13) Concurrent Rebuild Remembered Sets 76.000ms
[2023-02-24T08:25:51.616+0000][7][gc,start    ] GC(13) Pause Cleanup
[2023-02-24T08:25:51.617+0000][7][gc          ] GC(13) Pause Cleanup 68M->68M(512M) 0.928ms
[2023-02-24T08:25:51.622+0000][7][gc,cpu      ] GC(13) User=0.00s Sys=0.00s Real=0.01s
[2023-02-24T08:25:51.624+0000][7][safepoint   ] Safepoint "G1Concurrent", Time since last: 82685125 ns, Reaching safepoint: 534292 ns, At safepoint: 7658167 ns, Total: 8192459 ns
[2023-02-24T08:25:51.625+0000][7][gc,marking  ] GC(13) Concurrent Cleanup for Next Mark
[2023-02-24T08:25:51.626+0000][7][gc,marking  ] GC(13) Concurrent Cleanup for Next Mark 1.669ms
[2023-02-24T08:25:51.628+0000][7][gc          ] GC(13) Concurrent Cycle 262.181ms
[2023-02-24T08:25:52.000+0000][7][safepoint   ] Safepoint "ICBufferFull", Time since last: 376492375 ns, Reaching safepoint: 117458 ns, At safepoint: 1875 ns, Total: 119333 ns
[2023-02-24T08:25:52.572+0000][7][safepoint   ] Safepoint "ICBufferFull", Time since last: 570791750 ns, Reaching safepoint: 694167 ns, At safepoint: 4500 ns, Total: 698667 ns
[2023-02-24T08:25:53.089+0000][7][safepoint   ] Safepoint "ICBufferFull", Time since last: 517426250 ns, Reaching safepoint: 140834 ns, At safepoint: 24000 ns, Total: 164834 ns
[2023-02-24T08:25:53.536+0000][7][gc,heap,exit] Heap
[2023-02-24T08:25:53.538+0000][7][gc,heap,exit]  garbage-first heap   total 524288K, used 158720K [0x00000000e0000000, 0x0000000100000000)
[2023-02-24T08:25:53.540+0000][7][gc,heap,exit]   region size 1024K, 107 young (109568K), 13 survivors (13312K)
[2023-02-24T08:25:53.540+0000][7][gc,heap,exit]  Metaspace       used 86298K, capacity 89298K, committed 90320K, reserved 1128448K
[2023-02-24T08:25:53.541+0000][7][gc,heap,exit]   class space    used 11403K, capacity 12371K, committed 12416K, reserved 1048576K
