[2023-02-24T08:26:25.537+0000][6][gc] Using G1
[2023-02-24T08:26:25.747+0000][6][gc,init] Version: 15+36-1562 (release)
[2023-02-24T08:26:25.748+0000][6][gc,init] CPUs: 4 total, 4 available
[2023-02-24T08:26:25.749+0000][6][gc,init] Memory: 7951M
[2023-02-24T08:26:25.750+0000][6][gc,init] Large Page Support: Disabled
[2023-02-24T08:26:25.751+0000][6][gc,init] NUMA Support: Disabled
[2023-02-24T08:26:25.752+0000][6][gc,init] Compressed Oops: Enabled (32-bit)
[2023-02-24T08:26:25.752+0000][6][gc,init] Heap Region Size: 1M
[2023-02-24T08:26:25.753+0000][6][gc,init] Heap Min Capacity: 512M
[2023-02-24T08:26:25.754+0000][6][gc,init] Heap Initial Capacity: 512M
[2023-02-24T08:26:25.755+0000][6][gc,init] Heap Max Capacity: 512M
[2023-02-24T08:26:25.756+0000][6][gc,init] Pre-touch: Enabled
[2023-02-24T08:26:25.757+0000][6][gc,init] Parallel Workers: 4
[2023-02-24T08:26:25.758+0000][6][gc,init] Concurrent Workers: 1
[2023-02-24T08:26:25.758+0000][6][gc,init] Concurrent Refinement Workers: 4
[2023-02-24T08:26:25.759+0000][6][gc,init] Periodic GC: Disabled
[2023-02-24T08:26:25.760+0000][6][gc,metaspace] CDS disabled.
[2023-02-24T08:26:25.761+0000][6][gc,metaspace] Compressed class space mapped at: 0x0000000100000000-0x0000000140000000, size: 1073741824
[2023-02-24T08:26:25.762+0000][6][gc,metaspace] Narrow klass base: 0x0000000000000000, Narrow klass shift: 3, Narrow klass range: 0x140000000
[2023-02-24T08:26:26.321+0000][6][safepoint   ] Safepoint "ICBufferFull", Time since last: 533898417 ns, Reaching safepoint: 1210917 ns, At safepoint: 3000 ns, Total: 1213917 ns
[2023-02-24T08:26:26.641+0000][6][safepoint   ] Safepoint "ICBufferFull", Time since last: 318652708 ns, Reaching safepoint: 1602584 ns, At safepoint: 2291 ns, Total: 1604875 ns
[2023-02-24T08:26:26.927+0000][6][safepoint   ] Safepoint "ICBufferFull", Time since last: 285654250 ns, Reaching safepoint: 81875 ns, At safepoint: 2167 ns, Total: 84042 ns
[2023-02-24T08:26:27.070+0000][6][gc,start    ] GC(0) Pause Young (Normal) (G1 Evacuation Pause)
[2023-02-24T08:26:27.078+0000][6][gc,task     ] GC(0) Using 4 workers of 4 for evacuation
[2023-02-24T08:26:27.079+0000][6][gc,age      ] GC(0) Desired survivor size 2097152 bytes, new threshold 15 (max threshold 15)
[2023-02-24T08:26:27.086+0000][6][gc,age      ] GC(0) Age table with threshold 15 (max threshold 15)
[2023-02-24T08:26:27.087+0000][6][gc,age      ] GC(0) - age   1:    3915224 bytes,    3915224 total
[2023-02-24T08:26:27.088+0000][6][gc,phases   ] GC(0)   Pre Evacuate Collection Set: 0.1ms
[2023-02-24T08:26:27.089+0000][6][gc,phases   ] GC(0)   Merge Heap Roots: 0.0ms
[2023-02-24T08:26:27.091+0000][6][gc,phases   ] GC(0)   Evacuate Collection Set: 5.5ms
[2023-02-24T08:26:27.092+0000][6][gc,phases   ] GC(0)   Post Evacuate Collection Set: 0.5ms
[2023-02-24T08:26:27.092+0000][6][gc,phases   ] GC(0)   Other: 12.1ms
[2023-02-24T08:26:27.093+0000][6][gc,heap     ] GC(0) Eden regions: 25->0(25)
[2023-02-24T08:26:27.094+0000][6][gc,heap     ] GC(0) Survivor regions: 0->4(4)
[2023-02-24T08:26:27.095+0000][6][gc,heap     ] GC(0) Old regions: 0->0
[2023-02-24T08:26:27.096+0000][6][gc,heap     ] GC(0) Archive regions: 0->0
[2023-02-24T08:26:27.097+0000][6][gc,heap     ] GC(0) Humongous regions: 1->1
[2023-02-24T08:26:27.098+0000][6][gc,metaspace] GC(0) Metaspace: 15726K(16384K)->15726K(16384K) NonClass: 14141K(14592K)->14141K(14592K) Class: 1585K(1792K)->1585K(1792K)
[2023-02-24T08:26:27.099+0000][6][gc          ] GC(0) Pause Young (Normal) (G1 Evacuation Pause) 26M->4M(512M) 29.107ms
[2023-02-24T08:26:27.100+0000][6][gc,cpu      ] GC(0) User=0.02s Sys=0.00s Real=0.03s
[2023-02-24T08:26:27.101+0000][6][safepoint   ] Safepoint "G1CollectForAllocation", Time since last: 142924542 ns, Reaching safepoint: 48125 ns, At safepoint: 31023750 ns, Total: 31071875 ns
[2023-02-24T08:26:27.758+0000][6][safepoint   ] Safepoint "ICBufferFull", Time since last: 656523250 ns, Reaching safepoint: 167833 ns, At safepoint: 2084 ns, Total: 169917 ns
[2023-02-24T08:26:27.895+0000][6][gc,start    ] GC(1) Pause Young (Concurrent Start) (Metadata GC Threshold)
[2023-02-24T08:26:27.897+0000][6][gc,task     ] GC(1) Using 4 workers of 4 for evacuation
[2023-02-24T08:26:27.898+0000][6][gc,age      ] GC(1) Desired survivor size 2097152 bytes, new threshold 1 (max threshold 15)
[2023-02-24T08:26:27.910+0000][6][gc,age      ] GC(1) Age table with threshold 1 (max threshold 15)
[2023-02-24T08:26:27.912+0000][6][gc,age      ] GC(1) - age   1:    2133272 bytes,    2133272 total
[2023-02-24T08:26:27.913+0000][6][gc,phases   ] GC(1)   Pre Evacuate Collection Set: 0.3ms
[2023-02-24T08:26:27.914+0000][6][gc,phases   ] GC(1)   Merge Heap Roots: 0.0ms
[2023-02-24T08:26:27.914+0000][6][gc,phases   ] GC(1)   Evacuate Collection Set: 10.5ms
[2023-02-24T08:26:27.915+0000][6][gc,phases   ] GC(1)   Post Evacuate Collection Set: 0.4ms
[2023-02-24T08:26:27.916+0000][6][gc,phases   ] GC(1)   Other: 6.6ms
[2023-02-24T08:26:27.917+0000][6][gc,heap     ] GC(1) Eden regions: 23->0(34)
[2023-02-24T08:26:27.918+0000][6][gc,heap     ] GC(1) Survivor regions: 4->3(4)
[2023-02-24T08:26:27.918+0000][6][gc,heap     ] GC(1) Old regions: 0->4
[2023-02-24T08:26:27.919+0000][6][gc,heap     ] GC(1) Archive regions: 0->0
[2023-02-24T08:26:27.920+0000][6][gc,heap     ] GC(1) Humongous regions: 1->1
[2023-02-24T08:26:27.921+0000][6][gc,metaspace] GC(1) Metaspace: 20750K(21248K)->20750K(21248K) NonClass: 18528K(18944K)->18528K(18944K) Class: 2222K(2304K)->2222K(2304K)
[2023-02-24T08:26:27.923+0000][6][gc          ] GC(1) Pause Young (Concurrent Start) (Metadata GC Threshold) 27M->7M(512M) 27.609ms
[2023-02-24T08:26:27.924+0000][6][gc,cpu      ] GC(1) User=0.02s Sys=0.00s Real=0.03s
[2023-02-24T08:26:27.924+0000][6][safepoint   ] Safepoint "CollectForMetadataAllocation", Time since last: 137044792 ns, Reaching safepoint: 230583 ns, At safepoint: 29471250 ns, Total: 29701833 ns
[2023-02-24T08:26:27.927+0000][6][gc          ] GC(2) Concurrent Cycle
[2023-02-24T08:26:27.928+0000][6][gc,marking  ] GC(2) Concurrent Clear Claimed Marks
[2023-02-24T08:26:27.928+0000][6][gc,marking  ] GC(2) Concurrent Clear Claimed Marks 0.838ms
[2023-02-24T08:26:27.929+0000][6][gc,marking  ] GC(2) Concurrent Scan Root Regions
[2023-02-24T08:26:27.938+0000][6][gc,marking  ] GC(2) Concurrent Scan Root Regions 8.416ms
[2023-02-24T08:26:27.941+0000][6][gc,marking  ] GC(2) Concurrent Mark (2.440s)
[2023-02-24T08:26:27.942+0000][6][gc,marking  ] GC(2) Concurrent Mark From Roots
[2023-02-24T08:26:27.942+0000][6][gc,task     ] GC(2) Using 1 workers of 1 for marking
[2023-02-24T08:26:27.944+0000][6][gc,marking  ] GC(2) Concurrent Mark From Roots 2.672ms
[2023-02-24T08:26:27.945+0000][6][gc,marking  ] GC(2) Concurrent Preclean
[2023-02-24T08:26:27.947+0000][6][gc,marking  ] GC(2) Concurrent Preclean 2.164ms
[2023-02-24T08:26:27.948+0000][6][gc,marking  ] GC(2) Concurrent Mark (2.440s, 2.447s) 7.086ms
[2023-02-24T08:26:27.957+0000][6][gc,start    ] GC(2) Pause Remark
[2023-02-24T08:26:27.960+0000][6][gc          ] GC(2) Pause Remark 8M->8M(512M) 3.450ms
[2023-02-24T08:26:27.961+0000][6][gc,cpu      ] GC(2) User=0.01s Sys=0.00s Real=0.01s
[2023-02-24T08:26:27.962+0000][6][safepoint   ] Safepoint "G1Concurrent", Time since last: 32489083 ns, Reaching safepoint: 49000 ns, At safepoint: 5306459 ns, Total: 5355459 ns
[2023-02-24T08:26:27.963+0000][6][gc,marking  ] GC(2) Concurrent Rebuild Remembered Sets
[2023-02-24T08:26:27.965+0000][6][gc,marking  ] GC(2) Concurrent Rebuild Remembered Sets 2.329ms
[2023-02-24T08:26:27.977+0000][6][gc,start    ] GC(2) Pause Cleanup
[2023-02-24T08:26:27.978+0000][6][gc          ] GC(2) Pause Cleanup 8M->8M(512M) 1.214ms
[2023-02-24T08:26:27.979+0000][6][gc,cpu      ] GC(2) User=0.00s Sys=0.00s Real=0.01s
[2023-02-24T08:26:27.984+0000][6][safepoint   ] Safepoint "G1Concurrent", Time since last: 4205916 ns, Reaching safepoint: 10692125 ns, At safepoint: 6796875 ns, Total: 17489000 ns
[2023-02-24T08:26:27.986+0000][6][gc,marking  ] GC(2) Concurrent Cleanup for Next Mark
[2023-02-24T08:26:27.987+0000][6][gc,marking  ] GC(2) Concurrent Cleanup for Next Mark 1.462ms
[2023-02-24T08:26:27.988+0000][6][gc          ] GC(2) Concurrent Cycle 61.432ms
[2023-02-24T08:26:28.764+0000][6][safepoint   ] Safepoint "ICBufferFull", Time since last: 778724792 ns, Reaching safepoint: 943459 ns, At safepoint: 2708 ns, Total: 946167 ns
[2023-02-24T08:26:28.819+0000][6][gc,start    ] GC(3) Pause Young (Normal) (G1 Evacuation Pause)
[2023-02-24T08:26:28.820+0000][6][gc,task     ] GC(3) Using 4 workers of 4 for evacuation
[2023-02-24T08:26:28.821+0000][6][gc,age      ] GC(3) Desired survivor size 2621440 bytes, new threshold 15 (max threshold 15)
[2023-02-24T08:26:28.840+0000][6][gc,age      ] GC(3) Age table with threshold 15 (max threshold 15)
[2023-02-24T08:26:28.841+0000][6][gc,age      ] GC(3) - age   1:    2918048 bytes,    2918048 total
[2023-02-24T08:26:28.842+0000][6][gc,age      ] GC(3) - age   2:    2112440 bytes,    5030488 total
[2023-02-24T08:26:28.842+0000][6][gc,phases   ] GC(3)   Pre Evacuate Collection Set: 0.1ms
[2023-02-24T08:26:28.843+0000][6][gc,phases   ] GC(3)   Merge Heap Roots: 0.1ms
[2023-02-24T08:26:28.844+0000][6][gc,phases   ] GC(3)   Evacuate Collection Set: 18.0ms
[2023-02-24T08:26:28.845+0000][6][gc,phases   ] GC(3)   Post Evacuate Collection Set: 0.4ms
[2023-02-24T08:26:28.846+0000][6][gc,phases   ] GC(3)   Other: 5.1ms
[2023-02-24T08:26:28.846+0000][6][gc,heap     ] GC(3) Eden regions: 35->0(193)
[2023-02-24T08:26:28.847+0000][6][gc,heap     ] GC(3) Survivor regions: 3->5(5)
[2023-02-24T08:26:28.848+0000][6][gc,heap     ] GC(3) Old regions: 4->4
[2023-02-24T08:26:28.848+0000][6][gc,heap     ] GC(3) Archive regions: 0->0
[2023-02-24T08:26:28.849+0000][6][gc,heap     ] GC(3) Humongous regions: 1->1
[2023-02-24T08:26:28.850+0000][6][gc,metaspace] GC(3) Metaspace: 22466K(23036K)->22466K(23036K) NonClass: 20052K(20476K)->20052K(20476K) Class: 2413K(2560K)->2413K(2560K)
[2023-02-24T08:26:28.850+0000][6][gc          ] GC(3) Pause Young (Normal) (G1 Evacuation Pause) 42M->9M(512M) 31.437ms
[2023-02-24T08:26:28.851+0000][6][gc,cpu      ] GC(3) User=0.01s Sys=0.00s Real=0.03s
[2023-02-24T08:26:28.852+0000][6][safepoint   ] Safepoint "G1CollectForAllocation", Time since last: 55227042 ns, Reaching safepoint: 48666 ns, At safepoint: 33101334 ns, Total: 33150000 ns
[2023-02-24T08:26:29.014+0000][6][safepoint   ] Safepoint "ICBufferFull", Time since last: 161827541 ns, Reaching safepoint: 71042 ns, At safepoint: 2208 ns, Total: 73250 ns
[2023-02-24T08:26:29.027+0000][6][safepoint   ] Safepoint "ICBufferFull", Time since last: 13156792 ns, Reaching safepoint: 39083 ns, At safepoint: 7125 ns, Total: 46208 ns
[2023-02-24T08:26:29.040+0000][6][safepoint   ] Safepoint "ICBufferFull", Time since last: 12725292 ns, Reaching safepoint: 39417 ns, At safepoint: 1750 ns, Total: 41167 ns
[2023-02-24T08:26:29.044+0000][6][safepoint   ] Safepoint "ICBufferFull", Time since last: 3678708 ns, Reaching safepoint: 46750 ns, At safepoint: 1792 ns, Total: 48542 ns
[2023-02-24T08:26:29.048+0000][6][safepoint   ] Safepoint "ICBufferFull", Time since last: 4131750 ns, Reaching safepoint: 36041 ns, At safepoint: 1959 ns, Total: 38000 ns
[2023-02-24T08:26:29.052+0000][6][safepoint   ] Safepoint "ICBufferFull", Time since last: 3821458 ns, Reaching safepoint: 39417 ns, At safepoint: 2250 ns, Total: 41667 ns
[2023-02-24T08:26:29.056+0000][6][safepoint   ] Safepoint "ICBufferFull", Time since last: 4540791 ns, Reaching safepoint: 40459 ns, At safepoint: 2000 ns, Total: 42459 ns
[2023-02-24T08:26:29.058+0000][6][safepoint   ] Safepoint "ICBufferFull", Time since last: 2325291 ns, Reaching safepoint: 30500 ns, At safepoint: 7584 ns, Total: 38084 ns
[2023-02-24T08:26:29.063+0000][6][safepoint   ] Safepoint "ICBufferFull", Time since last: 4313250 ns, Reaching safepoint: 40958 ns, At safepoint: 1792 ns, Total: 42750 ns
[2023-02-24T08:26:29.067+0000][6][safepoint   ] Safepoint "ICBufferFull", Time since last: 3688500 ns, Reaching safepoint: 42708 ns, At safepoint: 2125 ns, Total: 44833 ns
[2023-02-24T08:26:29.077+0000][6][safepoint   ] Safepoint "ICBufferFull", Time since last: 10112125 ns, Reaching safepoint: 255708 ns, At safepoint: 2334 ns, Total: 258042 ns
[2023-02-24T08:26:29.083+0000][6][safepoint   ] Safepoint "ICBufferFull", Time since last: 5709666 ns, Reaching safepoint: 107125 ns, At safepoint: 4750 ns, Total: 111875 ns
[2023-02-24T08:26:29.085+0000][6][safepoint   ] Safepoint "ICBufferFull", Time since last: 2592292 ns, Reaching safepoint: 41625 ns, At safepoint: 1792 ns, Total: 43417 ns
[2023-02-24T08:26:29.087+0000][6][safepoint   ] Safepoint "ICBufferFull", Time since last: 1666125 ns, Reaching safepoint: 34833 ns, At safepoint: 1792 ns, Total: 36625 ns
[2023-02-24T08:26:29.089+0000][6][safepoint   ] Safepoint "ICBufferFull", Time since last: 1464458 ns, Reaching safepoint: 38167 ns, At safepoint: 1833 ns, Total: 40000 ns
[2023-02-24T08:26:29.090+0000][6][safepoint   ] Safepoint "ICBufferFull", Time since last: 1771417 ns, Reaching safepoint: 35375 ns, At safepoint: 1583 ns, Total: 36958 ns
[2023-02-24T08:26:29.092+0000][6][safepoint   ] Safepoint "ICBufferFull", Time since last: 1543833 ns, Reaching safepoint: 43042 ns, At safepoint: 1833 ns, Total: 44875 ns
[2023-02-24T08:26:29.094+0000][6][safepoint   ] Safepoint "ICBufferFull", Time since last: 1538334 ns, Reaching safepoint: 28250 ns, At safepoint: 1500 ns, Total: 29750 ns
[2023-02-24T08:26:29.098+0000][6][safepoint   ] Safepoint "ICBufferFull", Time since last: 1624666 ns, Reaching safepoint: 2653584 ns, At safepoint: 5125 ns, Total: 2658709 ns
[2023-02-24T08:26:29.101+0000][6][safepoint   ] Safepoint "ICBufferFull", Time since last: 2674666 ns, Reaching safepoint: 113125 ns, At safepoint: 2000 ns, Total: 115125 ns
[2023-02-24T08:26:29.103+0000][6][safepoint   ] Safepoint "ICBufferFull", Time since last: 2696500 ns, Reaching safepoint: 108125 ns, At safepoint: 1584 ns, Total: 109709 ns
[2023-02-24T08:26:29.106+0000][6][safepoint   ] Safepoint "ICBufferFull", Time since last: 2409250 ns, Reaching safepoint: 103958 ns, At safepoint: 1917 ns, Total: 105875 ns
[2023-02-24T08:26:29.108+0000][6][safepoint   ] Safepoint "ICBufferFull", Time since last: 1914375 ns, Reaching safepoint: 106416 ns, At safepoint: 1834 ns, Total: 108250 ns
[2023-02-24T08:26:29.110+0000][6][safepoint   ] Safepoint "ICBufferFull", Time since last: 1590666 ns, Reaching safepoint: 107209 ns, At safepoint: 1875 ns, Total: 109084 ns
[2023-02-24T08:26:29.116+0000][6][safepoint   ] Safepoint "ICBufferFull", Time since last: 6490958 ns, Reaching safepoint: 294500 ns, At safepoint: 2542 ns, Total: 297042 ns
[2023-02-24T08:26:29.119+0000][6][safepoint   ] Safepoint "ICBufferFull", Time since last: 1997916 ns, Reaching safepoint: 112250 ns, At safepoint: 1875 ns, Total: 114125 ns
[2023-02-24T08:26:29.131+0000][6][safepoint   ] Safepoint "ICBufferFull", Time since last: 11807125 ns, Reaching safepoint: 127542 ns, At safepoint: 2167 ns, Total: 129709 ns
[2023-02-24T08:26:29.133+0000][6][safepoint   ] Safepoint "ICBufferFull", Time since last: 2132791 ns, Reaching safepoint: 169584 ns, At safepoint: 4208 ns, Total: 173792 ns
[2023-02-24T08:26:29.135+0000][6][safepoint   ] Safepoint "ICBufferFull", Time since last: 1795958 ns, Reaching safepoint: 119375 ns, At safepoint: 1709 ns, Total: 121084 ns
[2023-02-24T08:26:29.136+0000][6][safepoint   ] Safepoint "ICBufferFull", Time since last: 1303333 ns, Reaching safepoint: 107500 ns, At safepoint: 1792 ns, Total: 109292 ns
[2023-02-24T08:26:29.142+0000][6][safepoint   ] Safepoint "ICBufferFull", Time since last: 1938208 ns, Reaching safepoint: 3699250 ns, At safepoint: 4250 ns, Total: 3703500 ns
[2023-02-24T08:26:29.144+0000][6][safepoint   ] Safepoint "ICBufferFull", Time since last: 1788792 ns, Reaching safepoint: 196041 ns, At safepoint: 2292 ns, Total: 198333 ns
[2023-02-24T08:26:29.146+0000][6][safepoint   ] Safepoint "ICBufferFull", Time since last: 1736167 ns, Reaching safepoint: 107083 ns, At safepoint: 1792 ns, Total: 108875 ns
[2023-02-24T08:26:29.148+0000][6][safepoint   ] Safepoint "ICBufferFull", Time since last: 1961541 ns, Reaching safepoint: 138750 ns, At safepoint: 2000 ns, Total: 140750 ns
[2023-02-24T08:26:29.164+0000][6][safepoint   ] Safepoint "ICBufferFull", Time since last: 15992417 ns, Reaching safepoint: 62125 ns, At safepoint: 2083 ns, Total: 64208 ns
[2023-02-24T08:26:29.171+0000][6][safepoint   ] Safepoint "ICBufferFull", Time since last: 6976084 ns, Reaching safepoint: 45041 ns, At safepoint: 2334 ns, Total: 47375 ns
[2023-02-24T08:26:29.180+0000][6][safepoint   ] Safepoint "ICBufferFull", Time since last: 9019916 ns, Reaching safepoint: 55459 ns, At safepoint: 2291 ns, Total: 57750 ns
[2023-02-24T08:26:29.183+0000][6][safepoint   ] Safepoint "ICBufferFull", Time since last: 3319209 ns, Reaching safepoint: 33250 ns, At safepoint: 1666 ns, Total: 34916 ns
[2023-02-24T08:26:29.190+0000][6][safepoint   ] Safepoint "ICBufferFull", Time since last: 6759750 ns, Reaching safepoint: 113375 ns, At safepoint: 1875 ns, Total: 115250 ns
[2023-02-24T08:26:29.193+0000][6][safepoint   ] Safepoint "ICBufferFull", Time since last: 2680750 ns, Reaching safepoint: 184625 ns, At safepoint: 2959 ns, Total: 187584 ns
[2023-02-24T08:26:29.195+0000][6][safepoint   ] Safepoint "ICBufferFull", Time since last: 1862833 ns, Reaching safepoint: 435958 ns, At safepoint: 3625 ns, Total: 439583 ns
[2023-02-24T08:26:29.198+0000][6][safepoint   ] Safepoint "ICBufferFull", Time since last: 2064417 ns, Reaching safepoint: 683083 ns, At safepoint: 3834 ns, Total: 686917 ns
[2023-02-24T08:26:29.200+0000][6][safepoint   ] Safepoint "ICBufferFull", Time since last: 1846250 ns, Reaching safepoint: 132667 ns, At safepoint: 1708 ns, Total: 134375 ns
[2023-02-24T08:26:29.205+0000][6][safepoint   ] Safepoint "ICBufferFull", Time since last: 1282583 ns, Reaching safepoint: 3508959 ns, At safepoint: 4875 ns, Total: 3513834 ns
[2023-02-24T08:26:29.207+0000][6][safepoint   ] Safepoint "ICBufferFull", Time since last: 2392125 ns, Reaching safepoint: 112666 ns, At safepoint: 2500 ns, Total: 115166 ns
[2023-02-24T08:26:29.208+0000][6][safepoint   ] Safepoint "ICBufferFull", Time since last: 996542 ns, Reaching safepoint: 96458 ns, At safepoint: 1375 ns, Total: 97833 ns
[2023-02-24T08:26:29.209+0000][6][safepoint   ] Safepoint "ICBufferFull", Time since last: 786875 ns, Reaching safepoint: 235417 ns, At safepoint: 2333 ns, Total: 237750 ns
[2023-02-24T08:26:29.210+0000][6][safepoint   ] Safepoint "ICBufferFull", Time since last: 796209 ns, Reaching safepoint: 99000 ns, At safepoint: 1416 ns, Total: 100416 ns
[2023-02-24T08:26:29.214+0000][6][safepoint   ] Safepoint "ICBufferFull", Time since last: 3721709 ns, Reaching safepoint: 107666 ns, At safepoint: 1959 ns, Total: 109625 ns
[2023-02-24T08:26:29.216+0000][6][safepoint   ] Safepoint "ICBufferFull", Time since last: 1184416 ns, Reaching safepoint: 221917 ns, At safepoint: 2292 ns, Total: 224209 ns
[2023-02-24T08:26:29.217+0000][6][safepoint   ] Safepoint "ICBufferFull", Time since last: 809958 ns, Reaching safepoint: 407333 ns, At safepoint: 2334 ns, Total: 409667 ns
[2023-02-24T08:26:29.221+0000][6][safepoint   ] Safepoint "ICBufferFull", Time since last: 4439625 ns, Reaching safepoint: 110791 ns, At safepoint: 1625 ns, Total: 112416 ns
[2023-02-24T08:26:29.223+0000][6][safepoint   ] Safepoint "ICBufferFull", Time since last: 1084709 ns, Reaching safepoint: 96625 ns, At safepoint: 1458 ns, Total: 98083 ns
[2023-02-24T08:26:29.224+0000][6][safepoint   ] Safepoint "ICBufferFull", Time since last: 909750 ns, Reaching safepoint: 189292 ns, At safepoint: 1791 ns, Total: 191083 ns
[2023-02-24T08:26:29.225+0000][6][safepoint   ] Safepoint "ICBufferFull", Time since last: 1021250 ns, Reaching safepoint: 154667 ns, At safepoint: 1625 ns, Total: 156292 ns
[2023-02-24T08:26:29.226+0000][6][safepoint   ] Safepoint "ICBufferFull", Time since last: 1521792 ns, Reaching safepoint: 105625 ns, At safepoint: 1833 ns, Total: 107458 ns
[2023-02-24T08:26:29.230+0000][6][safepoint   ] Safepoint "ICBufferFull", Time since last: 3611875 ns, Reaching safepoint: 112542 ns, At safepoint: 1833 ns, Total: 114375 ns
[2023-02-24T08:26:29.231+0000][6][safepoint   ] Safepoint "ICBufferFull", Time since last: 1045708 ns, Reaching safepoint: 96792 ns, At safepoint: 1458 ns, Total: 98250 ns
[2023-02-24T08:26:29.235+0000][6][safepoint   ] Safepoint "ICBufferFull", Time since last: 3706209 ns, Reaching safepoint: 108291 ns, At safepoint: 2000 ns, Total: 110291 ns
[2023-02-24T08:26:29.237+0000][6][safepoint   ] Safepoint "ICBufferFull", Time since last: 2092167 ns, Reaching safepoint: 191333 ns, At safepoint: 1917 ns, Total: 193250 ns
[2023-02-24T08:26:29.239+0000][6][safepoint   ] Safepoint "ICBufferFull", Time since last: 1110292 ns, Reaching safepoint: 23875 ns, At safepoint: 1375 ns, Total: 25250 ns
[2023-02-24T08:26:29.239+0000][6][safepoint   ] Safepoint "ICBufferFull", Time since last: 911833 ns, Reaching safepoint: 30000 ns, At safepoint: 1542 ns, Total: 31542 ns
[2023-02-24T08:26:29.241+0000][6][safepoint   ] Safepoint "ICBufferFull", Time since last: 1465083 ns, Reaching safepoint: 26375 ns, At safepoint: 1292 ns, Total: 27667 ns
[2023-02-24T08:26:29.242+0000][6][safepoint   ] Safepoint "ICBufferFull", Time since last: 949125 ns, Reaching safepoint: 28875 ns, At safepoint: 1375 ns, Total: 30250 ns
[2023-02-24T08:26:29.247+0000][6][safepoint   ] Safepoint "ICBufferFull", Time since last: 5446708 ns, Reaching safepoint: 35292 ns, At safepoint: 1541 ns, Total: 36833 ns
[2023-02-24T08:26:29.250+0000][6][safepoint   ] Safepoint "ICBufferFull", Time since last: 1909584 ns, Reaching safepoint: 178416 ns, At safepoint: 2084 ns, Total: 180500 ns
[2023-02-24T08:26:29.251+0000][6][safepoint   ] Safepoint "ICBufferFull", Time since last: 962958 ns, Reaching safepoint: 26333 ns, At safepoint: 1500 ns, Total: 27833 ns
[2023-02-24T08:26:29.252+0000][6][safepoint   ] Safepoint "ICBufferFull", Time since last: 1341750 ns, Reaching safepoint: 26417 ns, At safepoint: 1500 ns, Total: 27917 ns
[2023-02-24T08:26:29.255+0000][6][safepoint   ] Safepoint "ICBufferFull", Time since last: 1231750 ns, Reaching safepoint: 2096708 ns, At safepoint: 4584 ns, Total: 2101292 ns
[2023-02-24T08:26:29.256+0000][6][safepoint   ] Safepoint "ICBufferFull", Time since last: 1209333 ns, Reaching safepoint: 30958 ns, At safepoint: 1584 ns, Total: 32542 ns
[2023-02-24T08:26:29.260+0000][6][safepoint   ] Safepoint "ICBufferFull", Time since last: 3600583 ns, Reaching safepoint: 36500 ns, At safepoint: 1958 ns, Total: 38458 ns
[2023-02-24T08:26:29.261+0000][6][safepoint   ] Safepoint "ICBufferFull", Time since last: 1109834 ns, Reaching safepoint: 73125 ns, At safepoint: 1416 ns, Total: 74541 ns
[2023-02-24T08:26:29.264+0000][6][safepoint   ] Safepoint "ICBufferFull", Time since last: 2340375 ns, Reaching safepoint: 111167 ns, At safepoint: 4125 ns, Total: 115292 ns
[2023-02-24T08:26:29.266+0000][6][safepoint   ] Safepoint "ICBufferFull", Time since last: 2687958 ns, Reaching safepoint: 49292 ns, At safepoint: 2042 ns, Total: 51334 ns
[2023-02-24T08:26:29.278+0000][6][safepoint   ] Safepoint "ICBufferFull", Time since last: 7339583 ns, Reaching safepoint: 4361167 ns, At safepoint: 6041 ns, Total: 4367208 ns
[2023-02-24T08:26:29.281+0000][6][safepoint   ] Safepoint "ICBufferFull", Time since last: 2757417 ns, Reaching safepoint: 139292 ns, At safepoint: 1916 ns, Total: 141208 ns
[2023-02-24T08:26:29.292+0000][6][safepoint   ] Safepoint "ICBufferFull", Time since last: 10818500 ns, Reaching safepoint: 137584 ns, At safepoint: 2208 ns, Total: 139792 ns
[2023-02-24T08:26:29.294+0000][6][safepoint   ] Safepoint "ICBufferFull", Time since last: 2050042 ns, Reaching safepoint: 101333 ns, At safepoint: 1667 ns, Total: 103000 ns
[2023-02-24T08:26:29.298+0000][6][safepoint   ] Safepoint "ICBufferFull", Time since last: 4056666 ns, Reaching safepoint: 113292 ns, At safepoint: 1542 ns, Total: 114834 ns
[2023-02-24T08:26:29.556+0000][6][safepoint   ] Safepoint "ICBufferFull", Time since last: 257943875 ns, Reaching safepoint: 156291 ns, At safepoint: 1750 ns, Total: 158041 ns
[2023-02-24T08:26:30.057+0000][6][safepoint   ] Safepoint "ICBufferFull", Time since last: 499399584 ns, Reaching safepoint: 1027750 ns, At safepoint: 12292 ns, Total: 1040042 ns
[2023-02-24T08:26:30.315+0000][6][gc,start    ] GC(4) Pause Young (Normal) (G1 Evacuation Pause)
[2023-02-24T08:26:30.317+0000][6][gc,task     ] GC(4) Using 4 workers of 4 for evacuation
[2023-02-24T08:26:30.319+0000][6][gc,age      ] GC(4) Desired survivor size 13107200 bytes, new threshold 15 (max threshold 15)
[2023-02-24T08:26:30.341+0000][6][gc,age      ] GC(4) Age table with threshold 15 (max threshold 15)
[2023-02-24T08:26:30.342+0000][6][gc,age      ] GC(4) - age   1:    6390576 bytes,    6390576 total
[2023-02-24T08:26:30.343+0000][6][gc,age      ] GC(4) - age   2:    1168648 bytes,    7559224 total
[2023-02-24T08:26:30.344+0000][6][gc,age      ] GC(4) - age   3:    2098128 bytes,    9657352 total
[2023-02-24T08:26:30.345+0000][6][gc,phases   ] GC(4)   Pre Evacuate Collection Set: 0.3ms
[2023-02-24T08:26:30.346+0000][6][gc,phases   ] GC(4)   Merge Heap Roots: 0.3ms
[2023-02-24T08:26:30.347+0000][6][gc,phases   ] GC(4)   Evacuate Collection Set: 16.8ms
[2023-02-24T08:26:30.347+0000][6][gc,phases   ] GC(4)   Post Evacuate Collection Set: 3.3ms
[2023-02-24T08:26:30.349+0000][6][gc,phases   ] GC(4)   Other: 8.8ms
[2023-02-24T08:26:30.350+0000][6][gc,heap     ] GC(4) Eden regions: 193->0(297)
[2023-02-24T08:26:30.351+0000][6][gc,heap     ] GC(4) Survivor regions: 5->10(25)
[2023-02-24T08:26:30.352+0000][6][gc,heap     ] GC(4) Old regions: 4->4
[2023-02-24T08:26:30.353+0000][6][gc,heap     ] GC(4) Archive regions: 0->0
[2023-02-24T08:26:30.353+0000][6][gc,heap     ] GC(4) Humongous regions: 2->1
[2023-02-24T08:26:30.354+0000][6][gc,metaspace] GC(4) Metaspace: 25922K(26620K)->25922K(26620K) NonClass: 23037K(23548K)->23037K(23548K) Class: 2884K(3072K)->2884K(3072K)
[2023-02-24T08:26:30.355+0000][6][gc          ] GC(4) Pause Young (Normal) (G1 Evacuation Pause) 203M->14M(512M) 39.260ms
[2023-02-24T08:26:30.355+0000][6][gc,cpu      ] GC(4) User=0.01s Sys=0.01s Real=0.04s
[2023-02-24T08:26:30.356+0000][6][safepoint   ] Safepoint "G1CollectForAllocation", Time since last: 255749791 ns, Reaching safepoint: 2653292 ns, At safepoint: 40524458 ns, Total: 43177750 ns
[2023-02-24T08:26:31.064+0000][6][gc,start    ] GC(5) Pause Young (Normal) (G1 Evacuation Pause)
[2023-02-24T08:26:31.082+0000][6][gc,task     ] GC(5) Using 4 workers of 4 for evacuation
[2023-02-24T08:26:31.083+0000][6][gc,age      ] GC(5) Desired survivor size 20447232 bytes, new threshold 15 (max threshold 15)
[2023-02-24T08:26:31.110+0000][6][gc,age      ] GC(5) Age table with threshold 15 (max threshold 15)
[2023-02-24T08:26:31.111+0000][6][gc,age      ] GC(5) - age   1:    3359168 bytes,    3359168 total
[2023-02-24T08:26:31.111+0000][6][gc,age      ] GC(5) - age   2:    4328096 bytes,    7687264 total
[2023-02-24T08:26:31.112+0000][6][gc,age      ] GC(5) - age   3:    1168472 bytes,    8855736 total
[2023-02-24T08:26:31.113+0000][6][gc,age      ] GC(5) - age   4:    2098128 bytes,   10953864 total
[2023-02-24T08:26:31.114+0000][6][gc,phases   ] GC(5)   Pre Evacuate Collection Set: 0.2ms
[2023-02-24T08:26:31.115+0000][6][gc,phases   ] GC(5)   Merge Heap Roots: 0.2ms
[2023-02-24T08:26:31.116+0000][6][gc,phases   ] GC(5)   Evacuate Collection Set: 19.2ms
[2023-02-24T08:26:31.117+0000][6][gc,phases   ] GC(5)   Post Evacuate Collection Set: 6.1ms
[2023-02-24T08:26:31.118+0000][6][gc,phases   ] GC(5)   Other: 24.7ms
[2023-02-24T08:26:31.119+0000][6][gc,heap     ] GC(5) Eden regions: 297->0(295)
[2023-02-24T08:26:31.120+0000][6][gc,heap     ] GC(5) Survivor regions: 10->12(39)
[2023-02-24T08:26:31.121+0000][6][gc,heap     ] GC(5) Old regions: 4->4
[2023-02-24T08:26:31.122+0000][6][gc,heap     ] GC(5) Archive regions: 0->0
[2023-02-24T08:26:31.123+0000][6][gc,heap     ] GC(5) Humongous regions: 1->1
[2023-02-24T08:26:31.124+0000][6][gc,metaspace] GC(5) Metaspace: 27643K(28668K)->27643K(28668K) NonClass: 24565K(25340K)->24565K(25340K) Class: 3077K(3328K)->3077K(3328K)
[2023-02-24T08:26:31.125+0000][6][gc          ] GC(5) Pause Young (Normal) (G1 Evacuation Pause) 311M->16M(512M) 61.218ms
[2023-02-24T08:26:31.126+0000][6][gc,cpu      ] GC(5) User=0.04s Sys=0.00s Real=0.06s
[2023-02-24T08:26:31.127+0000][6][safepoint   ] Safepoint "G1CollectForAllocation", Time since last: 707718417 ns, Reaching safepoint: 255292 ns, At safepoint: 63123500 ns, Total: 63378792 ns
[2023-02-24T08:26:31.803+0000][6][gc,start    ] GC(6) Pause Young (Normal) (G1 Evacuation Pause)
[2023-02-24T08:26:31.810+0000][6][gc,task     ] GC(6) Using 4 workers of 4 for evacuation
[2023-02-24T08:26:31.811+0000][6][gc,age      ] GC(6) Desired survivor size 20447232 bytes, new threshold 15 (max threshold 15)
[2023-02-24T08:26:31.837+0000][6][gc,age      ] GC(6) Age table with threshold 15 (max threshold 15)
[2023-02-24T08:26:31.838+0000][6][gc,age      ] GC(6) - age   1:    1725168 bytes,    1725168 total
[2023-02-24T08:26:31.839+0000][6][gc,age      ] GC(6) - age   2:    3308648 bytes,    5033816 total
[2023-02-24T08:26:31.840+0000][6][gc,age      ] GC(6) - age   3:    4323792 bytes,    9357608 total
[2023-02-24T08:26:31.841+0000][6][gc,age      ] GC(6) - age   4:    1168328 bytes,   10525936 total
[2023-02-24T08:26:31.842+0000][6][gc,age      ] GC(6) - age   5:    2098128 bytes,   12624064 total
[2023-02-24T08:26:31.844+0000][6][gc,phases   ] GC(6)   Pre Evacuate Collection Set: 0.2ms
[2023-02-24T08:26:31.844+0000][6][gc,phases   ] GC(6)   Merge Heap Roots: 0.0ms
[2023-02-24T08:26:31.845+0000][6][gc,phases   ] GC(6)   Evacuate Collection Set: 24.0ms
[2023-02-24T08:26:31.846+0000][6][gc,phases   ] GC(6)   Post Evacuate Collection Set: 0.7ms
[2023-02-24T08:26:31.848+0000][6][gc,phases   ] GC(6)   Other: 15.9ms
[2023-02-24T08:26:31.848+0000][6][gc,heap     ] GC(6) Eden regions: 295->0(294)
[2023-02-24T08:26:31.849+0000][6][gc,heap     ] GC(6) Survivor regions: 12->13(39)
[2023-02-24T08:26:31.850+0000][6][gc,heap     ] GC(6) Old regions: 4->4
[2023-02-24T08:26:31.851+0000][6][gc,heap     ] GC(6) Archive regions: 0->0
[2023-02-24T08:26:31.852+0000][6][gc,heap     ] GC(6) Humongous regions: 1->1
[2023-02-24T08:26:31.854+0000][6][gc,metaspace] GC(6) Metaspace: 28011K(29308K)->28011K(29308K) NonClass: 24865K(25852K)->24865K(25852K) Class: 3146K(3456K)->3146K(3456K)
[2023-02-24T08:26:31.855+0000][6][gc          ] GC(6) Pause Young (Normal) (G1 Evacuation Pause) 311M->17M(512M) 52.322ms
[2023-02-24T08:26:31.856+0000][6][gc,cpu      ] GC(6) User=0.04s Sys=0.00s Real=0.05s
[2023-02-24T08:26:31.857+0000][6][safepoint   ] Safepoint "G1CollectForAllocation", Time since last: 675635292 ns, Reaching safepoint: 237333 ns, At safepoint: 54506500 ns, Total: 54743833 ns
[2023-02-24T08:26:32.465+0000][6][gc,start    ] GC(7) Pause Young (Normal) (G1 Evacuation Pause)
[2023-02-24T08:26:32.466+0000][6][gc,task     ] GC(7) Using 4 workers of 4 for evacuation
[2023-02-24T08:26:32.467+0000][6][gc,age      ] GC(7) Desired survivor size 20447232 bytes, new threshold 15 (max threshold 15)
[2023-02-24T08:26:32.497+0000][6][gc,age      ] GC(7) Age table with threshold 15 (max threshold 15)
[2023-02-24T08:26:32.498+0000][6][gc,age      ] GC(7) - age   1:    3274784 bytes,    3274784 total
[2023-02-24T08:26:32.499+0000][6][gc,age      ] GC(7) - age   2:     614224 bytes,    3889008 total
[2023-02-24T08:26:32.500+0000][6][gc,age      ] GC(7) - age   3:    3306872 bytes,    7195880 total
[2023-02-24T08:26:32.500+0000][6][gc,age      ] GC(7) - age   4:    4323352 bytes,   11519232 total
[2023-02-24T08:26:32.501+0000][6][gc,age      ] GC(7) - age   5:    1168328 bytes,   12687560 total
[2023-02-24T08:26:32.501+0000][6][gc,age      ] GC(7) - age   6:    2098128 bytes,   14785688 total
[2023-02-24T08:26:32.502+0000][6][gc,phases   ] GC(7)   Pre Evacuate Collection Set: 0.1ms
[2023-02-24T08:26:32.503+0000][6][gc,phases   ] GC(7)   Merge Heap Roots: 0.0ms
[2023-02-24T08:26:32.504+0000][6][gc,phases   ] GC(7)   Evacuate Collection Set: 28.0ms
[2023-02-24T08:26:32.504+0000][6][gc,phases   ] GC(7)   Post Evacuate Collection Set: 0.6ms
[2023-02-24T08:26:32.505+0000][6][gc,phases   ] GC(7)   Other: 8.6ms
[2023-02-24T08:26:32.505+0000][6][gc,heap     ] GC(7) Eden regions: 294->0(292)
[2023-02-24T08:26:32.506+0000][6][gc,heap     ] GC(7) Survivor regions: 13->15(39)
[2023-02-24T08:26:32.507+0000][6][gc,heap     ] GC(7) Old regions: 4->4
[2023-02-24T08:26:32.507+0000][6][gc,heap     ] GC(7) Archive regions: 0->0
[2023-02-24T08:26:32.508+0000][6][gc,heap     ] GC(7) Humongous regions: 1->1
[2023-02-24T08:26:32.509+0000][6][gc,metaspace] GC(7) Metaspace: 28527K(29948K)->28527K(29948K) NonClass: 25301K(26364K)->25301K(26364K) Class: 3225K(3584K)->3225K(3584K)
[2023-02-24T08:26:32.510+0000][6][gc          ] GC(7) Pause Young (Normal) (G1 Evacuation Pause) 311M->19M(512M) 44.832ms
[2023-02-24T08:26:32.510+0000][6][gc,cpu      ] GC(7) User=0.03s Sys=0.00s Real=0.05s
[2023-02-24T08:26:32.511+0000][6][safepoint   ] Safepoint "G1CollectForAllocation", Time since last: 605059542 ns, Reaching safepoint: 2447042 ns, At safepoint: 46269292 ns, Total: 48716334 ns
[2023-02-24T08:26:32.927+0000][6][safepoint   ] Safepoint "ICBufferFull", Time since last: 416157167 ns, Reaching safepoint: 101375 ns, At safepoint: 1916 ns, Total: 103291 ns
[2023-02-24T08:26:33.541+0000][6][gc,start    ] GC(8) Pause Young (Concurrent Start) (Metadata GC Threshold)
[2023-02-24T08:26:33.542+0000][6][gc,task     ] GC(8) Using 4 workers of 4 for evacuation
[2023-02-24T08:26:33.543+0000][6][gc,age      ] GC(8) Desired survivor size 20447232 bytes, new threshold 15 (max threshold 15)
[2023-02-24T08:26:33.570+0000][6][gc,age      ] GC(8) Age table with threshold 15 (max threshold 15)
[2023-02-24T08:26:33.571+0000][6][gc,age      ] GC(8) - age   1:    2289168 bytes,    2289168 total
[2023-02-24T08:26:33.572+0000][6][gc,age      ] GC(8) - age   2:    2258544 bytes,    4547712 total
[2023-02-24T08:26:33.573+0000][6][gc,age      ] GC(8) - age   3:     598056 bytes,    5145768 total
[2023-02-24T08:26:33.574+0000][6][gc,age      ] GC(8) - age   4:    3291064 bytes,    8436832 total
[2023-02-24T08:26:33.574+0000][6][gc,age      ] GC(8) - age   5:    4310168 bytes,   12747000 total
[2023-02-24T08:26:33.575+0000][6][gc,age      ] GC(8) - age   6:    1138072 bytes,   13885072 total
[2023-02-24T08:26:33.576+0000][6][gc,age      ] GC(8) - age   7:    2095168 bytes,   15980240 total
[2023-02-24T08:26:33.577+0000][6][gc,phases   ] GC(8)   Pre Evacuate Collection Set: 0.2ms
[2023-02-24T08:26:33.578+0000][6][gc,phases   ] GC(8)   Merge Heap Roots: 0.0ms
[2023-02-24T08:26:33.578+0000][6][gc,phases   ] GC(8)   Evacuate Collection Set: 21.8ms
[2023-02-24T08:26:33.579+0000][6][gc,phases   ] GC(8)   Post Evacuate Collection Set: 4.6ms
[2023-02-24T08:26:33.580+0000][6][gc,phases   ] GC(8)   Other: 9.4ms
[2023-02-24T08:26:33.580+0000][6][gc,heap     ] GC(8) Eden regions: 117->0(291)
[2023-02-24T08:26:33.581+0000][6][gc,heap     ] GC(8) Survivor regions: 15->16(39)
[2023-02-24T08:26:33.582+0000][6][gc,heap     ] GC(8) Old regions: 4->4
[2023-02-24T08:26:33.582+0000][6][gc,heap     ] GC(8) Archive regions: 0->0
[2023-02-24T08:26:33.583+0000][6][gc,heap     ] GC(8) Humongous regions: 1->1
[2023-02-24T08:26:33.584+0000][6][gc,metaspace] GC(8) Metaspace: 34388K(35964K)->34388K(35964K) NonClass: 30399K(31484K)->30399K(31484K) Class: 3988K(4480K)->3988K(4480K)
[2023-02-24T08:26:33.584+0000][6][gc          ] GC(8) Pause Young (Concurrent Start) (Metadata GC Threshold) 136M->20M(512M) 43.062ms
[2023-02-24T08:26:33.585+0000][6][gc,cpu      ] GC(8) User=0.02s Sys=0.00s Real=0.04s
[2023-02-24T08:26:33.585+0000][6][gc          ] GC(9) Concurrent Cycle
[2023-02-24T08:26:33.586+0000][6][gc,marking  ] GC(9) Concurrent Clear Claimed Marks
[2023-02-24T08:26:33.587+0000][6][gc,marking  ] GC(9) Concurrent Clear Claimed Marks 0.809ms
[2023-02-24T08:26:33.587+0000][6][gc,marking  ] GC(9) Concurrent Scan Root Regions
[2023-02-24T08:26:33.585+0000][6][safepoint   ] Safepoint "CollectForMetadataAllocation", Time since last: 613434792 ns, Reaching safepoint: 154667 ns, At safepoint: 44498750 ns, Total: 44653417 ns
[2023-02-24T08:26:33.592+0000][6][gc,marking  ] GC(9) Concurrent Scan Root Regions 4.829ms
[2023-02-24T08:26:33.593+0000][6][gc,marking  ] GC(9) Concurrent Mark (8.092s)
[2023-02-24T08:26:33.594+0000][6][gc,marking  ] GC(9) Concurrent Mark From Roots
[2023-02-24T08:26:33.594+0000][6][gc,task     ] GC(9) Using 1 workers of 1 for marking
[2023-02-24T08:26:33.598+0000][6][gc,marking  ] GC(9) Concurrent Mark From Roots 3.907ms
[2023-02-24T08:26:33.599+0000][6][gc,marking  ] GC(9) Concurrent Preclean
[2023-02-24T08:26:33.600+0000][6][gc,marking  ] GC(9) Concurrent Preclean 0.815ms
[2023-02-24T08:26:33.601+0000][6][gc,marking  ] GC(9) Concurrent Mark (8.092s, 8.100s) 7.822ms
[2023-02-24T08:26:33.602+0000][6][gc,start    ] GC(9) Pause Remark
[2023-02-24T08:26:33.609+0000][6][gc          ] GC(9) Pause Remark 21M->21M(512M) 7.209ms
[2023-02-24T08:26:33.610+0000][6][gc,cpu      ] GC(9) User=0.01s Sys=0.00s Real=0.01s
[2023-02-24T08:26:33.612+0000][6][safepoint   ] Safepoint "G1Concurrent", Time since last: 16362625 ns, Reaching safepoint: 124417 ns, At safepoint: 9739125 ns, Total: 9863542 ns
[2023-02-24T08:26:33.613+0000][6][gc,marking  ] GC(9) Concurrent Rebuild Remembered Sets
[2023-02-24T08:26:33.616+0000][6][gc,marking  ] GC(9) Concurrent Rebuild Remembered Sets 3.109ms
[2023-02-24T08:26:33.620+0000][6][gc,start    ] GC(9) Pause Cleanup
[2023-02-24T08:26:33.621+0000][6][gc          ] GC(9) Pause Cleanup 21M->21M(512M) 0.881ms
[2023-02-24T08:26:33.622+0000][6][gc,cpu      ] GC(9) User=0.00s Sys=0.00s Real=0.00s
[2023-02-24T08:26:33.623+0000][6][safepoint   ] Safepoint "G1Concurrent", Time since last: 5142208 ns, Reaching safepoint: 3536375 ns, At safepoint: 2436667 ns, Total: 5973042 ns
[2023-02-24T08:26:33.624+0000][6][gc,marking  ] GC(9) Concurrent Cleanup for Next Mark
[2023-02-24T08:26:33.625+0000][6][gc,marking  ] GC(9) Concurrent Cleanup for Next Mark 1.245ms
[2023-02-24T08:26:33.626+0000][6][gc          ] GC(9) Concurrent Cycle 40.835ms
[2023-02-24T08:26:34.102+0000][6][safepoint   ] Safepoint "ICBufferFull", Time since last: 471731125 ns, Reaching safepoint: 7442958 ns, At safepoint: 12709 ns, Total: 7455667 ns
[2023-02-24T08:26:35.115+0000][6][safepoint   ] Safepoint "Cleanup", Time since last: 1003757000 ns, Reaching safepoint: 9158375 ns, At safepoint: 8708 ns, Total: 9167083 ns
[2023-02-24T08:26:36.117+0000][6][safepoint   ] Safepoint "Cleanup", Time since last: 1001303334 ns, Reaching safepoint: 1147792 ns, At safepoint: 1875 ns, Total: 1149667 ns
[2023-02-24T08:26:36.426+0000][6][safepoint   ] Safepoint "ICBufferFull", Time since last: 307302208 ns, Reaching safepoint: 1526209 ns, At safepoint: 3500 ns, Total: 1529709 ns
[2023-02-24T08:26:36.740+0000][6][gc,start    ] GC(10) Pause Young (Normal) (G1 Evacuation Pause)
[2023-02-24T08:26:36.741+0000][6][gc,task     ] GC(10) Using 4 workers of 4 for evacuation
[2023-02-24T08:26:36.742+0000][6][gc,age      ] GC(10) Desired survivor size 20447232 bytes, new threshold 15 (max threshold 15)
[2023-02-24T08:26:36.844+0000][6][gc,age      ] GC(10) Age table with threshold 15 (max threshold 15)
[2023-02-24T08:26:36.845+0000][6][gc,age      ] GC(10) - age   1:   25044816 bytes,   25044816 total
[2023-02-24T08:26:36.845+0000][6][gc,age      ] GC(10) - age   2:    2174944 bytes,   27219760 total
[2023-02-24T08:26:36.846+0000][6][gc,age      ] GC(10) - age   3:    2257936 bytes,   29477696 total
[2023-02-24T08:26:36.847+0000][6][gc,age      ] GC(10) - age   4:     597560 bytes,   30075256 total
[2023-02-24T08:26:36.848+0000][6][gc,age      ] GC(10) - age   5:    3279656 bytes,   33354912 total
[2023-02-24T08:26:36.848+0000][6][gc,age      ] GC(10) - age   6:    4276256 bytes,   37631168 total
[2023-02-24T08:26:36.849+0000][6][gc,age      ] GC(10) - age   7:    1111704 bytes,   38742872 total
[2023-02-24T08:26:36.850+0000][6][gc,age      ] GC(10) - age   8:    2087056 bytes,   40829928 total
[2023-02-24T08:26:36.851+0000][6][gc,phases   ] GC(10)   Pre Evacuate Collection Set: 0.2ms
[2023-02-24T08:26:36.852+0000][6][gc,phases   ] GC(10)   Merge Heap Roots: 0.1ms
[2023-02-24T08:26:36.852+0000][6][gc,phases   ] GC(10)   Evacuate Collection Set: 88.5ms
[2023-02-24T08:26:36.853+0000][6][gc,phases   ] GC(10)   Post Evacuate Collection Set: 11.7ms
[2023-02-24T08:26:36.854+0000][6][gc,phases   ] GC(10)   Other: 10.9ms
[2023-02-24T08:26:36.854+0000][6][gc,heap     ] GC(10) Eden regions: 291->0(268)
[2023-02-24T08:26:36.855+0000][6][gc,heap     ] GC(10) Survivor regions: 16->39(39)
[2023-02-24T08:26:36.855+0000][6][gc,heap     ] GC(10) Old regions: 4->9
[2023-02-24T08:26:36.857+0000][6][gc,heap     ] GC(10) Archive regions: 0->0
[2023-02-24T08:26:36.858+0000][6][gc,heap     ] GC(10) Humongous regions: 1->1
[2023-02-24T08:26:36.859+0000][6][gc,metaspace] GC(10) Metaspace: 43205K(45564K)->43205K(45564K) NonClass: 37976K(39676K)->37976K(39676K) Class: 5228K(5888K)->5228K(5888K)
[2023-02-24T08:26:36.860+0000][6][gc          ] GC(10) Pause Young (Normal) (G1 Evacuation Pause) 311M->48M(512M) 120.654ms
[2023-02-24T08:26:36.861+0000][6][gc,cpu      ] GC(10) User=0.10s Sys=0.00s Real=0.12s
[2023-02-24T08:26:36.862+0000][6][safepoint   ] Safepoint "G1CollectForAllocation", Time since last: 313178458 ns, Reaching safepoint: 186792 ns, At safepoint: 122374416 ns, Total: 122561208 ns
[2023-02-24T08:26:37.170+0000][6][safepoint   ] Safepoint "ICBufferFull", Time since last: 308113209 ns, Reaching safepoint: 109167 ns, At safepoint: 1791 ns, Total: 110958 ns
[2023-02-24T08:26:37.759+0000][6][safepoint   ] Safepoint "ICBufferFull", Time since last: 589040792 ns, Reaching safepoint: 177792 ns, At safepoint: 2083 ns, Total: 179875 ns
[2023-02-24T08:26:38.308+0000][6][safepoint   ] Safepoint "ICBufferFull", Time since last: 542387584 ns, Reaching safepoint: 6202875 ns, At safepoint: 6125 ns, Total: 6209000 ns
[2023-02-24T08:26:38.835+0000][6][gc,start    ] GC(11) Pause Young (Concurrent Start) (Metadata GC Threshold)
[2023-02-24T08:26:38.836+0000][6][gc,task     ] GC(11) Using 4 workers of 4 for evacuation
[2023-02-24T08:26:38.837+0000][6][gc,age      ] GC(11) Desired survivor size 20447232 bytes, new threshold 1 (max threshold 15)
[2023-02-24T08:26:38.928+0000][6][gc,age      ] GC(11) Age table with threshold 1 (max threshold 15)
[2023-02-24T08:26:38.929+0000][6][gc,age      ] GC(11) - age   1:    6302648 bytes,    6302648 total
[2023-02-24T08:26:38.932+0000][6][gc,phases   ] GC(11)   Pre Evacuate Collection Set: 0.3ms
[2023-02-24T08:26:38.933+0000][6][gc,phases   ] GC(11)   Merge Heap Roots: 0.1ms
[2023-02-24T08:26:38.934+0000][6][gc,phases   ] GC(11)   Evacuate Collection Set: 87.6ms
[2023-02-24T08:26:38.935+0000][6][gc,phases   ] GC(11)   Post Evacuate Collection Set: 0.9ms
[2023-02-24T08:26:38.938+0000][6][gc,phases   ] GC(11)   Other: 7.5ms
[2023-02-24T08:26:38.941+0000][6][gc,heap     ] GC(11) Eden regions: 112->0(288)
[2023-02-24T08:26:38.944+0000][6][gc,heap     ] GC(11) Survivor regions: 39->8(39)
[2023-02-24T08:26:38.945+0000][6][gc,heap     ] GC(11) Old regions: 9->49
[2023-02-24T08:26:38.945+0000][6][gc,heap     ] GC(11) Archive regions: 0->0
[2023-02-24T08:26:38.946+0000][6][gc,heap     ] GC(11) Humongous regions: 1->1
[2023-02-24T08:26:38.947+0000][6][gc,metaspace] GC(11) Metaspace: 57437K(60368K)->57437K(60368K) NonClass: 50065K(52176K)->50065K(52176K) Class: 7372K(8192K)->7372K(8192K)
[2023-02-24T08:26:38.950+0000][6][gc          ] GC(11) Pause Young (Concurrent Start) (Metadata GC Threshold) 160M->56M(512M) 114.413ms
[2023-02-24T08:26:38.952+0000][6][gc,cpu      ] GC(11) User=0.08s Sys=0.00s Real=0.12s
[2023-02-24T08:26:38.953+0000][6][gc          ] GC(12) Concurrent Cycle
[2023-02-24T08:26:38.957+0000][6][gc,marking  ] GC(12) Concurrent Clear Claimed Marks
[2023-02-24T08:26:38.959+0000][6][gc,marking  ] GC(12) Concurrent Clear Claimed Marks 2.327ms
[2023-02-24T08:26:38.960+0000][6][gc,marking  ] GC(12) Concurrent Scan Root Regions
[2023-02-24T08:26:38.954+0000][6][safepoint   ] Safepoint "CollectForMetadataAllocation", Time since last: 527268250 ns, Reaching safepoint: 120375 ns, At safepoint: 118786042 ns, Total: 118906417 ns
[2023-02-24T08:26:38.981+0000][6][safepoint   ] Safepoint "CollectForMetadataAllocation", Time since last: 26999500 ns, Reaching safepoint: 43166 ns, At safepoint: 67542 ns, Total: 110708 ns
[2023-02-24T08:26:39.068+0000][6][gc,marking  ] GC(12) Concurrent Scan Root Regions 108.351ms
[2023-02-24T08:26:39.069+0000][6][gc,marking  ] GC(12) Concurrent Mark (13.568s)
[2023-02-24T08:26:39.070+0000][6][gc,marking  ] GC(12) Concurrent Mark From Roots
[2023-02-24T08:26:39.071+0000][6][gc,task     ] GC(12) Using 1 workers of 1 for marking
[2023-02-24T08:26:39.071+0000][6][safepoint   ] Safepoint "CollectForMetadataAllocation", Time since last: 86734959 ns, Reaching safepoint: 2449083 ns, At safepoint: 74375 ns, Total: 2523458 ns
[2023-02-24T08:26:39.110+0000][6][gc,marking  ] GC(12) Concurrent Mark From Roots 39.732ms
[2023-02-24T08:26:39.111+0000][6][gc,marking  ] GC(12) Concurrent Preclean
[2023-02-24T08:26:39.113+0000][6][gc,marking  ] GC(12) Concurrent Preclean 1.813ms
[2023-02-24T08:26:39.114+0000][6][gc,marking  ] GC(12) Concurrent Mark (13.568s, 13.613s) 44.950ms
[2023-02-24T08:26:39.124+0000][6][gc,start    ] GC(12) Pause Remark
[2023-02-24T08:26:39.134+0000][6][gc          ] GC(12) Pause Remark 59M->59M(512M) 9.889ms
[2023-02-24T08:26:39.140+0000][6][gc,cpu      ] GC(12) User=0.01s Sys=0.00s Real=0.02s
[2023-02-24T08:26:39.141+0000][6][safepoint   ] Safepoint "G1Concurrent", Time since last: 44953875 ns, Reaching safepoint: 8319583 ns, At safepoint: 17285667 ns, Total: 25605250 ns
[2023-02-24T08:26:39.142+0000][6][gc,marking  ] GC(12) Concurrent Rebuild Remembered Sets
[2023-02-24T08:26:39.250+0000][6][gc,marking  ] GC(12) Concurrent Rebuild Remembered Sets 108.130ms
[2023-02-24T08:26:39.258+0000][6][gc,start    ] GC(12) Pause Cleanup
[2023-02-24T08:26:39.259+0000][6][gc          ] GC(12) Pause Cleanup 62M->62M(512M) 1.048ms
[2023-02-24T08:26:39.260+0000][6][gc,cpu      ] GC(12) User=0.00s Sys=0.00s Real=0.01s
[2023-02-24T08:26:39.261+0000][6][safepoint   ] Safepoint "G1Concurrent", Time since last: 110676625 ns, Reaching safepoint: 6516917 ns, At safepoint: 2278000 ns, Total: 8794917 ns
[2023-02-24T08:26:39.261+0000][6][gc,marking  ] GC(12) Concurrent Cleanup for Next Mark
[2023-02-24T08:26:39.262+0000][6][gc,marking  ] GC(12) Concurrent Cleanup for Next Mark 1.082ms
[2023-02-24T08:26:39.263+0000][6][gc          ] GC(12) Concurrent Cycle 309.754ms
[2023-02-24T08:26:40.262+0000][6][safepoint   ] Safepoint "Cleanup", Time since last: 1000720875 ns, Reaching safepoint: 279583 ns, At safepoint: 1917 ns, Total: 281500 ns
[2023-02-24T08:26:40.681+0000][6][safepoint   ] Safepoint "ICBufferFull", Time since last: 419257333 ns, Reaching safepoint: 200666 ns, At safepoint: 2667 ns, Total: 203333 ns
[2023-02-24T08:26:40.686+0000][6][safepoint   ] Safepoint "ICBufferFull", Time since last: 3211208 ns, Reaching safepoint: 2238667 ns, At safepoint: 5000 ns, Total: 2243667 ns
[2023-02-24T08:26:40.708+0000][6][safepoint   ] Safepoint "ICBufferFull", Time since last: 21354417 ns, Reaching safepoint: 191791 ns, At safepoint: 1584 ns, Total: 193375 ns
[2023-02-24T08:26:40.930+0000][6][safepoint   ] Safepoint "ICBufferFull", Time since last: 221920791 ns, Reaching safepoint: 187875 ns, At safepoint: 1917 ns, Total: 189792 ns
[2023-02-24T08:26:41.933+0000][6][safepoint   ] Safepoint "Cleanup", Time since last: 1001615459 ns, Reaching safepoint: 1202958 ns, At safepoint: 6834 ns, Total: 1209792 ns
[2023-02-24T08:26:42.211+0000][6][safepoint   ] Safepoint "ICBufferFull", Time since last: 274823000 ns, Reaching safepoint: 3003583 ns, At safepoint: 7125 ns, Total: 3010708 ns
[2023-02-24T08:26:42.610+0000][6][safepoint   ] Safepoint "ICBufferFull", Time since last: 396998167 ns, Reaching safepoint: 1991000 ns, At safepoint: 9542 ns, Total: 2000542 ns
[2023-02-24T08:26:42.782+0000][6][safepoint   ] Safepoint "ICBufferFull", Time since last: 172439083 ns, Reaching safepoint: 153625 ns, At safepoint: 2917 ns, Total: 156542 ns
[2023-02-24T08:26:43.385+0000][6][safepoint   ] Safepoint "ICBufferFull", Time since last: 602919458 ns, Reaching safepoint: 162959 ns, At safepoint: 1750 ns, Total: 164709 ns
[2023-02-24T08:26:43.873+0000][6][gc,heap,exit] Heap
[2023-02-24T08:26:43.874+0000][6][gc,heap,exit]  garbage-first heap   total 524288K, used 261816K [0x00000000e0000000, 0x0000000100000000)
[2023-02-24T08:26:43.874+0000][6][gc,heap,exit]   region size 1024K, 208 young (212992K), 8 survivors (8192K)
[2023-02-24T08:26:43.875+0000][6][gc,heap,exit]  Metaspace       used 86325K, capacity 89362K, committed 90448K, reserved 1128448K
[2023-02-24T08:26:43.876+0000][6][gc,heap,exit]   class space    used 11404K, capacity 12371K, committed 12416K, reserved 1048576K
