[2023-01-09T09:50:58.327+0000][166][gc] Using G1
[2023-01-09T09:50:58.333+0000][166][gc,init] Version: 15+36-1562 (release)
[2023-01-09T09:50:58.338+0000][166][gc,init] CPUs: 4 total, 4 available
[2023-01-09T09:50:58.339+0000][166][gc,init] Memory: 7951M
[2023-01-09T09:50:58.339+0000][166][gc,init] Large Page Support: Disabled
[2023-01-09T09:50:58.340+0000][166][gc,init] NUMA Support: Disabled
[2023-01-09T09:50:58.341+0000][166][gc,init] Compressed Oops: Enabled (32-bit)
[2023-01-09T09:50:58.342+0000][166][gc,init] Heap Region Size: 1M
[2023-01-09T09:50:58.343+0000][166][gc,init] Heap Min Capacity: 512M
[2023-01-09T09:50:58.344+0000][166][gc,init] Heap Initial Capacity: 512M
[2023-01-09T09:50:58.345+0000][166][gc,init] Heap Max Capacity: 512M
[2023-01-09T09:50:58.346+0000][166][gc,init] Pre-touch: Disabled
[2023-01-09T09:50:58.346+0000][166][gc,init] Parallel Workers: 4
[2023-01-09T09:50:58.347+0000][166][gc,init] Concurrent Workers: 1
[2023-01-09T09:50:58.348+0000][166][gc,init] Concurrent Refinement Workers: 4
[2023-01-09T09:50:58.349+0000][166][gc,init] Periodic GC: Disabled
[2023-01-09T09:50:58.350+0000][166][gc,metaspace] CDS disabled.
[2023-01-09T09:50:58.350+0000][166][gc,metaspace] Compressed class space mapped at: 0x0000000100000000-0x0000000140000000, size: 1073741824
[2023-01-09T09:50:58.352+0000][166][gc,metaspace] Narrow klass base: 0x0000000000000000, Narrow klass shift: 3, Narrow klass range: 0x140000000
[2023-01-09T09:50:58.462+0000][166][gc,heap,exit] Heap
[2023-01-09T09:50:58.463+0000][166][gc,heap,exit]  garbage-first heap   total 524288K, used 1024K [0x00000000e0000000, 0x0000000100000000)
[2023-01-09T09:50:58.464+0000][166][gc,heap,exit]   region size 1024K, 2 young (2048K), 0 survivors (0K)
[2023-01-09T09:50:58.465+0000][166][gc,heap,exit]  Metaspace       used 3324K, capacity 4480K, committed 4480K, reserved 1056768K
[2023-01-09T09:50:58.466+0000][166][gc,heap,exit]   class space    used 278K, capacity 384K, committed 384K, reserved 1048576K
