[2023-01-09T09:48:38.268+0000][7][gc] Using G1
[2023-01-09T09:48:38.472+0000][7][gc,init] Version: 15+36-1562 (release)
[2023-01-09T09:48:38.477+0000][7][gc,init] CPUs: 4 total, 4 available
[2023-01-09T09:48:38.478+0000][7][gc,init] Memory: 7951M
[2023-01-09T09:48:38.479+0000][7][gc,init] Large Page Support: Disabled
[2023-01-09T09:48:38.480+0000][7][gc,init] NUMA Support: Disabled
[2023-01-09T09:48:38.481+0000][7][gc,init] Compressed Oops: Enabled (32-bit)
[2023-01-09T09:48:38.482+0000][7][gc,init] Heap Region Size: 1M
[2023-01-09T09:48:38.483+0000][7][gc,init] Heap Min Capacity: 512M
[2023-01-09T09:48:38.483+0000][7][gc,init] Heap Initial Capacity: 512M
[2023-01-09T09:48:38.484+0000][7][gc,init] Heap Max Capacity: 512M
[2023-01-09T09:48:38.485+0000][7][gc,init] Pre-touch: Enabled
[2023-01-09T09:48:38.485+0000][7][gc,init] Parallel Workers: 4
[2023-01-09T09:48:38.486+0000][7][gc,init] Concurrent Workers: 1
[2023-01-09T09:48:38.497+0000][7][gc,init] Concurrent Refinement Workers: 4
[2023-01-09T09:48:38.497+0000][7][gc,init] Periodic GC: Disabled
[2023-01-09T09:48:38.498+0000][7][gc,metaspace] CDS disabled.
[2023-01-09T09:48:38.499+0000][7][gc,metaspace] Compressed class space mapped at: 0x0000000100000000-0x0000000140000000, size: 1073741824
[2023-01-09T09:48:38.500+0000][7][gc,metaspace] Narrow klass base: 0x0000000000000000, Narrow klass shift: 3, Narrow klass range: 0x140000000
[2023-01-09T09:48:39.013+0000][7][safepoint   ] Safepoint "ICBufferFull", Time since last: 496734791 ns, Reaching safepoint: 3450750 ns, At safepoint: 9209 ns, Total: 3459959 ns
[2023-01-09T09:48:39.341+0000][7][safepoint   ] Safepoint "ICBufferFull", Time since last: 327688458 ns, Reaching safepoint: 494667 ns, At safepoint: 3333 ns, Total: 498000 ns
[2023-01-09T09:48:39.612+0000][7][safepoint   ] Safepoint "ICBufferFull", Time since last: 270754209 ns, Reaching safepoint: 68541 ns, At safepoint: 2042 ns, Total: 70583 ns
[2023-01-09T09:48:39.638+0000][7][gc,start    ] GC(0) Pause Young (Normal) (G1 Evacuation Pause)
[2023-01-09T09:48:39.659+0000][7][gc,task     ] GC(0) Using 4 workers of 4 for evacuation
[2023-01-09T09:48:39.660+0000][7][gc,age      ] GC(0) Desired survivor size 2097152 bytes, new threshold 15 (max threshold 15)
[2023-01-09T09:48:39.669+0000][7][gc,age      ] GC(0) Age table with threshold 15 (max threshold 15)
[2023-01-09T09:48:39.670+0000][7][gc,age      ] GC(0) - age   1:    3902128 bytes,    3902128 total
[2023-01-09T09:48:39.671+0000][7][gc,phases   ] GC(0)   Pre Evacuate Collection Set: 0.1ms
[2023-01-09T09:48:39.672+0000][7][gc,phases   ] GC(0)   Merge Heap Roots: 0.1ms
[2023-01-09T09:48:39.673+0000][7][gc,phases   ] GC(0)   Evacuate Collection Set: 7.8ms
[2023-01-09T09:48:39.673+0000][7][gc,phases   ] GC(0)   Post Evacuate Collection Set: 0.5ms
[2023-01-09T09:48:39.674+0000][7][gc,phases   ] GC(0)   Other: 24.4ms
[2023-01-09T09:48:39.675+0000][7][gc,heap     ] GC(0) Eden regions: 25->0(25)
[2023-01-09T09:48:39.676+0000][7][gc,heap     ] GC(0) Survivor regions: 0->4(4)
[2023-01-09T09:48:39.677+0000][7][gc,heap     ] GC(0) Old regions: 0->0
[2023-01-09T09:48:39.678+0000][7][gc,heap     ] GC(0) Archive regions: 0->0
[2023-01-09T09:48:39.679+0000][7][gc,heap     ] GC(0) Humongous regions: 1->1
[2023-01-09T09:48:39.681+0000][7][gc,metaspace] GC(0) Metaspace: 15584K(16000K)->15584K(16000K) NonClass: 14013K(14336K)->14013K(14336K) Class: 1571K(1664K)->1571K(1664K)
[2023-01-09T09:48:39.683+0000][7][gc          ] GC(0) Pause Young (Normal) (G1 Evacuation Pause) 26M->4M(512M) 44.516ms
[2023-01-09T09:48:39.683+0000][7][gc,cpu      ] GC(0) User=0.02s Sys=0.00s Real=0.04s
[2023-01-09T09:48:39.684+0000][7][safepoint   ] Safepoint "G1CollectForAllocation", Time since last: 26418000 ns, Reaching safepoint: 114792 ns, At safepoint: 46190791 ns, Total: 46305583 ns
[2023-01-09T09:48:40.470+0000][7][safepoint   ] Safepoint "ICBufferFull", Time since last: 785641584 ns, Reaching safepoint: 90417 ns, At safepoint: 2125 ns, Total: 92542 ns
[2023-01-09T09:48:40.770+0000][7][gc,start    ] GC(1) Pause Young (Concurrent Start) (Metadata GC Threshold)
[2023-01-09T09:48:40.772+0000][7][gc,task     ] GC(1) Using 4 workers of 4 for evacuation
[2023-01-09T09:48:40.773+0000][7][gc,age      ] GC(1) Desired survivor size 2097152 bytes, new threshold 1 (max threshold 15)
[2023-01-09T09:48:40.785+0000][7][gc,age      ] GC(1) Age table with threshold 1 (max threshold 15)
[2023-01-09T09:48:40.787+0000][7][gc,age      ] GC(1) - age   1:    2143400 bytes,    2143400 total
[2023-01-09T09:48:40.788+0000][7][gc,phases   ] GC(1)   Pre Evacuate Collection Set: 0.2ms
[2023-01-09T09:48:40.788+0000][7][gc,phases   ] GC(1)   Merge Heap Roots: 0.0ms
[2023-01-09T09:48:40.789+0000][7][gc,phases   ] GC(1)   Evacuate Collection Set: 9.9ms
[2023-01-09T09:48:40.790+0000][7][gc,phases   ] GC(1)   Post Evacuate Collection Set: 0.5ms
[2023-01-09T09:48:40.791+0000][7][gc,phases   ] GC(1)   Other: 7.1ms
[2023-01-09T09:48:40.792+0000][7][gc,heap     ] GC(1) Eden regions: 23->0(35)
[2023-01-09T09:48:40.793+0000][7][gc,heap     ] GC(1) Survivor regions: 4->3(4)
[2023-01-09T09:48:40.794+0000][7][gc,heap     ] GC(1) Old regions: 0->4
[2023-01-09T09:48:40.795+0000][7][gc,heap     ] GC(1) Archive regions: 0->0
[2023-01-09T09:48:40.796+0000][7][gc,heap     ] GC(1) Humongous regions: 1->1
[2023-01-09T09:48:40.796+0000][7][gc,metaspace] GC(1) Metaspace: 20695K(21248K)->20695K(21248K) NonClass: 18478K(18944K)->18478K(18944K) Class: 2216K(2304K)->2216K(2304K)
[2023-01-09T09:48:40.797+0000][7][gc          ] GC(1) Pause Young (Concurrent Start) (Metadata GC Threshold) 27M->7M(512M) 27.212ms
[2023-01-09T09:48:40.798+0000][7][gc,cpu      ] GC(1) User=0.01s Sys=0.00s Real=0.03s
[2023-01-09T09:48:40.799+0000][7][safepoint   ] Safepoint "CollectForMetadataAllocation", Time since last: 299564167 ns, Reaching safepoint: 87875 ns, At safepoint: 28930625 ns, Total: 29018500 ns
[2023-01-09T09:48:40.799+0000][7][gc          ] GC(2) Concurrent Cycle
[2023-01-09T09:48:40.800+0000][7][gc,marking  ] GC(2) Concurrent Clear Claimed Marks
[2023-01-09T09:48:40.801+0000][7][gc,marking  ] GC(2) Concurrent Clear Claimed Marks 0.667ms
[2023-01-09T09:48:40.802+0000][7][gc,marking  ] GC(2) Concurrent Scan Root Regions
[2023-01-09T09:48:40.805+0000][7][gc,marking  ] GC(2) Concurrent Scan Root Regions 3.645ms
[2023-01-09T09:48:40.806+0000][7][gc,marking  ] GC(2) Concurrent Mark (2.553s)
[2023-01-09T09:48:40.807+0000][7][gc,marking  ] GC(2) Concurrent Mark From Roots
[2023-01-09T09:48:40.808+0000][7][gc,task     ] GC(2) Using 1 workers of 1 for marking
[2023-01-09T09:48:40.809+0000][7][gc,marking  ] GC(2) Concurrent Mark From Roots 1.596ms
[2023-01-09T09:48:40.810+0000][7][gc,marking  ] GC(2) Concurrent Preclean
[2023-01-09T09:48:40.810+0000][7][gc,marking  ] GC(2) Concurrent Preclean 0.517ms
[2023-01-09T09:48:40.811+0000][7][gc,marking  ] GC(2) Concurrent Mark (2.553s, 2.557s) 4.409ms
[2023-01-09T09:48:40.812+0000][7][gc,start    ] GC(2) Pause Remark
[2023-01-09T09:48:40.816+0000][7][gc          ] GC(2) Pause Remark 7M->7M(512M) 4.195ms
[2023-01-09T09:48:40.817+0000][7][gc,cpu      ] GC(2) User=0.00s Sys=0.00s Real=0.01s
[2023-01-09T09:48:40.818+0000][7][safepoint   ] Safepoint "G1Concurrent", Time since last: 13049083 ns, Reaching safepoint: 49333 ns, At safepoint: 6205292 ns, Total: 6254625 ns
[2023-01-09T09:48:40.819+0000][7][gc,marking  ] GC(2) Concurrent Rebuild Remembered Sets
[2023-01-09T09:48:40.821+0000][7][gc,marking  ] GC(2) Concurrent Rebuild Remembered Sets 2.481ms
[2023-01-09T09:48:40.823+0000][7][gc,start    ] GC(2) Pause Cleanup
[2023-01-09T09:48:40.824+0000][7][gc          ] GC(2) Pause Cleanup 7M->7M(512M) 1.024ms
[2023-01-09T09:48:40.825+0000][7][gc,cpu      ] GC(2) User=0.00s Sys=0.00s Real=0.00s
[2023-01-09T09:48:40.826+0000][7][safepoint   ] Safepoint "G1Concurrent", Time since last: 4115250 ns, Reaching safepoint: 699875 ns, At safepoint: 2663125 ns, Total: 3363000 ns
[2023-01-09T09:48:40.826+0000][7][gc,marking  ] GC(2) Concurrent Cleanup for Next Mark
[2023-01-09T09:48:40.827+0000][7][gc,marking  ] GC(2) Concurrent Cleanup for Next Mark 1.123ms
[2023-01-09T09:48:40.828+0000][7][gc          ] GC(2) Concurrent Cycle 29.092ms
[2023-01-09T09:48:41.474+0000][7][safepoint   ] Safepoint "ICBufferFull", Time since last: 648095792 ns, Reaching safepoint: 116625 ns, At safepoint: 2375 ns, Total: 119000 ns
[2023-01-09T09:48:41.530+0000][7][gc,start    ] GC(3) Pause Young (Normal) (G1 Evacuation Pause)
[2023-01-09T09:48:41.531+0000][7][gc,task     ] GC(3) Using 4 workers of 4 for evacuation
[2023-01-09T09:48:41.532+0000][7][gc,age      ] GC(3) Desired survivor size 2621440 bytes, new threshold 15 (max threshold 15)
[2023-01-09T09:48:41.543+0000][7][gc,age      ] GC(3) Age table with threshold 15 (max threshold 15)
[2023-01-09T09:48:41.544+0000][7][gc,age      ] GC(3) - age   1:    2982480 bytes,    2982480 total
[2023-01-09T09:48:41.545+0000][7][gc,age      ] GC(3) - age   2:    2121784 bytes,    5104264 total
[2023-01-09T09:48:41.546+0000][7][gc,phases   ] GC(3)   Pre Evacuate Collection Set: 0.2ms
[2023-01-09T09:48:41.547+0000][7][gc,phases   ] GC(3)   Merge Heap Roots: 0.1ms
[2023-01-09T09:48:41.548+0000][7][gc,phases   ] GC(3)   Evacuate Collection Set: 9.4ms
[2023-01-09T09:48:41.549+0000][7][gc,phases   ] GC(3)   Post Evacuate Collection Set: 0.5ms
[2023-01-09T09:48:41.550+0000][7][gc,phases   ] GC(3)   Other: 6.3ms
[2023-01-09T09:48:41.551+0000][7][gc,heap     ] GC(3) Eden regions: 35->0(196)
[2023-01-09T09:48:41.552+0000][7][gc,heap     ] GC(3) Survivor regions: 3->5(5)
[2023-01-09T09:48:41.552+0000][7][gc,heap     ] GC(3) Old regions: 4->4
[2023-01-09T09:48:41.553+0000][7][gc,heap     ] GC(3) Archive regions: 0->0
[2023-01-09T09:48:41.554+0000][7][gc,heap     ] GC(3) Humongous regions: 1->1
[2023-01-09T09:48:41.555+0000][7][gc,metaspace] GC(3) Metaspace: 22451K(23040K)->22451K(23040K) NonClass: 20043K(20480K)->20043K(20480K) Class: 2407K(2560K)->2407K(2560K)
[2023-01-09T09:48:41.556+0000][7][gc          ] GC(3) Pause Young (Normal) (G1 Evacuation Pause) 42M->9M(512M) 26.274ms
[2023-01-09T09:48:41.557+0000][7][gc,cpu      ] GC(3) User=0.01s Sys=0.01s Real=0.03s
[2023-01-09T09:48:41.557+0000][7][safepoint   ] Safepoint "G1CollectForAllocation", Time since last: 55781417 ns, Reaching safepoint: 120416 ns, At safepoint: 27814917 ns, Total: 27935333 ns
[2023-01-09T09:48:41.687+0000][7][safepoint   ] Safepoint "ICBufferFull", Time since last: 129331208 ns, Reaching safepoint: 114625 ns, At safepoint: 1709 ns, Total: 116334 ns
[2023-01-09T09:48:41.718+0000][7][safepoint   ] Safepoint "ICBufferFull", Time since last: 30735666 ns, Reaching safepoint: 127000 ns, At safepoint: 2084 ns, Total: 129084 ns
[2023-01-09T09:48:41.720+0000][7][safepoint   ] Safepoint "ICBufferFull", Time since last: 2496083 ns, Reaching safepoint: 104125 ns, At safepoint: 1458 ns, Total: 105583 ns
[2023-01-09T09:48:41.723+0000][7][safepoint   ] Safepoint "ICBufferFull", Time since last: 2404125 ns, Reaching safepoint: 107750 ns, At safepoint: 1667 ns, Total: 109417 ns
[2023-01-09T09:48:41.728+0000][7][safepoint   ] Safepoint "ICBufferFull", Time since last: 4771250 ns, Reaching safepoint: 109917 ns, At safepoint: 2000 ns, Total: 111917 ns
[2023-01-09T09:48:41.731+0000][7][safepoint   ] Safepoint "ICBufferFull", Time since last: 2640916 ns, Reaching safepoint: 108167 ns, At safepoint: 1875 ns, Total: 110042 ns
[2023-01-09T09:48:41.739+0000][7][safepoint   ] Safepoint "ICBufferFull", Time since last: 8142917 ns, Reaching safepoint: 132583 ns, At safepoint: 1917 ns, Total: 134500 ns
[2023-01-09T09:48:41.748+0000][7][safepoint   ] Safepoint "ICBufferFull", Time since last: 9259791 ns, Reaching safepoint: 113000 ns, At safepoint: 1667 ns, Total: 114667 ns
[2023-01-09T09:48:41.751+0000][7][safepoint   ] Safepoint "ICBufferFull", Time since last: 2778250 ns, Reaching safepoint: 101375 ns, At safepoint: 1625 ns, Total: 103000 ns
[2023-01-09T09:48:41.753+0000][7][safepoint   ] Safepoint "ICBufferFull", Time since last: 1909708 ns, Reaching safepoint: 102792 ns, At safepoint: 1500 ns, Total: 104292 ns
[2023-01-09T09:48:41.755+0000][7][safepoint   ] Safepoint "ICBufferFull", Time since last: 1830083 ns, Reaching safepoint: 97209 ns, At safepoint: 1500 ns, Total: 98709 ns
[2023-01-09T09:48:41.757+0000][7][safepoint   ] Safepoint "ICBufferFull", Time since last: 1672833 ns, Reaching safepoint: 95417 ns, At safepoint: 1500 ns, Total: 96917 ns
[2023-01-09T09:48:41.760+0000][7][safepoint   ] Safepoint "ICBufferFull", Time since last: 3060583 ns, Reaching safepoint: 106708 ns, At safepoint: 1417 ns, Total: 108125 ns
[2023-01-09T09:48:41.762+0000][7][safepoint   ] Safepoint "ICBufferFull", Time since last: 1577000 ns, Reaching safepoint: 129125 ns, At safepoint: 1583 ns, Total: 130708 ns
[2023-01-09T09:48:41.763+0000][7][safepoint   ] Safepoint "ICBufferFull", Time since last: 1578167 ns, Reaching safepoint: 99667 ns, At safepoint: 1708 ns, Total: 101375 ns
[2023-01-09T09:48:41.769+0000][7][safepoint   ] Safepoint "ICBufferFull", Time since last: 4848083 ns, Reaching safepoint: 644542 ns, At safepoint: 9125 ns, Total: 653667 ns
[2023-01-09T09:48:41.776+0000][7][safepoint   ] Safepoint "ICBufferFull", Time since last: 6814458 ns, Reaching safepoint: 122000 ns, At safepoint: 3709 ns, Total: 125709 ns
[2023-01-09T09:48:41.785+0000][7][safepoint   ] Safepoint "ICBufferFull", Time since last: 2484458 ns, Reaching safepoint: 6441042 ns, At safepoint: 8500 ns, Total: 6449542 ns
[2023-01-09T09:48:41.787+0000][7][safepoint   ] Safepoint "ICBufferFull", Time since last: 2055833 ns, Reaching safepoint: 30000 ns, At safepoint: 1750 ns, Total: 31750 ns
[2023-01-09T09:48:41.789+0000][7][safepoint   ] Safepoint "ICBufferFull", Time since last: 2375542 ns, Reaching safepoint: 29666 ns, At safepoint: 1500 ns, Total: 31166 ns
[2023-01-09T09:48:41.791+0000][7][safepoint   ] Safepoint "ICBufferFull", Time since last: 2006167 ns, Reaching safepoint: 31750 ns, At safepoint: 5542 ns, Total: 37292 ns
[2023-01-09T09:48:41.793+0000][7][safepoint   ] Safepoint "ICBufferFull", Time since last: 1894958 ns, Reaching safepoint: 99000 ns, At safepoint: 1625 ns, Total: 100625 ns
[2023-01-09T09:48:41.795+0000][7][safepoint   ] Safepoint "ICBufferFull", Time since last: 1798917 ns, Reaching safepoint: 103375 ns, At safepoint: 6208 ns, Total: 109583 ns
[2023-01-09T09:48:41.797+0000][7][safepoint   ] Safepoint "ICBufferFull", Time since last: 2204375 ns, Reaching safepoint: 109250 ns, At safepoint: 3000 ns, Total: 112250 ns
[2023-01-09T09:48:41.799+0000][7][safepoint   ] Safepoint "ICBufferFull", Time since last: 1698833 ns, Reaching safepoint: 100834 ns, At safepoint: 1833 ns, Total: 102667 ns
[2023-01-09T09:48:41.802+0000][7][safepoint   ] Safepoint "ICBufferFull", Time since last: 2596667 ns, Reaching safepoint: 106250 ns, At safepoint: 3333 ns, Total: 109583 ns
[2023-01-09T09:48:41.812+0000][7][safepoint   ] Safepoint "ICBufferFull", Time since last: 2465250 ns, Reaching safepoint: 7272583 ns, At safepoint: 13375 ns, Total: 7285958 ns
[2023-01-09T09:48:41.814+0000][7][safepoint   ] Safepoint "ICBufferFull", Time since last: 1794167 ns, Reaching safepoint: 146250 ns, At safepoint: 1875 ns, Total: 148125 ns
[2023-01-09T09:48:41.816+0000][7][safepoint   ] Safepoint "ICBufferFull", Time since last: 1811792 ns, Reaching safepoint: 154166 ns, At safepoint: 1834 ns, Total: 156000 ns
[2023-01-09T09:48:41.817+0000][7][safepoint   ] Safepoint "ICBufferFull", Time since last: 1578750 ns, Reaching safepoint: 96416 ns, At safepoint: 1375 ns, Total: 97791 ns
[2023-01-09T09:48:41.820+0000][7][safepoint   ] Safepoint "ICBufferFull", Time since last: 2188959 ns, Reaching safepoint: 157625 ns, At safepoint: 1666 ns, Total: 159291 ns
[2023-01-09T09:48:41.821+0000][7][safepoint   ] Safepoint "ICBufferFull", Time since last: 1652209 ns, Reaching safepoint: 109083 ns, At safepoint: 1542 ns, Total: 110625 ns
[2023-01-09T09:48:41.823+0000][7][safepoint   ] Safepoint "ICBufferFull", Time since last: 1907333 ns, Reaching safepoint: 99042 ns, At safepoint: 1458 ns, Total: 100500 ns
[2023-01-09T09:48:41.825+0000][7][safepoint   ] Safepoint "ICBufferFull", Time since last: 1891958 ns, Reaching safepoint: 102542 ns, At safepoint: 1500 ns, Total: 104042 ns
[2023-01-09T09:48:41.828+0000][7][safepoint   ] Safepoint "ICBufferFull", Time since last: 2301375 ns, Reaching safepoint: 102875 ns, At safepoint: 1542 ns, Total: 104417 ns
[2023-01-09T09:48:41.830+0000][7][safepoint   ] Safepoint "ICBufferFull", Time since last: 2346958 ns, Reaching safepoint: 102167 ns, At safepoint: 1666 ns, Total: 103833 ns
[2023-01-09T09:48:41.836+0000][7][safepoint   ] Safepoint "ICBufferFull", Time since last: 5398792 ns, Reaching safepoint: 121750 ns, At safepoint: 6208 ns, Total: 127958 ns
[2023-01-09T09:48:41.846+0000][7][safepoint   ] Safepoint "ICBufferFull", Time since last: 2894792 ns, Reaching safepoint: 7487083 ns, At safepoint: 9959 ns, Total: 7497042 ns
[2023-01-09T09:48:41.848+0000][7][safepoint   ] Safepoint "ICBufferFull", Time since last: 1513500 ns, Reaching safepoint: 29250 ns, At safepoint: 3125 ns, Total: 32375 ns
[2023-01-09T09:48:41.849+0000][7][safepoint   ] Safepoint "ICBufferFull", Time since last: 1247166 ns, Reaching safepoint: 24375 ns, At safepoint: 1500 ns, Total: 25875 ns
[2023-01-09T09:48:41.850+0000][7][safepoint   ] Safepoint "ICBufferFull", Time since last: 1358792 ns, Reaching safepoint: 24042 ns, At safepoint: 1666 ns, Total: 25708 ns
[2023-01-09T09:48:41.851+0000][7][safepoint   ] Safepoint "ICBufferFull", Time since last: 1021042 ns, Reaching safepoint: 42958 ns, At safepoint: 1459 ns, Total: 44417 ns
[2023-01-09T09:48:41.852+0000][7][safepoint   ] Safepoint "ICBufferFull", Time since last: 963125 ns, Reaching safepoint: 23333 ns, At safepoint: 1542 ns, Total: 24875 ns
[2023-01-09T09:48:41.854+0000][7][safepoint   ] Safepoint "ICBufferFull", Time since last: 1227791 ns, Reaching safepoint: 22250 ns, At safepoint: 1417 ns, Total: 23667 ns
[2023-01-09T09:48:41.855+0000][7][safepoint   ] Safepoint "ICBufferFull", Time since last: 1244833 ns, Reaching safepoint: 23500 ns, At safepoint: 1500 ns, Total: 25000 ns
[2023-01-09T09:48:41.856+0000][7][safepoint   ] Safepoint "ICBufferFull", Time since last: 1071125 ns, Reaching safepoint: 28334 ns, At safepoint: 3875 ns, Total: 32209 ns
[2023-01-09T09:48:41.858+0000][7][safepoint   ] Safepoint "ICBufferFull", Time since last: 1843916 ns, Reaching safepoint: 34709 ns, At safepoint: 1958 ns, Total: 36667 ns
[2023-01-09T09:48:41.859+0000][7][safepoint   ] Safepoint "ICBufferFull", Time since last: 1409583 ns, Reaching safepoint: 28584 ns, At safepoint: 1416 ns, Total: 30000 ns
[2023-01-09T09:48:41.864+0000][7][safepoint   ] Safepoint "ICBufferFull", Time since last: 918459 ns, Reaching safepoint: 3414083 ns, At safepoint: 6583 ns, Total: 3420666 ns
[2023-01-09T09:48:41.867+0000][7][safepoint   ] Safepoint "ICBufferFull", Time since last: 3149292 ns, Reaching safepoint: 51458 ns, At safepoint: 1792 ns, Total: 53250 ns
[2023-01-09T09:48:41.869+0000][7][safepoint   ] Safepoint "ICBufferFull", Time since last: 1886417 ns, Reaching safepoint: 537583 ns, At safepoint: 4167 ns, Total: 541750 ns
[2023-01-09T09:48:41.875+0000][7][safepoint   ] Safepoint "ICBufferFull", Time since last: 1011583 ns, Reaching safepoint: 4444583 ns, At safepoint: 11459 ns, Total: 4456042 ns
[2023-01-09T09:48:41.880+0000][7][safepoint   ] Safepoint "ICBufferFull", Time since last: 1282750 ns, Reaching safepoint: 3487291 ns, At safepoint: 4500 ns, Total: 3491791 ns
[2023-01-09T09:48:41.881+0000][7][safepoint   ] Safepoint "ICBufferFull", Time since last: 1282709 ns, Reaching safepoint: 248125 ns, At safepoint: 2000 ns, Total: 250125 ns
[2023-01-09T09:48:41.882+0000][7][safepoint   ] Safepoint "ICBufferFull", Time since last: 826833 ns, Reaching safepoint: 50000 ns, At safepoint: 1792 ns, Total: 51792 ns
[2023-01-09T09:48:41.883+0000][7][safepoint   ] Safepoint "ICBufferFull", Time since last: 890625 ns, Reaching safepoint: 104291 ns, At safepoint: 5542 ns, Total: 109833 ns
[2023-01-09T09:48:41.884+0000][7][safepoint   ] Safepoint "ICBufferFull", Time since last: 936292 ns, Reaching safepoint: 84666 ns, At safepoint: 1709 ns, Total: 86375 ns
[2023-01-09T09:48:41.885+0000][7][safepoint   ] Safepoint "ICBufferFull", Time since last: 937750 ns, Reaching safepoint: 79625 ns, At safepoint: 1708 ns, Total: 81333 ns
[2023-01-09T09:48:41.886+0000][7][safepoint   ] Safepoint "ICBufferFull", Time since last: 1009417 ns, Reaching safepoint: 164500 ns, At safepoint: 1750 ns, Total: 166250 ns
[2023-01-09T09:48:41.888+0000][7][safepoint   ] Safepoint "ICBufferFull", Time since last: 1723208 ns, Reaching safepoint: 268292 ns, At safepoint: 2291 ns, Total: 270583 ns
[2023-01-09T09:48:41.889+0000][7][safepoint   ] Safepoint "ICBufferFull", Time since last: 768417 ns, Reaching safepoint: 269792 ns, At safepoint: 7750 ns, Total: 277542 ns
[2023-01-09T09:48:41.890+0000][7][safepoint   ] Safepoint "ICBufferFull", Time since last: 796541 ns, Reaching safepoint: 263625 ns, At safepoint: 2167 ns, Total: 265792 ns
[2023-01-09T09:48:41.891+0000][7][safepoint   ] Safepoint "ICBufferFull", Time since last: 755500 ns, Reaching safepoint: 276917 ns, At safepoint: 6083 ns, Total: 283000 ns
[2023-01-09T09:48:41.893+0000][7][safepoint   ] Safepoint "ICBufferFull", Time since last: 873875 ns, Reaching safepoint: 237167 ns, At safepoint: 6916 ns, Total: 244083 ns
[2023-01-09T09:48:41.894+0000][7][safepoint   ] Safepoint "ICBufferFull", Time since last: 831875 ns, Reaching safepoint: 363459 ns, At safepoint: 2125 ns, Total: 365584 ns
[2023-01-09T09:48:41.895+0000][7][safepoint   ] Safepoint "ICBufferFull", Time since last: 1045291 ns, Reaching safepoint: 187292 ns, At safepoint: 2125 ns, Total: 189417 ns
[2023-01-09T09:48:41.896+0000][7][safepoint   ] Safepoint "ICBufferFull", Time since last: 906042 ns, Reaching safepoint: 266083 ns, At safepoint: 2625 ns, Total: 268708 ns
[2023-01-09T09:48:41.897+0000][7][safepoint   ] Safepoint "ICBufferFull", Time since last: 971875 ns, Reaching safepoint: 311208 ns, At safepoint: 2084 ns, Total: 313292 ns
[2023-01-09T09:48:41.898+0000][7][safepoint   ] Safepoint "ICBufferFull", Time since last: 862750 ns, Reaching safepoint: 196291 ns, At safepoint: 1667 ns, Total: 197958 ns
[2023-01-09T09:48:41.903+0000][7][safepoint   ] Safepoint "ICBufferFull", Time since last: 694083 ns, Reaching safepoint: 4196417 ns, At safepoint: 3750 ns, Total: 4200167 ns
[2023-01-09T09:48:41.905+0000][7][safepoint   ] Safepoint "ICBufferFull", Time since last: 1095667 ns, Reaching safepoint: 242333 ns, At safepoint: 2250 ns, Total: 244583 ns
[2023-01-09T09:48:41.906+0000][7][safepoint   ] Safepoint "ICBufferFull", Time since last: 749417 ns, Reaching safepoint: 300375 ns, At safepoint: 2500 ns, Total: 302875 ns
[2023-01-09T09:48:41.910+0000][7][safepoint   ] Safepoint "ICBufferFull", Time since last: 1782791 ns, Reaching safepoint: 2105000 ns, At safepoint: 3417 ns, Total: 2108417 ns
[2023-01-09T09:48:41.916+0000][7][safepoint   ] Safepoint "ICBufferFull", Time since last: 2615083 ns, Reaching safepoint: 3353042 ns, At safepoint: 3750 ns, Total: 3356792 ns
[2023-01-09T09:48:41.921+0000][7][safepoint   ] Safepoint "ICBufferFull", Time since last: 1874583 ns, Reaching safepoint: 3132334 ns, At safepoint: 4291 ns, Total: 3136625 ns
[2023-01-09T09:48:41.926+0000][7][safepoint   ] Safepoint "ICBufferFull", Time since last: 2689792 ns, Reaching safepoint: 2906792 ns, At safepoint: 4666 ns, Total: 2911458 ns
[2023-01-09T09:48:41.928+0000][7][safepoint   ] Safepoint "ICBufferFull", Time since last: 1621959 ns, Reaching safepoint: 325250 ns, At safepoint: 7250 ns, Total: 332500 ns
[2023-01-09T09:48:41.932+0000][7][safepoint   ] Safepoint "ICBufferFull", Time since last: 917916 ns, Reaching safepoint: 3395459 ns, At safepoint: 8541 ns, Total: 3404000 ns
[2023-01-09T09:48:41.935+0000][7][safepoint   ] Safepoint "ICBufferFull", Time since last: 1586125 ns, Reaching safepoint: 1302959 ns, At safepoint: 12583 ns, Total: 1315542 ns
[2023-01-09T09:48:42.213+0000][7][safepoint   ] Safepoint "ICBufferFull", Time since last: 274903042 ns, Reaching safepoint: 2438333 ns, At safepoint: 4000 ns, Total: 2442333 ns
[2023-01-09T09:48:42.688+0000][7][safepoint   ] Safepoint "ICBufferFull", Time since last: 474898417 ns, Reaching safepoint: 131459 ns, At safepoint: 3291 ns, Total: 134750 ns
[2023-01-09T09:48:42.702+0000][7][gc,start    ] GC(4) Pause Young (Normal) (G1 Evacuation Pause)
[2023-01-09T09:48:42.703+0000][7][gc,task     ] GC(4) Using 4 workers of 4 for evacuation
[2023-01-09T09:48:42.706+0000][7][gc,age      ] GC(4) Desired survivor size 13631488 bytes, new threshold 15 (max threshold 15)
[2023-01-09T09:48:42.735+0000][7][gc,age      ] GC(4) Age table with threshold 15 (max threshold 15)
[2023-01-09T09:48:42.737+0000][7][gc,age      ] GC(4) - age   1:    6510904 bytes,    6510904 total
[2023-01-09T09:48:42.738+0000][7][gc,age      ] GC(4) - age   2:    1168816 bytes,    7679720 total
[2023-01-09T09:48:42.739+0000][7][gc,age      ] GC(4) - age   3:    2107368 bytes,    9787088 total
[2023-01-09T09:48:42.740+0000][7][gc,phases   ] GC(4)   Pre Evacuate Collection Set: 0.1ms
[2023-01-09T09:48:42.740+0000][7][gc,phases   ] GC(4)   Merge Heap Roots: 0.0ms
[2023-01-09T09:48:42.741+0000][7][gc,phases   ] GC(4)   Evacuate Collection Set: 27.4ms
[2023-01-09T09:48:42.742+0000][7][gc,phases   ] GC(4)   Post Evacuate Collection Set: 0.7ms
[2023-01-09T09:48:42.743+0000][7][gc,phases   ] GC(4)   Other: 9.5ms
[2023-01-09T09:48:42.744+0000][7][gc,heap     ] GC(4) Eden regions: 196->0(297)
[2023-01-09T09:48:42.745+0000][7][gc,heap     ] GC(4) Survivor regions: 5->10(26)
[2023-01-09T09:48:42.746+0000][7][gc,heap     ] GC(4) Old regions: 4->4
[2023-01-09T09:48:42.746+0000][7][gc,heap     ] GC(4) Archive regions: 0->0
[2023-01-09T09:48:42.747+0000][7][gc,heap     ] GC(4) Humongous regions: 2->1
[2023-01-09T09:48:42.748+0000][7][gc,metaspace] GC(4) Metaspace: 25898K(26880K)->25898K(26880K) NonClass: 23018K(23808K)->23018K(23808K) Class: 2879K(3072K)->2879K(3072K)
[2023-01-09T09:48:42.748+0000][7][gc          ] GC(4) Pause Young (Normal) (G1 Evacuation Pause) 206M->14M(512M) 46.153ms
[2023-01-09T09:48:42.749+0000][7][gc,cpu      ] GC(4) User=0.01s Sys=0.01s Real=0.05s
[2023-01-09T09:48:42.750+0000][7][safepoint   ] Safepoint "G1CollectForAllocation", Time since last: 9971125 ns, Reaching safepoint: 4402292 ns, At safepoint: 47731292 ns, Total: 52133584 ns
[2023-01-09T09:48:43.123+0000][7][safepoint   ] Safepoint "ICBufferFull", Time since last: 372766500 ns, Reaching safepoint: 96125 ns, At safepoint: 6625 ns, Total: 102750 ns
[2023-01-09T09:48:43.614+0000][7][gc,start    ] GC(5) Pause Young (Normal) (G1 Evacuation Pause)
[2023-01-09T09:48:43.615+0000][7][gc,task     ] GC(5) Using 4 workers of 4 for evacuation
[2023-01-09T09:48:43.616+0000][7][gc,age      ] GC(5) Desired survivor size 20447232 bytes, new threshold 15 (max threshold 15)
[2023-01-09T09:48:43.631+0000][7][gc,age      ] GC(5) Age table with threshold 15 (max threshold 15)
[2023-01-09T09:48:43.632+0000][7][gc,age      ] GC(5) - age   1:    3552496 bytes,    3552496 total
[2023-01-09T09:48:43.632+0000][7][gc,age      ] GC(5) - age   2:    4323248 bytes,    7875744 total
[2023-01-09T09:48:43.634+0000][7][gc,age      ] GC(5) - age   3:    1168640 bytes,    9044384 total
[2023-01-09T09:48:43.634+0000][7][gc,age      ] GC(5) - age   4:    2107368 bytes,   11151752 total
[2023-01-09T09:48:43.635+0000][7][gc,phases   ] GC(5)   Pre Evacuate Collection Set: 0.1ms
[2023-01-09T09:48:43.636+0000][7][gc,phases   ] GC(5)   Merge Heap Roots: 0.1ms
[2023-01-09T09:48:43.637+0000][7][gc,phases   ] GC(5)   Evacuate Collection Set: 12.7ms
[2023-01-09T09:48:43.638+0000][7][gc,phases   ] GC(5)   Post Evacuate Collection Set: 0.7ms
[2023-01-09T09:48:43.639+0000][7][gc,phases   ] GC(5)   Other: 7.9ms
[2023-01-09T09:48:43.640+0000][7][gc,heap     ] GC(5) Eden regions: 297->0(295)
[2023-01-09T09:48:43.641+0000][7][gc,heap     ] GC(5) Survivor regions: 10->12(39)
[2023-01-09T09:48:43.642+0000][7][gc,heap     ] GC(5) Old regions: 4->4
[2023-01-09T09:48:43.643+0000][7][gc,heap     ] GC(5) Archive regions: 0->0
[2023-01-09T09:48:43.644+0000][7][gc,heap     ] GC(5) Humongous regions: 1->1
[2023-01-09T09:48:43.645+0000][7][gc,metaspace] GC(5) Metaspace: 27616K(28672K)->27616K(28672K) NonClass: 24544K(25344K)->24544K(25344K) Class: 3071K(3328K)->3071K(3328K)
[2023-01-09T09:48:43.645+0000][7][gc          ] GC(5) Pause Young (Normal) (G1 Evacuation Pause) 311M->16M(512M) 31.575ms
[2023-01-09T09:48:43.646+0000][7][gc,cpu      ] GC(5) User=0.02s Sys=0.00s Real=0.04s
[2023-01-09T09:48:43.647+0000][7][safepoint   ] Safepoint "G1CollectForAllocation", Time since last: 490954292 ns, Reaching safepoint: 144500 ns, At safepoint: 33589541 ns, Total: 33734041 ns
[2023-01-09T09:48:44.008+0000][7][gc,start    ] GC(6) Pause Young (Normal) (G1 Evacuation Pause)
[2023-01-09T09:48:44.009+0000][7][gc,task     ] GC(6) Using 4 workers of 4 for evacuation
[2023-01-09T09:48:44.010+0000][7][gc,age      ] GC(6) Desired survivor size 20447232 bytes, new threshold 15 (max threshold 15)
[2023-01-09T09:48:44.029+0000][7][gc,age      ] GC(6) Age table with threshold 15 (max threshold 15)
[2023-01-09T09:48:44.030+0000][7][gc,age      ] GC(6) - age   1:    1896576 bytes,    1896576 total
[2023-01-09T09:48:44.031+0000][7][gc,age      ] GC(6) - age   2:    3311680 bytes,    5208256 total
[2023-01-09T09:48:44.032+0000][7][gc,age      ] GC(6) - age   3:    4318944 bytes,    9527200 total
[2023-01-09T09:48:44.033+0000][7][gc,age      ] GC(6) - age   4:    1168496 bytes,   10695696 total
[2023-01-09T09:48:44.034+0000][7][gc,age      ] GC(6) - age   5:    2107368 bytes,   12803064 total
[2023-01-09T09:48:44.035+0000][7][gc,phases   ] GC(6)   Pre Evacuate Collection Set: 0.4ms
[2023-01-09T09:48:44.036+0000][7][gc,phases   ] GC(6)   Merge Heap Roots: 0.0ms
[2023-01-09T09:48:44.037+0000][7][gc,phases   ] GC(6)   Evacuate Collection Set: 17.2ms
[2023-01-09T09:48:44.038+0000][7][gc,phases   ] GC(6)   Post Evacuate Collection Set: 0.7ms
[2023-01-09T09:48:44.039+0000][7][gc,phases   ] GC(6)   Other: 9.0ms
[2023-01-09T09:48:44.040+0000][7][gc,heap     ] GC(6) Eden regions: 295->0(294)
[2023-01-09T09:48:44.041+0000][7][gc,heap     ] GC(6) Survivor regions: 12->13(39)
[2023-01-09T09:48:44.041+0000][7][gc,heap     ] GC(6) Old regions: 4->4
[2023-01-09T09:48:44.042+0000][7][gc,heap     ] GC(6) Archive regions: 0->0
[2023-01-09T09:48:44.043+0000][7][gc,heap     ] GC(6) Humongous regions: 1->1
[2023-01-09T09:48:44.043+0000][7][gc,metaspace] GC(6) Metaspace: 27985K(29312K)->27985K(29312K) NonClass: 24845K(25856K)->24845K(25856K) Class: 3140K(3456K)->3140K(3456K)
[2023-01-09T09:48:44.044+0000][7][gc          ] GC(6) Pause Young (Normal) (G1 Evacuation Pause) 311M->17M(512M) 36.610ms
[2023-01-09T09:48:44.045+0000][7][gc,cpu      ] GC(6) User=0.02s Sys=0.00s Real=0.03s
[2023-01-09T09:48:44.046+0000][7][safepoint   ] Safepoint "G1CollectForAllocation", Time since last: 350993917 ns, Reaching safepoint: 9240917 ns, At safepoint: 38580958 ns, Total: 47821875 ns
[2023-01-09T09:48:44.902+0000][7][gc,start    ] GC(7) Pause Young (Normal) (G1 Evacuation Pause)
[2023-01-09T09:48:44.903+0000][7][gc,task     ] GC(7) Using 4 workers of 4 for evacuation
[2023-01-09T09:48:44.904+0000][7][gc,age      ] GC(7) Desired survivor size 20447232 bytes, new threshold 15 (max threshold 15)
[2023-01-09T09:48:44.932+0000][7][gc,age      ] GC(7) Age table with threshold 15 (max threshold 15)
[2023-01-09T09:48:44.933+0000][7][gc,age      ] GC(7) - age   1:    3274808 bytes,    3274808 total
[2023-01-09T09:48:44.934+0000][7][gc,age      ] GC(7) - age   2:     614568 bytes,    3889376 total
[2023-01-09T09:48:44.935+0000][7][gc,age      ] GC(7) - age   3:    3309904 bytes,    7199280 total
[2023-01-09T09:48:44.936+0000][7][gc,age      ] GC(7) - age   4:    4318504 bytes,   11517784 total
[2023-01-09T09:48:44.937+0000][7][gc,age      ] GC(7) - age   5:    1168496 bytes,   12686280 total
[2023-01-09T09:48:44.938+0000][7][gc,age      ] GC(7) - age   6:    2107368 bytes,   14793648 total
[2023-01-09T09:48:44.940+0000][7][gc,phases   ] GC(7)   Pre Evacuate Collection Set: 0.1ms
[2023-01-09T09:48:44.941+0000][7][gc,phases   ] GC(7)   Merge Heap Roots: 0.1ms
[2023-01-09T09:48:44.942+0000][7][gc,phases   ] GC(7)   Evacuate Collection Set: 24.1ms
[2023-01-09T09:48:44.943+0000][7][gc,phases   ] GC(7)   Post Evacuate Collection Set: 3.3ms
[2023-01-09T09:48:44.944+0000][7][gc,phases   ] GC(7)   Other: 10.8ms
[2023-01-09T09:48:44.945+0000][7][gc,heap     ] GC(7) Eden regions: 294->0(292)
[2023-01-09T09:48:44.946+0000][7][gc,heap     ] GC(7) Survivor regions: 13->15(39)
[2023-01-09T09:48:44.947+0000][7][gc,heap     ] GC(7) Old regions: 4->4
[2023-01-09T09:48:44.948+0000][7][gc,heap     ] GC(7) Archive regions: 0->0
[2023-01-09T09:48:44.949+0000][7][gc,heap     ] GC(7) Humongous regions: 1->1
[2023-01-09T09:48:44.949+0000][7][gc,metaspace] GC(7) Metaspace: 28507K(29952K)->28507K(29952K) NonClass: 25287K(26368K)->25287K(26368K) Class: 3219K(3584K)->3219K(3584K)
[2023-01-09T09:48:44.950+0000][7][gc          ] GC(7) Pause Young (Normal) (G1 Evacuation Pause) 311M->19M(512M) 48.138ms
[2023-01-09T09:48:44.951+0000][7][gc,cpu      ] GC(7) User=0.04s Sys=0.01s Real=0.05s
[2023-01-09T09:48:44.951+0000][7][safepoint   ] Safepoint "G1CollectForAllocation", Time since last: 855484792 ns, Reaching safepoint: 151500 ns, At safepoint: 49481834 ns, Total: 49633334 ns
[2023-01-09T09:48:45.489+0000][7][safepoint   ] Safepoint "ICBufferFull", Time since last: 532453667 ns, Reaching safepoint: 4933125 ns, At safepoint: 5166 ns, Total: 4938291 ns
[2023-01-09T09:48:45.801+0000][7][gc,start    ] GC(8) Pause Young (Concurrent Start) (Metadata GC Threshold)
[2023-01-09T09:48:45.802+0000][7][gc,task     ] GC(8) Using 4 workers of 4 for evacuation
[2023-01-09T09:48:45.803+0000][7][gc,age      ] GC(8) Desired survivor size 20447232 bytes, new threshold 15 (max threshold 15)
[2023-01-09T09:48:45.863+0000][7][gc,age      ] GC(8) Age table with threshold 15 (max threshold 15)
[2023-01-09T09:48:45.864+0000][7][gc,age      ] GC(8) - age   1:    2083872 bytes,    2083872 total
[2023-01-09T09:48:45.864+0000][7][gc,age      ] GC(8) - age   2:    2260424 bytes,    4344296 total
[2023-01-09T09:48:45.865+0000][7][gc,age      ] GC(8) - age   3:     603312 bytes,    4947608 total
[2023-01-09T09:48:45.866+0000][7][gc,age      ] GC(8) - age   4:    3294664 bytes,    8242272 total
[2023-01-09T09:48:45.866+0000][7][gc,age      ] GC(8) - age   5:    4307144 bytes,   12549416 total
[2023-01-09T09:48:45.867+0000][7][gc,age      ] GC(8) - age   6:    1138080 bytes,   13687496 total
[2023-01-09T09:48:45.868+0000][7][gc,age      ] GC(8) - age   7:    2104536 bytes,   15792032 total
[2023-01-09T09:48:45.868+0000][7][gc,phases   ] GC(8)   Pre Evacuate Collection Set: 0.3ms
[2023-01-09T09:48:45.869+0000][7][gc,phases   ] GC(8)   Merge Heap Roots: 0.1ms
[2023-01-09T09:48:45.870+0000][7][gc,phases   ] GC(8)   Evacuate Collection Set: 39.2ms
[2023-01-09T09:48:45.871+0000][7][gc,phases   ] GC(8)   Post Evacuate Collection Set: 19.2ms
[2023-01-09T09:48:45.872+0000][7][gc,phases   ] GC(8)   Other: 8.8ms
[2023-01-09T09:48:45.873+0000][7][gc,heap     ] GC(8) Eden regions: 115->0(291)
[2023-01-09T09:48:45.874+0000][7][gc,heap     ] GC(8) Survivor regions: 15->16(39)
[2023-01-09T09:48:45.874+0000][7][gc,heap     ] GC(8) Old regions: 4->4
[2023-01-09T09:48:45.875+0000][7][gc,heap     ] GC(8) Archive regions: 0->0
[2023-01-09T09:48:45.876+0000][7][gc,heap     ] GC(8) Humongous regions: 1->1
[2023-01-09T09:48:45.877+0000][7][gc,metaspace] GC(8) Metaspace: 34018K(35584K)->34018K(35584K) NonClass: 30086K(31232K)->30086K(31232K) Class: 3931K(4352K)->3931K(4352K)
[2023-01-09T09:48:45.878+0000][7][gc          ] GC(8) Pause Young (Concurrent Start) (Metadata GC Threshold) 134M->20M(512M) 76.877ms
[2023-01-09T09:48:45.878+0000][7][gc,cpu      ] GC(8) User=0.02s Sys=0.00s Real=0.08s
[2023-01-09T09:48:45.879+0000][7][safepoint   ] Safepoint "CollectForMetadataAllocation", Time since last: 305937125 ns, Reaching safepoint: 5952917 ns, At safepoint: 78754708 ns, Total: 84707625 ns
[2023-01-09T09:48:45.885+0000][7][gc          ] GC(9) Concurrent Cycle
[2023-01-09T09:48:45.890+0000][7][gc,marking  ] GC(9) Concurrent Clear Claimed Marks
[2023-01-09T09:48:45.892+0000][7][gc,marking  ] GC(9) Concurrent Clear Claimed Marks 1.969ms
[2023-01-09T09:48:45.898+0000][7][gc,marking  ] GC(9) Concurrent Scan Root Regions
[2023-01-09T09:48:45.907+0000][7][gc,marking  ] GC(9) Concurrent Scan Root Regions 9.519ms
[2023-01-09T09:48:45.920+0000][7][gc,marking  ] GC(9) Concurrent Mark (7.666s)
[2023-01-09T09:48:45.926+0000][7][gc,marking  ] GC(9) Concurrent Mark From Roots
[2023-01-09T09:48:45.934+0000][7][gc,task     ] GC(9) Using 1 workers of 1 for marking
[2023-01-09T09:48:45.939+0000][7][gc,marking  ] GC(9) Concurrent Mark From Roots 13.821ms
[2023-01-09T09:48:45.959+0000][7][gc,marking  ] GC(9) Concurrent Preclean
[2023-01-09T09:48:45.960+0000][7][gc,marking  ] GC(9) Concurrent Preclean 1.055ms
[2023-01-09T09:48:45.964+0000][7][gc,marking  ] GC(9) Concurrent Mark (7.666s, 7.710s) 43.965ms
[2023-01-09T09:48:45.953+0000][7][safepoint   ] Safepoint "CollectForMetadataAllocation", Time since last: 73500584 ns, Reaching safepoint: 51291 ns, At safepoint: 69417 ns, Total: 120708 ns
[2023-01-09T09:48:45.973+0000][7][gc,start    ] GC(9) Pause Remark
[2023-01-09T09:48:45.977+0000][7][gc          ] GC(9) Pause Remark 22M->22M(512M) 4.090ms
[2023-01-09T09:48:45.979+0000][7][gc,cpu      ] GC(9) User=0.00s Sys=0.00s Real=0.01s
[2023-01-09T09:48:45.979+0000][7][safepoint   ] Safepoint "G1Concurrent", Time since last: 19217292 ns, Reaching safepoint: 437833 ns, At safepoint: 6605167 ns, Total: 7043000 ns
[2023-01-09T09:48:45.983+0000][7][gc,marking  ] GC(9) Concurrent Rebuild Remembered Sets
[2023-01-09T09:48:45.987+0000][7][gc,marking  ] GC(9) Concurrent Rebuild Remembered Sets 4.748ms
[2023-01-09T09:48:45.990+0000][7][gc,start    ] GC(9) Pause Cleanup
[2023-01-09T09:48:45.991+0000][7][gc          ] GC(9) Pause Cleanup 23M->23M(512M) 1.048ms
[2023-01-09T09:48:45.992+0000][7][gc,cpu      ] GC(9) User=0.00s Sys=0.00s Real=0.00s
[2023-01-09T09:48:45.993+0000][7][safepoint   ] Safepoint "G1Concurrent", Time since last: 10615083 ns, Reaching safepoint: 167667 ns, At safepoint: 2788875 ns, Total: 2956542 ns
[2023-01-09T09:48:45.997+0000][7][gc,marking  ] GC(9) Concurrent Cleanup for Next Mark
[2023-01-09T09:48:45.998+0000][7][gc,marking  ] GC(9) Concurrent Cleanup for Next Mark 1.629ms
[2023-01-09T09:48:46.004+0000][7][gc          ] GC(9) Concurrent Cycle 118.949ms
[2023-01-09T09:48:46.887+0000][7][safepoint   ] Safepoint "ICBufferFull", Time since last: 893805834 ns, Reaching safepoint: 201875 ns, At safepoint: 3375 ns, Total: 205250 ns
[2023-01-09T09:48:47.334+0000][7][safepoint   ] Safepoint "ICBufferFull", Time since last: 446782250 ns, Reaching safepoint: 126125 ns, At safepoint: 2250 ns, Total: 128375 ns
[2023-01-09T09:48:48.337+0000][7][safepoint   ] Safepoint "Cleanup", Time since last: 1003462875 ns, Reaching safepoint: 136875 ns, At safepoint: 3000 ns, Total: 139875 ns
[2023-01-09T09:48:49.055+0000][7][safepoint   ] Safepoint "ICBufferFull", Time since last: 717333959 ns, Reaching safepoint: 117000 ns, At safepoint: 2083 ns, Total: 119083 ns
[2023-01-09T09:48:49.396+0000][7][gc,start    ] GC(10) Pause Young (Concurrent Start) (G1 Evacuation Pause)
[2023-01-09T09:48:49.397+0000][7][gc,task     ] GC(10) Using 4 workers of 4 for evacuation
[2023-01-09T09:48:49.398+0000][7][gc,age      ] GC(10) Desired survivor size 20447232 bytes, new threshold 15 (max threshold 15)
[2023-01-09T09:48:49.489+0000][7][gc,age      ] GC(10) Age table with threshold 15 (max threshold 15)
[2023-01-09T09:48:49.491+0000][7][gc,age      ] GC(10) - age   1:   25158888 bytes,   25158888 total
[2023-01-09T09:48:49.492+0000][7][gc,age      ] GC(10) - age   2:    2001328 bytes,   27160216 total
[2023-01-09T09:48:49.493+0000][7][gc,age      ] GC(10) - age   3:    2258960 bytes,   29419176 total
[2023-01-09T09:48:49.494+0000][7][gc,age      ] GC(10) - age   4:     597968 bytes,   30017144 total
[2023-01-09T09:48:49.495+0000][7][gc,age      ] GC(10) - age   5:    3282616 bytes,   33299760 total
[2023-01-09T09:48:49.496+0000][7][gc,age      ] GC(10) - age   6:    4274760 bytes,   37574520 total
[2023-01-09T09:48:49.497+0000][7][gc,age      ] GC(10) - age   7:    1112464 bytes,   38686984 total
[2023-01-09T09:48:49.498+0000][7][gc,age      ] GC(10) - age   8:    2096104 bytes,   40783088 total
[2023-01-09T09:48:49.499+0000][7][gc,phases   ] GC(10)   Pre Evacuate Collection Set: 0.4ms
[2023-01-09T09:48:49.500+0000][7][gc,phases   ] GC(10)   Merge Heap Roots: 0.1ms
[2023-01-09T09:48:49.501+0000][7][gc,phases   ] GC(10)   Evacuate Collection Set: 86.6ms
[2023-01-09T09:48:49.503+0000][7][gc,phases   ] GC(10)   Post Evacuate Collection Set: 3.7ms
[2023-01-09T09:48:49.504+0000][7][gc,phases   ] GC(10)   Other: 12.1ms
[2023-01-09T09:48:49.507+0000][7][gc,heap     ] GC(10) Eden regions: 291->0(268)
[2023-01-09T09:48:49.508+0000][7][gc,heap     ] GC(10) Survivor regions: 16->39(39)
[2023-01-09T09:48:49.509+0000][7][gc,heap     ] GC(10) Old regions: 4->9
[2023-01-09T09:48:49.510+0000][7][gc,heap     ] GC(10) Archive regions: 0->0
[2023-01-09T09:48:49.511+0000][7][gc,heap     ] GC(10) Humongous regions: 1->1
[2023-01-09T09:48:49.512+0000][7][gc,metaspace] GC(10) Metaspace: 43151K(45560K)->43151K(45560K) NonClass: 37929K(39680K)->37929K(39680K) Class: 5222K(5880K)->5222K(5880K)
[2023-01-09T09:48:49.513+0000][7][gc          ] GC(10) Pause Young (Concurrent Start) (G1 Evacuation Pause) 311M->48M(512M) 117.410ms
[2023-01-09T09:48:49.514+0000][7][gc,cpu      ] GC(10) User=0.10s Sys=0.00s Real=0.11s
[2023-01-09T09:48:49.516+0000][7][safepoint   ] Safepoint "G1CollectForAllocation", Time since last: 340777792 ns, Reaching safepoint: 158000 ns, At safepoint: 119726667 ns, Total: 119884667 ns
[2023-01-09T09:48:49.517+0000][7][gc          ] GC(11) Concurrent Cycle
[2023-01-09T09:48:49.518+0000][7][gc,marking  ] GC(11) Concurrent Clear Claimed Marks
[2023-01-09T09:48:49.521+0000][7][gc,marking  ] GC(11) Concurrent Clear Claimed Marks 2.803ms
[2023-01-09T09:48:49.524+0000][7][gc,marking  ] GC(11) Concurrent Scan Root Regions
[2023-01-09T09:48:49.644+0000][7][gc,marking  ] GC(11) Concurrent Scan Root Regions 120.199ms
[2023-01-09T09:48:49.650+0000][7][gc,marking  ] GC(11) Concurrent Mark (11.396s)
[2023-01-09T09:48:49.651+0000][7][gc,marking  ] GC(11) Concurrent Mark From Roots
[2023-01-09T09:48:49.652+0000][7][gc,task     ] GC(11) Using 1 workers of 1 for marking
[2023-01-09T09:48:49.664+0000][7][gc,marking  ] GC(11) Concurrent Mark From Roots 12.722ms
[2023-01-09T09:48:49.665+0000][7][gc,marking  ] GC(11) Concurrent Preclean
[2023-01-09T09:48:49.666+0000][7][gc,marking  ] GC(11) Concurrent Preclean 0.883ms
[2023-01-09T09:48:49.668+0000][7][gc,marking  ] GC(11) Concurrent Mark (11.396s, 11.414s) 17.824ms
[2023-01-09T09:48:49.669+0000][7][gc,start    ] GC(11) Pause Remark
[2023-01-09T09:48:49.684+0000][7][gc          ] GC(11) Pause Remark 85M->85M(512M) 14.951ms
[2023-01-09T09:48:49.687+0000][7][gc,cpu      ] GC(11) User=0.01s Sys=0.00s Real=0.02s
[2023-01-09T09:48:49.687+0000][7][safepoint   ] Safepoint "G1Concurrent", Time since last: 152887250 ns, Reaching safepoint: 427375 ns, At safepoint: 18607833 ns, Total: 19035208 ns
[2023-01-09T09:48:49.689+0000][7][gc,marking  ] GC(11) Concurrent Rebuild Remembered Sets
[2023-01-09T09:48:49.705+0000][7][gc,marking  ] GC(11) Concurrent Rebuild Remembered Sets 15.866ms
[2023-01-09T09:48:49.711+0000][7][gc,start    ] GC(11) Pause Cleanup
[2023-01-09T09:48:49.712+0000][7][gc          ] GC(11) Pause Cleanup 85M->85M(512M) 1.184ms
[2023-01-09T09:48:49.713+0000][7][gc,cpu      ] GC(11) User=0.00s Sys=0.00s Real=0.00s
[2023-01-09T09:48:49.714+0000][7][safepoint   ] Safepoint "G1Concurrent", Time since last: 19323167 ns, Reaching safepoint: 4008917 ns, At safepoint: 2874000 ns, Total: 6882917 ns
[2023-01-09T09:48:49.714+0000][7][gc,marking  ] GC(11) Concurrent Cleanup for Next Mark
[2023-01-09T09:48:49.716+0000][7][gc,marking  ] GC(11) Concurrent Cleanup for Next Mark 1.660ms
[2023-01-09T09:48:49.717+0000][7][gc          ] GC(11) Concurrent Cycle 200.175ms
[2023-01-09T09:48:50.503+0000][7][safepoint   ] Safepoint "ICBufferFull", Time since last: 789073375 ns, Reaching safepoint: 190500 ns, At safepoint: 2208 ns, Total: 192708 ns
[2023-01-09T09:48:51.151+0000][7][safepoint   ] Safepoint "ICBufferFull", Time since last: 648218084 ns, Reaching safepoint: 173958 ns, At safepoint: 7417 ns, Total: 181375 ns
[2023-01-09T09:48:51.854+0000][7][safepoint   ] Safepoint "ICBufferFull", Time since last: 701218417 ns, Reaching safepoint: 1243625 ns, At safepoint: 4000 ns, Total: 1247625 ns
[2023-01-09T09:48:52.303+0000][7][safepoint   ] Safepoint "ICBufferFull", Time since last: 448845833 ns, Reaching safepoint: 110584 ns, At safepoint: 7958 ns, Total: 118542 ns
[2023-01-09T09:48:52.318+0000][7][safepoint   ] Safepoint "ICBufferFull", Time since last: 14609667 ns, Reaching safepoint: 433333 ns, At safepoint: 8167 ns, Total: 441500 ns
[2023-01-09T09:48:52.855+0000][7][safepoint   ] Safepoint "ICBufferFull", Time since last: 536854333 ns, Reaching safepoint: 158042 ns, At safepoint: 2167 ns, Total: 160209 ns
[2023-01-09T09:48:53.462+0000][7][gc,start    ] GC(12) Pause Young (Concurrent Start) (Metadata GC Threshold)
[2023-01-09T09:48:53.464+0000][7][gc,task     ] GC(12) Using 4 workers of 4 for evacuation
[2023-01-09T09:48:53.464+0000][7][gc,age      ] GC(12) Desired survivor size 20447232 bytes, new threshold 1 (max threshold 15)
[2023-01-09T09:48:53.533+0000][7][gc,age      ] GC(12) Age table with threshold 1 (max threshold 15)
[2023-01-09T09:48:53.534+0000][7][gc,age      ] GC(12) - age   1:   12451560 bytes,   12451560 total
[2023-01-09T09:48:53.535+0000][7][gc,phases   ] GC(12)   Pre Evacuate Collection Set: 0.2ms
[2023-01-09T09:48:53.536+0000][7][gc,phases   ] GC(12)   Merge Heap Roots: 0.2ms
[2023-01-09T09:48:53.537+0000][7][gc,phases   ] GC(12)   Evacuate Collection Set: 54.0ms
[2023-01-09T09:48:53.538+0000][7][gc,phases   ] GC(12)   Post Evacuate Collection Set: 11.7ms
[2023-01-09T09:48:53.539+0000][7][gc,phases   ] GC(12)   Other: 6.9ms
[2023-01-09T09:48:53.540+0000][7][gc,heap     ] GC(12) Eden regions: 224->0(280)
[2023-01-09T09:48:53.540+0000][7][gc,heap     ] GC(12) Survivor regions: 39->13(39)
[2023-01-09T09:48:53.541+0000][7][gc,heap     ] GC(12) Old regions: 9->48
[2023-01-09T09:48:53.542+0000][7][gc,heap     ] GC(12) Archive regions: 0->0
[2023-01-09T09:48:53.543+0000][7][gc,heap     ] GC(12) Humongous regions: 1->1
[2023-01-09T09:48:53.544+0000][7][gc,metaspace] GC(12) Metaspace: 73301K(76360K)->73301K(76360K) NonClass: 63640K(65744K)->63640K(65744K) Class: 9661K(10616K)->9661K(10616K)
[2023-01-09T09:48:53.544+0000][7][gc          ] GC(12) Pause Young (Concurrent Start) (Metadata GC Threshold) 272M->61M(512M) 82.137ms
[2023-01-09T09:48:53.545+0000][7][gc,cpu      ] GC(12) User=0.09s Sys=0.01s Real=0.08s
[2023-01-09T09:48:53.546+0000][7][gc          ] GC(13) Concurrent Cycle
[2023-01-09T09:48:53.547+0000][7][gc,marking  ] GC(13) Concurrent Clear Claimed Marks
[2023-01-09T09:48:53.547+0000][7][gc,marking  ] GC(13) Concurrent Clear Claimed Marks 0.810ms
[2023-01-09T09:48:53.548+0000][7][gc,marking  ] GC(13) Concurrent Scan Root Regions
[2023-01-09T09:48:53.546+0000][7][safepoint   ] Safepoint "CollectForMetadataAllocation", Time since last: 603409750 ns, Reaching safepoint: 4054208 ns, At safepoint: 83776667 ns, Total: 87830875 ns
[2023-01-09T09:48:53.590+0000][7][safepoint   ] Safepoint "CollectForMetadataAllocation", Time since last: 36576875 ns, Reaching safepoint: 6990542 ns, At safepoint: 78625 ns, Total: 7069167 ns
[2023-01-09T09:48:53.614+0000][7][gc,marking  ] GC(13) Concurrent Scan Root Regions 65.608ms
[2023-01-09T09:48:53.619+0000][7][gc,marking  ] GC(13) Concurrent Mark (15.365s)
[2023-01-09T09:48:53.621+0000][7][gc,marking  ] GC(13) Concurrent Mark From Roots
[2023-01-09T09:48:53.623+0000][7][gc,task     ] GC(13) Using 1 workers of 1 for marking
[2023-01-09T09:48:53.643+0000][7][gc,marking  ] GC(13) Concurrent Mark From Roots 22.265ms
[2023-01-09T09:48:53.646+0000][7][gc,marking  ] GC(13) Concurrent Preclean
[2023-01-09T09:48:53.647+0000][7][gc,marking  ] GC(13) Concurrent Preclean 0.830ms
[2023-01-09T09:48:53.653+0000][7][gc,marking  ] GC(13) Concurrent Mark (15.365s, 15.399s) 34.358ms
[2023-01-09T09:48:53.647+0000][7][safepoint   ] Safepoint "CollectForMetadataAllocation", Time since last: 57228958 ns, Reaching safepoint: 40958 ns, At safepoint: 138417 ns, Total: 179375 ns
[2023-01-09T09:48:53.662+0000][7][gc,start    ] GC(13) Pause Remark
[2023-01-09T09:48:53.670+0000][7][gc          ] GC(13) Pause Remark 64M->64M(512M) 7.925ms
[2023-01-09T09:48:53.671+0000][7][gc,cpu      ] GC(13) User=0.00s Sys=0.00s Real=0.01s
[2023-01-09T09:48:53.672+0000][7][safepoint   ] Safepoint "G1Concurrent", Time since last: 14578125 ns, Reaching safepoint: 131750 ns, At safepoint: 10475417 ns, Total: 10607167 ns
[2023-01-09T09:48:53.673+0000][7][gc,marking  ] GC(13) Concurrent Rebuild Remembered Sets
[2023-01-09T09:48:53.775+0000][7][gc,marking  ] GC(13) Concurrent Rebuild Remembered Sets 102.201ms
[2023-01-09T09:48:53.781+0000][7][gc,start    ] GC(13) Pause Cleanup
[2023-01-09T09:48:53.782+0000][7][gc          ] GC(13) Pause Cleanup 70M->70M(512M) 0.863ms
[2023-01-09T09:48:53.783+0000][7][gc,cpu      ] GC(13) User=0.00s Sys=0.00s Real=0.00s
[2023-01-09T09:48:53.784+0000][7][safepoint   ] Safepoint "G1Concurrent", Time since last: 103952083 ns, Reaching safepoint: 4920000 ns, At safepoint: 2823833 ns, Total: 7743833 ns
[2023-01-09T09:48:53.785+0000][7][gc,marking  ] GC(13) Concurrent Cleanup for Next Mark
[2023-01-09T09:48:53.791+0000][7][gc,marking  ] GC(13) Concurrent Cleanup for Next Mark 6.205ms
[2023-01-09T09:48:53.792+0000][7][gc          ] GC(13) Concurrent Cycle 246.118ms
[2023-01-09T09:48:54.264+0000][7][safepoint   ] Safepoint "ICBufferFull", Time since last: 477529709 ns, Reaching safepoint: 2032250 ns, At safepoint: 21500 ns, Total: 2053750 ns
[2023-01-09T09:48:55.156+0000][7][safepoint   ] Safepoint "ICBufferFull", Time since last: 891965250 ns, Reaching safepoint: 216750 ns, At safepoint: 2209 ns, Total: 218959 ns
[2023-01-09T09:48:55.488+0000][7][safepoint   ] Safepoint "ICBufferFull", Time since last: 331722458 ns, Reaching safepoint: 283334 ns, At safepoint: 2375 ns, Total: 285709 ns
[2023-01-09T09:48:55.875+0000][7][gc,heap,exit] Heap
[2023-01-09T09:48:55.875+0000][7][gc,heap,exit]  garbage-first heap   total 524288K, used 151969K [0x00000000e0000000, 0x0000000100000000)
[2023-01-09T09:48:55.876+0000][7][gc,heap,exit]   region size 1024K, 101 young (103424K), 13 survivors (13312K)
[2023-01-09T09:48:55.878+0000][7][gc,heap,exit]  Metaspace       used 86279K, capacity 89298K, committed 89928K, reserved 1126400K
[2023-01-09T09:48:55.879+0000][7][gc,heap,exit]   class space    used 11406K, capacity 12371K, committed 12408K, reserved 1048576K
