[2023-02-24T08:25:56.598+0000][6][gc] Using G1
[2023-02-24T08:25:56.776+0000][6][gc,init] Version: 15+36-1562 (release)
[2023-02-24T08:25:56.778+0000][6][gc,init] CPUs: 4 total, 4 available
[2023-02-24T08:25:56.779+0000][6][gc,init] Memory: 7951M
[2023-02-24T08:25:56.780+0000][6][gc,init] Large Page Support: Disabled
[2023-02-24T08:25:56.781+0000][6][gc,init] NUMA Support: Disabled
[2023-02-24T08:25:56.782+0000][6][gc,init] Compressed Oops: Enabled (32-bit)
[2023-02-24T08:25:56.782+0000][6][gc,init] Heap Region Size: 1M
[2023-02-24T08:25:56.783+0000][6][gc,init] Heap Min Capacity: 512M
[2023-02-24T08:25:56.784+0000][6][gc,init] Heap Initial Capacity: 512M
[2023-02-24T08:25:56.785+0000][6][gc,init] Heap Max Capacity: 512M
[2023-02-24T08:25:56.786+0000][6][gc,init] Pre-touch: Enabled
[2023-02-24T08:25:56.787+0000][6][gc,init] Parallel Workers: 4
[2023-02-24T08:25:56.788+0000][6][gc,init] Concurrent Workers: 1
[2023-02-24T08:25:56.789+0000][6][gc,init] Concurrent Refinement Workers: 4
[2023-02-24T08:25:56.790+0000][6][gc,init] Periodic GC: Disabled
[2023-02-24T08:25:56.791+0000][6][gc,metaspace] CDS disabled.
[2023-02-24T08:25:56.792+0000][6][gc,metaspace] Compressed class space mapped at: 0x0000000100000000-0x0000000140000000, size: 1073741824
[2023-02-24T08:25:56.792+0000][6][gc,metaspace] Narrow klass base: 0x0000000000000000, Narrow klass shift: 3, Narrow klass range: 0x140000000
[2023-02-24T08:25:57.275+0000][6][safepoint   ] Safepoint "ICBufferFull", Time since last: 467424959 ns, Reaching safepoint: 75083 ns, At safepoint: 1792 ns, Total: 76875 ns
[2023-02-24T08:25:57.596+0000][6][safepoint   ] Safepoint "ICBufferFull", Time since last: 320752667 ns, Reaching safepoint: 126166 ns, At safepoint: 1500 ns, Total: 127666 ns
[2023-02-24T08:25:57.858+0000][6][safepoint   ] Safepoint "ICBufferFull", Time since last: 256480792 ns, Reaching safepoint: 5605334 ns, At safepoint: 6750 ns, Total: 5612084 ns
[2023-02-24T08:25:58.126+0000][6][gc,start    ] GC(0) Pause Young (Normal) (G1 Evacuation Pause)
[2023-02-24T08:25:58.129+0000][6][gc,task     ] GC(0) Using 4 workers of 4 for evacuation
[2023-02-24T08:25:58.129+0000][6][gc,age      ] GC(0) Desired survivor size 2097152 bytes, new threshold 15 (max threshold 15)
[2023-02-24T08:25:58.146+0000][6][gc,age      ] GC(0) Age table with threshold 15 (max threshold 15)
[2023-02-24T08:25:58.147+0000][6][gc,age      ] GC(0) - age   1:    3884080 bytes,    3884080 total
[2023-02-24T08:25:58.148+0000][6][gc,phases   ] GC(0)   Pre Evacuate Collection Set: 0.1ms
[2023-02-24T08:25:58.149+0000][6][gc,phases   ] GC(0)   Merge Heap Roots: 0.0ms
[2023-02-24T08:25:58.150+0000][6][gc,phases   ] GC(0)   Evacuate Collection Set: 15.2ms
[2023-02-24T08:25:58.150+0000][6][gc,phases   ] GC(0)   Post Evacuate Collection Set: 0.5ms
[2023-02-24T08:25:58.151+0000][6][gc,phases   ] GC(0)   Other: 6.6ms
[2023-02-24T08:25:58.152+0000][6][gc,heap     ] GC(0) Eden regions: 25->0(25)
[2023-02-24T08:25:58.152+0000][6][gc,heap     ] GC(0) Survivor regions: 0->4(4)
[2023-02-24T08:25:58.153+0000][6][gc,heap     ] GC(0) Old regions: 0->0
[2023-02-24T08:25:58.154+0000][6][gc,heap     ] GC(0) Archive regions: 0->0
[2023-02-24T08:25:58.154+0000][6][gc,heap     ] GC(0) Humongous regions: 1->1
[2023-02-24T08:25:58.155+0000][6][gc,metaspace] GC(0) Metaspace: 15639K(16000K)->15639K(16000K) NonClass: 14061K(14336K)->14061K(14336K) Class: 1577K(1664K)->1577K(1664K)
[2023-02-24T08:25:58.156+0000][6][gc          ] GC(0) Pause Young (Normal) (G1 Evacuation Pause) 26M->4M(512M) 30.083ms
[2023-02-24T08:25:58.156+0000][6][gc,cpu      ] GC(0) User=0.01s Sys=0.00s Real=0.03s
[2023-02-24T08:25:58.157+0000][6][safepoint   ] Safepoint "G1CollectForAllocation", Time since last: 266976083 ns, Reaching safepoint: 1045917 ns, At safepoint: 31416375 ns, Total: 32462292 ns
[2023-02-24T08:25:58.912+0000][6][safepoint   ] Safepoint "ICBufferFull", Time since last: 754932625 ns, Reaching safepoint: 97708 ns, At safepoint: 1375 ns, Total: 99083 ns
[2023-02-24T08:25:59.206+0000][6][gc,start    ] GC(1) Pause Young (Concurrent Start) (Metadata GC Threshold)
[2023-02-24T08:25:59.208+0000][6][gc,task     ] GC(1) Using 4 workers of 4 for evacuation
[2023-02-24T08:25:59.209+0000][6][gc,age      ] GC(1) Desired survivor size 2097152 bytes, new threshold 1 (max threshold 15)
[2023-02-24T08:25:59.233+0000][6][gc,age      ] GC(1) Age table with threshold 1 (max threshold 15)
[2023-02-24T08:25:59.234+0000][6][gc,age      ] GC(1) - age   1:    2168792 bytes,    2168792 total
[2023-02-24T08:25:59.234+0000][6][gc,phases   ] GC(1)   Pre Evacuate Collection Set: 0.4ms
[2023-02-24T08:25:59.237+0000][6][gc,phases   ] GC(1)   Merge Heap Roots: 0.0ms
[2023-02-24T08:25:59.238+0000][6][gc,phases   ] GC(1)   Evacuate Collection Set: 21.5ms
[2023-02-24T08:25:59.239+0000][6][gc,phases   ] GC(1)   Post Evacuate Collection Set: 0.6ms
[2023-02-24T08:25:59.240+0000][6][gc,phases   ] GC(1)   Other: 5.6ms
[2023-02-24T08:25:59.240+0000][6][gc,heap     ] GC(1) Eden regions: 23->0(34)
[2023-02-24T08:25:59.241+0000][6][gc,heap     ] GC(1) Survivor regions: 4->3(4)
[2023-02-24T08:25:59.242+0000][6][gc,heap     ] GC(1) Old regions: 0->4
[2023-02-24T08:25:59.243+0000][6][gc,heap     ] GC(1) Archive regions: 0->0
[2023-02-24T08:25:59.244+0000][6][gc,heap     ] GC(1) Humongous regions: 1->1
[2023-02-24T08:25:59.245+0000][6][gc,metaspace] GC(1) Metaspace: 20936K(21296K)->20936K(21296K) NonClass: 18697K(18864K)->18697K(18864K) Class: 2238K(2432K)->2238K(2432K)
[2023-02-24T08:25:59.246+0000][6][gc          ] GC(1) Pause Young (Concurrent Start) (Metadata GC Threshold) 27M->7M(512M) 39.485ms
[2023-02-24T08:25:59.246+0000][6][gc,cpu      ] GC(1) User=0.01s Sys=0.00s Real=0.04s
[2023-02-24T08:25:59.248+0000][6][gc          ] GC(2) Concurrent Cycle
[2023-02-24T08:25:59.249+0000][6][gc,marking  ] GC(2) Concurrent Clear Claimed Marks
[2023-02-24T08:25:59.250+0000][6][gc,marking  ] GC(2) Concurrent Clear Claimed Marks 0.865ms
[2023-02-24T08:25:59.250+0000][6][gc,marking  ] GC(2) Concurrent Scan Root Regions
[2023-02-24T08:25:59.253+0000][6][gc,marking  ] GC(2) Concurrent Scan Root Regions 2.787ms
[2023-02-24T08:25:59.254+0000][6][gc,marking  ] GC(2) Concurrent Mark (2.671s)
[2023-02-24T08:25:59.255+0000][6][gc,marking  ] GC(2) Concurrent Mark From Roots
[2023-02-24T08:25:59.256+0000][6][gc,task     ] GC(2) Using 1 workers of 1 for marking
[2023-02-24T08:25:59.248+0000][6][safepoint   ] Safepoint "CollectForMetadataAllocation", Time since last: 293210167 ns, Reaching safepoint: 809375 ns, At safepoint: 41660250 ns, Total: 42469625 ns
[2023-02-24T08:25:59.257+0000][6][gc,marking  ] GC(2) Concurrent Mark From Roots 1.739ms
[2023-02-24T08:25:59.258+0000][6][gc,marking  ] GC(2) Concurrent Preclean
[2023-02-24T08:25:59.259+0000][6][gc,marking  ] GC(2) Concurrent Preclean 0.933ms
[2023-02-24T08:25:59.260+0000][6][gc,marking  ] GC(2) Concurrent Mark (2.671s, 2.676s) 5.613ms
[2023-02-24T08:25:59.262+0000][6][gc,start    ] GC(2) Pause Remark
[2023-02-24T08:25:59.265+0000][6][gc          ] GC(2) Pause Remark 7M->7M(512M) 3.122ms
[2023-02-24T08:25:59.266+0000][6][gc,cpu      ] GC(2) User=0.01s Sys=0.00s Real=0.00s
[2023-02-24T08:25:59.267+0000][6][safepoint   ] Safepoint "G1Concurrent", Time since last: 13470125 ns, Reaching safepoint: 302084 ns, At safepoint: 5039166 ns, Total: 5341250 ns
[2023-02-24T08:25:59.267+0000][6][gc,marking  ] GC(2) Concurrent Rebuild Remembered Sets
[2023-02-24T08:25:59.270+0000][6][gc,marking  ] GC(2) Concurrent Rebuild Remembered Sets 2.228ms
[2023-02-24T08:25:59.272+0000][6][gc,start    ] GC(2) Pause Cleanup
[2023-02-24T08:25:59.274+0000][6][gc          ] GC(2) Pause Cleanup 7M->7M(512M) 1.134ms
[2023-02-24T08:25:59.274+0000][6][gc,cpu      ] GC(2) User=0.00s Sys=0.00s Real=0.00s
[2023-02-24T08:25:59.275+0000][6][safepoint   ] Safepoint "G1Concurrent", Time since last: 5425084 ns, Reaching safepoint: 292291 ns, At safepoint: 2679459 ns, Total: 2971750 ns
[2023-02-24T08:25:59.276+0000][6][gc,marking  ] GC(2) Concurrent Cleanup for Next Mark
[2023-02-24T08:25:59.277+0000][6][gc,marking  ] GC(2) Concurrent Cleanup for Next Mark 1.035ms
[2023-02-24T08:25:59.277+0000][6][gc          ] GC(2) Concurrent Cycle 29.830ms
[2023-02-24T08:25:59.850+0000][6][gc,start    ] GC(3) Pause Young (Normal) (G1 Evacuation Pause)
[2023-02-24T08:25:59.853+0000][6][gc,task     ] GC(3) Using 4 workers of 4 for evacuation
[2023-02-24T08:25:59.854+0000][6][gc,age      ] GC(3) Desired survivor size 2621440 bytes, new threshold 15 (max threshold 15)
[2023-02-24T08:25:59.874+0000][6][gc,age      ] GC(3) Age table with threshold 15 (max threshold 15)
[2023-02-24T08:25:59.875+0000][6][gc,age      ] GC(3) - age   1:    2997984 bytes,    2997984 total
[2023-02-24T08:25:59.877+0000][6][gc,age      ] GC(3) - age   2:    2132840 bytes,    5130824 total
[2023-02-24T08:25:59.878+0000][6][gc,phases   ] GC(3)   Pre Evacuate Collection Set: 0.2ms
[2023-02-24T08:25:59.879+0000][6][gc,phases   ] GC(3)   Merge Heap Roots: 0.7ms
[2023-02-24T08:25:59.879+0000][6][gc,phases   ] GC(3)   Evacuate Collection Set: 15.4ms
[2023-02-24T08:25:59.880+0000][6][gc,phases   ] GC(3)   Post Evacuate Collection Set: 2.4ms
[2023-02-24T08:25:59.881+0000][6][gc,phases   ] GC(3)   Other: 8.7ms
[2023-02-24T08:25:59.883+0000][6][gc,heap     ] GC(3) Eden regions: 35->0(187)
[2023-02-24T08:25:59.884+0000][6][gc,heap     ] GC(3) Survivor regions: 3->5(5)
[2023-02-24T08:25:59.886+0000][6][gc,heap     ] GC(3) Old regions: 4->4
[2023-02-24T08:25:59.887+0000][6][gc,heap     ] GC(3) Archive regions: 0->0
[2023-02-24T08:25:59.890+0000][6][gc,heap     ] GC(3) Humongous regions: 1->1
[2023-02-24T08:25:59.891+0000][6][gc,metaspace] GC(3) Metaspace: 22350K(22704K)->22350K(22704K) NonClass: 19945K(20144K)->19945K(20144K) Class: 2404K(2560K)->2404K(2560K)
[2023-02-24T08:25:59.892+0000][6][gc          ] GC(3) Pause Young (Normal) (G1 Evacuation Pause) 42M->9M(512M) 41.351ms
[2023-02-24T08:25:59.893+0000][6][gc,cpu      ] GC(3) User=0.02s Sys=0.01s Real=0.04s
[2023-02-24T08:25:59.894+0000][6][safepoint   ] Safepoint "G1CollectForAllocation", Time since last: 575132791 ns, Reaching safepoint: 107750 ns, At safepoint: 43325334 ns, Total: 43433084 ns
[2023-02-24T08:26:00.044+0000][6][safepoint   ] Safepoint "ICBufferFull", Time since last: 150137125 ns, Reaching safepoint: 132333 ns, At safepoint: 1709 ns, Total: 134042 ns
[2023-02-24T08:26:00.049+0000][6][safepoint   ] Safepoint "ICBufferFull", Time since last: 5495333 ns, Reaching safepoint: 52542 ns, At safepoint: 1625 ns, Total: 54167 ns
[2023-02-24T08:26:00.056+0000][6][safepoint   ] Safepoint "ICBufferFull", Time since last: 6625875 ns, Reaching safepoint: 57333 ns, At safepoint: 2083 ns, Total: 59416 ns
[2023-02-24T08:26:00.066+0000][6][safepoint   ] Safepoint "ICBufferFull", Time since last: 10290375 ns, Reaching safepoint: 44500 ns, At safepoint: 1750 ns, Total: 46250 ns
[2023-02-24T08:26:00.069+0000][6][safepoint   ] Safepoint "ICBufferFull", Time since last: 2203917 ns, Reaching safepoint: 111250 ns, At safepoint: 1667 ns, Total: 112917 ns
[2023-02-24T08:26:00.071+0000][6][safepoint   ] Safepoint "ICBufferFull", Time since last: 2385791 ns, Reaching safepoint: 104750 ns, At safepoint: 3417 ns, Total: 108167 ns
[2023-02-24T08:26:00.078+0000][6][safepoint   ] Safepoint "ICBufferFull", Time since last: 6850708 ns, Reaching safepoint: 112417 ns, At safepoint: 2333 ns, Total: 114750 ns
[2023-02-24T08:26:00.081+0000][6][safepoint   ] Safepoint "ICBufferFull", Time since last: 3056000 ns, Reaching safepoint: 39334 ns, At safepoint: 1500 ns, Total: 40834 ns
[2023-02-24T08:26:00.093+0000][6][safepoint   ] Safepoint "ICBufferFull", Time since last: 11133416 ns, Reaching safepoint: 119917 ns, At safepoint: 2583 ns, Total: 122500 ns
[2023-02-24T08:26:00.095+0000][6][safepoint   ] Safepoint "ICBufferFull", Time since last: 2150292 ns, Reaching safepoint: 117208 ns, At safepoint: 2084 ns, Total: 119292 ns
[2023-02-24T08:26:00.098+0000][6][safepoint   ] Safepoint "ICBufferFull", Time since last: 2639708 ns, Reaching safepoint: 107917 ns, At safepoint: 2125 ns, Total: 110042 ns
[2023-02-24T08:26:00.100+0000][6][safepoint   ] Safepoint "ICBufferFull", Time since last: 1920916 ns, Reaching safepoint: 108792 ns, At safepoint: 1667 ns, Total: 110459 ns
[2023-02-24T08:26:00.103+0000][6][safepoint   ] Safepoint "ICBufferFull", Time since last: 2789291 ns, Reaching safepoint: 114917 ns, At safepoint: 1958 ns, Total: 116875 ns
[2023-02-24T08:26:00.106+0000][6][safepoint   ] Safepoint "ICBufferFull", Time since last: 2898667 ns, Reaching safepoint: 110792 ns, At safepoint: 1791 ns, Total: 112583 ns
[2023-02-24T08:26:00.107+0000][6][safepoint   ] Safepoint "ICBufferFull", Time since last: 1563875 ns, Reaching safepoint: 102792 ns, At safepoint: 3375 ns, Total: 106167 ns
[2023-02-24T08:26:00.111+0000][6][safepoint   ] Safepoint "ICBufferFull", Time since last: 1606042 ns, Reaching safepoint: 110416 ns, At safepoint: 2122375 ns, Total: 2232791 ns
[2023-02-24T08:26:00.113+0000][6][safepoint   ] Safepoint "ICBufferFull", Time since last: 1994709 ns, Reaching safepoint: 111583 ns, At safepoint: 2083 ns, Total: 113666 ns
[2023-02-24T08:26:00.120+0000][6][safepoint   ] Safepoint "ICBufferFull", Time since last: 6530792 ns, Reaching safepoint: 121625 ns, At safepoint: 2417 ns, Total: 124042 ns
[2023-02-24T08:26:00.123+0000][6][safepoint   ] Safepoint "ICBufferFull", Time since last: 2767666 ns, Reaching safepoint: 117334 ns, At safepoint: 2041 ns, Total: 119375 ns
[2023-02-24T08:26:00.139+0000][6][safepoint   ] Safepoint "ICBufferFull", Time since last: 15343959 ns, Reaching safepoint: 964333 ns, At safepoint: 2875 ns, Total: 967208 ns
[2023-02-24T08:26:00.142+0000][6][safepoint   ] Safepoint "ICBufferFull", Time since last: 2778625 ns, Reaching safepoint: 110833 ns, At safepoint: 1959 ns, Total: 112792 ns
[2023-02-24T08:26:00.147+0000][6][safepoint   ] Safepoint "ICBufferFull", Time since last: 2149583 ns, Reaching safepoint: 3130708 ns, At safepoint: 3792 ns, Total: 3134500 ns
[2023-02-24T08:26:00.150+0000][6][safepoint   ] Safepoint "ICBufferFull", Time since last: 2524792 ns, Reaching safepoint: 128791 ns, At safepoint: 2084 ns, Total: 130875 ns
[2023-02-24T08:26:00.153+0000][6][safepoint   ] Safepoint "ICBufferFull", Time since last: 3003458 ns, Reaching safepoint: 172167 ns, At safepoint: 2375 ns, Total: 174542 ns
[2023-02-24T08:26:00.157+0000][6][safepoint   ] Safepoint "ICBufferFull", Time since last: 3751708 ns, Reaching safepoint: 110792 ns, At safepoint: 2083 ns, Total: 112875 ns
[2023-02-24T08:26:00.162+0000][6][safepoint   ] Safepoint "ICBufferFull", Time since last: 4497375 ns, Reaching safepoint: 117708 ns, At safepoint: 2084 ns, Total: 119792 ns
[2023-02-24T08:26:00.167+0000][6][safepoint   ] Safepoint "ICBufferFull", Time since last: 5830750 ns, Reaching safepoint: 110958 ns, At safepoint: 4375 ns, Total: 115333 ns
[2023-02-24T08:26:00.171+0000][6][safepoint   ] Safepoint "ICBufferFull", Time since last: 3837083 ns, Reaching safepoint: 117875 ns, At safepoint: 2167 ns, Total: 120042 ns
[2023-02-24T08:26:00.173+0000][6][safepoint   ] Safepoint "ICBufferFull", Time since last: 1791458 ns, Reaching safepoint: 112459 ns, At safepoint: 2000 ns, Total: 114459 ns
[2023-02-24T08:26:00.177+0000][6][safepoint   ] Safepoint "ICBufferFull", Time since last: 1591250 ns, Reaching safepoint: 2213875 ns, At safepoint: 4333 ns, Total: 2218208 ns
[2023-02-24T08:26:00.181+0000][6][safepoint   ] Safepoint "ICBufferFull", Time since last: 3666625 ns, Reaching safepoint: 133333 ns, At safepoint: 1875 ns, Total: 135208 ns
[2023-02-24T08:26:00.184+0000][6][safepoint   ] Safepoint "ICBufferFull", Time since last: 2680084 ns, Reaching safepoint: 128500 ns, At safepoint: 2375 ns, Total: 130875 ns
[2023-02-24T08:26:00.189+0000][6][safepoint   ] Safepoint "ICBufferFull", Time since last: 4900708 ns, Reaching safepoint: 117375 ns, At safepoint: 2042 ns, Total: 119417 ns
[2023-02-24T08:26:00.194+0000][6][safepoint   ] Safepoint "ICBufferFull", Time since last: 4647000 ns, Reaching safepoint: 109958 ns, At safepoint: 1750 ns, Total: 111708 ns
[2023-02-24T08:26:00.199+0000][6][safepoint   ] Safepoint "ICBufferFull", Time since last: 4302542 ns, Reaching safepoint: 1260916 ns, At safepoint: 3542 ns, Total: 1264458 ns
[2023-02-24T08:26:00.201+0000][6][safepoint   ] Safepoint "ICBufferFull", Time since last: 2102958 ns, Reaching safepoint: 104542 ns, At safepoint: 1917 ns, Total: 106459 ns
[2023-02-24T08:26:00.213+0000][6][safepoint   ] Safepoint "ICBufferFull", Time since last: 11796958 ns, Reaching safepoint: 109292 ns, At safepoint: 1833 ns, Total: 111125 ns
[2023-02-24T08:26:00.216+0000][6][safepoint   ] Safepoint "ICBufferFull", Time since last: 2679083 ns, Reaching safepoint: 112292 ns, At safepoint: 1875 ns, Total: 114167 ns
[2023-02-24T08:26:00.220+0000][6][safepoint   ] Safepoint "ICBufferFull", Time since last: 3418208 ns, Reaching safepoint: 121167 ns, At safepoint: 1917 ns, Total: 123084 ns
[2023-02-24T08:26:00.221+0000][6][safepoint   ] Safepoint "ICBufferFull", Time since last: 1055916 ns, Reaching safepoint: 315167 ns, At safepoint: 2417 ns, Total: 317584 ns
[2023-02-24T08:26:00.223+0000][6][safepoint   ] Safepoint "ICBufferFull", Time since last: 992833 ns, Reaching safepoint: 756875 ns, At safepoint: 3292 ns, Total: 760167 ns
[2023-02-24T08:26:00.224+0000][6][safepoint   ] Safepoint "ICBufferFull", Time since last: 1185291 ns, Reaching safepoint: 259042 ns, At safepoint: 2458 ns, Total: 261500 ns
[2023-02-24T08:26:00.227+0000][6][safepoint   ] Safepoint "ICBufferFull", Time since last: 1555792 ns, Reaching safepoint: 1413792 ns, At safepoint: 2875 ns, Total: 1416667 ns
[2023-02-24T08:26:00.229+0000][6][safepoint   ] Safepoint "ICBufferFull", Time since last: 1309000 ns, Reaching safepoint: 204208 ns, At safepoint: 2500 ns, Total: 206708 ns
[2023-02-24T08:26:00.240+0000][6][safepoint   ] Safepoint "ICBufferFull", Time since last: 1633167 ns, Reaching safepoint: 9372916 ns, At safepoint: 11042 ns, Total: 9383958 ns
[2023-02-24T08:26:00.244+0000][6][safepoint   ] Safepoint "ICBufferFull", Time since last: 1713917 ns, Reaching safepoint: 2709416 ns, At safepoint: 7792 ns, Total: 2717208 ns
[2023-02-24T08:26:00.247+0000][6][safepoint   ] Safepoint "ICBufferFull", Time since last: 1326083 ns, Reaching safepoint: 1756042 ns, At safepoint: 3875 ns, Total: 1759917 ns
[2023-02-24T08:26:00.249+0000][6][safepoint   ] Safepoint "ICBufferFull", Time since last: 1498250 ns, Reaching safepoint: 33208 ns, At safepoint: 1417 ns, Total: 34625 ns
[2023-02-24T08:26:00.250+0000][6][safepoint   ] Safepoint "ICBufferFull", Time since last: 881292 ns, Reaching safepoint: 22666 ns, At safepoint: 1334 ns, Total: 24000 ns
[2023-02-24T08:26:00.250+0000][6][safepoint   ] Safepoint "ICBufferFull", Time since last: 858958 ns, Reaching safepoint: 19333 ns, At safepoint: 1250 ns, Total: 20583 ns
[2023-02-24T08:26:00.251+0000][6][safepoint   ] Safepoint "ICBufferFull", Time since last: 880750 ns, Reaching safepoint: 32500 ns, At safepoint: 1334 ns, Total: 33834 ns
[2023-02-24T08:26:00.253+0000][6][safepoint   ] Safepoint "ICBufferFull", Time since last: 1165666 ns, Reaching safepoint: 27542 ns, At safepoint: 1333 ns, Total: 28875 ns
[2023-02-24T08:26:00.254+0000][6][safepoint   ] Safepoint "ICBufferFull", Time since last: 1078084 ns, Reaching safepoint: 26500 ns, At safepoint: 1416 ns, Total: 27916 ns
[2023-02-24T08:26:00.255+0000][6][safepoint   ] Safepoint "ICBufferFull", Time since last: 1584459 ns, Reaching safepoint: 32333 ns, At safepoint: 1833 ns, Total: 34166 ns
[2023-02-24T08:26:00.259+0000][6][safepoint   ] Safepoint "ICBufferFull", Time since last: 3425500 ns, Reaching safepoint: 29042 ns, At safepoint: 1792 ns, Total: 30834 ns
[2023-02-24T08:26:00.260+0000][6][safepoint   ] Safepoint "ICBufferFull", Time since last: 1521458 ns, Reaching safepoint: 28542 ns, At safepoint: 1666 ns, Total: 30208 ns
[2023-02-24T08:26:00.261+0000][6][safepoint   ] Safepoint "ICBufferFull", Time since last: 935667 ns, Reaching safepoint: 25000 ns, At safepoint: 1542 ns, Total: 26542 ns
[2023-02-24T08:26:00.262+0000][6][safepoint   ] Safepoint "ICBufferFull", Time since last: 901416 ns, Reaching safepoint: 26834 ns, At safepoint: 1833 ns, Total: 28667 ns
[2023-02-24T08:26:00.263+0000][6][safepoint   ] Safepoint "ICBufferFull", Time since last: 1197750 ns, Reaching safepoint: 27167 ns, At safepoint: 1416 ns, Total: 28583 ns
[2023-02-24T08:26:00.265+0000][6][safepoint   ] Safepoint "ICBufferFull", Time since last: 1299959 ns, Reaching safepoint: 26000 ns, At safepoint: 1416 ns, Total: 27416 ns
[2023-02-24T08:26:00.270+0000][6][safepoint   ] Safepoint "ICBufferFull", Time since last: 4845709 ns, Reaching safepoint: 41708 ns, At safepoint: 1708 ns, Total: 43416 ns
[2023-02-24T08:26:00.271+0000][6][safepoint   ] Safepoint "ICBufferFull", Time since last: 1676417 ns, Reaching safepoint: 83500 ns, At safepoint: 2250 ns, Total: 85750 ns
[2023-02-24T08:26:00.273+0000][6][safepoint   ] Safepoint "ICBufferFull", Time since last: 1382250 ns, Reaching safepoint: 27500 ns, At safepoint: 1458 ns, Total: 28958 ns
[2023-02-24T08:26:00.277+0000][6][safepoint   ] Safepoint "ICBufferFull", Time since last: 4336125 ns, Reaching safepoint: 48375 ns, At safepoint: 2167 ns, Total: 50542 ns
[2023-02-24T08:26:00.278+0000][6][safepoint   ] Safepoint "ICBufferFull", Time since last: 1204625 ns, Reaching safepoint: 26958 ns, At safepoint: 1584 ns, Total: 28542 ns
[2023-02-24T08:26:00.280+0000][6][safepoint   ] Safepoint "ICBufferFull", Time since last: 1341416 ns, Reaching safepoint: 363875 ns, At safepoint: 1875 ns, Total: 365750 ns
[2023-02-24T08:26:00.282+0000][6][safepoint   ] Safepoint "ICBufferFull", Time since last: 1676542 ns, Reaching safepoint: 29417 ns, At safepoint: 1666 ns, Total: 31083 ns
[2023-02-24T08:26:00.284+0000][6][safepoint   ] Safepoint "ICBufferFull", Time since last: 1732667 ns, Reaching safepoint: 34958 ns, At safepoint: 1667 ns, Total: 36625 ns
[2023-02-24T08:26:00.285+0000][6][safepoint   ] Safepoint "ICBufferFull", Time since last: 932250 ns, Reaching safepoint: 26167 ns, At safepoint: 1416 ns, Total: 27583 ns
[2023-02-24T08:26:00.285+0000][6][safepoint   ] Safepoint "ICBufferFull", Time since last: 844334 ns, Reaching safepoint: 25958 ns, At safepoint: 1375 ns, Total: 27333 ns
[2023-02-24T08:26:00.288+0000][6][safepoint   ] Safepoint "ICBufferFull", Time since last: 2045708 ns, Reaching safepoint: 37792 ns, At safepoint: 1875 ns, Total: 39667 ns
[2023-02-24T08:26:00.289+0000][6][safepoint   ] Safepoint "ICBufferFull", Time since last: 1280208 ns, Reaching safepoint: 34584 ns, At safepoint: 1666 ns, Total: 36250 ns
[2023-02-24T08:26:00.295+0000][6][safepoint   ] Safepoint "ICBufferFull", Time since last: 6470959 ns, Reaching safepoint: 46166 ns, At safepoint: 2125 ns, Total: 48291 ns
[2023-02-24T08:26:00.299+0000][6][safepoint   ] Safepoint "ICBufferFull", Time since last: 3077250 ns, Reaching safepoint: 43000 ns, At safepoint: 1667 ns, Total: 44667 ns
[2023-02-24T08:26:00.303+0000][6][safepoint   ] Safepoint "ICBufferFull", Time since last: 4553583 ns, Reaching safepoint: 116542 ns, At safepoint: 1833 ns, Total: 118375 ns
[2023-02-24T08:26:00.306+0000][6][safepoint   ] Safepoint "ICBufferFull", Time since last: 2843042 ns, Reaching safepoint: 113875 ns, At safepoint: 1708 ns, Total: 115583 ns
[2023-02-24T08:26:00.309+0000][6][safepoint   ] Safepoint "ICBufferFull", Time since last: 2478000 ns, Reaching safepoint: 111292 ns, At safepoint: 1875 ns, Total: 113167 ns
[2023-02-24T08:26:00.314+0000][6][safepoint   ] Safepoint "ICBufferFull", Time since last: 5625458 ns, Reaching safepoint: 110375 ns, At safepoint: 1792 ns, Total: 112167 ns
[2023-02-24T08:26:00.317+0000][6][safepoint   ] Safepoint "ICBufferFull", Time since last: 2429875 ns, Reaching safepoint: 135167 ns, At safepoint: 1750 ns, Total: 136917 ns
[2023-02-24T08:26:00.390+0000][6][safepoint   ] Safepoint "ICBufferFull", Time since last: 72921833 ns, Reaching safepoint: 70333 ns, At safepoint: 2084 ns, Total: 72417 ns
[2023-02-24T08:26:00.395+0000][6][safepoint   ] Safepoint "ICBufferFull", Time since last: 4822541 ns, Reaching safepoint: 250292 ns, At safepoint: 2542 ns, Total: 252834 ns
[2023-02-24T08:26:00.397+0000][6][safepoint   ] Safepoint "ICBufferFull", Time since last: 1804500 ns, Reaching safepoint: 150333 ns, At safepoint: 1792 ns, Total: 152125 ns
[2023-02-24T08:26:00.398+0000][6][safepoint   ] Safepoint "ICBufferFull", Time since last: 840750 ns, Reaching safepoint: 204541 ns, At safepoint: 1834 ns, Total: 206375 ns
[2023-02-24T08:26:00.401+0000][6][safepoint   ] Safepoint "ICBufferFull", Time since last: 3156166 ns, Reaching safepoint: 116834 ns, At safepoint: 1833 ns, Total: 118667 ns
[2023-02-24T08:26:00.403+0000][6][safepoint   ] Safepoint "ICBufferFull", Time since last: 1795250 ns, Reaching safepoint: 110917 ns, At safepoint: 2333 ns, Total: 113250 ns
[2023-02-24T08:26:00.406+0000][6][safepoint   ] Safepoint "ICBufferFull", Time since last: 3048875 ns, Reaching safepoint: 112458 ns, At safepoint: 2042 ns, Total: 114500 ns
[2023-02-24T08:26:00.408+0000][6][safepoint   ] Safepoint "ICBufferFull", Time since last: 1125792 ns, Reaching safepoint: 236291 ns, At safepoint: 2084 ns, Total: 238375 ns
[2023-02-24T08:26:00.409+0000][6][safepoint   ] Safepoint "ICBufferFull", Time since last: 1467083 ns, Reaching safepoint: 104292 ns, At safepoint: 1875 ns, Total: 106167 ns
[2023-02-24T08:26:00.411+0000][6][safepoint   ] Safepoint "ICBufferFull", Time since last: 1902791 ns, Reaching safepoint: 126292 ns, At safepoint: 1625 ns, Total: 127917 ns
[2023-02-24T08:26:00.413+0000][6][safepoint   ] Safepoint "ICBufferFull", Time since last: 1440792 ns, Reaching safepoint: 152375 ns, At safepoint: 2750 ns, Total: 155125 ns
[2023-02-24T08:26:00.414+0000][6][safepoint   ] Safepoint "ICBufferFull", Time since last: 920083 ns, Reaching safepoint: 105375 ns, At safepoint: 1833 ns, Total: 107208 ns
[2023-02-24T08:26:00.415+0000][6][safepoint   ] Safepoint "ICBufferFull", Time since last: 1054875 ns, Reaching safepoint: 103209 ns, At safepoint: 29750 ns, Total: 132959 ns
[2023-02-24T08:26:00.417+0000][6][safepoint   ] Safepoint "ICBufferFull", Time since last: 1226166 ns, Reaching safepoint: 111417 ns, At safepoint: 1875 ns, Total: 113292 ns
[2023-02-24T08:26:00.418+0000][6][safepoint   ] Safepoint "ICBufferFull", Time since last: 1000667 ns, Reaching safepoint: 100291 ns, At safepoint: 1625 ns, Total: 101916 ns
[2023-02-24T08:26:00.419+0000][6][safepoint   ] Safepoint "ICBufferFull", Time since last: 955792 ns, Reaching safepoint: 106250 ns, At safepoint: 1958 ns, Total: 108208 ns
[2023-02-24T08:26:00.422+0000][6][safepoint   ] Safepoint "ICBufferFull", Time since last: 3592125 ns, Reaching safepoint: 34959 ns, At safepoint: 1708 ns, Total: 36667 ns
[2023-02-24T08:26:00.424+0000][6][safepoint   ] Safepoint "ICBufferFull", Time since last: 1278292 ns, Reaching safepoint: 22666 ns, At safepoint: 1334 ns, Total: 24000 ns
[2023-02-24T08:26:00.425+0000][6][safepoint   ] Safepoint "ICBufferFull", Time since last: 895458 ns, Reaching safepoint: 22458 ns, At safepoint: 1417 ns, Total: 23875 ns
[2023-02-24T08:26:00.425+0000][6][safepoint   ] Safepoint "ICBufferFull", Time since last: 876708 ns, Reaching safepoint: 21167 ns, At safepoint: 1250 ns, Total: 22417 ns
[2023-02-24T08:26:00.427+0000][6][safepoint   ] Safepoint "ICBufferFull", Time since last: 1435542 ns, Reaching safepoint: 32000 ns, At safepoint: 1958 ns, Total: 33958 ns
[2023-02-24T08:26:00.430+0000][6][safepoint   ] Safepoint "ICBufferFull", Time since last: 2577208 ns, Reaching safepoint: 35917 ns, At safepoint: 2042 ns, Total: 37959 ns
[2023-02-24T08:26:00.431+0000][6][safepoint   ] Safepoint "ICBufferFull", Time since last: 1008458 ns, Reaching safepoint: 32417 ns, At safepoint: 1833 ns, Total: 34250 ns
[2023-02-24T08:26:00.432+0000][6][safepoint   ] Safepoint "ICBufferFull", Time since last: 1677458 ns, Reaching safepoint: 27959 ns, At safepoint: 1625 ns, Total: 29584 ns
[2023-02-24T08:26:00.434+0000][6][safepoint   ] Safepoint "ICBufferFull", Time since last: 1310500 ns, Reaching safepoint: 29166 ns, At safepoint: 1459 ns, Total: 30625 ns
[2023-02-24T08:26:00.435+0000][6][safepoint   ] Safepoint "ICBufferFull", Time since last: 975250 ns, Reaching safepoint: 26916 ns, At safepoint: 1542 ns, Total: 28458 ns
[2023-02-24T08:26:00.436+0000][6][safepoint   ] Safepoint "ICBufferFull", Time since last: 834167 ns, Reaching safepoint: 20625 ns, At safepoint: 1333 ns, Total: 21958 ns
[2023-02-24T08:26:00.437+0000][6][safepoint   ] Safepoint "ICBufferFull", Time since last: 1583417 ns, Reaching safepoint: 29833 ns, At safepoint: 1667 ns, Total: 31500 ns
[2023-02-24T08:26:00.440+0000][6][safepoint   ] Safepoint "ICBufferFull", Time since last: 3227708 ns, Reaching safepoint: 36375 ns, At safepoint: 1667 ns, Total: 38042 ns
[2023-02-24T08:26:00.442+0000][6][safepoint   ] Safepoint "ICBufferFull", Time since last: 1806791 ns, Reaching safepoint: 35750 ns, At safepoint: 1875 ns, Total: 37625 ns
[2023-02-24T08:26:00.444+0000][6][safepoint   ] Safepoint "ICBufferFull", Time since last: 1301542 ns, Reaching safepoint: 28583 ns, At safepoint: 2000 ns, Total: 30583 ns
[2023-02-24T08:26:00.445+0000][6][safepoint   ] Safepoint "ICBufferFull", Time since last: 1316917 ns, Reaching safepoint: 27625 ns, At safepoint: 1708 ns, Total: 29333 ns
[2023-02-24T08:26:00.446+0000][6][safepoint   ] Safepoint "ICBufferFull", Time since last: 1529084 ns, Reaching safepoint: 27333 ns, At safepoint: 1500 ns, Total: 28833 ns
[2023-02-24T08:26:00.448+0000][6][safepoint   ] Safepoint "ICBufferFull", Time since last: 1340167 ns, Reaching safepoint: 26458 ns, At safepoint: 1458 ns, Total: 27916 ns
[2023-02-24T08:26:00.449+0000][6][safepoint   ] Safepoint "ICBufferFull", Time since last: 1075459 ns, Reaching safepoint: 24541 ns, At safepoint: 1667 ns, Total: 26208 ns
[2023-02-24T08:26:00.451+0000][6][safepoint   ] Safepoint "ICBufferFull", Time since last: 1543667 ns, Reaching safepoint: 42500 ns, At safepoint: 1875 ns, Total: 44375 ns
[2023-02-24T08:26:00.453+0000][6][safepoint   ] Safepoint "ICBufferFull", Time since last: 2267625 ns, Reaching safepoint: 31958 ns, At safepoint: 1667 ns, Total: 33625 ns
[2023-02-24T08:26:00.455+0000][6][safepoint   ] Safepoint "ICBufferFull", Time since last: 1655833 ns, Reaching safepoint: 30333 ns, At safepoint: 1875 ns, Total: 32208 ns
[2023-02-24T08:26:00.456+0000][6][safepoint   ] Safepoint "ICBufferFull", Time since last: 1903542 ns, Reaching safepoint: 35625 ns, At safepoint: 2000 ns, Total: 37625 ns
[2023-02-24T08:26:00.458+0000][6][safepoint   ] Safepoint "ICBufferFull", Time since last: 1156875 ns, Reaching safepoint: 24500 ns, At safepoint: 1500 ns, Total: 26000 ns
[2023-02-24T08:26:00.630+0000][6][safepoint   ] Safepoint "ICBufferFull", Time since last: 167114542 ns, Reaching safepoint: 5320417 ns, At safepoint: 5583 ns, Total: 5326000 ns
[2023-02-24T08:26:00.641+0000][6][safepoint   ] Safepoint "ICBufferFull", Time since last: 10846250 ns, Reaching safepoint: 71792 ns, At safepoint: 2500 ns, Total: 74292 ns
[2023-02-24T08:26:00.643+0000][6][safepoint   ] Safepoint "ICBufferFull", Time since last: 1788583 ns, Reaching safepoint: 28958 ns, At safepoint: 1625 ns, Total: 30583 ns
[2023-02-24T08:26:00.644+0000][6][safepoint   ] Safepoint "ICBufferFull", Time since last: 961084 ns, Reaching safepoint: 24875 ns, At safepoint: 1458 ns, Total: 26333 ns
[2023-02-24T08:26:00.645+0000][6][safepoint   ] Safepoint "ICBufferFull", Time since last: 1045250 ns, Reaching safepoint: 24125 ns, At safepoint: 1167 ns, Total: 25292 ns
[2023-02-24T08:26:00.646+0000][6][safepoint   ] Safepoint "ICBufferFull", Time since last: 1243000 ns, Reaching safepoint: 28041 ns, At safepoint: 2042 ns, Total: 30083 ns
[2023-02-24T08:26:00.651+0000][6][safepoint   ] Safepoint "ICBufferFull", Time since last: 4500958 ns, Reaching safepoint: 44125 ns, At safepoint: 2375 ns, Total: 46500 ns
[2023-02-24T08:26:00.652+0000][6][safepoint   ] Safepoint "ICBufferFull", Time since last: 1724375 ns, Reaching safepoint: 44292 ns, At safepoint: 1833 ns, Total: 46125 ns
[2023-02-24T08:26:00.653+0000][6][safepoint   ] Safepoint "ICBufferFull", Time since last: 936625 ns, Reaching safepoint: 21417 ns, At safepoint: 1292 ns, Total: 22709 ns
[2023-02-24T08:26:00.654+0000][6][safepoint   ] Safepoint "ICBufferFull", Time since last: 959166 ns, Reaching safepoint: 27209 ns, At safepoint: 1500 ns, Total: 28709 ns
[2023-02-24T08:26:00.656+0000][6][safepoint   ] Safepoint "ICBufferFull", Time since last: 1071750 ns, Reaching safepoint: 22000 ns, At safepoint: 1375 ns, Total: 23375 ns
[2023-02-24T08:26:00.657+0000][6][safepoint   ] Safepoint "ICBufferFull", Time since last: 1313458 ns, Reaching safepoint: 25292 ns, At safepoint: 1500 ns, Total: 26792 ns
[2023-02-24T08:26:00.660+0000][6][safepoint   ] Safepoint "ICBufferFull", Time since last: 2933000 ns, Reaching safepoint: 36625 ns, At safepoint: 1958 ns, Total: 38583 ns
[2023-02-24T08:26:00.663+0000][6][safepoint   ] Safepoint "ICBufferFull", Time since last: 3514833 ns, Reaching safepoint: 41250 ns, At safepoint: 1959 ns, Total: 43209 ns
[2023-02-24T08:26:00.665+0000][6][safepoint   ] Safepoint "ICBufferFull", Time since last: 1086791 ns, Reaching safepoint: 24959 ns, At safepoint: 1458 ns, Total: 26417 ns
[2023-02-24T08:26:00.666+0000][6][safepoint   ] Safepoint "ICBufferFull", Time since last: 990292 ns, Reaching safepoint: 26500 ns, At safepoint: 1541 ns, Total: 28041 ns
[2023-02-24T08:26:00.667+0000][6][safepoint   ] Safepoint "ICBufferFull", Time since last: 1055542 ns, Reaching safepoint: 25542 ns, At safepoint: 1458 ns, Total: 27000 ns
[2023-02-24T08:26:00.668+0000][6][safepoint   ] Safepoint "ICBufferFull", Time since last: 1333833 ns, Reaching safepoint: 108000 ns, At safepoint: 2334 ns, Total: 110334 ns
[2023-02-24T08:26:00.673+0000][6][safepoint   ] Safepoint "ICBufferFull", Time since last: 5239583 ns, Reaching safepoint: 38042 ns, At safepoint: 1708 ns, Total: 39750 ns
[2023-02-24T08:26:00.675+0000][6][safepoint   ] Safepoint "ICBufferFull", Time since last: 1296500 ns, Reaching safepoint: 25417 ns, At safepoint: 1625 ns, Total: 27042 ns
[2023-02-24T08:26:00.676+0000][6][safepoint   ] Safepoint "ICBufferFull", Time since last: 835333 ns, Reaching safepoint: 22875 ns, At safepoint: 1333 ns, Total: 24208 ns
[2023-02-24T08:26:00.676+0000][6][safepoint   ] Safepoint "ICBufferFull", Time since last: 942584 ns, Reaching safepoint: 22416 ns, At safepoint: 1500 ns, Total: 23916 ns
[2023-02-24T08:26:00.678+0000][6][safepoint   ] Safepoint "ICBufferFull", Time since last: 1008250 ns, Reaching safepoint: 23125 ns, At safepoint: 1292 ns, Total: 24417 ns
[2023-02-24T08:26:00.678+0000][6][safepoint   ] Safepoint "ICBufferFull", Time since last: 881917 ns, Reaching safepoint: 23833 ns, At safepoint: 1292 ns, Total: 25125 ns
[2023-02-24T08:26:00.680+0000][6][safepoint   ] Safepoint "ICBufferFull", Time since last: 1207250 ns, Reaching safepoint: 29375 ns, At safepoint: 1500 ns, Total: 30875 ns
[2023-02-24T08:26:00.681+0000][6][safepoint   ] Safepoint "ICBufferFull", Time since last: 903916 ns, Reaching safepoint: 23459 ns, At safepoint: 1500 ns, Total: 24959 ns
[2023-02-24T08:26:00.682+0000][6][safepoint   ] Safepoint "ICBufferFull", Time since last: 1284916 ns, Reaching safepoint: 30042 ns, At safepoint: 1792 ns, Total: 31834 ns
[2023-02-24T08:26:00.683+0000][6][safepoint   ] Safepoint "ICBufferFull", Time since last: 990291 ns, Reaching safepoint: 25500 ns, At safepoint: 1292 ns, Total: 26792 ns
[2023-02-24T08:26:00.684+0000][6][safepoint   ] Safepoint "ICBufferFull", Time since last: 1502208 ns, Reaching safepoint: 31750 ns, At safepoint: 2042 ns, Total: 33792 ns
[2023-02-24T08:26:00.686+0000][6][safepoint   ] Safepoint "ICBufferFull", Time since last: 1297208 ns, Reaching safepoint: 24542 ns, At safepoint: 1583 ns, Total: 26125 ns
[2023-02-24T08:26:00.691+0000][6][safepoint   ] Safepoint "ICBufferFull", Time since last: 5464875 ns, Reaching safepoint: 35834 ns, At safepoint: 1708 ns, Total: 37542 ns
[2023-02-24T08:26:00.693+0000][6][safepoint   ] Safepoint "ICBufferFull", Time since last: 1281250 ns, Reaching safepoint: 28125 ns, At safepoint: 1667 ns, Total: 29792 ns
[2023-02-24T08:26:00.694+0000][6][safepoint   ] Safepoint "ICBufferFull", Time since last: 946166 ns, Reaching safepoint: 99292 ns, At safepoint: 2125 ns, Total: 101417 ns
[2023-02-24T08:26:00.695+0000][6][safepoint   ] Safepoint "ICBufferFull", Time since last: 918208 ns, Reaching safepoint: 23542 ns, At safepoint: 1667 ns, Total: 25209 ns
[2023-02-24T08:26:00.695+0000][6][safepoint   ] Safepoint "ICBufferFull", Time since last: 829000 ns, Reaching safepoint: 25750 ns, At safepoint: 1625 ns, Total: 27375 ns
[2023-02-24T08:26:01.157+0000][6][safepoint   ] Safepoint "ICBufferFull", Time since last: 456907875 ns, Reaching safepoint: 4524833 ns, At safepoint: 6125 ns, Total: 4530958 ns
[2023-02-24T08:26:01.510+0000][6][gc,start    ] GC(4) Pause Young (Normal) (G1 Evacuation Pause)
[2023-02-24T08:26:01.511+0000][6][gc,task     ] GC(4) Using 4 workers of 4 for evacuation
[2023-02-24T08:26:01.512+0000][6][gc,age      ] GC(4) Desired survivor size 12582912 bytes, new threshold 15 (max threshold 15)
[2023-02-24T08:26:01.541+0000][6][gc,age      ] GC(4) Age table with threshold 15 (max threshold 15)
[2023-02-24T08:26:01.542+0000][6][gc,age      ] GC(4) - age   1:    4935272 bytes,    4935272 total
[2023-02-24T08:26:01.543+0000][6][gc,age      ] GC(4) - age   2:    1127128 bytes,    6062400 total
[2023-02-24T08:26:01.544+0000][6][gc,age      ] GC(4) - age   3:    2118456 bytes,    8180856 total
[2023-02-24T08:26:01.545+0000][6][gc,phases   ] GC(4)   Pre Evacuate Collection Set: 4.0ms
[2023-02-24T08:26:01.546+0000][6][gc,phases   ] GC(4)   Merge Heap Roots: 3.1ms
[2023-02-24T08:26:01.547+0000][6][gc,phases   ] GC(4)   Evacuate Collection Set: 9.0ms
[2023-02-24T08:26:01.548+0000][6][gc,phases   ] GC(4)   Post Evacuate Collection Set: 11.6ms
[2023-02-24T08:26:01.549+0000][6][gc,phases   ] GC(4)   Other: 7.0ms
[2023-02-24T08:26:01.550+0000][6][gc,heap     ] GC(4) Eden regions: 187->0(298)
[2023-02-24T08:26:01.551+0000][6][gc,heap     ] GC(4) Survivor regions: 5->9(24)
[2023-02-24T08:26:01.551+0000][6][gc,heap     ] GC(4) Old regions: 4->4
[2023-02-24T08:26:01.552+0000][6][gc,heap     ] GC(4) Archive regions: 0->0
[2023-02-24T08:26:01.553+0000][6][gc,heap     ] GC(4) Humongous regions: 2->1
[2023-02-24T08:26:01.554+0000][6][gc,metaspace] GC(4) Metaspace: 25829K(26544K)->25829K(26544K) NonClass: 22953K(23472K)->22953K(23472K) Class: 2875K(3072K)->2875K(3072K)
[2023-02-24T08:26:01.555+0000][6][gc          ] GC(4) Pause Young (Normal) (G1 Evacuation Pause) 197M->13M(512M) 44.970ms
[2023-02-24T08:26:01.556+0000][6][gc,cpu      ] GC(4) User=0.01s Sys=0.00s Real=0.04s
[2023-02-24T08:26:01.557+0000][6][safepoint   ] Safepoint "G1CollectForAllocation", Time since last: 350133459 ns, Reaching safepoint: 3168458 ns, At safepoint: 47153583 ns, Total: 50322041 ns
[2023-02-24T08:26:01.998+0000][6][safepoint   ] Safepoint "ICBufferFull", Time since last: 431101917 ns, Reaching safepoint: 9591667 ns, At safepoint: 19583 ns, Total: 9611250 ns
[2023-02-24T08:26:02.496+0000][6][gc,start    ] GC(5) Pause Young (Normal) (G1 Evacuation Pause)
[2023-02-24T08:26:02.497+0000][6][gc,task     ] GC(5) Using 4 workers of 4 for evacuation
[2023-02-24T08:26:02.499+0000][6][gc,age      ] GC(5) Desired survivor size 20447232 bytes, new threshold 15 (max threshold 15)
[2023-02-24T08:26:02.531+0000][6][gc,age      ] GC(5) Age table with threshold 15 (max threshold 15)
[2023-02-24T08:26:02.532+0000][6][gc,age      ] GC(5) - age   1:    4596576 bytes,    4596576 total
[2023-02-24T08:26:02.532+0000][6][gc,age      ] GC(5) - age   2:    4320848 bytes,    8917424 total
[2023-02-24T08:26:02.533+0000][6][gc,age      ] GC(5) - age   3:    1127048 bytes,   10044472 total
[2023-02-24T08:26:02.534+0000][6][gc,age      ] GC(5) - age   4:    2118360 bytes,   12162832 total
[2023-02-24T08:26:02.536+0000][6][gc,phases   ] GC(5)   Pre Evacuate Collection Set: 1.0ms
[2023-02-24T08:26:02.537+0000][6][gc,phases   ] GC(5)   Merge Heap Roots: 1.2ms
[2023-02-24T08:26:02.538+0000][6][gc,phases   ] GC(5)   Evacuate Collection Set: 19.4ms
[2023-02-24T08:26:02.539+0000][6][gc,phases   ] GC(5)   Post Evacuate Collection Set: 9.3ms
[2023-02-24T08:26:02.540+0000][6][gc,phases   ] GC(5)   Other: 8.3ms
[2023-02-24T08:26:02.541+0000][6][gc,heap     ] GC(5) Eden regions: 298->0(294)
[2023-02-24T08:26:02.542+0000][6][gc,heap     ] GC(5) Survivor regions: 9->13(39)
[2023-02-24T08:26:02.543+0000][6][gc,heap     ] GC(5) Old regions: 4->4
[2023-02-24T08:26:02.544+0000][6][gc,heap     ] GC(5) Archive regions: 0->0
[2023-02-24T08:26:02.545+0000][6][gc,heap     ] GC(5) Humongous regions: 1->1
[2023-02-24T08:26:02.546+0000][6][gc,metaspace] GC(5) Metaspace: 27532K(28592K)->27532K(28592K) NonClass: 24465K(25264K)->24465K(25264K) Class: 3066K(3328K)->3066K(3328K)
[2023-02-24T08:26:02.548+0000][6][gc          ] GC(5) Pause Young (Normal) (G1 Evacuation Pause) 311M->17M(512M) 52.021ms
[2023-02-24T08:26:02.549+0000][6][gc,cpu      ] GC(5) User=0.01s Sys=0.00s Real=0.05s
[2023-02-24T08:26:02.550+0000][6][safepoint   ] Safepoint "G1CollectForAllocation", Time since last: 491160209 ns, Reaching safepoint: 7027375 ns, At safepoint: 53916583 ns, Total: 60943958 ns
[2023-02-24T08:26:03.192+0000][6][gc,start    ] GC(6) Pause Young (Normal) (G1 Evacuation Pause)
[2023-02-24T08:26:03.193+0000][6][gc,task     ] GC(6) Using 4 workers of 4 for evacuation
[2023-02-24T08:26:03.194+0000][6][gc,age      ] GC(6) Desired survivor size 20447232 bytes, new threshold 15 (max threshold 15)
[2023-02-24T08:26:03.231+0000][6][gc,age      ] GC(6) Age table with threshold 15 (max threshold 15)
[2023-02-24T08:26:03.232+0000][6][gc,age      ] GC(6) - age   1:     898112 bytes,     898112 total
[2023-02-24T08:26:03.233+0000][6][gc,age      ] GC(6) - age   2:    3278288 bytes,    4176400 total
[2023-02-24T08:26:03.234+0000][6][gc,age      ] GC(6) - age   3:    4316544 bytes,    8492944 total
[2023-02-24T08:26:03.235+0000][6][gc,age      ] GC(6) - age   4:    1126904 bytes,    9619848 total
[2023-02-24T08:26:03.240+0000][6][gc,age      ] GC(6) - age   5:    2118360 bytes,   11738208 total
[2023-02-24T08:26:03.242+0000][6][gc,phases   ] GC(6)   Pre Evacuate Collection Set: 0.2ms
[2023-02-24T08:26:03.242+0000][6][gc,phases   ] GC(6)   Merge Heap Roots: 0.1ms
[2023-02-24T08:26:03.243+0000][6][gc,phases   ] GC(6)   Evacuate Collection Set: 34.0ms
[2023-02-24T08:26:03.244+0000][6][gc,phases   ] GC(6)   Post Evacuate Collection Set: 1.4ms
[2023-02-24T08:26:03.245+0000][6][gc,phases   ] GC(6)   Other: 14.4ms
[2023-02-24T08:26:03.246+0000][6][gc,heap     ] GC(6) Eden regions: 294->0(295)
[2023-02-24T08:26:03.247+0000][6][gc,heap     ] GC(6) Survivor regions: 13->12(39)
[2023-02-24T08:26:03.247+0000][6][gc,heap     ] GC(6) Old regions: 4->4
[2023-02-24T08:26:03.248+0000][6][gc,heap     ] GC(6) Archive regions: 0->0
[2023-02-24T08:26:03.249+0000][6][gc,heap     ] GC(6) Humongous regions: 1->1
[2023-02-24T08:26:03.249+0000][6][gc,metaspace] GC(6) Metaspace: 27917K(29232K)->27917K(29232K) NonClass: 24781K(25776K)->24781K(25776K) Class: 3136K(3456K)->3136K(3456K)
[2023-02-24T08:26:03.250+0000][6][gc          ] GC(6) Pause Young (Normal) (G1 Evacuation Pause) 311M->16M(512M) 58.510ms
[2023-02-24T08:26:03.251+0000][6][gc,cpu      ] GC(6) User=0.02s Sys=0.01s Real=0.06s
[2023-02-24T08:26:03.252+0000][6][safepoint   ] Safepoint "G1CollectForAllocation", Time since last: 637449875 ns, Reaching safepoint: 3897250 ns, At safepoint: 60331125 ns, Total: 64228375 ns
[2023-02-24T08:26:04.031+0000][6][gc,start    ] GC(7) Pause Young (Normal) (G1 Evacuation Pause)
[2023-02-24T08:26:04.032+0000][6][gc,task     ] GC(7) Using 4 workers of 4 for evacuation
[2023-02-24T08:26:04.033+0000][6][gc,age      ] GC(7) Desired survivor size 20447232 bytes, new threshold 15 (max threshold 15)
[2023-02-24T08:26:04.045+0000][6][gc,age      ] GC(7) Age table with threshold 15 (max threshold 15)
[2023-02-24T08:26:04.046+0000][6][gc,age      ] GC(7) - age   1:    3263136 bytes,    3263136 total
[2023-02-24T08:26:04.047+0000][6][gc,age      ] GC(7) - age   2:     645416 bytes,    3908552 total
[2023-02-24T08:26:04.048+0000][6][gc,age      ] GC(7) - age   3:    3276512 bytes,    7185064 total
[2023-02-24T08:26:04.049+0000][6][gc,age      ] GC(7) - age   4:    4316104 bytes,   11501168 total
[2023-02-24T08:26:04.050+0000][6][gc,age      ] GC(7) - age   5:    1126904 bytes,   12628072 total
[2023-02-24T08:26:04.052+0000][6][gc,age      ] GC(7) - age   6:    2118360 bytes,   14746432 total
[2023-02-24T08:26:04.053+0000][6][gc,phases   ] GC(7)   Pre Evacuate Collection Set: 0.1ms
[2023-02-24T08:26:04.054+0000][6][gc,phases   ] GC(7)   Merge Heap Roots: 0.1ms
[2023-02-24T08:26:04.055+0000][6][gc,phases   ] GC(7)   Evacuate Collection Set: 9.4ms
[2023-02-24T08:26:04.056+0000][6][gc,phases   ] GC(7)   Post Evacuate Collection Set: 0.9ms
[2023-02-24T08:26:04.057+0000][6][gc,phases   ] GC(7)   Other: 11.2ms
[2023-02-24T08:26:04.059+0000][6][gc,heap     ] GC(7) Eden regions: 295->0(292)
[2023-02-24T08:26:04.060+0000][6][gc,heap     ] GC(7) Survivor regions: 12->15(39)
[2023-02-24T08:26:04.060+0000][6][gc,heap     ] GC(7) Old regions: 4->4
[2023-02-24T08:26:04.061+0000][6][gc,heap     ] GC(7) Archive regions: 0->0
[2023-02-24T08:26:04.061+0000][6][gc,heap     ] GC(7) Humongous regions: 1->1
[2023-02-24T08:26:04.062+0000][6][gc,metaspace] GC(7) Metaspace: 28437K(29872K)->28437K(29872K) NonClass: 25222K(26288K)->25222K(26288K) Class: 3215K(3584K)->3215K(3584K)
[2023-02-24T08:26:04.063+0000][6][gc          ] GC(7) Pause Young (Normal) (G1 Evacuation Pause) 311M->19M(512M) 32.138ms
[2023-02-24T08:26:04.064+0000][6][gc,cpu      ] GC(7) User=0.02s Sys=0.00s Real=0.03s
[2023-02-24T08:26:04.066+0000][6][safepoint   ] Safepoint "G1CollectForAllocation", Time since last: 778992584 ns, Reaching safepoint: 317458 ns, At safepoint: 34586667 ns, Total: 34904125 ns
[2023-02-24T08:26:04.503+0000][6][safepoint   ] Safepoint "ICBufferFull", Time since last: 428371292 ns, Reaching safepoint: 8652375 ns, At safepoint: 10708 ns, Total: 8663083 ns
[2023-02-24T08:26:05.108+0000][6][gc,start    ] GC(8) Pause Young (Concurrent Start) (Metadata GC Threshold)
[2023-02-24T08:26:05.110+0000][6][gc,task     ] GC(8) Using 4 workers of 4 for evacuation
[2023-02-24T08:26:05.111+0000][6][gc,age      ] GC(8) Desired survivor size 20447232 bytes, new threshold 15 (max threshold 15)
[2023-02-24T08:26:05.145+0000][6][gc,age      ] GC(8) Age table with threshold 15 (max threshold 15)
[2023-02-24T08:26:05.146+0000][6][gc,age      ] GC(8) - age   1:    2266544 bytes,    2266544 total
[2023-02-24T08:26:05.147+0000][6][gc,age      ] GC(8) - age   2:    2259880 bytes,    4526424 total
[2023-02-24T08:26:05.148+0000][6][gc,age      ] GC(8) - age   3:     629040 bytes,    5155464 total
[2023-02-24T08:26:05.148+0000][6][gc,age      ] GC(8) - age   4:    3260944 bytes,    8416408 total
[2023-02-24T08:26:05.149+0000][6][gc,age      ] GC(8) - age   5:    4302920 bytes,   12719328 total
[2023-02-24T08:26:05.150+0000][6][gc,age      ] GC(8) - age   6:    1096656 bytes,   13815984 total
[2023-02-24T08:26:05.151+0000][6][gc,age      ] GC(8) - age   7:    2115168 bytes,   15931152 total
[2023-02-24T08:26:05.152+0000][6][gc,phases   ] GC(8)   Pre Evacuate Collection Set: 0.6ms
[2023-02-24T08:26:05.153+0000][6][gc,phases   ] GC(8)   Merge Heap Roots: 0.1ms
[2023-02-24T08:26:05.154+0000][6][gc,phases   ] GC(8)   Evacuate Collection Set: 29.9ms
[2023-02-24T08:26:05.155+0000][6][gc,phases   ] GC(8)   Post Evacuate Collection Set: 2.7ms
[2023-02-24T08:26:05.156+0000][6][gc,phases   ] GC(8)   Other: 10.5ms
[2023-02-24T08:26:05.157+0000][6][gc,heap     ] GC(8) Eden regions: 125->0(291)
[2023-02-24T08:26:05.158+0000][6][gc,heap     ] GC(8) Survivor regions: 15->16(39)
[2023-02-24T08:26:05.159+0000][6][gc,heap     ] GC(8) Old regions: 4->4
[2023-02-24T08:26:05.159+0000][6][gc,heap     ] GC(8) Archive regions: 0->0
[2023-02-24T08:26:05.160+0000][6][gc,heap     ] GC(8) Humongous regions: 1->1
[2023-02-24T08:26:05.161+0000][6][gc,metaspace] GC(8) Metaspace: 34331K(35920K)->34331K(35920K) NonClass: 30350K(31568K)->30350K(31568K) Class: 3980K(4352K)->3980K(4352K)
[2023-02-24T08:26:05.161+0000][6][gc          ] GC(8) Pause Young (Concurrent Start) (Metadata GC Threshold) 144M->20M(512M) 52.902ms
[2023-02-24T08:26:05.162+0000][6][gc,cpu      ] GC(8) User=0.01s Sys=0.00s Real=0.06s
[2023-02-24T08:26:05.163+0000][6][safepoint   ] Safepoint "CollectForMetadataAllocation", Time since last: 602702917 ns, Reaching safepoint: 2980667 ns, At safepoint: 54965167 ns, Total: 57945834 ns
[2023-02-24T08:26:05.164+0000][6][gc          ] GC(9) Concurrent Cycle
[2023-02-24T08:26:05.165+0000][6][gc,marking  ] GC(9) Concurrent Clear Claimed Marks
[2023-02-24T08:26:05.166+0000][6][gc,marking  ] GC(9) Concurrent Clear Claimed Marks 0.696ms
[2023-02-24T08:26:05.167+0000][6][gc,marking  ] GC(9) Concurrent Scan Root Regions
[2023-02-24T08:26:05.172+0000][6][gc,marking  ] GC(9) Concurrent Scan Root Regions 5.606ms
[2023-02-24T08:26:05.173+0000][6][gc,marking  ] GC(9) Concurrent Mark (8.590s)
[2023-02-24T08:26:05.174+0000][6][gc,marking  ] GC(9) Concurrent Mark From Roots
[2023-02-24T08:26:05.175+0000][6][gc,task     ] GC(9) Using 1 workers of 1 for marking
[2023-02-24T08:26:05.179+0000][6][gc,marking  ] GC(9) Concurrent Mark From Roots 4.457ms
[2023-02-24T08:26:05.180+0000][6][gc,marking  ] GC(9) Concurrent Preclean
[2023-02-24T08:26:05.181+0000][6][gc,marking  ] GC(9) Concurrent Preclean 1.086ms
[2023-02-24T08:26:05.182+0000][6][gc,marking  ] GC(9) Concurrent Mark (8.590s, 8.598s) 8.258ms
[2023-02-24T08:26:05.186+0000][6][gc,start    ] GC(9) Pause Remark
[2023-02-24T08:26:05.194+0000][6][gc          ] GC(9) Pause Remark 21M->21M(512M) 8.097ms
[2023-02-24T08:26:05.195+0000][6][gc,cpu      ] GC(9) User=0.00s Sys=0.00s Real=0.01s
[2023-02-24T08:26:05.196+0000][6][safepoint   ] Safepoint "G1Concurrent", Time since last: 19514916 ns, Reaching safepoint: 3151292 ns, At safepoint: 10203625 ns, Total: 13354917 ns
[2023-02-24T08:26:05.197+0000][6][gc,marking  ] GC(9) Concurrent Rebuild Remembered Sets
[2023-02-24T08:26:05.200+0000][6][gc,marking  ] GC(9) Concurrent Rebuild Remembered Sets 2.751ms
[2023-02-24T08:26:05.209+0000][6][gc,start    ] GC(9) Pause Cleanup
[2023-02-24T08:26:05.211+0000][6][gc          ] GC(9) Pause Cleanup 21M->21M(512M) 1.644ms
[2023-02-24T08:26:05.212+0000][6][gc,cpu      ] GC(9) User=0.00s Sys=0.00s Real=0.00s
[2023-02-24T08:26:05.213+0000][6][safepoint   ] Safepoint "G1Concurrent", Time since last: 4469125 ns, Reaching safepoint: 8440625 ns, At safepoint: 3932583 ns, Total: 12373208 ns
[2023-02-24T08:26:05.214+0000][6][gc,marking  ] GC(9) Concurrent Cleanup for Next Mark
[2023-02-24T08:26:05.216+0000][6][gc,marking  ] GC(9) Concurrent Cleanup for Next Mark 1.562ms
[2023-02-24T08:26:05.217+0000][6][gc          ] GC(9) Concurrent Cycle 53.295ms
[2023-02-24T08:26:06.122+0000][6][safepoint   ] Safepoint "ICBufferFull", Time since last: 902826876 ns, Reaching safepoint: 6307125 ns, At safepoint: 4291 ns, Total: 6311416 ns
[2023-02-24T08:26:07.124+0000][6][safepoint   ] Safepoint "Cleanup", Time since last: 1000746751 ns, Reaching safepoint: 1446417 ns, At safepoint: 2458 ns, Total: 1448875 ns
[2023-02-24T08:26:08.455+0000][6][safepoint   ] Safepoint "Cleanup", Time since last: 1330669917 ns, Reaching safepoint: 177209 ns, At safepoint: 2625 ns, Total: 179834 ns
[2023-02-24T08:26:09.289+0000][6][safepoint   ] Safepoint "ICBufferFull", Time since last: 833179000 ns, Reaching safepoint: 119292 ns, At safepoint: 2041 ns, Total: 121333 ns
[2023-02-24T08:26:09.476+0000][6][gc,start    ] GC(10) Pause Young (Normal) (G1 Evacuation Pause)
[2023-02-24T08:26:09.477+0000][6][gc,task     ] GC(10) Using 4 workers of 4 for evacuation
[2023-02-24T08:26:09.480+0000][6][gc,age      ] GC(10) Desired survivor size 20447232 bytes, new threshold 15 (max threshold 15)
[2023-02-24T08:26:09.714+0000][6][gc,age      ] GC(10) Age table with threshold 15 (max threshold 15)
[2023-02-24T08:26:09.722+0000][6][gc,age      ] GC(10) - age   1:   24957664 bytes,   24957664 total
[2023-02-24T08:26:09.724+0000][6][gc,age      ] GC(10) - age   2:    2175584 bytes,   27133248 total
[2023-02-24T08:26:09.725+0000][6][gc,age      ] GC(10) - age   3:    2259240 bytes,   29392488 total
[2023-02-24T08:26:09.726+0000][6][gc,age      ] GC(10) - age   4:     628544 bytes,   30021032 total
[2023-02-24T08:26:09.726+0000][6][gc,age      ] GC(10) - age   5:    3249408 bytes,   33270440 total
[2023-02-24T08:26:09.727+0000][6][gc,age      ] GC(10) - age   6:    4276992 bytes,   37547432 total
[2023-02-24T08:26:09.728+0000][6][gc,age      ] GC(10) - age   7:    1074968 bytes,   38622400 total
[2023-02-24T08:26:09.730+0000][6][gc,age      ] GC(10) - age   8:    2106792 bytes,   40729192 total
[2023-02-24T08:26:09.730+0000][6][gc,mmu      ] GC(10) MMU target violated: 201.0ms (200.0ms/201.0ms)
[2023-02-24T08:26:09.732+0000][6][gc,phases   ] GC(10)   Pre Evacuate Collection Set: 0.1ms
[2023-02-24T08:26:09.733+0000][6][gc,phases   ] GC(10)   Merge Heap Roots: 0.1ms
[2023-02-24T08:26:09.734+0000][6][gc,phases   ] GC(10)   Evacuate Collection Set: 229.7ms
[2023-02-24T08:26:09.736+0000][6][gc,phases   ] GC(10)   Post Evacuate Collection Set: 3.3ms
[2023-02-24T08:26:09.737+0000][6][gc,phases   ] GC(10)   Other: 22.6ms
[2023-02-24T08:26:09.738+0000][6][gc,heap     ] GC(10) Eden regions: 291->0(268)
[2023-02-24T08:26:09.740+0000][6][gc,heap     ] GC(10) Survivor regions: 16->39(39)
[2023-02-24T08:26:09.741+0000][6][gc,heap     ] GC(10) Old regions: 4->9
[2023-02-24T08:26:09.743+0000][6][gc,heap     ] GC(10) Archive regions: 0->0
[2023-02-24T08:26:09.746+0000][6][gc,heap     ] GC(10) Humongous regions: 1->1
[2023-02-24T08:26:09.747+0000][6][gc,metaspace] GC(10) Metaspace: 43179K(45392K)->43179K(45392K) NonClass: 37953K(39504K)->37953K(39504K) Class: 5226K(5888K)->5226K(5888K)
[2023-02-24T08:26:09.748+0000][6][gc          ] GC(10) Pause Young (Normal) (G1 Evacuation Pause) 311M->48M(512M) 271.515ms
[2023-02-24T08:26:09.749+0000][6][gc,cpu      ] GC(10) User=0.17s Sys=0.01s Real=0.27s
[2023-02-24T08:26:09.751+0000][6][safepoint   ] Safepoint "G1CollectForAllocation", Time since last: 184429084 ns, Reaching safepoint: 3003958 ns, At safepoint: 274496334 ns, Total: 277500292 ns
[2023-02-24T08:26:10.756+0000][6][safepoint   ] Safepoint "Cleanup", Time since last: 1005683291 ns, Reaching safepoint: 396625 ns, At safepoint: 17000 ns, Total: 413625 ns
[2023-02-24T08:26:11.765+0000][6][safepoint   ] Safepoint "Cleanup", Time since last: 1006324875 ns, Reaching safepoint: 1859542 ns, At safepoint: 16083 ns, Total: 1875625 ns
[2023-02-24T08:26:12.798+0000][6][safepoint   ] Safepoint "Cleanup", Time since last: 1030997792 ns, Reaching safepoint: 2783042 ns, At safepoint: 5375 ns, Total: 2788417 ns
[2023-02-24T08:26:13.855+0000][6][safepoint   ] Safepoint "Cleanup", Time since last: 1056146626 ns, Reaching safepoint: 324833 ns, At safepoint: 8333 ns, Total: 333166 ns
[2023-02-24T08:26:14.886+0000][6][safepoint   ] Safepoint "Cleanup", Time since last: 1030553959 ns, Reaching safepoint: 125000 ns, At safepoint: 4708 ns, Total: 129708 ns
[2023-02-24T08:26:15.536+0000][6][gc,start    ] GC(11) Pause Young (Concurrent Start) (Metadata GC Threshold)
[2023-02-24T08:26:15.544+0000][6][gc,task     ] GC(11) Using 4 workers of 4 for evacuation
[2023-02-24T08:26:15.552+0000][6][gc,age      ] GC(11) Desired survivor size 20447232 bytes, new threshold 1 (max threshold 15)
[2023-02-24T08:26:15.830+0000][6][gc,age      ] GC(11) Age table with threshold 1 (max threshold 15)
[2023-02-24T08:26:15.835+0000][6][gc,age      ] GC(11) - age   1:    6273664 bytes,    6273664 total
[2023-02-24T08:26:15.840+0000][6][gc,mmu      ] GC(11) MMU target violated: 201.0ms (200.0ms/201.0ms)
[2023-02-24T08:26:15.844+0000][6][gc,phases   ] GC(11)   Pre Evacuate Collection Set: 1.1ms
[2023-02-24T08:26:15.849+0000][6][gc,phases   ] GC(11)   Merge Heap Roots: 0.8ms
[2023-02-24T08:26:15.851+0000][6][gc,phases   ] GC(11)   Evacuate Collection Set: 270.6ms
[2023-02-24T08:26:15.854+0000][6][gc,phases   ] GC(11)   Post Evacuate Collection Set: 3.0ms
[2023-02-24T08:26:15.861+0000][6][gc,phases   ] GC(11)   Other: 32.7ms
[2023-02-24T08:26:15.871+0000][6][gc,heap     ] GC(11) Eden regions: 112->0(289)
[2023-02-24T08:26:15.872+0000][6][gc,heap     ] GC(11) Survivor regions: 39->8(39)
[2023-02-24T08:26:15.890+0000][6][gc,heap     ] GC(11) Old regions: 9->48
[2023-02-24T08:26:15.893+0000][6][gc,heap     ] GC(11) Archive regions: 0->0
[2023-02-24T08:26:15.897+0000][6][gc,heap     ] GC(11) Humongous regions: 1->1
[2023-02-24T08:26:15.898+0000][6][gc,metaspace] GC(11) Metaspace: 57003K(59984K)->57003K(59984K) NonClass: 49677K(51792K)->49677K(51792K) Class: 7326K(8192K)->7326K(8192K)
[2023-02-24T08:26:15.901+0000][6][gc          ] GC(11) Pause Young (Concurrent Start) (Metadata GC Threshold) 160M->56M(512M) 365.113ms
[2023-02-24T08:26:15.903+0000][6][gc,cpu      ] GC(11) User=0.18s Sys=0.01s Real=0.37s
[2023-02-24T08:26:15.904+0000][6][gc          ] GC(12) Concurrent Cycle
[2023-02-24T08:26:15.908+0000][6][gc,marking  ] GC(12) Concurrent Clear Claimed Marks
[2023-02-24T08:26:15.916+0000][6][gc,marking  ] GC(12) Concurrent Clear Claimed Marks 8.047ms
[2023-02-24T08:26:15.920+0000][6][gc,marking  ] GC(12) Concurrent Scan Root Regions
[2023-02-24T08:26:15.905+0000][6][safepoint   ] Safepoint "CollectForMetadataAllocation", Time since last: 650082001 ns, Reaching safepoint: 298833 ns, At safepoint: 368875042 ns, Total: 369173875 ns
[2023-02-24T08:26:16.013+0000][6][safepoint   ] Safepoint "CollectForMetadataAllocation", Time since last: 108295083 ns, Reaching safepoint: 112667 ns, At safepoint: 180792 ns, Total: 293459 ns
[2023-02-24T08:26:16.041+0000][6][gc,marking  ] GC(12) Concurrent Scan Root Regions 121.314ms
[2023-02-24T08:26:16.043+0000][6][gc,marking  ] GC(12) Concurrent Mark (19.459s)
[2023-02-24T08:26:16.044+0000][6][gc,marking  ] GC(12) Concurrent Mark From Roots
[2023-02-24T08:26:16.046+0000][6][gc,task     ] GC(12) Using 1 workers of 1 for marking
[2023-02-24T08:26:16.101+0000][6][safepoint   ] Safepoint "CollectForMetadataAllocation", Time since last: 81680500 ns, Reaching safepoint: 6089250 ns, At safepoint: 216708 ns, Total: 6305958 ns
[2023-02-24T08:26:16.104+0000][6][gc,marking  ] GC(12) Concurrent Mark From Roots 59.637ms
[2023-02-24T08:26:16.125+0000][6][gc,marking  ] GC(12) Concurrent Preclean
[2023-02-24T08:26:16.140+0000][6][gc,marking  ] GC(12) Concurrent Preclean 14.880ms
[2023-02-24T08:26:16.143+0000][6][gc,marking  ] GC(12) Concurrent Mark (19.459s, 19.560s) 100.563ms
[2023-02-24T08:26:16.149+0000][6][gc,start    ] GC(12) Pause Remark
[2023-02-24T08:26:16.177+0000][6][gc          ] GC(12) Pause Remark 57M->57M(512M) 28.074ms
[2023-02-24T08:26:16.183+0000][6][gc,cpu      ] GC(12) User=0.01s Sys=0.00s Real=0.04s
[2023-02-24T08:26:16.190+0000][6][safepoint   ] Safepoint "G1Concurrent", Time since last: 45843875 ns, Reaching safepoint: 1327042 ns, At safepoint: 41338208 ns, Total: 42665250 ns
[2023-02-24T08:26:16.193+0000][6][gc,marking  ] GC(12) Concurrent Rebuild Remembered Sets
[2023-02-24T08:26:16.307+0000][6][gc,marking  ] GC(12) Concurrent Rebuild Remembered Sets 114.194ms
[2023-02-24T08:26:16.316+0000][6][gc,start    ] GC(12) Pause Cleanup
[2023-02-24T08:26:16.320+0000][6][gc          ] GC(12) Pause Cleanup 59M->59M(512M) 4.009ms
[2023-02-24T08:26:16.322+0000][6][gc,cpu      ] GC(12) User=0.00s Sys=0.00s Real=0.01s
[2023-02-24T08:26:16.325+0000][6][safepoint   ] Safepoint "G1Concurrent", Time since last: 125306125 ns, Reaching safepoint: 912792 ns, At safepoint: 8463083 ns, Total: 9375875 ns
[2023-02-24T08:26:16.327+0000][6][gc,marking  ] GC(12) Concurrent Cleanup for Next Mark
[2023-02-24T08:26:16.333+0000][6][gc,marking  ] GC(12) Concurrent Cleanup for Next Mark 5.471ms
[2023-02-24T08:26:16.336+0000][6][gc          ] GC(12) Concurrent Cycle 431.604ms
[2023-02-24T08:26:17.433+0000][6][safepoint   ] Safepoint "Cleanup", Time since last: 1108344334 ns, Reaching safepoint: 302000 ns, At safepoint: 7083 ns, Total: 309083 ns
[2023-02-24T08:26:17.970+0000][6][safepoint   ] Safepoint "ICBufferFull", Time since last: 536956000 ns, Reaching safepoint: 165000 ns, At safepoint: 1542 ns, Total: 166542 ns
[2023-02-24T08:26:18.324+0000][6][safepoint   ] Safepoint "ICBufferFull", Time since last: 350690375 ns, Reaching safepoint: 3474500 ns, At safepoint: 14459 ns, Total: 3488959 ns
[2023-02-24T08:26:19.295+0000][6][safepoint   ] Safepoint "ICBufferFull", Time since last: 963340583 ns, Reaching safepoint: 7255292 ns, At safepoint: 9417 ns, Total: 7264709 ns
[2023-02-24T08:26:19.778+0000][6][safepoint   ] Safepoint "ICBufferFull", Time since last: 482869250 ns, Reaching safepoint: 299917 ns, At safepoint: 4916 ns, Total: 304833 ns
[2023-02-24T08:26:20.652+0000][6][safepoint   ] Safepoint "ICBufferFull", Time since last: 872338876 ns, Reaching safepoint: 1254041 ns, At safepoint: 5084 ns, Total: 1259125 ns
[2023-02-24T08:26:21.128+0000][6][safepoint   ] Safepoint "ICBufferFull", Time since last: 475933167 ns, Reaching safepoint: 221250 ns, At safepoint: 11125 ns, Total: 232375 ns
[2023-02-24T08:26:21.223+0000][6][safepoint   ] Safepoint "ICBufferFull", Time since last: 94506416 ns, Reaching safepoint: 126084 ns, At safepoint: 7958 ns, Total: 134042 ns
[2023-02-24T08:26:21.630+0000][6][gc,heap,exit] Heap
[2023-02-24T08:26:21.631+0000][6][gc,heap,exit]  garbage-first heap   total 524288K, used 261632K [0x00000000e0000000, 0x0000000100000000)
[2023-02-24T08:26:21.632+0000][6][gc,heap,exit]   region size 1024K, 208 young (212992K), 8 survivors (8192K)
[2023-02-24T08:26:21.634+0000][6][gc,heap,exit]  Metaspace       used 86307K, capacity 89362K, committed 89724K, reserved 1126400K
[2023-02-24T08:26:21.635+0000][6][gc,heap,exit]   class space    used 11403K, capacity 12371K, committed 12416K, reserved 1048576K
