[2023-01-09T09:48:18.090+0000][6][gc] Using G1
[2023-01-09T09:48:18.206+0000][6][gc,init] Version: 15+36-1562 (release)
[2023-01-09T09:48:18.207+0000][6][gc,init] CPUs: 4 total, 4 available
[2023-01-09T09:48:18.208+0000][6][gc,init] Memory: 7951M
[2023-01-09T09:48:18.209+0000][6][gc,init] Large Page Support: Disabled
[2023-01-09T09:48:18.210+0000][6][gc,init] NUMA Support: Disabled
[2023-01-09T09:48:18.210+0000][6][gc,init] Compressed Oops: Enabled (32-bit)
[2023-01-09T09:48:18.211+0000][6][gc,init] Heap Region Size: 1M
[2023-01-09T09:48:18.212+0000][6][gc,init] Heap Min Capacity: 512M
[2023-01-09T09:48:18.213+0000][6][gc,init] Heap Initial Capacity: 512M
[2023-01-09T09:48:18.213+0000][6][gc,init] Heap Max Capacity: 512M
[2023-01-09T09:48:18.214+0000][6][gc,init] Pre-touch: Enabled
[2023-01-09T09:48:18.215+0000][6][gc,init] Parallel Workers: 4
[2023-01-09T09:48:18.216+0000][6][gc,init] Concurrent Workers: 1
[2023-01-09T09:48:18.217+0000][6][gc,init] Concurrent Refinement Workers: 4
[2023-01-09T09:48:18.218+0000][6][gc,init] Periodic GC: Disabled
[2023-01-09T09:48:18.219+0000][6][gc,metaspace] CDS disabled.
[2023-01-09T09:48:18.219+0000][6][gc,metaspace] Compressed class space mapped at: 0x0000000100000000-0x0000000140000000, size: 1073741824
[2023-01-09T09:48:18.220+0000][6][gc,metaspace] Narrow klass base: 0x0000000000000000, Narrow klass shift: 3, Narrow klass range: 0x140000000
[2023-01-09T09:48:18.640+0000][6][safepoint   ] Safepoint "ICBufferFull", Time since last: 389818500 ns, Reaching safepoint: 64375 ns, At safepoint: 1209 ns, Total: 65584 ns
[2023-01-09T09:48:19.024+0000][6][safepoint   ] Safepoint "ICBufferFull", Time since last: 380115875 ns, Reaching safepoint: 4090792 ns, At safepoint: 3791 ns, Total: 4094583 ns
[2023-01-09T09:48:19.273+0000][6][safepoint   ] Safepoint "ICBufferFull", Time since last: 248251750 ns, Reaching safepoint: 79667 ns, At safepoint: 2000 ns, Total: 81667 ns
[2023-01-09T09:48:19.552+0000][6][gc,start    ] GC(0) Pause Young (Normal) (G1 Evacuation Pause)
[2023-01-09T09:48:19.558+0000][6][gc,task     ] GC(0) Using 4 workers of 4 for evacuation
[2023-01-09T09:48:19.559+0000][6][gc,age      ] GC(0) Desired survivor size 2097152 bytes, new threshold 15 (max threshold 15)
[2023-01-09T09:48:19.579+0000][6][gc,age      ] GC(0) Age table with threshold 15 (max threshold 15)
[2023-01-09T09:48:19.581+0000][6][gc,age      ] GC(0) - age   1:    3933152 bytes,    3933152 total
[2023-01-09T09:48:19.582+0000][6][gc,phases   ] GC(0)   Pre Evacuate Collection Set: 0.1ms
[2023-01-09T09:48:19.583+0000][6][gc,phases   ] GC(0)   Merge Heap Roots: 0.0ms
[2023-01-09T09:48:19.584+0000][6][gc,phases   ] GC(0)   Evacuate Collection Set: 18.1ms
[2023-01-09T09:48:19.585+0000][6][gc,phases   ] GC(0)   Post Evacuate Collection Set: 0.5ms
[2023-01-09T09:48:19.586+0000][6][gc,phases   ] GC(0)   Other: 11.1ms
[2023-01-09T09:48:19.587+0000][6][gc,heap     ] GC(0) Eden regions: 25->0(25)
[2023-01-09T09:48:19.588+0000][6][gc,heap     ] GC(0) Survivor regions: 0->4(4)
[2023-01-09T09:48:19.588+0000][6][gc,heap     ] GC(0) Old regions: 0->0
[2023-01-09T09:48:19.589+0000][6][gc,heap     ] GC(0) Archive regions: 0->0
[2023-01-09T09:48:19.590+0000][6][gc,heap     ] GC(0) Humongous regions: 1->1
[2023-01-09T09:48:19.591+0000][6][gc,metaspace] GC(0) Metaspace: 15716K(16384K)->15716K(16384K) NonClass: 14129K(14592K)->14129K(14592K) Class: 1587K(1792K)->1587K(1792K)
[2023-01-09T09:48:19.591+0000][6][gc          ] GC(0) Pause Young (Normal) (G1 Evacuation Pause) 26M->4M(512M) 38.900ms
[2023-01-09T09:48:19.592+0000][6][gc,cpu      ] GC(0) User=0.03s Sys=0.00s Real=0.04s
[2023-01-09T09:48:19.593+0000][6][safepoint   ] Safepoint "G1CollectForAllocation", Time since last: 279678042 ns, Reaching safepoint: 78958 ns, At safepoint: 40179792 ns, Total: 40258750 ns
[2023-01-09T09:48:20.346+0000][6][safepoint   ] Safepoint "ICBufferFull", Time since last: 753107500 ns, Reaching safepoint: 168917 ns, At safepoint: 1917 ns, Total: 170834 ns
[2023-01-09T09:48:20.681+0000][6][gc,start    ] GC(1) Pause Young (Concurrent Start) (Metadata GC Threshold)
[2023-01-09T09:48:20.684+0000][6][gc,task     ] GC(1) Using 4 workers of 4 for evacuation
[2023-01-09T09:48:20.684+0000][6][gc,age      ] GC(1) Desired survivor size 2097152 bytes, new threshold 1 (max threshold 15)
[2023-01-09T09:48:20.704+0000][6][gc,age      ] GC(1) Age table with threshold 1 (max threshold 15)
[2023-01-09T09:48:20.705+0000][6][gc,age      ] GC(1) - age   1:    2140728 bytes,    2140728 total
[2023-01-09T09:48:20.706+0000][6][gc,phases   ] GC(1)   Pre Evacuate Collection Set: 0.2ms
[2023-01-09T09:48:20.707+0000][6][gc,phases   ] GC(1)   Merge Heap Roots: 0.0ms
[2023-01-09T09:48:20.708+0000][6][gc,phases   ] GC(1)   Evacuate Collection Set: 18.3ms
[2023-01-09T09:48:20.709+0000][6][gc,phases   ] GC(1)   Post Evacuate Collection Set: 0.4ms
[2023-01-09T09:48:20.710+0000][6][gc,phases   ] GC(1)   Other: 6.1ms
[2023-01-09T09:48:20.710+0000][6][gc,heap     ] GC(1) Eden regions: 23->0(29)
[2023-01-09T09:48:20.711+0000][6][gc,heap     ] GC(1) Survivor regions: 4->3(4)
[2023-01-09T09:48:20.712+0000][6][gc,heap     ] GC(1) Old regions: 0->4
[2023-01-09T09:48:20.713+0000][6][gc,heap     ] GC(1) Archive regions: 0->0
[2023-01-09T09:48:20.713+0000][6][gc,heap     ] GC(1) Humongous regions: 1->1
[2023-01-09T09:48:20.714+0000][6][gc,metaspace] GC(1) Metaspace: 20836K(21248K)->20836K(21248K) NonClass: 18607K(18944K)->18607K(18944K) Class: 2229K(2304K)->2229K(2304K)
[2023-01-09T09:48:20.715+0000][6][gc          ] GC(1) Pause Young (Concurrent Start) (Metadata GC Threshold) 27M->6M(512M) 33.671ms
[2023-01-09T09:48:20.716+0000][6][gc,cpu      ] GC(1) User=0.01s Sys=0.00s Real=0.03s
[2023-01-09T09:48:20.717+0000][6][safepoint   ] Safepoint "CollectForMetadataAllocation", Time since last: 335465083 ns, Reaching safepoint: 91708 ns, At safepoint: 35149459 ns, Total: 35241167 ns
[2023-01-09T09:48:20.717+0000][6][gc          ] GC(2) Concurrent Cycle
[2023-01-09T09:48:20.718+0000][6][gc,marking  ] GC(2) Concurrent Clear Claimed Marks
[2023-01-09T09:48:20.719+0000][6][gc,marking  ] GC(2) Concurrent Clear Claimed Marks 0.816ms
[2023-01-09T09:48:20.720+0000][6][gc,marking  ] GC(2) Concurrent Scan Root Regions
[2023-01-09T09:48:20.722+0000][6][gc,marking  ] GC(2) Concurrent Scan Root Regions 2.747ms
[2023-01-09T09:48:20.731+0000][6][gc,marking  ] GC(2) Concurrent Mark (2.656s)
[2023-01-09T09:48:20.732+0000][6][gc,marking  ] GC(2) Concurrent Mark From Roots
[2023-01-09T09:48:20.733+0000][6][gc,task     ] GC(2) Using 1 workers of 1 for marking
[2023-01-09T09:48:20.734+0000][6][safepoint   ] Safepoint "CollectForMetadataAllocation", Time since last: 17394291 ns, Reaching safepoint: 298834 ns, At safepoint: 80458 ns, Total: 379292 ns
[2023-01-09T09:48:20.735+0000][6][gc,marking  ] GC(2) Concurrent Mark From Roots 2.618ms
[2023-01-09T09:48:20.736+0000][6][gc,marking  ] GC(2) Concurrent Preclean
[2023-01-09T09:48:20.737+0000][6][gc,marking  ] GC(2) Concurrent Preclean 0.788ms
[2023-01-09T09:48:20.738+0000][6][gc,marking  ] GC(2) Concurrent Mark (2.656s, 2.662s) 6.244ms
[2023-01-09T09:48:20.744+0000][6][gc,start    ] GC(2) Pause Remark
[2023-01-09T09:48:20.751+0000][6][gc          ] GC(2) Pause Remark 7M->7M(512M) 6.083ms
[2023-01-09T09:48:20.752+0000][6][gc,cpu      ] GC(2) User=0.00s Sys=0.00s Real=0.01s
[2023-01-09T09:48:20.753+0000][6][safepoint   ] Safepoint "G1Concurrent", Time since last: 3963375 ns, Reaching safepoint: 6187750 ns, At safepoint: 8454917 ns, Total: 14642667 ns
[2023-01-09T09:48:20.754+0000][6][gc,marking  ] GC(2) Concurrent Rebuild Remembered Sets
[2023-01-09T09:48:20.756+0000][6][gc,marking  ] GC(2) Concurrent Rebuild Remembered Sets 2.607ms
[2023-01-09T09:48:20.757+0000][6][gc,start    ] GC(2) Pause Cleanup
[2023-01-09T09:48:20.759+0000][6][gc          ] GC(2) Pause Cleanup 7M->7M(512M) 1.104ms
[2023-01-09T09:48:20.759+0000][6][gc,cpu      ] GC(2) User=0.00s Sys=0.00s Real=0.00s
[2023-01-09T09:48:20.760+0000][6][safepoint   ] Safepoint "G1Concurrent", Time since last: 3939125 ns, Reaching safepoint: 632958 ns, At safepoint: 2946250 ns, Total: 3579208 ns
[2023-01-09T09:48:20.762+0000][6][gc,marking  ] GC(2) Concurrent Cleanup for Next Mark
[2023-01-09T09:48:20.764+0000][6][gc,marking  ] GC(2) Concurrent Cleanup for Next Mark 2.302ms
[2023-01-09T09:48:20.765+0000][6][gc          ] GC(2) Concurrent Cycle 47.754ms
[2023-01-09T09:48:21.442+0000][6][gc,start    ] GC(3) Pause Young (Concurrent Start) (G1 Evacuation Pause)
[2023-01-09T09:48:21.444+0000][6][gc,task     ] GC(3) Using 4 workers of 4 for evacuation
[2023-01-09T09:48:21.444+0000][6][gc,age      ] GC(3) Desired survivor size 2621440 bytes, new threshold 15 (max threshold 15)
[2023-01-09T09:48:21.460+0000][6][gc,age      ] GC(3) Age table with threshold 15 (max threshold 15)
[2023-01-09T09:48:21.461+0000][6][gc,age      ] GC(3) - age   1:    2245920 bytes,    2245920 total
[2023-01-09T09:48:21.463+0000][6][gc,age      ] GC(3) - age   2:    2119832 bytes,    4365752 total
[2023-01-09T09:48:21.464+0000][6][gc,phases   ] GC(3)   Pre Evacuate Collection Set: 0.1ms
[2023-01-09T09:48:21.464+0000][6][gc,phases   ] GC(3)   Merge Heap Roots: 0.1ms
[2023-01-09T09:48:21.465+0000][6][gc,phases   ] GC(3)   Evacuate Collection Set: 10.5ms
[2023-01-09T09:48:21.466+0000][6][gc,phases   ] GC(3)   Post Evacuate Collection Set: 4.3ms
[2023-01-09T09:48:21.467+0000][6][gc,phases   ] GC(3)   Other: 6.7ms
[2023-01-09T09:48:21.468+0000][6][gc,heap     ] GC(3) Eden regions: 30->0(151)
[2023-01-09T09:48:21.469+0000][6][gc,heap     ] GC(3) Survivor regions: 3->5(5)
[2023-01-09T09:48:21.470+0000][6][gc,heap     ] GC(3) Old regions: 4->4
[2023-01-09T09:48:21.470+0000][6][gc,heap     ] GC(3) Archive regions: 0->0
[2023-01-09T09:48:21.471+0000][6][gc,heap     ] GC(3) Humongous regions: 1->1
[2023-01-09T09:48:21.472+0000][6][gc,metaspace] GC(3) Metaspace: 22570K(23292K)->22570K(23292K) NonClass: 20151K(20732K)->20151K(20732K) Class: 2419K(2560K)->2419K(2560K)
[2023-01-09T09:48:21.473+0000][6][gc          ] GC(3) Pause Young (Concurrent Start) (G1 Evacuation Pause) 36M->8M(512M) 30.831ms
[2023-01-09T09:48:21.473+0000][6][gc,cpu      ] GC(3) User=0.01s Sys=0.00s Real=0.03s
[2023-01-09T09:48:21.474+0000][6][safepoint   ] Safepoint "G1CollectForAllocation", Time since last: 678387667 ns, Reaching safepoint: 3052958 ns, At safepoint: 32468625 ns, Total: 35521583 ns
[2023-01-09T09:48:21.474+0000][6][gc          ] GC(4) Concurrent Cycle
[2023-01-09T09:48:21.476+0000][6][gc,marking  ] GC(4) Concurrent Clear Claimed Marks
[2023-01-09T09:48:21.476+0000][6][gc,marking  ] GC(4) Concurrent Clear Claimed Marks 0.769ms
[2023-01-09T09:48:21.477+0000][6][gc,marking  ] GC(4) Concurrent Scan Root Regions
[2023-01-09T09:48:21.480+0000][6][gc,marking  ] GC(4) Concurrent Scan Root Regions 2.574ms
[2023-01-09T09:48:21.481+0000][6][gc,marking  ] GC(4) Concurrent Mark (3.405s)
[2023-01-09T09:48:21.481+0000][6][gc,marking  ] GC(4) Concurrent Mark From Roots
[2023-01-09T09:48:21.483+0000][6][gc,task     ] GC(4) Using 1 workers of 1 for marking
[2023-01-09T09:48:21.493+0000][6][gc,marking  ] GC(4) Concurrent Mark From Roots 11.734ms
[2023-01-09T09:48:21.494+0000][6][gc,marking  ] GC(4) Concurrent Preclean
[2023-01-09T09:48:21.495+0000][6][gc,marking  ] GC(4) Concurrent Preclean 0.940ms
[2023-01-09T09:48:21.496+0000][6][gc,marking  ] GC(4) Concurrent Mark (3.405s, 3.420s) 15.495ms
[2023-01-09T09:48:21.503+0000][6][gc,start    ] GC(4) Pause Remark
[2023-01-09T09:48:21.506+0000][6][gc          ] GC(4) Pause Remark 11M->11M(512M) 2.448ms
[2023-01-09T09:48:21.506+0000][6][gc,cpu      ] GC(4) User=0.01s Sys=0.00s Real=0.01s
[2023-01-09T09:48:21.507+0000][6][safepoint   ] Safepoint "G1Concurrent", Time since last: 22737542 ns, Reaching safepoint: 6128500 ns, At safepoint: 4170375 ns, Total: 10298875 ns
[2023-01-09T09:48:21.509+0000][6][gc,marking  ] GC(4) Concurrent Rebuild Remembered Sets
[2023-01-09T09:48:21.512+0000][6][gc,marking  ] GC(4) Concurrent Rebuild Remembered Sets 3.606ms
[2023-01-09T09:48:21.517+0000][6][gc,start    ] GC(4) Pause Cleanup
[2023-01-09T09:48:21.519+0000][6][gc          ] GC(4) Pause Cleanup 16M->16M(512M) 1.656ms
[2023-01-09T09:48:21.520+0000][6][gc,cpu      ] GC(4) User=0.00s Sys=0.00s Real=0.00s
[2023-01-09T09:48:21.521+0000][6][safepoint   ] Safepoint "G1Concurrent", Time since last: 5861542 ns, Reaching safepoint: 4175000 ns, At safepoint: 3139708 ns, Total: 7314708 ns
[2023-01-09T09:48:21.522+0000][6][gc,marking  ] GC(4) Concurrent Cleanup for Next Mark
[2023-01-09T09:48:21.524+0000][6][gc,marking  ] GC(4) Concurrent Cleanup for Next Mark 2.335ms
[2023-01-09T09:48:21.525+0000][6][gc          ] GC(4) Concurrent Cycle 50.846ms
[2023-01-09T09:48:21.704+0000][6][safepoint   ] Safepoint "ICBufferFull", Time since last: 183746958 ns, Reaching safepoint: 45084 ns, At safepoint: 1833 ns, Total: 46917 ns
[2023-01-09T09:48:21.718+0000][6][safepoint   ] Safepoint "ICBufferFull", Time since last: 14072750 ns, Reaching safepoint: 42917 ns, At safepoint: 2000 ns, Total: 44917 ns
[2023-01-09T09:48:21.721+0000][6][safepoint   ] Safepoint "ICBufferFull", Time since last: 2739916 ns, Reaching safepoint: 36459 ns, At safepoint: 1708 ns, Total: 38167 ns
[2023-01-09T09:48:21.731+0000][6][safepoint   ] Safepoint "ICBufferFull", Time since last: 9965292 ns, Reaching safepoint: 42375 ns, At safepoint: 1792 ns, Total: 44167 ns
[2023-01-09T09:48:21.739+0000][6][safepoint   ] Safepoint "ICBufferFull", Time since last: 7324375 ns, Reaching safepoint: 38083 ns, At safepoint: 1667 ns, Total: 39750 ns
[2023-01-09T09:48:21.742+0000][6][safepoint   ] Safepoint "ICBufferFull", Time since last: 2151958 ns, Reaching safepoint: 1446833 ns, At safepoint: 2667 ns, Total: 1449500 ns
[2023-01-09T09:48:21.746+0000][6][safepoint   ] Safepoint "ICBufferFull", Time since last: 4068833 ns, Reaching safepoint: 33875 ns, At safepoint: 1584 ns, Total: 35459 ns
[2023-01-09T09:48:21.748+0000][6][safepoint   ] Safepoint "ICBufferFull", Time since last: 1733083 ns, Reaching safepoint: 26042 ns, At safepoint: 1000 ns, Total: 27042 ns
[2023-01-09T09:48:21.750+0000][6][safepoint   ] Safepoint "ICBufferFull", Time since last: 2007875 ns, Reaching safepoint: 78250 ns, At safepoint: 1833 ns, Total: 80083 ns
[2023-01-09T09:48:21.752+0000][6][safepoint   ] Safepoint "ICBufferFull", Time since last: 1918000 ns, Reaching safepoint: 119917 ns, At safepoint: 2791 ns, Total: 122708 ns
[2023-01-09T09:48:21.762+0000][6][safepoint   ] Safepoint "ICBufferFull", Time since last: 9978709 ns, Reaching safepoint: 42583 ns, At safepoint: 1917 ns, Total: 44500 ns
[2023-01-09T09:48:21.771+0000][6][safepoint   ] Safepoint "ICBufferFull", Time since last: 8288750 ns, Reaching safepoint: 33666 ns, At safepoint: 1667 ns, Total: 35333 ns
[2023-01-09T09:48:21.773+0000][6][safepoint   ] Safepoint "ICBufferFull", Time since last: 2287875 ns, Reaching safepoint: 98667 ns, At safepoint: 3166 ns, Total: 101833 ns
[2023-01-09T09:48:21.777+0000][6][safepoint   ] Safepoint "ICBufferFull", Time since last: 1912042 ns, Reaching safepoint: 2317000 ns, At safepoint: 8125 ns, Total: 2325125 ns
[2023-01-09T09:48:21.781+0000][6][safepoint   ] Safepoint "ICBufferFull", Time since last: 2195750 ns, Reaching safepoint: 2048667 ns, At safepoint: 7125 ns, Total: 2055792 ns
[2023-01-09T09:48:21.786+0000][6][safepoint   ] Safepoint "ICBufferFull", Time since last: 2161125 ns, Reaching safepoint: 2586000 ns, At safepoint: 8250 ns, Total: 2594250 ns
[2023-01-09T09:48:21.793+0000][6][safepoint   ] Safepoint "ICBufferFull", Time since last: 2258250 ns, Reaching safepoint: 4276916 ns, At safepoint: 8959 ns, Total: 4285875 ns
[2023-01-09T09:48:21.796+0000][6][safepoint   ] Safepoint "ICBufferFull", Time since last: 2108750 ns, Reaching safepoint: 1320750 ns, At safepoint: 2916 ns, Total: 1323666 ns
[2023-01-09T09:48:21.800+0000][6][safepoint   ] Safepoint "ICBufferFull", Time since last: 1696334 ns, Reaching safepoint: 2393125 ns, At safepoint: 4458 ns, Total: 2397583 ns
[2023-01-09T09:48:21.806+0000][6][safepoint   ] Safepoint "ICBufferFull", Time since last: 3047208 ns, Reaching safepoint: 2860084 ns, At safepoint: 14625 ns, Total: 2874709 ns
[2023-01-09T09:48:21.813+0000][6][safepoint   ] Safepoint "ICBufferFull", Time since last: 2719375 ns, Reaching safepoint: 4345416 ns, At safepoint: 4042 ns, Total: 4349458 ns
[2023-01-09T09:48:21.820+0000][6][safepoint   ] Safepoint "ICBufferFull", Time since last: 2421833 ns, Reaching safepoint: 4651167 ns, At safepoint: 9167 ns, Total: 4660334 ns
[2023-01-09T09:48:21.825+0000][6][safepoint   ] Safepoint "ICBufferFull", Time since last: 3462708 ns, Reaching safepoint: 884500 ns, At safepoint: 1917 ns, Total: 886417 ns
[2023-01-09T09:48:21.829+0000][6][safepoint   ] Safepoint "ICBufferFull", Time since last: 2117416 ns, Reaching safepoint: 2417500 ns, At safepoint: 6875 ns, Total: 2424375 ns
[2023-01-09T09:48:21.835+0000][6][safepoint   ] Safepoint "ICBufferFull", Time since last: 3013250 ns, Reaching safepoint: 2961167 ns, At safepoint: 11167 ns, Total: 2972334 ns
[2023-01-09T09:48:21.842+0000][6][safepoint   ] Safepoint "ICBufferFull", Time since last: 2810541 ns, Reaching safepoint: 3621709 ns, At safepoint: 3541 ns, Total: 3625250 ns
[2023-01-09T09:48:21.846+0000][6][safepoint   ] Safepoint "ICBufferFull", Time since last: 3190292 ns, Reaching safepoint: 959833 ns, At safepoint: 2625 ns, Total: 962458 ns
[2023-01-09T09:48:21.848+0000][6][safepoint   ] Safepoint "ICBufferFull", Time since last: 2066834 ns, Reaching safepoint: 355625 ns, At safepoint: 5750 ns, Total: 361375 ns
[2023-01-09T09:48:21.854+0000][6][safepoint   ] Safepoint "ICBufferFull", Time since last: 2270750 ns, Reaching safepoint: 3468333 ns, At safepoint: 4708 ns, Total: 3473041 ns
[2023-01-09T09:48:21.858+0000][6][safepoint   ] Safepoint "ICBufferFull", Time since last: 2262292 ns, Reaching safepoint: 1389333 ns, At safepoint: 8584 ns, Total: 1397917 ns
[2023-01-09T09:48:21.860+0000][6][safepoint   ] Safepoint "ICBufferFull", Time since last: 2257166 ns, Reaching safepoint: 439417 ns, At safepoint: 1917 ns, Total: 441334 ns
[2023-01-09T09:48:21.863+0000][6][safepoint   ] Safepoint "ICBufferFull", Time since last: 1614625 ns, Reaching safepoint: 784333 ns, At safepoint: 1958 ns, Total: 786291 ns
[2023-01-09T09:48:21.867+0000][6][safepoint   ] Safepoint "ICBufferFull", Time since last: 2178875 ns, Reaching safepoint: 2002584 ns, At safepoint: 3708 ns, Total: 2006292 ns
[2023-01-09T09:48:21.872+0000][6][safepoint   ] Safepoint "ICBufferFull", Time since last: 2672500 ns, Reaching safepoint: 2624250 ns, At safepoint: 2083 ns, Total: 2626333 ns
[2023-01-09T09:48:21.879+0000][6][safepoint   ] Safepoint "ICBufferFull", Time since last: 2828167 ns, Reaching safepoint: 4162458 ns, At safepoint: 5250 ns, Total: 4167708 ns
[2023-01-09T09:48:21.886+0000][6][safepoint   ] Safepoint "ICBufferFull", Time since last: 1856334 ns, Reaching safepoint: 4677583 ns, At safepoint: 14250 ns, Total: 4691833 ns
[2023-01-09T09:48:21.890+0000][6][safepoint   ] Safepoint "ICBufferFull", Time since last: 3952958 ns, Reaching safepoint: 545542 ns, At safepoint: 1708 ns, Total: 547250 ns
[2023-01-09T09:48:21.895+0000][6][safepoint   ] Safepoint "ICBufferFull", Time since last: 4287709 ns, Reaching safepoint: 705875 ns, At safepoint: 2208 ns, Total: 708083 ns
[2023-01-09T09:48:21.897+0000][6][safepoint   ] Safepoint "ICBufferFull", Time since last: 1477458 ns, Reaching safepoint: 487625 ns, At safepoint: 1375 ns, Total: 489000 ns
[2023-01-09T09:48:21.904+0000][6][safepoint   ] Safepoint "ICBufferFull", Time since last: 1343542 ns, Reaching safepoint: 5615875 ns, At safepoint: 18500 ns, Total: 5634375 ns
[2023-01-09T09:48:21.909+0000][6][safepoint   ] Safepoint "ICBufferFull", Time since last: 1607583 ns, Reaching safepoint: 3353459 ns, At safepoint: 26166 ns, Total: 3379625 ns
[2023-01-09T09:48:21.911+0000][6][safepoint   ] Safepoint "ICBufferFull", Time since last: 1316375 ns, Reaching safepoint: 895875 ns, At safepoint: 1500 ns, Total: 897375 ns
[2023-01-09T09:48:21.916+0000][6][safepoint   ] Safepoint "ICBufferFull", Time since last: 1259625 ns, Reaching safepoint: 3695334 ns, At safepoint: 6375 ns, Total: 3701709 ns
[2023-01-09T09:48:21.918+0000][6][safepoint   ] Safepoint "ICBufferFull", Time since last: 1444666 ns, Reaching safepoint: 230084 ns, At safepoint: 1375 ns, Total: 231459 ns
[2023-01-09T09:48:21.920+0000][6][safepoint   ] Safepoint "ICBufferFull", Time since last: 1425208 ns, Reaching safepoint: 1048292 ns, At safepoint: 1625 ns, Total: 1049917 ns
[2023-01-09T09:48:21.924+0000][6][safepoint   ] Safepoint "ICBufferFull", Time since last: 2363750 ns, Reaching safepoint: 1330125 ns, At safepoint: 2291 ns, Total: 1332416 ns
[2023-01-09T09:48:21.927+0000][6][safepoint   ] Safepoint "ICBufferFull", Time since last: 1346750 ns, Reaching safepoint: 1611917 ns, At safepoint: 6750 ns, Total: 1618667 ns
[2023-01-09T09:48:21.931+0000][6][safepoint   ] Safepoint "ICBufferFull", Time since last: 1378667 ns, Reaching safepoint: 2682625 ns, At safepoint: 5708 ns, Total: 2688333 ns
[2023-01-09T09:48:21.937+0000][6][safepoint   ] Safepoint "ICBufferFull", Time since last: 1502833 ns, Reaching safepoint: 4324667 ns, At safepoint: 5708 ns, Total: 4330375 ns
[2023-01-09T09:48:21.940+0000][6][safepoint   ] Safepoint "ICBufferFull", Time since last: 2737750 ns, Reaching safepoint: 440625 ns, At safepoint: 2167 ns, Total: 442792 ns
[2023-01-09T09:48:21.943+0000][6][safepoint   ] Safepoint "ICBufferFull", Time since last: 1429792 ns, Reaching safepoint: 845500 ns, At safepoint: 1791 ns, Total: 847291 ns
[2023-01-09T09:48:21.948+0000][6][safepoint   ] Safepoint "ICBufferFull", Time since last: 1785834 ns, Reaching safepoint: 3853625 ns, At safepoint: 12083 ns, Total: 3865708 ns
[2023-01-09T09:48:21.952+0000][6][safepoint   ] Safepoint "ICBufferFull", Time since last: 1564750 ns, Reaching safepoint: 2467500 ns, At safepoint: 4458 ns, Total: 2471958 ns
[2023-01-09T09:48:21.956+0000][6][safepoint   ] Safepoint "ICBufferFull", Time since last: 1660792 ns, Reaching safepoint: 2261083 ns, At safepoint: 4125 ns, Total: 2265208 ns
[2023-01-09T09:48:21.960+0000][6][safepoint   ] Safepoint "ICBufferFull", Time since last: 1689875 ns, Reaching safepoint: 2586334 ns, At safepoint: 10500 ns, Total: 2596834 ns
[2023-01-09T09:48:21.962+0000][6][safepoint   ] Safepoint "ICBufferFull", Time since last: 1388208 ns, Reaching safepoint: 185333 ns, At safepoint: 6750 ns, Total: 192083 ns
[2023-01-09T09:48:21.964+0000][6][safepoint   ] Safepoint "ICBufferFull", Time since last: 1156167 ns, Reaching safepoint: 1032708 ns, At safepoint: 2875 ns, Total: 1035583 ns
[2023-01-09T09:48:21.968+0000][6][safepoint   ] Safepoint "ICBufferFull", Time since last: 1303834 ns, Reaching safepoint: 2738458 ns, At safepoint: 3042 ns, Total: 2741500 ns
[2023-01-09T09:48:21.972+0000][6][safepoint   ] Safepoint "ICBufferFull", Time since last: 1480083 ns, Reaching safepoint: 2467750 ns, At safepoint: 3250 ns, Total: 2471000 ns
[2023-01-09T09:48:21.974+0000][6][safepoint   ] Safepoint "ICBufferFull", Time since last: 1452250 ns, Reaching safepoint: 325667 ns, At safepoint: 1041 ns, Total: 326708 ns
[2023-01-09T09:48:21.976+0000][6][safepoint   ] Safepoint "ICBufferFull", Time since last: 1639459 ns, Reaching safepoint: 563625 ns, At safepoint: 1500 ns, Total: 565125 ns
[2023-01-09T09:48:21.978+0000][6][safepoint   ] Safepoint "ICBufferFull", Time since last: 1753875 ns, Reaching safepoint: 227916 ns, At safepoint: 11500 ns, Total: 239416 ns
[2023-01-09T09:48:21.983+0000][6][safepoint   ] Safepoint "ICBufferFull", Time since last: 2378792 ns, Reaching safepoint: 2731208 ns, At safepoint: 2584 ns, Total: 2733792 ns
[2023-01-09T09:48:21.989+0000][6][safepoint   ] Safepoint "ICBufferFull", Time since last: 4975583 ns, Reaching safepoint: 967958 ns, At safepoint: 1834 ns, Total: 969792 ns
[2023-01-09T09:48:21.999+0000][6][safepoint   ] Safepoint "ICBufferFull", Time since last: 6176916 ns, Reaching safepoint: 3888917 ns, At safepoint: 7000 ns, Total: 3895917 ns
[2023-01-09T09:48:22.006+0000][6][safepoint   ] Safepoint "ICBufferFull", Time since last: 1241167 ns, Reaching safepoint: 5690375 ns, At safepoint: 4416 ns, Total: 5694791 ns
[2023-01-09T09:48:22.010+0000][6][safepoint   ] Safepoint "ICBufferFull", Time since last: 1486375 ns, Reaching safepoint: 2491042 ns, At safepoint: 2625 ns, Total: 2493667 ns
[2023-01-09T09:48:22.016+0000][6][safepoint   ] Safepoint "ICBufferFull", Time since last: 4255292 ns, Reaching safepoint: 1762708 ns, At safepoint: 3583 ns, Total: 1766291 ns
[2023-01-09T09:48:22.025+0000][6][safepoint   ] Safepoint "ICBufferFull", Time since last: 4252250 ns, Reaching safepoint: 4684959 ns, At safepoint: 6625 ns, Total: 4691584 ns
[2023-01-09T09:48:22.029+0000][6][safepoint   ] Safepoint "ICBufferFull", Time since last: 1746875 ns, Reaching safepoint: 2363541 ns, At safepoint: 6959 ns, Total: 2370500 ns
[2023-01-09T09:48:22.032+0000][6][safepoint   ] Safepoint "ICBufferFull", Time since last: 1104666 ns, Reaching safepoint: 1182417 ns, At safepoint: 8875 ns, Total: 1191292 ns
[2023-01-09T09:48:22.566+0000][6][safepoint   ] Safepoint "ICBufferFull", Time since last: 534020042 ns, Reaching safepoint: 193958 ns, At safepoint: 1959 ns, Total: 195917 ns
[2023-01-09T09:48:22.901+0000][6][safepoint   ] Safepoint "ICBufferFull", Time since last: 334992166 ns, Reaching safepoint: 218125 ns, At safepoint: 2000 ns, Total: 220125 ns
[2023-01-09T09:48:22.914+0000][6][gc,start    ] GC(5) Pause Young (Normal) (G1 Evacuation Pause)
[2023-01-09T09:48:22.922+0000][6][gc,task     ] GC(5) Using 4 workers of 4 for evacuation
[2023-01-09T09:48:22.923+0000][6][gc,age      ] GC(5) Desired survivor size 11534336 bytes, new threshold 15 (max threshold 15)
[2023-01-09T09:48:22.945+0000][6][gc,age      ] GC(5) Age table with threshold 15 (max threshold 15)
[2023-01-09T09:48:22.946+0000][6][gc,age      ] GC(5) - age   1:    4520144 bytes,    4520144 total
[2023-01-09T09:48:22.946+0000][6][gc,age      ] GC(5) - age   2:    1160624 bytes,    5680768 total
[2023-01-09T09:48:22.947+0000][6][gc,age      ] GC(5) - age   3:    2104800 bytes,    7785568 total
[2023-01-09T09:48:22.947+0000][6][gc,phases   ] GC(5)   Pre Evacuate Collection Set: 0.2ms
[2023-01-09T09:48:22.948+0000][6][gc,phases   ] GC(5)   Merge Heap Roots: 0.1ms
[2023-01-09T09:48:22.949+0000][6][gc,phases   ] GC(5)   Evacuate Collection Set: 13.6ms
[2023-01-09T09:48:22.949+0000][6][gc,phases   ] GC(5)   Post Evacuate Collection Set: 6.4ms
[2023-01-09T09:48:22.950+0000][6][gc,phases   ] GC(5)   Other: 13.4ms
[2023-01-09T09:48:22.950+0000][6][gc,heap     ] GC(5) Eden regions: 164->0(299)
[2023-01-09T09:48:22.951+0000][6][gc,heap     ] GC(5) Survivor regions: 5->8(22)
[2023-01-09T09:48:22.952+0000][6][gc,heap     ] GC(5) Old regions: 4->4
[2023-01-09T09:48:22.952+0000][6][gc,heap     ] GC(5) Archive regions: 0->0
[2023-01-09T09:48:22.953+0000][6][gc,heap     ] GC(5) Humongous regions: 2->1
[2023-01-09T09:48:22.954+0000][6][gc,metaspace] GC(5) Metaspace: 26035K(26876K)->26035K(26876K) NonClass: 23147K(23804K)->23147K(23804K) Class: 2888K(3072K)->2888K(3072K)
[2023-01-09T09:48:22.954+0000][6][gc          ] GC(5) Pause Young (Normal) (G1 Evacuation Pause) 173M->12M(512M) 40.459ms
[2023-01-09T09:48:22.955+0000][6][gc,cpu      ] GC(5) User=0.01s Sys=0.00s Real=0.04s
[2023-01-09T09:48:22.955+0000][6][safepoint   ] Safepoint "G1CollectForAllocation", Time since last: 5355125 ns, Reaching safepoint: 7450000 ns, At safepoint: 41643292 ns, Total: 49093292 ns
[2023-01-09T09:48:23.819+0000][6][safepoint   ] Safepoint "ICBufferFull", Time since last: 855521792 ns, Reaching safepoint: 7808292 ns, At safepoint: 12208 ns, Total: 7820500 ns
[2023-01-09T09:48:23.929+0000][6][gc,start    ] GC(6) Pause Young (Normal) (G1 Evacuation Pause)
[2023-01-09T09:48:23.930+0000][6][gc,task     ] GC(6) Using 4 workers of 4 for evacuation
[2023-01-09T09:48:23.931+0000][6][gc,age      ] GC(6) Desired survivor size 20447232 bytes, new threshold 15 (max threshold 15)
[2023-01-09T09:48:23.954+0000][6][gc,age      ] GC(6) Age table with threshold 15 (max threshold 15)
[2023-01-09T09:48:23.954+0000][6][gc,age      ] GC(6) - age   1:    4259208 bytes,    4259208 total
[2023-01-09T09:48:23.956+0000][6][gc,age      ] GC(6) - age   2:    4280944 bytes,    8540152 total
[2023-01-09T09:48:23.956+0000][6][gc,age      ] GC(6) - age   3:    1160448 bytes,    9700600 total
[2023-01-09T09:48:23.957+0000][6][gc,age      ] GC(6) - age   4:    2104800 bytes,   11805400 total
[2023-01-09T09:48:23.958+0000][6][gc,phases   ] GC(6)   Pre Evacuate Collection Set: 0.1ms
[2023-01-09T09:48:23.959+0000][6][gc,phases   ] GC(6)   Merge Heap Roots: 0.2ms
[2023-01-09T09:48:23.960+0000][6][gc,phases   ] GC(6)   Evacuate Collection Set: 8.5ms
[2023-01-09T09:48:23.961+0000][6][gc,phases   ] GC(6)   Post Evacuate Collection Set: 13.3ms
[2023-01-09T09:48:23.961+0000][6][gc,phases   ] GC(6)   Other: 6.5ms
[2023-01-09T09:48:23.962+0000][6][gc,heap     ] GC(6) Eden regions: 299->0(294)
[2023-01-09T09:48:23.962+0000][6][gc,heap     ] GC(6) Survivor regions: 8->13(39)
[2023-01-09T09:48:23.963+0000][6][gc,heap     ] GC(6) Old regions: 4->4
[2023-01-09T09:48:23.964+0000][6][gc,heap     ] GC(6) Archive regions: 0->0
[2023-01-09T09:48:23.964+0000][6][gc,heap     ] GC(6) Humongous regions: 1->1
[2023-01-09T09:48:23.965+0000][6][gc,metaspace] GC(6) Metaspace: 27749K(28668K)->27749K(28668K) NonClass: 24668K(25340K)->24668K(25340K) Class: 3081K(3328K)->3081K(3328K)
[2023-01-09T09:48:23.965+0000][6][gc          ] GC(6) Pause Young (Normal) (G1 Evacuation Pause) 311M->17M(512M) 36.219ms
[2023-01-09T09:48:23.966+0000][6][gc,cpu      ] GC(6) User=0.01s Sys=0.00s Real=0.04s
[2023-01-09T09:48:23.967+0000][6][safepoint   ] Safepoint "G1CollectForAllocation", Time since last: 104448959 ns, Reaching safepoint: 5972791 ns, At safepoint: 37608792 ns, Total: 43581583 ns
[2023-01-09T09:48:24.652+0000][6][gc,start    ] GC(7) Pause Young (Normal) (G1 Evacuation Pause)
[2023-01-09T09:48:24.653+0000][6][gc,task     ] GC(7) Using 4 workers of 4 for evacuation
[2023-01-09T09:48:24.654+0000][6][gc,age      ] GC(7) Desired survivor size 20447232 bytes, new threshold 15 (max threshold 15)
[2023-01-09T09:48:24.698+0000][6][gc,age      ] GC(7) Age table with threshold 15 (max threshold 15)
[2023-01-09T09:48:24.699+0000][6][gc,age      ] GC(7) - age   1:    1266664 bytes,    1266664 total
[2023-01-09T09:48:24.700+0000][6][gc,age      ] GC(7) - age   2:    3292968 bytes,    4559632 total
[2023-01-09T09:48:24.701+0000][6][gc,age      ] GC(7) - age   3:    4276640 bytes,    8836272 total
[2023-01-09T09:48:24.701+0000][6][gc,age      ] GC(7) - age   4:    1160304 bytes,    9996576 total
[2023-01-09T09:48:24.702+0000][6][gc,age      ] GC(7) - age   5:    2104800 bytes,   12101376 total
[2023-01-09T09:48:24.703+0000][6][gc,phases   ] GC(7)   Pre Evacuate Collection Set: 0.4ms
[2023-01-09T09:48:24.704+0000][6][gc,phases   ] GC(7)   Merge Heap Roots: 0.3ms
[2023-01-09T09:48:24.705+0000][6][gc,phases   ] GC(7)   Evacuate Collection Set: 36.2ms
[2023-01-09T09:48:24.705+0000][6][gc,phases   ] GC(7)   Post Evacuate Collection Set: 7.0ms
[2023-01-09T09:48:24.706+0000][6][gc,phases   ] GC(7)   Other: 7.1ms
[2023-01-09T09:48:24.707+0000][6][gc,heap     ] GC(7) Eden regions: 294->0(294)
[2023-01-09T09:48:24.707+0000][6][gc,heap     ] GC(7) Survivor regions: 13->13(39)
[2023-01-09T09:48:24.708+0000][6][gc,heap     ] GC(7) Old regions: 4->4
[2023-01-09T09:48:24.708+0000][6][gc,heap     ] GC(7) Archive regions: 0->0
[2023-01-09T09:48:24.709+0000][6][gc,heap     ] GC(7) Humongous regions: 1->1
[2023-01-09T09:48:24.710+0000][6][gc,metaspace] GC(7) Metaspace: 28126K(29308K)->28126K(29308K) NonClass: 24976K(25852K)->24976K(25852K) Class: 3150K(3456K)->3150K(3456K)
[2023-01-09T09:48:24.711+0000][6][gc          ] GC(7) Pause Young (Normal) (G1 Evacuation Pause) 311M->17M(512M) 58.752ms
[2023-01-09T09:48:24.712+0000][6][gc,cpu      ] GC(7) User=0.02s Sys=0.00s Real=0.06s
[2023-01-09T09:48:24.712+0000][6][safepoint   ] Safepoint "G1CollectForAllocation", Time since last: 682552875 ns, Reaching safepoint: 2801167 ns, At safepoint: 59863417 ns, Total: 62664584 ns
[2023-01-09T09:48:25.282+0000][6][gc,start    ] GC(8) Pause Young (Normal) (G1 Evacuation Pause)
[2023-01-09T09:48:25.284+0000][6][gc,task     ] GC(8) Using 4 workers of 4 for evacuation
[2023-01-09T09:48:25.285+0000][6][gc,age      ] GC(8) Desired survivor size 20447232 bytes, new threshold 15 (max threshold 15)
[2023-01-09T09:48:25.311+0000][6][gc,age      ] GC(8) Age table with threshold 15 (max threshold 15)
[2023-01-09T09:48:25.312+0000][6][gc,age      ] GC(8) - age   1:    3100248 bytes,    3100248 total
[2023-01-09T09:48:25.313+0000][6][gc,age      ] GC(8) - age   2:     610696 bytes,    3710944 total
[2023-01-09T09:48:25.314+0000][6][gc,age      ] GC(8) - age   3:    3291192 bytes,    7002136 total
[2023-01-09T09:48:25.315+0000][6][gc,age      ] GC(8) - age   4:    4276200 bytes,   11278336 total
[2023-01-09T09:48:25.316+0000][6][gc,age      ] GC(8) - age   5:    1160304 bytes,   12438640 total
[2023-01-09T09:48:25.317+0000][6][gc,age      ] GC(8) - age   6:    2104800 bytes,   14543440 total
[2023-01-09T09:48:25.318+0000][6][gc,phases   ] GC(8)   Pre Evacuate Collection Set: 0.1ms
[2023-01-09T09:48:25.319+0000][6][gc,phases   ] GC(8)   Merge Heap Roots: 0.1ms
[2023-01-09T09:48:25.320+0000][6][gc,phases   ] GC(8)   Evacuate Collection Set: 23.9ms
[2023-01-09T09:48:25.320+0000][6][gc,phases   ] GC(8)   Post Evacuate Collection Set: 0.5ms
[2023-01-09T09:48:25.321+0000][6][gc,phases   ] GC(8)   Other: 11.4ms
[2023-01-09T09:48:25.322+0000][6][gc,heap     ] GC(8) Eden regions: 294->0(292)
[2023-01-09T09:48:25.323+0000][6][gc,heap     ] GC(8) Survivor regions: 13->15(39)
[2023-01-09T09:48:25.323+0000][6][gc,heap     ] GC(8) Old regions: 4->4
[2023-01-09T09:48:25.323+0000][6][gc,heap     ] GC(8) Archive regions: 0->0
[2023-01-09T09:48:25.324+0000][6][gc,heap     ] GC(8) Humongous regions: 1->1
[2023-01-09T09:48:25.325+0000][6][gc,metaspace] GC(8) Metaspace: 28660K(30204K)->28660K(30204K) NonClass: 25429K(26620K)->25429K(26620K) Class: 3230K(3584K)->3230K(3584K)
[2023-01-09T09:48:25.326+0000][6][gc          ] GC(8) Pause Young (Normal) (G1 Evacuation Pause) 311M->19M(512M) 43.689ms
[2023-01-09T09:48:25.326+0000][6][gc,cpu      ] GC(8) User=0.02s Sys=0.00s Real=0.05s
[2023-01-09T09:48:25.327+0000][6][safepoint   ] Safepoint "G1CollectForAllocation", Time since last: 568896667 ns, Reaching safepoint: 889750 ns, At safepoint: 45094500 ns, Total: 45984250 ns
[2023-01-09T09:48:25.755+0000][6][safepoint   ] Safepoint "ICBufferFull", Time since last: 425002458 ns, Reaching safepoint: 3335458 ns, At safepoint: 4125 ns, Total: 3339583 ns
[2023-01-09T09:48:26.183+0000][6][safepoint   ] Safepoint "ICBufferFull", Time since last: 424111584 ns, Reaching safepoint: 3784917 ns, At safepoint: 10000 ns, Total: 3794917 ns
[2023-01-09T09:48:26.445+0000][6][gc,start    ] GC(9) Pause Young (Concurrent Start) (Metadata GC Threshold)
[2023-01-09T09:48:26.446+0000][6][gc,task     ] GC(9) Using 4 workers of 4 for evacuation
[2023-01-09T09:48:26.447+0000][6][gc,age      ] GC(9) Desired survivor size 20447232 bytes, new threshold 15 (max threshold 15)
[2023-01-09T09:48:26.507+0000][6][gc,age      ] GC(9) Age table with threshold 15 (max threshold 15)
[2023-01-09T09:48:26.509+0000][6][gc,age      ] GC(9) - age   1:    4702232 bytes,    4702232 total
[2023-01-09T09:48:26.509+0000][6][gc,age      ] GC(9) - age   2:    2293760 bytes,    6995992 total
[2023-01-09T09:48:26.510+0000][6][gc,age      ] GC(9) - age   3:     593928 bytes,    7589920 total
[2023-01-09T09:48:26.511+0000][6][gc,age      ] GC(9) - age   4:    3271128 bytes,   10861048 total
[2023-01-09T09:48:26.512+0000][6][gc,age      ] GC(9) - age   5:    4241632 bytes,   15102680 total
[2023-01-09T09:48:26.513+0000][6][gc,age      ] GC(9) - age   6:    1112272 bytes,   16214952 total
[2023-01-09T09:48:26.514+0000][6][gc,age      ] GC(9) - age   7:    2097632 bytes,   18312584 total
[2023-01-09T09:48:26.515+0000][6][gc,phases   ] GC(9)   Pre Evacuate Collection Set: 0.1ms
[2023-01-09T09:48:26.516+0000][6][gc,phases   ] GC(9)   Merge Heap Roots: 0.1ms
[2023-01-09T09:48:26.518+0000][6][gc,phases   ] GC(9)   Evacuate Collection Set: 41.3ms
[2023-01-09T09:48:26.519+0000][6][gc,phases   ] GC(9)   Post Evacuate Collection Set: 17.0ms
[2023-01-09T09:48:26.520+0000][6][gc,phases   ] GC(9)   Other: 12.2ms
[2023-01-09T09:48:26.520+0000][6][gc,heap     ] GC(9) Eden regions: 162->0(288)
[2023-01-09T09:48:26.521+0000][6][gc,heap     ] GC(9) Survivor regions: 15->19(39)
[2023-01-09T09:48:26.522+0000][6][gc,heap     ] GC(9) Old regions: 4->4
[2023-01-09T09:48:26.523+0000][6][gc,heap     ] GC(9) Archive regions: 0->0
[2023-01-09T09:48:26.524+0000][6][gc,heap     ] GC(9) Humongous regions: 1->1
[2023-01-09T09:48:26.525+0000][6][gc,metaspace] GC(9) Metaspace: 36975K(38820K)->36975K(38820K) NonClass: 32636K(33956K)->32636K(33956K) Class: 4338K(4864K)->4338K(4864K)
[2023-01-09T09:48:26.526+0000][6][gc          ] GC(9) Pause Young (Concurrent Start) (Metadata GC Threshold) 181M->23M(512M) 81.332ms
[2023-01-09T09:48:26.527+0000][6][gc,cpu      ] GC(9) User=0.04s Sys=0.00s Real=0.09s
[2023-01-09T09:48:26.528+0000][6][gc          ] GC(10) Concurrent Cycle
[2023-01-09T09:48:26.528+0000][6][gc,marking  ] GC(10) Concurrent Clear Claimed Marks
[2023-01-09T09:48:26.529+0000][6][gc,marking  ] GC(10) Concurrent Clear Claimed Marks 1.143ms
[2023-01-09T09:48:26.530+0000][6][gc,marking  ] GC(10) Concurrent Scan Root Regions
[2023-01-09T09:48:26.530+0000][6][safepoint   ] Safepoint "CollectForMetadataAllocation", Time since last: 261036833 ns, Reaching safepoint: 497542 ns, At safepoint: 84788041 ns, Total: 85285583 ns
[2023-01-09T09:48:26.554+0000][6][gc,marking  ] GC(10) Concurrent Scan Root Regions 24.034ms
[2023-01-09T09:48:26.555+0000][6][gc,marking  ] GC(10) Concurrent Mark (8.479s)
[2023-01-09T09:48:26.556+0000][6][gc,marking  ] GC(10) Concurrent Mark From Roots
[2023-01-09T09:48:26.557+0000][6][gc,task     ] GC(10) Using 1 workers of 1 for marking
[2023-01-09T09:48:26.582+0000][6][gc,marking  ] GC(10) Concurrent Mark From Roots 26.165ms
[2023-01-09T09:48:26.583+0000][6][gc,marking  ] GC(10) Concurrent Preclean
[2023-01-09T09:48:26.584+0000][6][gc,marking  ] GC(10) Concurrent Preclean 1.263ms
[2023-01-09T09:48:26.586+0000][6][gc,marking  ] GC(10) Concurrent Mark (8.479s, 8.510s) 30.397ms
[2023-01-09T09:48:26.587+0000][6][gc,start    ] GC(10) Pause Remark
[2023-01-09T09:48:26.596+0000][6][gc          ] GC(10) Pause Remark 25M->25M(512M) 9.386ms
[2023-01-09T09:48:26.597+0000][6][gc,cpu      ] GC(10) User=0.00s Sys=0.00s Real=0.01s
[2023-01-09T09:48:26.598+0000][6][safepoint   ] Safepoint "G1Concurrent", Time since last: 56947709 ns, Reaching safepoint: 318375 ns, At safepoint: 11612958 ns, Total: 11931333 ns
[2023-01-09T09:48:26.599+0000][6][gc,marking  ] GC(10) Concurrent Rebuild Remembered Sets
[2023-01-09T09:48:26.604+0000][6][gc,marking  ] GC(10) Concurrent Rebuild Remembered Sets 4.771ms
[2023-01-09T09:48:26.608+0000][6][gc,start    ] GC(10) Pause Cleanup
[2023-01-09T09:48:26.610+0000][6][gc          ] GC(10) Pause Cleanup 25M->25M(512M) 1.393ms
[2023-01-09T09:48:26.610+0000][6][gc,cpu      ] GC(10) User=0.00s Sys=0.00s Real=0.00s
[2023-01-09T09:48:26.611+0000][6][safepoint   ] Safepoint "G1Concurrent", Time since last: 6521625 ns, Reaching safepoint: 3420292 ns, At safepoint: 3064041 ns, Total: 6484333 ns
[2023-01-09T09:48:26.612+0000][6][gc,marking  ] GC(10) Concurrent Cleanup for Next Mark
[2023-01-09T09:48:26.613+0000][6][gc,marking  ] GC(10) Concurrent Cleanup for Next Mark 1.171ms
[2023-01-09T09:48:26.614+0000][6][gc          ] GC(10) Concurrent Cycle 86.775ms
[2023-01-09T09:48:27.236+0000][6][safepoint   ] Safepoint "ICBufferFull", Time since last: 604190376 ns, Reaching safepoint: 20616500 ns, At safepoint: 18291 ns, Total: 20634791 ns
[2023-01-09T09:48:28.242+0000][6][safepoint   ] Safepoint "Cleanup", Time since last: 1002820876 ns, Reaching safepoint: 3887541 ns, At safepoint: 11792 ns, Total: 3899333 ns
[2023-01-09T09:48:28.676+0000][6][safepoint   ] Safepoint "ICBufferFull", Time since last: 433287709 ns, Reaching safepoint: 210125 ns, At safepoint: 6666 ns, Total: 216791 ns
[2023-01-09T09:48:29.126+0000][6][gc,start    ] GC(11) Pause Young (Normal) (G1 Evacuation Pause)
[2023-01-09T09:48:29.127+0000][6][gc,task     ] GC(11) Using 4 workers of 4 for evacuation
[2023-01-09T09:48:29.127+0000][6][gc,age      ] GC(11) Desired survivor size 20447232 bytes, new threshold 15 (max threshold 15)
[2023-01-09T09:48:29.219+0000][6][gc,age      ] GC(11) Age table with threshold 15 (max threshold 15)
[2023-01-09T09:48:29.220+0000][6][gc,age      ] GC(11) - age   1:   22618376 bytes,   22618376 total
[2023-01-09T09:48:29.221+0000][6][gc,age      ] GC(11) - age   2:    4276968 bytes,   26895344 total
[2023-01-09T09:48:29.222+0000][6][gc,age      ] GC(11) - age   3:    2293536 bytes,   29188880 total
[2023-01-09T09:48:29.223+0000][6][gc,age      ] GC(11) - age   4:     593928 bytes,   29782808 total
[2023-01-09T09:48:29.224+0000][6][gc,age      ] GC(11) - age   5:    3263904 bytes,   33046712 total
[2023-01-09T09:48:29.224+0000][6][gc,age      ] GC(11) - age   6:    4238248 bytes,   37284960 total
[2023-01-09T09:48:29.225+0000][6][gc,age      ] GC(11) - age   7:    1111080 bytes,   38396040 total
[2023-01-09T09:48:29.226+0000][6][gc,age      ] GC(11) - age   8:    2093856 bytes,   40489896 total
[2023-01-09T09:48:29.227+0000][6][gc,phases   ] GC(11)   Pre Evacuate Collection Set: 0.1ms
[2023-01-09T09:48:29.228+0000][6][gc,phases   ] GC(11)   Merge Heap Roots: 0.6ms
[2023-01-09T09:48:29.229+0000][6][gc,phases   ] GC(11)   Evacuate Collection Set: 86.4ms
[2023-01-09T09:48:29.230+0000][6][gc,phases   ] GC(11)   Post Evacuate Collection Set: 4.0ms
[2023-01-09T09:48:29.230+0000][6][gc,phases   ] GC(11)   Other: 9.6ms
[2023-01-09T09:48:29.231+0000][6][gc,heap     ] GC(11) Eden regions: 288->0(268)
[2023-01-09T09:48:29.232+0000][6][gc,heap     ] GC(11) Survivor regions: 19->39(39)
[2023-01-09T09:48:29.233+0000][6][gc,heap     ] GC(11) Old regions: 4->10
[2023-01-09T09:48:29.233+0000][6][gc,heap     ] GC(11) Archive regions: 0->0
[2023-01-09T09:48:29.234+0000][6][gc,heap     ] GC(11) Humongous regions: 1->1
[2023-01-09T09:48:29.234+0000][6][gc,metaspace] GC(11) Metaspace: 43263K(45476K)->43263K(45476K) NonClass: 38026K(39588K)->38026K(39588K) Class: 5236K(5888K)->5236K(5888K)
[2023-01-09T09:48:29.235+0000][6][gc          ] GC(11) Pause Young (Normal) (G1 Evacuation Pause) 311M->49M(512M) 109.510ms
[2023-01-09T09:48:29.236+0000][6][gc,cpu      ] GC(11) User=0.07s Sys=0.00s Real=0.11s
[2023-01-09T09:48:29.237+0000][6][safepoint   ] Safepoint "G1CollectForAllocation", Time since last: 449543000 ns, Reaching safepoint: 286917 ns, At safepoint: 111073917 ns, Total: 111360834 ns
[2023-01-09T09:48:29.598+0000][6][safepoint   ] Safepoint "ICBufferFull", Time since last: 357704542 ns, Reaching safepoint: 3491958 ns, At safepoint: 7833 ns, Total: 3499791 ns
[2023-01-09T09:48:30.409+0000][6][safepoint   ] Safepoint "ICBufferFull", Time since last: 811175209 ns, Reaching safepoint: 107875 ns, At safepoint: 2250 ns, Total: 110125 ns
[2023-01-09T09:48:30.758+0000][6][safepoint   ] Safepoint "ICBufferFull", Time since last: 348104667 ns, Reaching safepoint: 264708 ns, At safepoint: 4125 ns, Total: 268833 ns
[2023-01-09T09:48:31.757+0000][6][safepoint   ] Safepoint "ICBufferFull", Time since last: 998227459 ns, Reaching safepoint: 1575667 ns, At safepoint: 3958 ns, Total: 1579625 ns
[2023-01-09T09:48:31.971+0000][6][safepoint   ] Safepoint "ICBufferFull", Time since last: 213229083 ns, Reaching safepoint: 256417 ns, At safepoint: 160417 ns, Total: 416834 ns
[2023-01-09T09:48:32.103+0000][6][gc,start    ] GC(12) Pause Young (Concurrent Start) (Metadata GC Threshold)
[2023-01-09T09:48:32.104+0000][6][gc,task     ] GC(12) Using 4 workers of 4 for evacuation
[2023-01-09T09:48:32.107+0000][6][gc,age      ] GC(12) Desired survivor size 20447232 bytes, new threshold 1 (max threshold 15)
[2023-01-09T09:48:32.178+0000][6][gc,age      ] GC(12) Age table with threshold 1 (max threshold 15)
[2023-01-09T09:48:32.179+0000][6][gc,age      ] GC(12) - age   1:    9128056 bytes,    9128056 total
[2023-01-09T09:48:32.181+0000][6][gc,phases   ] GC(12)   Pre Evacuate Collection Set: 1.0ms
[2023-01-09T09:48:32.182+0000][6][gc,phases   ] GC(12)   Merge Heap Roots: 0.1ms
[2023-01-09T09:48:32.182+0000][6][gc,phases   ] GC(12)   Evacuate Collection Set: 59.2ms
[2023-01-09T09:48:32.183+0000][6][gc,phases   ] GC(12)   Post Evacuate Collection Set: 10.1ms
[2023-01-09T09:48:32.184+0000][6][gc,phases   ] GC(12)   Other: 7.5ms
[2023-01-09T09:48:32.185+0000][6][gc,heap     ] GC(12) Eden regions: 147->0(286)
[2023-01-09T09:48:32.186+0000][6][gc,heap     ] GC(12) Survivor regions: 39->10(39)
[2023-01-09T09:48:32.187+0000][6][gc,heap     ] GC(12) Old regions: 10->48
[2023-01-09T09:48:32.189+0000][6][gc,heap     ] GC(12) Archive regions: 0->0
[2023-01-09T09:48:32.190+0000][6][gc,heap     ] GC(12) Humongous regions: 1->1
[2023-01-09T09:48:32.191+0000][6][gc,metaspace] GC(12) Metaspace: 61877K(65060K)->61877K(65060K) NonClass: 53970K(56228K)->53970K(56228K) Class: 7906K(8832K)->7906K(8832K)
[2023-01-09T09:48:32.192+0000][6][gc          ] GC(12) Pause Young (Concurrent Start) (Metadata GC Threshold) 195M->58M(512M) 88.700ms
[2023-01-09T09:48:32.193+0000][6][gc,cpu      ] GC(12) User=0.10s Sys=0.00s Real=0.09s
[2023-01-09T09:48:32.194+0000][6][safepoint   ] Safepoint "CollectForMetadataAllocation", Time since last: 129493875 ns, Reaching safepoint: 1456833 ns, At safepoint: 91451209 ns, Total: 92908042 ns
[2023-01-09T09:48:32.194+0000][6][gc          ] GC(13) Concurrent Cycle
[2023-01-09T09:48:32.196+0000][6][gc,marking  ] GC(13) Concurrent Clear Claimed Marks
[2023-01-09T09:48:32.209+0000][6][gc,marking  ] GC(13) Concurrent Clear Claimed Marks 12.906ms
[2023-01-09T09:48:32.211+0000][6][gc,marking  ] GC(13) Concurrent Scan Root Regions
[2023-01-09T09:48:32.230+0000][6][safepoint   ] Safepoint "CollectForMetadataAllocation", Time since last: 36107375 ns, Reaching safepoint: 164791 ns, At safepoint: 54000 ns, Total: 218791 ns
[2023-01-09T09:48:32.264+0000][6][safepoint   ] Safepoint "CollectForMetadataAllocation", Time since last: 34251334 ns, Reaching safepoint: 127291 ns, At safepoint: 99250 ns, Total: 226541 ns
[2023-01-09T09:48:32.274+0000][6][gc,marking  ] GC(13) Concurrent Scan Root Regions 63.716ms
[2023-01-09T09:48:32.275+0000][6][gc,marking  ] GC(13) Concurrent Mark (14.200s)
[2023-01-09T09:48:32.276+0000][6][gc,marking  ] GC(13) Concurrent Mark From Roots
[2023-01-09T09:48:32.280+0000][6][gc,task     ] GC(13) Using 1 workers of 1 for marking
[2023-01-09T09:48:32.311+0000][6][gc,marking  ] GC(13) Concurrent Mark From Roots 35.246ms
[2023-01-09T09:48:32.312+0000][6][gc,marking  ] GC(13) Concurrent Preclean
[2023-01-09T09:48:32.313+0000][6][gc,marking  ] GC(13) Concurrent Preclean 1.359ms
[2023-01-09T09:48:32.314+0000][6][gc,marking  ] GC(13) Concurrent Mark (14.200s, 14.239s) 39.015ms
[2023-01-09T09:48:32.315+0000][6][gc,start    ] GC(13) Pause Remark
[2023-01-09T09:48:32.334+0000][6][gc          ] GC(13) Pause Remark 64M->64M(512M) 18.437ms
[2023-01-09T09:48:32.335+0000][6][gc,cpu      ] GC(13) User=0.03s Sys=0.00s Real=0.02s
[2023-01-09T09:48:32.336+0000][6][safepoint   ] Safepoint "G1Concurrent", Time since last: 50396834 ns, Reaching safepoint: 596000 ns, At safepoint: 20435875 ns, Total: 21031875 ns
[2023-01-09T09:48:32.336+0000][6][gc,marking  ] GC(13) Concurrent Rebuild Remembered Sets
[2023-01-09T09:48:32.402+0000][6][gc,marking  ] GC(13) Concurrent Rebuild Remembered Sets 65.761ms
[2023-01-09T09:48:32.417+0000][6][gc,start    ] GC(13) Pause Cleanup
[2023-01-09T09:48:32.418+0000][6][gc          ] GC(13) Pause Cleanup 67M->67M(512M) 1.092ms
[2023-01-09T09:48:32.419+0000][6][gc,cpu      ] GC(13) User=0.00s Sys=0.00s Real=0.00s
[2023-01-09T09:48:32.422+0000][6][safepoint   ] Safepoint "G1Concurrent", Time since last: 68580166 ns, Reaching safepoint: 12688500 ns, At safepoint: 5381917 ns, Total: 18070417 ns
[2023-01-09T09:48:32.424+0000][6][gc,marking  ] GC(13) Concurrent Cleanup for Next Mark
[2023-01-09T09:48:32.425+0000][6][gc,marking  ] GC(13) Concurrent Cleanup for Next Mark 1.540ms
[2023-01-09T09:48:32.428+0000][6][gc          ] GC(13) Concurrent Cycle 234.676ms
[2023-01-09T09:48:33.267+0000][6][safepoint   ] Safepoint "ICBufferFull", Time since last: 843581750 ns, Reaching safepoint: 624500 ns, At safepoint: 4667 ns, Total: 629167 ns
[2023-01-09T09:48:33.379+0000][6][safepoint   ] Safepoint "ICBufferFull", Time since last: 111168750 ns, Reaching safepoint: 848125 ns, At safepoint: 3000 ns, Total: 851125 ns
[2023-01-09T09:48:33.904+0000][6][safepoint   ] Safepoint "ICBufferFull", Time since last: 522628834 ns, Reaching safepoint: 2550541 ns, At safepoint: 5000 ns, Total: 2555541 ns
[2023-01-09T09:48:34.353+0000][6][safepoint   ] Safepoint "ICBufferFull", Time since last: 448580292 ns, Reaching safepoint: 330417 ns, At safepoint: 7333 ns, Total: 337750 ns
[2023-01-09T09:48:34.822+0000][6][gc,heap,exit] Heap
[2023-01-09T09:48:34.823+0000][6][gc,heap,exit]  garbage-first heap   total 524288K, used 216576K [0x00000000e0000000, 0x0000000100000000)
[2023-01-09T09:48:34.823+0000][6][gc,heap,exit]   region size 1024K, 164 young (167936K), 10 survivors (10240K)
[2023-01-09T09:48:34.824+0000][6][gc,heap,exit]  Metaspace       used 86295K, capacity 89362K, committed 90148K, reserved 1126400K
[2023-01-09T09:48:34.825+0000][6][gc,heap,exit]   class space    used 11405K, capacity 12371K, committed 12416K, reserved 1048576K
