[2023-02-24T08:24:46.180+0000][167][gc] Using G1
[2023-02-24T08:24:46.190+0000][167][gc,init] Version: 15+36-1562 (release)
[2023-02-24T08:24:46.191+0000][167][gc,init] CPUs: 4 total, 4 available
[2023-02-24T08:24:46.192+0000][167][gc,init] Memory: 7951M
[2023-02-24T08:24:46.193+0000][167][gc,init] Large Page Support: Disabled
[2023-02-24T08:24:46.194+0000][167][gc,init] NUMA Support: Disabled
[2023-02-24T08:24:46.196+0000][167][gc,init] Compressed Oops: Enabled (32-bit)
[2023-02-24T08:24:46.196+0000][167][gc,init] Heap Region Size: 1M
[2023-02-24T08:24:46.197+0000][167][gc,init] Heap Min Capacity: 512M
[2023-02-24T08:24:46.198+0000][167][gc,init] Heap Initial Capacity: 512M
[2023-02-24T08:24:46.199+0000][167][gc,init] Heap Max Capacity: 512M
[2023-02-24T08:24:46.199+0000][167][gc,init] Pre-touch: Disabled
[2023-02-24T08:24:46.200+0000][167][gc,init] Parallel Workers: 4
[2023-02-24T08:24:46.201+0000][167][gc,init] Concurrent Workers: 1
[2023-02-24T08:24:46.202+0000][167][gc,init] Concurrent Refinement Workers: 4
[2023-02-24T08:24:46.202+0000][167][gc,init] Periodic GC: Disabled
[2023-02-24T08:24:46.203+0000][167][gc,metaspace] CDS disabled.
[2023-02-24T08:24:46.204+0000][167][gc,metaspace] Compressed class space mapped at: 0x0000000100000000-0x0000000140000000, size: 1073741824
[2023-02-24T08:24:46.205+0000][167][gc,metaspace] Narrow klass base: 0x0000000000000000, Narrow klass shift: 3, Narrow klass range: 0x140000000
[2023-02-24T08:24:46.432+0000][167][gc,heap,exit] Heap
[2023-02-24T08:24:46.433+0000][167][gc,heap,exit]  garbage-first heap   total 524288K, used 1024K [0x00000000e0000000, 0x0000000100000000)
[2023-02-24T08:24:46.434+0000][167][gc,heap,exit]   region size 1024K, 2 young (2048K), 0 survivors (0K)
[2023-02-24T08:24:46.435+0000][167][gc,heap,exit]  Metaspace       used 3327K, capacity 4480K, committed 4480K, reserved 1056768K
[2023-02-24T08:24:46.435+0000][167][gc,heap,exit]   class space    used 278K, capacity 384K, committed 384K, reserved 1048576K
