[2023-01-09T09:50:18.983+0000][8][gc] Using G1
[2023-01-09T09:50:19.157+0000][8][gc,init] Version: 15+36-1562 (release)
[2023-01-09T09:50:19.158+0000][8][gc,init] CPUs: 4 total, 4 available
[2023-01-09T09:50:19.158+0000][8][gc,init] Memory: 7951M
[2023-01-09T09:50:19.159+0000][8][gc,init] Large Page Support: Disabled
[2023-01-09T09:50:19.160+0000][8][gc,init] NUMA Support: Disabled
[2023-01-09T09:50:19.160+0000][8][gc,init] Compressed Oops: Enabled (32-bit)
[2023-01-09T09:50:19.161+0000][8][gc,init] Heap Region Size: 1M
[2023-01-09T09:50:19.162+0000][8][gc,init] Heap Min Capacity: 512M
[2023-01-09T09:50:19.162+0000][8][gc,init] Heap Initial Capacity: 512M
[2023-01-09T09:50:19.163+0000][8][gc,init] Heap Max Capacity: 512M
[2023-01-09T09:50:19.164+0000][8][gc,init] Pre-touch: Enabled
[2023-01-09T09:50:19.164+0000][8][gc,init] Parallel Workers: 4
[2023-01-09T09:50:19.165+0000][8][gc,init] Concurrent Workers: 1
[2023-01-09T09:50:19.165+0000][8][gc,init] Concurrent Refinement Workers: 4
[2023-01-09T09:50:19.166+0000][8][gc,init] Periodic GC: Disabled
[2023-01-09T09:50:19.167+0000][8][gc,metaspace] CDS disabled.
[2023-01-09T09:50:19.168+0000][8][gc,metaspace] Compressed class space mapped at: 0x0000000100000000-0x0000000140000000, size: 1073741824
[2023-01-09T09:50:19.168+0000][8][gc,metaspace] Narrow klass base: 0x0000000000000000, Narrow klass shift: 3, Narrow klass range: 0x140000000
[2023-01-09T09:50:19.575+0000][8][safepoint   ] Safepoint "ICBufferFull", Time since last: 381392209 ns, Reaching safepoint: 2617000 ns, At safepoint: 3208 ns, Total: 2620208 ns
[2023-01-09T09:50:19.972+0000][8][safepoint   ] Safepoint "ICBufferFull", Time since last: 397046334 ns, Reaching safepoint: 54583 ns, At safepoint: 1500 ns, Total: 56083 ns
[2023-01-09T09:50:20.316+0000][8][safepoint   ] Safepoint "ICBufferFull", Time since last: 343878792 ns, Reaching safepoint: 72250 ns, At safepoint: 1708 ns, Total: 73958 ns
[2023-01-09T09:50:20.546+0000][8][gc,start    ] GC(0) Pause Young (Normal) (G1 Evacuation Pause)
[2023-01-09T09:50:20.563+0000][8][gc,task     ] GC(0) Using 4 workers of 4 for evacuation
[2023-01-09T09:50:20.564+0000][8][gc,age      ] GC(0) Desired survivor size 2097152 bytes, new threshold 15 (max threshold 15)
[2023-01-09T09:50:20.579+0000][8][gc,age      ] GC(0) Age table with threshold 15 (max threshold 15)
[2023-01-09T09:50:20.580+0000][8][gc,age      ] GC(0) - age   1:    3939552 bytes,    3939552 total
[2023-01-09T09:50:20.582+0000][8][gc,phases   ] GC(0)   Pre Evacuate Collection Set: 0.2ms
[2023-01-09T09:50:20.583+0000][8][gc,phases   ] GC(0)   Merge Heap Roots: 0.0ms
[2023-01-09T09:50:20.584+0000][8][gc,phases   ] GC(0)   Evacuate Collection Set: 13.5ms
[2023-01-09T09:50:20.584+0000][8][gc,phases   ] GC(0)   Post Evacuate Collection Set: 0.5ms
[2023-01-09T09:50:20.585+0000][8][gc,phases   ] GC(0)   Other: 22.0ms
[2023-01-09T09:50:20.586+0000][8][gc,heap     ] GC(0) Eden regions: 25->0(25)
[2023-01-09T09:50:20.587+0000][8][gc,heap     ] GC(0) Survivor regions: 0->4(4)
[2023-01-09T09:50:20.588+0000][8][gc,heap     ] GC(0) Old regions: 0->0
[2023-01-09T09:50:20.589+0000][8][gc,heap     ] GC(0) Archive regions: 0->0
[2023-01-09T09:50:20.590+0000][8][gc,heap     ] GC(0) Humongous regions: 1->1
[2023-01-09T09:50:20.590+0000][8][gc,metaspace] GC(0) Metaspace: 15758K(16128K)->15758K(16128K) NonClass: 14170K(14336K)->14170K(14336K) Class: 1588K(1792K)->1588K(1792K)
[2023-01-09T09:50:20.591+0000][8][gc          ] GC(0) Pause Young (Normal) (G1 Evacuation Pause) 26M->4M(512M) 45.319ms
[2023-01-09T09:50:20.592+0000][8][gc,cpu      ] GC(0) User=0.01s Sys=0.01s Real=0.04s
[2023-01-09T09:50:20.593+0000][8][safepoint   ] Safepoint "G1CollectForAllocation", Time since last: 229607209 ns, Reaching safepoint: 53708 ns, At safepoint: 46984958 ns, Total: 47038666 ns
[2023-01-09T09:50:21.405+0000][8][safepoint   ] Safepoint "ICBufferFull", Time since last: 811808709 ns, Reaching safepoint: 98583 ns, At safepoint: 5709 ns, Total: 104292 ns
[2023-01-09T09:50:21.640+0000][8][gc,start    ] GC(1) Pause Young (Concurrent Start) (Metadata GC Threshold)
[2023-01-09T09:50:21.642+0000][8][gc,task     ] GC(1) Using 4 workers of 4 for evacuation
[2023-01-09T09:50:21.643+0000][8][gc,age      ] GC(1) Desired survivor size 2097152 bytes, new threshold 1 (max threshold 15)
[2023-01-09T09:50:21.657+0000][8][gc,age      ] GC(1) Age table with threshold 1 (max threshold 15)
[2023-01-09T09:50:21.658+0000][8][gc,age      ] GC(1) - age   1:    2137432 bytes,    2137432 total
[2023-01-09T09:50:21.660+0000][8][gc,phases   ] GC(1)   Pre Evacuate Collection Set: 0.1ms
[2023-01-09T09:50:21.661+0000][8][gc,phases   ] GC(1)   Merge Heap Roots: 0.0ms
[2023-01-09T09:50:21.661+0000][8][gc,phases   ] GC(1)   Evacuate Collection Set: 12.4ms
[2023-01-09T09:50:21.663+0000][8][gc,phases   ] GC(1)   Post Evacuate Collection Set: 0.5ms
[2023-01-09T09:50:21.663+0000][8][gc,phases   ] GC(1)   Other: 6.1ms
[2023-01-09T09:50:21.664+0000][8][gc,heap     ] GC(1) Eden regions: 23->0(34)
[2023-01-09T09:50:21.665+0000][8][gc,heap     ] GC(1) Survivor regions: 4->3(4)
[2023-01-09T09:50:21.666+0000][8][gc,heap     ] GC(1) Old regions: 0->4
[2023-01-09T09:50:21.667+0000][8][gc,heap     ] GC(1) Archive regions: 0->0
[2023-01-09T09:50:21.668+0000][8][gc,heap     ] GC(1) Humongous regions: 1->1
[2023-01-09T09:50:21.669+0000][8][gc,metaspace] GC(1) Metaspace: 20748K(21248K)->20748K(21248K) NonClass: 18521K(18944K)->18521K(18944K) Class: 2226K(2304K)->2226K(2304K)
[2023-01-09T09:50:21.670+0000][8][gc          ] GC(1) Pause Young (Concurrent Start) (Metadata GC Threshold) 27M->7M(512M) 29.246ms
[2023-01-09T09:50:21.671+0000][8][gc,cpu      ] GC(1) User=0.02s Sys=0.00s Real=0.03s
[2023-01-09T09:50:21.671+0000][8][gc          ] GC(2) Concurrent Cycle
[2023-01-09T09:50:21.672+0000][8][gc,marking  ] GC(2) Concurrent Clear Claimed Marks
[2023-01-09T09:50:21.673+0000][8][gc,marking  ] GC(2) Concurrent Clear Claimed Marks 1.050ms
[2023-01-09T09:50:21.674+0000][8][gc,marking  ] GC(2) Concurrent Scan Root Regions
[2023-01-09T09:50:21.671+0000][8][safepoint   ] Safepoint "CollectForMetadataAllocation", Time since last: 235718666 ns, Reaching safepoint: 72084 ns, At safepoint: 30960291 ns, Total: 31032375 ns
[2023-01-09T09:50:21.678+0000][8][gc,marking  ] GC(2) Concurrent Scan Root Regions 3.408ms
[2023-01-09T09:50:21.678+0000][8][gc,marking  ] GC(2) Concurrent Mark (2.710s)
[2023-01-09T09:50:21.679+0000][8][gc,marking  ] GC(2) Concurrent Mark From Roots
[2023-01-09T09:50:21.680+0000][8][gc,task     ] GC(2) Using 1 workers of 1 for marking
[2023-01-09T09:50:21.681+0000][8][gc,marking  ] GC(2) Concurrent Mark From Roots 2.153ms
[2023-01-09T09:50:21.682+0000][8][gc,marking  ] GC(2) Concurrent Preclean
[2023-01-09T09:50:21.683+0000][8][gc,marking  ] GC(2) Concurrent Preclean 0.916ms
[2023-01-09T09:50:21.686+0000][8][gc,marking  ] GC(2) Concurrent Mark (2.710s, 2.719s) 8.179ms
[2023-01-09T09:50:21.688+0000][8][gc,start    ] GC(2) Pause Remark
[2023-01-09T09:50:21.690+0000][8][gc          ] GC(2) Pause Remark 7M->7M(512M) 2.096ms
[2023-01-09T09:50:21.691+0000][8][gc,cpu      ] GC(2) User=0.00s Sys=0.00s Real=0.00s
[2023-01-09T09:50:21.691+0000][8][safepoint   ] Safepoint "G1Concurrent", Time since last: 16282667 ns, Reaching safepoint: 44792 ns, At safepoint: 3532208 ns, Total: 3577000 ns
[2023-01-09T09:50:21.692+0000][8][gc,marking  ] GC(2) Concurrent Rebuild Remembered Sets
[2023-01-09T09:50:21.698+0000][8][gc,marking  ] GC(2) Concurrent Rebuild Remembered Sets 5.926ms
[2023-01-09T09:50:21.700+0000][8][gc,start    ] GC(2) Pause Cleanup
[2023-01-09T09:50:21.701+0000][8][gc          ] GC(2) Pause Cleanup 7M->7M(512M) 0.983ms
[2023-01-09T09:50:21.704+0000][8][gc,cpu      ] GC(2) User=0.00s Sys=0.00s Real=0.00s
[2023-01-09T09:50:21.705+0000][8][safepoint   ] Safepoint "G1Concurrent", Time since last: 8355667 ns, Reaching safepoint: 384375 ns, At safepoint: 5187458 ns, Total: 5571833 ns
[2023-01-09T09:50:21.706+0000][8][gc,marking  ] GC(2) Concurrent Cleanup for Next Mark
[2023-01-09T09:50:21.707+0000][8][gc,marking  ] GC(2) Concurrent Cleanup for Next Mark 1.205ms
[2023-01-09T09:50:21.708+0000][8][gc          ] GC(2) Concurrent Cycle 37.051ms
[2023-01-09T09:50:22.237+0000][8][gc,start    ] GC(3) Pause Young (Normal) (G1 Evacuation Pause)
[2023-01-09T09:50:22.238+0000][8][gc,task     ] GC(3) Using 4 workers of 4 for evacuation
[2023-01-09T09:50:22.239+0000][8][gc,age      ] GC(3) Desired survivor size 2621440 bytes, new threshold 15 (max threshold 15)
[2023-01-09T09:50:22.265+0000][8][gc,age      ] GC(3) Age table with threshold 15 (max threshold 15)
[2023-01-09T09:50:22.266+0000][8][gc,age      ] GC(3) - age   1:    3030264 bytes,    3030264 total
[2023-01-09T09:50:22.267+0000][8][gc,age      ] GC(3) - age   2:    2011472 bytes,    5041736 total
[2023-01-09T09:50:22.269+0000][8][gc,phases   ] GC(3)   Pre Evacuate Collection Set: 0.2ms
[2023-01-09T09:50:22.269+0000][8][gc,phases   ] GC(3)   Merge Heap Roots: 0.0ms
[2023-01-09T09:50:22.270+0000][8][gc,phases   ] GC(3)   Evacuate Collection Set: 24.6ms
[2023-01-09T09:50:22.271+0000][8][gc,phases   ] GC(3)   Post Evacuate Collection Set: 0.4ms
[2023-01-09T09:50:22.272+0000][8][gc,phases   ] GC(3)   Other: 6.4ms
[2023-01-09T09:50:22.272+0000][8][gc,heap     ] GC(3) Eden regions: 35->0(182)
[2023-01-09T09:50:22.273+0000][8][gc,heap     ] GC(3) Survivor regions: 3->5(5)
[2023-01-09T09:50:22.274+0000][8][gc,heap     ] GC(3) Old regions: 4->4
[2023-01-09T09:50:22.275+0000][8][gc,heap     ] GC(3) Archive regions: 0->0
[2023-01-09T09:50:22.276+0000][8][gc,heap     ] GC(3) Humongous regions: 1->1
[2023-01-09T09:50:22.276+0000][8][gc,metaspace] GC(3) Metaspace: 22416K(22784K)->22416K(22784K) NonClass: 19999K(20224K)->19999K(20224K) Class: 2417K(2560K)->2417K(2560K)
[2023-01-09T09:50:22.277+0000][8][gc          ] GC(3) Pause Young (Normal) (G1 Evacuation Pause) 42M->9M(512M) 40.136ms
[2023-01-09T09:50:22.278+0000][8][gc,cpu      ] GC(3) User=0.01s Sys=0.01s Real=0.04s
[2023-01-09T09:50:22.279+0000][8][safepoint   ] Safepoint "G1CollectForAllocation", Time since last: 531791250 ns, Reaching safepoint: 77875 ns, At safepoint: 41771500 ns, Total: 41849375 ns
[2023-01-09T09:50:22.380+0000][8][safepoint   ] Safepoint "ICBufferFull", Time since last: 98884959 ns, Reaching safepoint: 2331500 ns, At safepoint: 3916 ns, Total: 2335416 ns
[2023-01-09T09:50:22.383+0000][8][safepoint   ] Safepoint "ICBufferFull", Time since last: 2563625 ns, Reaching safepoint: 79625 ns, At safepoint: 1500 ns, Total: 81125 ns
[2023-01-09T09:50:22.388+0000][8][safepoint   ] Safepoint "ICBufferFull", Time since last: 5305792 ns, Reaching safepoint: 34667 ns, At safepoint: 1541 ns, Total: 36208 ns
[2023-01-09T09:50:22.393+0000][8][safepoint   ] Safepoint "ICBufferFull", Time since last: 4967084 ns, Reaching safepoint: 105291 ns, At safepoint: 4292 ns, Total: 109583 ns
[2023-01-09T09:50:22.403+0000][8][safepoint   ] Safepoint "ICBufferFull", Time since last: 9669000 ns, Reaching safepoint: 221625 ns, At safepoint: 2167 ns, Total: 223792 ns
[2023-01-09T09:50:22.406+0000][8][safepoint   ] Safepoint "ICBufferFull", Time since last: 2493083 ns, Reaching safepoint: 103083 ns, At safepoint: 1584 ns, Total: 104667 ns
[2023-01-09T09:50:22.409+0000][8][safepoint   ] Safepoint "ICBufferFull", Time since last: 2895583 ns, Reaching safepoint: 105792 ns, At safepoint: 1666 ns, Total: 107458 ns
[2023-01-09T09:50:22.410+0000][8][safepoint   ] Safepoint "ICBufferFull", Time since last: 1744250 ns, Reaching safepoint: 100334 ns, At safepoint: 1666 ns, Total: 102000 ns
[2023-01-09T09:50:22.413+0000][8][safepoint   ] Safepoint "ICBufferFull", Time since last: 2261375 ns, Reaching safepoint: 113209 ns, At safepoint: 1625 ns, Total: 114834 ns
[2023-01-09T09:50:22.415+0000][8][safepoint   ] Safepoint "ICBufferFull", Time since last: 1706333 ns, Reaching safepoint: 102500 ns, At safepoint: 1417 ns, Total: 103917 ns
[2023-01-09T09:50:22.416+0000][8][safepoint   ] Safepoint "ICBufferFull", Time since last: 1726458 ns, Reaching safepoint: 97625 ns, At safepoint: 1375 ns, Total: 99000 ns
[2023-01-09T09:50:22.418+0000][8][safepoint   ] Safepoint "ICBufferFull", Time since last: 1720042 ns, Reaching safepoint: 102333 ns, At safepoint: 1292 ns, Total: 103625 ns
[2023-01-09T09:50:22.424+0000][8][safepoint   ] Safepoint "ICBufferFull", Time since last: 6020500 ns, Reaching safepoint: 121625 ns, At safepoint: 1791 ns, Total: 123416 ns
[2023-01-09T09:50:22.428+0000][8][safepoint   ] Safepoint "ICBufferFull", Time since last: 3251251 ns, Reaching safepoint: 113958 ns, At safepoint: 1708 ns, Total: 115666 ns
[2023-01-09T09:50:22.430+0000][8][safepoint   ] Safepoint "ICBufferFull", Time since last: 1879417 ns, Reaching safepoint: 104917 ns, At safepoint: 1500 ns, Total: 106417 ns
[2023-01-09T09:50:22.434+0000][8][safepoint   ] Safepoint "ICBufferFull", Time since last: 4311291 ns, Reaching safepoint: 108959 ns, At safepoint: 1833 ns, Total: 110792 ns
[2023-01-09T09:50:22.458+0000][8][safepoint   ] Safepoint "ICBufferFull", Time since last: 23802708 ns, Reaching safepoint: 353250 ns, At safepoint: 5375 ns, Total: 358625 ns
[2023-01-09T09:50:22.466+0000][8][safepoint   ] Safepoint "ICBufferFull", Time since last: 7092959 ns, Reaching safepoint: 121625 ns, At safepoint: 1666 ns, Total: 123291 ns
[2023-01-09T09:50:22.471+0000][8][safepoint   ] Safepoint "ICBufferFull", Time since last: 4482834 ns, Reaching safepoint: 576750 ns, At safepoint: 6541 ns, Total: 583291 ns
[2023-01-09T09:50:22.479+0000][8][safepoint   ] Safepoint "ICBufferFull", Time since last: 8652667 ns, Reaching safepoint: 123292 ns, At safepoint: 1791 ns, Total: 125083 ns
[2023-01-09T09:50:22.482+0000][8][safepoint   ] Safepoint "ICBufferFull", Time since last: 2058875 ns, Reaching safepoint: 101584 ns, At safepoint: 1416 ns, Total: 103000 ns
[2023-01-09T09:50:22.487+0000][8][safepoint   ] Safepoint "ICBufferFull", Time since last: 5431042 ns, Reaching safepoint: 113708 ns, At safepoint: 1750 ns, Total: 115458 ns
[2023-01-09T09:50:22.491+0000][8][safepoint   ] Safepoint "ICBufferFull", Time since last: 3862167 ns, Reaching safepoint: 102875 ns, At safepoint: 1667 ns, Total: 104542 ns
[2023-01-09T09:50:22.499+0000][8][safepoint   ] Safepoint "ICBufferFull", Time since last: 7649500 ns, Reaching safepoint: 114958 ns, At safepoint: 1833 ns, Total: 116791 ns
[2023-01-09T09:50:22.502+0000][8][safepoint   ] Safepoint "ICBufferFull", Time since last: 3118292 ns, Reaching safepoint: 114958 ns, At safepoint: 2084 ns, Total: 117042 ns
[2023-01-09T09:50:22.505+0000][8][safepoint   ] Safepoint "ICBufferFull", Time since last: 2719000 ns, Reaching safepoint: 189416 ns, At safepoint: 1917 ns, Total: 191333 ns
[2023-01-09T09:50:22.510+0000][8][safepoint   ] Safepoint "ICBufferFull", Time since last: 4964958 ns, Reaching safepoint: 118084 ns, At safepoint: 2958 ns, Total: 121042 ns
[2023-01-09T09:50:22.512+0000][8][safepoint   ] Safepoint "ICBufferFull", Time since last: 1678792 ns, Reaching safepoint: 138958 ns, At safepoint: 1625 ns, Total: 140583 ns
[2023-01-09T09:50:22.514+0000][8][safepoint   ] Safepoint "ICBufferFull", Time since last: 2152125 ns, Reaching safepoint: 103792 ns, At safepoint: 1583 ns, Total: 105375 ns
[2023-01-09T09:50:22.516+0000][8][safepoint   ] Safepoint "ICBufferFull", Time since last: 2065042 ns, Reaching safepoint: 120833 ns, At safepoint: 1917 ns, Total: 122750 ns
[2023-01-09T09:50:22.530+0000][8][safepoint   ] Safepoint "ICBufferFull", Time since last: 13929541 ns, Reaching safepoint: 39500 ns, At safepoint: 3250 ns, Total: 42750 ns
[2023-01-09T09:50:22.539+0000][8][safepoint   ] Safepoint "ICBufferFull", Time since last: 2008417 ns, Reaching safepoint: 6453542 ns, At safepoint: 14083 ns, Total: 6467625 ns
[2023-01-09T09:50:22.541+0000][8][safepoint   ] Safepoint "ICBufferFull", Time since last: 2378792 ns, Reaching safepoint: 40875 ns, At safepoint: 1625 ns, Total: 42500 ns
[2023-01-09T09:50:22.543+0000][8][safepoint   ] Safepoint "ICBufferFull", Time since last: 2140250 ns, Reaching safepoint: 43875 ns, At safepoint: 4500 ns, Total: 48375 ns
[2023-01-09T09:50:22.555+0000][8][safepoint   ] Safepoint "ICBufferFull", Time since last: 2672833 ns, Reaching safepoint: 8421417 ns, At safepoint: 116500 ns, Total: 8537917 ns
[2023-01-09T09:50:22.557+0000][8][safepoint   ] Safepoint "ICBufferFull", Time since last: 2124958 ns, Reaching safepoint: 24500 ns, At safepoint: 2292 ns, Total: 26792 ns
[2023-01-09T09:50:22.562+0000][8][safepoint   ] Safepoint "ICBufferFull", Time since last: 4935791 ns, Reaching safepoint: 34709 ns, At safepoint: 1500 ns, Total: 36209 ns
[2023-01-09T09:50:22.565+0000][8][safepoint   ] Safepoint "ICBufferFull", Time since last: 2628833 ns, Reaching safepoint: 106708 ns, At safepoint: 1542 ns, Total: 108250 ns
[2023-01-09T09:50:22.566+0000][8][safepoint   ] Safepoint "ICBufferFull", Time since last: 1270542 ns, Reaching safepoint: 99458 ns, At safepoint: 1458 ns, Total: 100916 ns
[2023-01-09T09:50:22.567+0000][8][safepoint   ] Safepoint "ICBufferFull", Time since last: 1473000 ns, Reaching safepoint: 98250 ns, At safepoint: 2042 ns, Total: 100292 ns
[2023-01-09T09:50:22.569+0000][8][safepoint   ] Safepoint "ICBufferFull", Time since last: 1298208 ns, Reaching safepoint: 97459 ns, At safepoint: 1500 ns, Total: 98959 ns
[2023-01-09T09:50:22.570+0000][8][safepoint   ] Safepoint "ICBufferFull", Time since last: 1465791 ns, Reaching safepoint: 97709 ns, At safepoint: 1500 ns, Total: 99209 ns
[2023-01-09T09:50:22.572+0000][8][safepoint   ] Safepoint "ICBufferFull", Time since last: 1235083 ns, Reaching safepoint: 101417 ns, At safepoint: 1416 ns, Total: 102833 ns
[2023-01-09T09:50:22.573+0000][8][safepoint   ] Safepoint "ICBufferFull", Time since last: 1255625 ns, Reaching safepoint: 98375 ns, At safepoint: 1375 ns, Total: 99750 ns
[2023-01-09T09:50:22.574+0000][8][safepoint   ] Safepoint "ICBufferFull", Time since last: 1250834 ns, Reaching safepoint: 103791 ns, At safepoint: 1334 ns, Total: 105125 ns
[2023-01-09T09:50:22.576+0000][8][safepoint   ] Safepoint "ICBufferFull", Time since last: 1192958 ns, Reaching safepoint: 97667 ns, At safepoint: 1458 ns, Total: 99125 ns
[2023-01-09T09:50:22.577+0000][8][safepoint   ] Safepoint "ICBufferFull", Time since last: 968375 ns, Reaching safepoint: 97167 ns, At safepoint: 1541 ns, Total: 98708 ns
[2023-01-09T09:50:22.578+0000][8][safepoint   ] Safepoint "ICBufferFull", Time since last: 1220334 ns, Reaching safepoint: 97125 ns, At safepoint: 1208 ns, Total: 98333 ns
[2023-01-09T09:50:22.579+0000][8][safepoint   ] Safepoint "ICBufferFull", Time since last: 1047542 ns, Reaching safepoint: 96833 ns, At safepoint: 1333 ns, Total: 98166 ns
[2023-01-09T09:50:22.580+0000][8][safepoint   ] Safepoint "ICBufferFull", Time since last: 1095917 ns, Reaching safepoint: 97875 ns, At safepoint: 1208 ns, Total: 99083 ns
[2023-01-09T09:50:22.582+0000][8][safepoint   ] Safepoint "ICBufferFull", Time since last: 979709 ns, Reaching safepoint: 227416 ns, At safepoint: 1792 ns, Total: 229208 ns
[2023-01-09T09:50:22.583+0000][8][safepoint   ] Safepoint "ICBufferFull", Time since last: 909708 ns, Reaching safepoint: 95834 ns, At safepoint: 1500 ns, Total: 97334 ns
[2023-01-09T09:50:22.584+0000][8][safepoint   ] Safepoint "ICBufferFull", Time since last: 1167250 ns, Reaching safepoint: 69333 ns, At safepoint: 1417 ns, Total: 70750 ns
[2023-01-09T09:50:22.586+0000][8][safepoint   ] Safepoint "ICBufferFull", Time since last: 1802250 ns, Reaching safepoint: 109041 ns, At safepoint: 1584 ns, Total: 110625 ns
[2023-01-09T09:50:22.587+0000][8][safepoint   ] Safepoint "ICBufferFull", Time since last: 1453625 ns, Reaching safepoint: 98416 ns, At safepoint: 1375 ns, Total: 99791 ns
[2023-01-09T09:50:22.589+0000][8][safepoint   ] Safepoint "ICBufferFull", Time since last: 993750 ns, Reaching safepoint: 141125 ns, At safepoint: 1334 ns, Total: 142459 ns
[2023-01-09T09:50:22.590+0000][8][safepoint   ] Safepoint "ICBufferFull", Time since last: 1313500 ns, Reaching safepoint: 130458 ns, At safepoint: 1667 ns, Total: 132125 ns
[2023-01-09T09:50:22.591+0000][8][safepoint   ] Safepoint "ICBufferFull", Time since last: 1170458 ns, Reaching safepoint: 100167 ns, At safepoint: 1416 ns, Total: 101583 ns
[2023-01-09T09:50:22.592+0000][8][safepoint   ] Safepoint "ICBufferFull", Time since last: 992000 ns, Reaching safepoint: 97250 ns, At safepoint: 1542 ns, Total: 98792 ns
[2023-01-09T09:50:22.594+0000][8][safepoint   ] Safepoint "ICBufferFull", Time since last: 1725000 ns, Reaching safepoint: 104167 ns, At safepoint: 1791 ns, Total: 105958 ns
[2023-01-09T09:50:22.596+0000][8][safepoint   ] Safepoint "ICBufferFull", Time since last: 2007667 ns, Reaching safepoint: 102542 ns, At safepoint: 2208 ns, Total: 104750 ns
[2023-01-09T09:50:22.597+0000][8][safepoint   ] Safepoint "ICBufferFull", Time since last: 1028125 ns, Reaching safepoint: 96458 ns, At safepoint: 1959 ns, Total: 98417 ns
[2023-01-09T09:50:22.598+0000][8][safepoint   ] Safepoint "ICBufferFull", Time since last: 902541 ns, Reaching safepoint: 107250 ns, At safepoint: 1750 ns, Total: 109000 ns
[2023-01-09T09:50:22.604+0000][8][safepoint   ] Safepoint "ICBufferFull", Time since last: 5447417 ns, Reaching safepoint: 175000 ns, At safepoint: 2667 ns, Total: 177667 ns
[2023-01-09T09:50:22.606+0000][8][safepoint   ] Safepoint "ICBufferFull", Time since last: 1335333 ns, Reaching safepoint: 101375 ns, At safepoint: 1542 ns, Total: 102917 ns
[2023-01-09T09:50:22.607+0000][8][safepoint   ] Safepoint "ICBufferFull", Time since last: 1534000 ns, Reaching safepoint: 98916 ns, At safepoint: 1334 ns, Total: 100250 ns
[2023-01-09T09:50:22.609+0000][8][safepoint   ] Safepoint "ICBufferFull", Time since last: 1391833 ns, Reaching safepoint: 102750 ns, At safepoint: 1417 ns, Total: 104167 ns
[2023-01-09T09:50:22.610+0000][8][safepoint   ] Safepoint "ICBufferFull", Time since last: 1248750 ns, Reaching safepoint: 73416 ns, At safepoint: 1500 ns, Total: 74916 ns
[2023-01-09T09:50:22.612+0000][8][safepoint   ] Safepoint "ICBufferFull", Time since last: 1459334 ns, Reaching safepoint: 104166 ns, At safepoint: 1459 ns, Total: 105625 ns
[2023-01-09T09:50:22.613+0000][8][safepoint   ] Safepoint "ICBufferFull", Time since last: 1329875 ns, Reaching safepoint: 162125 ns, At safepoint: 1708 ns, Total: 163833 ns
[2023-01-09T09:50:22.614+0000][8][safepoint   ] Safepoint "ICBufferFull", Time since last: 1154833 ns, Reaching safepoint: 98584 ns, At safepoint: 1541 ns, Total: 100125 ns
[2023-01-09T09:50:22.616+0000][8][safepoint   ] Safepoint "ICBufferFull", Time since last: 1234167 ns, Reaching safepoint: 110833 ns, At safepoint: 1584 ns, Total: 112417 ns
[2023-01-09T09:50:22.630+0000][8][safepoint   ] Safepoint "ICBufferFull", Time since last: 14139041 ns, Reaching safepoint: 120584 ns, At safepoint: 1916 ns, Total: 122500 ns
[2023-01-09T09:50:22.633+0000][8][safepoint   ] Safepoint "ICBufferFull", Time since last: 3017459 ns, Reaching safepoint: 177916 ns, At safepoint: 1750 ns, Total: 179666 ns
[2023-01-09T09:50:22.636+0000][8][safepoint   ] Safepoint "ICBufferFull", Time since last: 2372500 ns, Reaching safepoint: 121292 ns, At safepoint: 1833 ns, Total: 123125 ns
[2023-01-09T09:50:22.638+0000][8][safepoint   ] Safepoint "ICBufferFull", Time since last: 2707959 ns, Reaching safepoint: 109083 ns, At safepoint: 1500 ns, Total: 110583 ns
[2023-01-09T09:50:22.646+0000][8][safepoint   ] Safepoint "ICBufferFull", Time since last: 7610042 ns, Reaching safepoint: 120125 ns, At safepoint: 1916 ns, Total: 122041 ns
[2023-01-09T09:50:22.648+0000][8][safepoint   ] Safepoint "ICBufferFull", Time since last: 1593125 ns, Reaching safepoint: 97709 ns, At safepoint: 2125 ns, Total: 99834 ns
[2023-01-09T09:50:22.650+0000][8][safepoint   ] Safepoint "ICBufferFull", Time since last: 1846500 ns, Reaching safepoint: 98375 ns, At safepoint: 2125 ns, Total: 100500 ns
[2023-01-09T09:50:22.686+0000][8][safepoint   ] Safepoint "ICBufferFull", Time since last: 36250125 ns, Reaching safepoint: 114791 ns, At safepoint: 1750 ns, Total: 116541 ns
[2023-01-09T09:50:22.705+0000][8][safepoint   ] Safepoint "ICBufferFull", Time since last: 18874250 ns, Reaching safepoint: 123834 ns, At safepoint: 2125 ns, Total: 125959 ns
[2023-01-09T09:50:22.707+0000][8][safepoint   ] Safepoint "ICBufferFull", Time since last: 1872833 ns, Reaching safepoint: 115667 ns, At safepoint: 1875 ns, Total: 117542 ns
[2023-01-09T09:50:22.709+0000][8][safepoint   ] Safepoint "ICBufferFull", Time since last: 1353416 ns, Reaching safepoint: 27292 ns, At safepoint: 1458 ns, Total: 28750 ns
[2023-01-09T09:50:22.714+0000][8][safepoint   ] Safepoint "ICBufferFull", Time since last: 4982334 ns, Reaching safepoint: 110375 ns, At safepoint: 2416 ns, Total: 112791 ns
[2023-01-09T09:50:22.715+0000][8][safepoint   ] Safepoint "ICBufferFull", Time since last: 1768834 ns, Reaching safepoint: 33125 ns, At safepoint: 1583 ns, Total: 34708 ns
[2023-01-09T09:50:22.717+0000][8][safepoint   ] Safepoint "ICBufferFull", Time since last: 1260500 ns, Reaching safepoint: 28250 ns, At safepoint: 1625 ns, Total: 29875 ns
[2023-01-09T09:50:22.718+0000][8][safepoint   ] Safepoint "ICBufferFull", Time since last: 1603417 ns, Reaching safepoint: 29750 ns, At safepoint: 1541 ns, Total: 31291 ns
[2023-01-09T09:50:22.720+0000][8][safepoint   ] Safepoint "ICBufferFull", Time since last: 1302709 ns, Reaching safepoint: 26041 ns, At safepoint: 1417 ns, Total: 27458 ns
[2023-01-09T09:50:22.721+0000][8][safepoint   ] Safepoint "ICBufferFull", Time since last: 1166375 ns, Reaching safepoint: 23792 ns, At safepoint: 1208 ns, Total: 25000 ns
[2023-01-09T09:50:22.723+0000][8][safepoint   ] Safepoint "ICBufferFull", Time since last: 1604958 ns, Reaching safepoint: 103667 ns, At safepoint: 2583 ns, Total: 106250 ns
[2023-01-09T09:50:22.731+0000][8][safepoint   ] Safepoint "ICBufferFull", Time since last: 1247209 ns, Reaching safepoint: 7282375 ns, At safepoint: 5875 ns, Total: 7288250 ns
[2023-01-09T09:50:22.737+0000][8][safepoint   ] Safepoint "ICBufferFull", Time since last: 1300125 ns, Reaching safepoint: 4565958 ns, At safepoint: 23042 ns, Total: 4589000 ns
[2023-01-09T09:50:22.738+0000][8][safepoint   ] Safepoint "ICBufferFull", Time since last: 1287708 ns, Reaching safepoint: 99458 ns, At safepoint: 1084 ns, Total: 100542 ns
[2023-01-09T09:50:22.740+0000][8][safepoint   ] Safepoint "ICBufferFull", Time since last: 972541 ns, Reaching safepoint: 345209 ns, At safepoint: 7625 ns, Total: 352834 ns
[2023-01-09T09:50:22.742+0000][8][safepoint   ] Safepoint "ICBufferFull", Time since last: 885375 ns, Reaching safepoint: 1826833 ns, At safepoint: 12208 ns, Total: 1839041 ns
[2023-01-09T09:50:22.754+0000][8][safepoint   ] Safepoint "ICBufferFull", Time since last: 1079459 ns, Reaching safepoint: 10569750 ns, At safepoint: 26500 ns, Total: 10596250 ns
[2023-01-09T09:50:22.756+0000][8][safepoint   ] Safepoint "ICBufferFull", Time since last: 1376583 ns, Reaching safepoint: 204125 ns, At safepoint: 10708 ns, Total: 214833 ns
[2023-01-09T09:50:22.761+0000][8][safepoint   ] Safepoint "ICBufferFull", Time since last: 881084 ns, Reaching safepoint: 4432500 ns, At safepoint: 12541 ns, Total: 4445041 ns
[2023-01-09T09:50:22.767+0000][8][safepoint   ] Safepoint "ICBufferFull", Time since last: 1335250 ns, Reaching safepoint: 4317750 ns, At safepoint: 14750 ns, Total: 4332500 ns
[2023-01-09T09:50:22.781+0000][8][safepoint   ] Safepoint "ICBufferFull", Time since last: 1105417 ns, Reaching safepoint: 13149417 ns, At safepoint: 12875 ns, Total: 13162292 ns
[2023-01-09T09:50:22.783+0000][8][safepoint   ] Safepoint "ICBufferFull", Time since last: 1374291 ns, Reaching safepoint: 464084 ns, At safepoint: 12083 ns, Total: 476167 ns
[2023-01-09T09:50:22.784+0000][8][safepoint   ] Safepoint "ICBufferFull", Time since last: 803500 ns, Reaching safepoint: 407875 ns, At safepoint: 7875 ns, Total: 415750 ns
[2023-01-09T09:50:22.791+0000][8][safepoint   ] Safepoint "ICBufferFull", Time since last: 1320542 ns, Reaching safepoint: 5729125 ns, At safepoint: 4458 ns, Total: 5733583 ns
[2023-01-09T09:50:22.798+0000][8][safepoint   ] Safepoint "ICBufferFull", Time since last: 6257125 ns, Reaching safepoint: 163750 ns, At safepoint: 3000 ns, Total: 166750 ns
[2023-01-09T09:50:22.799+0000][8][safepoint   ] Safepoint "ICBufferFull", Time since last: 1567958 ns, Reaching safepoint: 258584 ns, At safepoint: 6625 ns, Total: 265209 ns
[2023-01-09T09:50:22.801+0000][8][safepoint   ] Safepoint "ICBufferFull", Time since last: 1079083 ns, Reaching safepoint: 163583 ns, At safepoint: 2584 ns, Total: 166167 ns
[2023-01-09T09:50:22.822+0000][8][safepoint   ] Safepoint "ICBufferFull", Time since last: 5733208 ns, Reaching safepoint: 15671750 ns, At safepoint: 12583 ns, Total: 15684333 ns
[2023-01-09T09:50:22.826+0000][8][safepoint   ] Safepoint "ICBufferFull", Time since last: 2698459 ns, Reaching safepoint: 1059958 ns, At safepoint: 8833 ns, Total: 1068791 ns
[2023-01-09T09:50:22.828+0000][8][safepoint   ] Safepoint "ICBufferFull", Time since last: 1667042 ns, Reaching safepoint: 594333 ns, At safepoint: 3334 ns, Total: 597667 ns
[2023-01-09T09:50:22.829+0000][8][safepoint   ] Safepoint "ICBufferFull", Time since last: 1214875 ns, Reaching safepoint: 92208 ns, At safepoint: 1875 ns, Total: 94083 ns
[2023-01-09T09:50:22.831+0000][8][safepoint   ] Safepoint "ICBufferFull", Time since last: 1429583 ns, Reaching safepoint: 102750 ns, At safepoint: 2542 ns, Total: 105292 ns
[2023-01-09T09:50:22.836+0000][8][safepoint   ] Safepoint "ICBufferFull", Time since last: 1557042 ns, Reaching safepoint: 3672250 ns, At safepoint: 8791 ns, Total: 3681041 ns
[2023-01-09T09:50:22.837+0000][8][safepoint   ] Safepoint "ICBufferFull", Time since last: 1310375 ns, Reaching safepoint: 26084 ns, At safepoint: 1458 ns, Total: 27542 ns
[2023-01-09T09:50:23.189+0000][8][safepoint   ] Safepoint "ICBufferFull", Time since last: 351056834 ns, Reaching safepoint: 182916 ns, At safepoint: 2875 ns, Total: 185791 ns
[2023-01-09T09:50:23.571+0000][8][safepoint   ] Safepoint "ICBufferFull", Time since last: 381976875 ns, Reaching safepoint: 171000 ns, At safepoint: 1875 ns, Total: 172875 ns
[2023-01-09T09:50:23.595+0000][8][gc,start    ] GC(4) Pause Young (Normal) (G1 Evacuation Pause)
[2023-01-09T09:50:23.596+0000][8][gc,task     ] GC(4) Using 4 workers of 4 for evacuation
[2023-01-09T09:50:23.597+0000][8][gc,age      ] GC(4) Desired survivor size 12582912 bytes, new threshold 15 (max threshold 15)
[2023-01-09T09:50:23.609+0000][8][gc,age      ] GC(4) Age table with threshold 15 (max threshold 15)
[2023-01-09T09:50:23.610+0000][8][gc,age      ] GC(4) - age   1:    5277808 bytes,    5277808 total
[2023-01-09T09:50:23.611+0000][8][gc,age      ] GC(4) - age   2:    1160192 bytes,    6438000 total
[2023-01-09T09:50:23.613+0000][8][gc,age      ] GC(4) - age   3:    1997192 bytes,    8435192 total
[2023-01-09T09:50:23.613+0000][8][gc,phases   ] GC(4)   Pre Evacuate Collection Set: 0.2ms
[2023-01-09T09:50:23.614+0000][8][gc,phases   ] GC(4)   Merge Heap Roots: 0.0ms
[2023-01-09T09:50:23.615+0000][8][gc,phases   ] GC(4)   Evacuate Collection Set: 9.7ms
[2023-01-09T09:50:23.616+0000][8][gc,phases   ] GC(4)   Post Evacuate Collection Set: 0.5ms
[2023-01-09T09:50:23.617+0000][8][gc,phases   ] GC(4)   Other: 7.8ms
[2023-01-09T09:50:23.618+0000][8][gc,heap     ] GC(4) Eden regions: 182->0(298)
[2023-01-09T09:50:23.619+0000][8][gc,heap     ] GC(4) Survivor regions: 5->9(24)
[2023-01-09T09:50:23.620+0000][8][gc,heap     ] GC(4) Old regions: 4->4
[2023-01-09T09:50:23.621+0000][8][gc,heap     ] GC(4) Archive regions: 0->0
[2023-01-09T09:50:23.622+0000][8][gc,heap     ] GC(4) Humongous regions: 2->1
[2023-01-09T09:50:23.623+0000][8][gc,metaspace] GC(4) Metaspace: 25943K(26624K)->25943K(26624K) NonClass: 23055K(23552K)->23055K(23552K) Class: 2888K(3072K)->2888K(3072K)
[2023-01-09T09:50:23.624+0000][8][gc          ] GC(4) Pause Young (Normal) (G1 Evacuation Pause) 192M->13M(512M) 28.251ms
[2023-01-09T09:50:23.624+0000][8][gc,cpu      ] GC(4) User=0.02s Sys=0.00s Real=0.02s
[2023-01-09T09:50:23.625+0000][8][safepoint   ] Safepoint "G1CollectForAllocation", Time since last: 24173084 ns, Reaching safepoint: 123250 ns, At safepoint: 29870083 ns, Total: 29993333 ns
[2023-01-09T09:50:24.299+0000][8][safepoint   ] Safepoint "ICBufferFull", Time since last: 673784459 ns, Reaching safepoint: 209291 ns, At safepoint: 1792 ns, Total: 211083 ns
[2023-01-09T09:50:24.506+0000][8][gc,start    ] GC(5) Pause Young (Normal) (G1 Evacuation Pause)
[2023-01-09T09:50:24.507+0000][8][gc,task     ] GC(5) Using 4 workers of 4 for evacuation
[2023-01-09T09:50:24.508+0000][8][gc,age      ] GC(5) Desired survivor size 20447232 bytes, new threshold 15 (max threshold 15)
[2023-01-09T09:50:24.535+0000][8][gc,age      ] GC(5) Age table with threshold 15 (max threshold 15)
[2023-01-09T09:50:24.537+0000][8][gc,age      ] GC(5) - age   1:    4215888 bytes,    4215888 total
[2023-01-09T09:50:24.538+0000][8][gc,age      ] GC(5) - age   2:    4320736 bytes,    8536624 total
[2023-01-09T09:50:24.539+0000][8][gc,age      ] GC(5) - age   3:    1160016 bytes,    9696640 total
[2023-01-09T09:50:24.544+0000][8][gc,age      ] GC(5) - age   4:    1997192 bytes,   11693832 total
[2023-01-09T09:50:24.547+0000][8][gc,phases   ] GC(5)   Pre Evacuate Collection Set: 0.1ms
[2023-01-09T09:50:24.550+0000][8][gc,phases   ] GC(5)   Merge Heap Roots: 0.0ms
[2023-01-09T09:50:24.551+0000][8][gc,phases   ] GC(5)   Evacuate Collection Set: 17.9ms
[2023-01-09T09:50:24.555+0000][8][gc,phases   ] GC(5)   Post Evacuate Collection Set: 0.7ms
[2023-01-09T09:50:24.558+0000][8][gc,phases   ] GC(5)   Other: 22.7ms
[2023-01-09T09:50:24.558+0000][8][gc,heap     ] GC(5) Eden regions: 298->0(295)
[2023-01-09T09:50:24.560+0000][8][gc,heap     ] GC(5) Survivor regions: 9->12(39)
[2023-01-09T09:50:24.561+0000][8][gc,heap     ] GC(5) Old regions: 4->4
[2023-01-09T09:50:24.562+0000][8][gc,heap     ] GC(5) Archive regions: 0->0
[2023-01-09T09:50:24.562+0000][8][gc,heap     ] GC(5) Humongous regions: 1->1
[2023-01-09T09:50:24.563+0000][8][gc,metaspace] GC(5) Metaspace: 27651K(28672K)->27651K(28672K) NonClass: 24570K(25344K)->24570K(25344K) Class: 3080K(3328K)->3080K(3328K)
[2023-01-09T09:50:24.564+0000][8][gc          ] GC(5) Pause Young (Normal) (G1 Evacuation Pause) 311M->16M(512M) 58.392ms
[2023-01-09T09:50:24.565+0000][8][gc,cpu      ] GC(5) User=0.03s Sys=0.00s Real=0.06s
[2023-01-09T09:50:24.566+0000][8][safepoint   ] Safepoint "G1CollectForAllocation", Time since last: 206467208 ns, Reaching safepoint: 135000 ns, At safepoint: 60595876 ns, Total: 60730876 ns
[2023-01-09T09:50:25.243+0000][8][gc,start    ] GC(6) Pause Young (Normal) (G1 Evacuation Pause)
[2023-01-09T09:50:25.244+0000][8][gc,task     ] GC(6) Using 4 workers of 4 for evacuation
[2023-01-09T09:50:25.245+0000][8][gc,age      ] GC(6) Desired survivor size 20447232 bytes, new threshold 15 (max threshold 15)
[2023-01-09T09:50:25.271+0000][8][gc,age      ] GC(6) Age table with threshold 15 (max threshold 15)
[2023-01-09T09:50:25.272+0000][8][gc,age      ] GC(6) - age   1:    2644528 bytes,    2644528 total
[2023-01-09T09:50:25.273+0000][8][gc,age      ] GC(6) - age   2:    3278376 bytes,    5922904 total
[2023-01-09T09:50:25.274+0000][8][gc,age      ] GC(6) - age   3:    4316432 bytes,   10239336 total
[2023-01-09T09:50:25.275+0000][8][gc,age      ] GC(6) - age   4:    1159872 bytes,   11399208 total
[2023-01-09T09:50:25.276+0000][8][gc,age      ] GC(6) - age   5:    1997192 bytes,   13396400 total
[2023-01-09T09:50:25.277+0000][8][gc,phases   ] GC(6)   Pre Evacuate Collection Set: 0.1ms
[2023-01-09T09:50:25.278+0000][8][gc,phases   ] GC(6)   Merge Heap Roots: 0.2ms
[2023-01-09T09:50:25.278+0000][8][gc,phases   ] GC(6)   Evacuate Collection Set: 21.4ms
[2023-01-09T09:50:25.279+0000][8][gc,phases   ] GC(6)   Post Evacuate Collection Set: 3.1ms
[2023-01-09T09:50:25.280+0000][8][gc,phases   ] GC(6)   Other: 9.3ms
[2023-01-09T09:50:25.281+0000][8][gc,heap     ] GC(6) Eden regions: 295->0(293)
[2023-01-09T09:50:25.282+0000][8][gc,heap     ] GC(6) Survivor regions: 12->14(39)
[2023-01-09T09:50:25.282+0000][8][gc,heap     ] GC(6) Old regions: 4->4
[2023-01-09T09:50:25.283+0000][8][gc,heap     ] GC(6) Archive regions: 0->0
[2023-01-09T09:50:25.284+0000][8][gc,heap     ] GC(6) Humongous regions: 1->1
[2023-01-09T09:50:25.285+0000][8][gc,metaspace] GC(6) Metaspace: 28025K(29312K)->28025K(29312K) NonClass: 24876K(25856K)->24876K(25856K) Class: 3148K(3456K)->3148K(3456K)
[2023-01-09T09:50:25.286+0000][8][gc          ] GC(6) Pause Young (Normal) (G1 Evacuation Pause) 311M->18M(512M) 42.705ms
[2023-01-09T09:50:25.286+0000][8][gc,cpu      ] GC(6) User=0.04s Sys=0.00s Real=0.05s
[2023-01-09T09:50:25.287+0000][8][safepoint   ] Safepoint "G1CollectForAllocation", Time since last: 667583750 ns, Reaching safepoint: 8899958 ns, At safepoint: 44415667 ns, Total: 53315625 ns
[2023-01-09T09:50:25.823+0000][8][safepoint   ] Safepoint "ICBufferFull", Time since last: 532632792 ns, Reaching safepoint: 2917458 ns, At safepoint: 4917 ns, Total: 2922375 ns
[2023-01-09T09:50:25.927+0000][8][gc,start    ] GC(7) Pause Young (Normal) (G1 Evacuation Pause)
[2023-01-09T09:50:25.928+0000][8][gc,task     ] GC(7) Using 4 workers of 4 for evacuation
[2023-01-09T09:50:25.929+0000][8][gc,age      ] GC(7) Desired survivor size 20447232 bytes, new threshold 15 (max threshold 15)
[2023-01-09T09:50:25.937+0000][8][gc,age      ] GC(7) Age table with threshold 15 (max threshold 15)
[2023-01-09T09:50:25.941+0000][8][gc,age      ] GC(7) - age   1:    3103928 bytes,    3103928 total
[2023-01-09T09:50:25.942+0000][8][gc,age      ] GC(7) - age   2:     609200 bytes,    3713128 total
[2023-01-09T09:50:25.944+0000][8][gc,age      ] GC(7) - age   3:    3276600 bytes,    6989728 total
[2023-01-09T09:50:25.945+0000][8][gc,age      ] GC(7) - age   4:    4315992 bytes,   11305720 total
[2023-01-09T09:50:25.946+0000][8][gc,age      ] GC(7) - age   5:    1159872 bytes,   12465592 total
[2023-01-09T09:50:25.946+0000][8][gc,age      ] GC(7) - age   6:    1997192 bytes,   14462784 total
[2023-01-09T09:50:25.947+0000][8][gc,phases   ] GC(7)   Pre Evacuate Collection Set: 0.6ms
[2023-01-09T09:50:25.948+0000][8][gc,phases   ] GC(7)   Merge Heap Roots: 0.0ms
[2023-01-09T09:50:25.949+0000][8][gc,phases   ] GC(7)   Evacuate Collection Set: 5.9ms
[2023-01-09T09:50:25.950+0000][8][gc,phases   ] GC(7)   Post Evacuate Collection Set: 0.6ms
[2023-01-09T09:50:25.950+0000][8][gc,phases   ] GC(7)   Other: 13.2ms
[2023-01-09T09:50:25.951+0000][8][gc,heap     ] GC(7) Eden regions: 293->0(292)
[2023-01-09T09:50:25.952+0000][8][gc,heap     ] GC(7) Survivor regions: 14->15(39)
[2023-01-09T09:50:25.953+0000][8][gc,heap     ] GC(7) Old regions: 4->4
[2023-01-09T09:50:25.954+0000][8][gc,heap     ] GC(7) Archive regions: 0->0
[2023-01-09T09:50:25.954+0000][8][gc,heap     ] GC(7) Humongous regions: 1->1
[2023-01-09T09:50:25.955+0000][8][gc,metaspace] GC(7) Metaspace: 28552K(29952K)->28552K(29952K) NonClass: 25323K(26368K)->25323K(26368K) Class: 3229K(3584K)->3229K(3584K)
[2023-01-09T09:50:25.955+0000][8][gc          ] GC(7) Pause Young (Normal) (G1 Evacuation Pause) 311M->19M(512M) 28.527ms
[2023-01-09T09:50:25.956+0000][8][gc,cpu      ] GC(7) User=0.01s Sys=0.00s Real=0.03s
[2023-01-09T09:50:25.957+0000][8][safepoint   ] Safepoint "G1CollectForAllocation", Time since last: 102807042 ns, Reaching safepoint: 1199791 ns, At safepoint: 29885209 ns, Total: 31085000 ns
[2023-01-09T09:50:26.484+0000][8][safepoint   ] Safepoint "ICBufferFull", Time since last: 527582083 ns, Reaching safepoint: 197208 ns, At safepoint: 2667 ns, Total: 199875 ns
[2023-01-09T09:50:26.846+0000][8][gc,start    ] GC(8) Pause Young (Concurrent Start) (Metadata GC Threshold)
[2023-01-09T09:50:26.847+0000][8][gc,task     ] GC(8) Using 4 workers of 4 for evacuation
[2023-01-09T09:50:26.847+0000][8][gc,age      ] GC(8) Desired survivor size 20447232 bytes, new threshold 15 (max threshold 15)
[2023-01-09T09:50:26.866+0000][8][gc,age      ] GC(8) Age table with threshold 15 (max threshold 15)
[2023-01-09T09:50:26.867+0000][8][gc,age      ] GC(8) - age   1:    2079632 bytes,    2079632 total
[2023-01-09T09:50:26.868+0000][8][gc,age      ] GC(8) - age   2:    2300024 bytes,    4379656 total
[2023-01-09T09:50:26.869+0000][8][gc,age      ] GC(8) - age   3:     598384 bytes,    4978040 total
[2023-01-09T09:50:26.870+0000][8][gc,age      ] GC(8) - age   4:    3261608 bytes,    8239648 total
[2023-01-09T09:50:26.871+0000][8][gc,age      ] GC(8) - age   5:    4304632 bytes,   12544280 total
[2023-01-09T09:50:26.872+0000][8][gc,age      ] GC(8) - age   6:    1129488 bytes,   13673768 total
[2023-01-09T09:50:26.873+0000][8][gc,age      ] GC(8) - age   7:    1994200 bytes,   15667968 total
[2023-01-09T09:50:26.873+0000][8][gc,phases   ] GC(8)   Pre Evacuate Collection Set: 2.9ms
[2023-01-09T09:50:26.874+0000][8][gc,phases   ] GC(8)   Merge Heap Roots: 0.1ms
[2023-01-09T09:50:26.875+0000][8][gc,phases   ] GC(8)   Evacuate Collection Set: 11.3ms
[2023-01-09T09:50:26.876+0000][8][gc,phases   ] GC(8)   Post Evacuate Collection Set: 3.7ms
[2023-01-09T09:50:26.877+0000][8][gc,phases   ] GC(8)   Other: 9.9ms
[2023-01-09T09:50:26.878+0000][8][gc,heap     ] GC(8) Eden regions: 130->0(291)
[2023-01-09T09:50:26.879+0000][8][gc,heap     ] GC(8) Survivor regions: 15->16(39)
[2023-01-09T09:50:26.879+0000][8][gc,heap     ] GC(8) Old regions: 4->4
[2023-01-09T09:50:26.880+0000][8][gc,heap     ] GC(8) Archive regions: 0->0
[2023-01-09T09:50:26.881+0000][8][gc,heap     ] GC(8) Humongous regions: 1->1
[2023-01-09T09:50:26.881+0000][8][gc,metaspace] GC(8) Metaspace: 33848K(35584K)->33848K(35584K) NonClass: 29926K(31232K)->29926K(31232K) Class: 3921K(4352K)->3921K(4352K)
[2023-01-09T09:50:26.882+0000][8][gc          ] GC(8) Pause Young (Concurrent Start) (Metadata GC Threshold) 148M->20M(512M) 36.177ms
[2023-01-09T09:50:26.882+0000][8][gc,cpu      ] GC(8) User=0.01s Sys=0.00s Real=0.03s
[2023-01-09T09:50:26.883+0000][8][safepoint   ] Safepoint "CollectForMetadataAllocation", Time since last: 361118584 ns, Reaching safepoint: 179416 ns, At safepoint: 37196000 ns, Total: 37375416 ns
[2023-01-09T09:50:26.883+0000][8][gc          ] GC(9) Concurrent Cycle
[2023-01-09T09:50:26.884+0000][8][gc,marking  ] GC(9) Concurrent Clear Claimed Marks
[2023-01-09T09:50:26.884+0000][8][gc,marking  ] GC(9) Concurrent Clear Claimed Marks 0.523ms
[2023-01-09T09:50:26.885+0000][8][gc,marking  ] GC(9) Concurrent Scan Root Regions
[2023-01-09T09:50:26.890+0000][8][gc,marking  ] GC(9) Concurrent Scan Root Regions 4.443ms
[2023-01-09T09:50:26.891+0000][8][gc,marking  ] GC(9) Concurrent Mark (7.923s)
[2023-01-09T09:50:26.892+0000][8][gc,marking  ] GC(9) Concurrent Mark From Roots
[2023-01-09T09:50:26.892+0000][8][gc,task     ] GC(9) Using 1 workers of 1 for marking
[2023-01-09T09:50:26.896+0000][8][gc,marking  ] GC(9) Concurrent Mark From Roots 4.632ms
[2023-01-09T09:50:26.901+0000][8][gc,marking  ] GC(9) Concurrent Preclean
[2023-01-09T09:50:26.902+0000][8][gc,marking  ] GC(9) Concurrent Preclean 1.618ms
[2023-01-09T09:50:26.905+0000][8][safepoint   ] Safepoint "CollectForMetadataAllocation", Time since last: 20627125 ns, Reaching safepoint: 1644292 ns, At safepoint: 71292 ns, Total: 1715584 ns
[2023-01-09T09:50:26.905+0000][8][gc,marking  ] GC(9) Concurrent Mark (7.923s, 7.936s) 13.059ms
[2023-01-09T09:50:26.907+0000][8][gc,start    ] GC(9) Pause Remark
[2023-01-09T09:50:26.913+0000][8][gc          ] GC(9) Pause Remark 22M->22M(512M) 6.053ms
[2023-01-09T09:50:26.914+0000][8][gc,cpu      ] GC(9) User=0.01s Sys=0.00s Real=0.00s
[2023-01-09T09:50:26.915+0000][8][safepoint   ] Safepoint "G1Concurrent", Time since last: 1551875 ns, Reaching safepoint: 240000 ns, At safepoint: 7782916 ns, Total: 8022916 ns
[2023-01-09T09:50:26.915+0000][8][gc,marking  ] GC(9) Concurrent Rebuild Remembered Sets
[2023-01-09T09:50:26.918+0000][8][gc,marking  ] GC(9) Concurrent Rebuild Remembered Sets 2.626ms
[2023-01-09T09:50:26.919+0000][8][gc,start    ] GC(9) Pause Cleanup
[2023-01-09T09:50:26.920+0000][8][gc          ] GC(9) Pause Cleanup 22M->22M(512M) 0.662ms
[2023-01-09T09:50:26.920+0000][8][gc,cpu      ] GC(9) User=0.00s Sys=0.00s Real=0.00s
[2023-01-09T09:50:26.921+0000][8][safepoint   ] Safepoint "G1Concurrent", Time since last: 4077167 ns, Reaching safepoint: 233208 ns, At safepoint: 2075500 ns, Total: 2308708 ns
[2023-01-09T09:50:26.922+0000][8][gc,marking  ] GC(9) Concurrent Cleanup for Next Mark
[2023-01-09T09:50:26.924+0000][8][gc,marking  ] GC(9) Concurrent Cleanup for Next Mark 1.652ms
[2023-01-09T09:50:26.925+0000][8][gc          ] GC(9) Concurrent Cycle 41.684ms
[2023-01-09T09:50:27.933+0000][8][safepoint   ] Safepoint "ICBufferFull", Time since last: 999881666 ns, Reaching safepoint: 12667750 ns, At safepoint: 15250 ns, Total: 12683000 ns
[2023-01-09T09:50:28.776+0000][8][safepoint   ] Safepoint "ICBufferFull", Time since last: 842315709 ns, Reaching safepoint: 169000 ns, At safepoint: 2167 ns, Total: 171167 ns
[2023-01-09T09:50:29.440+0000][8][safepoint   ] Safepoint "ICBufferFull", Time since last: 661689167 ns, Reaching safepoint: 2411792 ns, At safepoint: 3833 ns, Total: 2415625 ns
[2023-01-09T09:50:29.835+0000][8][safepoint   ] Safepoint "ICBufferFull", Time since last: 393770125 ns, Reaching safepoint: 937875 ns, At safepoint: 2500 ns, Total: 940375 ns
[2023-01-09T09:50:29.940+0000][8][gc,start    ] GC(10) Pause Young (Concurrent Start) (G1 Evacuation Pause)
[2023-01-09T09:50:29.941+0000][8][gc,task     ] GC(10) Using 4 workers of 4 for evacuation
[2023-01-09T09:50:29.942+0000][8][gc,age      ] GC(10) Desired survivor size 20447232 bytes, new threshold 15 (max threshold 15)
[2023-01-09T09:50:30.088+0000][8][gc,age      ] GC(10) Age table with threshold 15 (max threshold 15)
[2023-01-09T09:50:30.089+0000][8][gc,age      ] GC(10) - age   1:   25354520 bytes,   25354520 total
[2023-01-09T09:50:30.090+0000][8][gc,age      ] GC(10) - age   2:    1966848 bytes,   27321368 total
[2023-01-09T09:50:30.091+0000][8][gc,age      ] GC(10) - age   3:    2296512 bytes,   29617880 total
[2023-01-09T09:50:30.092+0000][8][gc,age      ] GC(10) - age   4:     593168 bytes,   30211048 total
[2023-01-09T09:50:30.093+0000][8][gc,age      ] GC(10) - age   5:    3249688 bytes,   33460736 total
[2023-01-09T09:50:30.094+0000][8][gc,age      ] GC(10) - age   6:    4276880 bytes,   37737616 total
[2023-01-09T09:50:30.095+0000][8][gc,age      ] GC(10) - age   7:    1108640 bytes,   38846256 total
[2023-01-09T09:50:30.095+0000][8][gc,age      ] GC(10) - age   8:    1986296 bytes,   40832552 total
[2023-01-09T09:50:30.096+0000][8][gc,phases   ] GC(10)   Pre Evacuate Collection Set: 0.2ms
[2023-01-09T09:50:30.097+0000][8][gc,phases   ] GC(10)   Merge Heap Roots: 0.1ms
[2023-01-09T09:50:30.098+0000][8][gc,phases   ] GC(10)   Evacuate Collection Set: 124.3ms
[2023-01-09T09:50:30.099+0000][8][gc,phases   ] GC(10)   Post Evacuate Collection Set: 19.8ms
[2023-01-09T09:50:30.100+0000][8][gc,phases   ] GC(10)   Other: 12.1ms
[2023-01-09T09:50:30.101+0000][8][gc,heap     ] GC(10) Eden regions: 291->0(268)
[2023-01-09T09:50:30.101+0000][8][gc,heap     ] GC(10) Survivor regions: 16->39(39)
[2023-01-09T09:50:30.102+0000][8][gc,heap     ] GC(10) Old regions: 4->9
[2023-01-09T09:50:30.103+0000][8][gc,heap     ] GC(10) Archive regions: 0->0
[2023-01-09T09:50:30.104+0000][8][gc,heap     ] GC(10) Humongous regions: 1->1
[2023-01-09T09:50:30.104+0000][8][gc,metaspace] GC(10) Metaspace: 43234K(45824K)->43234K(45824K) NonClass: 38001K(39936K)->38001K(39936K) Class: 5232K(5888K)->5232K(5888K)
[2023-01-09T09:50:30.105+0000][8][gc          ] GC(10) Pause Young (Concurrent Start) (G1 Evacuation Pause) 311M->48M(512M) 165.363ms
[2023-01-09T09:50:30.106+0000][8][gc,cpu      ] GC(10) User=0.14s Sys=0.00s Real=0.17s
[2023-01-09T09:50:30.107+0000][8][safepoint   ] Safepoint "G1CollectForAllocation", Time since last: 104940333 ns, Reaching safepoint: 63959 ns, At safepoint: 166936875 ns, Total: 167000834 ns
[2023-01-09T09:50:30.109+0000][8][gc          ] GC(11) Concurrent Cycle
[2023-01-09T09:50:30.110+0000][8][gc,marking  ] GC(11) Concurrent Clear Claimed Marks
[2023-01-09T09:50:30.110+0000][8][gc,marking  ] GC(11) Concurrent Clear Claimed Marks 0.928ms
[2023-01-09T09:50:30.111+0000][8][gc,marking  ] GC(11) Concurrent Scan Root Regions
[2023-01-09T09:50:30.191+0000][8][gc,marking  ] GC(11) Concurrent Scan Root Regions 79.325ms
[2023-01-09T09:50:30.193+0000][8][gc,marking  ] GC(11) Concurrent Mark (11.226s)
[2023-01-09T09:50:30.194+0000][8][gc,marking  ] GC(11) Concurrent Mark From Roots
[2023-01-09T09:50:30.195+0000][8][gc,task     ] GC(11) Using 1 workers of 1 for marking
[2023-01-09T09:50:30.201+0000][8][gc,marking  ] GC(11) Concurrent Mark From Roots 7.103ms
[2023-01-09T09:50:30.208+0000][8][gc,marking  ] GC(11) Concurrent Preclean
[2023-01-09T09:50:30.209+0000][8][gc,marking  ] GC(11) Concurrent Preclean 0.856ms
[2023-01-09T09:50:30.219+0000][8][gc,marking  ] GC(11) Concurrent Mark (11.226s, 11.251s) 25.572ms
[2023-01-09T09:50:30.220+0000][8][gc,start    ] GC(11) Pause Remark
[2023-01-09T09:50:30.229+0000][8][gc          ] GC(11) Pause Remark 83M->83M(512M) 9.088ms
[2023-01-09T09:50:30.230+0000][8][gc,cpu      ] GC(11) User=0.01s Sys=0.00s Real=0.01s
[2023-01-09T09:50:30.232+0000][8][safepoint   ] Safepoint "G1Concurrent", Time since last: 112960667 ns, Reaching safepoint: 493125 ns, At safepoint: 11890166 ns, Total: 12383291 ns
[2023-01-09T09:50:30.233+0000][8][gc,marking  ] GC(11) Concurrent Rebuild Remembered Sets
[2023-01-09T09:50:30.245+0000][8][gc,marking  ] GC(11) Concurrent Rebuild Remembered Sets 12.203ms
[2023-01-09T09:50:30.256+0000][8][gc,start    ] GC(11) Pause Cleanup
[2023-01-09T09:50:30.257+0000][8][gc          ] GC(11) Pause Cleanup 83M->83M(512M) 1.521ms
[2023-01-09T09:50:30.258+0000][8][gc,cpu      ] GC(11) User=0.00s Sys=0.00s Real=0.00s
[2023-01-09T09:50:30.259+0000][8][safepoint   ] Safepoint "G1Concurrent", Time since last: 15224417 ns, Reaching safepoint: 8628000 ns, At safepoint: 2912083 ns, Total: 11540083 ns
[2023-01-09T09:50:30.260+0000][8][gc,marking  ] GC(11) Concurrent Cleanup for Next Mark
[2023-01-09T09:50:30.261+0000][8][gc,marking  ] GC(11) Concurrent Cleanup for Next Mark 1.043ms
[2023-01-09T09:50:30.262+0000][8][gc          ] GC(11) Concurrent Cycle 153.213ms
[2023-01-09T09:50:31.179+0000][8][safepoint   ] Safepoint "ICBufferFull", Time since last: 917511084 ns, Reaching safepoint: 2837667 ns, At safepoint: 11583 ns, Total: 2849250 ns
[2023-01-09T09:50:31.705+0000][8][safepoint   ] Safepoint "ICBufferFull", Time since last: 525604834 ns, Reaching safepoint: 103500 ns, At safepoint: 3041 ns, Total: 106541 ns
[2023-01-09T09:50:31.963+0000][8][safepoint   ] Safepoint "ICBufferFull", Time since last: 258195375 ns, Reaching safepoint: 287709 ns, At safepoint: 2166 ns, Total: 289875 ns
[2023-01-09T09:50:32.959+0000][8][safepoint   ] Safepoint "ICBufferFull", Time since last: 995089168 ns, Reaching safepoint: 164666 ns, At safepoint: 1792 ns, Total: 166458 ns
[2023-01-09T09:50:33.145+0000][8][safepoint   ] Safepoint "ICBufferFull", Time since last: 185582708 ns, Reaching safepoint: 734750 ns, At safepoint: 3292 ns, Total: 738042 ns
[2023-01-09T09:50:33.262+0000][8][safepoint   ] Safepoint "ICBufferFull", Time since last: 116833333 ns, Reaching safepoint: 141667 ns, At safepoint: 2125 ns, Total: 143792 ns
[2023-01-09T09:50:34.083+0000][8][safepoint   ] Safepoint "ICBufferFull", Time since last: 820162917 ns, Reaching safepoint: 499292 ns, At safepoint: 2416 ns, Total: 501708 ns
[2023-01-09T09:50:34.409+0000][8][gc,start    ] GC(12) Pause Young (Concurrent Start) (Metadata GC Threshold)
[2023-01-09T09:50:34.411+0000][8][gc,task     ] GC(12) Using 4 workers of 4 for evacuation
[2023-01-09T09:50:34.412+0000][8][gc,age      ] GC(12) Desired survivor size 20447232 bytes, new threshold 1 (max threshold 15)
[2023-01-09T09:50:34.486+0000][8][gc,age      ] GC(12) Age table with threshold 1 (max threshold 15)
[2023-01-09T09:50:34.488+0000][8][gc,age      ] GC(12) - age   1:   12302456 bytes,   12302456 total
[2023-01-09T09:50:34.489+0000][8][gc,phases   ] GC(12)   Pre Evacuate Collection Set: 0.2ms
[2023-01-09T09:50:34.490+0000][8][gc,phases   ] GC(12)   Merge Heap Roots: 0.3ms
[2023-01-09T09:50:34.491+0000][8][gc,phases   ] GC(12)   Evacuate Collection Set: 68.7ms
[2023-01-09T09:50:34.491+0000][8][gc,phases   ] GC(12)   Post Evacuate Collection Set: 4.9ms
[2023-01-09T09:50:34.492+0000][8][gc,phases   ] GC(12)   Other: 5.6ms
[2023-01-09T09:50:34.493+0000][8][gc,heap     ] GC(12) Eden regions: 222->0(280)
[2023-01-09T09:50:34.493+0000][8][gc,heap     ] GC(12) Survivor regions: 39->13(39)
[2023-01-09T09:50:34.494+0000][8][gc,heap     ] GC(12) Old regions: 9->48
[2023-01-09T09:50:34.495+0000][8][gc,heap     ] GC(12) Archive regions: 0->0
[2023-01-09T09:50:34.495+0000][8][gc,heap     ] GC(12) Humongous regions: 1->1
[2023-01-09T09:50:34.496+0000][8][gc,metaspace] GC(12) Metaspace: 73050K(76800K)->73050K(76800K) NonClass: 63450K(66176K)->63450K(66176K) Class: 9600K(10624K)->9600K(10624K)
[2023-01-09T09:50:34.497+0000][8][gc          ] GC(12) Pause Young (Concurrent Start) (Metadata GC Threshold) 270M->61M(512M) 87.314ms
[2023-01-09T09:50:34.498+0000][8][gc,cpu      ] GC(12) User=0.09s Sys=0.01s Real=0.09s
[2023-01-09T09:50:34.499+0000][8][gc          ] GC(13) Concurrent Cycle
[2023-01-09T09:50:34.499+0000][8][gc,marking  ] GC(13) Concurrent Clear Claimed Marks
[2023-01-09T09:50:34.500+0000][8][gc,marking  ] GC(13) Concurrent Clear Claimed Marks 0.729ms
[2023-01-09T09:50:34.501+0000][8][gc,marking  ] GC(13) Concurrent Scan Root Regions
[2023-01-09T09:50:34.499+0000][8][safepoint   ] Safepoint "CollectForMetadataAllocation", Time since last: 324466792 ns, Reaching safepoint: 616125 ns, At safepoint: 90959917 ns, Total: 91576042 ns
[2023-01-09T09:50:34.544+0000][8][gc,marking  ] GC(13) Concurrent Scan Root Regions 42.249ms
[2023-01-09T09:50:34.544+0000][8][gc,marking  ] GC(13) Concurrent Mark (15.577s)
[2023-01-09T09:50:34.545+0000][8][gc,marking  ] GC(13) Concurrent Mark From Roots
[2023-01-09T09:50:34.546+0000][8][gc,task     ] GC(13) Using 1 workers of 1 for marking
[2023-01-09T09:50:34.551+0000][8][safepoint   ] Safepoint "CollectForMetadataAllocation", Time since last: 52145958 ns, Reaching safepoint: 82250 ns, At safepoint: 80959 ns, Total: 163209 ns
[2023-01-09T09:50:34.555+0000][8][gc,marking  ] GC(13) Concurrent Mark From Roots 9.195ms
[2023-01-09T09:50:34.555+0000][8][gc,marking  ] GC(13) Concurrent Preclean
[2023-01-09T09:50:34.556+0000][8][gc,marking  ] GC(13) Concurrent Preclean 1.023ms
[2023-01-09T09:50:34.557+0000][8][gc,marking  ] GC(13) Concurrent Mark (15.577s, 15.589s) 12.564ms
[2023-01-09T09:50:34.558+0000][8][gc,start    ] GC(13) Pause Remark
[2023-01-09T09:50:34.563+0000][8][gc          ] GC(13) Pause Remark 64M->64M(512M) 4.489ms
[2023-01-09T09:50:34.564+0000][8][gc,cpu      ] GC(13) User=0.00s Sys=0.00s Real=0.00s
[2023-01-09T09:50:34.565+0000][8][safepoint   ] Safepoint "G1Concurrent", Time since last: 7239125 ns, Reaching safepoint: 111750 ns, At safepoint: 6278000 ns, Total: 6389750 ns
[2023-01-09T09:50:34.566+0000][8][gc,marking  ] GC(13) Concurrent Rebuild Remembered Sets
[2023-01-09T09:50:34.601+0000][8][gc,marking  ] GC(13) Concurrent Rebuild Remembered Sets 34.607ms
[2023-01-09T09:50:34.602+0000][8][gc,start    ] GC(13) Pause Cleanup
[2023-01-09T09:50:34.603+0000][8][gc          ] GC(13) Pause Cleanup 65M->65M(512M) 0.810ms
[2023-01-09T09:50:34.604+0000][8][gc,cpu      ] GC(13) User=0.00s Sys=0.00s Real=0.00s
[2023-01-09T09:50:34.605+0000][8][safepoint   ] Safepoint "G1Concurrent", Time since last: 36780666 ns, Reaching safepoint: 785875 ns, At safepoint: 3009084 ns, Total: 3794959 ns
[2023-01-09T09:50:34.606+0000][8][gc,marking  ] GC(13) Concurrent Cleanup for Next Mark
[2023-01-09T09:50:34.607+0000][8][gc,marking  ] GC(13) Concurrent Cleanup for Next Mark 0.980ms
[2023-01-09T09:50:34.608+0000][8][gc          ] GC(13) Concurrent Cycle 108.968ms
[2023-01-09T09:50:34.778+0000][8][safepoint   ] Safepoint "ICBufferFull", Time since last: 172747791 ns, Reaching safepoint: 188375 ns, At safepoint: 2542 ns, Total: 190917 ns
[2023-01-09T09:50:35.185+0000][8][safepoint   ] Safepoint "ICBufferFull", Time since last: 406530334 ns, Reaching safepoint: 338708 ns, At safepoint: 6458 ns, Total: 345166 ns
[2023-01-09T09:50:35.557+0000][8][safepoint   ] Safepoint "ICBufferFull", Time since last: 371514875 ns, Reaching safepoint: 277042 ns, At safepoint: 4333 ns, Total: 281375 ns
[2023-01-09T09:50:35.933+0000][8][gc,heap,exit] Heap
[2023-01-09T09:50:35.934+0000][8][gc,heap,exit]  garbage-first heap   total 524288K, used 152064K [0x00000000e0000000, 0x0000000100000000)
[2023-01-09T09:50:35.935+0000][8][gc,heap,exit]   region size 1024K, 101 young (103424K), 13 survivors (13312K)
[2023-01-09T09:50:35.936+0000][8][gc,heap,exit]  Metaspace       used 86311K, capacity 89298K, committed 90240K, reserved 1126400K
[2023-01-09T09:50:35.937+0000][8][gc,heap,exit]   class space    used 11404K, capacity 12371K, committed 12416K, reserved 1048576K
