[2023-01-09T09:49:59.175+0000][7][gc] Using G1
[2023-01-09T09:49:59.366+0000][7][gc,init] Version: 15+36-1562 (release)
[2023-01-09T09:49:59.367+0000][7][gc,init] CPUs: 4 total, 4 available
[2023-01-09T09:49:59.368+0000][7][gc,init] Memory: 7951M
[2023-01-09T09:49:59.369+0000][7][gc,init] Large Page Support: Disabled
[2023-01-09T09:49:59.370+0000][7][gc,init] NUMA Support: Disabled
[2023-01-09T09:49:59.371+0000][7][gc,init] Compressed Oops: Enabled (32-bit)
[2023-01-09T09:49:59.371+0000][7][gc,init] Heap Region Size: 1M
[2023-01-09T09:49:59.372+0000][7][gc,init] Heap Min Capacity: 512M
[2023-01-09T09:49:59.373+0000][7][gc,init] Heap Initial Capacity: 512M
[2023-01-09T09:49:59.374+0000][7][gc,init] Heap Max Capacity: 512M
[2023-01-09T09:49:59.375+0000][7][gc,init] Pre-touch: Enabled
[2023-01-09T09:49:59.376+0000][7][gc,init] Parallel Workers: 4
[2023-01-09T09:49:59.376+0000][7][gc,init] Concurrent Workers: 1
[2023-01-09T09:49:59.377+0000][7][gc,init] Concurrent Refinement Workers: 4
[2023-01-09T09:49:59.377+0000][7][gc,init] Periodic GC: Disabled
[2023-01-09T09:49:59.378+0000][7][gc,metaspace] CDS disabled.
[2023-01-09T09:49:59.379+0000][7][gc,metaspace] Compressed class space mapped at: 0x0000000100000000-0x0000000140000000, size: 1073741824
[2023-01-09T09:49:59.380+0000][7][gc,metaspace] Narrow klass base: 0x0000000000000000, Narrow klass shift: 3, Narrow klass range: 0x140000000
[2023-01-09T09:49:59.795+0000][7][safepoint   ] Safepoint "ICBufferFull", Time since last: 386737667 ns, Reaching safepoint: 262792 ns, At safepoint: 1208 ns, Total: 264000 ns
[2023-01-09T09:50:00.170+0000][7][safepoint   ] Safepoint "ICBufferFull", Time since last: 375168250 ns, Reaching safepoint: 195042 ns, At safepoint: 3083 ns, Total: 198125 ns
[2023-01-09T09:50:00.462+0000][7][safepoint   ] Safepoint "ICBufferFull", Time since last: 292015209 ns, Reaching safepoint: 87041 ns, At safepoint: 2875 ns, Total: 89916 ns
[2023-01-09T09:50:00.656+0000][7][gc,start    ] GC(0) Pause Young (Normal) (G1 Evacuation Pause)
[2023-01-09T09:50:00.658+0000][7][gc,task     ] GC(0) Using 4 workers of 4 for evacuation
[2023-01-09T09:50:00.659+0000][7][gc,age      ] GC(0) Desired survivor size 2097152 bytes, new threshold 15 (max threshold 15)
[2023-01-09T09:50:00.672+0000][7][gc,age      ] GC(0) Age table with threshold 15 (max threshold 15)
[2023-01-09T09:50:00.673+0000][7][gc,age      ] GC(0) - age   1:    3906088 bytes,    3906088 total
[2023-01-09T09:50:00.674+0000][7][gc,phases   ] GC(0)   Pre Evacuate Collection Set: 0.2ms
[2023-01-09T09:50:00.675+0000][7][gc,phases   ] GC(0)   Merge Heap Roots: 0.0ms
[2023-01-09T09:50:00.676+0000][7][gc,phases   ] GC(0)   Evacuate Collection Set: 11.1ms
[2023-01-09T09:50:00.677+0000][7][gc,phases   ] GC(0)   Post Evacuate Collection Set: 0.4ms
[2023-01-09T09:50:00.678+0000][7][gc,phases   ] GC(0)   Other: 6.2ms
[2023-01-09T09:50:00.679+0000][7][gc,heap     ] GC(0) Eden regions: 25->0(25)
[2023-01-09T09:50:00.680+0000][7][gc,heap     ] GC(0) Survivor regions: 0->4(4)
[2023-01-09T09:50:00.681+0000][7][gc,heap     ] GC(0) Old regions: 0->0
[2023-01-09T09:50:00.681+0000][7][gc,heap     ] GC(0) Archive regions: 0->0
[2023-01-09T09:50:00.682+0000][7][gc,heap     ] GC(0) Humongous regions: 1->1
[2023-01-09T09:50:00.683+0000][7][gc,metaspace] GC(0) Metaspace: 15588K(16128K)->15588K(16128K) NonClass: 14009K(14336K)->14009K(14336K) Class: 1578K(1792K)->1578K(1792K)
[2023-01-09T09:50:00.684+0000][7][gc          ] GC(0) Pause Young (Normal) (G1 Evacuation Pause) 26M->4M(512M) 27.474ms
[2023-01-09T09:50:00.684+0000][7][gc,cpu      ] GC(0) User=0.02s Sys=0.01s Real=0.02s
[2023-01-09T09:50:00.685+0000][7][safepoint   ] Safepoint "G1CollectForAllocation", Time since last: 193831250 ns, Reaching safepoint: 52334 ns, At safepoint: 29016125 ns, Total: 29068459 ns
[2023-01-09T09:50:01.252+0000][7][safepoint   ] Safepoint "ICBufferFull", Time since last: 565932083 ns, Reaching safepoint: 1365792 ns, At safepoint: 5500 ns, Total: 1371292 ns
[2023-01-09T09:50:01.590+0000][7][safepoint   ] Safepoint "ICBufferFull", Time since last: 337059209 ns, Reaching safepoint: 180583 ns, At safepoint: 1958 ns, Total: 182541 ns
[2023-01-09T09:50:01.622+0000][7][gc,start    ] GC(1) Pause Young (Concurrent Start) (Metadata GC Threshold)
[2023-01-09T09:50:01.623+0000][7][gc,task     ] GC(1) Using 4 workers of 4 for evacuation
[2023-01-09T09:50:01.623+0000][7][gc,age      ] GC(1) Desired survivor size 2097152 bytes, new threshold 1 (max threshold 15)
[2023-01-09T09:50:01.632+0000][7][gc,age      ] GC(1) Age table with threshold 1 (max threshold 15)
[2023-01-09T09:50:01.637+0000][7][gc,age      ] GC(1) - age   1:    2135432 bytes,    2135432 total
[2023-01-09T09:50:01.638+0000][7][gc,phases   ] GC(1)   Pre Evacuate Collection Set: 0.1ms
[2023-01-09T09:50:01.639+0000][7][gc,phases   ] GC(1)   Merge Heap Roots: 0.0ms
[2023-01-09T09:50:01.640+0000][7][gc,phases   ] GC(1)   Evacuate Collection Set: 7.7ms
[2023-01-09T09:50:01.640+0000][7][gc,phases   ] GC(1)   Post Evacuate Collection Set: 0.5ms
[2023-01-09T09:50:01.641+0000][7][gc,phases   ] GC(1)   Other: 7.8ms
[2023-01-09T09:50:01.642+0000][7][gc,heap     ] GC(1) Eden regions: 23->0(29)
[2023-01-09T09:50:01.643+0000][7][gc,heap     ] GC(1) Survivor regions: 4->3(4)
[2023-01-09T09:50:01.643+0000][7][gc,heap     ] GC(1) Old regions: 0->4
[2023-01-09T09:50:01.644+0000][7][gc,heap     ] GC(1) Archive regions: 0->0
[2023-01-09T09:50:01.645+0000][7][gc,heap     ] GC(1) Humongous regions: 1->1
[2023-01-09T09:50:01.645+0000][7][gc,metaspace] GC(1) Metaspace: 20701K(21248K)->20701K(21248K) NonClass: 18480K(18944K)->18480K(18944K) Class: 2221K(2304K)->2221K(2304K)
[2023-01-09T09:50:01.651+0000][7][gc          ] GC(1) Pause Young (Concurrent Start) (Metadata GC Threshold) 27M->6M(512M) 29.162ms
[2023-01-09T09:50:01.652+0000][7][gc,cpu      ] GC(1) User=0.01s Sys=0.00s Real=0.03s
[2023-01-09T09:50:01.653+0000][7][safepoint   ] Safepoint "CollectForMetadataAllocation", Time since last: 32085209 ns, Reaching safepoint: 122000 ns, At safepoint: 30796708 ns, Total: 30918708 ns
[2023-01-09T09:50:01.653+0000][7][gc          ] GC(2) Concurrent Cycle
[2023-01-09T09:50:01.654+0000][7][gc,marking  ] GC(2) Concurrent Clear Claimed Marks
[2023-01-09T09:50:01.655+0000][7][gc,marking  ] GC(2) Concurrent Clear Claimed Marks 0.707ms
[2023-01-09T09:50:01.656+0000][7][gc,marking  ] GC(2) Concurrent Scan Root Regions
[2023-01-09T09:50:01.661+0000][7][gc,marking  ] GC(2) Concurrent Scan Root Regions 4.686ms
[2023-01-09T09:50:01.662+0000][7][gc,marking  ] GC(2) Concurrent Mark (2.507s)
[2023-01-09T09:50:01.663+0000][7][gc,marking  ] GC(2) Concurrent Mark From Roots
[2023-01-09T09:50:01.664+0000][7][gc,task     ] GC(2) Using 1 workers of 1 for marking
[2023-01-09T09:50:01.665+0000][7][safepoint   ] Safepoint "CollectForMetadataAllocation", Time since last: 12548542 ns, Reaching safepoint: 152833 ns, At safepoint: 84083 ns, Total: 236916 ns
[2023-01-09T09:50:01.666+0000][7][gc,marking  ] GC(2) Concurrent Mark From Roots 3.004ms
[2023-01-09T09:50:01.667+0000][7][gc,marking  ] GC(2) Concurrent Preclean
[2023-01-09T09:50:01.668+0000][7][gc,marking  ] GC(2) Concurrent Preclean 1.020ms
[2023-01-09T09:50:01.670+0000][7][gc,marking  ] GC(2) Concurrent Mark (2.507s, 2.515s) 8.251ms
[2023-01-09T09:50:01.671+0000][7][gc,start    ] GC(2) Pause Remark
[2023-01-09T09:50:01.674+0000][7][gc          ] GC(2) Pause Remark 7M->7M(512M) 3.209ms
[2023-01-09T09:50:01.675+0000][7][gc,cpu      ] GC(2) User=0.00s Sys=0.00s Real=0.01s
[2023-01-09T09:50:01.676+0000][7][safepoint   ] Safepoint "G1Concurrent", Time since last: 5806584 ns, Reaching safepoint: 28666 ns, At safepoint: 5036750 ns, Total: 5065416 ns
[2023-01-09T09:50:01.677+0000][7][gc,marking  ] GC(2) Concurrent Rebuild Remembered Sets
[2023-01-09T09:50:01.679+0000][7][gc,marking  ] GC(2) Concurrent Rebuild Remembered Sets 2.261ms
[2023-01-09T09:50:01.680+0000][7][gc,start    ] GC(2) Pause Cleanup
[2023-01-09T09:50:01.681+0000][7][gc          ] GC(2) Pause Cleanup 7M->7M(512M) 0.696ms
[2023-01-09T09:50:01.682+0000][7][gc,cpu      ] GC(2) User=0.00s Sys=0.00s Real=0.00s
[2023-01-09T09:50:01.682+0000][7][safepoint   ] Safepoint "G1Concurrent", Time since last: 3961667 ns, Reaching safepoint: 276083 ns, At safepoint: 1957750 ns, Total: 2233833 ns
[2023-01-09T09:50:01.684+0000][7][gc,marking  ] GC(2) Concurrent Cleanup for Next Mark
[2023-01-09T09:50:01.687+0000][7][gc,marking  ] GC(2) Concurrent Cleanup for Next Mark 3.492ms
[2023-01-09T09:50:01.688+0000][7][gc          ] GC(2) Concurrent Cycle 35.561ms
[2023-01-09T09:50:02.441+0000][7][gc,start    ] GC(3) Pause Young (Concurrent Start) (G1 Evacuation Pause)
[2023-01-09T09:50:02.444+0000][7][gc,task     ] GC(3) Using 4 workers of 4 for evacuation
[2023-01-09T09:50:02.445+0000][7][gc,age      ] GC(3) Desired survivor size 2621440 bytes, new threshold 15 (max threshold 15)
[2023-01-09T09:50:02.459+0000][7][gc,age      ] GC(3) Age table with threshold 15 (max threshold 15)
[2023-01-09T09:50:02.461+0000][7][gc,age      ] GC(3) - age   1:    2216592 bytes,    2216592 total
[2023-01-09T09:50:02.462+0000][7][gc,age      ] GC(3) - age   2:    2115224 bytes,    4331816 total
[2023-01-09T09:50:02.463+0000][7][gc,phases   ] GC(3)   Pre Evacuate Collection Set: 2.7ms
[2023-01-09T09:50:02.464+0000][7][gc,phases   ] GC(3)   Merge Heap Roots: 0.0ms
[2023-01-09T09:50:02.465+0000][7][gc,phases   ] GC(3)   Evacuate Collection Set: 8.9ms
[2023-01-09T09:50:02.466+0000][7][gc,phases   ] GC(3)   Post Evacuate Collection Set: 1.2ms
[2023-01-09T09:50:02.467+0000][7][gc,phases   ] GC(3)   Other: 9.4ms
[2023-01-09T09:50:02.468+0000][7][gc,heap     ] GC(3) Eden regions: 30->0(160)
[2023-01-09T09:50:02.469+0000][7][gc,heap     ] GC(3) Survivor regions: 3->5(5)
[2023-01-09T09:50:02.470+0000][7][gc,heap     ] GC(3) Old regions: 4->4
[2023-01-09T09:50:02.471+0000][7][gc,heap     ] GC(3) Archive regions: 0->0
[2023-01-09T09:50:02.472+0000][7][gc,heap     ] GC(3) Humongous regions: 1->1
[2023-01-09T09:50:02.473+0000][7][gc,metaspace] GC(3) Metaspace: 22404K(23036K)->22404K(23036K) NonClass: 19993K(20480K)->19993K(20480K) Class: 2410K(2556K)->2410K(2556K)
[2023-01-09T09:50:02.474+0000][7][gc          ] GC(3) Pause Young (Concurrent Start) (G1 Evacuation Pause) 36M->9M(512M) 33.268ms
[2023-01-09T09:50:02.475+0000][7][gc,cpu      ] GC(3) User=0.02s Sys=0.00s Real=0.04s
[2023-01-09T09:50:02.476+0000][7][gc          ] GC(4) Concurrent Cycle
[2023-01-09T09:50:02.480+0000][7][gc,marking  ] GC(4) Concurrent Clear Claimed Marks
[2023-01-09T09:50:02.480+0000][7][gc,marking  ] GC(4) Concurrent Clear Claimed Marks 0.793ms
[2023-01-09T09:50:02.481+0000][7][gc,marking  ] GC(4) Concurrent Scan Root Regions
[2023-01-09T09:50:02.476+0000][7][safepoint   ] Safepoint "G1CollectForAllocation", Time since last: 758373167 ns, Reaching safepoint: 204459 ns, At safepoint: 35177166 ns, Total: 35381625 ns
[2023-01-09T09:50:02.491+0000][7][gc,marking  ] GC(4) Concurrent Scan Root Regions 9.298ms
[2023-01-09T09:50:02.497+0000][7][gc,marking  ] GC(4) Concurrent Mark (3.341s)
[2023-01-09T09:50:02.499+0000][7][gc,marking  ] GC(4) Concurrent Mark From Roots
[2023-01-09T09:50:02.500+0000][7][gc,task     ] GC(4) Using 1 workers of 1 for marking
[2023-01-09T09:50:02.505+0000][7][gc,marking  ] GC(4) Concurrent Mark From Roots 6.247ms
[2023-01-09T09:50:02.506+0000][7][gc,marking  ] GC(4) Concurrent Preclean
[2023-01-09T09:50:02.507+0000][7][gc,marking  ] GC(4) Concurrent Preclean 0.922ms
[2023-01-09T09:50:02.508+0000][7][gc,marking  ] GC(4) Concurrent Mark (3.341s, 3.352s) 11.033ms
[2023-01-09T09:50:02.509+0000][7][gc,start    ] GC(4) Pause Remark
[2023-01-09T09:50:02.515+0000][7][gc          ] GC(4) Pause Remark 16M->16M(512M) 5.860ms
[2023-01-09T09:50:02.516+0000][7][gc,cpu      ] GC(4) User=0.01s Sys=0.00s Real=0.01s
[2023-01-09T09:50:02.516+0000][7][safepoint   ] Safepoint "G1Concurrent", Time since last: 32552042 ns, Reaching safepoint: 149625 ns, At safepoint: 7450750 ns, Total: 7600375 ns
[2023-01-09T09:50:02.517+0000][7][gc,marking  ] GC(4) Concurrent Rebuild Remembered Sets
[2023-01-09T09:50:02.520+0000][7][gc,marking  ] GC(4) Concurrent Rebuild Remembered Sets 2.588ms
[2023-01-09T09:50:02.521+0000][7][gc,start    ] GC(4) Pause Cleanup
[2023-01-09T09:50:02.521+0000][7][gc          ] GC(4) Pause Cleanup 16M->16M(512M) 0.814ms
[2023-01-09T09:50:02.523+0000][7][gc,cpu      ] GC(4) User=0.00s Sys=0.00s Real=0.00s
[2023-01-09T09:50:02.524+0000][7][safepoint   ] Safepoint "G1Concurrent", Time since last: 4116625 ns, Reaching safepoint: 72000 ns, At safepoint: 3629542 ns, Total: 3701542 ns
[2023-01-09T09:50:02.525+0000][7][gc,marking  ] GC(4) Concurrent Cleanup for Next Mark
[2023-01-09T09:50:02.530+0000][7][gc,marking  ] GC(4) Concurrent Cleanup for Next Mark 4.794ms
[2023-01-09T09:50:02.531+0000][7][gc          ] GC(4) Concurrent Cycle 55.051ms
[2023-01-09T09:50:02.653+0000][7][safepoint   ] Safepoint "ICBufferFull", Time since last: 128299458 ns, Reaching safepoint: 135417 ns, At safepoint: 1833 ns, Total: 137250 ns
[2023-01-09T09:50:02.659+0000][7][safepoint   ] Safepoint "ICBufferFull", Time since last: 6181292 ns, Reaching safepoint: 122958 ns, At safepoint: 1917 ns, Total: 124875 ns
[2023-01-09T09:50:02.661+0000][7][safepoint   ] Safepoint "ICBufferFull", Time since last: 2340125 ns, Reaching safepoint: 111125 ns, At safepoint: 1625 ns, Total: 112750 ns
[2023-01-09T09:50:02.665+0000][7][safepoint   ] Safepoint "ICBufferFull", Time since last: 3447666 ns, Reaching safepoint: 159042 ns, At safepoint: 3292 ns, Total: 162334 ns
[2023-01-09T09:50:02.668+0000][7][safepoint   ] Safepoint "ICBufferFull", Time since last: 3042833 ns, Reaching safepoint: 100042 ns, At safepoint: 1750 ns, Total: 101792 ns
[2023-01-09T09:50:02.670+0000][7][safepoint   ] Safepoint "ICBufferFull", Time since last: 1613125 ns, Reaching safepoint: 105458 ns, At safepoint: 1583 ns, Total: 107041 ns
[2023-01-09T09:50:02.675+0000][7][safepoint   ] Safepoint "ICBufferFull", Time since last: 4846542 ns, Reaching safepoint: 121000 ns, At safepoint: 2000 ns, Total: 123000 ns
[2023-01-09T09:50:02.677+0000][7][safepoint   ] Safepoint "ICBufferFull", Time since last: 2242542 ns, Reaching safepoint: 108833 ns, At safepoint: 2167 ns, Total: 111000 ns
[2023-01-09T09:50:02.688+0000][7][safepoint   ] Safepoint "ICBufferFull", Time since last: 10826333 ns, Reaching safepoint: 119833 ns, At safepoint: 2125 ns, Total: 121958 ns
[2023-01-09T09:50:02.691+0000][7][safepoint   ] Safepoint "ICBufferFull", Time since last: 1913959 ns, Reaching safepoint: 724125 ns, At safepoint: 2375 ns, Total: 726500 ns
[2023-01-09T09:50:02.693+0000][7][safepoint   ] Safepoint "ICBufferFull", Time since last: 1808625 ns, Reaching safepoint: 104916 ns, At safepoint: 1584 ns, Total: 106500 ns
[2023-01-09T09:50:02.694+0000][7][safepoint   ] Safepoint "ICBufferFull", Time since last: 1488833 ns, Reaching safepoint: 97750 ns, At safepoint: 1458 ns, Total: 99208 ns
[2023-01-09T09:50:02.697+0000][7][safepoint   ] Safepoint "ICBufferFull", Time since last: 2240250 ns, Reaching safepoint: 643459 ns, At safepoint: 2500 ns, Total: 645959 ns
[2023-01-09T09:50:02.701+0000][7][safepoint   ] Safepoint "ICBufferFull", Time since last: 4221458 ns, Reaching safepoint: 111542 ns, At safepoint: 2041 ns, Total: 113583 ns
[2023-01-09T09:50:02.703+0000][7][safepoint   ] Safepoint "ICBufferFull", Time since last: 1573667 ns, Reaching safepoint: 99125 ns, At safepoint: 1458 ns, Total: 100583 ns
[2023-01-09T09:50:02.705+0000][7][safepoint   ] Safepoint "ICBufferFull", Time since last: 1313959 ns, Reaching safepoint: 97541 ns, At safepoint: 1584 ns, Total: 99125 ns
[2023-01-09T09:50:02.706+0000][7][safepoint   ] Safepoint "ICBufferFull", Time since last: 1556041 ns, Reaching safepoint: 96709 ns, At safepoint: 1458 ns, Total: 98167 ns
[2023-01-09T09:50:02.708+0000][7][safepoint   ] Safepoint "ICBufferFull", Time since last: 1959500 ns, Reaching safepoint: 105083 ns, At safepoint: 1792 ns, Total: 106875 ns
[2023-01-09T09:50:02.710+0000][7][safepoint   ] Safepoint "ICBufferFull", Time since last: 1432958 ns, Reaching safepoint: 97459 ns, At safepoint: 1500 ns, Total: 98959 ns
[2023-01-09T09:50:02.715+0000][7][safepoint   ] Safepoint "ICBufferFull", Time since last: 5441541 ns, Reaching safepoint: 117125 ns, At safepoint: 1667 ns, Total: 118792 ns
[2023-01-09T09:50:02.718+0000][7][safepoint   ] Safepoint "ICBufferFull", Time since last: 2172708 ns, Reaching safepoint: 113792 ns, At safepoint: 1750 ns, Total: 115542 ns
[2023-01-09T09:50:02.722+0000][7][safepoint   ] Safepoint "ICBufferFull", Time since last: 4221125 ns, Reaching safepoint: 129708 ns, At safepoint: 2209 ns, Total: 131917 ns
[2023-01-09T09:50:02.724+0000][7][safepoint   ] Safepoint "ICBufferFull", Time since last: 1820583 ns, Reaching safepoint: 133667 ns, At safepoint: 1625 ns, Total: 135292 ns
[2023-01-09T09:50:02.728+0000][7][safepoint   ] Safepoint "ICBufferFull", Time since last: 3868208 ns, Reaching safepoint: 183417 ns, At safepoint: 2291 ns, Total: 185708 ns
[2023-01-09T09:50:02.730+0000][7][safepoint   ] Safepoint "ICBufferFull", Time since last: 1665250 ns, Reaching safepoint: 105959 ns, At safepoint: 1541 ns, Total: 107500 ns
[2023-01-09T09:50:02.737+0000][7][safepoint   ] Safepoint "ICBufferFull", Time since last: 6798667 ns, Reaching safepoint: 112792 ns, At safepoint: 1875 ns, Total: 114667 ns
[2023-01-09T09:50:02.745+0000][7][safepoint   ] Safepoint "ICBufferFull", Time since last: 8373666 ns, Reaching safepoint: 112375 ns, At safepoint: 1959 ns, Total: 114334 ns
[2023-01-09T09:50:02.747+0000][7][safepoint   ] Safepoint "ICBufferFull", Time since last: 1538250 ns, Reaching safepoint: 98625 ns, At safepoint: 1500 ns, Total: 100125 ns
[2023-01-09T09:50:02.749+0000][7][safepoint   ] Safepoint "ICBufferFull", Time since last: 1604625 ns, Reaching safepoint: 101166 ns, At safepoint: 1417 ns, Total: 102583 ns
[2023-01-09T09:50:02.753+0000][7][safepoint   ] Safepoint "ICBufferFull", Time since last: 1756542 ns, Reaching safepoint: 2767625 ns, At safepoint: 7958 ns, Total: 2775583 ns
[2023-01-09T09:50:02.755+0000][7][safepoint   ] Safepoint "ICBufferFull", Time since last: 2119875 ns, Reaching safepoint: 105833 ns, At safepoint: 1709 ns, Total: 107542 ns
[2023-01-09T09:50:02.762+0000][7][safepoint   ] Safepoint "ICBufferFull", Time since last: 6398000 ns, Reaching safepoint: 113083 ns, At safepoint: 1875 ns, Total: 114958 ns
[2023-01-09T09:50:02.764+0000][7][safepoint   ] Safepoint "ICBufferFull", Time since last: 1772833 ns, Reaching safepoint: 98834 ns, At safepoint: 1500 ns, Total: 100334 ns
[2023-01-09T09:50:02.769+0000][7][safepoint   ] Safepoint "ICBufferFull", Time since last: 4854833 ns, Reaching safepoint: 105958 ns, At safepoint: 1500 ns, Total: 107458 ns
[2023-01-09T09:50:02.785+0000][7][safepoint   ] Safepoint "ICBufferFull", Time since last: 16314667 ns, Reaching safepoint: 126958 ns, At safepoint: 1959 ns, Total: 128917 ns
[2023-01-09T09:50:02.788+0000][7][safepoint   ] Safepoint "ICBufferFull", Time since last: 2663291 ns, Reaching safepoint: 118459 ns, At safepoint: 1750 ns, Total: 120209 ns
[2023-01-09T09:50:02.790+0000][7][safepoint   ] Safepoint "ICBufferFull", Time since last: 2459833 ns, Reaching safepoint: 106167 ns, At safepoint: 1541 ns, Total: 107708 ns
[2023-01-09T09:50:02.793+0000][7][safepoint   ] Safepoint "ICBufferFull", Time since last: 2939084 ns, Reaching safepoint: 109208 ns, At safepoint: 1833 ns, Total: 111041 ns
[2023-01-09T09:50:02.795+0000][7][safepoint   ] Safepoint "ICBufferFull", Time since last: 1534375 ns, Reaching safepoint: 97375 ns, At safepoint: 1625 ns, Total: 99000 ns
[2023-01-09T09:50:02.798+0000][7][safepoint   ] Safepoint "ICBufferFull", Time since last: 2420000 ns, Reaching safepoint: 116834 ns, At safepoint: 1791 ns, Total: 118625 ns
[2023-01-09T09:50:02.802+0000][7][safepoint   ] Safepoint "ICBufferFull", Time since last: 3808834 ns, Reaching safepoint: 110291 ns, At safepoint: 1459 ns, Total: 111750 ns
[2023-01-09T09:50:02.803+0000][7][safepoint   ] Safepoint "ICBufferFull", Time since last: 966541 ns, Reaching safepoint: 93209 ns, At safepoint: 1375 ns, Total: 94584 ns
[2023-01-09T09:50:02.804+0000][7][safepoint   ] Safepoint "ICBufferFull", Time since last: 817875 ns, Reaching safepoint: 101416 ns, At safepoint: 1375 ns, Total: 102791 ns
[2023-01-09T09:50:02.805+0000][7][safepoint   ] Safepoint "ICBufferFull", Time since last: 1240084 ns, Reaching safepoint: 96500 ns, At safepoint: 1500 ns, Total: 98000 ns
[2023-01-09T09:50:02.808+0000][7][safepoint   ] Safepoint "ICBufferFull", Time since last: 2575250 ns, Reaching safepoint: 178708 ns, At safepoint: 2125 ns, Total: 180833 ns
[2023-01-09T09:50:02.809+0000][7][safepoint   ] Safepoint "ICBufferFull", Time since last: 882042 ns, Reaching safepoint: 102958 ns, At safepoint: 1417 ns, Total: 104375 ns
[2023-01-09T09:50:02.810+0000][7][safepoint   ] Safepoint "ICBufferFull", Time since last: 1259250 ns, Reaching safepoint: 85958 ns, At safepoint: 1583 ns, Total: 87541 ns
[2023-01-09T09:50:02.814+0000][7][safepoint   ] Safepoint "ICBufferFull", Time since last: 4276250 ns, Reaching safepoint: 105625 ns, At safepoint: 1542 ns, Total: 107167 ns
[2023-01-09T09:50:02.815+0000][7][safepoint   ] Safepoint "ICBufferFull", Time since last: 977417 ns, Reaching safepoint: 128041 ns, At safepoint: 1417 ns, Total: 129458 ns
[2023-01-09T09:50:02.816+0000][7][safepoint   ] Safepoint "ICBufferFull", Time since last: 907542 ns, Reaching safepoint: 93500 ns, At safepoint: 1375 ns, Total: 94875 ns
[2023-01-09T09:50:02.817+0000][7][safepoint   ] Safepoint "ICBufferFull", Time since last: 861416 ns, Reaching safepoint: 21292 ns, At safepoint: 1375 ns, Total: 22667 ns
[2023-01-09T09:50:02.818+0000][7][safepoint   ] Safepoint "ICBufferFull", Time since last: 1096042 ns, Reaching safepoint: 24166 ns, At safepoint: 1334 ns, Total: 25500 ns
[2023-01-09T09:50:02.819+0000][7][safepoint   ] Safepoint "ICBufferFull", Time since last: 955333 ns, Reaching safepoint: 23292 ns, At safepoint: 1500 ns, Total: 24792 ns
[2023-01-09T09:50:02.820+0000][7][safepoint   ] Safepoint "ICBufferFull", Time since last: 803791 ns, Reaching safepoint: 22500 ns, At safepoint: 1292 ns, Total: 23792 ns
[2023-01-09T09:50:02.822+0000][7][safepoint   ] Safepoint "ICBufferFull", Time since last: 1285667 ns, Reaching safepoint: 27625 ns, At safepoint: 1500 ns, Total: 29125 ns
[2023-01-09T09:50:02.823+0000][7][safepoint   ] Safepoint "ICBufferFull", Time since last: 1133208 ns, Reaching safepoint: 26583 ns, At safepoint: 1459 ns, Total: 28042 ns
[2023-01-09T09:50:02.824+0000][7][safepoint   ] Safepoint "ICBufferFull", Time since last: 1275791 ns, Reaching safepoint: 25834 ns, At safepoint: 1458 ns, Total: 27292 ns
[2023-01-09T09:50:02.825+0000][7][safepoint   ] Safepoint "ICBufferFull", Time since last: 1197542 ns, Reaching safepoint: 26041 ns, At safepoint: 1500 ns, Total: 27541 ns
[2023-01-09T09:50:02.827+0000][7][safepoint   ] Safepoint "ICBufferFull", Time since last: 1488084 ns, Reaching safepoint: 29500 ns, At safepoint: 1625 ns, Total: 31125 ns
[2023-01-09T09:50:02.828+0000][7][safepoint   ] Safepoint "ICBufferFull", Time since last: 1252250 ns, Reaching safepoint: 30708 ns, At safepoint: 1583 ns, Total: 32291 ns
[2023-01-09T09:50:02.831+0000][7][safepoint   ] Safepoint "ICBufferFull", Time since last: 3163959 ns, Reaching safepoint: 28583 ns, At safepoint: 1333 ns, Total: 29916 ns
[2023-01-09T09:50:02.832+0000][7][safepoint   ] Safepoint "ICBufferFull", Time since last: 994584 ns, Reaching safepoint: 26250 ns, At safepoint: 1541 ns, Total: 27791 ns
[2023-01-09T09:50:02.834+0000][7][safepoint   ] Safepoint "ICBufferFull", Time since last: 1248834 ns, Reaching safepoint: 22958 ns, At safepoint: 1208 ns, Total: 24166 ns
[2023-01-09T09:50:02.835+0000][7][safepoint   ] Safepoint "ICBufferFull", Time since last: 1067375 ns, Reaching safepoint: 21459 ns, At safepoint: 1333 ns, Total: 22792 ns
[2023-01-09T09:50:02.836+0000][7][safepoint   ] Safepoint "ICBufferFull", Time since last: 1138625 ns, Reaching safepoint: 23125 ns, At safepoint: 1292 ns, Total: 24417 ns
[2023-01-09T09:50:02.837+0000][7][safepoint   ] Safepoint "ICBufferFull", Time since last: 859666 ns, Reaching safepoint: 20042 ns, At safepoint: 1208 ns, Total: 21250 ns
[2023-01-09T09:50:02.837+0000][7][safepoint   ] Safepoint "ICBufferFull", Time since last: 711584 ns, Reaching safepoint: 22916 ns, At safepoint: 1250 ns, Total: 24166 ns
[2023-01-09T09:50:02.838+0000][7][safepoint   ] Safepoint "ICBufferFull", Time since last: 848084 ns, Reaching safepoint: 25166 ns, At safepoint: 1417 ns, Total: 26583 ns
[2023-01-09T09:50:02.840+0000][7][safepoint   ] Safepoint "ICBufferFull", Time since last: 1831667 ns, Reaching safepoint: 33333 ns, At safepoint: 1583 ns, Total: 34916 ns
[2023-01-09T09:50:02.841+0000][7][safepoint   ] Safepoint "ICBufferFull", Time since last: 1159125 ns, Reaching safepoint: 24334 ns, At safepoint: 1416 ns, Total: 25750 ns
[2023-01-09T09:50:02.845+0000][7][safepoint   ] Safepoint "ICBufferFull", Time since last: 1231209 ns, Reaching safepoint: 2373958 ns, At safepoint: 3292 ns, Total: 2377250 ns
[2023-01-09T09:50:02.846+0000][7][safepoint   ] Safepoint "ICBufferFull", Time since last: 1354291 ns, Reaching safepoint: 24000 ns, At safepoint: 1334 ns, Total: 25334 ns
[2023-01-09T09:50:02.849+0000][7][safepoint   ] Safepoint "ICBufferFull", Time since last: 2348583 ns, Reaching safepoint: 34958 ns, At safepoint: 1500 ns, Total: 36458 ns
[2023-01-09T09:50:02.851+0000][7][safepoint   ] Safepoint "ICBufferFull", Time since last: 1993834 ns, Reaching safepoint: 26250 ns, At safepoint: 1500 ns, Total: 27750 ns
[2023-01-09T09:50:02.854+0000][7][safepoint   ] Safepoint "ICBufferFull", Time since last: 2826375 ns, Reaching safepoint: 102625 ns, At safepoint: 1458 ns, Total: 104083 ns
[2023-01-09T09:50:02.856+0000][7][safepoint   ] Safepoint "ICBufferFull", Time since last: 2004792 ns, Reaching safepoint: 103208 ns, At safepoint: 1625 ns, Total: 104833 ns
[2023-01-09T09:50:02.861+0000][7][safepoint   ] Safepoint "ICBufferFull", Time since last: 5403459 ns, Reaching safepoint: 113291 ns, At safepoint: 1834 ns, Total: 115125 ns
[2023-01-09T09:50:02.866+0000][7][safepoint   ] Safepoint "ICBufferFull", Time since last: 1676458 ns, Reaching safepoint: 2976500 ns, At safepoint: 3167 ns, Total: 2979667 ns
[2023-01-09T09:50:02.868+0000][7][safepoint   ] Safepoint "ICBufferFull", Time since last: 1803208 ns, Reaching safepoint: 209917 ns, At safepoint: 2833 ns, Total: 212750 ns
[2023-01-09T09:50:02.929+0000][7][safepoint   ] Safepoint "ICBufferFull", Time since last: 60390458 ns, Reaching safepoint: 115875 ns, At safepoint: 1834 ns, Total: 117709 ns
[2023-01-09T09:50:02.931+0000][7][safepoint   ] Safepoint "ICBufferFull", Time since last: 2051458 ns, Reaching safepoint: 112542 ns, At safepoint: 1625 ns, Total: 114167 ns
[2023-01-09T09:50:02.932+0000][7][safepoint   ] Safepoint "ICBufferFull", Time since last: 1092958 ns, Reaching safepoint: 96250 ns, At safepoint: 1500 ns, Total: 97750 ns
[2023-01-09T09:50:02.933+0000][7][safepoint   ] Safepoint "ICBufferFull", Time since last: 1482667 ns, Reaching safepoint: 102208 ns, At safepoint: 1375 ns, Total: 103583 ns
[2023-01-09T09:50:02.936+0000][7][safepoint   ] Safepoint "ICBufferFull", Time since last: 2323792 ns, Reaching safepoint: 109208 ns, At safepoint: 1583 ns, Total: 110791 ns
[2023-01-09T09:50:02.941+0000][7][safepoint   ] Safepoint "ICBufferFull", Time since last: 5337959 ns, Reaching safepoint: 109375 ns, At safepoint: 1791 ns, Total: 111166 ns
[2023-01-09T09:50:02.944+0000][7][safepoint   ] Safepoint "ICBufferFull", Time since last: 2111875 ns, Reaching safepoint: 114084 ns, At safepoint: 1708 ns, Total: 115792 ns
[2023-01-09T09:50:02.945+0000][7][safepoint   ] Safepoint "ICBufferFull", Time since last: 932208 ns, Reaching safepoint: 250875 ns, At safepoint: 2084 ns, Total: 252959 ns
[2023-01-09T09:50:02.948+0000][7][safepoint   ] Safepoint "ICBufferFull", Time since last: 856583 ns, Reaching safepoint: 2123583 ns, At safepoint: 3167 ns, Total: 2126750 ns
[2023-01-09T09:50:02.950+0000][7][safepoint   ] Safepoint "ICBufferFull", Time since last: 1047375 ns, Reaching safepoint: 978333 ns, At safepoint: 2500 ns, Total: 980833 ns
[2023-01-09T09:50:02.954+0000][7][safepoint   ] Safepoint "ICBufferFull", Time since last: 914750 ns, Reaching safepoint: 3357625 ns, At safepoint: 3625 ns, Total: 3361250 ns
[2023-01-09T09:50:02.955+0000][7][safepoint   ] Safepoint "ICBufferFull", Time since last: 1210417 ns, Reaching safepoint: 176125 ns, At safepoint: 1958 ns, Total: 178083 ns
[2023-01-09T09:50:02.959+0000][7][safepoint   ] Safepoint "ICBufferFull", Time since last: 976000 ns, Reaching safepoint: 2652459 ns, At safepoint: 3750 ns, Total: 2656209 ns
[2023-01-09T09:50:02.961+0000][7][safepoint   ] Safepoint "ICBufferFull", Time since last: 2101791 ns, Reaching safepoint: 33750 ns, At safepoint: 1709 ns, Total: 35459 ns
[2023-01-09T09:50:02.962+0000][7][safepoint   ] Safepoint "ICBufferFull", Time since last: 1076125 ns, Reaching safepoint: 26166 ns, At safepoint: 1584 ns, Total: 27750 ns
[2023-01-09T09:50:02.963+0000][7][safepoint   ] Safepoint "ICBufferFull", Time since last: 863916 ns, Reaching safepoint: 25417 ns, At safepoint: 1417 ns, Total: 26834 ns
[2023-01-09T09:50:02.964+0000][7][safepoint   ] Safepoint "ICBufferFull", Time since last: 1073875 ns, Reaching safepoint: 25125 ns, At safepoint: 1416 ns, Total: 26541 ns
[2023-01-09T09:50:02.965+0000][7][safepoint   ] Safepoint "ICBufferFull", Time since last: 901334 ns, Reaching safepoint: 21208 ns, At safepoint: 1167 ns, Total: 22375 ns
[2023-01-09T09:50:02.966+0000][7][safepoint   ] Safepoint "ICBufferFull", Time since last: 865458 ns, Reaching safepoint: 22125 ns, At safepoint: 1250 ns, Total: 23375 ns
[2023-01-09T09:50:02.970+0000][7][safepoint   ] Safepoint "ICBufferFull", Time since last: 4136917 ns, Reaching safepoint: 33708 ns, At safepoint: 1708 ns, Total: 35416 ns
[2023-01-09T09:50:02.972+0000][7][safepoint   ] Safepoint "ICBufferFull", Time since last: 1577292 ns, Reaching safepoint: 24708 ns, At safepoint: 1417 ns, Total: 26125 ns
[2023-01-09T09:50:02.973+0000][7][safepoint   ] Safepoint "ICBufferFull", Time since last: 812167 ns, Reaching safepoint: 20916 ns, At safepoint: 1375 ns, Total: 22291 ns
[2023-01-09T09:50:02.974+0000][7][safepoint   ] Safepoint "ICBufferFull", Time since last: 1429750 ns, Reaching safepoint: 27625 ns, At safepoint: 1417 ns, Total: 29042 ns
[2023-01-09T09:50:02.975+0000][7][safepoint   ] Safepoint "ICBufferFull", Time since last: 1261208 ns, Reaching safepoint: 23375 ns, At safepoint: 1334 ns, Total: 24709 ns
[2023-01-09T09:50:02.977+0000][7][safepoint   ] Safepoint "ICBufferFull", Time since last: 1288083 ns, Reaching safepoint: 23042 ns, At safepoint: 1208 ns, Total: 24250 ns
[2023-01-09T09:50:02.978+0000][7][safepoint   ] Safepoint "ICBufferFull", Time since last: 772750 ns, Reaching safepoint: 23167 ns, At safepoint: 1291 ns, Total: 24458 ns
[2023-01-09T09:50:02.980+0000][7][safepoint   ] Safepoint "ICBufferFull", Time since last: 2580125 ns, Reaching safepoint: 25250 ns, At safepoint: 1375 ns, Total: 26625 ns
[2023-01-09T09:50:02.981+0000][7][safepoint   ] Safepoint "ICBufferFull", Time since last: 1024500 ns, Reaching safepoint: 23792 ns, At safepoint: 1583 ns, Total: 25375 ns
[2023-01-09T09:50:02.982+0000][7][safepoint   ] Safepoint "ICBufferFull", Time since last: 955959 ns, Reaching safepoint: 23041 ns, At safepoint: 1375 ns, Total: 24416 ns
[2023-01-09T09:50:02.984+0000][7][safepoint   ] Safepoint "ICBufferFull", Time since last: 1583000 ns, Reaching safepoint: 30250 ns, At safepoint: 1709 ns, Total: 31959 ns
[2023-01-09T09:50:02.985+0000][7][safepoint   ] Safepoint "ICBufferFull", Time since last: 1337666 ns, Reaching safepoint: 25084 ns, At safepoint: 1458 ns, Total: 26542 ns
[2023-01-09T09:50:02.987+0000][7][safepoint   ] Safepoint "ICBufferFull", Time since last: 1302917 ns, Reaching safepoint: 26458 ns, At safepoint: 1458 ns, Total: 27916 ns
[2023-01-09T09:50:02.987+0000][7][safepoint   ] Safepoint "ICBufferFull", Time since last: 737917 ns, Reaching safepoint: 23625 ns, At safepoint: 1333 ns, Total: 24958 ns
[2023-01-09T09:50:02.989+0000][7][safepoint   ] Safepoint "ICBufferFull", Time since last: 1477125 ns, Reaching safepoint: 25625 ns, At safepoint: 1417 ns, Total: 27042 ns
[2023-01-09T09:50:02.990+0000][7][safepoint   ] Safepoint "ICBufferFull", Time since last: 774458 ns, Reaching safepoint: 25375 ns, At safepoint: 1417 ns, Total: 26792 ns
[2023-01-09T09:50:02.990+0000][7][safepoint   ] Safepoint "ICBufferFull", Time since last: 723917 ns, Reaching safepoint: 22208 ns, At safepoint: 1333 ns, Total: 23541 ns
[2023-01-09T09:50:02.999+0000][7][safepoint   ] Safepoint "ICBufferFull", Time since last: 8219042 ns, Reaching safepoint: 33792 ns, At safepoint: 1500 ns, Total: 35292 ns
[2023-01-09T09:50:03.000+0000][7][safepoint   ] Safepoint "ICBufferFull", Time since last: 1059041 ns, Reaching safepoint: 24459 ns, At safepoint: 1375 ns, Total: 25834 ns
[2023-01-09T09:50:03.001+0000][7][safepoint   ] Safepoint "ICBufferFull", Time since last: 881125 ns, Reaching safepoint: 23666 ns, At safepoint: 1250 ns, Total: 24916 ns
[2023-01-09T09:50:03.003+0000][7][safepoint   ] Safepoint "ICBufferFull", Time since last: 2315125 ns, Reaching safepoint: 92292 ns, At safepoint: 1875 ns, Total: 94167 ns
[2023-01-09T09:50:03.155+0000][7][safepoint   ] Safepoint "ICBufferFull", Time since last: 147320667 ns, Reaching safepoint: 4712500 ns, At safepoint: 5125 ns, Total: 4717625 ns
[2023-01-09T09:50:03.157+0000][7][safepoint   ] Safepoint "ICBufferFull", Time since last: 2187291 ns, Reaching safepoint: 108250 ns, At safepoint: 1667 ns, Total: 109917 ns
[2023-01-09T09:50:03.160+0000][7][safepoint   ] Safepoint "ICBufferFull", Time since last: 2850208 ns, Reaching safepoint: 97875 ns, At safepoint: 1584 ns, Total: 99459 ns
[2023-01-09T09:50:03.164+0000][7][safepoint   ] Safepoint "ICBufferFull", Time since last: 1211291 ns, Reaching safepoint: 2532917 ns, At safepoint: 4000 ns, Total: 2536917 ns
[2023-01-09T09:50:03.165+0000][7][safepoint   ] Safepoint "ICBufferFull", Time since last: 1310458 ns, Reaching safepoint: 144959 ns, At safepoint: 1500 ns, Total: 146459 ns
[2023-01-09T09:50:03.171+0000][7][safepoint   ] Safepoint "ICBufferFull", Time since last: 5227291 ns, Reaching safepoint: 34250 ns, At safepoint: 1667 ns, Total: 35917 ns
[2023-01-09T09:50:03.171+0000][7][safepoint   ] Safepoint "ICBufferFull", Time since last: 685458 ns, Reaching safepoint: 21667 ns, At safepoint: 1333 ns, Total: 23000 ns
[2023-01-09T09:50:03.177+0000][7][safepoint   ] Safepoint "ICBufferFull", Time since last: 5745625 ns, Reaching safepoint: 33417 ns, At safepoint: 1792 ns, Total: 35209 ns
[2023-01-09T09:50:03.178+0000][7][safepoint   ] Safepoint "ICBufferFull", Time since last: 1163708 ns, Reaching safepoint: 23583 ns, At safepoint: 1334 ns, Total: 24917 ns
[2023-01-09T09:50:03.180+0000][7][safepoint   ] Safepoint "ICBufferFull", Time since last: 1257791 ns, Reaching safepoint: 24000 ns, At safepoint: 1334 ns, Total: 25334 ns
[2023-01-09T09:50:03.181+0000][7][safepoint   ] Safepoint "ICBufferFull", Time since last: 999166 ns, Reaching safepoint: 22667 ns, At safepoint: 1333 ns, Total: 24000 ns
[2023-01-09T09:50:03.182+0000][7][safepoint   ] Safepoint "ICBufferFull", Time since last: 1083500 ns, Reaching safepoint: 24667 ns, At safepoint: 1542 ns, Total: 26209 ns
[2023-01-09T09:50:03.185+0000][7][safepoint   ] Safepoint "ICBufferFull", Time since last: 3415125 ns, Reaching safepoint: 40875 ns, At safepoint: 1666 ns, Total: 42541 ns
[2023-01-09T09:50:03.186+0000][7][safepoint   ] Safepoint "ICBufferFull", Time since last: 1130459 ns, Reaching safepoint: 25625 ns, At safepoint: 1458 ns, Total: 27083 ns
[2023-01-09T09:50:03.187+0000][7][safepoint   ] Safepoint "ICBufferFull", Time since last: 961875 ns, Reaching safepoint: 23000 ns, At safepoint: 1292 ns, Total: 24292 ns
[2023-01-09T09:50:03.189+0000][7][safepoint   ] Safepoint "ICBufferFull", Time since last: 1355833 ns, Reaching safepoint: 23833 ns, At safepoint: 1375 ns, Total: 25208 ns
[2023-01-09T09:50:03.192+0000][7][safepoint   ] Safepoint "ICBufferFull", Time since last: 2795417 ns, Reaching safepoint: 30500 ns, At safepoint: 1708 ns, Total: 32208 ns
[2023-01-09T09:50:03.193+0000][7][safepoint   ] Safepoint "ICBufferFull", Time since last: 1046667 ns, Reaching safepoint: 24042 ns, At safepoint: 1375 ns, Total: 25417 ns
[2023-01-09T09:50:03.194+0000][7][safepoint   ] Safepoint "ICBufferFull", Time since last: 856583 ns, Reaching safepoint: 23958 ns, At safepoint: 1292 ns, Total: 25250 ns
[2023-01-09T09:50:03.195+0000][7][safepoint   ] Safepoint "ICBufferFull", Time since last: 906750 ns, Reaching safepoint: 22250 ns, At safepoint: 1458 ns, Total: 23708 ns
[2023-01-09T09:50:03.198+0000][7][safepoint   ] Safepoint "ICBufferFull", Time since last: 3327709 ns, Reaching safepoint: 34500 ns, At safepoint: 1666 ns, Total: 36166 ns
[2023-01-09T09:50:03.201+0000][7][safepoint   ] Safepoint "ICBufferFull", Time since last: 3266875 ns, Reaching safepoint: 26084 ns, At safepoint: 1416 ns, Total: 27500 ns
[2023-01-09T09:50:03.202+0000][7][safepoint   ] Safepoint "ICBufferFull", Time since last: 1071000 ns, Reaching safepoint: 24000 ns, At safepoint: 1542 ns, Total: 25542 ns
[2023-01-09T09:50:03.203+0000][7][safepoint   ] Safepoint "ICBufferFull", Time since last: 922958 ns, Reaching safepoint: 22875 ns, At safepoint: 1459 ns, Total: 24334 ns
[2023-01-09T09:50:03.204+0000][7][safepoint   ] Safepoint "ICBufferFull", Time since last: 1014625 ns, Reaching safepoint: 22791 ns, At safepoint: 1334 ns, Total: 24125 ns
[2023-01-09T09:50:03.207+0000][7][safepoint   ] Safepoint "ICBufferFull", Time since last: 2964916 ns, Reaching safepoint: 30084 ns, At safepoint: 1458 ns, Total: 31542 ns
[2023-01-09T09:50:03.209+0000][7][safepoint   ] Safepoint "ICBufferFull", Time since last: 1279208 ns, Reaching safepoint: 27292 ns, At safepoint: 1375 ns, Total: 28667 ns
[2023-01-09T09:50:03.210+0000][7][safepoint   ] Safepoint "ICBufferFull", Time since last: 927917 ns, Reaching safepoint: 25416 ns, At safepoint: 1625 ns, Total: 27041 ns
[2023-01-09T09:50:03.211+0000][7][safepoint   ] Safepoint "ICBufferFull", Time since last: 1535042 ns, Reaching safepoint: 32750 ns, At safepoint: 1458 ns, Total: 34208 ns
[2023-01-09T09:50:03.212+0000][7][safepoint   ] Safepoint "ICBufferFull", Time since last: 1035250 ns, Reaching safepoint: 25125 ns, At safepoint: 1459 ns, Total: 26584 ns
[2023-01-09T09:50:03.214+0000][7][safepoint   ] Safepoint "ICBufferFull", Time since last: 1484583 ns, Reaching safepoint: 22458 ns, At safepoint: 1417 ns, Total: 23875 ns
[2023-01-09T09:50:03.215+0000][7][safepoint   ] Safepoint "ICBufferFull", Time since last: 1090750 ns, Reaching safepoint: 21875 ns, At safepoint: 1375 ns, Total: 23250 ns
[2023-01-09T09:50:03.216+0000][7][safepoint   ] Safepoint "ICBufferFull", Time since last: 803167 ns, Reaching safepoint: 22750 ns, At safepoint: 1333 ns, Total: 24083 ns
[2023-01-09T09:50:03.216+0000][7][safepoint   ] Safepoint "ICBufferFull", Time since last: 776417 ns, Reaching safepoint: 28791 ns, At safepoint: 1292 ns, Total: 30083 ns
[2023-01-09T09:50:03.217+0000][7][safepoint   ] Safepoint "ICBufferFull", Time since last: 887458 ns, Reaching safepoint: 25959 ns, At safepoint: 1416 ns, Total: 27375 ns
[2023-01-09T09:50:03.219+0000][7][safepoint   ] Safepoint "ICBufferFull", Time since last: 1412542 ns, Reaching safepoint: 23917 ns, At safepoint: 1541 ns, Total: 25458 ns
[2023-01-09T09:50:03.221+0000][7][safepoint   ] Safepoint "ICBufferFull", Time since last: 1718959 ns, Reaching safepoint: 31583 ns, At safepoint: 1500 ns, Total: 33083 ns
[2023-01-09T09:50:03.224+0000][7][safepoint   ] Safepoint "ICBufferFull", Time since last: 3439583 ns, Reaching safepoint: 39167 ns, At safepoint: 1583 ns, Total: 40750 ns
[2023-01-09T09:50:03.228+0000][7][safepoint   ] Safepoint "ICBufferFull", Time since last: 4213834 ns, Reaching safepoint: 34750 ns, At safepoint: 1625 ns, Total: 36375 ns
[2023-01-09T09:50:03.332+0000][7][safepoint   ] Safepoint "ICBufferFull", Time since last: 103303833 ns, Reaching safepoint: 64583 ns, At safepoint: 1792 ns, Total: 66375 ns
[2023-01-09T09:50:03.793+0000][7][gc,start    ] GC(5) Pause Young (Normal) (G1 Evacuation Pause)
[2023-01-09T09:50:03.794+0000][7][gc,task     ] GC(5) Using 4 workers of 4 for evacuation
[2023-01-09T09:50:03.795+0000][7][gc,age      ] GC(5) Desired survivor size 12058624 bytes, new threshold 15 (max threshold 15)
[2023-01-09T09:50:03.815+0000][7][gc,age      ] GC(5) Age table with threshold 15 (max threshold 15)
[2023-01-09T09:50:03.816+0000][7][gc,age      ] GC(5) - age   1:    6357200 bytes,    6357200 total
[2023-01-09T09:50:03.817+0000][7][gc,age      ] GC(5) - age   2:    1156096 bytes,    7513296 total
[2023-01-09T09:50:03.818+0000][7][gc,age      ] GC(5) - age   3:    2100144 bytes,    9613440 total
[2023-01-09T09:50:03.819+0000][7][gc,phases   ] GC(5)   Pre Evacuate Collection Set: 0.4ms
[2023-01-09T09:50:03.820+0000][7][gc,phases   ] GC(5)   Merge Heap Roots: 0.1ms
[2023-01-09T09:50:03.821+0000][7][gc,phases   ] GC(5)   Evacuate Collection Set: 17.8ms
[2023-01-09T09:50:03.821+0000][7][gc,phases   ] GC(5)   Post Evacuate Collection Set: 1.2ms
[2023-01-09T09:50:03.822+0000][7][gc,phases   ] GC(5)   Other: 7.0ms
[2023-01-09T09:50:03.823+0000][7][gc,heap     ] GC(5) Eden regions: 174->0(297)
[2023-01-09T09:50:03.823+0000][7][gc,heap     ] GC(5) Survivor regions: 5->10(23)
[2023-01-09T09:50:03.824+0000][7][gc,heap     ] GC(5) Old regions: 4->4
[2023-01-09T09:50:03.824+0000][7][gc,heap     ] GC(5) Archive regions: 0->0
[2023-01-09T09:50:03.825+0000][7][gc,heap     ] GC(5) Humongous regions: 2->1
[2023-01-09T09:50:03.826+0000][7][gc,metaspace] GC(5) Metaspace: 25799K(26620K)->25799K(26620K) NonClass: 22921K(23552K)->22921K(23552K) Class: 2877K(3068K)->2877K(3068K)
[2023-01-09T09:50:03.826+0000][7][gc          ] GC(5) Pause Young (Normal) (G1 Evacuation Pause) 184M->14M(512M) 33.487ms
[2023-01-09T09:50:03.827+0000][7][gc,cpu      ] GC(5) User=0.01s Sys=0.01s Real=0.04s
[2023-01-09T09:50:03.828+0000][7][safepoint   ] Safepoint "G1CollectForAllocation", Time since last: 460827834 ns, Reaching safepoint: 214583 ns, At safepoint: 34941292 ns, Total: 35155875 ns
[2023-01-09T09:50:04.373+0000][7][safepoint   ] Safepoint "ICBufferFull", Time since last: 543345875 ns, Reaching safepoint: 2303375 ns, At safepoint: 6750 ns, Total: 2310125 ns
[2023-01-09T09:50:04.724+0000][7][gc,start    ] GC(6) Pause Young (Normal) (G1 Evacuation Pause)
[2023-01-09T09:50:04.725+0000][7][gc,task     ] GC(6) Using 4 workers of 4 for evacuation
[2023-01-09T09:50:04.727+0000][7][gc,age      ] GC(6) Desired survivor size 20447232 bytes, new threshold 15 (max threshold 15)
[2023-01-09T09:50:04.749+0000][7][gc,age      ] GC(6) Age table with threshold 15 (max threshold 15)
[2023-01-09T09:50:04.750+0000][7][gc,age      ] GC(6) - age   1:    3345128 bytes,    3345128 total
[2023-01-09T09:50:04.752+0000][7][gc,age      ] GC(6) - age   2:    4278984 bytes,    7624112 total
[2023-01-09T09:50:04.753+0000][7][gc,age      ] GC(6) - age   3:    1155920 bytes,    8780032 total
[2023-01-09T09:50:04.753+0000][7][gc,age      ] GC(6) - age   4:    2100144 bytes,   10880176 total
[2023-01-09T09:50:04.754+0000][7][gc,phases   ] GC(6)   Pre Evacuate Collection Set: 0.4ms
[2023-01-09T09:50:04.755+0000][7][gc,phases   ] GC(6)   Merge Heap Roots: 0.1ms
[2023-01-09T09:50:04.756+0000][7][gc,phases   ] GC(6)   Evacuate Collection Set: 18.3ms
[2023-01-09T09:50:04.757+0000][7][gc,phases   ] GC(6)   Post Evacuate Collection Set: 2.9ms
[2023-01-09T09:50:04.758+0000][7][gc,phases   ] GC(6)   Other: 8.4ms
[2023-01-09T09:50:04.759+0000][7][gc,heap     ] GC(6) Eden regions: 297->0(295)
[2023-01-09T09:50:04.760+0000][7][gc,heap     ] GC(6) Survivor regions: 10->12(39)
[2023-01-09T09:50:04.761+0000][7][gc,heap     ] GC(6) Old regions: 4->4
[2023-01-09T09:50:04.762+0000][7][gc,heap     ] GC(6) Archive regions: 0->0
[2023-01-09T09:50:04.763+0000][7][gc,heap     ] GC(6) Humongous regions: 1->1
[2023-01-09T09:50:04.764+0000][7][gc,metaspace] GC(6) Metaspace: 27522K(28668K)->27522K(28668K) NonClass: 24451K(25344K)->24451K(25344K) Class: 3071K(3324K)->3071K(3324K)
[2023-01-09T09:50:04.765+0000][7][gc          ] GC(6) Pause Young (Normal) (G1 Evacuation Pause) 311M->16M(512M) 40.454ms
[2023-01-09T09:50:04.766+0000][7][gc,cpu      ] GC(6) User=0.01s Sys=0.00s Real=0.05s
[2023-01-09T09:50:04.766+0000][7][safepoint   ] Safepoint "G1CollectForAllocation", Time since last: 350952667 ns, Reaching safepoint: 87791 ns, At safepoint: 42189209 ns, Total: 42277000 ns
[2023-01-09T09:50:05.421+0000][7][gc,start    ] GC(7) Pause Young (Normal) (G1 Evacuation Pause)
[2023-01-09T09:50:05.422+0000][7][gc,task     ] GC(7) Using 4 workers of 4 for evacuation
[2023-01-09T09:50:05.423+0000][7][gc,age      ] GC(7) Desired survivor size 20447232 bytes, new threshold 15 (max threshold 15)
[2023-01-09T09:50:05.444+0000][7][gc,age      ] GC(7) Age table with threshold 15 (max threshold 15)
[2023-01-09T09:50:05.445+0000][7][gc,age      ] GC(7) - age   1:     636800 bytes,     636800 total
[2023-01-09T09:50:05.446+0000][7][gc,age      ] GC(7) - age   2:    3301088 bytes,    3937888 total
[2023-01-09T09:50:05.447+0000][7][gc,age      ] GC(7) - age   3:    4274680 bytes,    8212568 total
[2023-01-09T09:50:05.448+0000][7][gc,age      ] GC(7) - age   4:    1155776 bytes,    9368344 total
[2023-01-09T09:50:05.449+0000][7][gc,age      ] GC(7) - age   5:    2100144 bytes,   11468488 total
[2023-01-09T09:50:05.450+0000][7][gc,phases   ] GC(7)   Pre Evacuate Collection Set: 0.2ms
[2023-01-09T09:50:05.451+0000][7][gc,phases   ] GC(7)   Merge Heap Roots: 0.0ms
[2023-01-09T09:50:05.452+0000][7][gc,phases   ] GC(7)   Evacuate Collection Set: 14.9ms
[2023-01-09T09:50:05.453+0000][7][gc,phases   ] GC(7)   Post Evacuate Collection Set: 4.2ms
[2023-01-09T09:50:05.454+0000][7][gc,phases   ] GC(7)   Other: 9.6ms
[2023-01-09T09:50:05.455+0000][7][gc,heap     ] GC(7) Eden regions: 295->0(294)
[2023-01-09T09:50:05.456+0000][7][gc,heap     ] GC(7) Survivor regions: 12->13(39)
[2023-01-09T09:50:05.457+0000][7][gc,heap     ] GC(7) Old regions: 4->4
[2023-01-09T09:50:05.457+0000][7][gc,heap     ] GC(7) Archive regions: 0->0
[2023-01-09T09:50:05.458+0000][7][gc,heap     ] GC(7) Humongous regions: 1->1
[2023-01-09T09:50:05.459+0000][7][gc,metaspace] GC(7) Metaspace: 27889K(29052K)->27889K(29052K) NonClass: 24749K(25600K)->24749K(25600K) Class: 3139K(3452K)->3139K(3452K)
[2023-01-09T09:50:05.459+0000][7][gc          ] GC(7) Pause Young (Normal) (G1 Evacuation Pause) 311M->17M(512M) 38.124ms
[2023-01-09T09:50:05.460+0000][7][gc,cpu      ] GC(7) User=0.02s Sys=0.00s Real=0.04s
[2023-01-09T09:50:05.461+0000][7][safepoint   ] Safepoint "G1CollectForAllocation", Time since last: 654578667 ns, Reaching safepoint: 132708 ns, At safepoint: 39697542 ns, Total: 39830250 ns
[2023-01-09T09:50:05.934+0000][7][gc,start    ] GC(8) Pause Young (Normal) (G1 Evacuation Pause)
[2023-01-09T09:50:05.935+0000][7][gc,task     ] GC(8) Using 4 workers of 4 for evacuation
[2023-01-09T09:50:05.936+0000][7][gc,age      ] GC(8) Desired survivor size 20447232 bytes, new threshold 15 (max threshold 15)
[2023-01-09T09:50:05.963+0000][7][gc,age      ] GC(8) Age table with threshold 15 (max threshold 15)
[2023-01-09T09:50:05.964+0000][7][gc,age      ] GC(8) - age   1:    4017784 bytes,    4017784 total
[2023-01-09T09:50:05.964+0000][7][gc,age      ] GC(8) - age   2:     609296 bytes,    4627080 total
[2023-01-09T09:50:05.965+0000][7][gc,age      ] GC(8) - age   3:    3299312 bytes,    7926392 total
[2023-01-09T09:50:05.965+0000][7][gc,age      ] GC(8) - age   4:    4274240 bytes,   12200632 total
[2023-01-09T09:50:05.966+0000][7][gc,age      ] GC(8) - age   5:    1155776 bytes,   13356408 total
[2023-01-09T09:50:05.967+0000][7][gc,age      ] GC(8) - age   6:    2100144 bytes,   15456552 total
[2023-01-09T09:50:05.968+0000][7][gc,phases   ] GC(8)   Pre Evacuate Collection Set: 0.2ms
[2023-01-09T09:50:05.969+0000][7][gc,phases   ] GC(8)   Merge Heap Roots: 0.2ms
[2023-01-09T09:50:05.970+0000][7][gc,phases   ] GC(8)   Evacuate Collection Set: 24.5ms
[2023-01-09T09:50:05.970+0000][7][gc,phases   ] GC(8)   Post Evacuate Collection Set: 0.7ms
[2023-01-09T09:50:05.971+0000][7][gc,phases   ] GC(8)   Other: 8.6ms
[2023-01-09T09:50:05.972+0000][7][gc,heap     ] GC(8) Eden regions: 294->0(290)
[2023-01-09T09:50:05.972+0000][7][gc,heap     ] GC(8) Survivor regions: 13->17(39)
[2023-01-09T09:50:05.973+0000][7][gc,heap     ] GC(8) Old regions: 4->4
[2023-01-09T09:50:05.974+0000][7][gc,heap     ] GC(8) Archive regions: 0->0
[2023-01-09T09:50:05.974+0000][7][gc,heap     ] GC(8) Humongous regions: 1->1
[2023-01-09T09:50:05.975+0000][7][gc,metaspace] GC(8) Metaspace: 28426K(29948K)->28426K(29948K) NonClass: 25205K(26368K)->25205K(26368K) Class: 3220K(3580K)->3220K(3580K)
[2023-01-09T09:50:05.975+0000][7][gc          ] GC(8) Pause Young (Normal) (G1 Evacuation Pause) 311M->21M(512M) 41.147ms
[2023-01-09T09:50:05.977+0000][7][gc,cpu      ] GC(8) User=0.04s Sys=0.00s Real=0.05s
[2023-01-09T09:50:05.977+0000][7][safepoint   ] Safepoint "G1CollectForAllocation", Time since last: 473085292 ns, Reaching safepoint: 151791 ns, At safepoint: 43244959 ns, Total: 43396750 ns
[2023-01-09T09:50:06.570+0000][7][safepoint   ] Safepoint "ICBufferFull", Time since last: 588158875 ns, Reaching safepoint: 4550583 ns, At safepoint: 10584 ns, Total: 4561167 ns
[2023-01-09T09:50:06.999+0000][7][safepoint   ] Safepoint "ICBufferFull", Time since last: 428089000 ns, Reaching safepoint: 695000 ns, At safepoint: 6458 ns, Total: 701458 ns
[2023-01-09T09:50:07.159+0000][7][gc,start    ] GC(9) Pause Young (Concurrent Start) (Metadata GC Threshold)
[2023-01-09T09:50:07.165+0000][7][gc,task     ] GC(9) Using 4 workers of 4 for evacuation
[2023-01-09T09:50:07.183+0000][7][gc,age      ] GC(9) Desired survivor size 20447232 bytes, new threshold 15 (max threshold 15)
[2023-01-09T09:50:07.214+0000][7][gc,age      ] GC(9) Age table with threshold 15 (max threshold 15)
[2023-01-09T09:50:07.218+0000][7][gc,age      ] GC(9) - age   1:    3934160 bytes,    3934160 total
[2023-01-09T09:50:07.218+0000][7][gc,age      ] GC(9) - age   2:    2286880 bytes,    6221040 total
[2023-01-09T09:50:07.219+0000][7][gc,age      ] GC(9) - age   3:     592432 bytes,    6813472 total
[2023-01-09T09:50:07.220+0000][7][gc,age      ] GC(9) - age   4:    3279376 bytes,   10092848 total
[2023-01-09T09:50:07.221+0000][7][gc,age      ] GC(9) - age   5:    4239672 bytes,   14332520 total
[2023-01-09T09:50:07.221+0000][7][gc,age      ] GC(9) - age   6:    1107936 bytes,   15440456 total
[2023-01-09T09:50:07.222+0000][7][gc,age      ] GC(9) - age   7:    2092880 bytes,   17533336 total
[2023-01-09T09:50:07.223+0000][7][gc,phases   ] GC(9)   Pre Evacuate Collection Set: 0.6ms
[2023-01-09T09:50:07.224+0000][7][gc,phases   ] GC(9)   Merge Heap Roots: 0.0ms
[2023-01-09T09:50:07.224+0000][7][gc,phases   ] GC(9)   Evacuate Collection Set: 11.5ms
[2023-01-09T09:50:07.225+0000][7][gc,phases   ] GC(9)   Post Evacuate Collection Set: 1.0ms
[2023-01-09T09:50:07.226+0000][7][gc,phases   ] GC(9)   Other: 50.5ms
[2023-01-09T09:50:07.226+0000][7][gc,heap     ] GC(9) Eden regions: 149->0(289)
[2023-01-09T09:50:07.227+0000][7][gc,heap     ] GC(9) Survivor regions: 17->18(39)
[2023-01-09T09:50:07.228+0000][7][gc,heap     ] GC(9) Old regions: 4->4
[2023-01-09T09:50:07.229+0000][7][gc,heap     ] GC(9) Archive regions: 0->0
[2023-01-09T09:50:07.229+0000][7][gc,heap     ] GC(9) Humongous regions: 1->1
[2023-01-09T09:50:07.230+0000][7][gc,metaspace] GC(9) Metaspace: 36637K(38396K)->36637K(38396K) NonClass: 32333K(33664K)->32333K(33664K) Class: 4303K(4732K)->4303K(4732K)
[2023-01-09T09:50:07.231+0000][7][gc          ] GC(9) Pause Young (Concurrent Start) (Metadata GC Threshold) 170M->22M(512M) 71.433ms
[2023-01-09T09:50:07.231+0000][7][gc,cpu      ] GC(9) User=0.02s Sys=0.01s Real=0.07s
[2023-01-09T09:50:07.232+0000][7][safepoint   ] Safepoint "CollectForMetadataAllocation", Time since last: 160208792 ns, Reaching safepoint: 173958 ns, At safepoint: 72723417 ns, Total: 72897375 ns
[2023-01-09T09:50:07.232+0000][7][gc          ] GC(10) Concurrent Cycle
[2023-01-09T09:50:07.233+0000][7][gc,marking  ] GC(10) Concurrent Clear Claimed Marks
[2023-01-09T09:50:07.234+0000][7][gc,marking  ] GC(10) Concurrent Clear Claimed Marks 0.612ms
[2023-01-09T09:50:07.234+0000][7][gc,marking  ] GC(10) Concurrent Scan Root Regions
[2023-01-09T09:50:07.247+0000][7][gc,marking  ] GC(10) Concurrent Scan Root Regions 12.652ms
[2023-01-09T09:50:07.248+0000][7][gc,marking  ] GC(10) Concurrent Mark (8.093s)
[2023-01-09T09:50:07.249+0000][7][gc,marking  ] GC(10) Concurrent Mark From Roots
[2023-01-09T09:50:07.250+0000][7][gc,task     ] GC(10) Using 1 workers of 1 for marking
[2023-01-09T09:50:07.256+0000][7][gc,marking  ] GC(10) Concurrent Mark From Roots 7.447ms
[2023-01-09T09:50:07.258+0000][7][gc,marking  ] GC(10) Concurrent Preclean
[2023-01-09T09:50:07.259+0000][7][gc,marking  ] GC(10) Concurrent Preclean 1.080ms
[2023-01-09T09:50:07.261+0000][7][gc,marking  ] GC(10) Concurrent Mark (8.093s, 8.105s) 12.738ms
[2023-01-09T09:50:07.270+0000][7][gc,start    ] GC(10) Pause Remark
[2023-01-09T09:50:07.279+0000][7][gc          ] GC(10) Pause Remark 23M->23M(512M) 9.085ms
[2023-01-09T09:50:07.280+0000][7][gc,cpu      ] GC(10) User=0.01s Sys=0.00s Real=0.01s
[2023-01-09T09:50:07.280+0000][7][safepoint   ] Safepoint "G1Concurrent", Time since last: 29835500 ns, Reaching safepoint: 7899125 ns, At safepoint: 10759958 ns, Total: 18659083 ns
[2023-01-09T09:50:07.281+0000][7][gc,marking  ] GC(10) Concurrent Rebuild Remembered Sets
[2023-01-09T09:50:07.284+0000][7][gc,marking  ] GC(10) Concurrent Rebuild Remembered Sets 2.794ms
[2023-01-09T09:50:07.285+0000][7][gc,start    ] GC(10) Pause Cleanup
[2023-01-09T09:50:07.286+0000][7][gc          ] GC(10) Pause Cleanup 23M->23M(512M) 0.804ms
[2023-01-09T09:50:07.287+0000][7][gc,cpu      ] GC(10) User=0.00s Sys=0.00s Real=0.00s
[2023-01-09T09:50:07.288+0000][7][safepoint   ] Safepoint "G1Concurrent", Time since last: 4324250 ns, Reaching safepoint: 584167 ns, At safepoint: 2818167 ns, Total: 3402334 ns
[2023-01-09T09:50:07.291+0000][7][gc,marking  ] GC(10) Concurrent Cleanup for Next Mark
[2023-01-09T09:50:07.293+0000][7][gc,marking  ] GC(10) Concurrent Cleanup for Next Mark 1.075ms
[2023-01-09T09:50:07.294+0000][7][gc          ] GC(10) Concurrent Cycle 62.322ms
[2023-01-09T09:50:08.101+0000][7][safepoint   ] Safepoint "ICBufferFull", Time since last: 811780500 ns, Reaching safepoint: 512875 ns, At safepoint: 30458 ns, Total: 543333 ns
[2023-01-09T09:50:09.110+0000][7][safepoint   ] Safepoint "Cleanup", Time since last: 1002534209 ns, Reaching safepoint: 6445333 ns, At safepoint: 4542 ns, Total: 6449875 ns
[2023-01-09T09:50:09.494+0000][7][safepoint   ] Safepoint "ICBufferFull", Time since last: 384701959 ns, Reaching safepoint: 155958 ns, At safepoint: 4333 ns, Total: 160291 ns
[2023-01-09T09:50:09.748+0000][7][safepoint   ] Safepoint "ICBufferFull", Time since last: 253365375 ns, Reaching safepoint: 247167 ns, At safepoint: 6083 ns, Total: 253250 ns
[2023-01-09T09:50:09.776+0000][7][gc,start    ] GC(11) Pause Young (Normal) (G1 Evacuation Pause)
[2023-01-09T09:50:09.777+0000][7][gc,task     ] GC(11) Using 4 workers of 4 for evacuation
[2023-01-09T09:50:09.780+0000][7][gc,age      ] GC(11) Desired survivor size 20447232 bytes, new threshold 15 (max threshold 15)
[2023-01-09T09:50:09.856+0000][7][gc,age      ] GC(11) Age table with threshold 15 (max threshold 15)
[2023-01-09T09:50:09.857+0000][7][gc,age      ] GC(11) - age   1:   23646176 bytes,   23646176 total
[2023-01-09T09:50:09.858+0000][7][gc,age      ] GC(11) - age   2:    3576360 bytes,   27222536 total
[2023-01-09T09:50:09.859+0000][7][gc,age      ] GC(11) - age   3:    2286688 bytes,   29509224 total
[2023-01-09T09:50:09.860+0000][7][gc,age      ] GC(11) - age   4:     592432 bytes,   30101656 total
[2023-01-09T09:50:09.861+0000][7][gc,age      ] GC(11) - age   5:    3271992 bytes,   33373648 total
[2023-01-09T09:50:09.862+0000][7][gc,age      ] GC(11) - age   6:    4236320 bytes,   37609968 total
[2023-01-09T09:50:09.863+0000][7][gc,age      ] GC(11) - age   7:    1106488 bytes,   38716456 total
[2023-01-09T09:50:09.864+0000][7][gc,age      ] GC(11) - age   8:    2089552 bytes,   40806008 total
[2023-01-09T09:50:09.865+0000][7][gc,phases   ] GC(11)   Pre Evacuate Collection Set: 0.2ms
[2023-01-09T09:50:09.866+0000][7][gc,phases   ] GC(11)   Merge Heap Roots: 0.1ms
[2023-01-09T09:50:09.867+0000][7][gc,phases   ] GC(11)   Evacuate Collection Set: 66.1ms
[2023-01-09T09:50:09.868+0000][7][gc,phases   ] GC(11)   Post Evacuate Collection Set: 6.3ms
[2023-01-09T09:50:09.868+0000][7][gc,phases   ] GC(11)   Other: 16.7ms
[2023-01-09T09:50:09.869+0000][7][gc,heap     ] GC(11) Eden regions: 289->0(268)
[2023-01-09T09:50:09.870+0000][7][gc,heap     ] GC(11) Survivor regions: 18->39(39)
[2023-01-09T09:50:09.871+0000][7][gc,heap     ] GC(11) Old regions: 4->9
[2023-01-09T09:50:09.872+0000][7][gc,heap     ] GC(11) Archive regions: 0->0
[2023-01-09T09:50:09.874+0000][7][gc,heap     ] GC(11) Humongous regions: 1->1
[2023-01-09T09:50:09.875+0000][7][gc,metaspace] GC(11) Metaspace: 43192K(45640K)->43192K(45640K) NonClass: 37959K(39680K)->37959K(39680K) Class: 5232K(5960K)->5232K(5960K)
[2023-01-09T09:50:09.876+0000][7][gc          ] GC(11) Pause Young (Normal) (G1 Evacuation Pause) 311M->48M(512M) 99.991ms
[2023-01-09T09:50:09.876+0000][7][gc,cpu      ] GC(11) User=0.07s Sys=0.00s Real=0.10s
[2023-01-09T09:50:09.877+0000][7][safepoint   ] Safepoint "G1CollectForAllocation", Time since last: 27582584 ns, Reaching safepoint: 134166 ns, At safepoint: 101490584 ns, Total: 101624750 ns
[2023-01-09T09:50:10.522+0000][7][safepoint   ] Safepoint "ICBufferFull", Time since last: 643079917 ns, Reaching safepoint: 2117083 ns, At safepoint: 28750 ns, Total: 2145833 ns
[2023-01-09T09:50:10.973+0000][7][safepoint   ] Safepoint "ICBufferFull", Time since last: 450689584 ns, Reaching safepoint: 164166 ns, At safepoint: 2959 ns, Total: 167125 ns
[2023-01-09T09:50:11.637+0000][7][safepoint   ] Safepoint "ICBufferFull", Time since last: 663074083 ns, Reaching safepoint: 139792 ns, At safepoint: 7458 ns, Total: 147250 ns
[2023-01-09T09:50:12.515+0000][7][safepoint   ] Safepoint "ICBufferFull", Time since last: 878142501 ns, Reaching safepoint: 145375 ns, At safepoint: 5833 ns, Total: 151208 ns
[2023-01-09T09:50:12.772+0000][7][gc,start    ] GC(12) Pause Young (Concurrent Start) (Metadata GC Threshold)
[2023-01-09T09:50:12.774+0000][7][gc,task     ] GC(12) Using 4 workers of 4 for evacuation
[2023-01-09T09:50:12.777+0000][7][gc,age      ] GC(12) Desired survivor size 20447232 bytes, new threshold 1 (max threshold 15)
[2023-01-09T09:50:12.845+0000][7][gc,age      ] GC(12) Age table with threshold 1 (max threshold 15)
[2023-01-09T09:50:12.846+0000][7][gc,age      ] GC(12) - age   1:    8224736 bytes,    8224736 total
[2023-01-09T09:50:12.846+0000][7][gc,phases   ] GC(12)   Pre Evacuate Collection Set: 0.3ms
[2023-01-09T09:50:12.847+0000][7][gc,phases   ] GC(12)   Merge Heap Roots: 0.1ms
[2023-01-09T09:50:12.848+0000][7][gc,phases   ] GC(12)   Evacuate Collection Set: 56.8ms
[2023-01-09T09:50:12.848+0000][7][gc,phases   ] GC(12)   Post Evacuate Collection Set: 9.6ms
[2023-01-09T09:50:12.849+0000][7][gc,phases   ] GC(12)   Other: 8.1ms
[2023-01-09T09:50:12.850+0000][7][gc,heap     ] GC(12) Eden regions: 133->0(287)
[2023-01-09T09:50:12.850+0000][7][gc,heap     ] GC(12) Survivor regions: 39->9(39)
[2023-01-09T09:50:12.851+0000][7][gc,heap     ] GC(12) Old regions: 9->48
[2023-01-09T09:50:12.852+0000][7][gc,heap     ] GC(12) Archive regions: 0->0
[2023-01-09T09:50:12.852+0000][7][gc,heap     ] GC(12) Humongous regions: 1->1
[2023-01-09T09:50:12.853+0000][7][gc,metaspace] GC(12) Metaspace: 61191K(64548K)->61191K(64548K) NonClass: 53376K(55808K)->53376K(55808K) Class: 7815K(8740K)->7815K(8740K)
[2023-01-09T09:50:12.854+0000][7][gc          ] GC(12) Pause Young (Concurrent Start) (Metadata GC Threshold) 181M->58M(512M) 82.093ms
[2023-01-09T09:50:12.854+0000][7][gc,cpu      ] GC(12) User=0.07s Sys=0.01s Real=0.08s
[2023-01-09T09:50:12.855+0000][7][safepoint   ] Safepoint "CollectForMetadataAllocation", Time since last: 251186084 ns, Reaching safepoint: 5540791 ns, At safepoint: 83688875 ns, Total: 89229666 ns
[2023-01-09T09:50:12.855+0000][7][gc          ] GC(13) Concurrent Cycle
[2023-01-09T09:50:12.862+0000][7][gc,marking  ] GC(13) Concurrent Clear Claimed Marks
[2023-01-09T09:50:12.863+0000][7][gc,marking  ] GC(13) Concurrent Clear Claimed Marks 0.841ms
[2023-01-09T09:50:12.864+0000][7][gc,marking  ] GC(13) Concurrent Scan Root Regions
[2023-01-09T09:50:12.893+0000][7][gc,marking  ] GC(13) Concurrent Scan Root Regions 29.619ms
[2023-01-09T09:50:12.897+0000][7][gc,marking  ] GC(13) Concurrent Mark (13.741s)
[2023-01-09T09:50:12.898+0000][7][gc,marking  ] GC(13) Concurrent Mark From Roots
[2023-01-09T09:50:12.899+0000][7][gc,task     ] GC(13) Using 1 workers of 1 for marking
[2023-01-09T09:50:12.932+0000][7][gc,marking  ] GC(13) Concurrent Mark From Roots 34.300ms
[2023-01-09T09:50:12.936+0000][7][gc,marking  ] GC(13) Concurrent Preclean
[2023-01-09T09:50:12.937+0000][7][gc,marking  ] GC(13) Concurrent Preclean 1.172ms
[2023-01-09T09:50:12.954+0000][7][gc,marking  ] GC(13) Concurrent Mark (13.741s, 13.798s) 56.489ms
[2023-01-09T09:50:12.957+0000][7][gc,start    ] GC(13) Pause Remark
[2023-01-09T09:50:12.961+0000][7][gc          ] GC(13) Pause Remark 61M->61M(512M) 4.352ms
[2023-01-09T09:50:12.964+0000][7][gc,cpu      ] GC(13) User=0.01s Sys=0.00s Real=0.00s
[2023-01-09T09:50:12.965+0000][7][safepoint   ] Safepoint "G1Concurrent", Time since last: 101701209 ns, Reaching safepoint: 129625 ns, At safepoint: 7463916 ns, Total: 7593541 ns
[2023-01-09T09:50:12.965+0000][7][gc,marking  ] GC(13) Concurrent Rebuild Remembered Sets
[2023-01-09T09:50:13.052+0000][7][gc,marking  ] GC(13) Concurrent Rebuild Remembered Sets 87.181ms
[2023-01-09T09:50:13.059+0000][7][gc,start    ] GC(13) Pause Cleanup
[2023-01-09T09:50:13.060+0000][7][gc          ] GC(13) Pause Cleanup 66M->66M(512M) 0.903ms
[2023-01-09T09:50:13.061+0000][7][gc,cpu      ] GC(13) User=0.00s Sys=0.00s Real=0.00s
[2023-01-09T09:50:13.062+0000][7][safepoint   ] Safepoint "G1Concurrent", Time since last: 94448917 ns, Reaching safepoint: 496833 ns, At safepoint: 2732000 ns, Total: 3228833 ns
[2023-01-09T09:50:13.063+0000][7][gc,marking  ] GC(13) Concurrent Cleanup for Next Mark
[2023-01-09T09:50:13.065+0000][7][gc,marking  ] GC(13) Concurrent Cleanup for Next Mark 1.484ms
[2023-01-09T09:50:13.066+0000][7][gc          ] GC(13) Concurrent Cycle 210.331ms
[2023-01-09T09:50:13.759+0000][7][safepoint   ] Safepoint "ICBufferFull", Time since last: 696215667 ns, Reaching safepoint: 319792 ns, At safepoint: 2375 ns, Total: 322167 ns
[2023-01-09T09:50:14.446+0000][7][safepoint   ] Safepoint "ICBufferFull", Time since last: 686232084 ns, Reaching safepoint: 660750 ns, At safepoint: 2666 ns, Total: 663416 ns
[2023-01-09T09:50:14.961+0000][7][safepoint   ] Safepoint "ICBufferFull", Time since last: 515297876 ns, Reaching safepoint: 143750 ns, At safepoint: 2333 ns, Total: 146083 ns
[2023-01-09T09:50:15.267+0000][7][safepoint   ] Safepoint "ICBufferFull", Time since last: 306197833 ns, Reaching safepoint: 82500 ns, At safepoint: 2209 ns, Total: 84709 ns
[2023-01-09T09:50:15.742+0000][7][safepoint   ] Safepoint "ICBufferFull", Time since last: 473885625 ns, Reaching safepoint: 464500 ns, At safepoint: 3417 ns, Total: 467917 ns
[2023-01-09T09:50:15.860+0000][7][gc,heap,exit] Heap
[2023-01-09T09:50:15.862+0000][7][gc,heap,exit]  garbage-first heap   total 524288K, used 233472K [0x00000000e0000000, 0x0000000100000000)
[2023-01-09T09:50:15.863+0000][7][gc,heap,exit]   region size 1024K, 180 young (184320K), 9 survivors (9216K)
[2023-01-09T09:50:15.864+0000][7][gc,heap,exit]  Metaspace       used 86286K, capacity 89362K, committed 90480K, reserved 1128448K
[2023-01-09T09:50:15.865+0000][7][gc,heap,exit]   class space    used 11407K, capacity 12371K, committed 12400K, reserved 1048576K
