[2023-01-09T09:51:39.085+0000][7][gc] Using G1
[2023-01-09T09:51:39.255+0000][7][gc,init] Version: 15+36-1562 (release)
[2023-01-09T09:51:39.256+0000][7][gc,init] CPUs: 4 total, 4 available
[2023-01-09T09:51:39.257+0000][7][gc,init] Memory: 7951M
[2023-01-09T09:51:39.258+0000][7][gc,init] Large Page Support: Disabled
[2023-01-09T09:51:39.258+0000][7][gc,init] NUMA Support: Disabled
[2023-01-09T09:51:39.260+0000][7][gc,init] Compressed Oops: Enabled (32-bit)
[2023-01-09T09:51:39.260+0000][7][gc,init] Heap Region Size: 1M
[2023-01-09T09:51:39.261+0000][7][gc,init] Heap Min Capacity: 512M
[2023-01-09T09:51:39.261+0000][7][gc,init] Heap Initial Capacity: 512M
[2023-01-09T09:51:39.263+0000][7][gc,init] Heap Max Capacity: 512M
[2023-01-09T09:51:39.263+0000][7][gc,init] Pre-touch: Enabled
[2023-01-09T09:51:39.264+0000][7][gc,init] Parallel Workers: 4
[2023-01-09T09:51:39.265+0000][7][gc,init] Concurrent Workers: 1
[2023-01-09T09:51:39.265+0000][7][gc,init] Concurrent Refinement Workers: 4
[2023-01-09T09:51:39.266+0000][7][gc,init] Periodic GC: Disabled
[2023-01-09T09:51:39.267+0000][7][gc,metaspace] CDS disabled.
[2023-01-09T09:51:39.268+0000][7][gc,metaspace] Compressed class space mapped at: 0x0000000100000000-0x0000000140000000, size: 1073741824
[2023-01-09T09:51:39.269+0000][7][gc,metaspace] Narrow klass base: 0x0000000000000000, Narrow klass shift: 3, Narrow klass range: 0x140000000
[2023-01-09T09:51:39.588+0000][7][safepoint   ] Safepoint "ICBufferFull", Time since last: 276749583 ns, Reaching safepoint: 137958 ns, At safepoint: 6084 ns, Total: 144042 ns
[2023-01-09T09:51:39.837+0000][7][safepoint   ] Safepoint "ICBufferFull", Time since last: 248754458 ns, Reaching safepoint: 63958 ns, At safepoint: 1709 ns, Total: 65667 ns
[2023-01-09T09:51:40.181+0000][7][safepoint   ] Safepoint "ICBufferFull", Time since last: 344914250 ns, Reaching safepoint: 67708 ns, At safepoint: 2042 ns, Total: 69750 ns
[2023-01-09T09:51:40.265+0000][7][gc,start    ] GC(0) Pause Young (Normal) (G1 Evacuation Pause)
[2023-01-09T09:51:40.293+0000][7][gc,task     ] GC(0) Using 4 workers of 4 for evacuation
[2023-01-09T09:51:40.294+0000][7][gc,age      ] GC(0) Desired survivor size 2097152 bytes, new threshold 15 (max threshold 15)
[2023-01-09T09:51:40.309+0000][7][gc,age      ] GC(0) Age table with threshold 15 (max threshold 15)
[2023-01-09T09:51:40.313+0000][7][gc,age      ] GC(0) - age   1:    3905552 bytes,    3905552 total
[2023-01-09T09:51:40.315+0000][7][gc,phases   ] GC(0)   Pre Evacuate Collection Set: 0.1ms
[2023-01-09T09:51:40.316+0000][7][gc,phases   ] GC(0)   Merge Heap Roots: 0.0ms
[2023-01-09T09:51:40.317+0000][7][gc,phases   ] GC(0)   Evacuate Collection Set: 12.7ms
[2023-01-09T09:51:40.317+0000][7][gc,phases   ] GC(0)   Post Evacuate Collection Set: 1.3ms
[2023-01-09T09:51:40.318+0000][7][gc,phases   ] GC(0)   Other: 35.6ms
[2023-01-09T09:51:40.319+0000][7][gc,heap     ] GC(0) Eden regions: 25->0(25)
[2023-01-09T09:51:40.320+0000][7][gc,heap     ] GC(0) Survivor regions: 0->4(4)
[2023-01-09T09:51:40.321+0000][7][gc,heap     ] GC(0) Old regions: 0->0
[2023-01-09T09:51:40.322+0000][7][gc,heap     ] GC(0) Archive regions: 0->0
[2023-01-09T09:51:40.324+0000][7][gc,heap     ] GC(0) Humongous regions: 1->1
[2023-01-09T09:51:40.326+0000][7][gc,metaspace] GC(0) Metaspace: 15604K(16128K)->15604K(16128K) NonClass: 14025K(14336K)->14025K(14336K) Class: 1578K(1792K)->1578K(1792K)
[2023-01-09T09:51:40.326+0000][7][gc          ] GC(0) Pause Young (Normal) (G1 Evacuation Pause) 26M->4M(512M) 61.126ms
[2023-01-09T09:51:40.327+0000][7][gc,cpu      ] GC(0) User=0.03s Sys=0.01s Real=0.06s
[2023-01-09T09:51:40.328+0000][7][safepoint   ] Safepoint "G1CollectForAllocation", Time since last: 83330625 ns, Reaching safepoint: 47917 ns, At safepoint: 62817458 ns, Total: 62865375 ns
[2023-01-09T09:51:41.046+0000][7][safepoint   ] Safepoint "ICBufferFull", Time since last: 709888750 ns, Reaching safepoint: 8678209 ns, At safepoint: 7416 ns, Total: 8685625 ns
[2023-01-09T09:51:41.268+0000][7][gc,start    ] GC(1) Pause Young (Concurrent Start) (Metadata GC Threshold)
[2023-01-09T09:51:41.272+0000][7][gc,task     ] GC(1) Using 4 workers of 4 for evacuation
[2023-01-09T09:51:41.273+0000][7][gc,age      ] GC(1) Desired survivor size 2097152 bytes, new threshold 1 (max threshold 15)
[2023-01-09T09:51:41.287+0000][7][gc,age      ] GC(1) Age table with threshold 1 (max threshold 15)
[2023-01-09T09:51:41.287+0000][7][gc,age      ] GC(1) - age   1:    2141552 bytes,    2141552 total
[2023-01-09T09:51:41.288+0000][7][gc,phases   ] GC(1)   Pre Evacuate Collection Set: 0.1ms
[2023-01-09T09:51:41.289+0000][7][gc,phases   ] GC(1)   Merge Heap Roots: 0.0ms
[2023-01-09T09:51:41.290+0000][7][gc,phases   ] GC(1)   Evacuate Collection Set: 12.2ms
[2023-01-09T09:51:41.292+0000][7][gc,phases   ] GC(1)   Post Evacuate Collection Set: 0.5ms
[2023-01-09T09:51:41.292+0000][7][gc,phases   ] GC(1)   Other: 7.9ms
[2023-01-09T09:51:41.293+0000][7][gc,heap     ] GC(1) Eden regions: 23->0(35)
[2023-01-09T09:51:41.294+0000][7][gc,heap     ] GC(1) Survivor regions: 4->3(4)
[2023-01-09T09:51:41.295+0000][7][gc,heap     ] GC(1) Old regions: 0->4
[2023-01-09T09:51:41.296+0000][7][gc,heap     ] GC(1) Archive regions: 0->0
[2023-01-09T09:51:41.296+0000][7][gc,heap     ] GC(1) Humongous regions: 1->1
[2023-01-09T09:51:41.297+0000][7][gc,metaspace] GC(1) Metaspace: 20624K(21248K)->20624K(21248K) NonClass: 18400K(18944K)->18400K(18944K) Class: 2224K(2304K)->2224K(2304K)
[2023-01-09T09:51:41.298+0000][7][gc          ] GC(1) Pause Young (Concurrent Start) (Metadata GC Threshold) 27M->7M(512M) 30.676ms
[2023-01-09T09:51:41.299+0000][7][gc,cpu      ] GC(1) User=0.01s Sys=0.00s Real=0.03s
[2023-01-09T09:51:41.300+0000][7][gc          ] GC(2) Concurrent Cycle
[2023-01-09T09:51:41.301+0000][7][gc,marking  ] GC(2) Concurrent Clear Claimed Marks
[2023-01-09T09:51:41.302+0000][7][gc,marking  ] GC(2) Concurrent Clear Claimed Marks 0.822ms
[2023-01-09T09:51:41.302+0000][7][gc,marking  ] GC(2) Concurrent Scan Root Regions
[2023-01-09T09:51:41.301+0000][7][safepoint   ] Safepoint "CollectForMetadataAllocation", Time since last: 220406001 ns, Reaching safepoint: 833833 ns, At safepoint: 33948625 ns, Total: 34782458 ns
[2023-01-09T09:51:41.305+0000][7][gc,marking  ] GC(2) Concurrent Scan Root Regions 3.318ms
[2023-01-09T09:51:41.306+0000][7][gc,marking  ] GC(2) Concurrent Mark (2.236s)
[2023-01-09T09:51:41.307+0000][7][gc,marking  ] GC(2) Concurrent Mark From Roots
[2023-01-09T09:51:41.308+0000][7][gc,task     ] GC(2) Using 1 workers of 1 for marking
[2023-01-09T09:51:41.309+0000][7][gc,marking  ] GC(2) Concurrent Mark From Roots 1.771ms
[2023-01-09T09:51:41.310+0000][7][gc,marking  ] GC(2) Concurrent Preclean
[2023-01-09T09:51:41.310+0000][7][gc,marking  ] GC(2) Concurrent Preclean 0.598ms
[2023-01-09T09:51:41.312+0000][7][gc,marking  ] GC(2) Concurrent Mark (2.236s, 2.241s) 5.228ms
[2023-01-09T09:51:41.313+0000][7][gc,start    ] GC(2) Pause Remark
[2023-01-09T09:51:41.317+0000][7][gc          ] GC(2) Pause Remark 7M->7M(512M) 4.093ms
[2023-01-09T09:51:41.318+0000][7][gc,cpu      ] GC(2) User=0.00s Sys=0.00s Real=0.01s
[2023-01-09T09:51:41.318+0000][7][safepoint   ] Safepoint "G1Concurrent", Time since last: 10865958 ns, Reaching safepoint: 357250 ns, At safepoint: 5753459 ns, Total: 6110709 ns
[2023-01-09T09:51:41.319+0000][7][gc,marking  ] GC(2) Concurrent Rebuild Remembered Sets
[2023-01-09T09:51:41.322+0000][7][gc,marking  ] GC(2) Concurrent Rebuild Remembered Sets 2.310ms
[2023-01-09T09:51:41.323+0000][7][gc,start    ] GC(2) Pause Cleanup
[2023-01-09T09:51:41.324+0000][7][gc          ] GC(2) Pause Cleanup 7M->7M(512M) 0.841ms
[2023-01-09T09:51:41.325+0000][7][gc,cpu      ] GC(2) User=0.00s Sys=0.00s Real=0.01s
[2023-01-09T09:51:41.325+0000][7][safepoint   ] Safepoint "G1Concurrent", Time since last: 3868708 ns, Reaching safepoint: 720458 ns, At safepoint: 2239917 ns, Total: 2960375 ns
[2023-01-09T09:51:41.326+0000][7][gc,marking  ] GC(2) Concurrent Cleanup for Next Mark
[2023-01-09T09:51:41.327+0000][7][gc,marking  ] GC(2) Concurrent Cleanup for Next Mark 0.920ms
[2023-01-09T09:51:41.328+0000][7][gc          ] GC(2) Concurrent Cycle 27.941ms
[2023-01-09T09:51:41.962+0000][7][gc,start    ] GC(3) Pause Young (Normal) (G1 Evacuation Pause)
[2023-01-09T09:51:41.963+0000][7][gc,task     ] GC(3) Using 4 workers of 4 for evacuation
[2023-01-09T09:51:41.964+0000][7][gc,age      ] GC(3) Desired survivor size 2621440 bytes, new threshold 15 (max threshold 15)
[2023-01-09T09:51:41.980+0000][7][gc,age      ] GC(3) Age table with threshold 15 (max threshold 15)
[2023-01-09T09:51:41.981+0000][7][gc,age      ] GC(3) - age   1:    3059768 bytes,    3059768 total
[2023-01-09T09:51:41.981+0000][7][gc,age      ] GC(3) - age   2:    2120656 bytes,    5180424 total
[2023-01-09T09:51:41.983+0000][7][gc,phases   ] GC(3)   Pre Evacuate Collection Set: 0.4ms
[2023-01-09T09:51:41.983+0000][7][gc,phases   ] GC(3)   Merge Heap Roots: 0.0ms
[2023-01-09T09:51:41.984+0000][7][gc,phases   ] GC(3)   Evacuate Collection Set: 12.4ms
[2023-01-09T09:51:41.986+0000][7][gc,phases   ] GC(3)   Post Evacuate Collection Set: 2.1ms
[2023-01-09T09:51:41.986+0000][7][gc,phases   ] GC(3)   Other: 6.1ms
[2023-01-09T09:51:41.987+0000][7][gc,heap     ] GC(3) Eden regions: 36->0(188)
[2023-01-09T09:51:41.988+0000][7][gc,heap     ] GC(3) Survivor regions: 3->5(5)
[2023-01-09T09:51:41.989+0000][7][gc,heap     ] GC(3) Old regions: 4->4
[2023-01-09T09:51:41.990+0000][7][gc,heap     ] GC(3) Archive regions: 0->0
[2023-01-09T09:51:41.991+0000][7][gc,heap     ] GC(3) Humongous regions: 1->1
[2023-01-09T09:51:41.991+0000][7][gc,metaspace] GC(3) Metaspace: 22383K(23040K)->22383K(23040K) NonClass: 19968K(20480K)->19968K(20480K) Class: 2415K(2560K)->2415K(2560K)
[2023-01-09T09:51:41.992+0000][7][gc          ] GC(3) Pause Young (Normal) (G1 Evacuation Pause) 43M->9M(512M) 30.409ms
[2023-01-09T09:51:41.993+0000][7][gc,cpu      ] GC(3) User=0.01s Sys=0.00s Real=0.03s
[2023-01-09T09:51:41.993+0000][7][safepoint   ] Safepoint "G1CollectForAllocation", Time since last: 636041167 ns, Reaching safepoint: 248958 ns, At safepoint: 31787000 ns, Total: 32035958 ns
[2023-01-09T09:51:42.142+0000][7][safepoint   ] Safepoint "ICBufferFull", Time since last: 147643625 ns, Reaching safepoint: 780667 ns, At safepoint: 3333 ns, Total: 784000 ns
[2023-01-09T09:51:42.145+0000][7][safepoint   ] Safepoint "ICBufferFull", Time since last: 3141167 ns, Reaching safepoint: 33250 ns, At safepoint: 3292 ns, Total: 36542 ns
[2023-01-09T09:51:42.154+0000][7][safepoint   ] Safepoint "ICBufferFull", Time since last: 9268916 ns, Reaching safepoint: 53584 ns, At safepoint: 1708 ns, Total: 55292 ns
[2023-01-09T09:51:42.162+0000][7][safepoint   ] Safepoint "ICBufferFull", Time since last: 5251042 ns, Reaching safepoint: 2139500 ns, At safepoint: 4583 ns, Total: 2144083 ns
[2023-01-09T09:51:42.164+0000][7][safepoint   ] Safepoint "ICBufferFull", Time since last: 2363625 ns, Reaching safepoint: 32500 ns, At safepoint: 1708 ns, Total: 34208 ns
[2023-01-09T09:51:42.166+0000][7][safepoint   ] Safepoint "ICBufferFull", Time since last: 2174417 ns, Reaching safepoint: 104375 ns, At safepoint: 2375 ns, Total: 106750 ns
[2023-01-09T09:51:42.171+0000][7][safepoint   ] Safepoint "ICBufferFull", Time since last: 4151375 ns, Reaching safepoint: 109625 ns, At safepoint: 2292 ns, Total: 111917 ns
[2023-01-09T09:51:42.181+0000][7][safepoint   ] Safepoint "ICBufferFull", Time since last: 10227458 ns, Reaching safepoint: 107542 ns, At safepoint: 1666 ns, Total: 109208 ns
[2023-01-09T09:51:42.185+0000][7][safepoint   ] Safepoint "ICBufferFull", Time since last: 3980750 ns, Reaching safepoint: 74375 ns, At safepoint: 1709 ns, Total: 76084 ns
[2023-01-09T09:51:42.187+0000][7][safepoint   ] Safepoint "ICBufferFull", Time since last: 2334208 ns, Reaching safepoint: 114458 ns, At safepoint: 1834 ns, Total: 116292 ns
[2023-01-09T09:51:42.190+0000][7][safepoint   ] Safepoint "ICBufferFull", Time since last: 2476625 ns, Reaching safepoint: 106958 ns, At safepoint: 1458 ns, Total: 108416 ns
[2023-01-09T09:51:42.193+0000][7][safepoint   ] Safepoint "ICBufferFull", Time since last: 2693750 ns, Reaching safepoint: 106417 ns, At safepoint: 1542 ns, Total: 107959 ns
[2023-01-09T09:51:42.195+0000][7][safepoint   ] Safepoint "ICBufferFull", Time since last: 2258375 ns, Reaching safepoint: 102666 ns, At safepoint: 1500 ns, Total: 104166 ns
[2023-01-09T09:51:42.198+0000][7][safepoint   ] Safepoint "ICBufferFull", Time since last: 2400084 ns, Reaching safepoint: 106458 ns, At safepoint: 1625 ns, Total: 108083 ns
[2023-01-09T09:51:42.200+0000][7][safepoint   ] Safepoint "ICBufferFull", Time since last: 1901417 ns, Reaching safepoint: 99500 ns, At safepoint: 1416 ns, Total: 100916 ns
[2023-01-09T09:51:42.202+0000][7][safepoint   ] Safepoint "ICBufferFull", Time since last: 1963584 ns, Reaching safepoint: 100000 ns, At safepoint: 1583 ns, Total: 101583 ns
[2023-01-09T09:51:42.208+0000][7][safepoint   ] Safepoint "ICBufferFull", Time since last: 5720833 ns, Reaching safepoint: 119084 ns, At safepoint: 2000 ns, Total: 121084 ns
[2023-01-09T09:51:42.210+0000][7][safepoint   ] Safepoint "ICBufferFull", Time since last: 2272083 ns, Reaching safepoint: 109208 ns, At safepoint: 1500 ns, Total: 110708 ns
[2023-01-09T09:51:42.215+0000][7][safepoint   ] Safepoint "ICBufferFull", Time since last: 4992334 ns, Reaching safepoint: 119791 ns, At safepoint: 2000 ns, Total: 121791 ns
[2023-01-09T09:51:42.219+0000][7][safepoint   ] Safepoint "ICBufferFull", Time since last: 3843959 ns, Reaching safepoint: 128750 ns, At safepoint: 1791 ns, Total: 130541 ns
[2023-01-09T09:51:42.221+0000][7][safepoint   ] Safepoint "ICBufferFull", Time since last: 2086167 ns, Reaching safepoint: 107458 ns, At safepoint: 2417 ns, Total: 109875 ns
[2023-01-09T09:51:42.229+0000][7][safepoint   ] Safepoint "ICBufferFull", Time since last: 1833042 ns, Reaching safepoint: 5733708 ns, At safepoint: 75333 ns, Total: 5809041 ns
[2023-01-09T09:51:42.234+0000][7][safepoint   ] Safepoint "ICBufferFull", Time since last: 1952834 ns, Reaching safepoint: 3576583 ns, At safepoint: 3000 ns, Total: 3579583 ns
[2023-01-09T09:51:42.239+0000][7][safepoint   ] Safepoint "ICBufferFull", Time since last: 2054792 ns, Reaching safepoint: 2926625 ns, At safepoint: 3791 ns, Total: 2930416 ns
[2023-01-09T09:51:42.245+0000][7][safepoint   ] Safepoint "ICBufferFull", Time since last: 2058834 ns, Reaching safepoint: 3920250 ns, At safepoint: 4500 ns, Total: 3924750 ns
[2023-01-09T09:51:42.248+0000][7][safepoint   ] Safepoint "ICBufferFull", Time since last: 2511625 ns, Reaching safepoint: 296833 ns, At safepoint: 5208 ns, Total: 302041 ns
[2023-01-09T09:51:42.260+0000][7][safepoint   ] Safepoint "ICBufferFull", Time since last: 2487500 ns, Reaching safepoint: 9531959 ns, At safepoint: 3666 ns, Total: 9535625 ns
[2023-01-09T09:51:42.265+0000][7][safepoint   ] Safepoint "ICBufferFull", Time since last: 2005959 ns, Reaching safepoint: 3205958 ns, At safepoint: 4708 ns, Total: 3210666 ns
[2023-01-09T09:51:42.272+0000][7][safepoint   ] Safepoint "ICBufferFull", Time since last: 3838500 ns, Reaching safepoint: 3101292 ns, At safepoint: 3708 ns, Total: 3105000 ns
[2023-01-09T09:51:42.277+0000][7][safepoint   ] Safepoint "ICBufferFull", Time since last: 1792667 ns, Reaching safepoint: 3251583 ns, At safepoint: 6209 ns, Total: 3257792 ns
[2023-01-09T09:51:42.284+0000][7][safepoint   ] Safepoint "ICBufferFull", Time since last: 4037625 ns, Reaching safepoint: 2922916 ns, At safepoint: 7125 ns, Total: 2930041 ns
[2023-01-09T09:51:42.287+0000][7][safepoint   ] Safepoint "ICBufferFull", Time since last: 1801750 ns, Reaching safepoint: 764625 ns, At safepoint: 3375 ns, Total: 768000 ns
[2023-01-09T09:51:42.293+0000][7][safepoint   ] Safepoint "ICBufferFull", Time since last: 1460792 ns, Reaching safepoint: 4030083 ns, At safepoint: 8875 ns, Total: 4038958 ns
[2023-01-09T09:51:42.297+0000][7][safepoint   ] Safepoint "ICBufferFull", Time since last: 2247292 ns, Reaching safepoint: 2732917 ns, At safepoint: 3416 ns, Total: 2736333 ns
[2023-01-09T09:51:42.305+0000][7][safepoint   ] Safepoint "ICBufferFull", Time since last: 2239125 ns, Reaching safepoint: 5704625 ns, At safepoint: 3792 ns, Total: 5708417 ns
[2023-01-09T09:51:42.310+0000][7][safepoint   ] Safepoint "ICBufferFull", Time since last: 2157125 ns, Reaching safepoint: 2742958 ns, At safepoint: 82084 ns, Total: 2825042 ns
[2023-01-09T09:51:42.323+0000][7][safepoint   ] Safepoint "ICBufferFull", Time since last: 4642666 ns, Reaching safepoint: 8364875 ns, At safepoint: 7667 ns, Total: 8372542 ns
[2023-01-09T09:51:42.330+0000][7][safepoint   ] Safepoint "ICBufferFull", Time since last: 2667917 ns, Reaching safepoint: 3861583 ns, At safepoint: 3500 ns, Total: 3865083 ns
[2023-01-09T09:51:42.331+0000][7][safepoint   ] Safepoint "ICBufferFull", Time since last: 1046250 ns, Reaching safepoint: 176792 ns, At safepoint: 1375 ns, Total: 178167 ns
[2023-01-09T09:51:42.332+0000][7][safepoint   ] Safepoint "ICBufferFull", Time since last: 837666 ns, Reaching safepoint: 238375 ns, At safepoint: 1500 ns, Total: 239875 ns
[2023-01-09T09:51:42.334+0000][7][safepoint   ] Safepoint "ICBufferFull", Time since last: 962750 ns, Reaching safepoint: 305417 ns, At safepoint: 1958 ns, Total: 307375 ns
[2023-01-09T09:51:42.335+0000][7][safepoint   ] Safepoint "ICBufferFull", Time since last: 972209 ns, Reaching safepoint: 109791 ns, At safepoint: 1417 ns, Total: 111208 ns
[2023-01-09T09:51:42.340+0000][7][safepoint   ] Safepoint "ICBufferFull", Time since last: 1261958 ns, Reaching safepoint: 4585417 ns, At safepoint: 3625 ns, Total: 4589042 ns
[2023-01-09T09:51:42.342+0000][7][safepoint   ] Safepoint "ICBufferFull", Time since last: 1139208 ns, Reaching safepoint: 116459 ns, At safepoint: 1500 ns, Total: 117959 ns
[2023-01-09T09:51:42.343+0000][7][safepoint   ] Safepoint "ICBufferFull", Time since last: 841916 ns, Reaching safepoint: 316459 ns, At safepoint: 2458 ns, Total: 318917 ns
[2023-01-09T09:51:42.352+0000][7][safepoint   ] Safepoint "ICBufferFull", Time since last: 970458 ns, Reaching safepoint: 8055709 ns, At safepoint: 16416 ns, Total: 8072125 ns
[2023-01-09T09:51:42.354+0000][7][safepoint   ] Safepoint "ICBufferFull", Time since last: 1257875 ns, Reaching safepoint: 318875 ns, At safepoint: 2292 ns, Total: 321167 ns
[2023-01-09T09:51:42.355+0000][7][safepoint   ] Safepoint "ICBufferFull", Time since last: 939792 ns, Reaching safepoint: 145708 ns, At safepoint: 1542 ns, Total: 147250 ns
[2023-01-09T09:51:42.368+0000][7][safepoint   ] Safepoint "ICBufferFull", Time since last: 10815000 ns, Reaching safepoint: 3017750 ns, At safepoint: 11666 ns, Total: 3029416 ns
[2023-01-09T09:51:42.374+0000][7][safepoint   ] Safepoint "ICBufferFull", Time since last: 4305334 ns, Reaching safepoint: 1576541 ns, At safepoint: 3542 ns, Total: 1580083 ns
[2023-01-09T09:51:42.376+0000][7][safepoint   ] Safepoint "ICBufferFull", Time since last: 1389583 ns, Reaching safepoint: 157667 ns, At safepoint: 1667 ns, Total: 159334 ns
[2023-01-09T09:51:42.377+0000][7][safepoint   ] Safepoint "ICBufferFull", Time since last: 976958 ns, Reaching safepoint: 146500 ns, At safepoint: 7292 ns, Total: 153792 ns
[2023-01-09T09:51:42.378+0000][7][safepoint   ] Safepoint "ICBufferFull", Time since last: 868750 ns, Reaching safepoint: 92250 ns, At safepoint: 1291 ns, Total: 93541 ns
[2023-01-09T09:51:42.379+0000][7][safepoint   ] Safepoint "ICBufferFull", Time since last: 745584 ns, Reaching safepoint: 91333 ns, At safepoint: 1458 ns, Total: 92791 ns
[2023-01-09T09:51:42.381+0000][7][safepoint   ] Safepoint "ICBufferFull", Time since last: 1655292 ns, Reaching safepoint: 94125 ns, At safepoint: 1417 ns, Total: 95542 ns
[2023-01-09T09:51:42.381+0000][7][safepoint   ] Safepoint "ICBufferFull", Time since last: 859458 ns, Reaching safepoint: 32958 ns, At safepoint: 1459 ns, Total: 34417 ns
[2023-01-09T09:51:42.385+0000][7][safepoint   ] Safepoint "ICBufferFull", Time since last: 3331291 ns, Reaching safepoint: 32125 ns, At safepoint: 1667 ns, Total: 33792 ns
[2023-01-09T09:51:42.386+0000][7][safepoint   ] Safepoint "ICBufferFull", Time since last: 1472417 ns, Reaching safepoint: 32291 ns, At safepoint: 1375 ns, Total: 33666 ns
[2023-01-09T09:51:42.393+0000][7][safepoint   ] Safepoint "ICBufferFull", Time since last: 6209209 ns, Reaching safepoint: 73000 ns, At safepoint: 5416 ns, Total: 78416 ns
[2023-01-09T09:51:42.394+0000][7][safepoint   ] Safepoint "ICBufferFull", Time since last: 970834 ns, Reaching safepoint: 28500 ns, At safepoint: 916 ns, Total: 29416 ns
[2023-01-09T09:51:42.396+0000][7][safepoint   ] Safepoint "ICBufferFull", Time since last: 1540917 ns, Reaching safepoint: 473875 ns, At safepoint: 2583 ns, Total: 476458 ns
[2023-01-09T09:51:42.397+0000][7][safepoint   ] Safepoint "ICBufferFull", Time since last: 1008084 ns, Reaching safepoint: 20041 ns, At safepoint: 1292 ns, Total: 21333 ns
[2023-01-09T09:51:42.403+0000][7][safepoint   ] Safepoint "ICBufferFull", Time since last: 5931667 ns, Reaching safepoint: 36250 ns, At safepoint: 1666 ns, Total: 37916 ns
[2023-01-09T09:51:42.404+0000][7][safepoint   ] Safepoint "ICBufferFull", Time since last: 1262084 ns, Reaching safepoint: 30458 ns, At safepoint: 1583 ns, Total: 32041 ns
[2023-01-09T09:51:42.405+0000][7][safepoint   ] Safepoint "ICBufferFull", Time since last: 828334 ns, Reaching safepoint: 24291 ns, At safepoint: 1375 ns, Total: 25666 ns
[2023-01-09T09:51:42.406+0000][7][safepoint   ] Safepoint "ICBufferFull", Time since last: 1124584 ns, Reaching safepoint: 28125 ns, At safepoint: 1708 ns, Total: 29833 ns
[2023-01-09T09:51:42.407+0000][7][safepoint   ] Safepoint "ICBufferFull", Time since last: 752292 ns, Reaching safepoint: 36750 ns, At safepoint: 2625 ns, Total: 39375 ns
[2023-01-09T09:51:42.415+0000][7][safepoint   ] Safepoint "ICBufferFull", Time since last: 8699875 ns, Reaching safepoint: 41000 ns, At safepoint: 1666 ns, Total: 42666 ns
[2023-01-09T09:51:42.417+0000][7][safepoint   ] Safepoint "ICBufferFull", Time since last: 1119709 ns, Reaching safepoint: 22833 ns, At safepoint: 1292 ns, Total: 24125 ns
[2023-01-09T09:51:42.418+0000][7][safepoint   ] Safepoint "ICBufferFull", Time since last: 965250 ns, Reaching safepoint: 17833 ns, At safepoint: 1292 ns, Total: 19125 ns
[2023-01-09T09:51:42.418+0000][7][safepoint   ] Safepoint "ICBufferFull", Time since last: 714541 ns, Reaching safepoint: 25125 ns, At safepoint: 1292 ns, Total: 26417 ns
[2023-01-09T09:51:42.419+0000][7][safepoint   ] Safepoint "ICBufferFull", Time since last: 845583 ns, Reaching safepoint: 19625 ns, At safepoint: 1250 ns, Total: 20875 ns
[2023-01-09T09:51:42.424+0000][7][safepoint   ] Safepoint "ICBufferFull", Time since last: 4810792 ns, Reaching safepoint: 27542 ns, At safepoint: 1791 ns, Total: 29333 ns
[2023-01-09T09:51:42.433+0000][7][safepoint   ] Safepoint "ICBufferFull", Time since last: 6617417 ns, Reaching safepoint: 2204458 ns, At safepoint: 2709 ns, Total: 2207167 ns
[2023-01-09T09:51:42.436+0000][7][safepoint   ] Safepoint "ICBufferFull", Time since last: 1899791 ns, Reaching safepoint: 947875 ns, At safepoint: 2125 ns, Total: 950000 ns
[2023-01-09T09:51:42.441+0000][7][safepoint   ] Safepoint "ICBufferFull", Time since last: 2728667 ns, Reaching safepoint: 2568125 ns, At safepoint: 3875 ns, Total: 2572000 ns
[2023-01-09T09:51:42.446+0000][7][safepoint   ] Safepoint "ICBufferFull", Time since last: 3976875 ns, Reaching safepoint: 924208 ns, At safepoint: 3709 ns, Total: 927917 ns
[2023-01-09T09:51:42.455+0000][7][safepoint   ] Safepoint "ICBufferFull", Time since last: 4640500 ns, Reaching safepoint: 4034041 ns, At safepoint: 3459 ns, Total: 4037500 ns
[2023-01-09T09:51:42.457+0000][7][safepoint   ] Safepoint "ICBufferFull", Time since last: 2226958 ns, Reaching safepoint: 164375 ns, At safepoint: 1500 ns, Total: 165875 ns
[2023-01-09T09:51:42.756+0000][7][safepoint   ] Safepoint "ICBufferFull", Time since last: 294440209 ns, Reaching safepoint: 4567333 ns, At safepoint: 4417 ns, Total: 4571750 ns
[2023-01-09T09:51:43.305+0000][7][gc,start    ] GC(4) Pause Young (Normal) (G1 Evacuation Pause)
[2023-01-09T09:51:43.306+0000][7][gc,task     ] GC(4) Using 4 workers of 4 for evacuation
[2023-01-09T09:51:43.307+0000][7][gc,age      ] GC(4) Desired survivor size 13107200 bytes, new threshold 15 (max threshold 15)
[2023-01-09T09:51:43.329+0000][7][gc,age      ] GC(4) Age table with threshold 15 (max threshold 15)
[2023-01-09T09:51:43.330+0000][7][gc,age      ] GC(4) - age   1:    5168880 bytes,    5168880 total
[2023-01-09T09:51:43.331+0000][7][gc,age      ] GC(4) - age   2:    1166336 bytes,    6335216 total
[2023-01-09T09:51:43.332+0000][7][gc,age      ] GC(4) - age   3:    2106384 bytes,    8441600 total
[2023-01-09T09:51:43.333+0000][7][gc,phases   ] GC(4)   Pre Evacuate Collection Set: 0.1ms
[2023-01-09T09:51:43.334+0000][7][gc,phases   ] GC(4)   Merge Heap Roots: 0.2ms
[2023-01-09T09:51:43.335+0000][7][gc,phases   ] GC(4)   Evacuate Collection Set: 13.3ms
[2023-01-09T09:51:43.336+0000][7][gc,phases   ] GC(4)   Post Evacuate Collection Set: 7.2ms
[2023-01-09T09:51:43.337+0000][7][gc,phases   ] GC(4)   Other: 7.9ms
[2023-01-09T09:51:43.337+0000][7][gc,heap     ] GC(4) Eden regions: 188->0(298)
[2023-01-09T09:51:43.338+0000][7][gc,heap     ] GC(4) Survivor regions: 5->9(25)
[2023-01-09T09:51:43.339+0000][7][gc,heap     ] GC(4) Old regions: 4->4
[2023-01-09T09:51:43.340+0000][7][gc,heap     ] GC(4) Archive regions: 0->0
[2023-01-09T09:51:43.341+0000][7][gc,heap     ] GC(4) Humongous regions: 2->1
[2023-01-09T09:51:43.342+0000][7][gc,metaspace] GC(4) Metaspace: 25808K(26624K)->25808K(26624K) NonClass: 22921K(23552K)->22921K(23552K) Class: 2886K(3072K)->2886K(3072K)
[2023-01-09T09:51:43.342+0000][7][gc          ] GC(4) Pause Young (Normal) (G1 Evacuation Pause) 198M->13M(512M) 37.932ms
[2023-01-09T09:51:43.343+0000][7][gc,cpu      ] GC(4) User=0.02s Sys=0.00s Real=0.03s
[2023-01-09T09:51:43.344+0000][7][safepoint   ] Safepoint "G1CollectForAllocation", Time since last: 546047583 ns, Reaching safepoint: 2481667 ns, At safepoint: 39643958 ns, Total: 42125625 ns
[2023-01-09T09:51:43.868+0000][7][safepoint   ] Safepoint "ICBufferFull", Time since last: 520554584 ns, Reaching safepoint: 2772416 ns, At safepoint: 7542 ns, Total: 2779958 ns
[2023-01-09T09:51:44.149+0000][7][gc,start    ] GC(5) Pause Young (Normal) (G1 Evacuation Pause)
[2023-01-09T09:51:44.151+0000][7][gc,task     ] GC(5) Using 4 workers of 4 for evacuation
[2023-01-09T09:51:44.152+0000][7][gc,age      ] GC(5) Desired survivor size 20447232 bytes, new threshold 15 (max threshold 15)
[2023-01-09T09:51:44.170+0000][7][gc,age      ] GC(5) Age table with threshold 15 (max threshold 15)
[2023-01-09T09:51:44.171+0000][7][gc,age      ] GC(5) - age   1:    4961576 bytes,    4961576 total
[2023-01-09T09:51:44.171+0000][7][gc,age      ] GC(5) - age   2:    4321712 bytes,    9283288 total
[2023-01-09T09:51:44.172+0000][7][gc,age      ] GC(5) - age   3:    1166160 bytes,   10449448 total
[2023-01-09T09:51:44.173+0000][7][gc,age      ] GC(5) - age   4:    2106384 bytes,   12555832 total
[2023-01-09T09:51:44.173+0000][7][gc,phases   ] GC(5)   Pre Evacuate Collection Set: 0.2ms
[2023-01-09T09:51:44.174+0000][7][gc,phases   ] GC(5)   Merge Heap Roots: 0.0ms
[2023-01-09T09:51:44.175+0000][7][gc,phases   ] GC(5)   Evacuate Collection Set: 15.4ms
[2023-01-09T09:51:44.176+0000][7][gc,phases   ] GC(5)   Post Evacuate Collection Set: 1.7ms
[2023-01-09T09:51:44.176+0000][7][gc,phases   ] GC(5)   Other: 6.5ms
[2023-01-09T09:51:44.177+0000][7][gc,heap     ] GC(5) Eden regions: 298->0(294)
[2023-01-09T09:51:44.178+0000][7][gc,heap     ] GC(5) Survivor regions: 9->13(39)
[2023-01-09T09:51:44.178+0000][7][gc,heap     ] GC(5) Old regions: 4->4
[2023-01-09T09:51:44.179+0000][7][gc,heap     ] GC(5) Archive regions: 0->0
[2023-01-09T09:51:44.179+0000][7][gc,heap     ] GC(5) Humongous regions: 1->1
[2023-01-09T09:51:44.180+0000][7][gc,metaspace] GC(5) Metaspace: 27528K(28416K)->27528K(28416K) NonClass: 24450K(25088K)->24450K(25088K) Class: 3077K(3328K)->3077K(3328K)
[2023-01-09T09:51:44.181+0000][7][gc          ] GC(5) Pause Young (Normal) (G1 Evacuation Pause) 311M->17M(512M) 31.295ms
[2023-01-09T09:51:44.182+0000][7][gc,cpu      ] GC(5) User=0.03s Sys=0.00s Real=0.03s
[2023-01-09T09:51:44.182+0000][7][safepoint   ] Safepoint "G1CollectForAllocation", Time since last: 280555625 ns, Reaching safepoint: 1364875 ns, At safepoint: 32707459 ns, Total: 34072334 ns
[2023-01-09T09:51:44.766+0000][7][gc,start    ] GC(6) Pause Young (Normal) (G1 Evacuation Pause)
[2023-01-09T09:51:44.769+0000][7][gc,task     ] GC(6) Using 4 workers of 4 for evacuation
[2023-01-09T09:51:44.770+0000][7][gc,age      ] GC(6) Desired survivor size 20447232 bytes, new threshold 15 (max threshold 15)
[2023-01-09T09:51:44.783+0000][7][gc,age      ] GC(6) Age table with threshold 15 (max threshold 15)
[2023-01-09T09:51:44.784+0000][7][gc,age      ] GC(6) - age   1:     956984 bytes,     956984 total
[2023-01-09T09:51:44.785+0000][7][gc,age      ] GC(6) - age   2:    3277208 bytes,    4234192 total
[2023-01-09T09:51:44.786+0000][7][gc,age      ] GC(6) - age   3:    4317408 bytes,    8551600 total
[2023-01-09T09:51:44.787+0000][7][gc,age      ] GC(6) - age   4:    1166016 bytes,    9717616 total
[2023-01-09T09:51:44.787+0000][7][gc,age      ] GC(6) - age   5:    2106384 bytes,   11824000 total
[2023-01-09T09:51:44.789+0000][7][gc,phases   ] GC(6)   Pre Evacuate Collection Set: 0.1ms
[2023-01-09T09:51:44.789+0000][7][gc,phases   ] GC(6)   Merge Heap Roots: 0.0ms
[2023-01-09T09:51:44.790+0000][7][gc,phases   ] GC(6)   Evacuate Collection Set: 11.3ms
[2023-01-09T09:51:44.792+0000][7][gc,phases   ] GC(6)   Post Evacuate Collection Set: 0.6ms
[2023-01-09T09:51:44.793+0000][7][gc,phases   ] GC(6)   Other: 10.3ms
[2023-01-09T09:51:44.794+0000][7][gc,heap     ] GC(6) Eden regions: 294->0(294)
[2023-01-09T09:51:44.795+0000][7][gc,heap     ] GC(6) Survivor regions: 13->13(39)
[2023-01-09T09:51:44.796+0000][7][gc,heap     ] GC(6) Old regions: 4->4
[2023-01-09T09:51:44.796+0000][7][gc,heap     ] GC(6) Archive regions: 0->0
[2023-01-09T09:51:44.797+0000][7][gc,heap     ] GC(6) Humongous regions: 1->1
[2023-01-09T09:51:44.798+0000][7][gc,metaspace] GC(6) Metaspace: 27904K(29056K)->27904K(29056K) NonClass: 24756K(25600K)->24756K(25600K) Class: 3147K(3456K)->3147K(3456K)
[2023-01-09T09:51:44.798+0000][7][gc          ] GC(6) Pause Young (Normal) (G1 Evacuation Pause) 311M->17M(512M) 31.661ms
[2023-01-09T09:51:44.799+0000][7][gc,cpu      ] GC(6) User=0.01s Sys=0.00s Real=0.03s
[2023-01-09T09:51:44.799+0000][7][safepoint   ] Safepoint "G1CollectForAllocation", Time since last: 577458708 ns, Reaching safepoint: 6859459 ns, At safepoint: 32531041 ns, Total: 39390500 ns
[2023-01-09T09:51:45.409+0000][7][gc,start    ] GC(7) Pause Young (Normal) (G1 Evacuation Pause)
[2023-01-09T09:51:45.410+0000][7][gc,task     ] GC(7) Using 4 workers of 4 for evacuation
[2023-01-09T09:51:45.411+0000][7][gc,age      ] GC(7) Desired survivor size 20447232 bytes, new threshold 15 (max threshold 15)
[2023-01-09T09:51:45.424+0000][7][gc,age      ] GC(7) Age table with threshold 15 (max threshold 15)
[2023-01-09T09:51:45.425+0000][7][gc,age      ] GC(7) - age   1:    3254800 bytes,    3254800 total
[2023-01-09T09:51:45.426+0000][7][gc,age      ] GC(7) - age   2:     650512 bytes,    3905312 total
[2023-01-09T09:51:45.427+0000][7][gc,age      ] GC(7) - age   3:    3275432 bytes,    7180744 total
[2023-01-09T09:51:45.428+0000][7][gc,age      ] GC(7) - age   4:    4316968 bytes,   11497712 total
[2023-01-09T09:51:45.429+0000][7][gc,age      ] GC(7) - age   5:    1166016 bytes,   12663728 total
[2023-01-09T09:51:45.430+0000][7][gc,age      ] GC(7) - age   6:    2106384 bytes,   14770112 total
[2023-01-09T09:51:45.430+0000][7][gc,phases   ] GC(7)   Pre Evacuate Collection Set: 0.1ms
[2023-01-09T09:51:45.431+0000][7][gc,phases   ] GC(7)   Merge Heap Roots: 0.1ms
[2023-01-09T09:51:45.432+0000][7][gc,phases   ] GC(7)   Evacuate Collection Set: 11.6ms
[2023-01-09T09:51:45.433+0000][7][gc,phases   ] GC(7)   Post Evacuate Collection Set: 0.6ms
[2023-01-09T09:51:45.434+0000][7][gc,phases   ] GC(7)   Other: 9.3ms
[2023-01-09T09:51:45.435+0000][7][gc,heap     ] GC(7) Eden regions: 294->0(292)
[2023-01-09T09:51:45.436+0000][7][gc,heap     ] GC(7) Survivor regions: 13->15(39)
[2023-01-09T09:51:45.436+0000][7][gc,heap     ] GC(7) Old regions: 4->4
[2023-01-09T09:51:45.437+0000][7][gc,heap     ] GC(7) Archive regions: 0->0
[2023-01-09T09:51:45.438+0000][7][gc,heap     ] GC(7) Humongous regions: 1->1
[2023-01-09T09:51:45.439+0000][7][gc,metaspace] GC(7) Metaspace: 28424K(29952K)->28424K(29952K) NonClass: 25197K(26368K)->25197K(26368K) Class: 3226K(3584K)->3226K(3584K)
[2023-01-09T09:51:45.441+0000][7][gc          ] GC(7) Pause Young (Normal) (G1 Evacuation Pause) 311M->19M(512M) 31.924ms
[2023-01-09T09:51:45.441+0000][7][gc,cpu      ] GC(7) User=0.04s Sys=0.00s Real=0.03s
[2023-01-09T09:51:45.442+0000][7][safepoint   ] Safepoint "G1CollectForAllocation", Time since last: 609565834 ns, Reaching safepoint: 149041 ns, At safepoint: 33407709 ns, Total: 33556750 ns
[2023-01-09T09:51:46.058+0000][7][safepoint   ] Safepoint "ICBufferFull", Time since last: 616063125 ns, Reaching safepoint: 108042 ns, At safepoint: 2166 ns, Total: 110208 ns
[2023-01-09T09:51:46.555+0000][7][gc,start    ] GC(8) Pause Young (Concurrent Start) (Metadata GC Threshold)
[2023-01-09T09:51:46.556+0000][7][gc,task     ] GC(8) Using 4 workers of 4 for evacuation
[2023-01-09T09:51:46.558+0000][7][gc,age      ] GC(8) Desired survivor size 20447232 bytes, new threshold 15 (max threshold 15)
[2023-01-09T09:51:46.580+0000][7][gc,age      ] GC(8) Age table with threshold 15 (max threshold 15)
[2023-01-09T09:51:46.582+0000][7][gc,age      ] GC(8) - age   1:    2085552 bytes,    2085552 total
[2023-01-09T09:51:46.583+0000][7][gc,age      ] GC(8) - age   2:    2259464 bytes,    4345016 total
[2023-01-09T09:51:46.584+0000][7][gc,age      ] GC(8) - age   3:     639016 bytes,    4984032 total
[2023-01-09T09:51:46.584+0000][7][gc,age      ] GC(8) - age   4:    3260432 bytes,    8244464 total
[2023-01-09T09:51:46.585+0000][7][gc,age      ] GC(8) - age   5:    4305640 bytes,   12550104 total
[2023-01-09T09:51:46.586+0000][7][gc,age      ] GC(8) - age   6:    1135600 bytes,   13685704 total
[2023-01-09T09:51:46.587+0000][7][gc,age      ] GC(8) - age   7:    2103584 bytes,   15789288 total
[2023-01-09T09:51:46.588+0000][7][gc,phases   ] GC(8)   Pre Evacuate Collection Set: 0.1ms
[2023-01-09T09:51:46.589+0000][7][gc,phases   ] GC(8)   Merge Heap Roots: 0.1ms
[2023-01-09T09:51:46.589+0000][7][gc,phases   ] GC(8)   Evacuate Collection Set: 19.0ms
[2023-01-09T09:51:46.590+0000][7][gc,phases   ] GC(8)   Post Evacuate Collection Set: 0.6ms
[2023-01-09T09:51:46.592+0000][7][gc,phases   ] GC(8)   Other: 12.8ms
[2023-01-09T09:51:46.593+0000][7][gc,heap     ] GC(8) Eden regions: 124->0(291)
[2023-01-09T09:51:46.595+0000][7][gc,heap     ] GC(8) Survivor regions: 15->16(39)
[2023-01-09T09:51:46.596+0000][7][gc,heap     ] GC(8) Old regions: 4->4
[2023-01-09T09:51:46.597+0000][7][gc,heap     ] GC(8) Archive regions: 0->0
[2023-01-09T09:51:46.599+0000][7][gc,heap     ] GC(8) Humongous regions: 1->1
[2023-01-09T09:51:46.599+0000][7][gc,metaspace] GC(8) Metaspace: 34028K(35584K)->34028K(35584K) NonClass: 30088K(31232K)->30088K(31232K) Class: 3939K(4352K)->3939K(4352K)
[2023-01-09T09:51:46.600+0000][7][gc          ] GC(8) Pause Young (Concurrent Start) (Metadata GC Threshold) 143M->20M(512M) 44.682ms
[2023-01-09T09:51:46.604+0000][7][gc,cpu      ] GC(8) User=0.03s Sys=0.00s Real=0.04s
[2023-01-09T09:51:46.605+0000][7][gc          ] GC(9) Concurrent Cycle
[2023-01-09T09:51:46.606+0000][7][gc,marking  ] GC(9) Concurrent Clear Claimed Marks
[2023-01-09T09:51:46.607+0000][7][gc,marking  ] GC(9) Concurrent Clear Claimed Marks 0.919ms
[2023-01-09T09:51:46.608+0000][7][gc,marking  ] GC(9) Concurrent Scan Root Regions
[2023-01-09T09:51:46.605+0000][7][safepoint   ] Safepoint "CollectForMetadataAllocation", Time since last: 496343501 ns, Reaching safepoint: 343541 ns, At safepoint: 49998042 ns, Total: 50341583 ns
[2023-01-09T09:51:46.615+0000][7][gc,marking  ] GC(9) Concurrent Scan Root Regions 7.600ms
[2023-01-09T09:51:46.623+0000][7][gc,marking  ] GC(9) Concurrent Mark (7.553s)
[2023-01-09T09:51:46.625+0000][7][gc,marking  ] GC(9) Concurrent Mark From Roots
[2023-01-09T09:51:46.626+0000][7][gc,task     ] GC(9) Using 1 workers of 1 for marking
[2023-01-09T09:51:46.630+0000][7][gc,marking  ] GC(9) Concurrent Mark From Roots 4.893ms
[2023-01-09T09:51:46.638+0000][7][gc,marking  ] GC(9) Concurrent Preclean
[2023-01-09T09:51:46.639+0000][7][gc,marking  ] GC(9) Concurrent Preclean 1.058ms
[2023-01-09T09:51:46.641+0000][7][gc,marking  ] GC(9) Concurrent Mark (7.553s, 7.571s) 17.877ms
[2023-01-09T09:51:46.655+0000][7][gc,start    ] GC(9) Pause Remark
[2023-01-09T09:51:46.677+0000][7][gc          ] GC(9) Pause Remark 22M->22M(512M) 22.840ms
[2023-01-09T09:51:46.679+0000][7][gc,cpu      ] GC(9) User=0.02s Sys=0.00s Real=0.02s
[2023-01-09T09:51:46.679+0000][7][safepoint   ] Safepoint "G1Concurrent", Time since last: 37102167 ns, Reaching safepoint: 12506833 ns, At safepoint: 24917833 ns, Total: 37424666 ns
[2023-01-09T09:51:46.684+0000][7][gc,marking  ] GC(9) Concurrent Rebuild Remembered Sets
[2023-01-09T09:51:46.688+0000][7][gc,marking  ] GC(9) Concurrent Rebuild Remembered Sets 4.661ms
[2023-01-09T09:51:46.699+0000][7][gc,start    ] GC(9) Pause Cleanup
[2023-01-09T09:51:46.703+0000][7][gc          ] GC(9) Pause Cleanup 22M->22M(512M) 4.838ms
[2023-01-09T09:51:46.704+0000][7][gc,cpu      ] GC(9) User=0.00s Sys=0.00s Real=0.00s
[2023-01-09T09:51:46.705+0000][7][safepoint   ] Safepoint "G1Concurrent", Time since last: 10213584 ns, Reaching safepoint: 8848166 ns, At safepoint: 6131584 ns, Total: 14979750 ns
[2023-01-09T09:51:46.705+0000][7][gc,marking  ] GC(9) Concurrent Cleanup for Next Mark
[2023-01-09T09:51:46.707+0000][7][gc,marking  ] GC(9) Concurrent Cleanup for Next Mark 1.217ms
[2023-01-09T09:51:46.707+0000][7][gc          ] GC(9) Concurrent Cycle 102.721ms
[2023-01-09T09:51:47.593+0000][7][safepoint   ] Safepoint "ICBufferFull", Time since last: 884987334 ns, Reaching safepoint: 3708125 ns, At safepoint: 8583 ns, Total: 3716708 ns
[2023-01-09T09:51:47.776+0000][7][safepoint   ] Safepoint "ICBufferFull", Time since last: 178327000 ns, Reaching safepoint: 3909167 ns, At safepoint: 4250 ns, Total: 3913417 ns
[2023-01-09T09:51:48.782+0000][7][safepoint   ] Safepoint "Cleanup", Time since last: 1000334917 ns, Reaching safepoint: 5727166 ns, At safepoint: 10500 ns, Total: 5737666 ns
[2023-01-09T09:51:49.084+0000][7][safepoint   ] Safepoint "ICBufferFull", Time since last: 299243959 ns, Reaching safepoint: 2581875 ns, At safepoint: 3000 ns, Total: 2584875 ns
[2023-01-09T09:51:49.661+0000][7][gc,start    ] GC(10) Pause Young (Normal) (G1 Evacuation Pause)
[2023-01-09T09:51:49.662+0000][7][gc,task     ] GC(10) Using 4 workers of 4 for evacuation
[2023-01-09T09:51:49.663+0000][7][gc,age      ] GC(10) Desired survivor size 20447232 bytes, new threshold 15 (max threshold 15)
[2023-01-09T09:51:49.788+0000][7][gc,age      ] GC(10) Age table with threshold 15 (max threshold 15)
[2023-01-09T09:51:49.790+0000][7][gc,age      ] GC(10) - age   1:   25167808 bytes,   25167808 total
[2023-01-09T09:51:49.791+0000][7][gc,age      ] GC(10) - age   2:    2002352 bytes,   27170160 total
[2023-01-09T09:51:49.792+0000][7][gc,age      ] GC(10) - age   3:    2257936 bytes,   29428096 total
[2023-01-09T09:51:49.792+0000][7][gc,age      ] GC(10) - age   4:     633672 bytes,   30061768 total
[2023-01-09T09:51:49.793+0000][7][gc,age      ] GC(10) - age   5:    3248480 bytes,   33310248 total
[2023-01-09T09:51:49.794+0000][7][gc,age      ] GC(10) - age   6:    4276568 bytes,   37586816 total
[2023-01-09T09:51:49.795+0000][7][gc,age      ] GC(10) - age   7:    1110928 bytes,   38697744 total
[2023-01-09T09:51:49.796+0000][7][gc,age      ] GC(10) - age   8:    2095600 bytes,   40793344 total
[2023-01-09T09:51:49.797+0000][7][gc,phases   ] GC(10)   Pre Evacuate Collection Set: 2.2ms
[2023-01-09T09:51:49.798+0000][7][gc,phases   ] GC(10)   Merge Heap Roots: 1.8ms
[2023-01-09T09:51:49.799+0000][7][gc,phases   ] GC(10)   Evacuate Collection Set: 95.0ms
[2023-01-09T09:51:49.800+0000][7][gc,phases   ] GC(10)   Post Evacuate Collection Set: 24.9ms
[2023-01-09T09:51:49.801+0000][7][gc,phases   ] GC(10)   Other: 12.3ms
[2023-01-09T09:51:49.801+0000][7][gc,heap     ] GC(10) Eden regions: 291->0(268)
[2023-01-09T09:51:49.802+0000][7][gc,heap     ] GC(10) Survivor regions: 16->39(39)
[2023-01-09T09:51:49.803+0000][7][gc,heap     ] GC(10) Old regions: 4->9
[2023-01-09T09:51:49.803+0000][7][gc,heap     ] GC(10) Archive regions: 0->0
[2023-01-09T09:51:49.805+0000][7][gc,heap     ] GC(10) Humongous regions: 1->1
[2023-01-09T09:51:49.806+0000][7][gc,metaspace] GC(10) Metaspace: 43143K(45568K)->43143K(45568K) NonClass: 37913K(39680K)->37913K(39680K) Class: 5229K(5888K)->5229K(5888K)
[2023-01-09T09:51:49.807+0000][7][gc          ] GC(10) Pause Young (Normal) (G1 Evacuation Pause) 311M->48M(512M) 145.677ms
[2023-01-09T09:51:49.807+0000][7][gc,cpu      ] GC(10) User=0.10s Sys=0.01s Real=0.15s
[2023-01-09T09:51:49.814+0000][7][safepoint   ] Safepoint "G1CollectForAllocation", Time since last: 577109375 ns, Reaching safepoint: 167625 ns, At safepoint: 152932500 ns, Total: 153100125 ns
[2023-01-09T09:51:50.269+0000][7][safepoint   ] Safepoint "ICBufferFull", Time since last: 452873625 ns, Reaching safepoint: 2218375 ns, At safepoint: 5792 ns, Total: 2224167 ns
[2023-01-09T09:51:51.204+0000][7][safepoint   ] Safepoint "ICBufferFull", Time since last: 934486334 ns, Reaching safepoint: 250042 ns, At safepoint: 7708 ns, Total: 257750 ns
[2023-01-09T09:51:51.325+0000][7][safepoint   ] Safepoint "ICBufferFull", Time since last: 116946417 ns, Reaching safepoint: 4122166 ns, At safepoint: 9417 ns, Total: 4131583 ns
[2023-01-09T09:51:51.360+0000][7][gc,start    ] GC(11) Pause Young (Concurrent Start) (Metadata GC Threshold)
[2023-01-09T09:51:51.360+0000][7][gc,task     ] GC(11) Using 4 workers of 4 for evacuation
[2023-01-09T09:51:51.361+0000][7][gc,age      ] GC(11) Desired survivor size 20447232 bytes, new threshold 1 (max threshold 15)
[2023-01-09T09:51:51.420+0000][7][gc,age      ] GC(11) Age table with threshold 1 (max threshold 15)
[2023-01-09T09:51:51.421+0000][7][gc,age      ] GC(11) - age   1:    5851416 bytes,    5851416 total
[2023-01-09T09:51:51.422+0000][7][gc,phases   ] GC(11)   Pre Evacuate Collection Set: 1.2ms
[2023-01-09T09:51:51.422+0000][7][gc,phases   ] GC(11)   Merge Heap Roots: 0.2ms
[2023-01-09T09:51:51.423+0000][7][gc,phases   ] GC(11)   Evacuate Collection Set: 49.7ms
[2023-01-09T09:51:51.424+0000][7][gc,phases   ] GC(11)   Post Evacuate Collection Set: 6.9ms
[2023-01-09T09:51:51.425+0000][7][gc,phases   ] GC(11)   Other: 4.1ms
[2023-01-09T09:51:51.426+0000][7][gc,heap     ] GC(11) Eden regions: 109->0(291)
[2023-01-09T09:51:51.426+0000][7][gc,heap     ] GC(11) Survivor regions: 39->6(39)
[2023-01-09T09:51:51.427+0000][7][gc,heap     ] GC(11) Old regions: 9->49
[2023-01-09T09:51:51.428+0000][7][gc,heap     ] GC(11) Archive regions: 0->0
[2023-01-09T09:51:51.429+0000][7][gc,heap     ] GC(11) Humongous regions: 1->1
[2023-01-09T09:51:51.430+0000][7][gc,metaspace] GC(11) Metaspace: 56736K(59648K)->56736K(59648K) NonClass: 49424K(51456K)->49424K(51456K) Class: 7311K(8192K)->7311K(8192K)
[2023-01-09T09:51:51.431+0000][7][gc          ] GC(11) Pause Young (Concurrent Start) (Metadata GC Threshold) 157M->55M(512M) 71.683ms
[2023-01-09T09:51:51.432+0000][7][gc,cpu      ] GC(11) User=0.07s Sys=0.01s Real=0.07s
[2023-01-09T09:51:51.433+0000][7][gc          ] GC(12) Concurrent Cycle
[2023-01-09T09:51:51.433+0000][7][gc,marking  ] GC(12) Concurrent Clear Claimed Marks
[2023-01-09T09:51:51.434+0000][7][gc,marking  ] GC(12) Concurrent Clear Claimed Marks 0.601ms
[2023-01-09T09:51:51.434+0000][7][gc,marking  ] GC(12) Concurrent Scan Root Regions
[2023-01-09T09:51:51.439+0000][7][safepoint   ] Safepoint "CollectForMetadataAllocation", Time since last: 34880750 ns, Reaching safepoint: 76250 ns, At safepoint: 79514625 ns, Total: 79590875 ns
[2023-01-09T09:51:51.481+0000][7][safepoint   ] Safepoint "CollectForMetadataAllocation", Time since last: 41788125 ns, Reaching safepoint: 54625 ns, At safepoint: 68583 ns, Total: 123208 ns
[2023-01-09T09:51:51.487+0000][7][safepoint   ] Safepoint "CollectForMetadataAllocation", Time since last: 5482542 ns, Reaching safepoint: 40042 ns, At safepoint: 61083 ns, Total: 101125 ns
[2023-01-09T09:51:51.508+0000][7][gc,marking  ] GC(12) Concurrent Scan Root Regions 74.185ms
[2023-01-09T09:51:51.515+0000][7][gc,marking  ] GC(12) Concurrent Mark (12.444s)
[2023-01-09T09:51:51.516+0000][7][gc,marking  ] GC(12) Concurrent Mark From Roots
[2023-01-09T09:51:51.517+0000][7][gc,task     ] GC(12) Using 1 workers of 1 for marking
[2023-01-09T09:51:51.528+0000][7][safepoint   ] Safepoint "CollectForMetadataAllocation", Time since last: 41392500 ns, Reaching safepoint: 158250 ns, At safepoint: 50917 ns, Total: 209167 ns
[2023-01-09T09:51:51.540+0000][7][gc,marking  ] GC(12) Concurrent Mark From Roots 24.003ms
[2023-01-09T09:51:51.541+0000][7][gc,marking  ] GC(12) Concurrent Preclean
[2023-01-09T09:51:51.543+0000][7][gc,marking  ] GC(12) Concurrent Preclean 1.681ms
[2023-01-09T09:51:51.543+0000][7][gc,marking  ] GC(12) Concurrent Mark (12.444s, 12.473s) 28.621ms
[2023-01-09T09:51:51.544+0000][7][gc,start    ] GC(12) Pause Remark
[2023-01-09T09:51:51.548+0000][7][gc          ] GC(12) Pause Remark 60M->60M(512M) 3.141ms
[2023-01-09T09:51:51.549+0000][7][gc,cpu      ] GC(12) User=0.00s Sys=0.00s Real=0.00s
[2023-01-09T09:51:51.549+0000][7][safepoint   ] Safepoint "G1Concurrent", Time since last: 15673791 ns, Reaching safepoint: 578459 ns, At safepoint: 4952666 ns, Total: 5531125 ns
[2023-01-09T09:51:51.550+0000][7][gc,marking  ] GC(12) Concurrent Rebuild Remembered Sets
[2023-01-09T09:51:51.646+0000][7][gc,marking  ] GC(12) Concurrent Rebuild Remembered Sets 95.865ms
[2023-01-09T09:51:51.654+0000][7][gc,start    ] GC(12) Pause Cleanup
[2023-01-09T09:51:51.655+0000][7][gc          ] GC(12) Pause Cleanup 63M->63M(512M) 0.903ms
[2023-01-09T09:51:51.655+0000][7][gc,cpu      ] GC(12) User=0.00s Sys=0.00s Real=0.01s
[2023-01-09T09:51:51.656+0000][7][safepoint   ] Safepoint "G1Concurrent", Time since last: 97483292 ns, Reaching safepoint: 7034125 ns, At safepoint: 2275917 ns, Total: 9310042 ns
[2023-01-09T09:51:51.657+0000][7][gc,marking  ] GC(12) Concurrent Cleanup for Next Mark
[2023-01-09T09:51:51.658+0000][7][gc,marking  ] GC(12) Concurrent Cleanup for Next Mark 1.083ms
[2023-01-09T09:51:51.659+0000][7][gc          ] GC(12) Concurrent Cycle 226.053ms
[2023-01-09T09:51:52.661+0000][7][safepoint   ] Safepoint "Cleanup", Time since last: 1000206625 ns, Reaching safepoint: 4536084 ns, At safepoint: 4375 ns, Total: 4540459 ns
[2023-01-09T09:51:53.104+0000][7][safepoint   ] Safepoint "ICBufferFull", Time since last: 435786916 ns, Reaching safepoint: 7655750 ns, At safepoint: 17500 ns, Total: 7673250 ns
[2023-01-09T09:51:54.108+0000][7][safepoint   ] Safepoint "Cleanup", Time since last: 1002515251 ns, Reaching safepoint: 734417 ns, At safepoint: 5750 ns, Total: 740167 ns
[2023-01-09T09:51:54.564+0000][7][safepoint   ] Safepoint "ICBufferFull", Time since last: 455721208 ns, Reaching safepoint: 115167 ns, At safepoint: 1875 ns, Total: 117042 ns
[2023-01-09T09:51:55.237+0000][7][safepoint   ] Safepoint "ICBufferFull", Time since last: 672862459 ns, Reaching safepoint: 174166 ns, At safepoint: 2250 ns, Total: 176416 ns
[2023-01-09T09:51:55.591+0000][7][safepoint   ] Safepoint "ICBufferFull", Time since last: 354250084 ns, Reaching safepoint: 97625 ns, At safepoint: 2583 ns, Total: 100208 ns
[2023-01-09T09:51:56.144+0000][7][gc,heap,exit] Heap
[2023-01-09T09:51:56.145+0000][7][gc,heap,exit]  garbage-first heap   total 524288K, used 261306K [0x00000000e0000000, 0x0000000100000000)
[2023-01-09T09:51:56.146+0000][7][gc,heap,exit]   region size 1024K, 207 young (211968K), 6 survivors (6144K)
[2023-01-09T09:51:56.146+0000][7][gc,heap,exit]  Metaspace       used 86267K, capacity 89298K, committed 90240K, reserved 1126400K
[2023-01-09T09:51:56.147+0000][7][gc,heap,exit]   class space    used 11404K, capacity 12371K, committed 12416K, reserved 1048576K
