[2023-02-24T08:27:55.253+0000][7][gc] Using G1
[2023-02-24T08:27:55.416+0000][7][gc,init] Version: 15+36-1562 (release)
[2023-02-24T08:27:55.417+0000][7][gc,init] CPUs: 4 total, 4 available
[2023-02-24T08:27:55.418+0000][7][gc,init] Memory: 7951M
[2023-02-24T08:27:55.419+0000][7][gc,init] Large Page Support: Disabled
[2023-02-24T08:27:55.419+0000][7][gc,init] NUMA Support: Disabled
[2023-02-24T08:27:55.420+0000][7][gc,init] Compressed Oops: Enabled (32-bit)
[2023-02-24T08:27:55.421+0000][7][gc,init] Heap Region Size: 1M
[2023-02-24T08:27:55.422+0000][7][gc,init] Heap Min Capacity: 512M
[2023-02-24T08:27:55.422+0000][7][gc,init] Heap Initial Capacity: 512M
[2023-02-24T08:27:55.423+0000][7][gc,init] Heap Max Capacity: 512M
[2023-02-24T08:27:55.424+0000][7][gc,init] Pre-touch: Enabled
[2023-02-24T08:27:55.425+0000][7][gc,init] Parallel Workers: 4
[2023-02-24T08:27:55.425+0000][7][gc,init] Concurrent Workers: 1
[2023-02-24T08:27:55.426+0000][7][gc,init] Concurrent Refinement Workers: 4
[2023-02-24T08:27:55.426+0000][7][gc,init] Periodic GC: Disabled
[2023-02-24T08:27:55.428+0000][7][gc,metaspace] CDS disabled.
[2023-02-24T08:27:55.428+0000][7][gc,metaspace] Compressed class space mapped at: 0x0000000100000000-0x0000000140000000, size: 1073741824
[2023-02-24T08:27:55.429+0000][7][gc,metaspace] Narrow klass base: 0x0000000000000000, Narrow klass shift: 3, Narrow klass range: 0x140000000
[2023-02-24T08:27:55.934+0000][7][safepoint   ] Safepoint "ICBufferFull", Time since last: 490337708 ns, Reaching safepoint: 70000 ns, At safepoint: 1500 ns, Total: 71500 ns
[2023-02-24T08:27:56.284+0000][7][safepoint   ] Safepoint "ICBufferFull", Time since last: 348989292 ns, Reaching safepoint: 665917 ns, At safepoint: 3500 ns, Total: 669417 ns
[2023-02-24T08:27:57.123+0000][7][safepoint   ] Safepoint "ICBufferFull", Time since last: 837914667 ns, Reaching safepoint: 739958 ns, At safepoint: 4125 ns, Total: 744083 ns
[2023-02-24T08:27:57.215+0000][7][gc,start    ] GC(0) Pause Young (Normal) (G1 Evacuation Pause)
[2023-02-24T08:27:57.231+0000][7][gc,task     ] GC(0) Using 4 workers of 4 for evacuation
[2023-02-24T08:27:57.235+0000][7][gc,age      ] GC(0) Desired survivor size 2097152 bytes, new threshold 15 (max threshold 15)
[2023-02-24T08:27:57.263+0000][7][gc,age      ] GC(0) Age table with threshold 15 (max threshold 15)
[2023-02-24T08:27:57.266+0000][7][gc,age      ] GC(0) - age   1:    3934632 bytes,    3934632 total
[2023-02-24T08:27:57.268+0000][7][gc,phases   ] GC(0)   Pre Evacuate Collection Set: 0.1ms
[2023-02-24T08:27:57.270+0000][7][gc,phases   ] GC(0)   Merge Heap Roots: 0.0ms
[2023-02-24T08:27:57.274+0000][7][gc,phases   ] GC(0)   Evacuate Collection Set: 23.9ms
[2023-02-24T08:27:57.276+0000][7][gc,phases   ] GC(0)   Post Evacuate Collection Set: 2.4ms
[2023-02-24T08:27:57.277+0000][7][gc,phases   ] GC(0)   Other: 27.1ms
[2023-02-24T08:27:57.281+0000][7][gc,heap     ] GC(0) Eden regions: 25->0(25)
[2023-02-24T08:27:57.285+0000][7][gc,heap     ] GC(0) Survivor regions: 0->4(4)
[2023-02-24T08:27:57.287+0000][7][gc,heap     ] GC(0) Old regions: 0->0
[2023-02-24T08:27:57.291+0000][7][gc,heap     ] GC(0) Archive regions: 0->0
[2023-02-24T08:27:57.292+0000][7][gc,heap     ] GC(0) Humongous regions: 1->1
[2023-02-24T08:27:57.293+0000][7][gc,metaspace] GC(0) Metaspace: 15672K(16384K)->15672K(16384K) NonClass: 14088K(14592K)->14088K(14592K) Class: 1584K(1792K)->1584K(1792K)
[2023-02-24T08:27:57.295+0000][7][gc          ] GC(0) Pause Young (Normal) (G1 Evacuation Pause) 26M->4M(512M) 79.881ms
[2023-02-24T08:27:57.297+0000][7][gc,cpu      ] GC(0) User=0.03s Sys=0.00s Real=0.08s
[2023-02-24T08:27:57.299+0000][7][safepoint   ] Safepoint "G1CollectForAllocation", Time since last: 92097125 ns, Reaching safepoint: 120834 ns, At safepoint: 83639583 ns, Total: 83760417 ns
[2023-02-24T08:27:58.274+0000][7][safepoint   ] Safepoint "ICBufferFull", Time since last: 975649709 ns, Reaching safepoint: 207375 ns, At safepoint: 2083 ns, Total: 209458 ns
[2023-02-24T08:27:58.550+0000][7][gc,start    ] GC(1) Pause Young (Concurrent Start) (Metadata GC Threshold)
[2023-02-24T08:27:58.552+0000][7][gc,task     ] GC(1) Using 4 workers of 4 for evacuation
[2023-02-24T08:27:58.553+0000][7][gc,age      ] GC(1) Desired survivor size 2097152 bytes, new threshold 1 (max threshold 15)
[2023-02-24T08:27:58.566+0000][7][gc,age      ] GC(1) Age table with threshold 1 (max threshold 15)
[2023-02-24T08:27:58.568+0000][7][gc,age      ] GC(1) - age   1:    2140592 bytes,    2140592 total
[2023-02-24T08:27:58.568+0000][7][gc,phases   ] GC(1)   Pre Evacuate Collection Set: 0.1ms
[2023-02-24T08:27:58.569+0000][7][gc,phases   ] GC(1)   Merge Heap Roots: 0.0ms
[2023-02-24T08:27:58.570+0000][7][gc,phases   ] GC(1)   Evacuate Collection Set: 11.6ms
[2023-02-24T08:27:58.571+0000][7][gc,phases   ] GC(1)   Post Evacuate Collection Set: 0.5ms
[2023-02-24T08:27:58.572+0000][7][gc,phases   ] GC(1)   Other: 6.0ms
[2023-02-24T08:27:58.573+0000][7][gc,heap     ] GC(1) Eden regions: 23->0(34)
[2023-02-24T08:27:58.574+0000][7][gc,heap     ] GC(1) Survivor regions: 4->3(4)
[2023-02-24T08:27:58.575+0000][7][gc,heap     ] GC(1) Old regions: 0->4
[2023-02-24T08:27:58.576+0000][7][gc,heap     ] GC(1) Archive regions: 0->0
[2023-02-24T08:27:58.577+0000][7][gc,heap     ] GC(1) Humongous regions: 1->1
[2023-02-24T08:27:58.578+0000][7][gc,metaspace] GC(1) Metaspace: 20699K(21248K)->20699K(21248K) NonClass: 18472K(18944K)->18472K(18944K) Class: 2226K(2304K)->2226K(2304K)
[2023-02-24T08:27:58.579+0000][7][gc          ] GC(1) Pause Young (Concurrent Start) (Metadata GC Threshold) 27M->7M(512M) 28.458ms
[2023-02-24T08:27:58.580+0000][7][gc,cpu      ] GC(1) User=0.01s Sys=0.00s Real=0.03s
[2023-02-24T08:27:58.581+0000][7][safepoint   ] Safepoint "CollectForMetadataAllocation", Time since last: 273691584 ns, Reaching safepoint: 2161625 ns, At safepoint: 30837041 ns, Total: 32998666 ns
[2023-02-24T08:27:58.582+0000][7][gc          ] GC(2) Concurrent Cycle
[2023-02-24T08:27:58.583+0000][7][gc,marking  ] GC(2) Concurrent Clear Claimed Marks
[2023-02-24T08:27:58.584+0000][7][gc,marking  ] GC(2) Concurrent Clear Claimed Marks 1.261ms
[2023-02-24T08:27:58.588+0000][7][gc,marking  ] GC(2) Concurrent Scan Root Regions
[2023-02-24T08:27:58.590+0000][7][gc,marking  ] GC(2) Concurrent Scan Root Regions 2.865ms
[2023-02-24T08:27:58.591+0000][7][gc,marking  ] GC(2) Concurrent Mark (3.358s)
[2023-02-24T08:27:58.592+0000][7][gc,marking  ] GC(2) Concurrent Mark From Roots
[2023-02-24T08:27:58.593+0000][7][gc,task     ] GC(2) Using 1 workers of 1 for marking
[2023-02-24T08:27:58.593+0000][7][gc,marking  ] GC(2) Concurrent Mark From Roots 1.276ms
[2023-02-24T08:27:58.594+0000][7][gc,marking  ] GC(2) Concurrent Preclean
[2023-02-24T08:27:58.595+0000][7][gc,marking  ] GC(2) Concurrent Preclean 0.754ms
[2023-02-24T08:27:58.596+0000][7][gc,marking  ] GC(2) Concurrent Mark (3.358s, 3.363s) 4.517ms
[2023-02-24T08:27:58.598+0000][7][gc,start    ] GC(2) Pause Remark
[2023-02-24T08:27:58.600+0000][7][gc          ] GC(2) Pause Remark 7M->7M(512M) 2.321ms
[2023-02-24T08:27:58.601+0000][7][gc,cpu      ] GC(2) User=0.00s Sys=0.00s Real=0.01s
[2023-02-24T08:27:58.602+0000][7][safepoint   ] Safepoint "G1Concurrent", Time since last: 15799625 ns, Reaching safepoint: 680542 ns, At safepoint: 4019667 ns, Total: 4700209 ns
[2023-02-24T08:27:58.602+0000][7][gc,marking  ] GC(2) Concurrent Rebuild Remembered Sets
[2023-02-24T08:27:58.604+0000][7][gc,marking  ] GC(2) Concurrent Rebuild Remembered Sets 2.084ms
[2023-02-24T08:27:58.611+0000][7][gc,start    ] GC(2) Pause Cleanup
[2023-02-24T08:27:58.612+0000][7][gc          ] GC(2) Pause Cleanup 7M->7M(512M) 1.139ms
[2023-02-24T08:27:58.613+0000][7][gc,cpu      ] GC(2) User=0.00s Sys=0.00s Real=0.00s
[2023-02-24T08:27:58.613+0000][7][safepoint   ] Safepoint "G1Concurrent", Time since last: 3827458 ns, Reaching safepoint: 5374208 ns, At safepoint: 2657667 ns, Total: 8031875 ns
[2023-02-24T08:27:58.614+0000][7][gc,marking  ] GC(2) Concurrent Cleanup for Next Mark
[2023-02-24T08:27:58.616+0000][7][gc,marking  ] GC(2) Concurrent Cleanup for Next Mark 1.641ms
[2023-02-24T08:27:58.617+0000][7][gc          ] GC(2) Concurrent Cycle 35.362ms
[2023-02-24T08:27:59.404+0000][7][safepoint   ] Safepoint "ICBufferFull", Time since last: 790310542 ns, Reaching safepoint: 166917 ns, At safepoint: 2833 ns, Total: 169750 ns
[2023-02-24T08:27:59.457+0000][7][gc,start    ] GC(3) Pause Young (Normal) (G1 Evacuation Pause)
[2023-02-24T08:27:59.458+0000][7][gc,task     ] GC(3) Using 4 workers of 4 for evacuation
[2023-02-24T08:27:59.459+0000][7][gc,age      ] GC(3) Desired survivor size 2621440 bytes, new threshold 15 (max threshold 15)
[2023-02-24T08:27:59.470+0000][7][gc,age      ] GC(3) Age table with threshold 15 (max threshold 15)
[2023-02-24T08:27:59.471+0000][7][gc,age      ] GC(3) - age   1:    2937448 bytes,    2937448 total
[2023-02-24T08:27:59.472+0000][7][gc,age      ] GC(3) - age   2:    2119632 bytes,    5057080 total
[2023-02-24T08:27:59.473+0000][7][gc,phases   ] GC(3)   Pre Evacuate Collection Set: 0.1ms
[2023-02-24T08:27:59.474+0000][7][gc,phases   ] GC(3)   Merge Heap Roots: 0.1ms
[2023-02-24T08:27:59.474+0000][7][gc,phases   ] GC(3)   Evacuate Collection Set: 9.3ms
[2023-02-24T08:27:59.475+0000][7][gc,phases   ] GC(3)   Post Evacuate Collection Set: 0.5ms
[2023-02-24T08:27:59.476+0000][7][gc,phases   ] GC(3)   Other: 6.6ms
[2023-02-24T08:27:59.477+0000][7][gc,heap     ] GC(3) Eden regions: 34->0(183)
[2023-02-24T08:27:59.478+0000][7][gc,heap     ] GC(3) Survivor regions: 3->5(5)
[2023-02-24T08:27:59.478+0000][7][gc,heap     ] GC(3) Old regions: 4->4
[2023-02-24T08:27:59.479+0000][7][gc,heap     ] GC(3) Archive regions: 0->0
[2023-02-24T08:27:59.480+0000][7][gc,heap     ] GC(3) Humongous regions: 1->1
[2023-02-24T08:27:59.481+0000][7][gc,metaspace] GC(3) Metaspace: 22410K(23040K)->22410K(23040K) NonClass: 19998K(20480K)->19998K(20480K) Class: 2412K(2560K)->2412K(2560K)
[2023-02-24T08:27:59.482+0000][7][gc          ] GC(3) Pause Young (Normal) (G1 Evacuation Pause) 41M->9M(512M) 24.917ms
[2023-02-24T08:27:59.482+0000][7][gc,cpu      ] GC(3) User=0.02s Sys=0.00s Real=0.03s
[2023-02-24T08:27:59.483+0000][7][safepoint   ] Safepoint "G1CollectForAllocation", Time since last: 52589083 ns, Reaching safepoint: 136459 ns, At safepoint: 26326583 ns, Total: 26463042 ns
[2023-02-24T08:27:59.629+0000][7][safepoint   ] Safepoint "ICBufferFull", Time since last: 145274333 ns, Reaching safepoint: 990250 ns, At safepoint: 2667 ns, Total: 992917 ns
[2023-02-24T08:27:59.637+0000][7][safepoint   ] Safepoint "ICBufferFull", Time since last: 5169375 ns, Reaching safepoint: 2144167 ns, At safepoint: 10375 ns, Total: 2154542 ns
[2023-02-24T08:27:59.641+0000][7][safepoint   ] Safepoint "ICBufferFull", Time since last: 4387083 ns, Reaching safepoint: 107000 ns, At safepoint: 1625 ns, Total: 108625 ns
[2023-02-24T08:27:59.652+0000][7][safepoint   ] Safepoint "ICBufferFull", Time since last: 5328083 ns, Reaching safepoint: 5724375 ns, At safepoint: 15000 ns, Total: 5739375 ns
[2023-02-24T08:27:59.658+0000][7][safepoint   ] Safepoint "ICBufferFull", Time since last: 4410125 ns, Reaching safepoint: 1011167 ns, At safepoint: 4500 ns, Total: 1015667 ns
[2023-02-24T08:27:59.661+0000][7][safepoint   ] Safepoint "ICBufferFull", Time since last: 3175125 ns, Reaching safepoint: 119542 ns, At safepoint: 2166 ns, Total: 121708 ns
[2023-02-24T08:27:59.664+0000][7][safepoint   ] Safepoint "ICBufferFull", Time since last: 2745959 ns, Reaching safepoint: 104833 ns, At safepoint: 1625 ns, Total: 106458 ns
[2023-02-24T08:27:59.666+0000][7][safepoint   ] Safepoint "ICBufferFull", Time since last: 2405292 ns, Reaching safepoint: 109458 ns, At safepoint: 1625 ns, Total: 111083 ns
[2023-02-24T08:27:59.671+0000][7][safepoint   ] Safepoint "ICBufferFull", Time since last: 5072125 ns, Reaching safepoint: 37375 ns, At safepoint: 1833 ns, Total: 39208 ns
[2023-02-24T08:27:59.678+0000][7][safepoint   ] Safepoint "ICBufferFull", Time since last: 2803959 ns, Reaching safepoint: 3497583 ns, At safepoint: 3458 ns, Total: 3501041 ns
[2023-02-24T08:27:59.684+0000][7][safepoint   ] Safepoint "ICBufferFull", Time since last: 6600459 ns, Reaching safepoint: 177833 ns, At safepoint: 7500 ns, Total: 185333 ns
[2023-02-24T08:27:59.695+0000][7][safepoint   ] Safepoint "ICBufferFull", Time since last: 10357500 ns, Reaching safepoint: 160958 ns, At safepoint: 3167 ns, Total: 164125 ns
[2023-02-24T08:27:59.699+0000][7][safepoint   ] Safepoint "ICBufferFull", Time since last: 3859042 ns, Reaching safepoint: 150083 ns, At safepoint: 2083 ns, Total: 152166 ns
[2023-02-24T08:27:59.707+0000][7][safepoint   ] Safepoint "ICBufferFull", Time since last: 2244000 ns, Reaching safepoint: 5482584 ns, At safepoint: 5333 ns, Total: 5487917 ns
[2023-02-24T08:27:59.715+0000][7][safepoint   ] Safepoint "ICBufferFull", Time since last: 2606750 ns, Reaching safepoint: 5500208 ns, At safepoint: 17334 ns, Total: 5517542 ns
[2023-02-24T08:27:59.724+0000][7][safepoint   ] Safepoint "ICBufferFull", Time since last: 4689500 ns, Reaching safepoint: 4557625 ns, At safepoint: 13625 ns, Total: 4571250 ns
[2023-02-24T08:27:59.735+0000][7][safepoint   ] Safepoint "ICBufferFull", Time since last: 3249000 ns, Reaching safepoint: 7358083 ns, At safepoint: 13375 ns, Total: 7371458 ns
[2023-02-24T08:27:59.740+0000][7][safepoint   ] Safepoint "ICBufferFull", Time since last: 2862708 ns, Reaching safepoint: 2412084 ns, At safepoint: 13666 ns, Total: 2425750 ns
[2023-02-24T08:27:59.749+0000][7][safepoint   ] Safepoint "ICBufferFull", Time since last: 2607792 ns, Reaching safepoint: 6330000 ns, At safepoint: 20333 ns, Total: 6350333 ns
[2023-02-24T08:27:59.763+0000][7][safepoint   ] Safepoint "ICBufferFull", Time since last: 9125375 ns, Reaching safepoint: 4592125 ns, At safepoint: 13000 ns, Total: 4605125 ns
[2023-02-24T08:27:59.778+0000][7][safepoint   ] Safepoint "ICBufferFull", Time since last: 10062417 ns, Reaching safepoint: 4916083 ns, At safepoint: 11125 ns, Total: 4927208 ns
[2023-02-24T08:27:59.791+0000][7][safepoint   ] Safepoint "ICBufferFull", Time since last: 3045125 ns, Reaching safepoint: 10190917 ns, At safepoint: 7125 ns, Total: 10198042 ns
[2023-02-24T08:27:59.793+0000][7][safepoint   ] Safepoint "ICBufferFull", Time since last: 2435708 ns, Reaching safepoint: 92584 ns, At safepoint: 7916 ns, Total: 100500 ns
[2023-02-24T08:27:59.796+0000][7][safepoint   ] Safepoint "ICBufferFull", Time since last: 2245125 ns, Reaching safepoint: 37875 ns, At safepoint: 1875 ns, Total: 39750 ns
[2023-02-24T08:27:59.798+0000][7][safepoint   ] Safepoint "ICBufferFull", Time since last: 2557417 ns, Reaching safepoint: 35333 ns, At safepoint: 1709 ns, Total: 37042 ns
[2023-02-24T08:27:59.801+0000][7][safepoint   ] Safepoint "ICBufferFull", Time since last: 2868875 ns, Reaching safepoint: 180791 ns, At safepoint: 1792 ns, Total: 182583 ns
[2023-02-24T08:27:59.821+0000][7][safepoint   ] Safepoint "ICBufferFull", Time since last: 19205750 ns, Reaching safepoint: 134875 ns, At safepoint: 3042 ns, Total: 137917 ns
[2023-02-24T08:27:59.823+0000][7][safepoint   ] Safepoint "ICBufferFull", Time since last: 2084750 ns, Reaching safepoint: 119500 ns, At safepoint: 6750 ns, Total: 126250 ns
[2023-02-24T08:27:59.828+0000][7][safepoint   ] Safepoint "ICBufferFull", Time since last: 5388958 ns, Reaching safepoint: 128750 ns, At safepoint: 2625 ns, Total: 131375 ns
[2023-02-24T08:27:59.830+0000][7][safepoint   ] Safepoint "ICBufferFull", Time since last: 1697833 ns, Reaching safepoint: 160459 ns, At safepoint: 3416 ns, Total: 163875 ns
[2023-02-24T08:27:59.833+0000][7][safepoint   ] Safepoint "ICBufferFull", Time since last: 2269042 ns, Reaching safepoint: 221042 ns, At safepoint: 3291 ns, Total: 224333 ns
[2023-02-24T08:27:59.834+0000][7][safepoint   ] Safepoint "ICBufferFull", Time since last: 1512709 ns, Reaching safepoint: 119375 ns, At safepoint: 1833 ns, Total: 121208 ns
[2023-02-24T08:27:59.836+0000][7][safepoint   ] Safepoint "ICBufferFull", Time since last: 1626000 ns, Reaching safepoint: 124500 ns, At safepoint: 2125 ns, Total: 126625 ns
[2023-02-24T08:27:59.839+0000][7][safepoint   ] Safepoint "ICBufferFull", Time since last: 2337208 ns, Reaching safepoint: 121042 ns, At safepoint: 2333 ns, Total: 123375 ns
[2023-02-24T08:27:59.842+0000][7][safepoint   ] Safepoint "ICBufferFull", Time since last: 3125875 ns, Reaching safepoint: 125834 ns, At safepoint: 1916 ns, Total: 127750 ns
[2023-02-24T08:27:59.845+0000][7][safepoint   ] Safepoint "ICBufferFull", Time since last: 3121084 ns, Reaching safepoint: 134291 ns, At safepoint: 3042 ns, Total: 137333 ns
[2023-02-24T08:27:59.854+0000][7][safepoint   ] Safepoint "ICBufferFull", Time since last: 8351000 ns, Reaching safepoint: 132750 ns, At safepoint: 2750 ns, Total: 135500 ns
[2023-02-24T08:27:59.861+0000][7][safepoint   ] Safepoint "ICBufferFull", Time since last: 7351083 ns, Reaching safepoint: 146084 ns, At safepoint: 3375 ns, Total: 149459 ns
[2023-02-24T08:27:59.864+0000][7][safepoint   ] Safepoint "ICBufferFull", Time since last: 2227750 ns, Reaching safepoint: 220291 ns, At safepoint: 2667 ns, Total: 222958 ns
[2023-02-24T08:27:59.865+0000][7][safepoint   ] Safepoint "ICBufferFull", Time since last: 1669625 ns, Reaching safepoint: 130208 ns, At safepoint: 2000 ns, Total: 132208 ns
[2023-02-24T08:27:59.867+0000][7][safepoint   ] Safepoint "ICBufferFull", Time since last: 1529834 ns, Reaching safepoint: 120375 ns, At safepoint: 1708 ns, Total: 122083 ns
[2023-02-24T08:27:59.868+0000][7][safepoint   ] Safepoint "ICBufferFull", Time since last: 1113083 ns, Reaching safepoint: 193667 ns, At safepoint: 1833 ns, Total: 195500 ns
[2023-02-24T08:27:59.870+0000][7][safepoint   ] Safepoint "ICBufferFull", Time since last: 1207417 ns, Reaching safepoint: 113042 ns, At safepoint: 1541 ns, Total: 114583 ns
[2023-02-24T08:27:59.871+0000][7][safepoint   ] Safepoint "ICBufferFull", Time since last: 1594000 ns, Reaching safepoint: 127709 ns, At safepoint: 2375 ns, Total: 130084 ns
[2023-02-24T08:27:59.874+0000][7][safepoint   ] Safepoint "ICBufferFull", Time since last: 1996875 ns, Reaching safepoint: 190208 ns, At safepoint: 2500 ns, Total: 192708 ns
[2023-02-24T08:27:59.875+0000][7][safepoint   ] Safepoint "ICBufferFull", Time since last: 1416958 ns, Reaching safepoint: 124542 ns, At safepoint: 2167 ns, Total: 126709 ns
[2023-02-24T08:27:59.876+0000][7][safepoint   ] Safepoint "ICBufferFull", Time since last: 1113791 ns, Reaching safepoint: 136959 ns, At safepoint: 3125 ns, Total: 140084 ns
[2023-02-24T08:27:59.879+0000][7][safepoint   ] Safepoint "ICBufferFull", Time since last: 2661000 ns, Reaching safepoint: 187000 ns, At safepoint: 5125 ns, Total: 192125 ns
[2023-02-24T08:27:59.882+0000][7][safepoint   ] Safepoint "ICBufferFull", Time since last: 2389708 ns, Reaching safepoint: 131542 ns, At safepoint: 3083 ns, Total: 134625 ns
[2023-02-24T08:27:59.884+0000][7][safepoint   ] Safepoint "ICBufferFull", Time since last: 2093875 ns, Reaching safepoint: 198208 ns, At safepoint: 7000 ns, Total: 205208 ns
[2023-02-24T08:27:59.887+0000][7][safepoint   ] Safepoint "ICBufferFull", Time since last: 2300917 ns, Reaching safepoint: 396792 ns, At safepoint: 4875 ns, Total: 401667 ns
[2023-02-24T08:27:59.889+0000][7][safepoint   ] Safepoint "ICBufferFull", Time since last: 2143750 ns, Reaching safepoint: 188291 ns, At safepoint: 8250 ns, Total: 196541 ns
[2023-02-24T08:27:59.891+0000][7][safepoint   ] Safepoint "ICBufferFull", Time since last: 1570042 ns, Reaching safepoint: 265125 ns, At safepoint: 5417 ns, Total: 270542 ns
[2023-02-24T08:27:59.893+0000][7][safepoint   ] Safepoint "ICBufferFull", Time since last: 2241083 ns, Reaching safepoint: 207167 ns, At safepoint: 4958 ns, Total: 212125 ns
[2023-02-24T08:27:59.895+0000][7][safepoint   ] Safepoint "ICBufferFull", Time since last: 1899250 ns, Reaching safepoint: 130875 ns, At safepoint: 2583 ns, Total: 133458 ns
[2023-02-24T08:27:59.897+0000][7][safepoint   ] Safepoint "ICBufferFull", Time since last: 1591750 ns, Reaching safepoint: 149167 ns, At safepoint: 2333 ns, Total: 151500 ns
[2023-02-24T08:27:59.899+0000][7][safepoint   ] Safepoint "ICBufferFull", Time since last: 1529334 ns, Reaching safepoint: 120791 ns, At safepoint: 2459 ns, Total: 123250 ns
[2023-02-24T08:27:59.900+0000][7][safepoint   ] Safepoint "ICBufferFull", Time since last: 1240000 ns, Reaching safepoint: 129750 ns, At safepoint: 2500 ns, Total: 132250 ns
[2023-02-24T08:27:59.903+0000][7][safepoint   ] Safepoint "ICBufferFull", Time since last: 2908541 ns, Reaching safepoint: 144042 ns, At safepoint: 3958 ns, Total: 148000 ns
[2023-02-24T08:27:59.905+0000][7][safepoint   ] Safepoint "ICBufferFull", Time since last: 1447917 ns, Reaching safepoint: 127792 ns, At safepoint: 3666 ns, Total: 131458 ns
[2023-02-24T08:27:59.907+0000][7][safepoint   ] Safepoint "ICBufferFull", Time since last: 1613584 ns, Reaching safepoint: 194708 ns, At safepoint: 3542 ns, Total: 198250 ns
[2023-02-24T08:27:59.910+0000][7][safepoint   ] Safepoint "ICBufferFull", Time since last: 1290583 ns, Reaching safepoint: 2228208 ns, At safepoint: 4584 ns, Total: 2232792 ns
[2023-02-24T08:27:59.913+0000][7][safepoint   ] Safepoint "ICBufferFull", Time since last: 1650500 ns, Reaching safepoint: 753583 ns, At safepoint: 3375 ns, Total: 756958 ns
[2023-02-24T08:27:59.914+0000][7][safepoint   ] Safepoint "ICBufferFull", Time since last: 1516875 ns, Reaching safepoint: 323375 ns, At safepoint: 2375 ns, Total: 325750 ns
[2023-02-24T08:27:59.916+0000][7][safepoint   ] Safepoint "ICBufferFull", Time since last: 1418500 ns, Reaching safepoint: 362917 ns, At safepoint: 4625 ns, Total: 367542 ns
[2023-02-24T08:27:59.920+0000][7][safepoint   ] Safepoint "ICBufferFull", Time since last: 3454375 ns, Reaching safepoint: 126417 ns, At safepoint: 4333 ns, Total: 130750 ns
[2023-02-24T08:27:59.922+0000][7][safepoint   ] Safepoint "ICBufferFull", Time since last: 1380000 ns, Reaching safepoint: 1050083 ns, At safepoint: 2875 ns, Total: 1052958 ns
[2023-02-24T08:27:59.924+0000][7][safepoint   ] Safepoint "ICBufferFull", Time since last: 1769459 ns, Reaching safepoint: 173333 ns, At safepoint: 6458 ns, Total: 179791 ns
[2023-02-24T08:27:59.926+0000][7][safepoint   ] Safepoint "ICBufferFull", Time since last: 1548709 ns, Reaching safepoint: 130375 ns, At safepoint: 4416 ns, Total: 134791 ns
[2023-02-24T08:27:59.930+0000][7][safepoint   ] Safepoint "ICBufferFull", Time since last: 1462250 ns, Reaching safepoint: 2314667 ns, At safepoint: 10375 ns, Total: 2325042 ns
[2023-02-24T08:27:59.932+0000][7][safepoint   ] Safepoint "ICBufferFull", Time since last: 2084792 ns, Reaching safepoint: 187291 ns, At safepoint: 2417 ns, Total: 189708 ns
[2023-02-24T08:27:59.934+0000][7][safepoint   ] Safepoint "ICBufferFull", Time since last: 1809625 ns, Reaching safepoint: 45417 ns, At safepoint: 2125 ns, Total: 47542 ns
[2023-02-24T08:27:59.938+0000][7][safepoint   ] Safepoint "ICBufferFull", Time since last: 4126125 ns, Reaching safepoint: 128458 ns, At safepoint: 2500 ns, Total: 130958 ns
[2023-02-24T08:27:59.944+0000][7][safepoint   ] Safepoint "ICBufferFull", Time since last: 5488792 ns, Reaching safepoint: 765166 ns, At safepoint: 5000 ns, Total: 770166 ns
[2023-02-24T08:27:59.951+0000][7][safepoint   ] Safepoint "ICBufferFull", Time since last: 6527542 ns, Reaching safepoint: 123000 ns, At safepoint: 2542 ns, Total: 125542 ns
[2023-02-24T08:27:59.965+0000][7][safepoint   ] Safepoint "ICBufferFull", Time since last: 14092750 ns, Reaching safepoint: 220125 ns, At safepoint: 10458 ns, Total: 230583 ns
[2023-02-24T08:27:59.970+0000][7][safepoint   ] Safepoint "ICBufferFull", Time since last: 4501250 ns, Reaching safepoint: 137667 ns, At safepoint: 13041 ns, Total: 150708 ns
[2023-02-24T08:27:59.973+0000][7][safepoint   ] Safepoint "ICBufferFull", Time since last: 2929834 ns, Reaching safepoint: 48791 ns, At safepoint: 2209 ns, Total: 51000 ns
[2023-02-24T08:27:59.975+0000][7][safepoint   ] Safepoint "ICBufferFull", Time since last: 2230541 ns, Reaching safepoint: 75667 ns, At safepoint: 4333 ns, Total: 80000 ns
[2023-02-24T08:28:00.022+0000][7][safepoint   ] Safepoint "ICBufferFull", Time since last: 46631959 ns, Reaching safepoint: 131291 ns, At safepoint: 4792 ns, Total: 136083 ns
[2023-02-24T08:28:00.025+0000][7][safepoint   ] Safepoint "ICBufferFull", Time since last: 2368292 ns, Reaching safepoint: 184250 ns, At safepoint: 3166 ns, Total: 187416 ns
[2023-02-24T08:28:00.028+0000][7][safepoint   ] Safepoint "ICBufferFull", Time since last: 2983209 ns, Reaching safepoint: 125208 ns, At safepoint: 2917 ns, Total: 128125 ns
[2023-02-24T08:28:00.030+0000][7][safepoint   ] Safepoint "ICBufferFull", Time since last: 2430500 ns, Reaching safepoint: 121583 ns, At safepoint: 3333 ns, Total: 124916 ns
[2023-02-24T08:28:00.033+0000][7][safepoint   ] Safepoint "ICBufferFull", Time since last: 2152125 ns, Reaching safepoint: 222375 ns, At safepoint: 4084 ns, Total: 226459 ns
[2023-02-24T08:28:00.035+0000][7][safepoint   ] Safepoint "ICBufferFull", Time since last: 1772125 ns, Reaching safepoint: 204416 ns, At safepoint: 4167 ns, Total: 208583 ns
[2023-02-24T08:28:00.038+0000][7][safepoint   ] Safepoint "ICBufferFull", Time since last: 3304042 ns, Reaching safepoint: 122375 ns, At safepoint: 2583 ns, Total: 124958 ns
[2023-02-24T08:28:00.040+0000][7][safepoint   ] Safepoint "ICBufferFull", Time since last: 1648000 ns, Reaching safepoint: 541208 ns, At safepoint: 2709 ns, Total: 543917 ns
[2023-02-24T08:28:00.043+0000][7][safepoint   ] Safepoint "ICBufferFull", Time since last: 2864291 ns, Reaching safepoint: 123959 ns, At safepoint: 3125 ns, Total: 127084 ns
[2023-02-24T08:28:00.045+0000][7][safepoint   ] Safepoint "ICBufferFull", Time since last: 1387083 ns, Reaching safepoint: 120542 ns, At safepoint: 2708 ns, Total: 123250 ns
[2023-02-24T08:28:00.048+0000][7][safepoint   ] Safepoint "ICBufferFull", Time since last: 1419208 ns, Reaching safepoint: 2130250 ns, At safepoint: 3834 ns, Total: 2134084 ns
[2023-02-24T08:28:00.050+0000][7][safepoint   ] Safepoint "ICBufferFull", Time since last: 2047125 ns, Reaching safepoint: 131833 ns, At safepoint: 2542 ns, Total: 134375 ns
[2023-02-24T08:28:00.056+0000][7][safepoint   ] Safepoint "ICBufferFull", Time since last: 1325416 ns, Reaching safepoint: 4396417 ns, At safepoint: 7083 ns, Total: 4403500 ns
[2023-02-24T08:28:00.058+0000][7][safepoint   ] Safepoint "ICBufferFull", Time since last: 1244959 ns, Reaching safepoint: 1004666 ns, At safepoint: 4042 ns, Total: 1008708 ns
[2023-02-24T08:28:00.061+0000][7][safepoint   ] Safepoint "ICBufferFull", Time since last: 1988292 ns, Reaching safepoint: 468791 ns, At safepoint: 4625 ns, Total: 473416 ns
[2023-02-24T08:28:00.062+0000][7][safepoint   ] Safepoint "ICBufferFull", Time since last: 1264125 ns, Reaching safepoint: 215542 ns, At safepoint: 1917 ns, Total: 217459 ns
[2023-02-24T08:28:00.069+0000][7][safepoint   ] Safepoint "ICBufferFull", Time since last: 906541 ns, Reaching safepoint: 5849584 ns, At safepoint: 6875 ns, Total: 5856459 ns
[2023-02-24T08:28:00.072+0000][7][safepoint   ] Safepoint "ICBufferFull", Time since last: 1244541 ns, Reaching safepoint: 1831459 ns, At safepoint: 6250 ns, Total: 1837709 ns
[2023-02-24T08:28:00.076+0000][7][safepoint   ] Safepoint "ICBufferFull", Time since last: 1207791 ns, Reaching safepoint: 2429917 ns, At safepoint: 4708 ns, Total: 2434625 ns
[2023-02-24T08:28:00.083+0000][7][safepoint   ] Safepoint "ICBufferFull", Time since last: 1307750 ns, Reaching safepoint: 5545292 ns, At safepoint: 6333 ns, Total: 5551625 ns
[2023-02-24T08:28:00.089+0000][7][safepoint   ] Safepoint "ICBufferFull", Time since last: 1296167 ns, Reaching safepoint: 4567333 ns, At safepoint: 10709 ns, Total: 4578042 ns
[2023-02-24T08:28:00.090+0000][7][safepoint   ] Safepoint "ICBufferFull", Time since last: 1459500 ns, Reaching safepoint: 282958 ns, At safepoint: 4208 ns, Total: 287166 ns
[2023-02-24T08:28:00.092+0000][7][safepoint   ] Safepoint "ICBufferFull", Time since last: 1225917 ns, Reaching safepoint: 164708 ns, At safepoint: 2709 ns, Total: 167417 ns
[2023-02-24T08:28:00.099+0000][7][safepoint   ] Safepoint "ICBufferFull", Time since last: 7267708 ns, Reaching safepoint: 147958 ns, At safepoint: 2792 ns, Total: 150750 ns
[2023-02-24T08:28:00.101+0000][7][safepoint   ] Safepoint "ICBufferFull", Time since last: 2075583 ns, Reaching safepoint: 130709 ns, At safepoint: 2291 ns, Total: 133000 ns
[2023-02-24T08:28:00.103+0000][7][safepoint   ] Safepoint "ICBufferFull", Time since last: 1410584 ns, Reaching safepoint: 126750 ns, At safepoint: 2791 ns, Total: 129541 ns
[2023-02-24T08:28:00.108+0000][7][safepoint   ] Safepoint "ICBufferFull", Time since last: 4795000 ns, Reaching safepoint: 128917 ns, At safepoint: 2625 ns, Total: 131542 ns
[2023-02-24T08:28:00.109+0000][7][safepoint   ] Safepoint "ICBufferFull", Time since last: 1494208 ns, Reaching safepoint: 125875 ns, At safepoint: 2417 ns, Total: 128292 ns
[2023-02-24T08:28:00.111+0000][7][safepoint   ] Safepoint "ICBufferFull", Time since last: 1286292 ns, Reaching safepoint: 117666 ns, At safepoint: 2459 ns, Total: 120125 ns
[2023-02-24T08:28:00.112+0000][7][safepoint   ] Safepoint "ICBufferFull", Time since last: 1263166 ns, Reaching safepoint: 132542 ns, At safepoint: 2250 ns, Total: 134792 ns
[2023-02-24T08:28:00.114+0000][7][safepoint   ] Safepoint "ICBufferFull", Time since last: 1377333 ns, Reaching safepoint: 120209 ns, At safepoint: 3375 ns, Total: 123584 ns
[2023-02-24T08:28:00.117+0000][7][safepoint   ] Safepoint "ICBufferFull", Time since last: 3193083 ns, Reaching safepoint: 134750 ns, At safepoint: 3500 ns, Total: 138250 ns
[2023-02-24T08:28:00.119+0000][7][safepoint   ] Safepoint "ICBufferFull", Time since last: 1524708 ns, Reaching safepoint: 134625 ns, At safepoint: 2584 ns, Total: 137209 ns
[2023-02-24T08:28:00.120+0000][7][safepoint   ] Safepoint "ICBufferFull", Time since last: 1432166 ns, Reaching safepoint: 118542 ns, At safepoint: 3042 ns, Total: 121584 ns
[2023-02-24T08:28:00.123+0000][7][safepoint   ] Safepoint "ICBufferFull", Time since last: 2793750 ns, Reaching safepoint: 127291 ns, At safepoint: 3292 ns, Total: 130583 ns
[2023-02-24T08:28:00.129+0000][7][safepoint   ] Safepoint "ICBufferFull", Time since last: 2103167 ns, Reaching safepoint: 3200583 ns, At safepoint: 11625 ns, Total: 3212208 ns
[2023-02-24T08:28:00.133+0000][7][safepoint   ] Safepoint "ICBufferFull", Time since last: 3908917 ns, Reaching safepoint: 155875 ns, At safepoint: 3083 ns, Total: 158958 ns
[2023-02-24T08:28:00.138+0000][7][safepoint   ] Safepoint "ICBufferFull", Time since last: 1987667 ns, Reaching safepoint: 3002791 ns, At safepoint: 10500 ns, Total: 3013291 ns
[2023-02-24T08:28:00.142+0000][7][safepoint   ] Safepoint "ICBufferFull", Time since last: 1587750 ns, Reaching safepoint: 2990042 ns, At safepoint: 6917 ns, Total: 2996959 ns
[2023-02-24T08:28:00.144+0000][7][safepoint   ] Safepoint "ICBufferFull", Time since last: 1457125 ns, Reaching safepoint: 122500 ns, At safepoint: 2833 ns, Total: 125333 ns
[2023-02-24T08:28:00.315+0000][7][safepoint   ] Safepoint "ICBufferFull", Time since last: 170996292 ns, Reaching safepoint: 181000 ns, At safepoint: 2958 ns, Total: 183958 ns
[2023-02-24T08:28:00.323+0000][7][safepoint   ] Safepoint "ICBufferFull", Time since last: 7860125 ns, Reaching safepoint: 129417 ns, At safepoint: 2416 ns, Total: 131833 ns
[2023-02-24T08:28:00.325+0000][7][safepoint   ] Safepoint "ICBufferFull", Time since last: 1456792 ns, Reaching safepoint: 190542 ns, At safepoint: 3833 ns, Total: 194375 ns
[2023-02-24T08:28:00.327+0000][7][safepoint   ] Safepoint "ICBufferFull", Time since last: 1829083 ns, Reaching safepoint: 251584 ns, At safepoint: 29083 ns, Total: 280667 ns
[2023-02-24T08:28:00.330+0000][7][safepoint   ] Safepoint "ICBufferFull", Time since last: 1511708 ns, Reaching safepoint: 2153292 ns, At safepoint: 5042 ns, Total: 2158334 ns
[2023-02-24T08:28:00.335+0000][7][safepoint   ] Safepoint "ICBufferFull", Time since last: 4399916 ns, Reaching safepoint: 124709 ns, At safepoint: 2375 ns, Total: 127084 ns
[2023-02-24T08:28:00.336+0000][7][safepoint   ] Safepoint "ICBufferFull", Time since last: 1422291 ns, Reaching safepoint: 65959 ns, At safepoint: 2708 ns, Total: 68667 ns
[2023-02-24T08:28:00.337+0000][7][safepoint   ] Safepoint "ICBufferFull", Time since last: 940750 ns, Reaching safepoint: 118125 ns, At safepoint: 2250 ns, Total: 120375 ns
[2023-02-24T08:28:00.339+0000][7][safepoint   ] Safepoint "ICBufferFull", Time since last: 1407667 ns, Reaching safepoint: 118791 ns, At safepoint: 2667 ns, Total: 121458 ns
[2023-02-24T08:28:00.340+0000][7][safepoint   ] Safepoint "ICBufferFull", Time since last: 1207375 ns, Reaching safepoint: 120167 ns, At safepoint: 2291 ns, Total: 122458 ns
[2023-02-24T08:28:00.342+0000][7][safepoint   ] Safepoint "ICBufferFull", Time since last: 1572750 ns, Reaching safepoint: 87959 ns, At safepoint: 3583 ns, Total: 91542 ns
[2023-02-24T08:28:00.344+0000][7][safepoint   ] Safepoint "ICBufferFull", Time since last: 1885292 ns, Reaching safepoint: 46291 ns, At safepoint: 2417 ns, Total: 48708 ns
[2023-02-24T08:28:00.345+0000][7][safepoint   ] Safepoint "ICBufferFull", Time since last: 1298250 ns, Reaching safepoint: 50208 ns, At safepoint: 2250 ns, Total: 52458 ns
[2023-02-24T08:28:00.349+0000][7][safepoint   ] Safepoint "ICBufferFull", Time since last: 909709 ns, Reaching safepoint: 2984625 ns, At safepoint: 53833 ns, Total: 3038458 ns
[2023-02-24T08:28:00.353+0000][7][safepoint   ] Safepoint "ICBufferFull", Time since last: 3213375 ns, Reaching safepoint: 120708 ns, At safepoint: 3042 ns, Total: 123750 ns
[2023-02-24T08:28:00.354+0000][7][safepoint   ] Safepoint "ICBufferFull", Time since last: 1137875 ns, Reaching safepoint: 48917 ns, At safepoint: 2041 ns, Total: 50958 ns
[2023-02-24T08:28:00.358+0000][7][safepoint   ] Safepoint "ICBufferFull", Time since last: 4663167 ns, Reaching safepoint: 61917 ns, At safepoint: 2500 ns, Total: 64417 ns
[2023-02-24T08:28:00.361+0000][7][safepoint   ] Safepoint "ICBufferFull", Time since last: 2082416 ns, Reaching safepoint: 27417 ns, At safepoint: 1250 ns, Total: 28667 ns
[2023-02-24T08:28:00.362+0000][7][safepoint   ] Safepoint "ICBufferFull", Time since last: 1238583 ns, Reaching safepoint: 44209 ns, At safepoint: 2000 ns, Total: 46209 ns
[2023-02-24T08:28:00.365+0000][7][safepoint   ] Safepoint "ICBufferFull", Time since last: 3266333 ns, Reaching safepoint: 42167 ns, At safepoint: 2333 ns, Total: 44500 ns
[2023-02-24T08:28:00.369+0000][7][safepoint   ] Safepoint "ICBufferFull", Time since last: 1839792 ns, Reaching safepoint: 1914875 ns, At safepoint: 12791 ns, Total: 1927666 ns
[2023-02-24T08:28:00.371+0000][7][safepoint   ] Safepoint "ICBufferFull", Time since last: 1902792 ns, Reaching safepoint: 56458 ns, At safepoint: 2917 ns, Total: 59375 ns
[2023-02-24T08:28:00.372+0000][7][safepoint   ] Safepoint "ICBufferFull", Time since last: 1030125 ns, Reaching safepoint: 32042 ns, At safepoint: 3083 ns, Total: 35125 ns
[2023-02-24T08:28:00.374+0000][7][safepoint   ] Safepoint "ICBufferFull", Time since last: 1489583 ns, Reaching safepoint: 72417 ns, At safepoint: 3917 ns, Total: 76334 ns
[2023-02-24T08:28:00.375+0000][7][safepoint   ] Safepoint "ICBufferFull", Time since last: 1471500 ns, Reaching safepoint: 47375 ns, At safepoint: 2500 ns, Total: 49875 ns
[2023-02-24T08:28:00.376+0000][7][safepoint   ] Safepoint "ICBufferFull", Time since last: 1207750 ns, Reaching safepoint: 71250 ns, At safepoint: 2541 ns, Total: 73791 ns
[2023-02-24T08:28:00.378+0000][7][safepoint   ] Safepoint "ICBufferFull", Time since last: 1087417 ns, Reaching safepoint: 199542 ns, At safepoint: 3541 ns, Total: 203083 ns
[2023-02-24T08:28:00.379+0000][7][safepoint   ] Safepoint "ICBufferFull", Time since last: 1195375 ns, Reaching safepoint: 59334 ns, At safepoint: 3125 ns, Total: 62459 ns
[2023-02-24T08:28:00.381+0000][7][safepoint   ] Safepoint "ICBufferFull", Time since last: 1366583 ns, Reaching safepoint: 605625 ns, At safepoint: 4417 ns, Total: 610042 ns
[2023-02-24T08:28:00.382+0000][7][safepoint   ] Safepoint "ICBufferFull", Time since last: 1267750 ns, Reaching safepoint: 128166 ns, At safepoint: 3417 ns, Total: 131583 ns
[2023-02-24T08:28:00.383+0000][7][safepoint   ] Safepoint "ICBufferFull", Time since last: 855958 ns, Reaching safepoint: 139750 ns, At safepoint: 2917 ns, Total: 142667 ns
[2023-02-24T08:28:00.384+0000][7][safepoint   ] Safepoint "ICBufferFull", Time since last: 893833 ns, Reaching safepoint: 55625 ns, At safepoint: 2334 ns, Total: 57959 ns
[2023-02-24T08:28:00.385+0000][7][safepoint   ] Safepoint "ICBufferFull", Time since last: 868791 ns, Reaching safepoint: 137500 ns, At safepoint: 2875 ns, Total: 140375 ns
[2023-02-24T08:28:00.386+0000][7][safepoint   ] Safepoint "ICBufferFull", Time since last: 1167334 ns, Reaching safepoint: 54416 ns, At safepoint: 4750 ns, Total: 59166 ns
[2023-02-24T08:28:00.388+0000][7][safepoint   ] Safepoint "ICBufferFull", Time since last: 1797459 ns, Reaching safepoint: 52958 ns, At safepoint: 2875 ns, Total: 55833 ns
[2023-02-24T08:28:00.389+0000][7][safepoint   ] Safepoint "ICBufferFull", Time since last: 765083 ns, Reaching safepoint: 16542 ns, At safepoint: 958 ns, Total: 17500 ns
[2023-02-24T08:28:00.392+0000][7][safepoint   ] Safepoint "ICBufferFull", Time since last: 1221667 ns, Reaching safepoint: 1263083 ns, At safepoint: 2667 ns, Total: 1265750 ns
[2023-02-24T08:28:00.393+0000][7][safepoint   ] Safepoint "ICBufferFull", Time since last: 1378333 ns, Reaching safepoint: 23292 ns, At safepoint: 1042 ns, Total: 24334 ns
[2023-02-24T08:28:00.394+0000][7][safepoint   ] Safepoint "ICBufferFull", Time since last: 1263541 ns, Reaching safepoint: 49625 ns, At safepoint: 4334 ns, Total: 53959 ns
[2023-02-24T08:28:00.426+0000][7][safepoint   ] Safepoint "ICBufferFull", Time since last: 31553333 ns, Reaching safepoint: 223250 ns, At safepoint: 4625 ns, Total: 227875 ns
[2023-02-24T08:28:00.541+0000][7][safepoint   ] Safepoint "ICBufferFull", Time since last: 114138750 ns, Reaching safepoint: 527583 ns, At safepoint: 4792 ns, Total: 532375 ns
[2023-02-24T08:28:00.544+0000][7][safepoint   ] Safepoint "ICBufferFull", Time since last: 2197458 ns, Reaching safepoint: 675125 ns, At safepoint: 3167 ns, Total: 678292 ns
[2023-02-24T08:28:00.557+0000][7][safepoint   ] Safepoint "ICBufferFull", Time since last: 8132417 ns, Reaching safepoint: 4980791 ns, At safepoint: 8000 ns, Total: 4988791 ns
[2023-02-24T08:28:00.561+0000][7][safepoint   ] Safepoint "ICBufferFull", Time since last: 1280209 ns, Reaching safepoint: 2631375 ns, At safepoint: 5666 ns, Total: 2637041 ns
[2023-02-24T08:28:00.563+0000][7][safepoint   ] Safepoint "ICBufferFull", Time since last: 1779125 ns, Reaching safepoint: 239750 ns, At safepoint: 3084 ns, Total: 242834 ns
[2023-02-24T08:28:00.566+0000][7][safepoint   ] Safepoint "ICBufferFull", Time since last: 2075291 ns, Reaching safepoint: 883792 ns, At safepoint: 7708 ns, Total: 891500 ns
[2023-02-24T08:28:01.079+0000][7][gc,start    ] GC(4) Pause Young (Normal) (G1 Evacuation Pause)
[2023-02-24T08:28:01.080+0000][7][gc,task     ] GC(4) Using 4 workers of 4 for evacuation
[2023-02-24T08:28:01.081+0000][7][gc,age      ] GC(4) Desired survivor size 12582912 bytes, new threshold 15 (max threshold 15)
[2023-02-24T08:28:01.120+0000][7][gc,age      ] GC(4) Age table with threshold 15 (max threshold 15)
[2023-02-24T08:28:01.121+0000][7][gc,age      ] GC(4) - age   1:    5288344 bytes,    5288344 total
[2023-02-24T08:28:01.122+0000][7][gc,age      ] GC(4) - age   2:    1153616 bytes,    6441960 total
[2023-02-24T08:28:01.123+0000][7][gc,age      ] GC(4) - age   3:    2105320 bytes,    8547280 total
[2023-02-24T08:28:01.123+0000][7][gc,phases   ] GC(4)   Pre Evacuate Collection Set: 0.1ms
[2023-02-24T08:28:01.124+0000][7][gc,phases   ] GC(4)   Merge Heap Roots: 0.1ms
[2023-02-24T08:28:01.125+0000][7][gc,phases   ] GC(4)   Evacuate Collection Set: 28.9ms
[2023-02-24T08:28:01.126+0000][7][gc,phases   ] GC(4)   Post Evacuate Collection Set: 5.7ms
[2023-02-24T08:28:01.127+0000][7][gc,phases   ] GC(4)   Other: 9.9ms
[2023-02-24T08:28:01.128+0000][7][gc,heap     ] GC(4) Eden regions: 183->0(298)
[2023-02-24T08:28:01.128+0000][7][gc,heap     ] GC(4) Survivor regions: 5->9(24)
[2023-02-24T08:28:01.129+0000][7][gc,heap     ] GC(4) Old regions: 4->4
[2023-02-24T08:28:01.130+0000][7][gc,heap     ] GC(4) Archive regions: 0->0
[2023-02-24T08:28:01.131+0000][7][gc,heap     ] GC(4) Humongous regions: 2->1
[2023-02-24T08:28:01.135+0000][7][gc,metaspace] GC(4) Metaspace: 25835K(26624K)->25835K(26624K) NonClass: 22951K(23552K)->22951K(23552K) Class: 2883K(3072K)->2883K(3072K)
[2023-02-24T08:28:01.136+0000][7][gc          ] GC(4) Pause Young (Normal) (G1 Evacuation Pause) 193M->13M(512M) 56.838ms
[2023-02-24T08:28:01.139+0000][7][gc,cpu      ] GC(4) User=0.01s Sys=0.00s Real=0.05s
[2023-02-24T08:28:01.141+0000][7][safepoint   ] Safepoint "G1CollectForAllocation", Time since last: 512796959 ns, Reaching safepoint: 273167 ns, At safepoint: 61916958 ns, Total: 62190125 ns
[2023-02-24T08:28:01.586+0000][7][safepoint   ] Safepoint "ICBufferFull", Time since last: 444251542 ns, Reaching safepoint: 774792 ns, At safepoint: 6416 ns, Total: 781208 ns
[2023-02-24T08:28:02.332+0000][7][gc,start    ] GC(5) Pause Young (Normal) (G1 Evacuation Pause)
[2023-02-24T08:28:02.334+0000][7][gc,task     ] GC(5) Using 4 workers of 4 for evacuation
[2023-02-24T08:28:02.335+0000][7][gc,age      ] GC(5) Desired survivor size 20447232 bytes, new threshold 15 (max threshold 15)
[2023-02-24T08:28:02.345+0000][7][gc,age      ] GC(5) Age table with threshold 15 (max threshold 15)
[2023-02-24T08:28:02.359+0000][7][gc,age      ] GC(5) - age   1:    4080488 bytes,    4080488 total
[2023-02-24T08:28:02.360+0000][7][gc,age      ] GC(5) - age   2:    4317584 bytes,    8398072 total
[2023-02-24T08:28:02.361+0000][7][gc,age      ] GC(5) - age   3:    1153440 bytes,    9551512 total
[2023-02-24T08:28:02.362+0000][7][gc,age      ] GC(5) - age   4:    2105320 bytes,   11656832 total
[2023-02-24T08:28:02.363+0000][7][gc,phases   ] GC(5)   Pre Evacuate Collection Set: 0.1ms
[2023-02-24T08:28:02.364+0000][7][gc,phases   ] GC(5)   Merge Heap Roots: 0.0ms
[2023-02-24T08:28:02.365+0000][7][gc,phases   ] GC(5)   Evacuate Collection Set: 9.5ms
[2023-02-24T08:28:02.369+0000][7][gc,phases   ] GC(5)   Post Evacuate Collection Set: 0.5ms
[2023-02-24T08:28:02.370+0000][7][gc,phases   ] GC(5)   Other: 20.8ms
[2023-02-24T08:28:02.371+0000][7][gc,heap     ] GC(5) Eden regions: 298->0(295)
[2023-02-24T08:28:02.373+0000][7][gc,heap     ] GC(5) Survivor regions: 9->12(39)
[2023-02-24T08:28:02.377+0000][7][gc,heap     ] GC(5) Old regions: 4->4
[2023-02-24T08:28:02.381+0000][7][gc,heap     ] GC(5) Archive regions: 0->0
[2023-02-24T08:28:02.386+0000][7][gc,heap     ] GC(5) Humongous regions: 1->1
[2023-02-24T08:28:02.388+0000][7][gc,metaspace] GC(5) Metaspace: 27543K(28672K)->27543K(28672K) NonClass: 24468K(25344K)->24468K(25344K) Class: 3075K(3328K)->3075K(3328K)
[2023-02-24T08:28:02.391+0000][7][gc          ] GC(5) Pause Young (Normal) (G1 Evacuation Pause) 311M->16M(512M) 58.528ms
[2023-02-24T08:28:02.395+0000][7][gc,cpu      ] GC(5) User=0.02s Sys=0.00s Real=0.06s
[2023-02-24T08:28:02.396+0000][7][safepoint   ] Safepoint "G1CollectForAllocation", Time since last: 741287459 ns, Reaching safepoint: 5391750 ns, At safepoint: 63956167 ns, Total: 69347917 ns
[2023-02-24T08:28:03.105+0000][7][gc,start    ] GC(6) Pause Young (Normal) (G1 Evacuation Pause)
[2023-02-24T08:28:03.106+0000][7][gc,task     ] GC(6) Using 4 workers of 4 for evacuation
[2023-02-24T08:28:03.107+0000][7][gc,age      ] GC(6) Desired survivor size 20447232 bytes, new threshold 15 (max threshold 15)
[2023-02-24T08:28:03.121+0000][7][gc,age      ] GC(6) Age table with threshold 15 (max threshold 15)
[2023-02-24T08:28:03.122+0000][7][gc,age      ] GC(6) - age   1:    2493416 bytes,    2493416 total
[2023-02-24T08:28:03.123+0000][7][gc,age      ] GC(6) - age   2:    3279240 bytes,    5772656 total
[2023-02-24T08:28:03.124+0000][7][gc,age      ] GC(6) - age   3:    4313280 bytes,   10085936 total
[2023-02-24T08:28:03.124+0000][7][gc,age      ] GC(6) - age   4:    1153296 bytes,   11239232 total
[2023-02-24T08:28:03.125+0000][7][gc,age      ] GC(6) - age   5:    2105320 bytes,   13344552 total
[2023-02-24T08:28:03.126+0000][7][gc,phases   ] GC(6)   Pre Evacuate Collection Set: 0.1ms
[2023-02-24T08:28:03.127+0000][7][gc,phases   ] GC(6)   Merge Heap Roots: 0.1ms
[2023-02-24T08:28:03.128+0000][7][gc,phases   ] GC(6)   Evacuate Collection Set: 12.8ms
[2023-02-24T08:28:03.128+0000][7][gc,phases   ] GC(6)   Post Evacuate Collection Set: 0.6ms
[2023-02-24T08:28:03.129+0000][7][gc,phases   ] GC(6)   Other: 7.5ms
[2023-02-24T08:28:03.130+0000][7][gc,heap     ] GC(6) Eden regions: 295->0(293)
[2023-02-24T08:28:03.131+0000][7][gc,heap     ] GC(6) Survivor regions: 12->14(39)
[2023-02-24T08:28:03.132+0000][7][gc,heap     ] GC(6) Old regions: 4->4
[2023-02-24T08:28:03.133+0000][7][gc,heap     ] GC(6) Archive regions: 0->0
[2023-02-24T08:28:03.134+0000][7][gc,heap     ] GC(6) Humongous regions: 1->1
[2023-02-24T08:28:03.135+0000][7][gc,metaspace] GC(6) Metaspace: 27911K(29056K)->27911K(29056K) NonClass: 24768K(25600K)->24768K(25600K) Class: 3143K(3456K)->3143K(3456K)
[2023-02-24T08:28:03.136+0000][7][gc          ] GC(6) Pause Young (Normal) (G1 Evacuation Pause) 311M->18M(512M) 30.773ms
[2023-02-24T08:28:03.136+0000][7][gc,cpu      ] GC(6) User=0.01s Sys=0.00s Real=0.03s
[2023-02-24T08:28:03.137+0000][7][safepoint   ] Safepoint "G1CollectForAllocation", Time since last: 706950042 ns, Reaching safepoint: 1606000 ns, At safepoint: 32103000 ns, Total: 33709000 ns
[2023-02-24T08:28:03.713+0000][7][gc,start    ] GC(7) Pause Young (Normal) (G1 Evacuation Pause)
[2023-02-24T08:28:03.714+0000][7][gc,task     ] GC(7) Using 4 workers of 4 for evacuation
[2023-02-24T08:28:03.715+0000][7][gc,age      ] GC(7) Desired survivor size 20447232 bytes, new threshold 15 (max threshold 15)
[2023-02-24T08:28:03.743+0000][7][gc,age      ] GC(7) Age table with threshold 15 (max threshold 15)
[2023-02-24T08:28:03.744+0000][7][gc,age      ] GC(7) - age   1:    2737864 bytes,    2737864 total
[2023-02-24T08:28:03.745+0000][7][gc,age      ] GC(7) - age   2:     611360 bytes,    3349224 total
[2023-02-24T08:28:03.746+0000][7][gc,age      ] GC(7) - age   3:    3277464 bytes,    6626688 total
[2023-02-24T08:28:03.747+0000][7][gc,age      ] GC(7) - age   4:    4312840 bytes,   10939528 total
[2023-02-24T08:28:03.748+0000][7][gc,age      ] GC(7) - age   5:    1153296 bytes,   12092824 total
[2023-02-24T08:28:03.749+0000][7][gc,age      ] GC(7) - age   6:    2105320 bytes,   14198144 total
[2023-02-24T08:28:03.749+0000][7][gc,phases   ] GC(7)   Pre Evacuate Collection Set: 0.2ms
[2023-02-24T08:28:03.750+0000][7][gc,phases   ] GC(7)   Merge Heap Roots: 0.1ms
[2023-02-24T08:28:03.751+0000][7][gc,phases   ] GC(7)   Evacuate Collection Set: 22.3ms
[2023-02-24T08:28:03.752+0000][7][gc,phases   ] GC(7)   Post Evacuate Collection Set: 4.5ms
[2023-02-24T08:28:03.753+0000][7][gc,phases   ] GC(7)   Other: 9.8ms
[2023-02-24T08:28:03.754+0000][7][gc,heap     ] GC(7) Eden regions: 293->0(292)
[2023-02-24T08:28:03.755+0000][7][gc,heap     ] GC(7) Survivor regions: 14->15(39)
[2023-02-24T08:28:03.755+0000][7][gc,heap     ] GC(7) Old regions: 4->4
[2023-02-24T08:28:03.757+0000][7][gc,heap     ] GC(7) Archive regions: 0->0
[2023-02-24T08:28:03.758+0000][7][gc,heap     ] GC(7) Humongous regions: 1->1
[2023-02-24T08:28:03.759+0000][7][gc,metaspace] GC(7) Metaspace: 28445K(29952K)->28445K(29952K) NonClass: 25221K(26368K)->25221K(26368K) Class: 3224K(3584K)->3224K(3584K)
[2023-02-24T08:28:03.760+0000][7][gc          ] GC(7) Pause Young (Normal) (G1 Evacuation Pause) 311M->19M(512M) 47.095ms
[2023-02-24T08:28:03.761+0000][7][gc,cpu      ] GC(7) User=0.02s Sys=0.00s Real=0.05s
[2023-02-24T08:28:03.762+0000][7][safepoint   ] Safepoint "G1CollectForAllocation", Time since last: 575172208 ns, Reaching safepoint: 473125 ns, At safepoint: 49308375 ns, Total: 49781500 ns
[2023-02-24T08:28:04.150+0000][7][safepoint   ] Safepoint "ICBufferFull", Time since last: 388124334 ns, Reaching safepoint: 293833 ns, At safepoint: 10917 ns, Total: 304750 ns
[2023-02-24T08:28:04.425+0000][7][gc,start    ] GC(8) Pause Young (Concurrent Start) (Metadata GC Threshold)
[2023-02-24T08:28:04.426+0000][7][gc,task     ] GC(8) Using 4 workers of 4 for evacuation
[2023-02-24T08:28:04.427+0000][7][gc,age      ] GC(8) Desired survivor size 20447232 bytes, new threshold 15 (max threshold 15)
[2023-02-24T08:28:04.452+0000][7][gc,age      ] GC(8) Age table with threshold 15 (max threshold 15)
[2023-02-24T08:28:04.453+0000][7][gc,age      ] GC(8) - age   1:    2145392 bytes,    2145392 total
[2023-02-24T08:28:04.454+0000][7][gc,age      ] GC(8) - age   2:    2296944 bytes,    4442336 total
[2023-02-24T08:28:04.455+0000][7][gc,age      ] GC(8) - age   3:     600544 bytes,    5042880 total
[2023-02-24T08:28:04.456+0000][7][gc,age      ] GC(8) - age   4:    3262408 bytes,    8305288 total
[2023-02-24T08:28:04.457+0000][7][gc,age      ] GC(8) - age   5:    4301544 bytes,   12606832 total
[2023-02-24T08:28:04.458+0000][7][gc,age      ] GC(8) - age   6:    1122976 bytes,   13729808 total
[2023-02-24T08:28:04.458+0000][7][gc,age      ] GC(8) - age   7:    2102552 bytes,   15832360 total
[2023-02-24T08:28:04.459+0000][7][gc,phases   ] GC(8)   Pre Evacuate Collection Set: 0.1ms
[2023-02-24T08:28:04.460+0000][7][gc,phases   ] GC(8)   Merge Heap Roots: 0.0ms
[2023-02-24T08:28:04.460+0000][7][gc,phases   ] GC(8)   Evacuate Collection Set: 23.0ms
[2023-02-24T08:28:04.461+0000][7][gc,phases   ] GC(8)   Post Evacuate Collection Set: 0.9ms
[2023-02-24T08:28:04.462+0000][7][gc,phases   ] GC(8)   Other: 10.5ms
[2023-02-24T08:28:04.462+0000][7][gc,heap     ] GC(8) Eden regions: 132->0(290)
[2023-02-24T08:28:04.463+0000][7][gc,heap     ] GC(8) Survivor regions: 15->17(39)
[2023-02-24T08:28:04.463+0000][7][gc,heap     ] GC(8) Old regions: 4->4
[2023-02-24T08:28:04.464+0000][7][gc,heap     ] GC(8) Archive regions: 0->0
[2023-02-24T08:28:04.465+0000][7][gc,heap     ] GC(8) Humongous regions: 1->1
[2023-02-24T08:28:04.466+0000][7][gc,metaspace] GC(8) Metaspace: 33922K(35584K)->33922K(35584K) NonClass: 29985K(31232K)->29985K(31232K) Class: 3937K(4352K)->3937K(4352K)
[2023-02-24T08:28:04.467+0000][7][gc          ] GC(8) Pause Young (Concurrent Start) (Metadata GC Threshold) 151M->21M(512M) 41.970ms
[2023-02-24T08:28:04.467+0000][7][gc,cpu      ] GC(8) User=0.01s Sys=0.00s Real=0.04s
[2023-02-24T08:28:04.468+0000][7][gc          ] GC(9) Concurrent Cycle
[2023-02-24T08:28:04.468+0000][7][gc,marking  ] GC(9) Concurrent Clear Claimed Marks
[2023-02-24T08:28:04.468+0000][7][safepoint   ] Safepoint "CollectForMetadataAllocation", Time since last: 270539500 ns, Reaching safepoint: 3789667 ns, At safepoint: 43280958 ns, Total: 47070625 ns
[2023-02-24T08:28:04.469+0000][7][gc,marking  ] GC(9) Concurrent Clear Claimed Marks 0.742ms
[2023-02-24T08:28:04.470+0000][7][gc,marking  ] GC(9) Concurrent Scan Root Regions
[2023-02-24T08:28:04.475+0000][7][gc,marking  ] GC(9) Concurrent Scan Root Regions 4.598ms
[2023-02-24T08:28:04.480+0000][7][gc,marking  ] GC(9) Concurrent Mark (9.246s)
[2023-02-24T08:28:04.482+0000][7][gc,marking  ] GC(9) Concurrent Mark From Roots
[2023-02-24T08:28:04.484+0000][7][gc,task     ] GC(9) Using 1 workers of 1 for marking
[2023-02-24T08:28:04.487+0000][7][gc,marking  ] GC(9) Concurrent Mark From Roots 5.840ms
[2023-02-24T08:28:04.488+0000][7][gc,marking  ] GC(9) Concurrent Preclean
[2023-02-24T08:28:04.489+0000][7][gc,marking  ] GC(9) Concurrent Preclean 0.690ms
[2023-02-24T08:28:04.491+0000][7][gc,marking  ] GC(9) Concurrent Mark (9.246s, 9.258s) 11.831ms
[2023-02-24T08:28:04.500+0000][7][gc,start    ] GC(9) Pause Remark
[2023-02-24T08:28:04.506+0000][7][gc          ] GC(9) Pause Remark 22M->22M(512M) 6.153ms
[2023-02-24T08:28:04.507+0000][7][gc,cpu      ] GC(9) User=0.00s Sys=0.00s Real=0.00s
[2023-02-24T08:28:04.508+0000][7][safepoint   ] Safepoint "G1Concurrent", Time since last: 24502083 ns, Reaching safepoint: 7020292 ns, At safepoint: 8498250 ns, Total: 15518542 ns
[2023-02-24T08:28:04.509+0000][7][gc,marking  ] GC(9) Concurrent Rebuild Remembered Sets
[2023-02-24T08:28:04.512+0000][7][gc,marking  ] GC(9) Concurrent Rebuild Remembered Sets 3.138ms
[2023-02-24T08:28:04.528+0000][7][gc,start    ] GC(9) Pause Cleanup
[2023-02-24T08:28:04.530+0000][7][gc          ] GC(9) Pause Cleanup 22M->22M(512M) 1.342ms
[2023-02-24T08:28:04.531+0000][7][gc,cpu      ] GC(9) User=0.00s Sys=0.00s Real=0.01s
[2023-02-24T08:28:04.532+0000][7][safepoint   ] Safepoint "G1Concurrent", Time since last: 5154417 ns, Reaching safepoint: 15172375 ns, At safepoint: 3510875 ns, Total: 18683250 ns
[2023-02-24T08:28:04.533+0000][7][gc,marking  ] GC(9) Concurrent Cleanup for Next Mark
[2023-02-24T08:28:04.535+0000][7][gc,marking  ] GC(9) Concurrent Cleanup for Next Mark 1.360ms
[2023-02-24T08:28:04.535+0000][7][gc          ] GC(9) Concurrent Cycle 67.644ms
[2023-02-24T08:28:05.655+0000][7][safepoint   ] Safepoint "ICBufferFull", Time since last: 1118277917 ns, Reaching safepoint: 5125750 ns, At safepoint: 9583 ns, Total: 5135333 ns
[2023-02-24T08:28:06.417+0000][7][safepoint   ] Safepoint "ICBufferFull", Time since last: 761580376 ns, Reaching safepoint: 170708 ns, At safepoint: 1875 ns, Total: 172583 ns
[2023-02-24T08:28:07.375+0000][7][safepoint   ] Safepoint "ICBufferFull", Time since last: 957640584 ns, Reaching safepoint: 180625 ns, At safepoint: 3208 ns, Total: 183833 ns
[2023-02-24T08:28:08.104+0000][7][safepoint   ] Safepoint "ICBufferFull", Time since last: 729304125 ns, Reaching safepoint: 176334 ns, At safepoint: 1875 ns, Total: 178209 ns
[2023-02-24T08:28:08.130+0000][7][gc,start    ] GC(10) Pause Young (Normal) (G1 Evacuation Pause)
[2023-02-24T08:28:08.131+0000][7][gc,task     ] GC(10) Using 4 workers of 4 for evacuation
[2023-02-24T08:28:08.132+0000][7][gc,age      ] GC(10) Desired survivor size 20447232 bytes, new threshold 15 (max threshold 15)
[2023-02-24T08:28:08.247+0000][7][gc,age      ] GC(10) Age table with threshold 15 (max threshold 15)
[2023-02-24T08:28:08.248+0000][7][gc,age      ] GC(10) - age   1:   25180184 bytes,   25180184 total
[2023-02-24T08:28:08.249+0000][7][gc,age      ] GC(10) - age   2:    1992800 bytes,   27172984 total
[2023-02-24T08:28:08.250+0000][7][gc,age      ] GC(10) - age   3:    2293400 bytes,   29466384 total
[2023-02-24T08:28:08.251+0000][7][gc,age      ] GC(10) - age   4:     595264 bytes,   30061648 total
[2023-02-24T08:28:08.252+0000][7][gc,age      ] GC(10) - age   5:    3250488 bytes,   33312136 total
[2023-02-24T08:28:08.252+0000][7][gc,age      ] GC(10) - age   6:    4273920 bytes,   37586056 total
[2023-02-24T08:28:08.253+0000][7][gc,age      ] GC(10) - age   7:    1102320 bytes,   38688376 total
[2023-02-24T08:28:08.254+0000][7][gc,age      ] GC(10) - age   8:    2094408 bytes,   40782784 total
[2023-02-24T08:28:08.255+0000][7][gc,phases   ] GC(10)   Pre Evacuate Collection Set: 0.3ms
[2023-02-24T08:28:08.256+0000][7][gc,phases   ] GC(10)   Merge Heap Roots: 0.1ms
[2023-02-24T08:28:08.257+0000][7][gc,phases   ] GC(10)   Evacuate Collection Set: 102.6ms
[2023-02-24T08:28:08.258+0000][7][gc,phases   ] GC(10)   Post Evacuate Collection Set: 11.0ms
[2023-02-24T08:28:08.259+0000][7][gc,phases   ] GC(10)   Other: 11.9ms
[2023-02-24T08:28:08.260+0000][7][gc,heap     ] GC(10) Eden regions: 290->0(268)
[2023-02-24T08:28:08.261+0000][7][gc,heap     ] GC(10) Survivor regions: 17->39(39)
[2023-02-24T08:28:08.262+0000][7][gc,heap     ] GC(10) Old regions: 4->9
[2023-02-24T08:28:08.263+0000][7][gc,heap     ] GC(10) Archive regions: 0->0
[2023-02-24T08:28:08.263+0000][7][gc,heap     ] GC(10) Humongous regions: 1->1
[2023-02-24T08:28:08.264+0000][7][gc,metaspace] GC(10) Metaspace: 43224K(45824K)->43224K(45824K) NonClass: 37989K(39936K)->37989K(39936K) Class: 5234K(5888K)->5234K(5888K)
[2023-02-24T08:28:08.265+0000][7][gc          ] GC(10) Pause Young (Normal) (G1 Evacuation Pause) 311M->48M(512M) 135.257ms
[2023-02-24T08:28:08.266+0000][7][gc,cpu      ] GC(10) User=0.08s Sys=0.00s Real=0.13s
[2023-02-24T08:28:08.268+0000][7][safepoint   ] Safepoint "G1CollectForAllocation", Time since last: 25285000 ns, Reaching safepoint: 43250 ns, At safepoint: 138480458 ns, Total: 138523708 ns
[2023-02-24T08:28:08.674+0000][7][safepoint   ] Safepoint "ICBufferFull", Time since last: 405738334 ns, Reaching safepoint: 526166 ns, At safepoint: 2167 ns, Total: 528333 ns
[2023-02-24T08:28:09.618+0000][7][safepoint   ] Safepoint "ICBufferFull", Time since last: 943289542 ns, Reaching safepoint: 181792 ns, At safepoint: 2666 ns, Total: 184458 ns
[2023-02-24T08:28:10.002+0000][7][safepoint   ] Safepoint "ICBufferFull", Time since last: 382589626 ns, Reaching safepoint: 1159708 ns, At safepoint: 7250 ns, Total: 1166958 ns
[2023-02-24T08:28:10.153+0000][7][gc,start    ] GC(11) Pause Young (Concurrent Start) (Metadata GC Threshold)
[2023-02-24T08:28:10.154+0000][7][gc,task     ] GC(11) Using 4 workers of 4 for evacuation
[2023-02-24T08:28:10.157+0000][7][gc,age      ] GC(11) Desired survivor size 20447232 bytes, new threshold 1 (max threshold 15)
[2023-02-24T08:28:10.300+0000][7][gc,age      ] GC(11) Age table with threshold 1 (max threshold 15)
[2023-02-24T08:28:10.301+0000][7][gc,age      ] GC(11) - age   1:    6361856 bytes,    6361856 total
[2023-02-24T08:28:10.302+0000][7][gc,phases   ] GC(11)   Pre Evacuate Collection Set: 0.8ms
[2023-02-24T08:28:10.303+0000][7][gc,phases   ] GC(11)   Merge Heap Roots: 0.6ms
[2023-02-24T08:28:10.304+0000][7][gc,phases   ] GC(11)   Evacuate Collection Set: 138.5ms
[2023-02-24T08:28:10.305+0000][7][gc,phases   ] GC(11)   Post Evacuate Collection Set: 1.9ms
[2023-02-24T08:28:10.306+0000][7][gc,phases   ] GC(11)   Other: 7.9ms
[2023-02-24T08:28:10.306+0000][7][gc,heap     ] GC(11) Eden regions: 118->0(289)
[2023-02-24T08:28:10.307+0000][7][gc,heap     ] GC(11) Survivor regions: 39->7(39)
[2023-02-24T08:28:10.308+0000][7][gc,heap     ] GC(11) Old regions: 9->49
[2023-02-24T08:28:10.309+0000][7][gc,heap     ] GC(11) Archive regions: 0->0
[2023-02-24T08:28:10.309+0000][7][gc,heap     ] GC(11) Humongous regions: 1->1
[2023-02-24T08:28:10.310+0000][7][gc,metaspace] GC(11) Metaspace: 56826K(59648K)->56826K(59648K) NonClass: 49510K(51456K)->49510K(51456K) Class: 7315K(8192K)->7315K(8192K)
[2023-02-24T08:28:10.311+0000][7][gc          ] GC(11) Pause Young (Concurrent Start) (Metadata GC Threshold) 166M->56M(512M) 158.389ms
[2023-02-24T08:28:10.312+0000][7][gc,cpu      ] GC(11) User=0.12s Sys=0.00s Real=0.16s
[2023-02-24T08:28:10.313+0000][7][safepoint   ] Safepoint "CollectForMetadataAllocation", Time since last: 148169458 ns, Reaching safepoint: 2821542 ns, At safepoint: 160258750 ns, Total: 163080292 ns
[2023-02-24T08:28:10.313+0000][7][gc          ] GC(12) Concurrent Cycle
[2023-02-24T08:28:10.318+0000][7][gc,marking  ] GC(12) Concurrent Clear Claimed Marks
[2023-02-24T08:28:10.320+0000][7][gc,marking  ] GC(12) Concurrent Clear Claimed Marks 1.346ms
[2023-02-24T08:28:10.321+0000][7][gc,marking  ] GC(12) Concurrent Scan Root Regions
[2023-02-24T08:28:10.381+0000][7][gc,marking  ] GC(12) Concurrent Scan Root Regions 60.458ms
[2023-02-24T08:28:10.382+0000][7][gc,marking  ] GC(12) Concurrent Mark (15.149s)
[2023-02-24T08:28:10.383+0000][7][gc,marking  ] GC(12) Concurrent Mark From Roots
[2023-02-24T08:28:10.388+0000][7][gc,task     ] GC(12) Using 1 workers of 1 for marking
[2023-02-24T08:28:10.391+0000][7][safepoint   ] Safepoint "CollectForMetadataAllocation", Time since last: 78781625 ns, Reaching safepoint: 125042 ns, At safepoint: 67541 ns, Total: 192583 ns
[2023-02-24T08:28:10.396+0000][7][safepoint   ] Safepoint "CollectForMetadataAllocation", Time since last: 4191834 ns, Reaching safepoint: 73291 ns, At safepoint: 78167 ns, Total: 151458 ns
[2023-02-24T08:28:10.405+0000][7][gc,marking  ] GC(12) Concurrent Mark From Roots 22.240ms
[2023-02-24T08:28:10.406+0000][7][gc,marking  ] GC(12) Concurrent Preclean
[2023-02-24T08:28:10.408+0000][7][gc,marking  ] GC(12) Concurrent Preclean 1.448ms
[2023-02-24T08:28:10.409+0000][7][gc,marking  ] GC(12) Concurrent Mark (15.149s, 15.176s) 26.682ms
[2023-02-24T08:28:10.410+0000][7][gc,start    ] GC(12) Pause Remark
[2023-02-24T08:28:10.422+0000][7][gc          ] GC(12) Pause Remark 58M->58M(512M) 12.009ms
[2023-02-24T08:28:10.423+0000][7][gc,cpu      ] GC(12) User=0.01s Sys=0.00s Real=0.01s
[2023-02-24T08:28:10.424+0000][7][safepoint   ] Safepoint "G1Concurrent", Time since last: 13922750 ns, Reaching safepoint: 206000 ns, At safepoint: 14050750 ns, Total: 14256750 ns
[2023-02-24T08:28:10.425+0000][7][gc,marking  ] GC(12) Concurrent Rebuild Remembered Sets
[2023-02-24T08:28:10.520+0000][7][gc,marking  ] GC(12) Concurrent Rebuild Remembered Sets 94.930ms
[2023-02-24T08:28:10.525+0000][7][gc,start    ] GC(12) Pause Cleanup
[2023-02-24T08:28:10.526+0000][7][gc          ] GC(12) Pause Cleanup 61M->61M(512M) 0.906ms
[2023-02-24T08:28:10.527+0000][7][gc,cpu      ] GC(12) User=0.00s Sys=0.00s Real=0.00s
[2023-02-24T08:28:10.527+0000][7][safepoint   ] Safepoint "G1Concurrent", Time since last: 98253042 ns, Reaching safepoint: 3174250 ns, At safepoint: 2170958 ns, Total: 5345208 ns
[2023-02-24T08:28:10.529+0000][7][gc,marking  ] GC(12) Concurrent Cleanup for Next Mark
[2023-02-24T08:28:10.533+0000][7][gc,marking  ] GC(12) Concurrent Cleanup for Next Mark 3.282ms
[2023-02-24T08:28:10.533+0000][7][gc          ] GC(12) Concurrent Cycle 220.905ms
[2023-02-24T08:28:11.546+0000][7][safepoint   ] Safepoint "Cleanup", Time since last: 1017952292 ns, Reaching safepoint: 238250 ns, At safepoint: 2417 ns, Total: 240667 ns
[2023-02-24T08:28:12.009+0000][7][safepoint   ] Safepoint "ICBufferFull", Time since last: 463330458 ns, Reaching safepoint: 287459 ns, At safepoint: 2416 ns, Total: 289875 ns
[2023-02-24T08:28:13.012+0000][7][safepoint   ] Safepoint "Cleanup", Time since last: 1002210709 ns, Reaching safepoint: 861042 ns, At safepoint: 5625 ns, Total: 866667 ns
[2023-02-24T08:28:13.302+0000][7][safepoint   ] Safepoint "ICBufferFull", Time since last: 287781333 ns, Reaching safepoint: 1664542 ns, At safepoint: 6542 ns, Total: 1671084 ns
[2023-02-24T08:28:14.152+0000][7][safepoint   ] Safepoint "ICBufferFull", Time since last: 850062875 ns, Reaching safepoint: 293500 ns, At safepoint: 2750 ns, Total: 296250 ns
[2023-02-24T08:28:14.860+0000][7][safepoint   ] Safepoint "ICBufferFull", Time since last: 706605709 ns, Reaching safepoint: 1679750 ns, At safepoint: 4958 ns, Total: 1684708 ns
[2023-02-24T08:28:15.517+0000][7][safepoint   ] Safepoint "ICBufferFull", Time since last: 653931459 ns, Reaching safepoint: 2218125 ns, At safepoint: 7333 ns, Total: 2225458 ns
[2023-02-24T08:28:15.532+0000][7][gc,heap,exit] Heap
[2023-02-24T08:28:15.533+0000][7][gc,heap,exit]  garbage-first heap   total 524288K, used 261492K [0x00000000e0000000, 0x0000000100000000)
[2023-02-24T08:28:15.537+0000][7][gc,heap,exit]   region size 1024K, 207 young (211968K), 7 survivors (7168K)
[2023-02-24T08:28:15.537+0000][7][gc,heap,exit]  Metaspace       used 86304K, capacity 89362K, committed 89636K, reserved 1126400K
[2023-02-24T08:28:15.539+0000][7][gc,heap,exit]   class space    used 11406K, capacity 12371K, committed 12416K, reserved 1048576K
