[2023-02-24T08:29:13.746+0000][166][gc] Using G1
[2023-02-24T08:29:13.761+0000][166][gc,init] Version: 15+36-1562 (release)
[2023-02-24T08:29:13.763+0000][166][gc,init] CPUs: 4 total, 4 available
[2023-02-24T08:29:13.764+0000][166][gc,init] Memory: 7951M
[2023-02-24T08:29:13.765+0000][166][gc,init] Large Page Support: Disabled
[2023-02-24T08:29:13.766+0000][166][gc,init] NUMA Support: Disabled
[2023-02-24T08:29:13.768+0000][166][gc,init] Compressed Oops: Enabled (32-bit)
[2023-02-24T08:29:13.769+0000][166][gc,init] Heap Region Size: 1M
[2023-02-24T08:29:13.770+0000][166][gc,init] Heap Min Capacity: 512M
[2023-02-24T08:29:13.771+0000][166][gc,init] Heap Initial Capacity: 512M
[2023-02-24T08:29:13.772+0000][166][gc,init] Heap Max Capacity: 512M
[2023-02-24T08:29:13.773+0000][166][gc,init] Pre-touch: Disabled
[2023-02-24T08:29:13.774+0000][166][gc,init] Parallel Workers: 4
[2023-02-24T08:29:13.775+0000][166][gc,init] Concurrent Workers: 1
[2023-02-24T08:29:13.776+0000][166][gc,init] Concurrent Refinement Workers: 4
[2023-02-24T08:29:13.777+0000][166][gc,init] Periodic GC: Disabled
[2023-02-24T08:29:13.779+0000][166][gc,metaspace] CDS disabled.
[2023-02-24T08:29:13.783+0000][166][gc,metaspace] Compressed class space mapped at: 0x0000000100000000-0x0000000140000000, size: 1073741824
[2023-02-24T08:29:13.784+0000][166][gc,metaspace] Narrow klass base: 0x0000000000000000, Narrow klass shift: 3, Narrow klass range: 0x140000000
[2023-02-24T08:29:13.946+0000][166][gc,heap,exit] Heap
[2023-02-24T08:29:13.949+0000][166][gc,heap,exit]  garbage-first heap   total 524288K, used 1024K [0x00000000e0000000, 0x0000000100000000)
[2023-02-24T08:29:13.952+0000][166][gc,heap,exit]   region size 1024K, 2 young (2048K), 0 survivors (0K)
[2023-02-24T08:29:13.953+0000][166][gc,heap,exit]  Metaspace       used 3324K, capacity 4480K, committed 4480K, reserved 1056768K
[2023-02-24T08:29:13.954+0000][166][gc,heap,exit]   class space    used 278K, capacity 384K, committed 384K, reserved 1048576K
