[2023-01-09T09:51:18.165+0000][7][gc] Using G1
[2023-01-09T09:51:18.392+0000][7][gc,init] Version: 15+36-1562 (release)
[2023-01-09T09:51:18.394+0000][7][gc,init] CPUs: 4 total, 4 available
[2023-01-09T09:51:18.394+0000][7][gc,init] Memory: 7951M
[2023-01-09T09:51:18.395+0000][7][gc,init] Large Page Support: Disabled
[2023-01-09T09:51:18.396+0000][7][gc,init] NUMA Support: Disabled
[2023-01-09T09:51:18.397+0000][7][gc,init] Compressed Oops: Enabled (32-bit)
[2023-01-09T09:51:18.398+0000][7][gc,init] Heap Region Size: 1M
[2023-01-09T09:51:18.399+0000][7][gc,init] Heap Min Capacity: 512M
[2023-01-09T09:51:18.400+0000][7][gc,init] Heap Initial Capacity: 512M
[2023-01-09T09:51:18.400+0000][7][gc,init] Heap Max Capacity: 512M
[2023-01-09T09:51:18.401+0000][7][gc,init] Pre-touch: Enabled
[2023-01-09T09:51:18.402+0000][7][gc,init] Parallel Workers: 4
[2023-01-09T09:51:18.403+0000][7][gc,init] Concurrent Workers: 1
[2023-01-09T09:51:18.404+0000][7][gc,init] Concurrent Refinement Workers: 4
[2023-01-09T09:51:18.404+0000][7][gc,init] Periodic GC: Disabled
[2023-01-09T09:51:18.405+0000][7][gc,metaspace] CDS disabled.
[2023-01-09T09:51:18.406+0000][7][gc,metaspace] Compressed class space mapped at: 0x0000000100000000-0x0000000140000000, size: 1073741824
[2023-01-09T09:51:18.406+0000][7][gc,metaspace] Narrow klass base: 0x0000000000000000, Narrow klass shift: 3, Narrow klass range: 0x140000000
[2023-01-09T09:51:18.858+0000][7][safepoint   ] Safepoint "ICBufferFull", Time since last: 431593291 ns, Reaching safepoint: 358750 ns, At safepoint: 5292 ns, Total: 364042 ns
[2023-01-09T09:51:19.247+0000][7][safepoint   ] Safepoint "ICBufferFull", Time since last: 389351417 ns, Reaching safepoint: 115292 ns, At safepoint: 2875 ns, Total: 118167 ns
[2023-01-09T09:51:19.572+0000][7][gc,start    ] GC(0) Pause Young (Normal) (G1 Evacuation Pause)
[2023-01-09T09:51:19.576+0000][7][gc,task     ] GC(0) Using 4 workers of 4 for evacuation
[2023-01-09T09:51:19.577+0000][7][gc,age      ] GC(0) Desired survivor size 2097152 bytes, new threshold 15 (max threshold 15)
[2023-01-09T09:51:19.606+0000][7][gc,age      ] GC(0) Age table with threshold 15 (max threshold 15)
[2023-01-09T09:51:19.607+0000][7][gc,age      ] GC(0) - age   1:    3909624 bytes,    3909624 total
[2023-01-09T09:51:19.608+0000][7][gc,phases   ] GC(0)   Pre Evacuate Collection Set: 0.0ms
[2023-01-09T09:51:19.609+0000][7][gc,phases   ] GC(0)   Merge Heap Roots: 0.0ms
[2023-01-09T09:51:19.610+0000][7][gc,phases   ] GC(0)   Evacuate Collection Set: 26.8ms
[2023-01-09T09:51:19.611+0000][7][gc,phases   ] GC(0)   Post Evacuate Collection Set: 0.5ms
[2023-01-09T09:51:19.612+0000][7][gc,phases   ] GC(0)   Other: 8.4ms
[2023-01-09T09:51:19.613+0000][7][gc,heap     ] GC(0) Eden regions: 25->0(25)
[2023-01-09T09:51:19.614+0000][7][gc,heap     ] GC(0) Survivor regions: 0->4(4)
[2023-01-09T09:51:19.614+0000][7][gc,heap     ] GC(0) Old regions: 0->0
[2023-01-09T09:51:19.616+0000][7][gc,heap     ] GC(0) Archive regions: 0->0
[2023-01-09T09:51:19.617+0000][7][gc,heap     ] GC(0) Humongous regions: 1->1
[2023-01-09T09:51:19.617+0000][7][gc,metaspace] GC(0) Metaspace: 15572K(16000K)->15572K(16000K) NonClass: 13992K(14336K)->13992K(14336K) Class: 1580K(1664K)->1580K(1664K)
[2023-01-09T09:51:19.618+0000][7][gc          ] GC(0) Pause Young (Normal) (G1 Evacuation Pause) 26M->4M(512M) 46.055ms
[2023-01-09T09:51:19.619+0000][7][gc,cpu      ] GC(0) User=0.02s Sys=0.00s Real=0.05s
[2023-01-09T09:51:19.620+0000][7][safepoint   ] Safepoint "G1CollectForAllocation", Time since last: 322348958 ns, Reaching safepoint: 2599625 ns, At safepoint: 47374875 ns, Total: 49974500 ns
[2023-01-09T09:51:20.294+0000][7][safepoint   ] Safepoint "ICBufferFull", Time since last: 673825792 ns, Reaching safepoint: 83167 ns, At safepoint: 2208 ns, Total: 85375 ns
[2023-01-09T09:51:20.609+0000][7][gc,start    ] GC(1) Pause Young (Concurrent Start) (Metadata GC Threshold)
[2023-01-09T09:51:20.610+0000][7][gc,task     ] GC(1) Using 4 workers of 4 for evacuation
[2023-01-09T09:51:20.611+0000][7][gc,age      ] GC(1) Desired survivor size 2097152 bytes, new threshold 1 (max threshold 15)
[2023-01-09T09:51:20.622+0000][7][gc,age      ] GC(1) Age table with threshold 1 (max threshold 15)
[2023-01-09T09:51:20.624+0000][7][gc,age      ] GC(1) - age   1:    2147832 bytes,    2147832 total
[2023-01-09T09:51:20.624+0000][7][gc,phases   ] GC(1)   Pre Evacuate Collection Set: 0.1ms
[2023-01-09T09:51:20.625+0000][7][gc,phases   ] GC(1)   Merge Heap Roots: 0.0ms
[2023-01-09T09:51:20.626+0000][7][gc,phases   ] GC(1)   Evacuate Collection Set: 8.9ms
[2023-01-09T09:51:20.627+0000][7][gc,phases   ] GC(1)   Post Evacuate Collection Set: 0.6ms
[2023-01-09T09:51:20.627+0000][7][gc,phases   ] GC(1)   Other: 5.9ms
[2023-01-09T09:51:20.628+0000][7][gc,heap     ] GC(1) Eden regions: 23->0(30)
[2023-01-09T09:51:20.629+0000][7][gc,heap     ] GC(1) Survivor regions: 4->3(4)
[2023-01-09T09:51:20.629+0000][7][gc,heap     ] GC(1) Old regions: 0->4
[2023-01-09T09:51:20.630+0000][7][gc,heap     ] GC(1) Archive regions: 0->0
[2023-01-09T09:51:20.631+0000][7][gc,heap     ] GC(1) Humongous regions: 1->1
[2023-01-09T09:51:20.632+0000][7][gc,metaspace] GC(1) Metaspace: 20771K(21248K)->20771K(21248K) NonClass: 18542K(18944K)->18542K(18944K) Class: 2228K(2304K)->2228K(2304K)
[2023-01-09T09:51:20.633+0000][7][gc          ] GC(1) Pause Young (Concurrent Start) (Metadata GC Threshold) 27M->7M(512M) 23.623ms
[2023-01-09T09:51:20.634+0000][7][gc,cpu      ] GC(1) User=0.01s Sys=0.00s Real=0.02s
[2023-01-09T09:51:20.635+0000][7][gc          ] GC(2) Concurrent Cycle
[2023-01-09T09:51:20.635+0000][7][gc,marking  ] GC(2) Concurrent Clear Claimed Marks
[2023-01-09T09:51:20.636+0000][7][gc,marking  ] GC(2) Concurrent Clear Claimed Marks 0.602ms
[2023-01-09T09:51:20.637+0000][7][gc,marking  ] GC(2) Concurrent Scan Root Regions
[2023-01-09T09:51:20.640+0000][7][gc,marking  ] GC(2) Concurrent Scan Root Regions 2.668ms
[2023-01-09T09:51:20.641+0000][7][gc,marking  ] GC(2) Concurrent Mark (2.489s)
[2023-01-09T09:51:20.642+0000][7][gc,marking  ] GC(2) Concurrent Mark From Roots
[2023-01-09T09:51:20.642+0000][7][gc,task     ] GC(2) Using 1 workers of 1 for marking
[2023-01-09T09:51:20.635+0000][7][safepoint   ] Safepoint "CollectForMetadataAllocation", Time since last: 315082209 ns, Reaching safepoint: 155125 ns, At safepoint: 26039166 ns, Total: 26194291 ns
[2023-01-09T09:51:20.644+0000][7][gc,marking  ] GC(2) Concurrent Mark From Roots 2.006ms
[2023-01-09T09:51:20.645+0000][7][gc,marking  ] GC(2) Concurrent Preclean
[2023-01-09T09:51:20.645+0000][7][gc,marking  ] GC(2) Concurrent Preclean 0.811ms
[2023-01-09T09:51:20.646+0000][7][gc,marking  ] GC(2) Concurrent Mark (2.489s, 2.494s) 5.088ms
[2023-01-09T09:51:20.647+0000][7][gc,start    ] GC(2) Pause Remark
[2023-01-09T09:51:20.649+0000][7][gc          ] GC(2) Pause Remark 7M->7M(512M) 2.202ms
[2023-01-09T09:51:20.650+0000][7][gc,cpu      ] GC(2) User=0.00s Sys=0.00s Real=0.00s
[2023-01-09T09:51:20.650+0000][7][safepoint   ] Safepoint "G1Concurrent", Time since last: 11635917 ns, Reaching safepoint: 161583 ns, At safepoint: 3653834 ns, Total: 3815417 ns
[2023-01-09T09:51:20.663+0000][7][gc,marking  ] GC(2) Concurrent Rebuild Remembered Sets
[2023-01-09T09:51:20.670+0000][7][gc,marking  ] GC(2) Concurrent Rebuild Remembered Sets 7.107ms
[2023-01-09T09:51:20.671+0000][7][gc,start    ] GC(2) Pause Cleanup
[2023-01-09T09:51:20.672+0000][7][gc          ] GC(2) Pause Cleanup 7M->7M(512M) 0.630ms
[2023-01-09T09:51:20.673+0000][7][gc,cpu      ] GC(2) User=0.00s Sys=0.00s Real=0.00s
[2023-01-09T09:51:20.673+0000][7][safepoint   ] Safepoint "G1Concurrent", Time since last: 20721916 ns, Reaching safepoint: 290584 ns, At safepoint: 1800291 ns, Total: 2090875 ns
[2023-01-09T09:51:20.674+0000][7][gc,marking  ] GC(2) Concurrent Cleanup for Next Mark
[2023-01-09T09:51:20.675+0000][7][gc,marking  ] GC(2) Concurrent Cleanup for Next Mark 0.998ms
[2023-01-09T09:51:20.676+0000][7][gc          ] GC(2) Concurrent Cycle 41.114ms
[2023-01-09T09:51:21.136+0000][7][safepoint   ] Safepoint "ICBufferFull", Time since last: 462793959 ns, Reaching safepoint: 158667 ns, At safepoint: 1958 ns, Total: 160625 ns
[2023-01-09T09:51:21.169+0000][7][gc,start    ] GC(3) Pause Young (Normal) (G1 Evacuation Pause)
[2023-01-09T09:51:21.171+0000][7][gc,task     ] GC(3) Using 4 workers of 4 for evacuation
[2023-01-09T09:51:21.172+0000][7][gc,age      ] GC(3) Desired survivor size 2621440 bytes, new threshold 15 (max threshold 15)
[2023-01-09T09:51:21.181+0000][7][gc,age      ] GC(3) Age table with threshold 15 (max threshold 15)
[2023-01-09T09:51:21.182+0000][7][gc,age      ] GC(3) - age   1:    2197656 bytes,    2197656 total
[2023-01-09T09:51:21.182+0000][7][gc,age      ] GC(3) - age   2:    2126936 bytes,    4324592 total
[2023-01-09T09:51:21.185+0000][7][gc,phases   ] GC(3)   Pre Evacuate Collection Set: 0.1ms
[2023-01-09T09:51:21.186+0000][7][gc,phases   ] GC(3)   Merge Heap Roots: 0.0ms
[2023-01-09T09:51:21.187+0000][7][gc,phases   ] GC(3)   Evacuate Collection Set: 7.6ms
[2023-01-09T09:51:21.188+0000][7][gc,phases   ] GC(3)   Post Evacuate Collection Set: 0.5ms
[2023-01-09T09:51:21.189+0000][7][gc,phases   ] GC(3)   Other: 7.8ms
[2023-01-09T09:51:21.189+0000][7][gc,heap     ] GC(3) Eden regions: 30->0(187)
[2023-01-09T09:51:21.190+0000][7][gc,heap     ] GC(3) Survivor regions: 3->5(5)
[2023-01-09T09:51:21.191+0000][7][gc,heap     ] GC(3) Old regions: 4->4
[2023-01-09T09:51:21.192+0000][7][gc,heap     ] GC(3) Archive regions: 0->0
[2023-01-09T09:51:21.193+0000][7][gc,heap     ] GC(3) Humongous regions: 1->1
[2023-01-09T09:51:21.194+0000][7][gc,metaspace] GC(3) Metaspace: 22503K(23040K)->22503K(23040K) NonClass: 20084K(20480K)->20084K(20480K) Class: 2419K(2560K)->2419K(2560K)
[2023-01-09T09:51:21.194+0000][7][gc          ] GC(3) Pause Young (Normal) (G1 Evacuation Pause) 37M->9M(512M) 25.071ms
[2023-01-09T09:51:21.196+0000][7][gc,cpu      ] GC(3) User=0.01s Sys=0.00s Real=0.03s
[2023-01-09T09:51:21.196+0000][7][safepoint   ] Safepoint "G1CollectForAllocation", Time since last: 33030417 ns, Reaching safepoint: 145291 ns, At safepoint: 27070250 ns, Total: 27215541 ns
[2023-01-09T09:51:21.398+0000][7][safepoint   ] Safepoint "ICBufferFull", Time since last: 201874292 ns, Reaching safepoint: 67292 ns, At safepoint: 2958 ns, Total: 70250 ns
[2023-01-09T09:51:21.407+0000][7][safepoint   ] Safepoint "ICBufferFull", Time since last: 8354042 ns, Reaching safepoint: 42000 ns, At safepoint: 3791 ns, Total: 45791 ns
[2023-01-09T09:51:21.413+0000][7][safepoint   ] Safepoint "ICBufferFull", Time since last: 4315667 ns, Reaching safepoint: 2154750 ns, At safepoint: 4708 ns, Total: 2159458 ns
[2023-01-09T09:51:21.416+0000][7][safepoint   ] Safepoint "ICBufferFull", Time since last: 3215584 ns, Reaching safepoint: 31708 ns, At safepoint: 1583 ns, Total: 33291 ns
[2023-01-09T09:51:21.420+0000][7][safepoint   ] Safepoint "ICBufferFull", Time since last: 3454375 ns, Reaching safepoint: 37167 ns, At safepoint: 1958 ns, Total: 39125 ns
[2023-01-09T09:51:21.434+0000][7][safepoint   ] Safepoint "ICBufferFull", Time since last: 8391084 ns, Reaching safepoint: 5381125 ns, At safepoint: 17250 ns, Total: 5398375 ns
[2023-01-09T09:51:21.436+0000][7][safepoint   ] Safepoint "ICBufferFull", Time since last: 2308958 ns, Reaching safepoint: 302542 ns, At safepoint: 2375 ns, Total: 304917 ns
[2023-01-09T09:51:21.449+0000][7][safepoint   ] Safepoint "ICBufferFull", Time since last: 12190041 ns, Reaching safepoint: 160667 ns, At safepoint: 2333 ns, Total: 163000 ns
[2023-01-09T09:51:21.468+0000][7][safepoint   ] Safepoint "ICBufferFull", Time since last: 19610667 ns, Reaching safepoint: 123333 ns, At safepoint: 1875 ns, Total: 125208 ns
[2023-01-09T09:51:21.475+0000][7][safepoint   ] Safepoint "ICBufferFull", Time since last: 5877334 ns, Reaching safepoint: 529208 ns, At safepoint: 5125 ns, Total: 534333 ns
[2023-01-09T09:51:21.477+0000][7][safepoint   ] Safepoint "ICBufferFull", Time since last: 2120625 ns, Reaching safepoint: 76375 ns, At safepoint: 2292 ns, Total: 78667 ns
[2023-01-09T09:51:21.479+0000][7][safepoint   ] Safepoint "ICBufferFull", Time since last: 1807583 ns, Reaching safepoint: 129875 ns, At safepoint: 1875 ns, Total: 131750 ns
[2023-01-09T09:51:21.481+0000][7][safepoint   ] Safepoint "ICBufferFull", Time since last: 2215167 ns, Reaching safepoint: 145000 ns, At safepoint: 1958 ns, Total: 146958 ns
[2023-01-09T09:51:21.490+0000][7][safepoint   ] Safepoint "ICBufferFull", Time since last: 8885042 ns, Reaching safepoint: 64875 ns, At safepoint: 3083 ns, Total: 67958 ns
[2023-01-09T09:51:21.492+0000][7][safepoint   ] Safepoint "ICBufferFull", Time since last: 1901542 ns, Reaching safepoint: 140208 ns, At safepoint: 3083 ns, Total: 143291 ns
[2023-01-09T09:51:21.499+0000][7][safepoint   ] Safepoint "ICBufferFull", Time since last: 6300209 ns, Reaching safepoint: 48833 ns, At safepoint: 2000 ns, Total: 50833 ns
[2023-01-09T09:51:21.501+0000][7][safepoint   ] Safepoint "ICBufferFull", Time since last: 2224417 ns, Reaching safepoint: 40875 ns, At safepoint: 2416 ns, Total: 43291 ns
[2023-01-09T09:51:21.509+0000][7][safepoint   ] Safepoint "ICBufferFull", Time since last: 7806459 ns, Reaching safepoint: 126375 ns, At safepoint: 2666 ns, Total: 129041 ns
[2023-01-09T09:51:21.511+0000][7][safepoint   ] Safepoint "ICBufferFull", Time since last: 1883500 ns, Reaching safepoint: 108209 ns, At safepoint: 2041 ns, Total: 110250 ns
[2023-01-09T09:51:21.518+0000][7][safepoint   ] Safepoint "ICBufferFull", Time since last: 6970375 ns, Reaching safepoint: 127875 ns, At safepoint: 3542 ns, Total: 131417 ns
[2023-01-09T09:51:21.521+0000][7][safepoint   ] Safepoint "ICBufferFull", Time since last: 2762958 ns, Reaching safepoint: 117334 ns, At safepoint: 1958 ns, Total: 119292 ns
[2023-01-09T09:51:21.525+0000][7][safepoint   ] Safepoint "ICBufferFull", Time since last: 3672833 ns, Reaching safepoint: 209500 ns, At safepoint: 2209 ns, Total: 211709 ns
[2023-01-09T09:51:21.534+0000][7][safepoint   ] Safepoint "ICBufferFull", Time since last: 8836583 ns, Reaching safepoint: 122542 ns, At safepoint: 2500 ns, Total: 125042 ns
[2023-01-09T09:51:21.540+0000][7][safepoint   ] Safepoint "ICBufferFull", Time since last: 5853125 ns, Reaching safepoint: 114875 ns, At safepoint: 2083 ns, Total: 116958 ns
[2023-01-09T09:51:21.545+0000][7][safepoint   ] Safepoint "ICBufferFull", Time since last: 4620750 ns, Reaching safepoint: 214875 ns, At safepoint: 2375 ns, Total: 217250 ns
[2023-01-09T09:51:21.553+0000][7][safepoint   ] Safepoint "ICBufferFull", Time since last: 8761917 ns, Reaching safepoint: 44166 ns, At safepoint: 2584 ns, Total: 46750 ns
[2023-01-09T09:51:21.566+0000][7][safepoint   ] Safepoint "ICBufferFull", Time since last: 12030458 ns, Reaching safepoint: 265208 ns, At safepoint: 3417 ns, Total: 268625 ns
[2023-01-09T09:51:21.568+0000][7][safepoint   ] Safepoint "ICBufferFull", Time since last: 2225375 ns, Reaching safepoint: 61292 ns, At safepoint: 1833 ns, Total: 63125 ns
[2023-01-09T09:51:21.576+0000][7][safepoint   ] Safepoint "ICBufferFull", Time since last: 7577000 ns, Reaching safepoint: 188500 ns, At safepoint: 2083 ns, Total: 190583 ns
[2023-01-09T09:51:21.581+0000][7][safepoint   ] Safepoint "ICBufferFull", Time since last: 5536292 ns, Reaching safepoint: 47917 ns, At safepoint: 2458 ns, Total: 50375 ns
[2023-01-09T09:51:21.589+0000][7][safepoint   ] Safepoint "ICBufferFull", Time since last: 7552667 ns, Reaching safepoint: 123500 ns, At safepoint: 2458 ns, Total: 125958 ns
[2023-01-09T09:51:21.596+0000][7][safepoint   ] Safepoint "ICBufferFull", Time since last: 7282250 ns, Reaching safepoint: 130917 ns, At safepoint: 2291 ns, Total: 133208 ns
[2023-01-09T09:51:21.598+0000][7][safepoint   ] Safepoint "ICBufferFull", Time since last: 1779959 ns, Reaching safepoint: 169666 ns, At safepoint: 1584 ns, Total: 171250 ns
[2023-01-09T09:51:21.600+0000][7][safepoint   ] Safepoint "ICBufferFull", Time since last: 1723625 ns, Reaching safepoint: 119791 ns, At safepoint: 5959 ns, Total: 125750 ns
[2023-01-09T09:51:21.609+0000][7][safepoint   ] Safepoint "ICBufferFull", Time since last: 8650333 ns, Reaching safepoint: 371292 ns, At safepoint: 23041 ns, Total: 394333 ns
[2023-01-09T09:51:21.619+0000][7][safepoint   ] Safepoint "ICBufferFull", Time since last: 7342500 ns, Reaching safepoint: 2347250 ns, At safepoint: 5125 ns, Total: 2352375 ns
[2023-01-09T09:51:21.624+0000][7][safepoint   ] Safepoint "ICBufferFull", Time since last: 5129959 ns, Reaching safepoint: 349875 ns, At safepoint: 4375 ns, Total: 354250 ns
[2023-01-09T09:51:21.637+0000][7][safepoint   ] Safepoint "ICBufferFull", Time since last: 12196541 ns, Reaching safepoint: 138334 ns, At safepoint: 2875 ns, Total: 141209 ns
[2023-01-09T09:51:21.638+0000][7][safepoint   ] Safepoint "ICBufferFull", Time since last: 1174041 ns, Reaching safepoint: 148709 ns, At safepoint: 2833 ns, Total: 151542 ns
[2023-01-09T09:51:21.644+0000][7][safepoint   ] Safepoint "ICBufferFull", Time since last: 1602708 ns, Reaching safepoint: 4669084 ns, At safepoint: 5666 ns, Total: 4674750 ns
[2023-01-09T09:51:21.646+0000][7][safepoint   ] Safepoint "ICBufferFull", Time since last: 1458542 ns, Reaching safepoint: 113625 ns, At safepoint: 2333 ns, Total: 115958 ns
[2023-01-09T09:51:21.647+0000][7][safepoint   ] Safepoint "ICBufferFull", Time since last: 814084 ns, Reaching safepoint: 106833 ns, At safepoint: 1750 ns, Total: 108583 ns
[2023-01-09T09:51:21.648+0000][7][safepoint   ] Safepoint "ICBufferFull", Time since last: 1068833 ns, Reaching safepoint: 130417 ns, At safepoint: 2333 ns, Total: 132750 ns
[2023-01-09T09:51:21.652+0000][7][safepoint   ] Safepoint "ICBufferFull", Time since last: 1018792 ns, Reaching safepoint: 3266917 ns, At safepoint: 4083 ns, Total: 3271000 ns
[2023-01-09T09:51:21.656+0000][7][safepoint   ] Safepoint "ICBufferFull", Time since last: 1397042 ns, Reaching safepoint: 2159875 ns, At safepoint: 4750 ns, Total: 2164625 ns
[2023-01-09T09:51:21.661+0000][7][safepoint   ] Safepoint "ICBufferFull", Time since last: 3482125 ns, Reaching safepoint: 1220583 ns, At safepoint: 3792 ns, Total: 1224375 ns
[2023-01-09T09:51:21.664+0000][7][safepoint   ] Safepoint "ICBufferFull", Time since last: 1226041 ns, Reaching safepoint: 2155792 ns, At safepoint: 4583 ns, Total: 2160375 ns
[2023-01-09T09:51:21.666+0000][7][safepoint   ] Safepoint "ICBufferFull", Time since last: 1843750 ns, Reaching safepoint: 231125 ns, At safepoint: 16667 ns, Total: 247792 ns
[2023-01-09T09:51:21.671+0000][7][safepoint   ] Safepoint "ICBufferFull", Time since last: 1490042 ns, Reaching safepoint: 3528000 ns, At safepoint: 5166 ns, Total: 3533166 ns
[2023-01-09T09:51:21.673+0000][7][safepoint   ] Safepoint "ICBufferFull", Time since last: 1370709 ns, Reaching safepoint: 197000 ns, At safepoint: 5916 ns, Total: 202916 ns
[2023-01-09T09:51:21.674+0000][7][safepoint   ] Safepoint "ICBufferFull", Time since last: 1030167 ns, Reaching safepoint: 135625 ns, At safepoint: 2083 ns, Total: 137708 ns
[2023-01-09T09:51:21.675+0000][7][safepoint   ] Safepoint "ICBufferFull", Time since last: 1206417 ns, Reaching safepoint: 61000 ns, At safepoint: 2750 ns, Total: 63750 ns
[2023-01-09T09:51:21.677+0000][7][safepoint   ] Safepoint "ICBufferFull", Time since last: 1300875 ns, Reaching safepoint: 269417 ns, At safepoint: 2500 ns, Total: 271917 ns
[2023-01-09T09:51:21.678+0000][7][safepoint   ] Safepoint "ICBufferFull", Time since last: 936208 ns, Reaching safepoint: 56167 ns, At safepoint: 1708 ns, Total: 57875 ns
[2023-01-09T09:51:21.680+0000][7][safepoint   ] Safepoint "ICBufferFull", Time since last: 1254500 ns, Reaching safepoint: 1392083 ns, At safepoint: 7167 ns, Total: 1399250 ns
[2023-01-09T09:51:21.682+0000][7][safepoint   ] Safepoint "ICBufferFull", Time since last: 1088750 ns, Reaching safepoint: 880208 ns, At safepoint: 7542 ns, Total: 887750 ns
[2023-01-09T09:51:21.684+0000][7][safepoint   ] Safepoint "ICBufferFull", Time since last: 1243792 ns, Reaching safepoint: 94083 ns, At safepoint: 2000 ns, Total: 96083 ns
[2023-01-09T09:51:21.685+0000][7][safepoint   ] Safepoint "ICBufferFull", Time since last: 930667 ns, Reaching safepoint: 159458 ns, At safepoint: 2583 ns, Total: 162041 ns
[2023-01-09T09:51:21.686+0000][7][safepoint   ] Safepoint "ICBufferFull", Time since last: 1048459 ns, Reaching safepoint: 615750 ns, At safepoint: 5500 ns, Total: 621250 ns
[2023-01-09T09:51:21.688+0000][7][safepoint   ] Safepoint "ICBufferFull", Time since last: 905708 ns, Reaching safepoint: 1001625 ns, At safepoint: 6000 ns, Total: 1007625 ns
[2023-01-09T09:51:21.690+0000][7][safepoint   ] Safepoint "ICBufferFull", Time since last: 1776083 ns, Reaching safepoint: 293250 ns, At safepoint: 6167 ns, Total: 299417 ns
[2023-01-09T09:51:21.692+0000][7][safepoint   ] Safepoint "ICBufferFull", Time since last: 1320167 ns, Reaching safepoint: 105875 ns, At safepoint: 14583 ns, Total: 120458 ns
[2023-01-09T09:51:21.693+0000][7][safepoint   ] Safepoint "ICBufferFull", Time since last: 935583 ns, Reaching safepoint: 115084 ns, At safepoint: 2750 ns, Total: 117834 ns
[2023-01-09T09:51:21.696+0000][7][safepoint   ] Safepoint "ICBufferFull", Time since last: 774708 ns, Reaching safepoint: 2178583 ns, At safepoint: 5125 ns, Total: 2183708 ns
[2023-01-09T09:51:21.698+0000][7][safepoint   ] Safepoint "ICBufferFull", Time since last: 1470459 ns, Reaching safepoint: 1025416 ns, At safepoint: 3167 ns, Total: 1028583 ns
[2023-01-09T09:51:21.700+0000][7][safepoint   ] Safepoint "ICBufferFull", Time since last: 1832833 ns, Reaching safepoint: 244000 ns, At safepoint: 4209 ns, Total: 248209 ns
[2023-01-09T09:51:21.702+0000][7][safepoint   ] Safepoint "ICBufferFull", Time since last: 1088291 ns, Reaching safepoint: 912750 ns, At safepoint: 2625 ns, Total: 915375 ns
[2023-01-09T09:51:21.706+0000][7][safepoint   ] Safepoint "ICBufferFull", Time since last: 948875 ns, Reaching safepoint: 2198875 ns, At safepoint: 3792 ns, Total: 2202667 ns
[2023-01-09T09:51:21.707+0000][7][safepoint   ] Safepoint "ICBufferFull", Time since last: 1374875 ns, Reaching safepoint: 41250 ns, At safepoint: 2250 ns, Total: 43500 ns
[2023-01-09T09:51:21.708+0000][7][safepoint   ] Safepoint "ICBufferFull", Time since last: 1005125 ns, Reaching safepoint: 43208 ns, At safepoint: 2167 ns, Total: 45375 ns
[2023-01-09T09:51:21.709+0000][7][safepoint   ] Safepoint "ICBufferFull", Time since last: 1003833 ns, Reaching safepoint: 96084 ns, At safepoint: 2041 ns, Total: 98125 ns
[2023-01-09T09:51:21.711+0000][7][safepoint   ] Safepoint "ICBufferFull", Time since last: 1292792 ns, Reaching safepoint: 139625 ns, At safepoint: 2333 ns, Total: 141958 ns
[2023-01-09T09:51:21.713+0000][7][safepoint   ] Safepoint "ICBufferFull", Time since last: 2411000 ns, Reaching safepoint: 60625 ns, At safepoint: 2500 ns, Total: 63125 ns
[2023-01-09T09:51:21.716+0000][7][safepoint   ] Safepoint "ICBufferFull", Time since last: 2599542 ns, Reaching safepoint: 57583 ns, At safepoint: 2959 ns, Total: 60542 ns
[2023-01-09T09:51:21.718+0000][7][safepoint   ] Safepoint "ICBufferFull", Time since last: 1961250 ns, Reaching safepoint: 121625 ns, At safepoint: 2500 ns, Total: 124125 ns
[2023-01-09T09:51:21.720+0000][7][safepoint   ] Safepoint "ICBufferFull", Time since last: 2165333 ns, Reaching safepoint: 348625 ns, At safepoint: 3208 ns, Total: 351833 ns
[2023-01-09T09:51:21.723+0000][7][safepoint   ] Safepoint "ICBufferFull", Time since last: 2603000 ns, Reaching safepoint: 140584 ns, At safepoint: 3375 ns, Total: 143959 ns
[2023-01-09T09:51:21.725+0000][7][safepoint   ] Safepoint "ICBufferFull", Time since last: 1900333 ns, Reaching safepoint: 118583 ns, At safepoint: 2500 ns, Total: 121083 ns
[2023-01-09T09:51:21.729+0000][7][safepoint   ] Safepoint "ICBufferFull", Time since last: 1462459 ns, Reaching safepoint: 2135833 ns, At safepoint: 5334 ns, Total: 2141167 ns
[2023-01-09T09:51:21.782+0000][7][safepoint   ] Safepoint "ICBufferFull", Time since last: 53260833 ns, Reaching safepoint: 143833 ns, At safepoint: 2750 ns, Total: 146583 ns
[2023-01-09T09:51:21.785+0000][7][safepoint   ] Safepoint "ICBufferFull", Time since last: 2939709 ns, Reaching safepoint: 125375 ns, At safepoint: 6083 ns, Total: 131458 ns
[2023-01-09T09:51:21.789+0000][7][safepoint   ] Safepoint "ICBufferFull", Time since last: 1672083 ns, Reaching safepoint: 2154542 ns, At safepoint: 4792 ns, Total: 2159334 ns
[2023-01-09T09:51:21.792+0000][7][safepoint   ] Safepoint "ICBufferFull", Time since last: 1132041 ns, Reaching safepoint: 2200959 ns, At safepoint: 7375 ns, Total: 2208334 ns
[2023-01-09T09:51:21.796+0000][7][safepoint   ] Safepoint "ICBufferFull", Time since last: 3146125 ns, Reaching safepoint: 412458 ns, At safepoint: 4083 ns, Total: 416541 ns
[2023-01-09T09:51:21.799+0000][7][safepoint   ] Safepoint "ICBufferFull", Time since last: 1051542 ns, Reaching safepoint: 2189042 ns, At safepoint: 5041 ns, Total: 2194083 ns
[2023-01-09T09:51:21.803+0000][7][safepoint   ] Safepoint "ICBufferFull", Time since last: 1180292 ns, Reaching safepoint: 3138792 ns, At safepoint: 6041 ns, Total: 3144833 ns
[2023-01-09T09:51:21.807+0000][7][safepoint   ] Safepoint "ICBufferFull", Time since last: 1166542 ns, Reaching safepoint: 2195667 ns, At safepoint: 5541 ns, Total: 2201208 ns
[2023-01-09T09:51:21.810+0000][7][safepoint   ] Safepoint "ICBufferFull", Time since last: 1183709 ns, Reaching safepoint: 2134541 ns, At safepoint: 5125 ns, Total: 2139666 ns
[2023-01-09T09:51:21.814+0000][7][safepoint   ] Safepoint "ICBufferFull", Time since last: 1279000 ns, Reaching safepoint: 2153250 ns, At safepoint: 5792 ns, Total: 2159042 ns
[2023-01-09T09:51:21.816+0000][7][safepoint   ] Safepoint "ICBufferFull", Time since last: 1581708 ns, Reaching safepoint: 1143125 ns, At safepoint: 3417 ns, Total: 1146542 ns
[2023-01-09T09:51:21.818+0000][7][safepoint   ] Safepoint "ICBufferFull", Time since last: 1251208 ns, Reaching safepoint: 86417 ns, At safepoint: 2500 ns, Total: 88917 ns
[2023-01-09T09:51:21.821+0000][7][safepoint   ] Safepoint "ICBufferFull", Time since last: 943000 ns, Reaching safepoint: 2201417 ns, At safepoint: 5541 ns, Total: 2206958 ns
[2023-01-09T09:51:21.823+0000][7][safepoint   ] Safepoint "ICBufferFull", Time since last: 2222167 ns, Reaching safepoint: 372333 ns, At safepoint: 3375 ns, Total: 375708 ns
[2023-01-09T09:51:21.827+0000][7][safepoint   ] Safepoint "ICBufferFull", Time since last: 1051209 ns, Reaching safepoint: 2124000 ns, At safepoint: 4041 ns, Total: 2128041 ns
[2023-01-09T09:51:21.828+0000][7][safepoint   ] Safepoint "ICBufferFull", Time since last: 1196292 ns, Reaching safepoint: 638833 ns, At safepoint: 2875 ns, Total: 641708 ns
[2023-01-09T09:51:21.830+0000][7][safepoint   ] Safepoint "ICBufferFull", Time since last: 1255750 ns, Reaching safepoint: 43584 ns, At safepoint: 2291 ns, Total: 45875 ns
[2023-01-09T09:51:21.831+0000][7][safepoint   ] Safepoint "ICBufferFull", Time since last: 1233084 ns, Reaching safepoint: 61375 ns, At safepoint: 2416 ns, Total: 63791 ns
[2023-01-09T09:51:21.833+0000][7][safepoint   ] Safepoint "ICBufferFull", Time since last: 1726334 ns, Reaching safepoint: 159125 ns, At safepoint: 1875 ns, Total: 161000 ns
[2023-01-09T09:51:21.834+0000][7][safepoint   ] Safepoint "ICBufferFull", Time since last: 805375 ns, Reaching safepoint: 89375 ns, At safepoint: 2416 ns, Total: 91791 ns
[2023-01-09T09:51:21.837+0000][7][safepoint   ] Safepoint "ICBufferFull", Time since last: 897000 ns, Reaching safepoint: 2159375 ns, At safepoint: 6000 ns, Total: 2165375 ns
[2023-01-09T09:51:21.838+0000][7][safepoint   ] Safepoint "ICBufferFull", Time since last: 1391542 ns, Reaching safepoint: 183417 ns, At safepoint: 37916 ns, Total: 221333 ns
[2023-01-09T09:51:21.840+0000][7][safepoint   ] Safepoint "ICBufferFull", Time since last: 967792 ns, Reaching safepoint: 830208 ns, At safepoint: 4084 ns, Total: 834292 ns
[2023-01-09T09:51:21.842+0000][7][safepoint   ] Safepoint "ICBufferFull", Time since last: 1225958 ns, Reaching safepoint: 84417 ns, At safepoint: 5041 ns, Total: 89458 ns
[2023-01-09T09:51:21.843+0000][7][safepoint   ] Safepoint "ICBufferFull", Time since last: 1136750 ns, Reaching safepoint: 46167 ns, At safepoint: 2167 ns, Total: 48334 ns
[2023-01-09T09:51:21.844+0000][7][safepoint   ] Safepoint "ICBufferFull", Time since last: 1087958 ns, Reaching safepoint: 41875 ns, At safepoint: 2208 ns, Total: 44083 ns
[2023-01-09T09:51:21.845+0000][7][safepoint   ] Safepoint "ICBufferFull", Time since last: 825792 ns, Reaching safepoint: 60458 ns, At safepoint: 2209 ns, Total: 62667 ns
[2023-01-09T09:51:21.848+0000][7][safepoint   ] Safepoint "ICBufferFull", Time since last: 831958 ns, Reaching safepoint: 2157958 ns, At safepoint: 4167 ns, Total: 2162125 ns
[2023-01-09T09:51:21.850+0000][7][safepoint   ] Safepoint "ICBufferFull", Time since last: 1728833 ns, Reaching safepoint: 847792 ns, At safepoint: 3208 ns, Total: 851000 ns
[2023-01-09T09:51:21.851+0000][7][safepoint   ] Safepoint "ICBufferFull", Time since last: 1045792 ns, Reaching safepoint: 49458 ns, At safepoint: 2250 ns, Total: 51708 ns
[2023-01-09T09:51:21.853+0000][7][safepoint   ] Safepoint "ICBufferFull", Time since last: 1048125 ns, Reaching safepoint: 181792 ns, At safepoint: 2292 ns, Total: 184084 ns
[2023-01-09T09:51:21.854+0000][7][safepoint   ] Safepoint "ICBufferFull", Time since last: 851958 ns, Reaching safepoint: 119000 ns, At safepoint: 2167 ns, Total: 121167 ns
[2023-01-09T09:51:21.855+0000][7][safepoint   ] Safepoint "ICBufferFull", Time since last: 903125 ns, Reaching safepoint: 49166 ns, At safepoint: 2334 ns, Total: 51500 ns
[2023-01-09T09:51:21.856+0000][7][safepoint   ] Safepoint "ICBufferFull", Time since last: 908458 ns, Reaching safepoint: 136542 ns, At safepoint: 2583 ns, Total: 139125 ns
[2023-01-09T09:51:21.859+0000][7][safepoint   ] Safepoint "ICBufferFull", Time since last: 921000 ns, Reaching safepoint: 2150917 ns, At safepoint: 4625 ns, Total: 2155542 ns
[2023-01-09T09:51:21.860+0000][7][safepoint   ] Safepoint "ICBufferFull", Time since last: 1075000 ns, Reaching safepoint: 635750 ns, At safepoint: 3041 ns, Total: 638791 ns
[2023-01-09T09:51:21.863+0000][7][safepoint   ] Safepoint "ICBufferFull", Time since last: 1960500 ns, Reaching safepoint: 886292 ns, At safepoint: 3292 ns, Total: 889584 ns
[2023-01-09T09:51:21.865+0000][7][safepoint   ] Safepoint "ICBufferFull", Time since last: 1353208 ns, Reaching safepoint: 707042 ns, At safepoint: 2250 ns, Total: 709292 ns
[2023-01-09T09:51:21.877+0000][7][safepoint   ] Safepoint "ICBufferFull", Time since last: 1203666 ns, Reaching safepoint: 10626834 ns, At safepoint: 12125 ns, Total: 10638959 ns
[2023-01-09T09:51:21.882+0000][7][safepoint   ] Safepoint "ICBufferFull", Time since last: 4977625 ns, Reaching safepoint: 33333 ns, At safepoint: 2250 ns, Total: 35583 ns
[2023-01-09T09:51:22.392+0000][7][safepoint   ] Safepoint "ICBufferFull", Time since last: 510017583 ns, Reaching safepoint: 125167 ns, At safepoint: 2750 ns, Total: 127917 ns
[2023-01-09T09:51:22.739+0000][7][safepoint   ] Safepoint "ICBufferFull", Time since last: 343725667 ns, Reaching safepoint: 3297167 ns, At safepoint: 7583 ns, Total: 3304750 ns
[2023-01-09T09:51:22.759+0000][7][gc,start    ] GC(4) Pause Young (Normal) (G1 Evacuation Pause)
[2023-01-09T09:51:22.761+0000][7][gc,task     ] GC(4) Using 4 workers of 4 for evacuation
[2023-01-09T09:51:22.761+0000][7][gc,age      ] GC(4) Desired survivor size 12582912 bytes, new threshold 15 (max threshold 15)
[2023-01-09T09:51:22.780+0000][7][gc,age      ] GC(4) Age table with threshold 15 (max threshold 15)
[2023-01-09T09:51:22.781+0000][7][gc,age      ] GC(4) - age   1:    5282944 bytes,    5282944 total
[2023-01-09T09:51:22.782+0000][7][gc,age      ] GC(4) - age   2:    1163008 bytes,    6445952 total
[2023-01-09T09:51:22.783+0000][7][gc,age      ] GC(4) - age   3:    2112624 bytes,    8558576 total
[2023-01-09T09:51:22.784+0000][7][gc,phases   ] GC(4)   Pre Evacuate Collection Set: 0.2ms
[2023-01-09T09:51:22.784+0000][7][gc,phases   ] GC(4)   Merge Heap Roots: 0.0ms
[2023-01-09T09:51:22.785+0000][7][gc,phases   ] GC(4)   Evacuate Collection Set: 16.7ms
[2023-01-09T09:51:22.786+0000][7][gc,phases   ] GC(4)   Post Evacuate Collection Set: 0.5ms
[2023-01-09T09:51:22.786+0000][7][gc,phases   ] GC(4)   Other: 6.8ms
[2023-01-09T09:51:22.787+0000][7][gc,heap     ] GC(4) Eden regions: 187->0(298)
[2023-01-09T09:51:22.788+0000][7][gc,heap     ] GC(4) Survivor regions: 5->9(24)
[2023-01-09T09:51:22.789+0000][7][gc,heap     ] GC(4) Old regions: 4->4
[2023-01-09T09:51:22.789+0000][7][gc,heap     ] GC(4) Archive regions: 0->0
[2023-01-09T09:51:22.790+0000][7][gc,heap     ] GC(4) Humongous regions: 2->1
[2023-01-09T09:51:22.791+0000][7][gc,metaspace] GC(4) Metaspace: 25970K(26624K)->25970K(26624K) NonClass: 23080K(23552K)->23080K(23552K) Class: 2890K(3072K)->2890K(3072K)
[2023-01-09T09:51:22.792+0000][7][gc          ] GC(4) Pause Young (Normal) (G1 Evacuation Pause) 197M->13M(512M) 32.555ms
[2023-01-09T09:51:22.793+0000][7][gc,cpu      ] GC(4) User=0.01s Sys=0.00s Real=0.03s
[2023-01-09T09:51:22.793+0000][7][safepoint   ] Safepoint "G1CollectForAllocation", Time since last: 19849583 ns, Reaching safepoint: 191084 ns, At safepoint: 33926041 ns, Total: 34117125 ns
[2023-01-09T09:51:23.692+0000][7][gc,start    ] GC(5) Pause Young (Normal) (G1 Evacuation Pause)
[2023-01-09T09:51:23.693+0000][7][gc,task     ] GC(5) Using 4 workers of 4 for evacuation
[2023-01-09T09:51:23.694+0000][7][gc,age      ] GC(5) Desired survivor size 20447232 bytes, new threshold 15 (max threshold 15)
[2023-01-09T09:51:23.701+0000][7][gc,age      ] GC(5) Age table with threshold 15 (max threshold 15)
[2023-01-09T09:51:23.702+0000][7][gc,age      ] GC(5) - age   1:    3688128 bytes,    3688128 total
[2023-01-09T09:51:23.703+0000][7][gc,age      ] GC(5) - age   2:    4318696 bytes,    8006824 total
[2023-01-09T09:51:23.704+0000][7][gc,age      ] GC(5) - age   3:    1162832 bytes,    9169656 total
[2023-01-09T09:51:23.705+0000][7][gc,age      ] GC(5) - age   4:    2112624 bytes,   11282280 total
[2023-01-09T09:51:23.709+0000][7][gc,phases   ] GC(5)   Pre Evacuate Collection Set: 0.1ms
[2023-01-09T09:51:23.710+0000][7][gc,phases   ] GC(5)   Merge Heap Roots: 0.0ms
[2023-01-09T09:51:23.711+0000][7][gc,phases   ] GC(5)   Evacuate Collection Set: 6.1ms
[2023-01-09T09:51:23.712+0000][7][gc,phases   ] GC(5)   Post Evacuate Collection Set: 0.7ms
[2023-01-09T09:51:23.713+0000][7][gc,phases   ] GC(5)   Other: 10.1ms
[2023-01-09T09:51:23.713+0000][7][gc,heap     ] GC(5) Eden regions: 298->0(295)
[2023-01-09T09:51:23.714+0000][7][gc,heap     ] GC(5) Survivor regions: 9->12(39)
[2023-01-09T09:51:23.715+0000][7][gc,heap     ] GC(5) Old regions: 4->4
[2023-01-09T09:51:23.717+0000][7][gc,heap     ] GC(5) Archive regions: 0->0
[2023-01-09T09:51:23.718+0000][7][gc,heap     ] GC(5) Humongous regions: 1->1
[2023-01-09T09:51:23.719+0000][7][gc,metaspace] GC(5) Metaspace: 27687K(28672K)->27687K(28672K) NonClass: 24605K(25344K)->24605K(25344K) Class: 3082K(3328K)->3082K(3328K)
[2023-01-09T09:51:23.719+0000][7][gc          ] GC(5) Pause Young (Normal) (G1 Evacuation Pause) 311M->16M(512M) 27.863ms
[2023-01-09T09:51:23.720+0000][7][gc,cpu      ] GC(5) User=0.02s Sys=0.00s Real=0.03s
[2023-01-09T09:51:23.721+0000][7][safepoint   ] Safepoint "G1CollectForAllocation", Time since last: 897920584 ns, Reaching safepoint: 196583 ns, At safepoint: 29561959 ns, Total: 29758542 ns
[2023-01-09T09:51:24.403+0000][7][gc,start    ] GC(6) Pause Young (Normal) (G1 Evacuation Pause)
[2023-01-09T09:51:24.404+0000][7][gc,task     ] GC(6) Using 4 workers of 4 for evacuation
[2023-01-09T09:51:24.405+0000][7][gc,age      ] GC(6) Desired survivor size 20447232 bytes, new threshold 15 (max threshold 15)
[2023-01-09T09:51:24.433+0000][7][gc,age      ] GC(6) Age table with threshold 15 (max threshold 15)
[2023-01-09T09:51:24.434+0000][7][gc,age      ] GC(6) - age   1:    2660552 bytes,    2660552 total
[2023-01-09T09:51:24.435+0000][7][gc,age      ] GC(6) - age   2:    3278448 bytes,    5939000 total
[2023-01-09T09:51:24.437+0000][7][gc,age      ] GC(6) - age   3:    4314392 bytes,   10253392 total
[2023-01-09T09:51:24.439+0000][7][gc,age      ] GC(6) - age   4:    1162688 bytes,   11416080 total
[2023-01-09T09:51:24.440+0000][7][gc,age      ] GC(6) - age   5:    2112624 bytes,   13528704 total
[2023-01-09T09:51:24.441+0000][7][gc,phases   ] GC(6)   Pre Evacuate Collection Set: 0.2ms
[2023-01-09T09:51:24.442+0000][7][gc,phases   ] GC(6)   Merge Heap Roots: 0.8ms
[2023-01-09T09:51:24.442+0000][7][gc,phases   ] GC(6)   Evacuate Collection Set: 24.9ms
[2023-01-09T09:51:24.443+0000][7][gc,phases   ] GC(6)   Post Evacuate Collection Set: 0.8ms
[2023-01-09T09:51:24.444+0000][7][gc,phases   ] GC(6)   Other: 11.1ms
[2023-01-09T09:51:24.446+0000][7][gc,heap     ] GC(6) Eden regions: 295->0(293)
[2023-01-09T09:51:24.446+0000][7][gc,heap     ] GC(6) Survivor regions: 12->14(39)
[2023-01-09T09:51:24.449+0000][7][gc,heap     ] GC(6) Old regions: 4->4
[2023-01-09T09:51:24.450+0000][7][gc,heap     ] GC(6) Archive regions: 0->0
[2023-01-09T09:51:24.451+0000][7][gc,heap     ] GC(6) Humongous regions: 1->1
[2023-01-09T09:51:24.451+0000][7][gc,metaspace] GC(6) Metaspace: 28055K(29312K)->28055K(29312K) NonClass: 24905K(25856K)->24905K(25856K) Class: 3150K(3456K)->3150K(3456K)
[2023-01-09T09:51:24.452+0000][7][gc          ] GC(6) Pause Young (Normal) (G1 Evacuation Pause) 311M->18M(512M) 48.936ms
[2023-01-09T09:51:24.453+0000][7][gc,cpu      ] GC(6) User=0.04s Sys=0.00s Real=0.05s
[2023-01-09T09:51:24.454+0000][7][safepoint   ] Safepoint "G1CollectForAllocation", Time since last: 681202958 ns, Reaching safepoint: 602875 ns, At safepoint: 50897959 ns, Total: 51500834 ns
[2023-01-09T09:51:25.025+0000][7][gc,start    ] GC(7) Pause Young (Normal) (G1 Evacuation Pause)
[2023-01-09T09:51:25.026+0000][7][gc,task     ] GC(7) Using 4 workers of 4 for evacuation
[2023-01-09T09:51:25.027+0000][7][gc,age      ] GC(7) Desired survivor size 20447232 bytes, new threshold 15 (max threshold 15)
[2023-01-09T09:51:25.057+0000][7][gc,age      ] GC(7) Age table with threshold 15 (max threshold 15)
[2023-01-09T09:51:25.058+0000][7][gc,age      ] GC(7) - age   1:    3105984 bytes,    3105984 total
[2023-01-09T09:51:25.059+0000][7][gc,age      ] GC(7) - age   2:     609368 bytes,    3715352 total
[2023-01-09T09:51:25.060+0000][7][gc,age      ] GC(7) - age   3:    3276672 bytes,    6992024 total
[2023-01-09T09:51:25.061+0000][7][gc,age      ] GC(7) - age   4:    4313952 bytes,   11305976 total
[2023-01-09T09:51:25.062+0000][7][gc,age      ] GC(7) - age   5:    1162688 bytes,   12468664 total
[2023-01-09T09:51:25.069+0000][7][gc,age      ] GC(7) - age   6:    2112624 bytes,   14581288 total
[2023-01-09T09:51:25.071+0000][7][gc,phases   ] GC(7)   Pre Evacuate Collection Set: 0.1ms
[2023-01-09T09:51:25.071+0000][7][gc,phases   ] GC(7)   Merge Heap Roots: 0.3ms
[2023-01-09T09:51:25.072+0000][7][gc,phases   ] GC(7)   Evacuate Collection Set: 24.0ms
[2023-01-09T09:51:25.073+0000][7][gc,phases   ] GC(7)   Post Evacuate Collection Set: 4.9ms
[2023-01-09T09:51:25.074+0000][7][gc,phases   ] GC(7)   Other: 16.4ms
[2023-01-09T09:51:25.075+0000][7][gc,heap     ] GC(7) Eden regions: 293->0(292)
[2023-01-09T09:51:25.076+0000][7][gc,heap     ] GC(7) Survivor regions: 14->15(39)
[2023-01-09T09:51:25.077+0000][7][gc,heap     ] GC(7) Old regions: 4->4
[2023-01-09T09:51:25.077+0000][7][gc,heap     ] GC(7) Archive regions: 0->0
[2023-01-09T09:51:25.079+0000][7][gc,heap     ] GC(7) Humongous regions: 1->1
[2023-01-09T09:51:25.080+0000][7][gc,metaspace] GC(7) Metaspace: 28587K(29952K)->28587K(29952K) NonClass: 25356K(26368K)->25356K(26368K) Class: 3231K(3584K)->3231K(3584K)
[2023-01-09T09:51:25.080+0000][7][gc          ] GC(7) Pause Young (Normal) (G1 Evacuation Pause) 311M->19M(512M) 55.219ms
[2023-01-09T09:51:25.081+0000][7][gc,cpu      ] GC(7) User=0.02s Sys=0.00s Real=0.05s
[2023-01-09T09:51:25.082+0000][7][safepoint   ] Safepoint "G1CollectForAllocation", Time since last: 560640958 ns, Reaching safepoint: 10473542 ns, At safepoint: 57162333 ns, Total: 67635875 ns
[2023-01-09T09:51:25.445+0000][7][safepoint   ] Safepoint "ICBufferFull", Time since last: 360049834 ns, Reaching safepoint: 2488458 ns, At safepoint: 6167 ns, Total: 2494625 ns
[2023-01-09T09:51:25.787+0000][7][gc,start    ] GC(8) Pause Young (Concurrent Start) (Metadata GC Threshold)
[2023-01-09T09:51:25.788+0000][7][gc,task     ] GC(8) Using 4 workers of 4 for evacuation
[2023-01-09T09:51:25.789+0000][7][gc,age      ] GC(8) Desired survivor size 20447232 bytes, new threshold 15 (max threshold 15)
[2023-01-09T09:51:25.811+0000][7][gc,age      ] GC(8) Age table with threshold 15 (max threshold 15)
[2023-01-09T09:51:25.812+0000][7][gc,age      ] GC(8) - age   1:    2134928 bytes,    2134928 total
[2023-01-09T09:51:25.813+0000][7][gc,age      ] GC(8) - age   2:    2298216 bytes,    4433144 total
[2023-01-09T09:51:25.815+0000][7][gc,age      ] GC(8) - age   3:     598584 bytes,    5031728 total
[2023-01-09T09:51:25.815+0000][7][gc,age      ] GC(8) - age   4:    3261648 bytes,    8293376 total
[2023-01-09T09:51:25.816+0000][7][gc,age      ] GC(8) - age   5:    4302592 bytes,   12595968 total
[2023-01-09T09:51:25.817+0000][7][gc,age      ] GC(8) - age   6:    1132304 bytes,   13728272 total
[2023-01-09T09:51:25.818+0000][7][gc,age      ] GC(8) - age   7:    2109632 bytes,   15837904 total
[2023-01-09T09:51:25.819+0000][7][gc,phases   ] GC(8)   Pre Evacuate Collection Set: 0.1ms
[2023-01-09T09:51:25.819+0000][7][gc,phases   ] GC(8)   Merge Heap Roots: 0.1ms
[2023-01-09T09:51:25.820+0000][7][gc,phases   ] GC(8)   Evacuate Collection Set: 19.3ms
[2023-01-09T09:51:25.821+0000][7][gc,phases   ] GC(8)   Post Evacuate Collection Set: 1.1ms
[2023-01-09T09:51:25.821+0000][7][gc,phases   ] GC(8)   Other: 10.4ms
[2023-01-09T09:51:25.822+0000][7][gc,heap     ] GC(8) Eden regions: 129->0(290)
[2023-01-09T09:51:25.823+0000][7][gc,heap     ] GC(8) Survivor regions: 15->17(39)
[2023-01-09T09:51:25.823+0000][7][gc,heap     ] GC(8) Old regions: 4->4
[2023-01-09T09:51:25.824+0000][7][gc,heap     ] GC(8) Archive regions: 0->0
[2023-01-09T09:51:25.824+0000][7][gc,heap     ] GC(8) Humongous regions: 1->1
[2023-01-09T09:51:25.825+0000][7][gc,metaspace] GC(8) Metaspace: 33926K(35584K)->33926K(35584K) NonClass: 29989K(31232K)->29989K(31232K) Class: 3936K(4352K)->3936K(4352K)
[2023-01-09T09:51:25.826+0000][7][gc          ] GC(8) Pause Young (Concurrent Start) (Metadata GC Threshold) 148M->21M(512M) 38.129ms
[2023-01-09T09:51:25.826+0000][7][gc,cpu      ] GC(8) User=0.01s Sys=0.01s Real=0.04s
[2023-01-09T09:51:25.827+0000][7][gc          ] GC(9) Concurrent Cycle
[2023-01-09T09:51:25.827+0000][7][safepoint   ] Safepoint "CollectForMetadataAllocation", Time since last: 337229500 ns, Reaching safepoint: 5624667 ns, At safepoint: 39650125 ns, Total: 45274792 ns
[2023-01-09T09:51:25.828+0000][7][gc,marking  ] GC(9) Concurrent Clear Claimed Marks
[2023-01-09T09:51:25.829+0000][7][gc,marking  ] GC(9) Concurrent Clear Claimed Marks 1.505ms
[2023-01-09T09:51:25.830+0000][7][gc,marking  ] GC(9) Concurrent Scan Root Regions
[2023-01-09T09:51:25.834+0000][7][gc,marking  ] GC(9) Concurrent Scan Root Regions 4.460ms
[2023-01-09T09:51:25.839+0000][7][gc,marking  ] GC(9) Concurrent Mark (7.688s)
[2023-01-09T09:51:25.840+0000][7][gc,marking  ] GC(9) Concurrent Mark From Roots
[2023-01-09T09:51:25.841+0000][7][gc,task     ] GC(9) Using 1 workers of 1 for marking
[2023-01-09T09:51:25.847+0000][7][gc,marking  ] GC(9) Concurrent Mark From Roots 6.785ms
[2023-01-09T09:51:25.850+0000][7][gc,marking  ] GC(9) Concurrent Preclean
[2023-01-09T09:51:25.851+0000][7][safepoint   ] Safepoint "CollectForMetadataAllocation", Time since last: 21952166 ns, Reaching safepoint: 1577042 ns, At safepoint: 83667 ns, Total: 1660709 ns
[2023-01-09T09:51:25.851+0000][7][gc,marking  ] GC(9) Concurrent Preclean 0.969ms
[2023-01-09T09:51:25.854+0000][7][gc,marking  ] GC(9) Concurrent Mark (7.688s, 7.702s) 14.276ms
[2023-01-09T09:51:25.860+0000][7][gc,start    ] GC(9) Pause Remark
[2023-01-09T09:51:25.867+0000][7][gc          ] GC(9) Pause Remark 22M->22M(512M) 6.540ms
[2023-01-09T09:51:25.868+0000][7][gc,cpu      ] GC(9) User=0.00s Sys=0.00s Real=0.01s
[2023-01-09T09:51:25.869+0000][7][safepoint   ] Safepoint "G1Concurrent", Time since last: 4135208 ns, Reaching safepoint: 5425708 ns, At safepoint: 8248542 ns, Total: 13674250 ns
[2023-01-09T09:51:25.869+0000][7][gc,marking  ] GC(9) Concurrent Rebuild Remembered Sets
[2023-01-09T09:51:25.872+0000][7][gc,marking  ] GC(9) Concurrent Rebuild Remembered Sets 2.745ms
[2023-01-09T09:51:25.875+0000][7][gc,start    ] GC(9) Pause Cleanup
[2023-01-09T09:51:25.876+0000][7][gc          ] GC(9) Pause Cleanup 23M->23M(512M) 1.039ms
[2023-01-09T09:51:25.877+0000][7][gc,cpu      ] GC(9) User=0.00s Sys=0.00s Real=0.00s
[2023-01-09T09:51:25.878+0000][7][safepoint   ] Safepoint "G1Concurrent", Time since last: 4612625 ns, Reaching safepoint: 2190458 ns, At safepoint: 2570417 ns, Total: 4760875 ns
[2023-01-09T09:51:25.880+0000][7][gc,marking  ] GC(9) Concurrent Cleanup for Next Mark
[2023-01-09T09:51:25.881+0000][7][gc,marking  ] GC(9) Concurrent Cleanup for Next Mark 1.441ms
[2023-01-09T09:51:25.882+0000][7][gc          ] GC(9) Concurrent Cycle 54.821ms
[2023-01-09T09:51:26.354+0000][7][safepoint   ] Safepoint "ICBufferFull", Time since last: 474115792 ns, Reaching safepoint: 2265458 ns, At safepoint: 11209 ns, Total: 2276667 ns
[2023-01-09T09:51:27.377+0000][7][safepoint   ] Safepoint "Cleanup", Time since last: 1018896875 ns, Reaching safepoint: 3181042 ns, At safepoint: 3541 ns, Total: 3184583 ns
[2023-01-09T09:51:28.341+0000][7][safepoint   ] Safepoint "ICBufferFull", Time since last: 963811501 ns, Reaching safepoint: 930166 ns, At safepoint: 3709 ns, Total: 933875 ns
[2023-01-09T09:51:28.886+0000][7][safepoint   ] Safepoint "ICBufferFull", Time since last: 544294125 ns, Reaching safepoint: 577583 ns, At safepoint: 303709 ns, Total: 881292 ns
[2023-01-09T09:51:29.193+0000][7][gc,start    ] GC(10) Pause Young (Concurrent Start) (G1 Evacuation Pause)
[2023-01-09T09:51:29.194+0000][7][gc,task     ] GC(10) Using 4 workers of 4 for evacuation
[2023-01-09T09:51:29.195+0000][7][gc,age      ] GC(10) Desired survivor size 20447232 bytes, new threshold 15 (max threshold 15)
[2023-01-09T09:51:29.309+0000][7][gc,age      ] GC(10) Age table with threshold 15 (max threshold 15)
[2023-01-09T09:51:29.310+0000][7][gc,age      ] GC(10) - age   1:   24815000 bytes,   24815000 total
[2023-01-09T09:51:29.311+0000][7][gc,age      ] GC(10) - age   2:    1982432 bytes,   26797432 total
[2023-01-09T09:51:29.311+0000][7][gc,age      ] GC(10) - age   3:    2294704 bytes,   29092136 total
[2023-01-09T09:51:29.312+0000][7][gc,age      ] GC(10) - age   4:     593368 bytes,   29685504 total
[2023-01-09T09:51:29.313+0000][7][gc,age      ] GC(10) - age   5:    3249728 bytes,   32935232 total
[2023-01-09T09:51:29.314+0000][7][gc,age      ] GC(10) - age   6:    4274840 bytes,   37210072 total
[2023-01-09T09:51:29.314+0000][7][gc,age      ] GC(10) - age   7:    1111456 bytes,   38321528 total
[2023-01-09T09:51:29.316+0000][7][gc,age      ] GC(10) - age   8:    2101584 bytes,   40423112 total
[2023-01-09T09:51:29.317+0000][7][gc,phases   ] GC(10)   Pre Evacuate Collection Set: 0.1ms
[2023-01-09T09:51:29.317+0000][7][gc,phases   ] GC(10)   Merge Heap Roots: 4.3ms
[2023-01-09T09:51:29.318+0000][7][gc,phases   ] GC(10)   Evacuate Collection Set: 99.5ms
[2023-01-09T09:51:29.319+0000][7][gc,phases   ] GC(10)   Post Evacuate Collection Set: 9.4ms
[2023-01-09T09:51:29.320+0000][7][gc,phases   ] GC(10)   Other: 10.8ms
[2023-01-09T09:51:29.320+0000][7][gc,heap     ] GC(10) Eden regions: 290->0(268)
[2023-01-09T09:51:29.321+0000][7][gc,heap     ] GC(10) Survivor regions: 17->39(39)
[2023-01-09T09:51:29.322+0000][7][gc,heap     ] GC(10) Old regions: 4->10
[2023-01-09T09:51:29.323+0000][7][gc,heap     ] GC(10) Archive regions: 0->0
[2023-01-09T09:51:29.323+0000][7][gc,heap     ] GC(10) Humongous regions: 1->1
[2023-01-09T09:51:29.324+0000][7][gc,metaspace] GC(10) Metaspace: 43238K(45824K)->43238K(45824K) NonClass: 38002K(39936K)->38002K(39936K) Class: 5235K(5888K)->5235K(5888K)
[2023-01-09T09:51:29.324+0000][7][gc          ] GC(10) Pause Young (Concurrent Start) (G1 Evacuation Pause) 311M->49M(512M) 131.935ms
[2023-01-09T09:51:29.325+0000][7][gc,cpu      ] GC(10) User=0.09s Sys=0.00s Real=0.14s
[2023-01-09T09:51:29.325+0000][7][safepoint   ] Safepoint "G1CollectForAllocation", Time since last: 305984166 ns, Reaching safepoint: 85542 ns, At safepoint: 132966167 ns, Total: 133051709 ns
[2023-01-09T09:51:29.326+0000][7][gc          ] GC(11) Concurrent Cycle
[2023-01-09T09:51:29.327+0000][7][gc,marking  ] GC(11) Concurrent Clear Claimed Marks
[2023-01-09T09:51:29.327+0000][7][gc,marking  ] GC(11) Concurrent Clear Claimed Marks 0.757ms
[2023-01-09T09:51:29.328+0000][7][gc,marking  ] GC(11) Concurrent Scan Root Regions
[2023-01-09T09:51:29.418+0000][7][gc,marking  ] GC(11) Concurrent Scan Root Regions 89.592ms
[2023-01-09T09:51:29.424+0000][7][gc,marking  ] GC(11) Concurrent Mark (11.272s)
[2023-01-09T09:51:29.424+0000][7][gc,marking  ] GC(11) Concurrent Mark From Roots
[2023-01-09T09:51:29.425+0000][7][gc,task     ] GC(11) Using 1 workers of 1 for marking
[2023-01-09T09:51:29.455+0000][7][gc,marking  ] GC(11) Concurrent Mark From Roots 30.372ms
[2023-01-09T09:51:29.456+0000][7][gc,marking  ] GC(11) Concurrent Preclean
[2023-01-09T09:51:29.456+0000][7][gc,marking  ] GC(11) Concurrent Preclean 0.702ms
[2023-01-09T09:51:29.457+0000][7][gc,marking  ] GC(11) Concurrent Mark (11.272s, 11.305s) 33.445ms
[2023-01-09T09:51:29.464+0000][7][gc,start    ] GC(11) Pause Remark
[2023-01-09T09:51:29.469+0000][7][gc          ] GC(11) Pause Remark 89M->89M(512M) 5.102ms
[2023-01-09T09:51:29.470+0000][7][gc,cpu      ] GC(11) User=0.01s Sys=0.00s Real=0.01s
[2023-01-09T09:51:29.471+0000][7][safepoint   ] Safepoint "G1Concurrent", Time since last: 132588333 ns, Reaching safepoint: 5488125 ns, At safepoint: 7045375 ns, Total: 12533500 ns
[2023-01-09T09:51:29.471+0000][7][gc,marking  ] GC(11) Concurrent Rebuild Remembered Sets
[2023-01-09T09:51:29.500+0000][7][gc,marking  ] GC(11) Concurrent Rebuild Remembered Sets 28.580ms
[2023-01-09T09:51:29.508+0000][7][gc,start    ] GC(11) Pause Cleanup
[2023-01-09T09:51:29.510+0000][7][gc          ] GC(11) Pause Cleanup 90M->90M(512M) 1.222ms
[2023-01-09T09:51:29.510+0000][7][gc,cpu      ] GC(11) User=0.00s Sys=0.00s Real=0.00s
[2023-01-09T09:51:29.511+0000][7][safepoint   ] Safepoint "G1Concurrent", Time since last: 30487250 ns, Reaching safepoint: 7191875 ns, At safepoint: 3122459 ns, Total: 10314334 ns
[2023-01-09T09:51:29.512+0000][7][gc,marking  ] GC(11) Concurrent Cleanup for Next Mark
[2023-01-09T09:51:29.514+0000][7][gc,marking  ] GC(11) Concurrent Cleanup for Next Mark 1.553ms
[2023-01-09T09:51:29.515+0000][7][gc          ] GC(11) Concurrent Cycle 188.974ms
[2023-01-09T09:51:30.196+0000][7][safepoint   ] Safepoint "ICBufferFull", Time since last: 684598542 ns, Reaching safepoint: 117208 ns, At safepoint: 1958 ns, Total: 119166 ns
[2023-01-09T09:51:30.976+0000][7][safepoint   ] Safepoint "ICBufferFull", Time since last: 779284751 ns, Reaching safepoint: 124666 ns, At safepoint: 4959 ns, Total: 129625 ns
[2023-01-09T09:51:31.436+0000][7][safepoint   ] Safepoint "ICBufferFull", Time since last: 459036208 ns, Reaching safepoint: 1212500 ns, At safepoint: 2542 ns, Total: 1215042 ns
[2023-01-09T09:51:32.440+0000][7][safepoint   ] Safepoint "Cleanup", Time since last: 1000962292 ns, Reaching safepoint: 3286708 ns, At safepoint: 4042 ns, Total: 3290750 ns
[2023-01-09T09:51:32.682+0000][7][safepoint   ] Safepoint "ICBufferFull", Time since last: 241429292 ns, Reaching safepoint: 194041 ns, At safepoint: 2459 ns, Total: 196500 ns
[2023-01-09T09:51:32.703+0000][7][safepoint   ] Safepoint "ICBufferFull", Time since last: 20750333 ns, Reaching safepoint: 228542 ns, At safepoint: 2833 ns, Total: 231375 ns
[2023-01-09T09:51:33.065+0000][7][safepoint   ] Safepoint "ICBufferFull", Time since last: 362408375 ns, Reaching safepoint: 280417 ns, At safepoint: 2833 ns, Total: 283250 ns
[2023-01-09T09:51:34.004+0000][7][gc,start    ] GC(12) Pause Young (Concurrent Start) (Metadata GC Threshold)
[2023-01-09T09:51:34.005+0000][7][gc,task     ] GC(12) Using 4 workers of 4 for evacuation
[2023-01-09T09:51:34.006+0000][7][gc,age      ] GC(12) Desired survivor size 20447232 bytes, new threshold 1 (max threshold 15)
[2023-01-09T09:51:34.090+0000][7][gc,age      ] GC(12) Age table with threshold 1 (max threshold 15)
[2023-01-09T09:51:34.092+0000][7][gc,age      ] GC(12) - age   1:   12435736 bytes,   12435736 total
[2023-01-09T09:51:34.093+0000][7][gc,phases   ] GC(12)   Pre Evacuate Collection Set: 0.2ms
[2023-01-09T09:51:34.094+0000][7][gc,phases   ] GC(12)   Merge Heap Roots: 0.2ms
[2023-01-09T09:51:34.095+0000][7][gc,phases   ] GC(12)   Evacuate Collection Set: 71.4ms
[2023-01-09T09:51:34.095+0000][7][gc,phases   ] GC(12)   Post Evacuate Collection Set: 11.9ms
[2023-01-09T09:51:34.097+0000][7][gc,phases   ] GC(12)   Other: 5.4ms
[2023-01-09T09:51:34.097+0000][7][gc,heap     ] GC(12) Eden regions: 230->0(280)
[2023-01-09T09:51:34.098+0000][7][gc,heap     ] GC(12) Survivor regions: 39->13(39)
[2023-01-09T09:51:34.099+0000][7][gc,heap     ] GC(12) Old regions: 10->48
[2023-01-09T09:51:34.100+0000][7][gc,heap     ] GC(12) Archive regions: 0->0
[2023-01-09T09:51:34.100+0000][7][gc,heap     ] GC(12) Humongous regions: 1->1
[2023-01-09T09:51:34.101+0000][7][gc,metaspace] GC(12) Metaspace: 73412K(76800K)->73412K(76800K) NonClass: 63737K(66176K)->63737K(66176K) Class: 9675K(10624K)->9675K(10624K)
[2023-01-09T09:51:34.102+0000][7][gc          ] GC(12) Pause Young (Concurrent Start) (Metadata GC Threshold) 278M->61M(512M) 97.778ms
[2023-01-09T09:51:34.102+0000][7][gc,cpu      ] GC(12) User=0.08s Sys=0.00s Real=0.10s
[2023-01-09T09:51:34.103+0000][7][safepoint   ] Safepoint "CollectForMetadataAllocation", Time since last: 934648209 ns, Reaching safepoint: 3961417 ns, At safepoint: 99296083 ns, Total: 103257500 ns
[2023-01-09T09:51:34.103+0000][7][gc          ] GC(13) Concurrent Cycle
[2023-01-09T09:51:34.106+0000][7][gc,marking  ] GC(13) Concurrent Clear Claimed Marks
[2023-01-09T09:51:34.107+0000][7][gc,marking  ] GC(13) Concurrent Clear Claimed Marks 0.716ms
[2023-01-09T09:51:34.108+0000][7][gc,marking  ] GC(13) Concurrent Scan Root Regions
[2023-01-09T09:51:34.133+0000][7][safepoint   ] Safepoint "CollectForMetadataAllocation", Time since last: 28195292 ns, Reaching safepoint: 1037291 ns, At safepoint: 81542 ns, Total: 1118833 ns
[2023-01-09T09:51:34.167+0000][7][gc,marking  ] GC(13) Concurrent Scan Root Regions 59.646ms
[2023-01-09T09:51:34.175+0000][7][gc,marking  ] GC(13) Concurrent Mark (16.024s)
[2023-01-09T09:51:34.176+0000][7][gc,marking  ] GC(13) Concurrent Mark From Roots
[2023-01-09T09:51:34.177+0000][7][gc,task     ] GC(13) Using 1 workers of 1 for marking
[2023-01-09T09:51:34.171+0000][7][safepoint   ] Safepoint "CollectForMetadataAllocation", Time since last: 37392875 ns, Reaching safepoint: 510708 ns, At safepoint: 64042 ns, Total: 574750 ns
[2023-01-09T09:51:34.198+0000][7][gc,marking  ] GC(13) Concurrent Mark From Roots 21.384ms
[2023-01-09T09:51:34.199+0000][7][gc,marking  ] GC(13) Concurrent Preclean
[2023-01-09T09:51:34.200+0000][7][gc,marking  ] GC(13) Concurrent Preclean 0.954ms
[2023-01-09T09:51:34.200+0000][7][gc,marking  ] GC(13) Concurrent Mark (16.024s, 16.048s) 24.918ms
[2023-01-09T09:51:34.202+0000][7][gc,start    ] GC(13) Pause Remark
[2023-01-09T09:51:34.206+0000][7][gc          ] GC(13) Pause Remark 66M->66M(512M) 4.219ms
[2023-01-09T09:51:34.207+0000][7][gc,cpu      ] GC(13) User=0.01s Sys=0.00s Real=0.01s
[2023-01-09T09:51:34.208+0000][7][safepoint   ] Safepoint "G1Concurrent", Time since last: 31460583 ns, Reaching safepoint: 267709 ns, At safepoint: 5630208 ns, Total: 5897917 ns
[2023-01-09T09:51:34.209+0000][7][gc,marking  ] GC(13) Concurrent Rebuild Remembered Sets
[2023-01-09T09:51:34.307+0000][7][gc,marking  ] GC(13) Concurrent Rebuild Remembered Sets 97.765ms
[2023-01-09T09:51:34.326+0000][7][gc,start    ] GC(13) Pause Cleanup
[2023-01-09T09:51:34.329+0000][7][gc          ] GC(13) Pause Cleanup 70M->70M(512M) 3.767ms
[2023-01-09T09:51:34.331+0000][7][gc,cpu      ] GC(13) User=0.00s Sys=0.00s Real=0.00s
[2023-01-09T09:51:34.332+0000][7][safepoint   ] Safepoint "G1Concurrent", Time since last: 99564125 ns, Reaching safepoint: 18227209 ns, At safepoint: 6442791 ns, Total: 24670000 ns
[2023-01-09T09:51:34.333+0000][7][gc,marking  ] GC(13) Concurrent Cleanup for Next Mark
[2023-01-09T09:51:34.335+0000][7][gc,marking  ] GC(13) Concurrent Cleanup for Next Mark 1.430ms
[2023-01-09T09:51:34.336+0000][7][gc          ] GC(13) Concurrent Cycle 232.521ms
[2023-01-09T09:51:35.160+0000][7][safepoint   ] Safepoint "ICBufferFull", Time since last: 828122626 ns, Reaching safepoint: 215083 ns, At safepoint: 4917 ns, Total: 220000 ns
[2023-01-09T09:51:35.592+0000][7][safepoint   ] Safepoint "ICBufferFull", Time since last: 430982541 ns, Reaching safepoint: 706125 ns, At safepoint: 2417 ns, Total: 708542 ns
[2023-01-09T09:51:36.112+0000][7][safepoint   ] Safepoint "ICBufferFull", Time since last: 519954792 ns, Reaching safepoint: 124083 ns, At safepoint: 7500 ns, Total: 131583 ns
[2023-01-09T09:51:36.130+0000][7][gc,heap,exit] Heap
[2023-01-09T09:51:36.131+0000][7][gc,heap,exit]  garbage-first heap   total 524288K, used 152029K [0x00000000e0000000, 0x0000000100000000)
[2023-01-09T09:51:36.132+0000][7][gc,heap,exit]   region size 1024K, 101 young (103424K), 13 survivors (13312K)
[2023-01-09T09:51:36.132+0000][7][gc,heap,exit]  Metaspace       used 86313K, capacity 89298K, committed 90316K, reserved 1126400K
[2023-01-09T09:51:36.133+0000][7][gc,heap,exit]   class space    used 11406K, capacity 12371K, committed 12492K, reserved 1048576K
