[2023-01-09T09:48:59.006+0000][165][gc] Using G1
[2023-01-09T09:48:59.014+0000][165][gc,init] Version: 15+36-1562 (release)
[2023-01-09T09:48:59.017+0000][165][gc,init] CPUs: 4 total, 4 available
[2023-01-09T09:48:59.018+0000][165][gc,init] Memory: 7951M
[2023-01-09T09:48:59.019+0000][165][gc,init] Large Page Support: Disabled
[2023-01-09T09:48:59.020+0000][165][gc,init] NUMA Support: Disabled
[2023-01-09T09:48:59.021+0000][165][gc,init] Compressed Oops: Enabled (32-bit)
[2023-01-09T09:48:59.021+0000][165][gc,init] Heap Region Size: 1M
[2023-01-09T09:48:59.025+0000][165][gc,init] Heap Min Capacity: 512M
[2023-01-09T09:48:59.025+0000][165][gc,init] Heap Initial Capacity: 512M
[2023-01-09T09:48:59.027+0000][165][gc,init] Heap Max Capacity: 512M
[2023-01-09T09:48:59.027+0000][165][gc,init] Pre-touch: Disabled
[2023-01-09T09:48:59.028+0000][165][gc,init] Parallel Workers: 4
[2023-01-09T09:48:59.029+0000][165][gc,init] Concurrent Workers: 1
[2023-01-09T09:48:59.030+0000][165][gc,init] Concurrent Refinement Workers: 4
[2023-01-09T09:48:59.031+0000][165][gc,init] Periodic GC: Disabled
[2023-01-09T09:48:59.031+0000][165][gc,metaspace] CDS disabled.
[2023-01-09T09:48:59.032+0000][165][gc,metaspace] Compressed class space mapped at: 0x0000000100000000-0x0000000140000000, size: 1073741824
[2023-01-09T09:48:59.033+0000][165][gc,metaspace] Narrow klass base: 0x0000000000000000, Narrow klass shift: 3, Narrow klass range: 0x140000000
[2023-01-09T09:48:59.297+0000][165][gc,heap,exit] Heap
[2023-01-09T09:48:59.299+0000][165][gc,heap,exit]  garbage-first heap   total 524288K, used 1024K [0x00000000e0000000, 0x0000000100000000)
[2023-01-09T09:48:59.300+0000][165][gc,heap,exit]   region size 1024K, 2 young (2048K), 0 survivors (0K)
[2023-01-09T09:48:59.301+0000][165][gc,heap,exit]  Metaspace       used 3325K, capacity 4480K, committed 4480K, reserved 1056768K
[2023-01-09T09:48:59.302+0000][165][gc,heap,exit]   class space    used 278K, capacity 384K, committed 384K, reserved 1048576K
