[2023-01-09T09:51:58.925+0000][7][gc] Using G1
[2023-01-09T09:51:59.057+0000][7][gc,init] Version: 15+36-1562 (release)
[2023-01-09T09:51:59.060+0000][7][gc,init] CPUs: 4 total, 4 available
[2023-01-09T09:51:59.060+0000][7][gc,init] Memory: 7951M
[2023-01-09T09:51:59.061+0000][7][gc,init] Large Page Support: Disabled
[2023-01-09T09:51:59.062+0000][7][gc,init] NUMA Support: Disabled
[2023-01-09T09:51:59.063+0000][7][gc,init] Compressed Oops: Enabled (32-bit)
[2023-01-09T09:51:59.064+0000][7][gc,init] Heap Region Size: 1M
[2023-01-09T09:51:59.065+0000][7][gc,init] Heap Min Capacity: 512M
[2023-01-09T09:51:59.066+0000][7][gc,init] Heap Initial Capacity: 512M
[2023-01-09T09:51:59.067+0000][7][gc,init] Heap Max Capacity: 512M
[2023-01-09T09:51:59.068+0000][7][gc,init] Pre-touch: Enabled
[2023-01-09T09:51:59.068+0000][7][gc,init] Parallel Workers: 4
[2023-01-09T09:51:59.069+0000][7][gc,init] Concurrent Workers: 1
[2023-01-09T09:51:59.070+0000][7][gc,init] Concurrent Refinement Workers: 4
[2023-01-09T09:51:59.071+0000][7][gc,init] Periodic GC: Disabled
[2023-01-09T09:51:59.072+0000][7][gc,metaspace] CDS disabled.
[2023-01-09T09:51:59.072+0000][7][gc,metaspace] Compressed class space mapped at: 0x0000000100000000-0x0000000140000000, size: 1073741824
[2023-01-09T09:51:59.073+0000][7][gc,metaspace] Narrow klass base: 0x0000000000000000, Narrow klass shift: 3, Narrow klass range: 0x140000000
[2023-01-09T09:51:59.306+0000][7][safepoint   ] Safepoint "ICBufferFull", Time since last: 217263125 ns, Reaching safepoint: 141458 ns, At safepoint: 1584 ns, Total: 143042 ns
[2023-01-09T09:51:59.624+0000][7][safepoint   ] Safepoint "ICBufferFull", Time since last: 317996792 ns, Reaching safepoint: 156458 ns, At safepoint: 2042 ns, Total: 158500 ns
[2023-01-09T09:51:59.999+0000][7][safepoint   ] Safepoint "ICBufferFull", Time since last: 370155333 ns, Reaching safepoint: 4744000 ns, At safepoint: 9125 ns, Total: 4753125 ns
[2023-01-09T09:52:00.081+0000][7][gc,start    ] GC(0) Pause Young (Normal) (G1 Evacuation Pause)
[2023-01-09T09:52:00.083+0000][7][gc,task     ] GC(0) Using 4 workers of 4 for evacuation
[2023-01-09T09:52:00.084+0000][7][gc,age      ] GC(0) Desired survivor size 2097152 bytes, new threshold 15 (max threshold 15)
[2023-01-09T09:52:00.109+0000][7][gc,age      ] GC(0) Age table with threshold 15 (max threshold 15)
[2023-01-09T09:52:00.110+0000][7][gc,age      ] GC(0) - age   1:    3896720 bytes,    3896720 total
[2023-01-09T09:52:00.111+0000][7][gc,phases   ] GC(0)   Pre Evacuate Collection Set: 0.2ms
[2023-01-09T09:52:00.112+0000][7][gc,phases   ] GC(0)   Merge Heap Roots: 0.0ms
[2023-01-09T09:52:00.112+0000][7][gc,phases   ] GC(0)   Evacuate Collection Set: 23.8ms
[2023-01-09T09:52:00.113+0000][7][gc,phases   ] GC(0)   Post Evacuate Collection Set: 0.4ms
[2023-01-09T09:52:00.114+0000][7][gc,phases   ] GC(0)   Other: 4.9ms
[2023-01-09T09:52:00.115+0000][7][gc,heap     ] GC(0) Eden regions: 25->0(25)
[2023-01-09T09:52:00.116+0000][7][gc,heap     ] GC(0) Survivor regions: 0->4(4)
[2023-01-09T09:52:00.117+0000][7][gc,heap     ] GC(0) Old regions: 0->0
[2023-01-09T09:52:00.118+0000][7][gc,heap     ] GC(0) Archive regions: 0->0
[2023-01-09T09:52:00.119+0000][7][gc,heap     ] GC(0) Humongous regions: 1->1
[2023-01-09T09:52:00.119+0000][7][gc,metaspace] GC(0) Metaspace: 15580K(16000K)->15580K(16000K) NonClass: 14005K(14336K)->14005K(14336K) Class: 1575K(1664K)->1575K(1664K)
[2023-01-09T09:52:00.120+0000][7][gc          ] GC(0) Pause Young (Normal) (G1 Evacuation Pause) 26M->4M(512M) 38.817ms
[2023-01-09T09:52:00.121+0000][7][gc,cpu      ] GC(0) User=0.02s Sys=0.00s Real=0.04s
[2023-01-09T09:52:00.122+0000][7][safepoint   ] Safepoint "G1CollectForAllocation", Time since last: 82620584 ns, Reaching safepoint: 107875 ns, At safepoint: 40451791 ns, Total: 40559666 ns
[2023-01-09T09:52:00.820+0000][7][safepoint   ] Safepoint "ICBufferFull", Time since last: 697999334 ns, Reaching safepoint: 161583 ns, At safepoint: 1542 ns, Total: 163125 ns
[2023-01-09T09:52:01.224+0000][7][gc,start    ] GC(1) Pause Young (Concurrent Start) (Metadata GC Threshold)
[2023-01-09T09:52:01.226+0000][7][gc,task     ] GC(1) Using 4 workers of 4 for evacuation
[2023-01-09T09:52:01.227+0000][7][gc,age      ] GC(1) Desired survivor size 2097152 bytes, new threshold 1 (max threshold 15)
[2023-01-09T09:52:01.240+0000][7][gc,age      ] GC(1) Age table with threshold 1 (max threshold 15)
[2023-01-09T09:52:01.241+0000][7][gc,age      ] GC(1) - age   1:    2145744 bytes,    2145744 total
[2023-01-09T09:52:01.242+0000][7][gc,phases   ] GC(1)   Pre Evacuate Collection Set: 0.1ms
[2023-01-09T09:52:01.243+0000][7][gc,phases   ] GC(1)   Merge Heap Roots: 0.0ms
[2023-01-09T09:52:01.243+0000][7][gc,phases   ] GC(1)   Evacuate Collection Set: 10.4ms
[2023-01-09T09:52:01.244+0000][7][gc,phases   ] GC(1)   Post Evacuate Collection Set: 0.8ms
[2023-01-09T09:52:01.245+0000][7][gc,phases   ] GC(1)   Other: 6.4ms
[2023-01-09T09:52:01.246+0000][7][gc,heap     ] GC(1) Eden regions: 23->0(34)
[2023-01-09T09:52:01.247+0000][7][gc,heap     ] GC(1) Survivor regions: 4->3(4)
[2023-01-09T09:52:01.248+0000][7][gc,heap     ] GC(1) Old regions: 0->4
[2023-01-09T09:52:01.249+0000][7][gc,heap     ] GC(1) Archive regions: 0->0
[2023-01-09T09:52:01.249+0000][7][gc,heap     ] GC(1) Humongous regions: 1->1
[2023-01-09T09:52:01.251+0000][7][gc,metaspace] GC(1) Metaspace: 20733K(21248K)->20733K(21248K) NonClass: 18509K(18944K)->18509K(18944K) Class: 2224K(2304K)->2224K(2304K)
[2023-01-09T09:52:01.252+0000][7][gc          ] GC(1) Pause Young (Concurrent Start) (Metadata GC Threshold) 27M->7M(512M) 28.019ms
[2023-01-09T09:52:01.253+0000][7][gc,cpu      ] GC(1) User=0.01s Sys=0.00s Real=0.03s
[2023-01-09T09:52:01.254+0000][7][safepoint   ] Safepoint "CollectForMetadataAllocation", Time since last: 404007125 ns, Reaching safepoint: 98250 ns, At safepoint: 30244292 ns, Total: 30342542 ns
[2023-01-09T09:52:01.256+0000][7][gc          ] GC(2) Concurrent Cycle
[2023-01-09T09:52:01.259+0000][7][gc,marking  ] GC(2) Concurrent Clear Claimed Marks
[2023-01-09T09:52:01.262+0000][7][gc,marking  ] GC(2) Concurrent Clear Claimed Marks 2.968ms
[2023-01-09T09:52:01.265+0000][7][gc,marking  ] GC(2) Concurrent Scan Root Regions
[2023-01-09T09:52:01.268+0000][7][gc,marking  ] GC(2) Concurrent Scan Root Regions 2.826ms
[2023-01-09T09:52:01.271+0000][7][gc,marking  ] GC(2) Concurrent Mark (2.359s)
[2023-01-09T09:52:01.272+0000][7][gc,marking  ] GC(2) Concurrent Mark From Roots
[2023-01-09T09:52:01.273+0000][7][gc,task     ] GC(2) Using 1 workers of 1 for marking
[2023-01-09T09:52:01.274+0000][7][gc,marking  ] GC(2) Concurrent Mark From Roots 1.530ms
[2023-01-09T09:52:01.275+0000][7][gc,marking  ] GC(2) Concurrent Preclean
[2023-01-09T09:52:01.276+0000][7][gc,marking  ] GC(2) Concurrent Preclean 0.619ms
[2023-01-09T09:52:01.276+0000][7][gc,marking  ] GC(2) Concurrent Mark (2.359s, 2.364s) 5.195ms
[2023-01-09T09:52:01.283+0000][7][gc,start    ] GC(2) Pause Remark
[2023-01-09T09:52:01.288+0000][7][gc          ] GC(2) Pause Remark 7M->7M(512M) 5.042ms
[2023-01-09T09:52:01.289+0000][7][gc,cpu      ] GC(2) User=0.01s Sys=0.00s Real=0.01s
[2023-01-09T09:52:01.294+0000][7][safepoint   ] Safepoint "G1Concurrent", Time since last: 22888375 ns, Reaching safepoint: 6010416 ns, At safepoint: 10959542 ns, Total: 16969958 ns
[2023-01-09T09:52:01.295+0000][7][gc,marking  ] GC(2) Concurrent Rebuild Remembered Sets
[2023-01-09T09:52:01.298+0000][7][gc,marking  ] GC(2) Concurrent Rebuild Remembered Sets 2.418ms
[2023-01-09T09:52:01.299+0000][7][gc,start    ] GC(2) Pause Cleanup
[2023-01-09T09:52:01.300+0000][7][gc          ] GC(2) Pause Cleanup 8M->8M(512M) 0.868ms
[2023-01-09T09:52:01.301+0000][7][gc,cpu      ] GC(2) User=0.00s Sys=0.00s Real=0.00s
[2023-01-09T09:52:01.302+0000][7][safepoint   ] Safepoint "G1Concurrent", Time since last: 4592542 ns, Reaching safepoint: 304541 ns, At safepoint: 2594542 ns, Total: 2899083 ns
[2023-01-09T09:52:01.303+0000][7][gc,marking  ] GC(2) Concurrent Cleanup for Next Mark
[2023-01-09T09:52:01.304+0000][7][gc,marking  ] GC(2) Concurrent Cleanup for Next Mark 1.330ms
[2023-01-09T09:52:01.305+0000][7][gc          ] GC(2) Concurrent Cycle 49.212ms
[2023-01-09T09:52:01.975+0000][7][safepoint   ] Safepoint "ICBufferFull", Time since last: 672971417 ns, Reaching safepoint: 167792 ns, At safepoint: 2875 ns, Total: 170667 ns
[2023-01-09T09:52:02.022+0000][7][gc,start    ] GC(3) Pause Young (Normal) (G1 Evacuation Pause)
[2023-01-09T09:52:02.024+0000][7][gc,task     ] GC(3) Using 4 workers of 4 for evacuation
[2023-01-09T09:52:02.026+0000][7][gc,age      ] GC(3) Desired survivor size 2621440 bytes, new threshold 15 (max threshold 15)
[2023-01-09T09:52:02.038+0000][7][gc,age      ] GC(3) Age table with threshold 15 (max threshold 15)
[2023-01-09T09:52:02.038+0000][7][gc,age      ] GC(3) - age   1:    3024992 bytes,    3024992 total
[2023-01-09T09:52:02.039+0000][7][gc,age      ] GC(3) - age   2:    2099120 bytes,    5124112 total
[2023-01-09T09:52:02.040+0000][7][gc,phases   ] GC(3)   Pre Evacuate Collection Set: 1.6ms
[2023-01-09T09:52:02.041+0000][7][gc,phases   ] GC(3)   Merge Heap Roots: 0.0ms
[2023-01-09T09:52:02.041+0000][7][gc,phases   ] GC(3)   Evacuate Collection Set: 7.6ms
[2023-01-09T09:52:02.042+0000][7][gc,phases   ] GC(3)   Post Evacuate Collection Set: 0.4ms
[2023-01-09T09:52:02.045+0000][7][gc,phases   ] GC(3)   Other: 7.6ms
[2023-01-09T09:52:02.045+0000][7][gc,heap     ] GC(3) Eden regions: 35->0(189)
[2023-01-09T09:52:02.046+0000][7][gc,heap     ] GC(3) Survivor regions: 3->5(5)
[2023-01-09T09:52:02.047+0000][7][gc,heap     ] GC(3) Old regions: 4->4
[2023-01-09T09:52:02.048+0000][7][gc,heap     ] GC(3) Archive regions: 0->0
[2023-01-09T09:52:02.048+0000][7][gc,heap     ] GC(3) Humongous regions: 1->1
[2023-01-09T09:52:02.049+0000][7][gc,metaspace] GC(3) Metaspace: 22415K(23036K)->22415K(23036K) NonClass: 20005K(20476K)->20005K(20476K) Class: 2410K(2560K)->2410K(2560K)
[2023-01-09T09:52:02.049+0000][7][gc          ] GC(3) Pause Young (Normal) (G1 Evacuation Pause) 42M->9M(512M) 27.035ms
[2023-01-09T09:52:02.050+0000][7][gc,cpu      ] GC(3) User=0.02s Sys=0.00s Real=0.03s
[2023-01-09T09:52:02.051+0000][7][safepoint   ] Safepoint "G1CollectForAllocation", Time since last: 47464416 ns, Reaching safepoint: 131459 ns, At safepoint: 28549541 ns, Total: 28681000 ns
[2023-01-09T09:52:02.160+0000][7][safepoint   ] Safepoint "ICBufferFull", Time since last: 109075251 ns, Reaching safepoint: 184708 ns, At safepoint: 2667 ns, Total: 187375 ns
[2023-01-09T09:52:02.163+0000][7][safepoint   ] Safepoint "ICBufferFull", Time since last: 3092583 ns, Reaching safepoint: 32000 ns, At safepoint: 1292 ns, Total: 33292 ns
[2023-01-09T09:52:02.167+0000][7][safepoint   ] Safepoint "ICBufferFull", Time since last: 2757916 ns, Reaching safepoint: 1099334 ns, At safepoint: 3541 ns, Total: 1102875 ns
[2023-01-09T09:52:02.171+0000][7][safepoint   ] Safepoint "ICBufferFull", Time since last: 3482375 ns, Reaching safepoint: 113834 ns, At safepoint: 1833 ns, Total: 115667 ns
[2023-01-09T09:52:02.181+0000][7][safepoint   ] Safepoint "ICBufferFull", Time since last: 10261167 ns, Reaching safepoint: 426541 ns, At safepoint: 2334 ns, Total: 428875 ns
[2023-01-09T09:52:02.187+0000][7][safepoint   ] Safepoint "ICBufferFull", Time since last: 5855666 ns, Reaching safepoint: 113750 ns, At safepoint: 1875 ns, Total: 115625 ns
[2023-01-09T09:52:02.193+0000][7][safepoint   ] Safepoint "ICBufferFull", Time since last: 5346542 ns, Reaching safepoint: 113250 ns, At safepoint: 1667 ns, Total: 114917 ns
[2023-01-09T09:52:02.195+0000][7][safepoint   ] Safepoint "ICBufferFull", Time since last: 2287750 ns, Reaching safepoint: 127375 ns, At safepoint: 1750 ns, Total: 129125 ns
[2023-01-09T09:52:02.214+0000][7][safepoint   ] Safepoint "ICBufferFull", Time since last: 18258583 ns, Reaching safepoint: 112708 ns, At safepoint: 1834 ns, Total: 114542 ns
[2023-01-09T09:52:02.215+0000][7][safepoint   ] Safepoint "ICBufferFull", Time since last: 1667166 ns, Reaching safepoint: 97625 ns, At safepoint: 1542 ns, Total: 99167 ns
[2023-01-09T09:52:02.217+0000][7][safepoint   ] Safepoint "ICBufferFull", Time since last: 1427000 ns, Reaching safepoint: 100125 ns, At safepoint: 1708 ns, Total: 101833 ns
[2023-01-09T09:52:02.220+0000][7][safepoint   ] Safepoint "ICBufferFull", Time since last: 3074459 ns, Reaching safepoint: 114958 ns, At safepoint: 2000 ns, Total: 116958 ns
[2023-01-09T09:52:02.224+0000][7][safepoint   ] Safepoint "ICBufferFull", Time since last: 3602208 ns, Reaching safepoint: 114667 ns, At safepoint: 1708 ns, Total: 116375 ns
[2023-01-09T09:52:02.225+0000][7][safepoint   ] Safepoint "ICBufferFull", Time since last: 1326375 ns, Reaching safepoint: 101417 ns, At safepoint: 1750 ns, Total: 103167 ns
[2023-01-09T09:52:02.227+0000][7][safepoint   ] Safepoint "ICBufferFull", Time since last: 1860417 ns, Reaching safepoint: 105916 ns, At safepoint: 1584 ns, Total: 107500 ns
[2023-01-09T09:52:02.232+0000][7][safepoint   ] Safepoint "ICBufferFull", Time since last: 4368916 ns, Reaching safepoint: 111875 ns, At safepoint: 1959 ns, Total: 113834 ns
[2023-01-09T09:52:02.234+0000][7][safepoint   ] Safepoint "ICBufferFull", Time since last: 1819875 ns, Reaching safepoint: 100458 ns, At safepoint: 1583 ns, Total: 102041 ns
[2023-01-09T09:52:02.244+0000][7][safepoint   ] Safepoint "ICBufferFull", Time since last: 10496709 ns, Reaching safepoint: 120125 ns, At safepoint: 1958 ns, Total: 122083 ns
[2023-01-09T09:52:02.246+0000][7][safepoint   ] Safepoint "ICBufferFull", Time since last: 2040292 ns, Reaching safepoint: 108500 ns, At safepoint: 1750 ns, Total: 110250 ns
[2023-01-09T09:52:02.248+0000][7][safepoint   ] Safepoint "ICBufferFull", Time since last: 1842708 ns, Reaching safepoint: 102000 ns, At safepoint: 1833 ns, Total: 103833 ns
[2023-01-09T09:52:02.252+0000][7][safepoint   ] Safepoint "ICBufferFull", Time since last: 3176500 ns, Reaching safepoint: 112084 ns, At safepoint: 3083 ns, Total: 115167 ns
[2023-01-09T09:52:02.256+0000][7][safepoint   ] Safepoint "ICBufferFull", Time since last: 3946208 ns, Reaching safepoint: 112334 ns, At safepoint: 1875 ns, Total: 114209 ns
[2023-01-09T09:52:02.258+0000][7][safepoint   ] Safepoint "ICBufferFull", Time since last: 1841833 ns, Reaching safepoint: 110042 ns, At safepoint: 1791 ns, Total: 111833 ns
[2023-01-09T09:52:02.260+0000][7][safepoint   ] Safepoint "ICBufferFull", Time since last: 1834084 ns, Reaching safepoint: 111625 ns, At safepoint: 2041 ns, Total: 113666 ns
[2023-01-09T09:52:02.262+0000][7][safepoint   ] Safepoint "ICBufferFull", Time since last: 1995250 ns, Reaching safepoint: 110667 ns, At safepoint: 1625 ns, Total: 112292 ns
[2023-01-09T09:52:02.264+0000][7][safepoint   ] Safepoint "ICBufferFull", Time since last: 2064917 ns, Reaching safepoint: 108166 ns, At safepoint: 1792 ns, Total: 109958 ns
[2023-01-09T09:52:02.279+0000][7][safepoint   ] Safepoint "ICBufferFull", Time since last: 15260375 ns, Reaching safepoint: 122792 ns, At safepoint: 1833 ns, Total: 124625 ns
[2023-01-09T09:52:02.281+0000][7][safepoint   ] Safepoint "ICBufferFull", Time since last: 1846958 ns, Reaching safepoint: 29292 ns, At safepoint: 1750 ns, Total: 31042 ns
[2023-01-09T09:52:02.283+0000][7][safepoint   ] Safepoint "ICBufferFull", Time since last: 1711042 ns, Reaching safepoint: 108416 ns, At safepoint: 1750 ns, Total: 110166 ns
[2023-01-09T09:52:02.285+0000][7][safepoint   ] Safepoint "ICBufferFull", Time since last: 2054584 ns, Reaching safepoint: 119375 ns, At safepoint: 1791 ns, Total: 121166 ns
[2023-01-09T09:52:02.287+0000][7][safepoint   ] Safepoint "ICBufferFull", Time since last: 1782334 ns, Reaching safepoint: 146333 ns, At safepoint: 2708 ns, Total: 149041 ns
[2023-01-09T09:52:02.289+0000][7][safepoint   ] Safepoint "ICBufferFull", Time since last: 1619459 ns, Reaching safepoint: 102666 ns, At safepoint: 1584 ns, Total: 104250 ns
[2023-01-09T09:52:02.291+0000][7][safepoint   ] Safepoint "ICBufferFull", Time since last: 1729500 ns, Reaching safepoint: 103375 ns, At safepoint: 1666 ns, Total: 105041 ns
[2023-01-09T09:52:02.292+0000][7][safepoint   ] Safepoint "ICBufferFull", Time since last: 1608459 ns, Reaching safepoint: 99541 ns, At safepoint: 1542 ns, Total: 101083 ns
[2023-01-09T09:52:02.295+0000][7][safepoint   ] Safepoint "ICBufferFull", Time since last: 2876125 ns, Reaching safepoint: 107625 ns, At safepoint: 1792 ns, Total: 109417 ns
[2023-01-09T09:52:02.302+0000][7][safepoint   ] Safepoint "ICBufferFull", Time since last: 6388375 ns, Reaching safepoint: 155958 ns, At safepoint: 1500 ns, Total: 157458 ns
[2023-01-09T09:52:02.304+0000][7][safepoint   ] Safepoint "ICBufferFull", Time since last: 1772500 ns, Reaching safepoint: 99875 ns, At safepoint: 1417 ns, Total: 101292 ns
[2023-01-09T09:52:02.318+0000][7][safepoint   ] Safepoint "ICBufferFull", Time since last: 14378500 ns, Reaching safepoint: 122375 ns, At safepoint: 2125 ns, Total: 124500 ns
[2023-01-09T09:52:02.320+0000][7][safepoint   ] Safepoint "ICBufferFull", Time since last: 1320166 ns, Reaching safepoint: 76334 ns, At safepoint: 1541 ns, Total: 77875 ns
[2023-01-09T09:52:02.321+0000][7][safepoint   ] Safepoint "ICBufferFull", Time since last: 1020500 ns, Reaching safepoint: 22750 ns, At safepoint: 1417 ns, Total: 24167 ns
[2023-01-09T09:52:02.322+0000][7][safepoint   ] Safepoint "ICBufferFull", Time since last: 842167 ns, Reaching safepoint: 21791 ns, At safepoint: 1334 ns, Total: 23125 ns
[2023-01-09T09:52:02.323+0000][7][safepoint   ] Safepoint "ICBufferFull", Time since last: 933500 ns, Reaching safepoint: 22708 ns, At safepoint: 1500 ns, Total: 24208 ns
[2023-01-09T09:52:02.324+0000][7][safepoint   ] Safepoint "ICBufferFull", Time since last: 1207333 ns, Reaching safepoint: 22709 ns, At safepoint: 1333 ns, Total: 24042 ns
[2023-01-09T09:52:02.325+0000][7][safepoint   ] Safepoint "ICBufferFull", Time since last: 879875 ns, Reaching safepoint: 21417 ns, At safepoint: 1333 ns, Total: 22750 ns
[2023-01-09T09:52:02.326+0000][7][safepoint   ] Safepoint "ICBufferFull", Time since last: 843917 ns, Reaching safepoint: 21541 ns, At safepoint: 1334 ns, Total: 22875 ns
[2023-01-09T09:52:02.327+0000][7][safepoint   ] Safepoint "ICBufferFull", Time since last: 1075750 ns, Reaching safepoint: 23000 ns, At safepoint: 1291 ns, Total: 24291 ns
[2023-01-09T09:52:02.328+0000][7][safepoint   ] Safepoint "ICBufferFull", Time since last: 1238667 ns, Reaching safepoint: 23000 ns, At safepoint: 1458 ns, Total: 24458 ns
[2023-01-09T09:52:02.330+0000][7][safepoint   ] Safepoint "ICBufferFull", Time since last: 1878709 ns, Reaching safepoint: 30916 ns, At safepoint: 1709 ns, Total: 32625 ns
[2023-01-09T09:52:02.331+0000][7][safepoint   ] Safepoint "ICBufferFull", Time since last: 821291 ns, Reaching safepoint: 20667 ns, At safepoint: 1292 ns, Total: 21959 ns
[2023-01-09T09:52:02.331+0000][7][safepoint   ] Safepoint "ICBufferFull", Time since last: 761333 ns, Reaching safepoint: 20250 ns, At safepoint: 1292 ns, Total: 21542 ns
[2023-01-09T09:52:02.332+0000][7][safepoint   ] Safepoint "ICBufferFull", Time since last: 867125 ns, Reaching safepoint: 21416 ns, At safepoint: 1292 ns, Total: 22708 ns
[2023-01-09T09:52:02.334+0000][7][safepoint   ] Safepoint "ICBufferFull", Time since last: 1391958 ns, Reaching safepoint: 24209 ns, At safepoint: 1375 ns, Total: 25584 ns
[2023-01-09T09:52:02.335+0000][7][safepoint   ] Safepoint "ICBufferFull", Time since last: 1201208 ns, Reaching safepoint: 23125 ns, At safepoint: 1333 ns, Total: 24458 ns
[2023-01-09T09:52:02.336+0000][7][safepoint   ] Safepoint "ICBufferFull", Time since last: 1165500 ns, Reaching safepoint: 28250 ns, At safepoint: 1500 ns, Total: 29750 ns
[2023-01-09T09:52:02.337+0000][7][safepoint   ] Safepoint "ICBufferFull", Time since last: 731709 ns, Reaching safepoint: 21083 ns, At safepoint: 1375 ns, Total: 22458 ns
[2023-01-09T09:52:02.338+0000][7][safepoint   ] Safepoint "ICBufferFull", Time since last: 703375 ns, Reaching safepoint: 22500 ns, At safepoint: 1375 ns, Total: 23875 ns
[2023-01-09T09:52:02.339+0000][7][safepoint   ] Safepoint "ICBufferFull", Time since last: 1207000 ns, Reaching safepoint: 24667 ns, At safepoint: 1416 ns, Total: 26083 ns
[2023-01-09T09:52:02.343+0000][7][safepoint   ] Safepoint "ICBufferFull", Time since last: 4470959 ns, Reaching safepoint: 36208 ns, At safepoint: 2042 ns, Total: 38250 ns
[2023-01-09T09:52:02.344+0000][7][safepoint   ] Safepoint "ICBufferFull", Time since last: 986666 ns, Reaching safepoint: 21834 ns, At safepoint: 1375 ns, Total: 23209 ns
[2023-01-09T09:52:02.346+0000][7][safepoint   ] Safepoint "ICBufferFull", Time since last: 1499500 ns, Reaching safepoint: 22208 ns, At safepoint: 1417 ns, Total: 23625 ns
[2023-01-09T09:52:02.347+0000][7][safepoint   ] Safepoint "ICBufferFull", Time since last: 1047625 ns, Reaching safepoint: 24041 ns, At safepoint: 1334 ns, Total: 25375 ns
[2023-01-09T09:52:02.348+0000][7][safepoint   ] Safepoint "ICBufferFull", Time since last: 828791 ns, Reaching safepoint: 20542 ns, At safepoint: 1292 ns, Total: 21834 ns
[2023-01-09T09:52:02.349+0000][7][safepoint   ] Safepoint "ICBufferFull", Time since last: 922375 ns, Reaching safepoint: 21875 ns, At safepoint: 1291 ns, Total: 23166 ns
[2023-01-09T09:52:02.350+0000][7][safepoint   ] Safepoint "ICBufferFull", Time since last: 998792 ns, Reaching safepoint: 99042 ns, At safepoint: 1416 ns, Total: 100458 ns
[2023-01-09T09:52:02.351+0000][7][safepoint   ] Safepoint "ICBufferFull", Time since last: 1288417 ns, Reaching safepoint: 23417 ns, At safepoint: 1375 ns, Total: 24792 ns
[2023-01-09T09:52:02.353+0000][7][safepoint   ] Safepoint "ICBufferFull", Time since last: 1411958 ns, Reaching safepoint: 25375 ns, At safepoint: 1375 ns, Total: 26750 ns
[2023-01-09T09:52:02.354+0000][7][safepoint   ] Safepoint "ICBufferFull", Time since last: 1366125 ns, Reaching safepoint: 29042 ns, At safepoint: 1708 ns, Total: 30750 ns
[2023-01-09T09:52:02.355+0000][7][safepoint   ] Safepoint "ICBufferFull", Time since last: 854875 ns, Reaching safepoint: 24042 ns, At safepoint: 1333 ns, Total: 25375 ns
[2023-01-09T09:52:02.356+0000][7][safepoint   ] Safepoint "ICBufferFull", Time since last: 887000 ns, Reaching safepoint: 20625 ns, At safepoint: 1250 ns, Total: 21875 ns
[2023-01-09T09:52:02.357+0000][7][safepoint   ] Safepoint "ICBufferFull", Time since last: 730000 ns, Reaching safepoint: 22542 ns, At safepoint: 1291 ns, Total: 23833 ns
[2023-01-09T09:52:02.358+0000][7][safepoint   ] Safepoint "ICBufferFull", Time since last: 899209 ns, Reaching safepoint: 23708 ns, At safepoint: 1458 ns, Total: 25166 ns
[2023-01-09T09:52:02.358+0000][7][safepoint   ] Safepoint "ICBufferFull", Time since last: 904625 ns, Reaching safepoint: 22709 ns, At safepoint: 1250 ns, Total: 23959 ns
[2023-01-09T09:52:02.361+0000][7][safepoint   ] Safepoint "ICBufferFull", Time since last: 2790583 ns, Reaching safepoint: 34208 ns, At safepoint: 1667 ns, Total: 35875 ns
[2023-01-09T09:52:02.364+0000][7][safepoint   ] Safepoint "ICBufferFull", Time since last: 2717333 ns, Reaching safepoint: 33417 ns, At safepoint: 1458 ns, Total: 34875 ns
[2023-01-09T09:52:02.366+0000][7][safepoint   ] Safepoint "ICBufferFull", Time since last: 1677750 ns, Reaching safepoint: 105209 ns, At safepoint: 1750 ns, Total: 106959 ns
[2023-01-09T09:52:02.368+0000][7][safepoint   ] Safepoint "ICBufferFull", Time since last: 2034500 ns, Reaching safepoint: 110333 ns, At safepoint: 1917 ns, Total: 112250 ns
[2023-01-09T09:52:02.371+0000][7][safepoint   ] Safepoint "ICBufferFull", Time since last: 2579583 ns, Reaching safepoint: 109750 ns, At safepoint: 1792 ns, Total: 111542 ns
[2023-01-09T09:52:02.375+0000][7][safepoint   ] Safepoint "ICBufferFull", Time since last: 3866166 ns, Reaching safepoint: 109334 ns, At safepoint: 3000 ns, Total: 112334 ns
[2023-01-09T09:52:02.379+0000][7][safepoint   ] Safepoint "ICBufferFull", Time since last: 2062833 ns, Reaching safepoint: 2163458 ns, At safepoint: 4459 ns, Total: 2167917 ns
[2023-01-09T09:52:02.427+0000][7][safepoint   ] Safepoint "ICBufferFull", Time since last: 47551291 ns, Reaching safepoint: 115000 ns, At safepoint: 1792 ns, Total: 116792 ns
[2023-01-09T09:52:02.436+0000][7][safepoint   ] Safepoint "ICBufferFull", Time since last: 9708375 ns, Reaching safepoint: 114875 ns, At safepoint: 2667 ns, Total: 117542 ns
[2023-01-09T09:52:02.438+0000][7][safepoint   ] Safepoint "ICBufferFull", Time since last: 1182708 ns, Reaching safepoint: 99417 ns, At safepoint: 1583 ns, Total: 101000 ns
[2023-01-09T09:52:02.439+0000][7][safepoint   ] Safepoint "ICBufferFull", Time since last: 831750 ns, Reaching safepoint: 96167 ns, At safepoint: 1291 ns, Total: 97458 ns
[2023-01-09T09:52:02.443+0000][7][safepoint   ] Safepoint "ICBufferFull", Time since last: 3967042 ns, Reaching safepoint: 104667 ns, At safepoint: 1666 ns, Total: 106333 ns
[2023-01-09T09:52:02.444+0000][7][safepoint   ] Safepoint "ICBufferFull", Time since last: 1342709 ns, Reaching safepoint: 118375 ns, At safepoint: 1750 ns, Total: 120125 ns
[2023-01-09T09:52:02.446+0000][7][safepoint   ] Safepoint "ICBufferFull", Time since last: 1476125 ns, Reaching safepoint: 101333 ns, At safepoint: 1583 ns, Total: 102916 ns
[2023-01-09T09:52:02.447+0000][7][safepoint   ] Safepoint "ICBufferFull", Time since last: 1531584 ns, Reaching safepoint: 104625 ns, At safepoint: 1583 ns, Total: 106208 ns
[2023-01-09T09:52:02.449+0000][7][safepoint   ] Safepoint "ICBufferFull", Time since last: 1623125 ns, Reaching safepoint: 110333 ns, At safepoint: 1917 ns, Total: 112250 ns
[2023-01-09T09:52:02.450+0000][7][safepoint   ] Safepoint "ICBufferFull", Time since last: 1146250 ns, Reaching safepoint: 128083 ns, At safepoint: 1667 ns, Total: 129750 ns
[2023-01-09T09:52:02.452+0000][7][safepoint   ] Safepoint "ICBufferFull", Time since last: 1299375 ns, Reaching safepoint: 98250 ns, At safepoint: 1458 ns, Total: 99708 ns
[2023-01-09T09:52:02.453+0000][7][safepoint   ] Safepoint "ICBufferFull", Time since last: 1319709 ns, Reaching safepoint: 106250 ns, At safepoint: 2000 ns, Total: 108250 ns
[2023-01-09T09:52:02.455+0000][7][safepoint   ] Safepoint "ICBufferFull", Time since last: 1644125 ns, Reaching safepoint: 103958 ns, At safepoint: 1958 ns, Total: 105916 ns
[2023-01-09T09:52:02.456+0000][7][safepoint   ] Safepoint "ICBufferFull", Time since last: 1349042 ns, Reaching safepoint: 100708 ns, At safepoint: 1709 ns, Total: 102417 ns
[2023-01-09T09:52:02.458+0000][7][safepoint   ] Safepoint "ICBufferFull", Time since last: 1299375 ns, Reaching safepoint: 99333 ns, At safepoint: 1708 ns, Total: 101041 ns
[2023-01-09T09:52:02.459+0000][7][safepoint   ] Safepoint "ICBufferFull", Time since last: 1017417 ns, Reaching safepoint: 101833 ns, At safepoint: 1709 ns, Total: 103542 ns
[2023-01-09T09:52:02.460+0000][7][safepoint   ] Safepoint "ICBufferFull", Time since last: 908125 ns, Reaching safepoint: 99291 ns, At safepoint: 1834 ns, Total: 101125 ns
[2023-01-09T09:52:02.461+0000][7][safepoint   ] Safepoint "ICBufferFull", Time since last: 855833 ns, Reaching safepoint: 205917 ns, At safepoint: 2125 ns, Total: 208042 ns
[2023-01-09T09:52:02.463+0000][7][safepoint   ] Safepoint "ICBufferFull", Time since last: 1491791 ns, Reaching safepoint: 28250 ns, At safepoint: 1750 ns, Total: 30000 ns
[2023-01-09T09:52:02.464+0000][7][safepoint   ] Safepoint "ICBufferFull", Time since last: 1446042 ns, Reaching safepoint: 24708 ns, At safepoint: 1542 ns, Total: 26250 ns
[2023-01-09T09:52:02.466+0000][7][safepoint   ] Safepoint "ICBufferFull", Time since last: 1534333 ns, Reaching safepoint: 31667 ns, At safepoint: 1375 ns, Total: 33042 ns
[2023-01-09T09:52:02.467+0000][7][safepoint   ] Safepoint "ICBufferFull", Time since last: 922583 ns, Reaching safepoint: 25875 ns, At safepoint: 1375 ns, Total: 27250 ns
[2023-01-09T09:52:02.468+0000][7][safepoint   ] Safepoint "ICBufferFull", Time since last: 1157084 ns, Reaching safepoint: 31291 ns, At safepoint: 1500 ns, Total: 32791 ns
[2023-01-09T09:52:02.469+0000][7][safepoint   ] Safepoint "ICBufferFull", Time since last: 1252834 ns, Reaching safepoint: 27000 ns, At safepoint: 1541 ns, Total: 28541 ns
[2023-01-09T09:52:02.470+0000][7][safepoint   ] Safepoint "ICBufferFull", Time since last: 1270917 ns, Reaching safepoint: 24375 ns, At safepoint: 1292 ns, Total: 25667 ns
[2023-01-09T09:52:02.472+0000][7][safepoint   ] Safepoint "ICBufferFull", Time since last: 1263333 ns, Reaching safepoint: 24792 ns, At safepoint: 1500 ns, Total: 26292 ns
[2023-01-09T09:52:02.473+0000][7][safepoint   ] Safepoint "ICBufferFull", Time since last: 1301416 ns, Reaching safepoint: 23584 ns, At safepoint: 1458 ns, Total: 25042 ns
[2023-01-09T09:52:02.475+0000][7][safepoint   ] Safepoint "ICBufferFull", Time since last: 1879208 ns, Reaching safepoint: 27375 ns, At safepoint: 1334 ns, Total: 28709 ns
[2023-01-09T09:52:02.476+0000][7][safepoint   ] Safepoint "ICBufferFull", Time since last: 785583 ns, Reaching safepoint: 21792 ns, At safepoint: 1333 ns, Total: 23125 ns
[2023-01-09T09:52:02.477+0000][7][safepoint   ] Safepoint "ICBufferFull", Time since last: 1274167 ns, Reaching safepoint: 22541 ns, At safepoint: 1292 ns, Total: 23833 ns
[2023-01-09T09:52:02.478+0000][7][safepoint   ] Safepoint "ICBufferFull", Time since last: 1283625 ns, Reaching safepoint: 26042 ns, At safepoint: 1458 ns, Total: 27500 ns
[2023-01-09T09:52:02.480+0000][7][safepoint   ] Safepoint "ICBufferFull", Time since last: 1325875 ns, Reaching safepoint: 22625 ns, At safepoint: 1417 ns, Total: 24042 ns
[2023-01-09T09:52:02.481+0000][7][safepoint   ] Safepoint "ICBufferFull", Time since last: 1253458 ns, Reaching safepoint: 22708 ns, At safepoint: 1459 ns, Total: 24167 ns
[2023-01-09T09:52:02.482+0000][7][safepoint   ] Safepoint "ICBufferFull", Time since last: 743416 ns, Reaching safepoint: 22584 ns, At safepoint: 1208 ns, Total: 23792 ns
[2023-01-09T09:52:02.483+0000][7][safepoint   ] Safepoint "ICBufferFull", Time since last: 1357583 ns, Reaching safepoint: 25250 ns, At safepoint: 1500 ns, Total: 26750 ns
[2023-01-09T09:52:02.484+0000][7][safepoint   ] Safepoint "ICBufferFull", Time since last: 1320209 ns, Reaching safepoint: 24791 ns, At safepoint: 1542 ns, Total: 26333 ns
[2023-01-09T09:52:02.486+0000][7][safepoint   ] Safepoint "ICBufferFull", Time since last: 1956958 ns, Reaching safepoint: 33417 ns, At safepoint: 1625 ns, Total: 35042 ns
[2023-01-09T09:52:02.487+0000][7][safepoint   ] Safepoint "ICBufferFull", Time since last: 1111042 ns, Reaching safepoint: 24500 ns, At safepoint: 1458 ns, Total: 25958 ns
[2023-01-09T09:52:02.489+0000][7][safepoint   ] Safepoint "ICBufferFull", Time since last: 1418875 ns, Reaching safepoint: 33667 ns, At safepoint: 1750 ns, Total: 35417 ns
[2023-01-09T09:52:02.532+0000][7][safepoint   ] Safepoint "ICBufferFull", Time since last: 43396333 ns, Reaching safepoint: 107250 ns, At safepoint: 1708 ns, Total: 108958 ns
[2023-01-09T09:52:03.104+0000][7][safepoint   ] Safepoint "ICBufferFull", Time since last: 571844042 ns, Reaching safepoint: 185625 ns, At safepoint: 1917 ns, Total: 187542 ns
[2023-01-09T09:52:03.273+0000][7][gc,start    ] GC(4) Pause Young (Normal) (G1 Evacuation Pause)
[2023-01-09T09:52:03.274+0000][7][gc,task     ] GC(4) Using 4 workers of 4 for evacuation
[2023-01-09T09:52:03.276+0000][7][gc,age      ] GC(4) Desired survivor size 13107200 bytes, new threshold 15 (max threshold 15)
[2023-01-09T09:52:03.291+0000][7][gc,age      ] GC(4) Age table with threshold 15 (max threshold 15)
[2023-01-09T09:52:03.292+0000][7][gc,age      ] GC(4) - age   1:    5591120 bytes,    5591120 total
[2023-01-09T09:52:03.293+0000][7][gc,age      ] GC(4) - age   2:    1153064 bytes,    6744184 total
[2023-01-09T09:52:03.293+0000][7][gc,age      ] GC(4) - age   3:    2084744 bytes,    8828928 total
[2023-01-09T09:52:03.294+0000][7][gc,phases   ] GC(4)   Pre Evacuate Collection Set: 0.1ms
[2023-01-09T09:52:03.295+0000][7][gc,phases   ] GC(4)   Merge Heap Roots: 0.0ms
[2023-01-09T09:52:03.296+0000][7][gc,phases   ] GC(4)   Evacuate Collection Set: 13.6ms
[2023-01-09T09:52:03.296+0000][7][gc,phases   ] GC(4)   Post Evacuate Collection Set: 0.6ms
[2023-01-09T09:52:03.297+0000][7][gc,phases   ] GC(4)   Other: 7.0ms
[2023-01-09T09:52:03.298+0000][7][gc,heap     ] GC(4) Eden regions: 189->0(298)
[2023-01-09T09:52:03.298+0000][7][gc,heap     ] GC(4) Survivor regions: 5->9(25)
[2023-01-09T09:52:03.299+0000][7][gc,heap     ] GC(4) Old regions: 4->4
[2023-01-09T09:52:03.300+0000][7][gc,heap     ] GC(4) Archive regions: 0->0
[2023-01-09T09:52:03.300+0000][7][gc,heap     ] GC(4) Humongous regions: 2->1
[2023-01-09T09:52:03.301+0000][7][gc,metaspace] GC(4) Metaspace: 25804K(26620K)->25804K(26620K) NonClass: 22923K(23548K)->22923K(23548K) Class: 2880K(3072K)->2880K(3072K)
[2023-01-09T09:52:03.302+0000][7][gc          ] GC(4) Pause Young (Normal) (G1 Evacuation Pause) 199M->13M(512M) 29.075ms
[2023-01-09T09:52:03.303+0000][7][gc,cpu      ] GC(4) User=0.01s Sys=0.00s Real=0.03s
[2023-01-09T09:52:03.304+0000][7][safepoint   ] Safepoint "G1CollectForAllocation", Time since last: 168263125 ns, Reaching safepoint: 171542 ns, At safepoint: 30602916 ns, Total: 30774458 ns
[2023-01-09T09:52:04.097+0000][7][safepoint   ] Safepoint "ICBufferFull", Time since last: 788213209 ns, Reaching safepoint: 5459083 ns, At safepoint: 6000 ns, Total: 5465083 ns
[2023-01-09T09:52:04.310+0000][7][gc,start    ] GC(5) Pause Young (Normal) (G1 Evacuation Pause)
[2023-01-09T09:52:04.313+0000][7][gc,task     ] GC(5) Using 4 workers of 4 for evacuation
[2023-01-09T09:52:04.314+0000][7][gc,age      ] GC(5) Desired survivor size 20447232 bytes, new threshold 15 (max threshold 15)
[2023-01-09T09:52:04.341+0000][7][gc,age      ] GC(5) Age table with threshold 15 (max threshold 15)
[2023-01-09T09:52:04.344+0000][7][gc,age      ] GC(5) - age   1:    5205352 bytes,    5205352 total
[2023-01-09T09:52:04.345+0000][7][gc,age      ] GC(5) - age   2:    4317744 bytes,    9523096 total
[2023-01-09T09:52:04.346+0000][7][gc,age      ] GC(5) - age   3:    1152888 bytes,   10675984 total
[2023-01-09T09:52:04.347+0000][7][gc,age      ] GC(5) - age   4:    2084744 bytes,   12760728 total
[2023-01-09T09:52:04.349+0000][7][gc,phases   ] GC(5)   Pre Evacuate Collection Set: 0.1ms
[2023-01-09T09:52:04.350+0000][7][gc,phases   ] GC(5)   Merge Heap Roots: 0.1ms
[2023-01-09T09:52:04.352+0000][7][gc,phases   ] GC(5)   Evacuate Collection Set: 19.2ms
[2023-01-09T09:52:04.353+0000][7][gc,phases   ] GC(5)   Post Evacuate Collection Set: 0.8ms
[2023-01-09T09:52:04.354+0000][7][gc,phases   ] GC(5)   Other: 18.2ms
[2023-01-09T09:52:04.355+0000][7][gc,heap     ] GC(5) Eden regions: 298->0(294)
[2023-01-09T09:52:04.359+0000][7][gc,heap     ] GC(5) Survivor regions: 9->13(39)
[2023-01-09T09:52:04.360+0000][7][gc,heap     ] GC(5) Old regions: 4->4
[2023-01-09T09:52:04.361+0000][7][gc,heap     ] GC(5) Archive regions: 0->0
[2023-01-09T09:52:04.362+0000][7][gc,heap     ] GC(5) Humongous regions: 1->1
[2023-01-09T09:52:04.362+0000][7][gc,metaspace] GC(5) Metaspace: 27518K(28412K)->27518K(28412K) NonClass: 24446K(25084K)->24446K(25084K) Class: 3071K(3328K)->3071K(3328K)
[2023-01-09T09:52:04.363+0000][7][gc          ] GC(5) Pause Young (Normal) (G1 Evacuation Pause) 311M->17M(512M) 52.905ms
[2023-01-09T09:52:04.364+0000][7][gc,cpu      ] GC(5) User=0.03s Sys=0.01s Real=0.05s
[2023-01-09T09:52:04.366+0000][7][safepoint   ] Safepoint "G1CollectForAllocation", Time since last: 213109459 ns, Reaching safepoint: 133417 ns, At safepoint: 55847875 ns, Total: 55981292 ns
[2023-01-09T09:52:05.169+0000][7][gc,start    ] GC(6) Pause Young (Normal) (G1 Evacuation Pause)
[2023-01-09T09:52:05.171+0000][7][gc,task     ] GC(6) Using 4 workers of 4 for evacuation
[2023-01-09T09:52:05.172+0000][7][gc,age      ] GC(6) Desired survivor size 20447232 bytes, new threshold 15 (max threshold 15)
[2023-01-09T09:52:05.199+0000][7][gc,age      ] GC(6) Age table with threshold 15 (max threshold 15)
[2023-01-09T09:52:05.201+0000][7][gc,age      ] GC(6) - age   1:     941080 bytes,     941080 total
[2023-01-09T09:52:05.201+0000][7][gc,age      ] GC(6) - age   2:    3281120 bytes,    4222200 total
[2023-01-09T09:52:05.202+0000][7][gc,age      ] GC(6) - age   3:    4313440 bytes,    8535640 total
[2023-01-09T09:52:05.203+0000][7][gc,age      ] GC(6) - age   4:    1152744 bytes,    9688384 total
[2023-01-09T09:52:05.204+0000][7][gc,age      ] GC(6) - age   5:    2084744 bytes,   11773128 total
[2023-01-09T09:52:05.205+0000][7][gc,phases   ] GC(6)   Pre Evacuate Collection Set: 0.1ms
[2023-01-09T09:52:05.206+0000][7][gc,phases   ] GC(6)   Merge Heap Roots: 1.7ms
[2023-01-09T09:52:05.206+0000][7][gc,phases   ] GC(6)   Evacuate Collection Set: 17.6ms
[2023-01-09T09:52:05.207+0000][7][gc,phases   ] GC(6)   Post Evacuate Collection Set: 6.4ms
[2023-01-09T09:52:05.208+0000][7][gc,phases   ] GC(6)   Other: 10.1ms
[2023-01-09T09:52:05.210+0000][7][gc,heap     ] GC(6) Eden regions: 294->0(295)
[2023-01-09T09:52:05.211+0000][7][gc,heap     ] GC(6) Survivor regions: 13->12(39)
[2023-01-09T09:52:05.212+0000][7][gc,heap     ] GC(6) Old regions: 4->4
[2023-01-09T09:52:05.213+0000][7][gc,heap     ] GC(6) Archive regions: 0->0
[2023-01-09T09:52:05.214+0000][7][gc,heap     ] GC(6) Humongous regions: 1->1
[2023-01-09T09:52:05.215+0000][7][gc,metaspace] GC(6) Metaspace: 27895K(29052K)->27895K(29052K) NonClass: 24753K(25596K)->24753K(25596K) Class: 3141K(3456K)->3141K(3456K)
[2023-01-09T09:52:05.216+0000][7][gc          ] GC(6) Pause Young (Normal) (G1 Evacuation Pause) 311M->16M(512M) 46.944ms
[2023-01-09T09:52:05.216+0000][7][gc,cpu      ] GC(6) User=0.01s Sys=0.01s Real=0.05s
[2023-01-09T09:52:05.217+0000][7][safepoint   ] Safepoint "G1CollectForAllocation", Time since last: 800133375 ns, Reaching safepoint: 2445333 ns, At safepoint: 48523917 ns, Total: 50969250 ns
[2023-01-09T09:52:05.720+0000][7][gc,start    ] GC(7) Pause Young (Normal) (G1 Evacuation Pause)
[2023-01-09T09:52:05.722+0000][7][gc,task     ] GC(7) Using 4 workers of 4 for evacuation
[2023-01-09T09:52:05.724+0000][7][gc,age      ] GC(7) Desired survivor size 20447232 bytes, new threshold 15 (max threshold 15)
[2023-01-09T09:52:05.748+0000][7][gc,age      ] GC(7) Age table with threshold 15 (max threshold 15)
[2023-01-09T09:52:05.752+0000][7][gc,age      ] GC(7) - age   1:    2863000 bytes,    2863000 total
[2023-01-09T09:52:05.753+0000][7][gc,age      ] GC(7) - age   2:     648432 bytes,    3511432 total
[2023-01-09T09:52:05.754+0000][7][gc,age      ] GC(7) - age   3:    3279344 bytes,    6790776 total
[2023-01-09T09:52:05.755+0000][7][gc,age      ] GC(7) - age   4:    4313000 bytes,   11103776 total
[2023-01-09T09:52:05.756+0000][7][gc,age      ] GC(7) - age   5:    1152744 bytes,   12256520 total
[2023-01-09T09:52:05.757+0000][7][gc,age      ] GC(7) - age   6:    2084744 bytes,   14341264 total
[2023-01-09T09:52:05.758+0000][7][gc,phases   ] GC(7)   Pre Evacuate Collection Set: 0.1ms
[2023-01-09T09:52:05.760+0000][7][gc,phases   ] GC(7)   Merge Heap Roots: 0.1ms
[2023-01-09T09:52:05.761+0000][7][gc,phases   ] GC(7)   Evacuate Collection Set: 21.7ms
[2023-01-09T09:52:05.762+0000][7][gc,phases   ] GC(7)   Post Evacuate Collection Set: 0.6ms
[2023-01-09T09:52:05.763+0000][7][gc,phases   ] GC(7)   Other: 16.3ms
[2023-01-09T09:52:05.764+0000][7][gc,heap     ] GC(7) Eden regions: 295->0(292)
[2023-01-09T09:52:05.765+0000][7][gc,heap     ] GC(7) Survivor regions: 12->15(39)
[2023-01-09T09:52:05.766+0000][7][gc,heap     ] GC(7) Old regions: 4->4
[2023-01-09T09:52:05.767+0000][7][gc,heap     ] GC(7) Archive regions: 0->0
[2023-01-09T09:52:05.767+0000][7][gc,heap     ] GC(7) Humongous regions: 1->1
[2023-01-09T09:52:05.768+0000][7][gc,metaspace] GC(7) Metaspace: 28411K(29692K)->28411K(29692K) NonClass: 25190K(26108K)->25190K(26108K) Class: 3220K(3584K)->3220K(3584K)
[2023-01-09T09:52:05.769+0000][7][gc          ] GC(7) Pause Young (Normal) (G1 Evacuation Pause) 311M->19M(512M) 49.337ms
[2023-01-09T09:52:05.770+0000][7][gc,cpu      ] GC(7) User=0.03s Sys=0.00s Real=0.05s
[2023-01-09T09:52:05.771+0000][7][safepoint   ] Safepoint "G1CollectForAllocation", Time since last: 502194584 ns, Reaching safepoint: 156208 ns, At safepoint: 50899542 ns, Total: 51055750 ns
[2023-01-09T09:52:06.504+0000][7][safepoint   ] Safepoint "ICBufferFull", Time since last: 732571500 ns, Reaching safepoint: 1210333 ns, At safepoint: 5792 ns, Total: 1216125 ns
[2023-01-09T09:52:06.710+0000][7][gc,start    ] GC(8) Pause Young (Concurrent Start) (Metadata GC Threshold)
[2023-01-09T09:52:06.718+0000][7][gc,task     ] GC(8) Using 4 workers of 4 for evacuation
[2023-01-09T09:52:06.719+0000][7][gc,age      ] GC(8) Desired survivor size 20447232 bytes, new threshold 15 (max threshold 15)
[2023-01-09T09:52:06.749+0000][7][gc,age      ] GC(8) Age table with threshold 15 (max threshold 15)
[2023-01-09T09:52:06.750+0000][7][gc,age      ] GC(8) - age   1:    2266000 bytes,    2266000 total
[2023-01-09T09:52:06.752+0000][7][gc,age      ] GC(8) - age   2:    2257984 bytes,    4523984 total
[2023-01-09T09:52:06.754+0000][7][gc,age      ] GC(8) - age   3:     632024 bytes,    5156008 total
[2023-01-09T09:52:06.754+0000][7][gc,age      ] GC(8) - age   4:    3263800 bytes,    8419808 total
[2023-01-09T09:52:06.755+0000][7][gc,age      ] GC(8) - age   5:    4299880 bytes,   12719688 total
[2023-01-09T09:52:06.756+0000][7][gc,age      ] GC(8) - age   6:    1122424 bytes,   13842112 total
[2023-01-09T09:52:06.757+0000][7][gc,age      ] GC(8) - age   7:    2081848 bytes,   15923960 total
[2023-01-09T09:52:06.758+0000][7][gc,phases   ] GC(8)   Pre Evacuate Collection Set: 0.5ms
[2023-01-09T09:52:06.758+0000][7][gc,phases   ] GC(8)   Merge Heap Roots: 0.0ms
[2023-01-09T09:52:06.760+0000][7][gc,phases   ] GC(8)   Evacuate Collection Set: 18.3ms
[2023-01-09T09:52:06.761+0000][7][gc,phases   ] GC(8)   Post Evacuate Collection Set: 10.8ms
[2023-01-09T09:52:06.762+0000][7][gc,phases   ] GC(8)   Other: 17.8ms
[2023-01-09T09:52:06.763+0000][7][gc,heap     ] GC(8) Eden regions: 120->0(290)
[2023-01-09T09:52:06.764+0000][7][gc,heap     ] GC(8) Survivor regions: 15->17(39)
[2023-01-09T09:52:06.764+0000][7][gc,heap     ] GC(8) Old regions: 4->4
[2023-01-09T09:52:06.765+0000][7][gc,heap     ] GC(8) Archive regions: 0->0
[2023-01-09T09:52:06.766+0000][7][gc,heap     ] GC(8) Humongous regions: 1->1
[2023-01-09T09:52:06.767+0000][7][gc,metaspace] GC(8) Metaspace: 34338K(36048K)->34338K(36048K) NonClass: 30352K(31696K)->30352K(31696K) Class: 3985K(4352K)->3985K(4352K)
[2023-01-09T09:52:06.768+0000][7][gc          ] GC(8) Pause Young (Concurrent Start) (Metadata GC Threshold) 139M->21M(512M) 58.040ms
[2023-01-09T09:52:06.769+0000][7][gc,cpu      ] GC(8) User=0.02s Sys=0.00s Real=0.06s
[2023-01-09T09:52:06.770+0000][7][safepoint   ] Safepoint "CollectForMetadataAllocation", Time since last: 205691500 ns, Reaching safepoint: 190792 ns, At safepoint: 60046250 ns, Total: 60237042 ns
[2023-01-09T09:52:06.770+0000][7][gc          ] GC(9) Concurrent Cycle
[2023-01-09T09:52:06.772+0000][7][gc,marking  ] GC(9) Concurrent Clear Claimed Marks
[2023-01-09T09:52:06.774+0000][7][gc,marking  ] GC(9) Concurrent Clear Claimed Marks 1.115ms
[2023-01-09T09:52:06.775+0000][7][gc,marking  ] GC(9) Concurrent Scan Root Regions
[2023-01-09T09:52:06.780+0000][7][gc,marking  ] GC(9) Concurrent Scan Root Regions 5.117ms
[2023-01-09T09:52:06.784+0000][7][gc,marking  ] GC(9) Concurrent Mark (7.872s)
[2023-01-09T09:52:06.786+0000][7][gc,marking  ] GC(9) Concurrent Mark From Roots
[2023-01-09T09:52:06.786+0000][7][gc,task     ] GC(9) Using 1 workers of 1 for marking
[2023-01-09T09:52:06.790+0000][7][gc,marking  ] GC(9) Concurrent Mark From Roots 4.235ms
[2023-01-09T09:52:06.792+0000][7][gc,marking  ] GC(9) Concurrent Preclean
[2023-01-09T09:52:06.792+0000][7][gc,marking  ] GC(9) Concurrent Preclean 0.931ms
[2023-01-09T09:52:06.793+0000][7][gc,marking  ] GC(9) Concurrent Mark (7.872s, 7.881s) 9.075ms
[2023-01-09T09:52:06.795+0000][7][gc,start    ] GC(9) Pause Remark
[2023-01-09T09:52:06.803+0000][7][gc          ] GC(9) Pause Remark 22M->22M(512M) 8.601ms
[2023-01-09T09:52:06.804+0000][7][gc,cpu      ] GC(9) User=0.01s Sys=0.00s Real=0.01s
[2023-01-09T09:52:06.805+0000][7][safepoint   ] Safepoint "G1Concurrent", Time since last: 24139625 ns, Reaching safepoint: 112500 ns, At safepoint: 10751333 ns, Total: 10863833 ns
[2023-01-09T09:52:06.807+0000][7][gc,marking  ] GC(9) Concurrent Rebuild Remembered Sets
[2023-01-09T09:52:06.810+0000][7][gc,marking  ] GC(9) Concurrent Rebuild Remembered Sets 3.047ms
[2023-01-09T09:52:06.811+0000][7][gc,start    ] GC(9) Pause Cleanup
[2023-01-09T09:52:06.812+0000][7][gc          ] GC(9) Pause Cleanup 22M->22M(512M) 1.330ms
[2023-01-09T09:52:06.813+0000][7][gc,cpu      ] GC(9) User=0.00s Sys=0.00s Real=0.00s
[2023-01-09T09:52:06.814+0000][7][safepoint   ] Safepoint "G1Concurrent", Time since last: 5208917 ns, Reaching safepoint: 435750 ns, At safepoint: 3398083 ns, Total: 3833833 ns
[2023-01-09T09:52:06.815+0000][7][gc,marking  ] GC(9) Concurrent Cleanup for Next Mark
[2023-01-09T09:52:06.820+0000][7][gc,marking  ] GC(9) Concurrent Cleanup for Next Mark 5.080ms
[2023-01-09T09:52:06.822+0000][7][gc          ] GC(9) Concurrent Cycle 51.108ms
[2023-01-09T09:52:07.955+0000][7][safepoint   ] Safepoint "ICBufferFull", Time since last: 1139452584 ns, Reaching safepoint: 771250 ns, At safepoint: 3500 ns, Total: 774750 ns
[2023-01-09T09:52:08.864+0000][7][safepoint   ] Safepoint "ICBufferFull", Time since last: 906645417 ns, Reaching safepoint: 2233667 ns, At safepoint: 4916 ns, Total: 2238583 ns
[2023-01-09T09:52:09.630+0000][7][safepoint   ] Safepoint "ICBufferFull", Time since last: 763839292 ns, Reaching safepoint: 2613209 ns, At safepoint: 3833 ns, Total: 2617042 ns
[2023-01-09T09:52:10.096+0000][7][safepoint   ] Safepoint "ICBufferFull", Time since last: 465916000 ns, Reaching safepoint: 216167 ns, At safepoint: 2125 ns, Total: 218292 ns
[2023-01-09T09:52:10.185+0000][7][gc,start    ] GC(10) Pause Young (Normal) (G1 Evacuation Pause)
[2023-01-09T09:52:10.186+0000][7][gc,task     ] GC(10) Using 4 workers of 4 for evacuation
[2023-01-09T09:52:10.188+0000][7][gc,age      ] GC(10) Desired survivor size 20447232 bytes, new threshold 15 (max threshold 15)
[2023-01-09T09:52:10.306+0000][7][gc,age      ] GC(10) Age table with threshold 15 (max threshold 15)
[2023-01-09T09:52:10.308+0000][7][gc,age      ] GC(10) - age   1:   25028696 bytes,   25028696 total
[2023-01-09T09:52:10.309+0000][7][gc,age      ] GC(10) - age   2:    2175168 bytes,   27203864 total
[2023-01-09T09:52:10.309+0000][7][gc,age      ] GC(10) - age   3:    2257408 bytes,   29461272 total
[2023-01-09T09:52:10.310+0000][7][gc,age      ] GC(10) - age   4:     631560 bytes,   30092832 total
[2023-01-09T09:52:10.311+0000][7][gc,age      ] GC(10) - age   5:    3252456 bytes,   33345288 total
[2023-01-09T09:52:10.312+0000][7][gc,age      ] GC(10) - age   6:    4274080 bytes,   37619368 total
[2023-01-09T09:52:10.313+0000][7][gc,age      ] GC(10) - age   7:    1101736 bytes,   38721104 total
[2023-01-09T09:52:10.314+0000][7][gc,age      ] GC(10) - age   8:    2073688 bytes,   40794792 total
[2023-01-09T09:52:10.314+0000][7][gc,phases   ] GC(10)   Pre Evacuate Collection Set: 0.2ms
[2023-01-09T09:52:10.315+0000][7][gc,phases   ] GC(10)   Merge Heap Roots: 0.0ms
[2023-01-09T09:52:10.316+0000][7][gc,phases   ] GC(10)   Evacuate Collection Set: 111.3ms
[2023-01-09T09:52:10.317+0000][7][gc,phases   ] GC(10)   Post Evacuate Collection Set: 6.0ms
[2023-01-09T09:52:10.318+0000][7][gc,phases   ] GC(10)   Other: 11.8ms
[2023-01-09T09:52:10.319+0000][7][gc,heap     ] GC(10) Eden regions: 290->0(268)
[2023-01-09T09:52:10.320+0000][7][gc,heap     ] GC(10) Survivor regions: 17->39(39)
[2023-01-09T09:52:10.321+0000][7][gc,heap     ] GC(10) Old regions: 4->9
[2023-01-09T09:52:10.321+0000][7][gc,heap     ] GC(10) Archive regions: 0->0
[2023-01-09T09:52:10.322+0000][7][gc,heap     ] GC(10) Humongous regions: 1->1
[2023-01-09T09:52:10.323+0000][7][gc,metaspace] GC(10) Metaspace: 43187K(45724K)->43187K(45724K) NonClass: 37958K(39836K)->37958K(39836K) Class: 5229K(5888K)->5229K(5888K)
[2023-01-09T09:52:10.326+0000][7][gc          ] GC(10) Pause Young (Normal) (G1 Evacuation Pause) 311M->48M(512M) 140.788ms
[2023-01-09T09:52:10.327+0000][7][gc,cpu      ] GC(10) User=0.09s Sys=0.00s Real=0.14s
[2023-01-09T09:52:10.328+0000][7][safepoint   ] Safepoint "G1CollectForAllocation", Time since last: 87132375 ns, Reaching safepoint: 1780333 ns, At safepoint: 142730875 ns, Total: 144511208 ns
[2023-01-09T09:52:10.640+0000][7][safepoint   ] Safepoint "ICBufferFull", Time since last: 308484459 ns, Reaching safepoint: 3651458 ns, At safepoint: 16959 ns, Total: 3668417 ns
[2023-01-09T09:52:11.391+0000][7][safepoint   ] Safepoint "ICBufferFull", Time since last: 747940292 ns, Reaching safepoint: 3365708 ns, At safepoint: 4125 ns, Total: 3369833 ns
[2023-01-09T09:52:11.927+0000][7][safepoint   ] Safepoint "ICBufferFull", Time since last: 536014500 ns, Reaching safepoint: 159667 ns, At safepoint: 2000 ns, Total: 161667 ns
[2023-01-09T09:52:12.125+0000][7][gc,start    ] GC(11) Pause Young (Concurrent Start) (Metadata GC Threshold)
[2023-01-09T09:52:12.126+0000][7][gc,task     ] GC(11) Using 4 workers of 4 for evacuation
[2023-01-09T09:52:12.127+0000][7][gc,age      ] GC(11) Desired survivor size 20447232 bytes, new threshold 1 (max threshold 15)
[2023-01-09T09:52:12.241+0000][7][gc,age      ] GC(11) Age table with threshold 1 (max threshold 15)
[2023-01-09T09:52:12.245+0000][7][gc,age      ] GC(11) - age   1:    6307088 bytes,    6307088 total
[2023-01-09T09:52:12.246+0000][7][gc,phases   ] GC(11)   Pre Evacuate Collection Set: 0.5ms
[2023-01-09T09:52:12.247+0000][7][gc,phases   ] GC(11)   Merge Heap Roots: 2.8ms
[2023-01-09T09:52:12.248+0000][7][gc,phases   ] GC(11)   Evacuate Collection Set: 108.2ms
[2023-01-09T09:52:12.249+0000][7][gc,phases   ] GC(11)   Post Evacuate Collection Set: 1.4ms
[2023-01-09T09:52:12.249+0000][7][gc,phases   ] GC(11)   Other: 8.0ms
[2023-01-09T09:52:12.250+0000][7][gc,heap     ] GC(11) Eden regions: 112->0(289)
[2023-01-09T09:52:12.251+0000][7][gc,heap     ] GC(11) Survivor regions: 39->8(39)
[2023-01-09T09:52:12.251+0000][7][gc,heap     ] GC(11) Old regions: 9->49
[2023-01-09T09:52:12.252+0000][7][gc,heap     ] GC(11) Archive regions: 0->0
[2023-01-09T09:52:12.253+0000][7][gc,heap     ] GC(11) Humongous regions: 1->1
[2023-01-09T09:52:12.253+0000][7][gc,metaspace] GC(11) Metaspace: 57511K(60572K)->57511K(60572K) NonClass: 50127K(52380K)->50127K(52380K) Class: 7384K(8192K)->7384K(8192K)
[2023-01-09T09:52:12.254+0000][7][gc          ] GC(11) Pause Young (Concurrent Start) (Metadata GC Threshold) 160M->56M(512M) 128.928ms
[2023-01-09T09:52:12.255+0000][7][gc,cpu      ] GC(11) User=0.07s Sys=0.01s Real=0.13s
[2023-01-09T09:52:12.256+0000][7][gc          ] GC(12) Concurrent Cycle
[2023-01-09T09:52:12.256+0000][7][gc,marking  ] GC(12) Concurrent Clear Claimed Marks
[2023-01-09T09:52:12.258+0000][7][gc,marking  ] GC(12) Concurrent Clear Claimed Marks 1.051ms
[2023-01-09T09:52:12.258+0000][7][gc,marking  ] GC(12) Concurrent Scan Root Regions
[2023-01-09T09:52:12.256+0000][7][safepoint   ] Safepoint "CollectForMetadataAllocation", Time since last: 188461625 ns, Reaching safepoint: 9398875 ns, At safepoint: 131007500 ns, Total: 140406375 ns
[2023-01-09T09:52:12.283+0000][7][gc,marking  ] GC(12) Concurrent Scan Root Regions 24.228ms
[2023-01-09T09:52:12.283+0000][7][gc,marking  ] GC(12) Concurrent Mark (13.371s)
[2023-01-09T09:52:12.284+0000][7][gc,marking  ] GC(12) Concurrent Mark From Roots
[2023-01-09T09:52:12.285+0000][7][gc,task     ] GC(12) Using 1 workers of 1 for marking
[2023-01-09T09:52:12.311+0000][7][gc,marking  ] GC(12) Concurrent Mark From Roots 26.849ms
[2023-01-09T09:52:12.313+0000][7][gc,marking  ] GC(12) Concurrent Preclean
[2023-01-09T09:52:12.314+0000][7][gc,marking  ] GC(12) Concurrent Preclean 0.854ms
[2023-01-09T09:52:12.314+0000][7][gc,marking  ] GC(12) Concurrent Mark (13.371s, 13.402s) 31.042ms
[2023-01-09T09:52:12.319+0000][7][gc,start    ] GC(12) Pause Remark
[2023-01-09T09:52:12.329+0000][7][gc          ] GC(12) Pause Remark 57M->57M(512M) 9.306ms
[2023-01-09T09:52:12.330+0000][7][gc,cpu      ] GC(12) User=0.00s Sys=0.00s Real=0.01s
[2023-01-09T09:52:12.331+0000][7][safepoint   ] Safepoint "G1Concurrent", Time since last: 58957208 ns, Reaching safepoint: 4098542 ns, At safepoint: 11487917 ns, Total: 15586459 ns
[2023-01-09T09:52:12.332+0000][7][gc,marking  ] GC(12) Concurrent Rebuild Remembered Sets
[2023-01-09T09:52:12.392+0000][7][gc,marking  ] GC(12) Concurrent Rebuild Remembered Sets 60.856ms
[2023-01-09T09:52:12.397+0000][7][gc,start    ] GC(12) Pause Cleanup
[2023-01-09T09:52:12.398+0000][7][gc          ] GC(12) Pause Cleanup 59M->59M(512M) 1.239ms
[2023-01-09T09:52:12.399+0000][7][gc,cpu      ] GC(12) User=0.00s Sys=0.00s Real=0.00s
[2023-01-09T09:52:12.400+0000][7][safepoint   ] Safepoint "G1Concurrent", Time since last: 65174791 ns, Reaching safepoint: 561084 ns, At safepoint: 3011000 ns, Total: 3572084 ns
[2023-01-09T09:52:12.400+0000][7][gc,marking  ] GC(12) Concurrent Cleanup for Next Mark
[2023-01-09T09:52:12.403+0000][7][gc,marking  ] GC(12) Concurrent Cleanup for Next Mark 2.269ms
[2023-01-09T09:52:12.403+0000][7][gc          ] GC(12) Concurrent Cycle 147.604ms
[2023-01-09T09:52:13.426+0000][7][safepoint   ] Safepoint "Cleanup", Time since last: 1022927125 ns, Reaching safepoint: 3385084 ns, At safepoint: 7416 ns, Total: 3392500 ns
[2023-01-09T09:52:13.776+0000][7][safepoint   ] Safepoint "ICBufferFull", Time since last: 349724834 ns, Reaching safepoint: 114875 ns, At safepoint: 2041 ns, Total: 116916 ns
[2023-01-09T09:52:13.786+0000][7][safepoint   ] Safepoint "ICBufferFull", Time since last: 10221417 ns, Reaching safepoint: 172500 ns, At safepoint: 2083 ns, Total: 174583 ns
[2023-01-09T09:52:14.125+0000][7][safepoint   ] Safepoint "ICBufferFull", Time since last: 338554417 ns, Reaching safepoint: 263084 ns, At safepoint: 4041 ns, Total: 267125 ns
[2023-01-09T09:52:15.070+0000][7][safepoint   ] Safepoint "ICBufferFull", Time since last: 944467667 ns, Reaching safepoint: 484959 ns, At safepoint: 10333 ns, Total: 495292 ns
[2023-01-09T09:52:15.382+0000][7][safepoint   ] Safepoint "ICBufferFull", Time since last: 312332250 ns, Reaching safepoint: 285667 ns, At safepoint: 2375 ns, Total: 288042 ns
[2023-01-09T09:52:16.039+0000][7][safepoint   ] Safepoint "ICBufferFull", Time since last: 655246542 ns, Reaching safepoint: 754666 ns, At safepoint: 6417 ns, Total: 761083 ns
[2023-01-09T09:52:16.704+0000][7][safepoint   ] Safepoint "ICBufferFull", Time since last: 665704834 ns, Reaching safepoint: 130666 ns, At safepoint: 2542 ns, Total: 133208 ns
[2023-01-09T09:52:17.040+0000][7][gc,heap,exit] Heap
[2023-01-09T09:52:17.041+0000][7][gc,heap,exit]  garbage-first heap   total 524288K, used 260793K [0x00000000e0000000, 0x0000000100000000)
[2023-01-09T09:52:17.042+0000][7][gc,heap,exit]   region size 1024K, 207 young (211968K), 8 survivors (8192K)
[2023-01-09T09:52:17.042+0000][7][gc,heap,exit]  Metaspace       used 86303K, capacity 89362K, committed 90024K, reserved 1126400K
[2023-01-09T09:52:17.043+0000][7][gc,heap,exit]   class space    used 11409K, capacity 12371K, committed 12416K, reserved 1048576K
