[2023-02-24T08:29:41.609+0000][164][gc] Using G1
[2023-02-24T08:29:41.623+0000][164][gc,init] Version: 15+36-1562 (release)
[2023-02-24T08:29:41.624+0000][164][gc,init] CPUs: 4 total, 4 available
[2023-02-24T08:29:41.625+0000][164][gc,init] Memory: 7951M
[2023-02-24T08:29:41.626+0000][164][gc,init] Large Page Support: Disabled
[2023-02-24T08:29:41.627+0000][164][gc,init] NUMA Support: Disabled
[2023-02-24T08:29:41.628+0000][164][gc,init] Compressed Oops: Enabled (32-bit)
[2023-02-24T08:29:41.629+0000][164][gc,init] Heap Region Size: 1M
[2023-02-24T08:29:41.630+0000][164][gc,init] Heap Min Capacity: 512M
[2023-02-24T08:29:41.631+0000][164][gc,init] Heap Initial Capacity: 512M
[2023-02-24T08:29:41.632+0000][164][gc,init] Heap Max Capacity: 512M
[2023-02-24T08:29:41.633+0000][164][gc,init] Pre-touch: Disabled
[2023-02-24T08:29:41.634+0000][164][gc,init] Parallel Workers: 4
[2023-02-24T08:29:41.635+0000][164][gc,init] Concurrent Workers: 1
[2023-02-24T08:29:41.636+0000][164][gc,init] Concurrent Refinement Workers: 4
[2023-02-24T08:29:41.640+0000][164][gc,init] Periodic GC: Disabled
[2023-02-24T08:29:41.641+0000][164][gc,metaspace] CDS disabled.
[2023-02-24T08:29:41.642+0000][164][gc,metaspace] Compressed class space mapped at: 0x0000000100000000-0x0000000140000000, size: 1073741824
[2023-02-24T08:29:41.643+0000][164][gc,metaspace] Narrow klass base: 0x0000000000000000, Narrow klass shift: 3, Narrow klass range: 0x140000000
[2023-02-24T08:29:41.785+0000][164][gc,heap,exit] Heap
[2023-02-24T08:29:41.786+0000][164][gc,heap,exit]  garbage-first heap   total 524288K, used 1024K [0x00000000e0000000, 0x0000000100000000)
[2023-02-24T08:29:41.787+0000][164][gc,heap,exit]   region size 1024K, 2 young (2048K), 0 survivors (0K)
[2023-02-24T08:29:41.787+0000][164][gc,heap,exit]  Metaspace       used 3325K, capacity 4480K, committed 4480K, reserved 1056768K
[2023-02-24T08:29:41.788+0000][164][gc,heap,exit]   class space    used 278K, capacity 384K, committed 384K, reserved 1048576K
