[2023-01-09T09:47:18.574+0000][7][gc] Using G1
[2023-01-09T09:47:18.818+0000][7][gc,init] Version: 15+36-1562 (release)
[2023-01-09T09:47:18.820+0000][7][gc,init] CPUs: 4 total, 4 available
[2023-01-09T09:47:18.821+0000][7][gc,init] Memory: 7951M
[2023-01-09T09:47:18.822+0000][7][gc,init] Large Page Support: Disabled
[2023-01-09T09:47:18.823+0000][7][gc,init] NUMA Support: Disabled
[2023-01-09T09:47:18.824+0000][7][gc,init] Compressed Oops: Enabled (32-bit)
[2023-01-09T09:47:18.825+0000][7][gc,init] Heap Region Size: 1M
[2023-01-09T09:47:18.826+0000][7][gc,init] Heap Min Capacity: 512M
[2023-01-09T09:47:18.826+0000][7][gc,init] Heap Initial Capacity: 512M
[2023-01-09T09:47:18.827+0000][7][gc,init] Heap Max Capacity: 512M
[2023-01-09T09:47:18.828+0000][7][gc,init] Pre-touch: Enabled
[2023-01-09T09:47:18.829+0000][7][gc,init] Parallel Workers: 4
[2023-01-09T09:47:18.830+0000][7][gc,init] Concurrent Workers: 1
[2023-01-09T09:47:18.831+0000][7][gc,init] Concurrent Refinement Workers: 4
[2023-01-09T09:47:18.832+0000][7][gc,init] Periodic GC: Disabled
[2023-01-09T09:47:18.833+0000][7][gc,metaspace] CDS disabled.
[2023-01-09T09:47:18.833+0000][7][gc,metaspace] Compressed class space mapped at: 0x0000000100000000-0x0000000140000000, size: 1073741824
[2023-01-09T09:47:18.835+0000][7][gc,metaspace] Narrow klass base: 0x0000000000000000, Narrow klass shift: 3, Narrow klass range: 0x140000000
[2023-01-09T09:47:19.234+0000][7][safepoint   ] Safepoint "ICBufferFull", Time since last: 383522376 ns, Reaching safepoint: 2562708 ns, At safepoint: 5792 ns, Total: 2568500 ns
[2023-01-09T09:47:19.689+0000][7][safepoint   ] Safepoint "ICBufferFull", Time since last: 454310417 ns, Reaching safepoint: 129083 ns, At safepoint: 1167 ns, Total: 130250 ns
[2023-01-09T09:47:19.942+0000][7][safepoint   ] Safepoint "ICBufferFull", Time since last: 253455541 ns, Reaching safepoint: 82417 ns, At safepoint: 2167 ns, Total: 84584 ns
[2023-01-09T09:47:20.019+0000][7][gc,start    ] GC(0) Pause Young (Normal) (G1 Evacuation Pause)
[2023-01-09T09:47:20.036+0000][7][gc,task     ] GC(0) Using 4 workers of 4 for evacuation
[2023-01-09T09:47:20.037+0000][7][gc,age      ] GC(0) Desired survivor size 2097152 bytes, new threshold 15 (max threshold 15)
[2023-01-09T09:47:20.051+0000][7][gc,age      ] GC(0) Age table with threshold 15 (max threshold 15)
[2023-01-09T09:47:20.053+0000][7][gc,age      ] GC(0) - age   1:    3917832 bytes,    3917832 total
[2023-01-09T09:47:20.053+0000][7][gc,phases   ] GC(0)   Pre Evacuate Collection Set: 0.3ms
[2023-01-09T09:47:20.054+0000][7][gc,phases   ] GC(0)   Merge Heap Roots: 0.0ms
[2023-01-09T09:47:20.055+0000][7][gc,phases   ] GC(0)   Evacuate Collection Set: 12.7ms
[2023-01-09T09:47:20.056+0000][7][gc,phases   ] GC(0)   Post Evacuate Collection Set: 0.5ms
[2023-01-09T09:47:20.057+0000][7][gc,phases   ] GC(0)   Other: 20.9ms
[2023-01-09T09:47:20.058+0000][7][gc,heap     ] GC(0) Eden regions: 25->0(25)
[2023-01-09T09:47:20.059+0000][7][gc,heap     ] GC(0) Survivor regions: 0->4(4)
[2023-01-09T09:47:20.060+0000][7][gc,heap     ] GC(0) Old regions: 0->0
[2023-01-09T09:47:20.060+0000][7][gc,heap     ] GC(0) Archive regions: 0->0
[2023-01-09T09:47:20.062+0000][7][gc,heap     ] GC(0) Humongous regions: 1->1
[2023-01-09T09:47:20.063+0000][7][gc,metaspace] GC(0) Metaspace: 15628K(16256K)->15628K(16256K) NonClass: 14050K(14592K)->14050K(14592K) Class: 1577K(1664K)->1577K(1664K)
[2023-01-09T09:47:20.063+0000][7][gc          ] GC(0) Pause Young (Normal) (G1 Evacuation Pause) 26M->4M(512M) 44.477ms
[2023-01-09T09:47:20.064+0000][7][gc,cpu      ] GC(0) User=0.01s Sys=0.00s Real=0.05s
[2023-01-09T09:47:20.065+0000][7][safepoint   ] Safepoint "G1CollectForAllocation", Time since last: 76447791 ns, Reaching safepoint: 33875 ns, At safepoint: 45782167 ns, Total: 45816042 ns
[2023-01-09T09:47:20.910+0000][7][safepoint   ] Safepoint "ICBufferFull", Time since last: 845466750 ns, Reaching safepoint: 185709 ns, At safepoint: 7875 ns, Total: 193584 ns
[2023-01-09T09:47:21.077+0000][7][gc,start    ] GC(1) Pause Young (Concurrent Start) (Metadata GC Threshold)
[2023-01-09T09:47:21.089+0000][7][gc,task     ] GC(1) Using 4 workers of 4 for evacuation
[2023-01-09T09:47:21.090+0000][7][gc,age      ] GC(1) Desired survivor size 2097152 bytes, new threshold 1 (max threshold 15)
[2023-01-09T09:47:21.104+0000][7][gc,age      ] GC(1) Age table with threshold 1 (max threshold 15)
[2023-01-09T09:47:21.106+0000][7][gc,age      ] GC(1) - age   1:    2144456 bytes,    2144456 total
[2023-01-09T09:47:21.107+0000][7][gc,phases   ] GC(1)   Pre Evacuate Collection Set: 0.1ms
[2023-01-09T09:47:21.108+0000][7][gc,phases   ] GC(1)   Merge Heap Roots: 0.0ms
[2023-01-09T09:47:21.110+0000][7][gc,phases   ] GC(1)   Evacuate Collection Set: 12.9ms
[2023-01-09T09:47:21.111+0000][7][gc,phases   ] GC(1)   Post Evacuate Collection Set: 0.4ms
[2023-01-09T09:47:21.112+0000][7][gc,phases   ] GC(1)   Other: 16.1ms
[2023-01-09T09:47:21.114+0000][7][gc,heap     ] GC(1) Eden regions: 23->0(30)
[2023-01-09T09:47:21.115+0000][7][gc,heap     ] GC(1) Survivor regions: 4->3(4)
[2023-01-09T09:47:21.116+0000][7][gc,heap     ] GC(1) Old regions: 0->4
[2023-01-09T09:47:21.117+0000][7][gc,heap     ] GC(1) Archive regions: 0->0
[2023-01-09T09:47:21.118+0000][7][gc,heap     ] GC(1) Humongous regions: 1->1
[2023-01-09T09:47:21.119+0000][7][gc,metaspace] GC(1) Metaspace: 20730K(21248K)->20730K(21248K) NonClass: 18506K(18944K)->18506K(18944K) Class: 2224K(2304K)->2224K(2304K)
[2023-01-09T09:47:21.120+0000][7][gc          ] GC(1) Pause Young (Concurrent Start) (Metadata GC Threshold) 27M->7M(512M) 42.439ms
[2023-01-09T09:47:21.120+0000][7][gc,cpu      ] GC(1) User=0.01s Sys=0.00s Real=0.05s
[2023-01-09T09:47:21.122+0000][7][gc          ] GC(2) Concurrent Cycle
[2023-01-09T09:47:21.123+0000][7][gc,marking  ] GC(2) Concurrent Clear Claimed Marks
[2023-01-09T09:47:21.124+0000][7][gc,marking  ] GC(2) Concurrent Clear Claimed Marks 0.948ms
[2023-01-09T09:47:21.125+0000][7][gc,marking  ] GC(2) Concurrent Scan Root Regions
[2023-01-09T09:47:21.122+0000][7][safepoint   ] Safepoint "CollectForMetadataAllocation", Time since last: 166675375 ns, Reaching safepoint: 69250 ns, At safepoint: 44931583 ns, Total: 45000833 ns
[2023-01-09T09:47:21.130+0000][7][gc,marking  ] GC(2) Concurrent Scan Root Regions 5.360ms
[2023-01-09T09:47:21.135+0000][7][gc,marking  ] GC(2) Concurrent Mark (2.586s)
[2023-01-09T09:47:21.137+0000][7][gc,marking  ] GC(2) Concurrent Mark From Roots
[2023-01-09T09:47:21.139+0000][7][gc,task     ] GC(2) Using 1 workers of 1 for marking
[2023-01-09T09:47:21.140+0000][7][gc,marking  ] GC(2) Concurrent Mark From Roots 3.138ms
[2023-01-09T09:47:21.143+0000][7][gc,marking  ] GC(2) Concurrent Preclean
[2023-01-09T09:47:21.145+0000][7][gc,marking  ] GC(2) Concurrent Preclean 2.333ms
[2023-01-09T09:47:21.148+0000][7][gc,marking  ] GC(2) Concurrent Mark (2.586s, 2.599s) 13.509ms
[2023-01-09T09:47:21.151+0000][7][gc,start    ] GC(2) Pause Remark
[2023-01-09T09:47:21.157+0000][7][gc          ] GC(2) Pause Remark 7M->7M(512M) 6.283ms
[2023-01-09T09:47:21.159+0000][7][gc,cpu      ] GC(2) User=0.00s Sys=0.00s Real=0.00s
[2023-01-09T09:47:21.160+0000][7][safepoint   ] Safepoint "G1Concurrent", Time since last: 29142459 ns, Reaching safepoint: 45958 ns, At safepoint: 8375375 ns, Total: 8421333 ns
[2023-01-09T09:47:21.161+0000][7][gc,marking  ] GC(2) Concurrent Rebuild Remembered Sets
[2023-01-09T09:47:21.163+0000][7][gc,marking  ] GC(2) Concurrent Rebuild Remembered Sets 2.431ms
[2023-01-09T09:47:21.164+0000][7][gc,start    ] GC(2) Pause Cleanup
[2023-01-09T09:47:21.165+0000][7][gc          ] GC(2) Pause Cleanup 7M->7M(512M) 0.634ms
[2023-01-09T09:47:21.165+0000][7][gc,cpu      ] GC(2) User=0.00s Sys=0.00s Real=0.00s
[2023-01-09T09:47:21.166+0000][7][safepoint   ] Safepoint "G1Concurrent", Time since last: 4114417 ns, Reaching safepoint: 259875 ns, At safepoint: 1919291 ns, Total: 2179166 ns
[2023-01-09T09:47:21.167+0000][7][gc,marking  ] GC(2) Concurrent Cleanup for Next Mark
[2023-01-09T09:47:21.168+0000][7][gc,marking  ] GC(2) Concurrent Cleanup for Next Mark 1.468ms
[2023-01-09T09:47:21.169+0000][7][gc          ] GC(2) Concurrent Cycle 46.872ms
[2023-01-09T09:47:21.766+0000][7][gc,start    ] GC(3) Pause Young (Normal) (G1 Evacuation Pause)
[2023-01-09T09:47:21.768+0000][7][gc,task     ] GC(3) Using 4 workers of 4 for evacuation
[2023-01-09T09:47:21.769+0000][7][gc,age      ] GC(3) Desired survivor size 2621440 bytes, new threshold 15 (max threshold 15)
[2023-01-09T09:47:21.773+0000][7][gc,age      ] GC(3) Age table with threshold 15 (max threshold 15)
[2023-01-09T09:47:21.774+0000][7][gc,age      ] GC(3) - age   1:    2236560 bytes,    2236560 total
[2023-01-09T09:47:21.775+0000][7][gc,age      ] GC(3) - age   2:    2123496 bytes,    4360056 total
[2023-01-09T09:47:21.775+0000][7][gc,phases   ] GC(3)   Pre Evacuate Collection Set: 0.1ms
[2023-01-09T09:47:21.776+0000][7][gc,phases   ] GC(3)   Merge Heap Roots: 0.0ms
[2023-01-09T09:47:21.777+0000][7][gc,phases   ] GC(3)   Evacuate Collection Set: 2.6ms
[2023-01-09T09:47:21.778+0000][7][gc,phases   ] GC(3)   Post Evacuate Collection Set: 0.7ms
[2023-01-09T09:47:21.778+0000][7][gc,phases   ] GC(3)   Other: 5.5ms
[2023-01-09T09:47:21.779+0000][7][gc,heap     ] GC(3) Eden regions: 30->0(181)
[2023-01-09T09:47:21.780+0000][7][gc,heap     ] GC(3) Survivor regions: 3->5(5)
[2023-01-09T09:47:21.781+0000][7][gc,heap     ] GC(3) Old regions: 4->4
[2023-01-09T09:47:21.782+0000][7][gc,heap     ] GC(3) Archive regions: 0->0
[2023-01-09T09:47:21.783+0000][7][gc,heap     ] GC(3) Humongous regions: 1->1
[2023-01-09T09:47:21.784+0000][7][gc,metaspace] GC(3) Metaspace: 22494K(23040K)->22494K(23040K) NonClass: 20079K(20480K)->20079K(20480K) Class: 2414K(2560K)->2414K(2560K)
[2023-01-09T09:47:21.785+0000][7][gc          ] GC(3) Pause Young (Normal) (G1 Evacuation Pause) 37M->9M(512M) 18.144ms
[2023-01-09T09:47:21.785+0000][7][gc,cpu      ] GC(3) User=0.01s Sys=0.00s Real=0.02s
[2023-01-09T09:47:21.786+0000][7][safepoint   ] Safepoint "G1CollectForAllocation", Time since last: 600340667 ns, Reaching safepoint: 190042 ns, At safepoint: 19432708 ns, Total: 19622750 ns
[2023-01-09T09:47:21.920+0000][7][safepoint   ] Safepoint "ICBufferFull", Time since last: 133687834 ns, Reaching safepoint: 128166 ns, At safepoint: 2000 ns, Total: 130166 ns
[2023-01-09T09:47:21.926+0000][7][safepoint   ] Safepoint "ICBufferFull", Time since last: 6245834 ns, Reaching safepoint: 111750 ns, At safepoint: 1958 ns, Total: 113708 ns
[2023-01-09T09:47:21.931+0000][7][safepoint   ] Safepoint "ICBufferFull", Time since last: 4526833 ns, Reaching safepoint: 112750 ns, At safepoint: 1792 ns, Total: 114542 ns
[2023-01-09T09:47:21.938+0000][7][safepoint   ] Safepoint "ICBufferFull", Time since last: 6999958 ns, Reaching safepoint: 112125 ns, At safepoint: 1959 ns, Total: 114084 ns
[2023-01-09T09:47:21.945+0000][7][safepoint   ] Safepoint "ICBufferFull", Time since last: 6952416 ns, Reaching safepoint: 113792 ns, At safepoint: 1958 ns, Total: 115750 ns
[2023-01-09T09:47:21.947+0000][7][safepoint   ] Safepoint "ICBufferFull", Time since last: 2233000 ns, Reaching safepoint: 99375 ns, At safepoint: 1500 ns, Total: 100875 ns
[2023-01-09T09:47:21.952+0000][7][safepoint   ] Safepoint "ICBufferFull", Time since last: 3585625 ns, Reaching safepoint: 946709 ns, At safepoint: 2208 ns, Total: 948917 ns
[2023-01-09T09:47:21.960+0000][7][safepoint   ] Safepoint "ICBufferFull", Time since last: 8206583 ns, Reaching safepoint: 112959 ns, At safepoint: 3250 ns, Total: 116209 ns
[2023-01-09T09:47:21.967+0000][7][safepoint   ] Safepoint "ICBufferFull", Time since last: 2692083 ns, Reaching safepoint: 4259167 ns, At safepoint: 3458 ns, Total: 4262625 ns
[2023-01-09T09:47:21.971+0000][7][safepoint   ] Safepoint "ICBufferFull", Time since last: 4165500 ns, Reaching safepoint: 129875 ns, At safepoint: 1500 ns, Total: 131375 ns
[2023-01-09T09:47:21.973+0000][7][safepoint   ] Safepoint "ICBufferFull", Time since last: 1534792 ns, Reaching safepoint: 94833 ns, At safepoint: 1417 ns, Total: 96250 ns
[2023-01-09T09:47:21.974+0000][7][safepoint   ] Safepoint "ICBufferFull", Time since last: 1427375 ns, Reaching safepoint: 98500 ns, At safepoint: 2500 ns, Total: 101000 ns
[2023-01-09T09:47:21.982+0000][7][safepoint   ] Safepoint "ICBufferFull", Time since last: 5209958 ns, Reaching safepoint: 2159333 ns, At safepoint: 7542 ns, Total: 2166875 ns
[2023-01-09T09:47:21.984+0000][7][safepoint   ] Safepoint "ICBufferFull", Time since last: 2087125 ns, Reaching safepoint: 92708 ns, At safepoint: 1292 ns, Total: 94000 ns
[2023-01-09T09:47:21.985+0000][7][safepoint   ] Safepoint "ICBufferFull", Time since last: 1378208 ns, Reaching safepoint: 94959 ns, At safepoint: 3416 ns, Total: 98375 ns
[2023-01-09T09:47:21.992+0000][7][safepoint   ] Safepoint "ICBufferFull", Time since last: 3077084 ns, Reaching safepoint: 3176583 ns, At safepoint: 6750 ns, Total: 3183333 ns
[2023-01-09T09:47:21.994+0000][7][safepoint   ] Safepoint "ICBufferFull", Time since last: 1754167 ns, Reaching safepoint: 25791 ns, At safepoint: 2834 ns, Total: 28625 ns
[2023-01-09T09:47:22.000+0000][7][safepoint   ] Safepoint "ICBufferFull", Time since last: 5982875 ns, Reaching safepoint: 111708 ns, At safepoint: 1417 ns, Total: 113125 ns
[2023-01-09T09:47:22.001+0000][7][safepoint   ] Safepoint "ICBufferFull", Time since last: 1351708 ns, Reaching safepoint: 94625 ns, At safepoint: 1417 ns, Total: 96042 ns
[2023-01-09T09:47:22.003+0000][7][safepoint   ] Safepoint "ICBufferFull", Time since last: 1963583 ns, Reaching safepoint: 94958 ns, At safepoint: 2959 ns, Total: 97917 ns
[2023-01-09T09:47:22.009+0000][7][safepoint   ] Safepoint "ICBufferFull", Time since last: 1782500 ns, Reaching safepoint: 4463875 ns, At safepoint: 4333 ns, Total: 4468208 ns
[2023-01-09T09:47:22.012+0000][7][safepoint   ] Safepoint "ICBufferFull", Time since last: 1977917 ns, Reaching safepoint: 991416 ns, At safepoint: 6542 ns, Total: 997958 ns
[2023-01-09T09:47:22.015+0000][7][safepoint   ] Safepoint "ICBufferFull", Time since last: 2132458 ns, Reaching safepoint: 98375 ns, At safepoint: 1500 ns, Total: 99875 ns
[2023-01-09T09:47:22.017+0000][7][safepoint   ] Safepoint "ICBufferFull", Time since last: 2038917 ns, Reaching safepoint: 100792 ns, At safepoint: 1458 ns, Total: 102250 ns
[2023-01-09T09:47:22.019+0000][7][safepoint   ] Safepoint "ICBufferFull", Time since last: 1712833 ns, Reaching safepoint: 98875 ns, At safepoint: 1542 ns, Total: 100417 ns
[2023-01-09T09:47:22.021+0000][7][safepoint   ] Safepoint "ICBufferFull", Time since last: 2453167 ns, Reaching safepoint: 105458 ns, At safepoint: 1500 ns, Total: 106958 ns
[2023-01-09T09:47:22.025+0000][7][safepoint   ] Safepoint "ICBufferFull", Time since last: 4095708 ns, Reaching safepoint: 247625 ns, At safepoint: 4375 ns, Total: 252000 ns
[2023-01-09T09:47:22.028+0000][7][safepoint   ] Safepoint "ICBufferFull", Time since last: 2357709 ns, Reaching safepoint: 97208 ns, At safepoint: 2583 ns, Total: 99791 ns
[2023-01-09T09:47:22.031+0000][7][safepoint   ] Safepoint "ICBufferFull", Time since last: 3069834 ns, Reaching safepoint: 104458 ns, At safepoint: 2625 ns, Total: 107083 ns
[2023-01-09T09:47:22.037+0000][7][safepoint   ] Safepoint "ICBufferFull", Time since last: 1522000 ns, Reaching safepoint: 3909958 ns, At safepoint: 7334 ns, Total: 3917292 ns
[2023-01-09T09:47:22.039+0000][7][safepoint   ] Safepoint "ICBufferFull", Time since last: 2706041 ns, Reaching safepoint: 67375 ns, At safepoint: 1625 ns, Total: 69000 ns
[2023-01-09T09:47:22.041+0000][7][safepoint   ] Safepoint "ICBufferFull", Time since last: 1947459 ns, Reaching safepoint: 200333 ns, At safepoint: 1458 ns, Total: 201791 ns
[2023-01-09T09:47:22.044+0000][7][safepoint   ] Safepoint "ICBufferFull", Time since last: 2139042 ns, Reaching safepoint: 97708 ns, At safepoint: 1500 ns, Total: 99208 ns
[2023-01-09T09:47:22.046+0000][7][safepoint   ] Safepoint "ICBufferFull", Time since last: 1820250 ns, Reaching safepoint: 94500 ns, At safepoint: 1459 ns, Total: 95959 ns
[2023-01-09T09:47:22.052+0000][7][safepoint   ] Safepoint "ICBufferFull", Time since last: 6041375 ns, Reaching safepoint: 111750 ns, At safepoint: 1833 ns, Total: 113583 ns
[2023-01-09T09:47:22.053+0000][7][safepoint   ] Safepoint "ICBufferFull", Time since last: 1455042 ns, Reaching safepoint: 113750 ns, At safepoint: 1708 ns, Total: 115458 ns
[2023-01-09T09:47:22.062+0000][7][safepoint   ] Safepoint "ICBufferFull", Time since last: 8112167 ns, Reaching safepoint: 109333 ns, At safepoint: 1833 ns, Total: 111166 ns
[2023-01-09T09:47:22.064+0000][7][safepoint   ] Safepoint "ICBufferFull", Time since last: 2421417 ns, Reaching safepoint: 104542 ns, At safepoint: 1583 ns, Total: 106125 ns
[2023-01-09T09:47:22.065+0000][7][safepoint   ] Safepoint "ICBufferFull", Time since last: 955667 ns, Reaching safepoint: 153750 ns, At safepoint: 1458 ns, Total: 155208 ns
[2023-01-09T09:47:22.066+0000][7][safepoint   ] Safepoint "ICBufferFull", Time since last: 1056708 ns, Reaching safepoint: 191375 ns, At safepoint: 1625 ns, Total: 193000 ns
[2023-01-09T09:47:22.067+0000][7][safepoint   ] Safepoint "ICBufferFull", Time since last: 764500 ns, Reaching safepoint: 179292 ns, At safepoint: 1583 ns, Total: 180875 ns
[2023-01-09T09:47:22.068+0000][7][safepoint   ] Safepoint "ICBufferFull", Time since last: 818250 ns, Reaching safepoint: 114209 ns, At safepoint: 1583 ns, Total: 115792 ns
[2023-01-09T09:47:22.069+0000][7][safepoint   ] Safepoint "ICBufferFull", Time since last: 752375 ns, Reaching safepoint: 91333 ns, At safepoint: 1375 ns, Total: 92708 ns
[2023-01-09T09:47:22.070+0000][7][safepoint   ] Safepoint "ICBufferFull", Time since last: 819792 ns, Reaching safepoint: 132750 ns, At safepoint: 1333 ns, Total: 134083 ns
[2023-01-09T09:47:22.071+0000][7][safepoint   ] Safepoint "ICBufferFull", Time since last: 747000 ns, Reaching safepoint: 137375 ns, At safepoint: 1250 ns, Total: 138625 ns
[2023-01-09T09:47:22.072+0000][7][safepoint   ] Safepoint "ICBufferFull", Time since last: 851375 ns, Reaching safepoint: 153584 ns, At safepoint: 1541 ns, Total: 155125 ns
[2023-01-09T09:47:22.073+0000][7][safepoint   ] Safepoint "ICBufferFull", Time since last: 932917 ns, Reaching safepoint: 65750 ns, At safepoint: 1250 ns, Total: 67000 ns
[2023-01-09T09:47:22.074+0000][7][safepoint   ] Safepoint "ICBufferFull", Time since last: 866875 ns, Reaching safepoint: 164417 ns, At safepoint: 1583 ns, Total: 166000 ns
[2023-01-09T09:47:22.075+0000][7][safepoint   ] Safepoint "ICBufferFull", Time since last: 846708 ns, Reaching safepoint: 129334 ns, At safepoint: 1583 ns, Total: 130917 ns
[2023-01-09T09:47:22.076+0000][7][safepoint   ] Safepoint "ICBufferFull", Time since last: 733083 ns, Reaching safepoint: 90334 ns, At safepoint: 1250 ns, Total: 91584 ns
[2023-01-09T09:47:22.077+0000][7][safepoint   ] Safepoint "ICBufferFull", Time since last: 804458 ns, Reaching safepoint: 91000 ns, At safepoint: 1250 ns, Total: 92250 ns
[2023-01-09T09:47:22.078+0000][7][safepoint   ] Safepoint "ICBufferFull", Time since last: 1189917 ns, Reaching safepoint: 92750 ns, At safepoint: 1333 ns, Total: 94083 ns
[2023-01-09T09:47:22.079+0000][7][safepoint   ] Safepoint "ICBufferFull", Time since last: 791667 ns, Reaching safepoint: 93125 ns, At safepoint: 1416 ns, Total: 94541 ns
[2023-01-09T09:47:22.080+0000][7][safepoint   ] Safepoint "ICBufferFull", Time since last: 865042 ns, Reaching safepoint: 146917 ns, At safepoint: 2250 ns, Total: 149167 ns
[2023-01-09T09:47:22.083+0000][7][safepoint   ] Safepoint "ICBufferFull", Time since last: 729458 ns, Reaching safepoint: 2111625 ns, At safepoint: 2792 ns, Total: 2114417 ns
[2023-01-09T09:47:22.084+0000][7][safepoint   ] Safepoint "ICBufferFull", Time since last: 1100333 ns, Reaching safepoint: 509833 ns, At safepoint: 2542 ns, Total: 512375 ns
[2023-01-09T09:47:22.086+0000][7][safepoint   ] Safepoint "ICBufferFull", Time since last: 1109958 ns, Reaching safepoint: 886917 ns, At safepoint: 2458 ns, Total: 889375 ns
[2023-01-09T09:47:22.092+0000][7][safepoint   ] Safepoint "ICBufferFull", Time since last: 1030375 ns, Reaching safepoint: 4297375 ns, At safepoint: 7584 ns, Total: 4304959 ns
[2023-01-09T09:47:22.093+0000][7][safepoint   ] Safepoint "ICBufferFull", Time since last: 1260166 ns, Reaching safepoint: 23209 ns, At safepoint: 1208 ns, Total: 24417 ns
[2023-01-09T09:47:22.094+0000][7][safepoint   ] Safepoint "ICBufferFull", Time since last: 853042 ns, Reaching safepoint: 24791 ns, At safepoint: 1375 ns, Total: 26166 ns
[2023-01-09T09:47:22.096+0000][7][safepoint   ] Safepoint "ICBufferFull", Time since last: 2094875 ns, Reaching safepoint: 167334 ns, At safepoint: 2125 ns, Total: 169459 ns
[2023-01-09T09:47:22.097+0000][7][safepoint   ] Safepoint "ICBufferFull", Time since last: 861833 ns, Reaching safepoint: 24042 ns, At safepoint: 1333 ns, Total: 25375 ns
[2023-01-09T09:47:22.098+0000][7][safepoint   ] Safepoint "ICBufferFull", Time since last: 883042 ns, Reaching safepoint: 21708 ns, At safepoint: 1167 ns, Total: 22875 ns
[2023-01-09T09:47:22.099+0000][7][safepoint   ] Safepoint "ICBufferFull", Time since last: 1009583 ns, Reaching safepoint: 25000 ns, At safepoint: 1250 ns, Total: 26250 ns
[2023-01-09T09:47:22.100+0000][7][safepoint   ] Safepoint "ICBufferFull", Time since last: 917250 ns, Reaching safepoint: 93667 ns, At safepoint: 1958 ns, Total: 95625 ns
[2023-01-09T09:47:22.101+0000][7][safepoint   ] Safepoint "ICBufferFull", Time since last: 868375 ns, Reaching safepoint: 24125 ns, At safepoint: 1292 ns, Total: 25417 ns
[2023-01-09T09:47:22.102+0000][7][safepoint   ] Safepoint "ICBufferFull", Time since last: 858833 ns, Reaching safepoint: 23375 ns, At safepoint: 1208 ns, Total: 24583 ns
[2023-01-09T09:47:22.103+0000][7][safepoint   ] Safepoint "ICBufferFull", Time since last: 815459 ns, Reaching safepoint: 20375 ns, At safepoint: 1291 ns, Total: 21666 ns
[2023-01-09T09:47:22.103+0000][7][safepoint   ] Safepoint "ICBufferFull", Time since last: 628584 ns, Reaching safepoint: 231666 ns, At safepoint: 2042 ns, Total: 233708 ns
[2023-01-09T09:47:22.104+0000][7][safepoint   ] Safepoint "ICBufferFull", Time since last: 742667 ns, Reaching safepoint: 21166 ns, At safepoint: 1209 ns, Total: 22375 ns
[2023-01-09T09:47:22.105+0000][7][safepoint   ] Safepoint "ICBufferFull", Time since last: 1144208 ns, Reaching safepoint: 23167 ns, At safepoint: 1208 ns, Total: 24375 ns
[2023-01-09T09:47:22.106+0000][7][safepoint   ] Safepoint "ICBufferFull", Time since last: 768750 ns, Reaching safepoint: 19833 ns, At safepoint: 1250 ns, Total: 21083 ns
[2023-01-09T09:47:22.109+0000][7][safepoint   ] Safepoint "ICBufferFull", Time since last: 2653084 ns, Reaching safepoint: 28166 ns, At safepoint: 1459 ns, Total: 29625 ns
[2023-01-09T09:47:22.111+0000][7][safepoint   ] Safepoint "ICBufferFull", Time since last: 2174791 ns, Reaching safepoint: 25959 ns, At safepoint: 1333 ns, Total: 27292 ns
[2023-01-09T09:47:22.113+0000][7][safepoint   ] Safepoint "ICBufferFull", Time since last: 1695000 ns, Reaching safepoint: 26125 ns, At safepoint: 1542 ns, Total: 27667 ns
[2023-01-09T09:47:22.115+0000][7][safepoint   ] Safepoint "ICBufferFull", Time since last: 2379166 ns, Reaching safepoint: 141125 ns, At safepoint: 1834 ns, Total: 142959 ns
[2023-01-09T09:47:22.118+0000][7][safepoint   ] Safepoint "ICBufferFull", Time since last: 2444875 ns, Reaching safepoint: 102833 ns, At safepoint: 1375 ns, Total: 104208 ns
[2023-01-09T09:47:22.119+0000][7][safepoint   ] Safepoint "ICBufferFull", Time since last: 1216500 ns, Reaching safepoint: 93792 ns, At safepoint: 1291 ns, Total: 95083 ns
[2023-01-09T09:47:22.121+0000][7][safepoint   ] Safepoint "ICBufferFull", Time since last: 1396417 ns, Reaching safepoint: 97208 ns, At safepoint: 1334 ns, Total: 98542 ns
[2023-01-09T09:47:22.155+0000][7][safepoint   ] Safepoint "ICBufferFull", Time since last: 33882291 ns, Reaching safepoint: 191292 ns, At safepoint: 1917 ns, Total: 193209 ns
[2023-01-09T09:47:22.157+0000][7][safepoint   ] Safepoint "ICBufferFull", Time since last: 2205958 ns, Reaching safepoint: 85083 ns, At safepoint: 1292 ns, Total: 86375 ns
[2023-01-09T09:47:22.158+0000][7][safepoint   ] Safepoint "ICBufferFull", Time since last: 961792 ns, Reaching safepoint: 45916 ns, At safepoint: 1250 ns, Total: 47166 ns
[2023-01-09T09:47:22.159+0000][7][safepoint   ] Safepoint "ICBufferFull", Time since last: 1122792 ns, Reaching safepoint: 134583 ns, At safepoint: 2125 ns, Total: 136708 ns
[2023-01-09T09:47:22.164+0000][7][safepoint   ] Safepoint "ICBufferFull", Time since last: 5022167 ns, Reaching safepoint: 106583 ns, At safepoint: 1709 ns, Total: 108292 ns
[2023-01-09T09:47:22.167+0000][7][safepoint   ] Safepoint "ICBufferFull", Time since last: 2525375 ns, Reaching safepoint: 253708 ns, At safepoint: 1833 ns, Total: 255541 ns
[2023-01-09T09:47:22.168+0000][7][safepoint   ] Safepoint "ICBufferFull", Time since last: 935917 ns, Reaching safepoint: 230750 ns, At safepoint: 1708 ns, Total: 232458 ns
[2023-01-09T09:47:22.170+0000][7][safepoint   ] Safepoint "ICBufferFull", Time since last: 1338125 ns, Reaching safepoint: 92000 ns, At safepoint: 1292 ns, Total: 93292 ns
[2023-01-09T09:47:22.171+0000][7][safepoint   ] Safepoint "ICBufferFull", Time since last: 889125 ns, Reaching safepoint: 122458 ns, At safepoint: 1375 ns, Total: 123833 ns
[2023-01-09T09:47:22.172+0000][7][safepoint   ] Safepoint "ICBufferFull", Time since last: 868375 ns, Reaching safepoint: 169209 ns, At safepoint: 1833 ns, Total: 171042 ns
[2023-01-09T09:47:22.173+0000][7][safepoint   ] Safepoint "ICBufferFull", Time since last: 1210375 ns, Reaching safepoint: 92708 ns, At safepoint: 1417 ns, Total: 94125 ns
[2023-01-09T09:47:22.174+0000][7][safepoint   ] Safepoint "ICBufferFull", Time since last: 883542 ns, Reaching safepoint: 92958 ns, At safepoint: 1292 ns, Total: 94250 ns
[2023-01-09T09:47:22.175+0000][7][safepoint   ] Safepoint "ICBufferFull", Time since last: 1144541 ns, Reaching safepoint: 93375 ns, At safepoint: 1375 ns, Total: 94750 ns
[2023-01-09T09:47:22.177+0000][7][safepoint   ] Safepoint "ICBufferFull", Time since last: 1084167 ns, Reaching safepoint: 126333 ns, At safepoint: 1375 ns, Total: 127708 ns
[2023-01-09T09:47:22.178+0000][7][safepoint   ] Safepoint "ICBufferFull", Time since last: 1128250 ns, Reaching safepoint: 20917 ns, At safepoint: 1292 ns, Total: 22209 ns
[2023-01-09T09:47:22.179+0000][7][safepoint   ] Safepoint "ICBufferFull", Time since last: 885541 ns, Reaching safepoint: 20917 ns, At safepoint: 1125 ns, Total: 22042 ns
[2023-01-09T09:47:22.180+0000][7][safepoint   ] Safepoint "ICBufferFull", Time since last: 1127375 ns, Reaching safepoint: 35000 ns, At safepoint: 1417 ns, Total: 36417 ns
[2023-01-09T09:47:22.181+0000][7][safepoint   ] Safepoint "ICBufferFull", Time since last: 856416 ns, Reaching safepoint: 20125 ns, At safepoint: 1209 ns, Total: 21334 ns
[2023-01-09T09:47:22.182+0000][7][safepoint   ] Safepoint "ICBufferFull", Time since last: 997458 ns, Reaching safepoint: 22167 ns, At safepoint: 1333 ns, Total: 23500 ns
[2023-01-09T09:47:22.183+0000][7][safepoint   ] Safepoint "ICBufferFull", Time since last: 855500 ns, Reaching safepoint: 25083 ns, At safepoint: 1542 ns, Total: 26625 ns
[2023-01-09T09:47:22.184+0000][7][safepoint   ] Safepoint "ICBufferFull", Time since last: 918583 ns, Reaching safepoint: 24334 ns, At safepoint: 1416 ns, Total: 25750 ns
[2023-01-09T09:47:22.185+0000][7][safepoint   ] Safepoint "ICBufferFull", Time since last: 1104459 ns, Reaching safepoint: 25083 ns, At safepoint: 1500 ns, Total: 26583 ns
[2023-01-09T09:47:22.186+0000][7][safepoint   ] Safepoint "ICBufferFull", Time since last: 1054792 ns, Reaching safepoint: 23583 ns, At safepoint: 1208 ns, Total: 24791 ns
[2023-01-09T09:47:22.187+0000][7][safepoint   ] Safepoint "ICBufferFull", Time since last: 785625 ns, Reaching safepoint: 20417 ns, At safepoint: 1125 ns, Total: 21542 ns
[2023-01-09T09:47:22.187+0000][7][safepoint   ] Safepoint "ICBufferFull", Time since last: 751125 ns, Reaching safepoint: 20667 ns, At safepoint: 1291 ns, Total: 21958 ns
[2023-01-09T09:47:22.188+0000][7][safepoint   ] Safepoint "ICBufferFull", Time since last: 979042 ns, Reaching safepoint: 21042 ns, At safepoint: 1208 ns, Total: 22250 ns
[2023-01-09T09:47:22.189+0000][7][safepoint   ] Safepoint "ICBufferFull", Time since last: 748167 ns, Reaching safepoint: 19250 ns, At safepoint: 1125 ns, Total: 20375 ns
[2023-01-09T09:47:22.190+0000][7][safepoint   ] Safepoint "ICBufferFull", Time since last: 817416 ns, Reaching safepoint: 21334 ns, At safepoint: 1250 ns, Total: 22584 ns
[2023-01-09T09:47:22.192+0000][7][safepoint   ] Safepoint "ICBufferFull", Time since last: 1561416 ns, Reaching safepoint: 20917 ns, At safepoint: 1250 ns, Total: 22167 ns
[2023-01-09T09:47:22.192+0000][7][safepoint   ] Safepoint "ICBufferFull", Time since last: 922208 ns, Reaching safepoint: 20000 ns, At safepoint: 1292 ns, Total: 21292 ns
[2023-01-09T09:47:22.193+0000][7][safepoint   ] Safepoint "ICBufferFull", Time since last: 876833 ns, Reaching safepoint: 20875 ns, At safepoint: 1209 ns, Total: 22084 ns
[2023-01-09T09:47:22.194+0000][7][safepoint   ] Safepoint "ICBufferFull", Time since last: 756708 ns, Reaching safepoint: 20333 ns, At safepoint: 1292 ns, Total: 21625 ns
[2023-01-09T09:47:22.195+0000][7][safepoint   ] Safepoint "ICBufferFull", Time since last: 809458 ns, Reaching safepoint: 21459 ns, At safepoint: 1291 ns, Total: 22750 ns
[2023-01-09T09:47:22.196+0000][7][safepoint   ] Safepoint "ICBufferFull", Time since last: 998917 ns, Reaching safepoint: 21625 ns, At safepoint: 1375 ns, Total: 23000 ns
[2023-01-09T09:47:22.197+0000][7][safepoint   ] Safepoint "ICBufferFull", Time since last: 906000 ns, Reaching safepoint: 19792 ns, At safepoint: 1291 ns, Total: 21083 ns
[2023-01-09T09:47:22.198+0000][7][safepoint   ] Safepoint "ICBufferFull", Time since last: 710334 ns, Reaching safepoint: 19708 ns, At safepoint: 1250 ns, Total: 20958 ns
[2023-01-09T09:47:22.199+0000][7][safepoint   ] Safepoint "ICBufferFull", Time since last: 1251875 ns, Reaching safepoint: 20875 ns, At safepoint: 1250 ns, Total: 22125 ns
[2023-01-09T09:47:22.200+0000][7][safepoint   ] Safepoint "ICBufferFull", Time since last: 1429042 ns, Reaching safepoint: 22875 ns, At safepoint: 1291 ns, Total: 24166 ns
[2023-01-09T09:47:22.201+0000][7][safepoint   ] Safepoint "ICBufferFull", Time since last: 748000 ns, Reaching safepoint: 19584 ns, At safepoint: 1208 ns, Total: 20792 ns
[2023-01-09T09:47:22.202+0000][7][safepoint   ] Safepoint "ICBufferFull", Time since last: 707375 ns, Reaching safepoint: 19917 ns, At safepoint: 1208 ns, Total: 21125 ns
[2023-01-09T09:47:22.277+0000][7][safepoint   ] Safepoint "ICBufferFull", Time since last: 75419625 ns, Reaching safepoint: 160583 ns, At safepoint: 1875 ns, Total: 162458 ns
[2023-01-09T09:47:22.280+0000][7][safepoint   ] Safepoint "ICBufferFull", Time since last: 2694125 ns, Reaching safepoint: 155125 ns, At safepoint: 2709 ns, Total: 157834 ns
[2023-01-09T09:47:22.281+0000][7][safepoint   ] Safepoint "ICBufferFull", Time since last: 893000 ns, Reaching safepoint: 82875 ns, At safepoint: 1583 ns, Total: 84458 ns
[2023-01-09T09:47:22.282+0000][7][safepoint   ] Safepoint "ICBufferFull", Time since last: 899167 ns, Reaching safepoint: 156166 ns, At safepoint: 1750 ns, Total: 157916 ns
[2023-01-09T09:47:22.284+0000][7][safepoint   ] Safepoint "ICBufferFull", Time since last: 1246917 ns, Reaching safepoint: 74750 ns, At safepoint: 1292 ns, Total: 76042 ns
[2023-01-09T09:47:22.285+0000][7][safepoint   ] Safepoint "ICBufferFull", Time since last: 1168166 ns, Reaching safepoint: 96334 ns, At safepoint: 1583 ns, Total: 97917 ns
[2023-01-09T09:47:22.286+0000][7][safepoint   ] Safepoint "ICBufferFull", Time since last: 966458 ns, Reaching safepoint: 189292 ns, At safepoint: 2000 ns, Total: 191292 ns
[2023-01-09T09:47:22.287+0000][7][safepoint   ] Safepoint "ICBufferFull", Time since last: 897875 ns, Reaching safepoint: 133708 ns, At safepoint: 1542 ns, Total: 135250 ns
[2023-01-09T09:47:22.288+0000][7][safepoint   ] Safepoint "ICBufferFull", Time since last: 937250 ns, Reaching safepoint: 95292 ns, At safepoint: 1333 ns, Total: 96625 ns
[2023-01-09T09:47:22.289+0000][7][safepoint   ] Safepoint "ICBufferFull", Time since last: 821083 ns, Reaching safepoint: 91209 ns, At safepoint: 1250 ns, Total: 92459 ns
[2023-01-09T09:47:22.290+0000][7][safepoint   ] Safepoint "ICBufferFull", Time since last: 843583 ns, Reaching safepoint: 95667 ns, At safepoint: 1250 ns, Total: 96917 ns
[2023-01-09T09:47:22.292+0000][7][safepoint   ] Safepoint "ICBufferFull", Time since last: 1997041 ns, Reaching safepoint: 142625 ns, At safepoint: 1542 ns, Total: 144167 ns
[2023-01-09T09:47:22.294+0000][7][safepoint   ] Safepoint "ICBufferFull", Time since last: 1685625 ns, Reaching safepoint: 31875 ns, At safepoint: 1625 ns, Total: 33500 ns
[2023-01-09T09:47:22.295+0000][7][safepoint   ] Safepoint "ICBufferFull", Time since last: 948083 ns, Reaching safepoint: 24000 ns, At safepoint: 1334 ns, Total: 25334 ns
[2023-01-09T09:47:22.296+0000][7][safepoint   ] Safepoint "ICBufferFull", Time since last: 949166 ns, Reaching safepoint: 23667 ns, At safepoint: 1375 ns, Total: 25042 ns
[2023-01-09T09:47:22.297+0000][7][safepoint   ] Safepoint "ICBufferFull", Time since last: 1105292 ns, Reaching safepoint: 25000 ns, At safepoint: 1291 ns, Total: 26291 ns
[2023-01-09T09:47:22.298+0000][7][safepoint   ] Safepoint "ICBufferFull", Time since last: 959667 ns, Reaching safepoint: 74792 ns, At safepoint: 1250 ns, Total: 76042 ns
[2023-01-09T09:47:22.299+0000][7][safepoint   ] Safepoint "ICBufferFull", Time since last: 881916 ns, Reaching safepoint: 23209 ns, At safepoint: 1458 ns, Total: 24667 ns
[2023-01-09T09:47:22.300+0000][7][safepoint   ] Safepoint "ICBufferFull", Time since last: 1243333 ns, Reaching safepoint: 25417 ns, At safepoint: 1417 ns, Total: 26834 ns
[2023-01-09T09:47:22.301+0000][7][safepoint   ] Safepoint "ICBufferFull", Time since last: 836708 ns, Reaching safepoint: 22792 ns, At safepoint: 1250 ns, Total: 24042 ns
[2023-01-09T09:47:22.302+0000][7][safepoint   ] Safepoint "ICBufferFull", Time since last: 756125 ns, Reaching safepoint: 21875 ns, At safepoint: 1291 ns, Total: 23166 ns
[2023-01-09T09:47:22.303+0000][7][safepoint   ] Safepoint "ICBufferFull", Time since last: 1224542 ns, Reaching safepoint: 21167 ns, At safepoint: 1125 ns, Total: 22292 ns
[2023-01-09T09:47:22.307+0000][7][safepoint   ] Safepoint "ICBufferFull", Time since last: 1149375 ns, Reaching safepoint: 3161958 ns, At safepoint: 9333 ns, Total: 3171291 ns
[2023-01-09T09:47:22.309+0000][7][safepoint   ] Safepoint "ICBufferFull", Time since last: 1162042 ns, Reaching safepoint: 30583 ns, At safepoint: 1417 ns, Total: 32000 ns
[2023-01-09T09:47:22.310+0000][7][safepoint   ] Safepoint "ICBufferFull", Time since last: 925375 ns, Reaching safepoint: 23000 ns, At safepoint: 1375 ns, Total: 24375 ns
[2023-01-09T09:47:22.311+0000][7][safepoint   ] Safepoint "ICBufferFull", Time since last: 948292 ns, Reaching safepoint: 42208 ns, At safepoint: 1500 ns, Total: 43708 ns
[2023-01-09T09:47:22.312+0000][7][safepoint   ] Safepoint "ICBufferFull", Time since last: 952792 ns, Reaching safepoint: 24291 ns, At safepoint: 1334 ns, Total: 25625 ns
[2023-01-09T09:47:22.313+0000][7][safepoint   ] Safepoint "ICBufferFull", Time since last: 1313791 ns, Reaching safepoint: 25584 ns, At safepoint: 1416 ns, Total: 27000 ns
[2023-01-09T09:47:22.314+0000][7][safepoint   ] Safepoint "ICBufferFull", Time since last: 861625 ns, Reaching safepoint: 22042 ns, At safepoint: 1375 ns, Total: 23417 ns
[2023-01-09T09:47:22.315+0000][7][safepoint   ] Safepoint "ICBufferFull", Time since last: 818625 ns, Reaching safepoint: 25708 ns, At safepoint: 1417 ns, Total: 27125 ns
[2023-01-09T09:47:22.316+0000][7][safepoint   ] Safepoint "ICBufferFull", Time since last: 1164083 ns, Reaching safepoint: 23917 ns, At safepoint: 1375 ns, Total: 25292 ns
[2023-01-09T09:47:22.317+0000][7][safepoint   ] Safepoint "ICBufferFull", Time since last: 813625 ns, Reaching safepoint: 23625 ns, At safepoint: 1333 ns, Total: 24958 ns
[2023-01-09T09:47:22.318+0000][7][safepoint   ] Safepoint "ICBufferFull", Time since last: 1022542 ns, Reaching safepoint: 25833 ns, At safepoint: 1250 ns, Total: 27083 ns
[2023-01-09T09:47:22.319+0000][7][safepoint   ] Safepoint "ICBufferFull", Time since last: 1512917 ns, Reaching safepoint: 75375 ns, At safepoint: 1583 ns, Total: 76958 ns
[2023-01-09T09:47:22.320+0000][7][safepoint   ] Safepoint "ICBufferFull", Time since last: 944084 ns, Reaching safepoint: 22500 ns, At safepoint: 1291 ns, Total: 23791 ns
[2023-01-09T09:47:22.321+0000][7][safepoint   ] Safepoint "ICBufferFull", Time since last: 909250 ns, Reaching safepoint: 22792 ns, At safepoint: 1333 ns, Total: 24125 ns
[2023-01-09T09:47:22.323+0000][7][safepoint   ] Safepoint "ICBufferFull", Time since last: 2101875 ns, Reaching safepoint: 108542 ns, At safepoint: 1917 ns, Total: 110459 ns
[2023-01-09T09:47:22.325+0000][7][safepoint   ] Safepoint "ICBufferFull", Time since last: 1139916 ns, Reaching safepoint: 51500 ns, At safepoint: 1459 ns, Total: 52959 ns
[2023-01-09T09:47:22.326+0000][7][safepoint   ] Safepoint "ICBufferFull", Time since last: 998625 ns, Reaching safepoint: 34791 ns, At safepoint: 8125 ns, Total: 42916 ns
[2023-01-09T09:47:22.490+0000][7][safepoint   ] Safepoint "ICBufferFull", Time since last: 155201167 ns, Reaching safepoint: 9434625 ns, At safepoint: 14042 ns, Total: 9448667 ns
[2023-01-09T09:47:22.566+0000][7][safepoint   ] Safepoint "ICBufferFull", Time since last: 64402667 ns, Reaching safepoint: 11705125 ns, At safepoint: 9791 ns, Total: 11714916 ns
[2023-01-09T09:47:22.570+0000][7][safepoint   ] Safepoint "ICBufferFull", Time since last: 2480334 ns, Reaching safepoint: 1549333 ns, At safepoint: 4292 ns, Total: 1553625 ns
[2023-01-09T09:47:22.578+0000][7][safepoint   ] Safepoint "ICBufferFull", Time since last: 1150125 ns, Reaching safepoint: 5954000 ns, At safepoint: 10500 ns, Total: 5964500 ns
[2023-01-09T09:47:22.582+0000][7][safepoint   ] Safepoint "ICBufferFull", Time since last: 1208750 ns, Reaching safepoint: 3216500 ns, At safepoint: 4750 ns, Total: 3221250 ns
[2023-01-09T09:47:22.589+0000][7][safepoint   ] Safepoint "ICBufferFull", Time since last: 3567041 ns, Reaching safepoint: 3928292 ns, At safepoint: 12083 ns, Total: 3940375 ns
[2023-01-09T09:47:23.045+0000][7][gc,start    ] GC(4) Pause Young (Normal) (G1 Evacuation Pause)
[2023-01-09T09:47:23.046+0000][7][gc,task     ] GC(4) Using 4 workers of 4 for evacuation
[2023-01-09T09:47:23.047+0000][7][gc,age      ] GC(4) Desired survivor size 12582912 bytes, new threshold 15 (max threshold 15)
[2023-01-09T09:47:23.070+0000][7][gc,age      ] GC(4) Age table with threshold 15 (max threshold 15)
[2023-01-09T09:47:23.071+0000][7][gc,age      ] GC(4) - age   1:    5167720 bytes,    5167720 total
[2023-01-09T09:47:23.073+0000][7][gc,age      ] GC(4) - age   2:    1162096 bytes,    6329816 total
[2023-01-09T09:47:23.074+0000][7][gc,age      ] GC(4) - age   3:    2109184 bytes,    8439000 total
[2023-01-09T09:47:23.075+0000][7][gc,phases   ] GC(4)   Pre Evacuate Collection Set: 0.1ms
[2023-01-09T09:47:23.076+0000][7][gc,phases   ] GC(4)   Merge Heap Roots: 0.2ms
[2023-01-09T09:47:23.077+0000][7][gc,phases   ] GC(4)   Evacuate Collection Set: 21.8ms
[2023-01-09T09:47:23.078+0000][7][gc,phases   ] GC(4)   Post Evacuate Collection Set: 0.5ms
[2023-01-09T09:47:23.079+0000][7][gc,phases   ] GC(4)   Other: 7.6ms
[2023-01-09T09:47:23.080+0000][7][gc,heap     ] GC(4) Eden regions: 181->0(298)
[2023-01-09T09:47:23.080+0000][7][gc,heap     ] GC(4) Survivor regions: 5->9(24)
[2023-01-09T09:47:23.081+0000][7][gc,heap     ] GC(4) Old regions: 4->4
[2023-01-09T09:47:23.082+0000][7][gc,heap     ] GC(4) Archive regions: 0->0
[2023-01-09T09:47:23.083+0000][7][gc,heap     ] GC(4) Humongous regions: 2->1
[2023-01-09T09:47:23.084+0000][7][gc,metaspace] GC(4) Metaspace: 25875K(26624K)->25875K(26624K) NonClass: 22988K(23552K)->22988K(23552K) Class: 2886K(3072K)->2886K(3072K)
[2023-01-09T09:47:23.085+0000][7][gc          ] GC(4) Pause Young (Normal) (G1 Evacuation Pause) 191M->13M(512M) 40.030ms
[2023-01-09T09:47:23.086+0000][7][gc,cpu      ] GC(4) User=0.02s Sys=0.00s Real=0.04s
[2023-01-09T09:47:23.087+0000][7][safepoint   ] Safepoint "G1CollectForAllocation", Time since last: 454988459 ns, Reaching safepoint: 191750 ns, At safepoint: 42019625 ns, Total: 42211375 ns
[2023-01-09T09:47:23.780+0000][7][safepoint   ] Safepoint "ICBufferFull", Time since last: 688702708 ns, Reaching safepoint: 5126084 ns, At safepoint: 4125 ns, Total: 5130209 ns
[2023-01-09T09:47:23.939+0000][7][gc,start    ] GC(5) Pause Young (Normal) (G1 Evacuation Pause)
[2023-01-09T09:47:23.940+0000][7][gc,task     ] GC(5) Using 4 workers of 4 for evacuation
[2023-01-09T09:47:23.942+0000][7][gc,age      ] GC(5) Desired survivor size 20447232 bytes, new threshold 15 (max threshold 15)
[2023-01-09T09:47:23.965+0000][7][gc,age      ] GC(5) Age table with threshold 15 (max threshold 15)
[2023-01-09T09:47:23.966+0000][7][gc,age      ] GC(5) - age   1:    3634888 bytes,    3634888 total
[2023-01-09T09:47:23.966+0000][7][gc,age      ] GC(5) - age   2:    4319696 bytes,    7954584 total
[2023-01-09T09:47:23.967+0000][7][gc,age      ] GC(5) - age   3:    1161920 bytes,    9116504 total
[2023-01-09T09:47:23.968+0000][7][gc,age      ] GC(5) - age   4:    2109184 bytes,   11225688 total
[2023-01-09T09:47:23.969+0000][7][gc,phases   ] GC(5)   Pre Evacuate Collection Set: 0.1ms
[2023-01-09T09:47:23.969+0000][7][gc,phases   ] GC(5)   Merge Heap Roots: 0.0ms
[2023-01-09T09:47:23.970+0000][7][gc,phases   ] GC(5)   Evacuate Collection Set: 19.9ms
[2023-01-09T09:47:23.971+0000][7][gc,phases   ] GC(5)   Post Evacuate Collection Set: 2.4ms
[2023-01-09T09:47:23.972+0000][7][gc,phases   ] GC(5)   Other: 7.5ms
[2023-01-09T09:47:23.972+0000][7][gc,heap     ] GC(5) Eden regions: 298->0(295)
[2023-01-09T09:47:23.973+0000][7][gc,heap     ] GC(5) Survivor regions: 9->12(39)
[2023-01-09T09:47:23.974+0000][7][gc,heap     ] GC(5) Old regions: 4->4
[2023-01-09T09:47:23.975+0000][7][gc,heap     ] GC(5) Archive regions: 0->0
[2023-01-09T09:47:23.976+0000][7][gc,heap     ] GC(5) Humongous regions: 1->1
[2023-01-09T09:47:23.977+0000][7][gc,metaspace] GC(5) Metaspace: 27609K(28672K)->27609K(28672K) NonClass: 24532K(25344K)->24532K(25344K) Class: 3077K(3328K)->3077K(3328K)
[2023-01-09T09:47:23.978+0000][7][gc          ] GC(5) Pause Young (Normal) (G1 Evacuation Pause) 311M->16M(512M) 38.854ms
[2023-01-09T09:47:23.979+0000][7][gc,cpu      ] GC(5) User=0.01s Sys=0.00s Real=0.04s
[2023-01-09T09:47:23.980+0000][7][safepoint   ] Safepoint "G1CollectForAllocation", Time since last: 156133000 ns, Reaching safepoint: 2186542 ns, At safepoint: 40764041 ns, Total: 42950583 ns
[2023-01-09T09:47:24.644+0000][7][safepoint   ] Safepoint "ICBufferFull", Time since last: 664613001 ns, Reaching safepoint: 245375 ns, At safepoint: 2375 ns, Total: 247750 ns
[2023-01-09T09:47:24.675+0000][7][gc,start    ] GC(6) Pause Young (Normal) (G1 Evacuation Pause)
[2023-01-09T09:47:24.676+0000][7][gc,task     ] GC(6) Using 4 workers of 4 for evacuation
[2023-01-09T09:47:24.677+0000][7][gc,age      ] GC(6) Desired survivor size 20447232 bytes, new threshold 15 (max threshold 15)
[2023-01-09T09:47:24.691+0000][7][gc,age      ] GC(6) Age table with threshold 15 (max threshold 15)
[2023-01-09T09:47:24.692+0000][7][gc,age      ] GC(6) - age   1:    2201376 bytes,    2201376 total
[2023-01-09T09:47:24.693+0000][7][gc,age      ] GC(6) - age   2:    3278440 bytes,    5479816 total
[2023-01-09T09:47:24.694+0000][7][gc,age      ] GC(6) - age   3:    4315392 bytes,    9795208 total
[2023-01-09T09:47:24.695+0000][7][gc,age      ] GC(6) - age   4:    1161776 bytes,   10956984 total
[2023-01-09T09:47:24.696+0000][7][gc,age      ] GC(6) - age   5:    2109184 bytes,   13066168 total
[2023-01-09T09:47:24.697+0000][7][gc,phases   ] GC(6)   Pre Evacuate Collection Set: 0.8ms
[2023-01-09T09:47:24.698+0000][7][gc,phases   ] GC(6)   Merge Heap Roots: 0.1ms
[2023-01-09T09:47:24.699+0000][7][gc,phases   ] GC(6)   Evacuate Collection Set: 12.0ms
[2023-01-09T09:47:24.700+0000][7][gc,phases   ] GC(6)   Post Evacuate Collection Set: 0.7ms
[2023-01-09T09:47:24.701+0000][7][gc,phases   ] GC(6)   Other: 8.7ms
[2023-01-09T09:47:24.702+0000][7][gc,heap     ] GC(6) Eden regions: 295->0(294)
[2023-01-09T09:47:24.703+0000][7][gc,heap     ] GC(6) Survivor regions: 12->13(39)
[2023-01-09T09:47:24.704+0000][7][gc,heap     ] GC(6) Old regions: 4->4
[2023-01-09T09:47:24.705+0000][7][gc,heap     ] GC(6) Archive regions: 0->0
[2023-01-09T09:47:24.706+0000][7][gc,heap     ] GC(6) Humongous regions: 1->1
[2023-01-09T09:47:24.707+0000][7][gc,metaspace] GC(6) Metaspace: 27980K(29056K)->27980K(29056K) NonClass: 24835K(25600K)->24835K(25600K) Class: 3145K(3456K)->3145K(3456K)
[2023-01-09T09:47:24.708+0000][7][gc          ] GC(6) Pause Young (Normal) (G1 Evacuation Pause) 311M->17M(512M) 32.947ms
[2023-01-09T09:47:24.710+0000][7][gc,cpu      ] GC(6) User=0.02s Sys=0.00s Real=0.04s
[2023-01-09T09:47:24.712+0000][7][safepoint   ] Safepoint "G1CollectForAllocation", Time since last: 29867208 ns, Reaching safepoint: 296792 ns, At safepoint: 37149291 ns, Total: 37446083 ns
[2023-01-09T09:47:25.280+0000][7][gc,start    ] GC(7) Pause Young (Normal) (G1 Evacuation Pause)
[2023-01-09T09:47:25.282+0000][7][gc,task     ] GC(7) Using 4 workers of 4 for evacuation
[2023-01-09T09:47:25.282+0000][7][gc,age      ] GC(7) Desired survivor size 20447232 bytes, new threshold 15 (max threshold 15)
[2023-01-09T09:47:25.306+0000][7][gc,age      ] GC(7) Age table with threshold 15 (max threshold 15)
[2023-01-09T09:47:25.307+0000][7][gc,age      ] GC(7) - age   1:    2701336 bytes,    2701336 total
[2023-01-09T09:47:25.308+0000][7][gc,age      ] GC(7) - age   2:     613792 bytes,    3315128 total
[2023-01-09T09:47:25.309+0000][7][gc,age      ] GC(7) - age   3:    3276664 bytes,    6591792 total
[2023-01-09T09:47:25.310+0000][7][gc,age      ] GC(7) - age   4:    4314952 bytes,   10906744 total
[2023-01-09T09:47:25.310+0000][7][gc,age      ] GC(7) - age   5:    1161776 bytes,   12068520 total
[2023-01-09T09:47:25.311+0000][7][gc,age      ] GC(7) - age   6:    2109184 bytes,   14177704 total
[2023-01-09T09:47:25.312+0000][7][gc,phases   ] GC(7)   Pre Evacuate Collection Set: 0.4ms
[2023-01-09T09:47:25.313+0000][7][gc,phases   ] GC(7)   Merge Heap Roots: 0.0ms
[2023-01-09T09:47:25.314+0000][7][gc,phases   ] GC(7)   Evacuate Collection Set: 21.8ms
[2023-01-09T09:47:25.314+0000][7][gc,phases   ] GC(7)   Post Evacuate Collection Set: 0.7ms
[2023-01-09T09:47:25.315+0000][7][gc,phases   ] GC(7)   Other: 8.3ms
[2023-01-09T09:47:25.316+0000][7][gc,heap     ] GC(7) Eden regions: 294->0(292)
[2023-01-09T09:47:25.317+0000][7][gc,heap     ] GC(7) Survivor regions: 13->15(39)
[2023-01-09T09:47:25.318+0000][7][gc,heap     ] GC(7) Old regions: 4->4
[2023-01-09T09:47:25.318+0000][7][gc,heap     ] GC(7) Archive regions: 0->0
[2023-01-09T09:47:25.319+0000][7][gc,heap     ] GC(7) Humongous regions: 1->1
[2023-01-09T09:47:25.319+0000][7][gc,metaspace] GC(7) Metaspace: 28515K(29952K)->28515K(29952K) NonClass: 25288K(26368K)->25288K(26368K) Class: 3226K(3584K)->3226K(3584K)
[2023-01-09T09:47:25.320+0000][7][gc          ] GC(7) Pause Young (Normal) (G1 Evacuation Pause) 311M->19M(512M) 39.247ms
[2023-01-09T09:47:25.320+0000][7][gc,cpu      ] GC(7) User=0.01s Sys=0.00s Real=0.04s
[2023-01-09T09:47:25.321+0000][7][safepoint   ] Safepoint "G1CollectForAllocation", Time since last: 566139376 ns, Reaching safepoint: 2544166 ns, At safepoint: 40502584 ns, Total: 43046750 ns
[2023-01-09T09:47:25.590+0000][7][safepoint   ] Safepoint "ICBufferFull", Time since last: 269316916 ns, Reaching safepoint: 229792 ns, At safepoint: 6542 ns, Total: 236334 ns
[2023-01-09T09:47:26.047+0000][7][gc,start    ] GC(8) Pause Young (Concurrent Start) (Metadata GC Threshold)
[2023-01-09T09:47:26.048+0000][7][gc,task     ] GC(8) Using 4 workers of 4 for evacuation
[2023-01-09T09:47:26.049+0000][7][gc,age      ] GC(8) Desired survivor size 20447232 bytes, new threshold 15 (max threshold 15)
[2023-01-09T09:47:26.096+0000][7][gc,age      ] GC(8) Age table with threshold 15 (max threshold 15)
[2023-01-09T09:47:26.097+0000][7][gc,age      ] GC(8) - age   1:    2135368 bytes,    2135368 total
[2023-01-09T09:47:26.098+0000][7][gc,age      ] GC(8) - age   2:    2298520 bytes,    4433888 total
[2023-01-09T09:47:26.098+0000][7][gc,age      ] GC(8) - age   3:     602976 bytes,    5036864 total
[2023-01-09T09:47:26.100+0000][7][gc,age      ] GC(8) - age   4:    3261632 bytes,    8298496 total
[2023-01-09T09:47:26.101+0000][7][gc,age      ] GC(8) - age   5:    4303752 bytes,   12602248 total
[2023-01-09T09:47:26.102+0000][7][gc,age      ] GC(8) - age   6:    1131392 bytes,   13733640 total
[2023-01-09T09:47:26.103+0000][7][gc,age      ] GC(8) - age   7:    2106448 bytes,   15840088 total
[2023-01-09T09:47:26.103+0000][7][gc,phases   ] GC(8)   Pre Evacuate Collection Set: 0.1ms
[2023-01-09T09:47:26.105+0000][7][gc,phases   ] GC(8)   Merge Heap Roots: 0.3ms
[2023-01-09T09:47:26.105+0000][7][gc,phases   ] GC(8)   Evacuate Collection Set: 35.4ms
[2023-01-09T09:47:26.106+0000][7][gc,phases   ] GC(8)   Post Evacuate Collection Set: 10.1ms
[2023-01-09T09:47:26.107+0000][7][gc,phases   ] GC(8)   Other: 10.3ms
[2023-01-09T09:47:26.107+0000][7][gc,heap     ] GC(8) Eden regions: 132->0(291)
[2023-01-09T09:47:26.108+0000][7][gc,heap     ] GC(8) Survivor regions: 15->16(39)
[2023-01-09T09:47:26.108+0000][7][gc,heap     ] GC(8) Old regions: 4->4
[2023-01-09T09:47:26.109+0000][7][gc,heap     ] GC(8) Archive regions: 0->0
[2023-01-09T09:47:26.110+0000][7][gc,heap     ] GC(8) Humongous regions: 1->1
[2023-01-09T09:47:26.110+0000][7][gc,metaspace] GC(8) Metaspace: 33901K(35584K)->33901K(35584K) NonClass: 29970K(31232K)->29970K(31232K) Class: 3931K(4352K)->3931K(4352K)
[2023-01-09T09:47:26.111+0000][7][gc          ] GC(8) Pause Young (Concurrent Start) (Metadata GC Threshold) 151M->20M(512M) 63.699ms
[2023-01-09T09:47:26.112+0000][7][gc,cpu      ] GC(8) User=0.02s Sys=0.00s Real=0.07s
[2023-01-09T09:47:26.112+0000][7][gc          ] GC(9) Concurrent Cycle
[2023-01-09T09:47:26.113+0000][7][gc,marking  ] GC(9) Concurrent Clear Claimed Marks
[2023-01-09T09:47:26.112+0000][7][safepoint   ] Safepoint "CollectForMetadataAllocation", Time since last: 452494958 ns, Reaching safepoint: 4158459 ns, At safepoint: 65312333 ns, Total: 69470792 ns
[2023-01-09T09:47:26.114+0000][7][gc,marking  ] GC(9) Concurrent Clear Claimed Marks 0.731ms
[2023-01-09T09:47:26.115+0000][7][gc,marking  ] GC(9) Concurrent Scan Root Regions
[2023-01-09T09:47:26.120+0000][7][gc,marking  ] GC(9) Concurrent Scan Root Regions 4.629ms
[2023-01-09T09:47:26.123+0000][7][gc,marking  ] GC(9) Concurrent Mark (7.575s)
[2023-01-09T09:47:26.124+0000][7][gc,marking  ] GC(9) Concurrent Mark From Roots
[2023-01-09T09:47:26.125+0000][7][gc,task     ] GC(9) Using 1 workers of 1 for marking
[2023-01-09T09:47:26.133+0000][7][gc,marking  ] GC(9) Concurrent Mark From Roots 8.581ms
[2023-01-09T09:47:26.136+0000][7][gc,marking  ] GC(9) Concurrent Preclean
[2023-01-09T09:47:26.143+0000][7][safepoint   ] Safepoint "CollectForMetadataAllocation", Time since last: 24768875 ns, Reaching safepoint: 5475000 ns, At safepoint: 76375 ns, Total: 5551375 ns
[2023-01-09T09:47:26.143+0000][7][gc,marking  ] GC(9) Concurrent Preclean 6.486ms
[2023-01-09T09:47:26.144+0000][7][gc,marking  ] GC(9) Concurrent Mark (7.575s, 7.595s) 20.965ms
[2023-01-09T09:47:26.147+0000][7][gc,start    ] GC(9) Pause Remark
[2023-01-09T09:47:26.155+0000][7][gc          ] GC(9) Pause Remark 21M->21M(512M) 8.685ms
[2023-01-09T09:47:26.156+0000][7][gc,cpu      ] GC(9) User=0.00s Sys=0.00s Real=0.01s
[2023-01-09T09:47:26.157+0000][7][safepoint   ] Safepoint "G1Concurrent", Time since last: 3802792 ns, Reaching safepoint: 59000 ns, At safepoint: 10433041 ns, Total: 10492041 ns
[2023-01-09T09:47:26.158+0000][7][gc,marking  ] GC(9) Concurrent Rebuild Remembered Sets
[2023-01-09T09:47:26.161+0000][7][gc,marking  ] GC(9) Concurrent Rebuild Remembered Sets 2.835ms
[2023-01-09T09:47:26.163+0000][7][gc,start    ] GC(9) Pause Cleanup
[2023-01-09T09:47:26.164+0000][7][gc          ] GC(9) Pause Cleanup 22M->22M(512M) 0.964ms
[2023-01-09T09:47:26.165+0000][7][gc,cpu      ] GC(9) User=0.00s Sys=0.00s Real=0.00s
[2023-01-09T09:47:26.166+0000][7][safepoint   ] Safepoint "G1Concurrent", Time since last: 4536709 ns, Reaching safepoint: 942958 ns, At safepoint: 2998375 ns, Total: 3941333 ns
[2023-01-09T09:47:26.167+0000][7][gc,marking  ] GC(9) Concurrent Cleanup for Next Mark
[2023-01-09T09:47:26.168+0000][7][gc,marking  ] GC(9) Concurrent Cleanup for Next Mark 0.975ms
[2023-01-09T09:47:26.169+0000][7][gc          ] GC(9) Concurrent Cycle 56.721ms
[2023-01-09T09:47:27.136+0000][7][safepoint   ] Safepoint "ICBufferFull", Time since last: 966489875 ns, Reaching safepoint: 4312792 ns, At safepoint: 8958 ns, Total: 4321750 ns
[2023-01-09T09:47:28.048+0000][7][safepoint   ] Safepoint "ICBufferFull", Time since last: 911368792 ns, Reaching safepoint: 119208 ns, At safepoint: 2375 ns, Total: 121583 ns
[2023-01-09T09:47:28.363+0000][7][safepoint   ] Safepoint "ICBufferFull", Time since last: 315387334 ns, Reaching safepoint: 144500 ns, At safepoint: 3166 ns, Total: 147666 ns
[2023-01-09T09:47:28.818+0000][7][gc,start    ] GC(10) Pause Young (Concurrent Start) (G1 Evacuation Pause)
[2023-01-09T09:47:28.819+0000][7][gc,task     ] GC(10) Using 4 workers of 4 for evacuation
[2023-01-09T09:47:28.821+0000][7][gc,age      ] GC(10) Desired survivor size 20447232 bytes, new threshold 15 (max threshold 15)
[2023-01-09T09:47:28.880+0000][7][gc,age      ] GC(10) Age table with threshold 15 (max threshold 15)
[2023-01-09T09:47:28.881+0000][7][gc,age      ] GC(10) - age   1:   24802168 bytes,   24802168 total
[2023-01-09T09:47:28.881+0000][7][gc,age      ] GC(10) - age   2:    1983224 bytes,   26785392 total
[2023-01-09T09:47:28.882+0000][7][gc,age      ] GC(10) - age   3:    2294912 bytes,   29080304 total
[2023-01-09T09:47:28.883+0000][7][gc,age      ] GC(10) - age   4:     597728 bytes,   29678032 total
[2023-01-09T09:47:28.883+0000][7][gc,age      ] GC(10) - age   5:    3249744 bytes,   32927776 total
[2023-01-09T09:47:28.884+0000][7][gc,age      ] GC(10) - age   6:    4275968 bytes,   37203744 total
[2023-01-09T09:47:28.884+0000][7][gc,age      ] GC(10) - age   7:    1110992 bytes,   38314736 total
[2023-01-09T09:47:28.885+0000][7][gc,age      ] GC(10) - age   8:    2098400 bytes,   40413136 total
[2023-01-09T09:47:28.886+0000][7][gc,phases   ] GC(10)   Pre Evacuate Collection Set: 0.2ms
[2023-01-09T09:47:28.887+0000][7][gc,phases   ] GC(10)   Merge Heap Roots: 0.1ms
[2023-01-09T09:47:28.888+0000][7][gc,phases   ] GC(10)   Evacuate Collection Set: 48.5ms
[2023-01-09T09:47:28.888+0000][7][gc,phases   ] GC(10)   Post Evacuate Collection Set: 9.1ms
[2023-01-09T09:47:28.889+0000][7][gc,phases   ] GC(10)   Other: 9.8ms
[2023-01-09T09:47:28.889+0000][7][gc,heap     ] GC(10) Eden regions: 291->0(268)
[2023-01-09T09:47:28.890+0000][7][gc,heap     ] GC(10) Survivor regions: 16->39(39)
[2023-01-09T09:47:28.890+0000][7][gc,heap     ] GC(10) Old regions: 4->10
[2023-01-09T09:47:28.891+0000][7][gc,heap     ] GC(10) Archive regions: 0->0
[2023-01-09T09:47:28.892+0000][7][gc,heap     ] GC(10) Humongous regions: 1->1
[2023-01-09T09:47:28.893+0000][7][gc,metaspace] GC(10) Metaspace: 43189K(45568K)->43189K(45568K) NonClass: 37960K(39680K)->37960K(39680K) Class: 5228K(5888K)->5228K(5888K)
[2023-01-09T09:47:28.893+0000][7][gc          ] GC(10) Pause Young (Concurrent Start) (G1 Evacuation Pause) 311M->49M(512M) 74.585ms
[2023-01-09T09:47:28.894+0000][7][gc,cpu      ] GC(10) User=0.07s Sys=0.00s Real=0.08s
[2023-01-09T09:47:28.894+0000][7][gc          ] GC(11) Concurrent Cycle
[2023-01-09T09:47:28.895+0000][7][gc,marking  ] GC(11) Concurrent Clear Claimed Marks
[2023-01-09T09:47:28.896+0000][7][gc,marking  ] GC(11) Concurrent Clear Claimed Marks 0.862ms
[2023-01-09T09:47:28.896+0000][7][gc,marking  ] GC(11) Concurrent Scan Root Regions
[2023-01-09T09:47:28.894+0000][7][safepoint   ] Safepoint "G1CollectForAllocation", Time since last: 455218376 ns, Reaching safepoint: 85166 ns, At safepoint: 76010500 ns, Total: 76095666 ns
[2023-01-09T09:47:28.929+0000][7][gc,marking  ] GC(11) Concurrent Scan Root Regions 32.576ms
[2023-01-09T09:47:28.930+0000][7][gc,marking  ] GC(11) Concurrent Mark (10.381s)
[2023-01-09T09:47:28.931+0000][7][gc,marking  ] GC(11) Concurrent Mark From Roots
[2023-01-09T09:47:28.932+0000][7][gc,task     ] GC(11) Using 1 workers of 1 for marking
[2023-01-09T09:47:28.936+0000][7][gc,marking  ] GC(11) Concurrent Mark From Roots 5.138ms
[2023-01-09T09:47:28.937+0000][7][gc,marking  ] GC(11) Concurrent Preclean
[2023-01-09T09:47:28.939+0000][7][gc,marking  ] GC(11) Concurrent Preclean 2.669ms
[2023-01-09T09:47:28.942+0000][7][gc,marking  ] GC(11) Concurrent Mark (10.381s, 10.393s) 12.234ms
[2023-01-09T09:47:28.943+0000][7][gc,start    ] GC(11) Pause Remark
[2023-01-09T09:47:28.951+0000][7][gc          ] GC(11) Pause Remark 84M->84M(512M) 7.616ms
[2023-01-09T09:47:28.953+0000][7][gc,cpu      ] GC(11) User=0.01s Sys=0.00s Real=0.01s
[2023-01-09T09:47:28.953+0000][7][safepoint   ] Safepoint "G1Concurrent", Time since last: 48433292 ns, Reaching safepoint: 372292 ns, At safepoint: 10201666 ns, Total: 10573958 ns
[2023-01-09T09:47:28.954+0000][7][gc,marking  ] GC(11) Concurrent Rebuild Remembered Sets
[2023-01-09T09:47:28.963+0000][7][gc,marking  ] GC(11) Concurrent Rebuild Remembered Sets 8.706ms
[2023-01-09T09:47:28.966+0000][7][gc,start    ] GC(11) Pause Cleanup
[2023-01-09T09:47:28.967+0000][7][gc          ] GC(11) Pause Cleanup 84M->84M(512M) 0.989ms
[2023-01-09T09:47:28.968+0000][7][gc,cpu      ] GC(11) User=0.00s Sys=0.00s Real=0.00s
[2023-01-09T09:47:28.969+0000][7][safepoint   ] Safepoint "G1Concurrent", Time since last: 10801959 ns, Reaching safepoint: 2017833 ns, At safepoint: 2991500 ns, Total: 5009333 ns
[2023-01-09T09:47:28.970+0000][7][gc,marking  ] GC(11) Concurrent Cleanup for Next Mark
[2023-01-09T09:47:28.971+0000][7][gc,marking  ] GC(11) Concurrent Cleanup for Next Mark 1.263ms
[2023-01-09T09:47:28.972+0000][7][gc          ] GC(11) Concurrent Cycle 77.817ms
[2023-01-09T09:47:29.675+0000][7][safepoint   ] Safepoint "ICBufferFull", Time since last: 704979417 ns, Reaching safepoint: 1047792 ns, At safepoint: 3875 ns, Total: 1051667 ns
[2023-01-09T09:47:30.472+0000][7][safepoint   ] Safepoint "ICBufferFull", Time since last: 796758750 ns, Reaching safepoint: 116167 ns, At safepoint: 2416 ns, Total: 118583 ns
[2023-01-09T09:47:30.767+0000][7][safepoint   ] Safepoint "ICBufferFull", Time since last: 294585834 ns, Reaching safepoint: 415500 ns, At safepoint: 3042 ns, Total: 418542 ns
[2023-01-09T09:47:31.593+0000][7][safepoint   ] Safepoint "ICBufferFull", Time since last: 825557583 ns, Reaching safepoint: 188709 ns, At safepoint: 2666 ns, Total: 191375 ns
[2023-01-09T09:47:31.724+0000][7][safepoint   ] Safepoint "ICBufferFull", Time since last: 131185334 ns, Reaching safepoint: 123500 ns, At safepoint: 1708 ns, Total: 125208 ns
[2023-01-09T09:47:31.726+0000][7][safepoint   ] Safepoint "ICBufferFull", Time since last: 1494250 ns, Reaching safepoint: 119208 ns, At safepoint: 1459 ns, Total: 120667 ns
[2023-01-09T09:47:31.776+0000][7][safepoint   ] Safepoint "ICBufferFull", Time since last: 49799708 ns, Reaching safepoint: 133708 ns, At safepoint: 2209 ns, Total: 135917 ns
[2023-01-09T09:47:32.371+0000][7][safepoint   ] Safepoint "ICBufferFull", Time since last: 592855125 ns, Reaching safepoint: 2847833 ns, At safepoint: 3125 ns, Total: 2850958 ns
[2023-01-09T09:47:32.552+0000][7][gc,start    ] GC(12) Pause Young (Concurrent Start) (Metadata GC Threshold)
[2023-01-09T09:47:32.554+0000][7][gc,task     ] GC(12) Using 4 workers of 4 for evacuation
[2023-01-09T09:47:32.555+0000][7][gc,age      ] GC(12) Desired survivor size 20447232 bytes, new threshold 1 (max threshold 15)
[2023-01-09T09:47:32.635+0000][7][gc,age      ] GC(12) Age table with threshold 1 (max threshold 15)
[2023-01-09T09:47:32.636+0000][7][gc,age      ] GC(12) - age   1:   12201672 bytes,   12201672 total
[2023-01-09T09:47:32.637+0000][7][gc,phases   ] GC(12)   Pre Evacuate Collection Set: 0.5ms
[2023-01-09T09:47:32.638+0000][7][gc,phases   ] GC(12)   Merge Heap Roots: 0.4ms
[2023-01-09T09:47:32.639+0000][7][gc,phases   ] GC(12)   Evacuate Collection Set: 72.8ms
[2023-01-09T09:47:32.640+0000][7][gc,phases   ] GC(12)   Post Evacuate Collection Set: 6.0ms
[2023-01-09T09:47:32.641+0000][7][gc,phases   ] GC(12)   Other: 5.4ms
[2023-01-09T09:47:32.642+0000][7][gc,heap     ] GC(12) Eden regions: 221->0(281)
[2023-01-09T09:47:32.642+0000][7][gc,heap     ] GC(12) Survivor regions: 39->13(39)
[2023-01-09T09:47:32.643+0000][7][gc,heap     ] GC(12) Old regions: 10->48
[2023-01-09T09:47:32.644+0000][7][gc,heap     ] GC(12) Archive regions: 0->0
[2023-01-09T09:47:32.645+0000][7][gc,heap     ] GC(12) Humongous regions: 1->1
[2023-01-09T09:47:32.646+0000][7][gc,metaspace] GC(12) Metaspace: 72433K(75948K)->72433K(75948K) NonClass: 62909K(65452K)->62909K(65452K) Class: 9523K(10496K)->9523K(10496K)
[2023-01-09T09:47:32.648+0000][7][gc          ] GC(12) Pause Young (Concurrent Start) (Metadata GC Threshold) 269M->61M(512M) 95.214ms
[2023-01-09T09:47:32.648+0000][7][gc,cpu      ] GC(12) User=0.10s Sys=0.01s Real=0.09s
[2023-01-09T09:47:32.649+0000][7][gc          ] GC(13) Concurrent Cycle
[2023-01-09T09:47:32.650+0000][7][gc,marking  ] GC(13) Concurrent Clear Claimed Marks
[2023-01-09T09:47:32.649+0000][7][safepoint   ] Safepoint "CollectForMetadataAllocation", Time since last: 180693834 ns, Reaching safepoint: 242625 ns, At safepoint: 97074458 ns, Total: 97317083 ns
[2023-01-09T09:47:32.651+0000][7][gc,marking  ] GC(13) Concurrent Clear Claimed Marks 1.045ms
[2023-01-09T09:47:32.652+0000][7][gc,marking  ] GC(13) Concurrent Scan Root Regions
[2023-01-09T09:47:32.661+0000][7][safepoint   ] Safepoint "CollectForMetadataAllocation", Time since last: 11634542 ns, Reaching safepoint: 66166 ns, At safepoint: 80042 ns, Total: 146208 ns
[2023-01-09T09:47:32.697+0000][7][gc,marking  ] GC(13) Concurrent Scan Root Regions 44.809ms
[2023-01-09T09:47:32.698+0000][7][gc,marking  ] GC(13) Concurrent Mark (14.150s)
[2023-01-09T09:47:32.699+0000][7][gc,marking  ] GC(13) Concurrent Mark From Roots
[2023-01-09T09:47:32.700+0000][7][gc,task     ] GC(13) Using 1 workers of 1 for marking
[2023-01-09T09:47:32.713+0000][7][safepoint   ] Safepoint "CollectForMetadataAllocation", Time since last: 48033542 ns, Reaching safepoint: 3550083 ns, At safepoint: 80417 ns, Total: 3630500 ns
[2023-01-09T09:47:32.725+0000][7][gc,marking  ] GC(13) Concurrent Mark From Roots 26.025ms
[2023-01-09T09:47:32.726+0000][7][gc,marking  ] GC(13) Concurrent Preclean
[2023-01-09T09:47:32.727+0000][7][gc,marking  ] GC(13) Concurrent Preclean 0.992ms
[2023-01-09T09:47:32.728+0000][7][gc,marking  ] GC(13) Concurrent Mark (14.150s, 14.180s) 29.870ms
[2023-01-09T09:47:32.729+0000][7][gc,start    ] GC(13) Pause Remark
[2023-01-09T09:47:32.735+0000][7][gc          ] GC(13) Pause Remark 65M->65M(512M) 5.703ms
[2023-01-09T09:47:32.736+0000][7][gc,cpu      ] GC(13) User=0.00s Sys=0.00s Real=0.00s
[2023-01-09T09:47:32.737+0000][7][safepoint   ] Safepoint "G1Concurrent", Time since last: 16267000 ns, Reaching safepoint: 260000 ns, At safepoint: 7943125 ns, Total: 8203125 ns
[2023-01-09T09:47:32.738+0000][7][gc,marking  ] GC(13) Concurrent Rebuild Remembered Sets
[2023-01-09T09:47:32.836+0000][7][gc,marking  ] GC(13) Concurrent Rebuild Remembered Sets 97.881ms
[2023-01-09T09:47:32.838+0000][7][gc,start    ] GC(13) Pause Cleanup
[2023-01-09T09:47:32.843+0000][7][gc          ] GC(13) Pause Cleanup 76M->76M(512M) 5.263ms
[2023-01-09T09:47:32.844+0000][7][gc,cpu      ] GC(13) User=0.00s Sys=0.00s Real=0.01s
[2023-01-09T09:47:32.845+0000][7][safepoint   ] Safepoint "G1Concurrent", Time since last: 99816666 ns, Reaching safepoint: 600750 ns, At safepoint: 7666917 ns, Total: 8267667 ns
[2023-01-09T09:47:32.846+0000][7][gc,marking  ] GC(13) Concurrent Cleanup for Next Mark
[2023-01-09T09:47:32.848+0000][7][gc,marking  ] GC(13) Concurrent Cleanup for Next Mark 1.439ms
[2023-01-09T09:47:32.850+0000][7][gc          ] GC(13) Concurrent Cycle 200.872ms
[2023-01-09T09:47:33.448+0000][7][safepoint   ] Safepoint "ICBufferFull", Time since last: 597199917 ns, Reaching safepoint: 5540542 ns, At safepoint: 8000 ns, Total: 5548542 ns
[2023-01-09T09:47:34.129+0000][7][safepoint   ] Safepoint "ICBufferFull", Time since last: 674944042 ns, Reaching safepoint: 6073708 ns, At safepoint: 11292 ns, Total: 6085000 ns
[2023-01-09T09:47:34.468+0000][7][safepoint   ] Safepoint "ICBufferFull", Time since last: 338709667 ns, Reaching safepoint: 260291 ns, At safepoint: 3125 ns, Total: 263416 ns
[2023-01-09T09:47:34.799+0000][7][gc,heap,exit] Heap
[2023-01-09T09:47:34.806+0000][7][gc,heap,exit]  garbage-first heap   total 524288K, used 155422K [0x00000000e0000000, 0x0000000100000000)
[2023-01-09T09:47:34.807+0000][7][gc,heap,exit]   region size 1024K, 104 young (106496K), 13 survivors (13312K)
[2023-01-09T09:47:34.808+0000][7][gc,heap,exit]  Metaspace       used 86243K, capacity 89298K, committed 90412K, reserved 1128448K
[2023-01-09T09:47:34.810+0000][7][gc,heap,exit]   class space    used 11406K, capacity 12371K, committed 12416K, reserved 1048576K
