[2023-02-24T08:24:25.208+0000][6][gc] Using G1
[2023-02-24T08:24:25.328+0000][6][gc,init] Version: 15+36-1562 (release)
[2023-02-24T08:24:25.330+0000][6][gc,init] CPUs: 4 total, 4 available
[2023-02-24T08:24:25.330+0000][6][gc,init] Memory: 7951M
[2023-02-24T08:24:25.332+0000][6][gc,init] Large Page Support: Disabled
[2023-02-24T08:24:25.333+0000][6][gc,init] NUMA Support: Disabled
[2023-02-24T08:24:25.333+0000][6][gc,init] Compressed Oops: Enabled (32-bit)
[2023-02-24T08:24:25.334+0000][6][gc,init] Heap Region Size: 1M
[2023-02-24T08:24:25.335+0000][6][gc,init] Heap Min Capacity: 512M
[2023-02-24T08:24:25.337+0000][6][gc,init] Heap Initial Capacity: 512M
[2023-02-24T08:24:25.338+0000][6][gc,init] Heap Max Capacity: 512M
[2023-02-24T08:24:25.339+0000][6][gc,init] Pre-touch: Enabled
[2023-02-24T08:24:25.340+0000][6][gc,init] Parallel Workers: 4
[2023-02-24T08:24:25.341+0000][6][gc,init] Concurrent Workers: 1
[2023-02-24T08:24:25.342+0000][6][gc,init] Concurrent Refinement Workers: 4
[2023-02-24T08:24:25.343+0000][6][gc,init] Periodic GC: Disabled
[2023-02-24T08:24:25.344+0000][6][gc,metaspace] CDS disabled.
[2023-02-24T08:24:25.345+0000][6][gc,metaspace] Compressed class space mapped at: 0x0000000100000000-0x0000000140000000, size: 1073741824
[2023-02-24T08:24:25.346+0000][6][gc,metaspace] Narrow klass base: 0x0000000000000000, Narrow klass shift: 3, Narrow klass range: 0x140000000
[2023-02-24T08:24:25.672+0000][6][safepoint   ] Safepoint "ICBufferFull", Time since last: 316301541 ns, Reaching safepoint: 280000 ns, At safepoint: 1792 ns, Total: 281792 ns
[2023-02-24T08:24:25.777+0000][6][safepoint   ] Safepoint "ICBufferFull", Time since last: 105347250 ns, Reaching safepoint: 76167 ns, At safepoint: 5583 ns, Total: 81750 ns
[2023-02-24T08:24:26.021+0000][6][safepoint   ] Safepoint "ICBufferFull", Time since last: 243877792 ns, Reaching safepoint: 142667 ns, At safepoint: 1708 ns, Total: 144375 ns
[2023-02-24T08:24:26.092+0000][6][gc,start    ] GC(0) Pause Young (Normal) (G1 Evacuation Pause)
[2023-02-24T08:24:26.101+0000][6][gc,task     ] GC(0) Using 4 workers of 4 for evacuation
[2023-02-24T08:24:26.102+0000][6][gc,age      ] GC(0) Desired survivor size 2097152 bytes, new threshold 15 (max threshold 15)
[2023-02-24T08:24:26.109+0000][6][gc,age      ] GC(0) Age table with threshold 15 (max threshold 15)
[2023-02-24T08:24:26.112+0000][6][gc,age      ] GC(0) - age   1:    3910528 bytes,    3910528 total
[2023-02-24T08:24:26.113+0000][6][gc,phases   ] GC(0)   Pre Evacuate Collection Set: 0.2ms
[2023-02-24T08:24:26.114+0000][6][gc,phases   ] GC(0)   Merge Heap Roots: 0.0ms
[2023-02-24T08:24:26.114+0000][6][gc,phases   ] GC(0)   Evacuate Collection Set: 5.0ms
[2023-02-24T08:24:26.115+0000][6][gc,phases   ] GC(0)   Post Evacuate Collection Set: 1.0ms
[2023-02-24T08:24:26.116+0000][6][gc,phases   ] GC(0)   Other: 14.2ms
[2023-02-24T08:24:26.118+0000][6][gc,heap     ] GC(0) Eden regions: 25->0(25)
[2023-02-24T08:24:26.119+0000][6][gc,heap     ] GC(0) Survivor regions: 0->4(4)
[2023-02-24T08:24:26.120+0000][6][gc,heap     ] GC(0) Old regions: 0->0
[2023-02-24T08:24:26.121+0000][6][gc,heap     ] GC(0) Archive regions: 0->0
[2023-02-24T08:24:26.122+0000][6][gc,heap     ] GC(0) Humongous regions: 1->1
[2023-02-24T08:24:26.122+0000][6][gc,metaspace] GC(0) Metaspace: 15639K(16128K)->15639K(16128K) NonClass: 14054K(14336K)->14054K(14336K) Class: 1585K(1792K)->1585K(1792K)
[2023-02-24T08:24:26.123+0000][6][gc          ] GC(0) Pause Young (Normal) (G1 Evacuation Pause) 26M->4M(512M) 30.956ms
[2023-02-24T08:24:26.124+0000][6][gc,cpu      ] GC(0) User=0.03s Sys=0.00s Real=0.03s
[2023-02-24T08:24:26.125+0000][6][safepoint   ] Safepoint "G1CollectForAllocation", Time since last: 70948125 ns, Reaching safepoint: 112458 ns, At safepoint: 32685417 ns, Total: 32797875 ns
[2023-02-24T08:24:26.776+0000][6][safepoint   ] Safepoint "ICBufferFull", Time since last: 651152709 ns, Reaching safepoint: 446833 ns, At safepoint: 2083 ns, Total: 448916 ns
[2023-02-24T08:24:26.928+0000][6][gc,start    ] GC(1) Pause Young (Concurrent Start) (Metadata GC Threshold)
[2023-02-24T08:24:26.931+0000][6][gc,task     ] GC(1) Using 4 workers of 4 for evacuation
[2023-02-24T08:24:26.931+0000][6][gc,age      ] GC(1) Desired survivor size 2097152 bytes, new threshold 1 (max threshold 15)
[2023-02-24T08:24:26.945+0000][6][gc,age      ] GC(1) Age table with threshold 1 (max threshold 15)
[2023-02-24T08:24:26.948+0000][6][gc,age      ] GC(1) - age   1:    2151008 bytes,    2151008 total
[2023-02-24T08:24:26.949+0000][6][gc,phases   ] GC(1)   Pre Evacuate Collection Set: 0.1ms
[2023-02-24T08:24:26.950+0000][6][gc,phases   ] GC(1)   Merge Heap Roots: 0.0ms
[2023-02-24T08:24:26.951+0000][6][gc,phases   ] GC(1)   Evacuate Collection Set: 12.6ms
[2023-02-24T08:24:26.952+0000][6][gc,phases   ] GC(1)   Post Evacuate Collection Set: 0.6ms
[2023-02-24T08:24:26.952+0000][6][gc,phases   ] GC(1)   Other: 7.7ms
[2023-02-24T08:24:26.954+0000][6][gc,heap     ] GC(1) Eden regions: 23->0(30)
[2023-02-24T08:24:26.954+0000][6][gc,heap     ] GC(1) Survivor regions: 4->3(4)
[2023-02-24T08:24:26.955+0000][6][gc,heap     ] GC(1) Old regions: 0->4
[2023-02-24T08:24:26.956+0000][6][gc,heap     ] GC(1) Archive regions: 0->0
[2023-02-24T08:24:26.957+0000][6][gc,heap     ] GC(1) Humongous regions: 1->1
[2023-02-24T08:24:26.959+0000][6][gc,metaspace] GC(1) Metaspace: 20836K(21296K)->20836K(21296K) NonClass: 18592K(18864K)->18592K(18864K) Class: 2244K(2432K)->2244K(2432K)
[2023-02-24T08:24:26.961+0000][6][gc          ] GC(1) Pause Young (Concurrent Start) (Metadata GC Threshold) 27M->7M(512M) 32.231ms
[2023-02-24T08:24:26.963+0000][6][gc,cpu      ] GC(1) User=0.00s Sys=0.00s Real=0.04s
[2023-02-24T08:24:26.964+0000][6][safepoint   ] Safepoint "CollectForMetadataAllocation", Time since last: 151963917 ns, Reaching safepoint: 83042 ns, At safepoint: 35454875 ns, Total: 35537917 ns
[2023-02-24T08:24:26.964+0000][6][gc          ] GC(2) Concurrent Cycle
[2023-02-24T08:24:26.965+0000][6][gc,marking  ] GC(2) Concurrent Clear Claimed Marks
[2023-02-24T08:24:26.967+0000][6][gc,marking  ] GC(2) Concurrent Clear Claimed Marks 1.070ms
[2023-02-24T08:24:26.967+0000][6][gc,marking  ] GC(2) Concurrent Scan Root Regions
[2023-02-24T08:24:26.970+0000][6][gc,marking  ] GC(2) Concurrent Scan Root Regions 2.732ms
[2023-02-24T08:24:26.971+0000][6][gc,marking  ] GC(2) Concurrent Mark (1.778s)
[2023-02-24T08:24:26.972+0000][6][gc,marking  ] GC(2) Concurrent Mark From Roots
[2023-02-24T08:24:26.975+0000][6][gc,task     ] GC(2) Using 1 workers of 1 for marking
[2023-02-24T08:24:26.977+0000][6][gc,marking  ] GC(2) Concurrent Mark From Roots 5.281ms
[2023-02-24T08:24:26.978+0000][6][gc,marking  ] GC(2) Concurrent Preclean
[2023-02-24T08:24:26.979+0000][6][gc,marking  ] GC(2) Concurrent Preclean 0.991ms
[2023-02-24T08:24:26.980+0000][6][gc,marking  ] GC(2) Concurrent Mark (1.778s, 1.787s) 9.022ms
[2023-02-24T08:24:26.982+0000][6][gc,start    ] GC(2) Pause Remark
[2023-02-24T08:24:26.987+0000][6][gc          ] GC(2) Pause Remark 7M->7M(512M) 5.101ms
[2023-02-24T08:24:26.988+0000][6][gc,cpu      ] GC(2) User=0.01s Sys=0.00s Real=0.00s
[2023-02-24T08:24:26.989+0000][6][safepoint   ] Safepoint "G1Concurrent", Time since last: 17206666 ns, Reaching safepoint: 465834 ns, At safepoint: 7020916 ns, Total: 7486750 ns
[2023-02-24T08:24:26.989+0000][6][gc,marking  ] GC(2) Concurrent Rebuild Remembered Sets
[2023-02-24T08:24:26.992+0000][6][gc,marking  ] GC(2) Concurrent Rebuild Remembered Sets 2.609ms
[2023-02-24T08:24:26.994+0000][6][gc,start    ] GC(2) Pause Cleanup
[2023-02-24T08:24:26.995+0000][6][gc          ] GC(2) Pause Cleanup 8M->8M(512M) 0.886ms
[2023-02-24T08:24:26.998+0000][6][gc,cpu      ] GC(2) User=0.00s Sys=0.00s Real=0.00s
[2023-02-24T08:24:26.999+0000][6][safepoint   ] Safepoint "G1Concurrent", Time since last: 4916709 ns, Reaching safepoint: 694416 ns, At safepoint: 4465667 ns, Total: 5160083 ns
[2023-02-24T08:24:27.001+0000][6][gc,marking  ] GC(2) Concurrent Cleanup for Next Mark
[2023-02-24T08:24:27.002+0000][6][gc,marking  ] GC(2) Concurrent Cleanup for Next Mark 1.084ms
[2023-02-24T08:24:27.002+0000][6][gc          ] GC(2) Concurrent Cycle 38.555ms
[2023-02-24T08:24:27.551+0000][6][gc,start    ] GC(3) Pause Young (Normal) (G1 Evacuation Pause)
[2023-02-24T08:24:27.553+0000][6][gc,task     ] GC(3) Using 4 workers of 4 for evacuation
[2023-02-24T08:24:27.553+0000][6][gc,age      ] GC(3) Desired survivor size 2621440 bytes, new threshold 15 (max threshold 15)
[2023-02-24T08:24:27.562+0000][6][gc,age      ] GC(3) Age table with threshold 15 (max threshold 15)
[2023-02-24T08:24:27.563+0000][6][gc,age      ] GC(3) - age   1:    2368448 bytes,    2368448 total
[2023-02-24T08:24:27.564+0000][6][gc,age      ] GC(3) - age   2:    2130408 bytes,    4498856 total
[2023-02-24T08:24:27.565+0000][6][gc,phases   ] GC(3)   Pre Evacuate Collection Set: 0.1ms
[2023-02-24T08:24:27.565+0000][6][gc,phases   ] GC(3)   Merge Heap Roots: 0.0ms
[2023-02-24T08:24:27.566+0000][6][gc,phases   ] GC(3)   Evacuate Collection Set: 7.7ms
[2023-02-24T08:24:27.567+0000][6][gc,phases   ] GC(3)   Post Evacuate Collection Set: 0.4ms
[2023-02-24T08:24:27.567+0000][6][gc,phases   ] GC(3)   Other: 5.3ms
[2023-02-24T08:24:27.568+0000][6][gc,heap     ] GC(3) Eden regions: 30->0(137)
[2023-02-24T08:24:27.569+0000][6][gc,heap     ] GC(3) Survivor regions: 3->5(5)
[2023-02-24T08:24:27.572+0000][6][gc,heap     ] GC(3) Old regions: 4->4
[2023-02-24T08:24:27.573+0000][6][gc,heap     ] GC(3) Archive regions: 0->0
[2023-02-24T08:24:27.575+0000][6][gc,heap     ] GC(3) Humongous regions: 1->1
[2023-02-24T08:24:27.575+0000][6][gc,metaspace] GC(3) Metaspace: 22343K(22960K)->22343K(22960K) NonClass: 19933K(20400K)->19933K(20400K) Class: 2410K(2560K)->2410K(2560K)
[2023-02-24T08:24:27.576+0000][6][gc          ] GC(3) Pause Young (Normal) (G1 Evacuation Pause) 37M->9M(512M) 24.812ms
[2023-02-24T08:24:27.577+0000][6][gc,cpu      ] GC(3) User=0.01s Sys=0.00s Real=0.02s
[2023-02-24T08:24:27.578+0000][6][safepoint   ] Safepoint "G1CollectForAllocation", Time since last: 552461959 ns, Reaching safepoint: 158166 ns, At safepoint: 26214959 ns, Total: 26373125 ns
[2023-02-24T08:24:27.715+0000][6][safepoint   ] Safepoint "ICBufferFull", Time since last: 137495500 ns, Reaching safepoint: 45375 ns, At safepoint: 2000 ns, Total: 47375 ns
[2023-02-24T08:24:27.735+0000][6][safepoint   ] Safepoint "ICBufferFull", Time since last: 19865083 ns, Reaching safepoint: 42375 ns, At safepoint: 1833 ns, Total: 44208 ns
[2023-02-24T08:24:27.737+0000][6][safepoint   ] Safepoint "ICBufferFull", Time since last: 2281167 ns, Reaching safepoint: 32208 ns, At safepoint: 1542 ns, Total: 33750 ns
[2023-02-24T08:24:27.740+0000][6][safepoint   ] Safepoint "ICBufferFull", Time since last: 2463750 ns, Reaching safepoint: 135292 ns, At safepoint: 1750 ns, Total: 137042 ns
[2023-02-24T08:24:27.747+0000][6][safepoint   ] Safepoint "ICBufferFull", Time since last: 7006875 ns, Reaching safepoint: 43125 ns, At safepoint: 1791 ns, Total: 44916 ns
[2023-02-24T08:24:27.751+0000][6][safepoint   ] Safepoint "ICBufferFull", Time since last: 4143292 ns, Reaching safepoint: 39958 ns, At safepoint: 1875 ns, Total: 41833 ns
[2023-02-24T08:24:27.756+0000][6][safepoint   ] Safepoint "ICBufferFull", Time since last: 5133542 ns, Reaching safepoint: 38750 ns, At safepoint: 2208 ns, Total: 40958 ns
[2023-02-24T08:24:27.759+0000][6][safepoint   ] Safepoint "ICBufferFull", Time since last: 2668042 ns, Reaching safepoint: 37875 ns, At safepoint: 1708 ns, Total: 39583 ns
[2023-02-24T08:24:27.762+0000][6][safepoint   ] Safepoint "ICBufferFull", Time since last: 2700875 ns, Reaching safepoint: 35500 ns, At safepoint: 1667 ns, Total: 37167 ns
[2023-02-24T08:24:27.767+0000][6][safepoint   ] Safepoint "ICBufferFull", Time since last: 5171625 ns, Reaching safepoint: 36083 ns, At safepoint: 1792 ns, Total: 37875 ns
[2023-02-24T08:24:27.769+0000][6][safepoint   ] Safepoint "ICBufferFull", Time since last: 2165292 ns, Reaching safepoint: 27791 ns, At safepoint: 1667 ns, Total: 29458 ns
[2023-02-24T08:24:27.771+0000][6][safepoint   ] Safepoint "ICBufferFull", Time since last: 1349458 ns, Reaching safepoint: 23209 ns, At safepoint: 1333 ns, Total: 24542 ns
[2023-02-24T08:24:27.772+0000][6][safepoint   ] Safepoint "ICBufferFull", Time since last: 1554458 ns, Reaching safepoint: 98167 ns, At safepoint: 6083 ns, Total: 104250 ns
[2023-02-24T08:24:27.774+0000][6][safepoint   ] Safepoint "ICBufferFull", Time since last: 1930750 ns, Reaching safepoint: 29959 ns, At safepoint: 1625 ns, Total: 31584 ns
[2023-02-24T08:24:27.776+0000][6][safepoint   ] Safepoint "ICBufferFull", Time since last: 1652250 ns, Reaching safepoint: 24416 ns, At safepoint: 1417 ns, Total: 25833 ns
[2023-02-24T08:24:27.777+0000][6][safepoint   ] Safepoint "ICBufferFull", Time since last: 1329125 ns, Reaching safepoint: 115667 ns, At safepoint: 1458 ns, Total: 117125 ns
[2023-02-24T08:24:27.781+0000][6][safepoint   ] Safepoint "ICBufferFull", Time since last: 3706292 ns, Reaching safepoint: 105333 ns, At safepoint: 5792 ns, Total: 111125 ns
[2023-02-24T08:24:27.783+0000][6][safepoint   ] Safepoint "ICBufferFull", Time since last: 1924291 ns, Reaching safepoint: 32125 ns, At safepoint: 1459 ns, Total: 33584 ns
[2023-02-24T08:24:27.786+0000][6][safepoint   ] Safepoint "ICBufferFull", Time since last: 2491333 ns, Reaching safepoint: 31333 ns, At safepoint: 1584 ns, Total: 32917 ns
[2023-02-24T08:24:27.793+0000][6][safepoint   ] Safepoint "ICBufferFull", Time since last: 6021333 ns, Reaching safepoint: 1778333 ns, At safepoint: 2709 ns, Total: 1781042 ns
[2023-02-24T08:24:27.796+0000][6][safepoint   ] Safepoint "ICBufferFull", Time since last: 2340833 ns, Reaching safepoint: 108792 ns, At safepoint: 1541 ns, Total: 110333 ns
[2023-02-24T08:24:27.797+0000][6][safepoint   ] Safepoint "ICBufferFull", Time since last: 1354042 ns, Reaching safepoint: 152834 ns, At safepoint: 1708 ns, Total: 154542 ns
[2023-02-24T08:24:27.799+0000][6][safepoint   ] Safepoint "ICBufferFull", Time since last: 1442750 ns, Reaching safepoint: 100625 ns, At safepoint: 1417 ns, Total: 102042 ns
[2023-02-24T08:24:27.801+0000][6][safepoint   ] Safepoint "ICBufferFull", Time since last: 2440916 ns, Reaching safepoint: 108209 ns, At safepoint: 1625 ns, Total: 109834 ns
[2023-02-24T08:24:27.803+0000][6][safepoint   ] Safepoint "ICBufferFull", Time since last: 1637583 ns, Reaching safepoint: 104042 ns, At safepoint: 1541 ns, Total: 105583 ns
[2023-02-24T08:24:27.806+0000][6][safepoint   ] Safepoint "ICBufferFull", Time since last: 2859792 ns, Reaching safepoint: 111125 ns, At safepoint: 4292 ns, Total: 115417 ns
[2023-02-24T08:24:27.817+0000][6][safepoint   ] Safepoint "ICBufferFull", Time since last: 10343375 ns, Reaching safepoint: 108416 ns, At safepoint: 2084 ns, Total: 110500 ns
[2023-02-24T08:24:27.818+0000][6][safepoint   ] Safepoint "ICBufferFull", Time since last: 1543916 ns, Reaching safepoint: 176584 ns, At safepoint: 2916 ns, Total: 179500 ns
[2023-02-24T08:24:27.821+0000][6][safepoint   ] Safepoint "ICBufferFull", Time since last: 2253875 ns, Reaching safepoint: 103917 ns, At safepoint: 1625 ns, Total: 105542 ns
[2023-02-24T08:24:27.823+0000][6][safepoint   ] Safepoint "ICBufferFull", Time since last: 1937917 ns, Reaching safepoint: 101541 ns, At safepoint: 1459 ns, Total: 103000 ns
[2023-02-24T08:24:27.825+0000][6][safepoint   ] Safepoint "ICBufferFull", Time since last: 1902458 ns, Reaching safepoint: 101083 ns, At safepoint: 1542 ns, Total: 102625 ns
[2023-02-24T08:24:27.826+0000][6][safepoint   ] Safepoint "ICBufferFull", Time since last: 1325042 ns, Reaching safepoint: 101166 ns, At safepoint: 1667 ns, Total: 102833 ns
[2023-02-24T08:24:27.827+0000][6][safepoint   ] Safepoint "ICBufferFull", Time since last: 1202875 ns, Reaching safepoint: 97208 ns, At safepoint: 1375 ns, Total: 98583 ns
[2023-02-24T08:24:27.829+0000][6][safepoint   ] Safepoint "ICBufferFull", Time since last: 1770167 ns, Reaching safepoint: 150958 ns, At safepoint: 2834 ns, Total: 153792 ns
[2023-02-24T08:24:27.840+0000][6][safepoint   ] Safepoint "ICBufferFull", Time since last: 10937541 ns, Reaching safepoint: 118709 ns, At safepoint: 2333 ns, Total: 121042 ns
[2023-02-24T08:24:27.842+0000][6][safepoint   ] Safepoint "ICBufferFull", Time since last: 1917417 ns, Reaching safepoint: 101458 ns, At safepoint: 1542 ns, Total: 103000 ns
[2023-02-24T08:24:27.850+0000][6][safepoint   ] Safepoint "ICBufferFull", Time since last: 7043916 ns, Reaching safepoint: 149542 ns, At safepoint: 2083 ns, Total: 151625 ns
[2023-02-24T08:24:27.853+0000][6][safepoint   ] Safepoint "ICBufferFull", Time since last: 3469500 ns, Reaching safepoint: 128792 ns, At safepoint: 1792 ns, Total: 130584 ns
[2023-02-24T08:24:27.855+0000][6][safepoint   ] Safepoint "ICBufferFull", Time since last: 1382375 ns, Reaching safepoint: 106083 ns, At safepoint: 1625 ns, Total: 107708 ns
[2023-02-24T08:24:27.856+0000][6][safepoint   ] Safepoint "ICBufferFull", Time since last: 957667 ns, Reaching safepoint: 98833 ns, At safepoint: 1375 ns, Total: 100208 ns
[2023-02-24T08:24:27.857+0000][6][safepoint   ] Safepoint "ICBufferFull", Time since last: 956917 ns, Reaching safepoint: 99125 ns, At safepoint: 1583 ns, Total: 100708 ns
[2023-02-24T08:24:27.863+0000][6][safepoint   ] Safepoint "ICBufferFull", Time since last: 6411458 ns, Reaching safepoint: 60750 ns, At safepoint: 2042 ns, Total: 62792 ns
[2023-02-24T08:24:27.874+0000][6][safepoint   ] Safepoint "ICBufferFull", Time since last: 10150458 ns, Reaching safepoint: 112250 ns, At safepoint: 1917 ns, Total: 114167 ns
[2023-02-24T08:24:27.876+0000][6][safepoint   ] Safepoint "ICBufferFull", Time since last: 2487375 ns, Reaching safepoint: 109917 ns, At safepoint: 1708 ns, Total: 111625 ns
[2023-02-24T08:24:27.877+0000][6][safepoint   ] Safepoint "ICBufferFull", Time since last: 913875 ns, Reaching safepoint: 102250 ns, At safepoint: 1708 ns, Total: 103958 ns
[2023-02-24T08:24:27.878+0000][6][safepoint   ] Safepoint "ICBufferFull", Time since last: 1105542 ns, Reaching safepoint: 98500 ns, At safepoint: 1500 ns, Total: 100000 ns
[2023-02-24T08:24:27.880+0000][6][safepoint   ] Safepoint "ICBufferFull", Time since last: 1443833 ns, Reaching safepoint: 106084 ns, At safepoint: 1333 ns, Total: 107417 ns
[2023-02-24T08:24:27.881+0000][6][safepoint   ] Safepoint "ICBufferFull", Time since last: 914583 ns, Reaching safepoint: 97250 ns, At safepoint: 2084 ns, Total: 99334 ns
[2023-02-24T08:24:27.883+0000][6][safepoint   ] Safepoint "ICBufferFull", Time since last: 2232250 ns, Reaching safepoint: 83291 ns, At safepoint: 1917 ns, Total: 85208 ns
[2023-02-24T08:24:27.885+0000][6][safepoint   ] Safepoint "ICBufferFull", Time since last: 1292667 ns, Reaching safepoint: 105083 ns, At safepoint: 1542 ns, Total: 106625 ns
[2023-02-24T08:24:27.886+0000][6][safepoint   ] Safepoint "ICBufferFull", Time since last: 1518166 ns, Reaching safepoint: 141334 ns, At safepoint: 2333 ns, Total: 143667 ns
[2023-02-24T08:24:27.888+0000][6][safepoint   ] Safepoint "ICBufferFull", Time since last: 1316083 ns, Reaching safepoint: 104625 ns, At safepoint: 1917 ns, Total: 106542 ns
[2023-02-24T08:24:27.889+0000][6][safepoint   ] Safepoint "ICBufferFull", Time since last: 1044833 ns, Reaching safepoint: 106334 ns, At safepoint: 1625 ns, Total: 107959 ns
[2023-02-24T08:24:27.891+0000][6][safepoint   ] Safepoint "ICBufferFull", Time since last: 2081666 ns, Reaching safepoint: 110834 ns, At safepoint: 2083 ns, Total: 112917 ns
[2023-02-24T08:24:27.892+0000][6][safepoint   ] Safepoint "ICBufferFull", Time since last: 1063917 ns, Reaching safepoint: 140750 ns, At safepoint: 2000 ns, Total: 142750 ns
[2023-02-24T08:24:27.894+0000][6][safepoint   ] Safepoint "ICBufferFull", Time since last: 1998833 ns, Reaching safepoint: 105375 ns, At safepoint: 1625 ns, Total: 107000 ns
[2023-02-24T08:24:27.897+0000][6][safepoint   ] Safepoint "ICBufferFull", Time since last: 2816792 ns, Reaching safepoint: 115708 ns, At safepoint: 2000 ns, Total: 117708 ns
[2023-02-24T08:24:27.899+0000][6][safepoint   ] Safepoint "ICBufferFull", Time since last: 1772292 ns, Reaching safepoint: 124041 ns, At safepoint: 1709 ns, Total: 125750 ns
[2023-02-24T08:24:27.906+0000][6][safepoint   ] Safepoint "ICBufferFull", Time since last: 6318708 ns, Reaching safepoint: 107708 ns, At safepoint: 1667 ns, Total: 109375 ns
[2023-02-24T08:24:27.907+0000][6][safepoint   ] Safepoint "ICBufferFull", Time since last: 1149292 ns, Reaching safepoint: 624625 ns, At safepoint: 2916 ns, Total: 627541 ns
[2023-02-24T08:24:27.911+0000][6][safepoint   ] Safepoint "ICBufferFull", Time since last: 3677167 ns, Reaching safepoint: 282750 ns, At safepoint: 3875 ns, Total: 286625 ns
[2023-02-24T08:24:27.913+0000][6][safepoint   ] Safepoint "ICBufferFull", Time since last: 1567000 ns, Reaching safepoint: 107042 ns, At safepoint: 1708 ns, Total: 108750 ns
[2023-02-24T08:24:27.915+0000][6][safepoint   ] Safepoint "ICBufferFull", Time since last: 1443625 ns, Reaching safepoint: 105583 ns, At safepoint: 1667 ns, Total: 107250 ns
[2023-02-24T08:24:27.917+0000][6][safepoint   ] Safepoint "ICBufferFull", Time since last: 1858125 ns, Reaching safepoint: 120583 ns, At safepoint: 1959 ns, Total: 122542 ns
[2023-02-24T08:24:27.918+0000][6][safepoint   ] Safepoint "ICBufferFull", Time since last: 1456333 ns, Reaching safepoint: 139875 ns, At safepoint: 2083 ns, Total: 141958 ns
[2023-02-24T08:24:27.920+0000][6][safepoint   ] Safepoint "ICBufferFull", Time since last: 1606250 ns, Reaching safepoint: 80959 ns, At safepoint: 1791 ns, Total: 82750 ns
[2023-02-24T08:24:27.923+0000][6][safepoint   ] Safepoint "ICBufferFull", Time since last: 3058417 ns, Reaching safepoint: 109000 ns, At safepoint: 1958 ns, Total: 110958 ns
[2023-02-24T08:24:27.925+0000][6][safepoint   ] Safepoint "ICBufferFull", Time since last: 1970250 ns, Reaching safepoint: 36125 ns, At safepoint: 1875 ns, Total: 38000 ns
[2023-02-24T08:24:27.927+0000][6][safepoint   ] Safepoint "ICBufferFull", Time since last: 1655834 ns, Reaching safepoint: 37000 ns, At safepoint: 2083 ns, Total: 39083 ns
[2023-02-24T08:24:27.928+0000][6][safepoint   ] Safepoint "ICBufferFull", Time since last: 1655333 ns, Reaching safepoint: 37042 ns, At safepoint: 1500 ns, Total: 38542 ns
[2023-02-24T08:24:27.931+0000][6][safepoint   ] Safepoint "ICBufferFull", Time since last: 2172083 ns, Reaching safepoint: 35209 ns, At safepoint: 1708 ns, Total: 36917 ns
[2023-02-24T08:24:27.935+0000][6][safepoint   ] Safepoint "ICBufferFull", Time since last: 2495458 ns, Reaching safepoint: 2198125 ns, At safepoint: 3959 ns, Total: 2202084 ns
[2023-02-24T08:24:27.939+0000][6][safepoint   ] Safepoint "ICBufferFull", Time since last: 3806500 ns, Reaching safepoint: 260041 ns, At safepoint: 2292 ns, Total: 262333 ns
[2023-02-24T08:24:27.945+0000][6][safepoint   ] Safepoint "ICBufferFull", Time since last: 5470583 ns, Reaching safepoint: 114875 ns, At safepoint: 2209 ns, Total: 117084 ns
[2023-02-24T08:24:27.948+0000][6][safepoint   ] Safepoint "ICBufferFull", Time since last: 2818500 ns, Reaching safepoint: 125166 ns, At safepoint: 5625 ns, Total: 130791 ns
[2023-02-24T08:24:27.963+0000][6][safepoint   ] Safepoint "ICBufferFull", Time since last: 15321417 ns, Reaching safepoint: 140958 ns, At safepoint: 2459 ns, Total: 143417 ns
[2023-02-24T08:24:27.967+0000][6][safepoint   ] Safepoint "ICBufferFull", Time since last: 3598541 ns, Reaching safepoint: 111042 ns, At safepoint: 1667 ns, Total: 112709 ns
[2023-02-24T08:24:27.970+0000][6][safepoint   ] Safepoint "ICBufferFull", Time since last: 3001541 ns, Reaching safepoint: 149042 ns, At safepoint: 1958 ns, Total: 151000 ns
[2023-02-24T08:24:27.973+0000][6][safepoint   ] Safepoint "ICBufferFull", Time since last: 2556542 ns, Reaching safepoint: 110750 ns, At safepoint: 1833 ns, Total: 112583 ns
[2023-02-24T08:24:28.063+0000][6][safepoint   ] Safepoint "ICBufferFull", Time since last: 90309000 ns, Reaching safepoint: 115917 ns, At safepoint: 1875 ns, Total: 117792 ns
[2023-02-24T08:24:28.066+0000][6][safepoint   ] Safepoint "ICBufferFull", Time since last: 2271625 ns, Reaching safepoint: 105000 ns, At safepoint: 1667 ns, Total: 106667 ns
[2023-02-24T08:24:28.067+0000][6][safepoint   ] Safepoint "ICBufferFull", Time since last: 1164125 ns, Reaching safepoint: 140500 ns, At safepoint: 1875 ns, Total: 142375 ns
[2023-02-24T08:24:28.068+0000][6][safepoint   ] Safepoint "ICBufferFull", Time since last: 997625 ns, Reaching safepoint: 176750 ns, At safepoint: 2958 ns, Total: 179708 ns
[2023-02-24T08:24:28.072+0000][6][safepoint   ] Safepoint "ICBufferFull", Time since last: 3153750 ns, Reaching safepoint: 108417 ns, At safepoint: 1833 ns, Total: 110250 ns
[2023-02-24T08:24:28.073+0000][6][safepoint   ] Safepoint "ICBufferFull", Time since last: 1160875 ns, Reaching safepoint: 102708 ns, At safepoint: 1709 ns, Total: 104417 ns
[2023-02-24T08:24:28.075+0000][6][safepoint   ] Safepoint "ICBufferFull", Time since last: 2124208 ns, Reaching safepoint: 207625 ns, At safepoint: 2167 ns, Total: 209792 ns
[2023-02-24T08:24:28.079+0000][6][safepoint   ] Safepoint "ICBufferFull", Time since last: 3666166 ns, Reaching safepoint: 109209 ns, At safepoint: 1875 ns, Total: 111084 ns
[2023-02-24T08:24:28.080+0000][6][safepoint   ] Safepoint "ICBufferFull", Time since last: 1399125 ns, Reaching safepoint: 98791 ns, At safepoint: 1542 ns, Total: 100333 ns
[2023-02-24T08:24:28.082+0000][6][safepoint   ] Safepoint "ICBufferFull", Time since last: 1777292 ns, Reaching safepoint: 172916 ns, At safepoint: 2000 ns, Total: 174916 ns
[2023-02-24T08:24:28.090+0000][6][safepoint   ] Safepoint "ICBufferFull", Time since last: 7131500 ns, Reaching safepoint: 251375 ns, At safepoint: 7750 ns, Total: 259125 ns
[2023-02-24T08:24:28.092+0000][6][safepoint   ] Safepoint "ICBufferFull", Time since last: 2156084 ns, Reaching safepoint: 32750 ns, At safepoint: 1750 ns, Total: 34500 ns
[2023-02-24T08:24:28.093+0000][6][safepoint   ] Safepoint "ICBufferFull", Time since last: 1202041 ns, Reaching safepoint: 29500 ns, At safepoint: 1625 ns, Total: 31125 ns
[2023-02-24T08:24:28.095+0000][6][safepoint   ] Safepoint "ICBufferFull", Time since last: 1369584 ns, Reaching safepoint: 32208 ns, At safepoint: 1583 ns, Total: 33791 ns
[2023-02-24T08:24:28.096+0000][6][safepoint   ] Safepoint "ICBufferFull", Time since last: 1164917 ns, Reaching safepoint: 27958 ns, At safepoint: 1542 ns, Total: 29500 ns
[2023-02-24T08:24:28.097+0000][6][safepoint   ] Safepoint "ICBufferFull", Time since last: 1027292 ns, Reaching safepoint: 23541 ns, At safepoint: 1250 ns, Total: 24791 ns
[2023-02-24T08:24:28.098+0000][6][safepoint   ] Safepoint "ICBufferFull", Time since last: 1072125 ns, Reaching safepoint: 160750 ns, At safepoint: 1584 ns, Total: 162334 ns
[2023-02-24T08:24:28.099+0000][6][safepoint   ] Safepoint "ICBufferFull", Time since last: 948291 ns, Reaching safepoint: 24125 ns, At safepoint: 1542 ns, Total: 25667 ns
[2023-02-24T08:24:28.101+0000][6][safepoint   ] Safepoint "ICBufferFull", Time since last: 2129833 ns, Reaching safepoint: 94625 ns, At safepoint: 2834 ns, Total: 97459 ns
[2023-02-24T08:24:28.106+0000][6][safepoint   ] Safepoint "ICBufferFull", Time since last: 2074416 ns, Reaching safepoint: 2812417 ns, At safepoint: 15917 ns, Total: 2828334 ns
[2023-02-24T08:24:28.108+0000][6][safepoint   ] Safepoint "ICBufferFull", Time since last: 2151250 ns, Reaching safepoint: 48875 ns, At safepoint: 2041 ns, Total: 50916 ns
[2023-02-24T08:24:28.110+0000][6][safepoint   ] Safepoint "ICBufferFull", Time since last: 1548792 ns, Reaching safepoint: 34875 ns, At safepoint: 1833 ns, Total: 36708 ns
[2023-02-24T08:24:28.111+0000][6][safepoint   ] Safepoint "ICBufferFull", Time since last: 1098542 ns, Reaching safepoint: 27125 ns, At safepoint: 1333 ns, Total: 28458 ns
[2023-02-24T08:24:28.112+0000][6][safepoint   ] Safepoint "ICBufferFull", Time since last: 1260584 ns, Reaching safepoint: 40541 ns, At safepoint: 1375 ns, Total: 41916 ns
[2023-02-24T08:24:28.114+0000][6][safepoint   ] Safepoint "ICBufferFull", Time since last: 1393959 ns, Reaching safepoint: 27583 ns, At safepoint: 1542 ns, Total: 29125 ns
[2023-02-24T08:24:28.115+0000][6][safepoint   ] Safepoint "ICBufferFull", Time since last: 1287500 ns, Reaching safepoint: 29125 ns, At safepoint: 1583 ns, Total: 30708 ns
[2023-02-24T08:24:28.118+0000][6][safepoint   ] Safepoint "ICBufferFull", Time since last: 2449500 ns, Reaching safepoint: 33667 ns, At safepoint: 1666 ns, Total: 35333 ns
[2023-02-24T08:24:28.119+0000][6][safepoint   ] Safepoint "ICBufferFull", Time since last: 1156084 ns, Reaching safepoint: 26000 ns, At safepoint: 1458 ns, Total: 27458 ns
[2023-02-24T08:24:28.122+0000][6][safepoint   ] Safepoint "ICBufferFull", Time since last: 2971958 ns, Reaching safepoint: 36792 ns, At safepoint: 1750 ns, Total: 38542 ns
[2023-02-24T08:24:28.123+0000][6][safepoint   ] Safepoint "ICBufferFull", Time since last: 835875 ns, Reaching safepoint: 22250 ns, At safepoint: 1375 ns, Total: 23625 ns
[2023-02-24T08:24:28.124+0000][6][safepoint   ] Safepoint "ICBufferFull", Time since last: 1053542 ns, Reaching safepoint: 26125 ns, At safepoint: 1583 ns, Total: 27708 ns
[2023-02-24T08:24:28.125+0000][6][safepoint   ] Safepoint "ICBufferFull", Time since last: 1189125 ns, Reaching safepoint: 29250 ns, At safepoint: 1583 ns, Total: 30833 ns
[2023-02-24T08:24:28.127+0000][6][safepoint   ] Safepoint "ICBufferFull", Time since last: 1635792 ns, Reaching safepoint: 30792 ns, At safepoint: 1666 ns, Total: 32458 ns
[2023-02-24T08:24:28.128+0000][6][safepoint   ] Safepoint "ICBufferFull", Time since last: 898875 ns, Reaching safepoint: 24459 ns, At safepoint: 1375 ns, Total: 25834 ns
[2023-02-24T08:24:28.129+0000][6][safepoint   ] Safepoint "ICBufferFull", Time since last: 1086541 ns, Reaching safepoint: 27542 ns, At safepoint: 1583 ns, Total: 29125 ns
[2023-02-24T08:24:28.131+0000][6][safepoint   ] Safepoint "ICBufferFull", Time since last: 1362709 ns, Reaching safepoint: 514833 ns, At safepoint: 2875 ns, Total: 517708 ns
[2023-02-24T08:24:28.133+0000][6][safepoint   ] Safepoint "ICBufferFull", Time since last: 2230458 ns, Reaching safepoint: 37084 ns, At safepoint: 1541 ns, Total: 38625 ns
[2023-02-24T08:24:28.134+0000][6][safepoint   ] Safepoint "ICBufferFull", Time since last: 996417 ns, Reaching safepoint: 25875 ns, At safepoint: 1500 ns, Total: 27375 ns
[2023-02-24T08:24:28.135+0000][6][safepoint   ] Safepoint "ICBufferFull", Time since last: 1243208 ns, Reaching safepoint: 27375 ns, At safepoint: 1500 ns, Total: 28875 ns
[2023-02-24T08:24:28.136+0000][6][safepoint   ] Safepoint "ICBufferFull", Time since last: 845417 ns, Reaching safepoint: 24833 ns, At safepoint: 1542 ns, Total: 26375 ns
[2023-02-24T08:24:28.361+0000][6][safepoint   ] Safepoint "ICBufferFull", Time since last: 224626750 ns, Reaching safepoint: 131042 ns, At safepoint: 2000 ns, Total: 133042 ns
[2023-02-24T08:24:28.365+0000][6][safepoint   ] Safepoint "ICBufferFull", Time since last: 3961500 ns, Reaching safepoint: 107375 ns, At safepoint: 2000 ns, Total: 109375 ns
[2023-02-24T08:24:28.367+0000][6][safepoint   ] Safepoint "ICBufferFull", Time since last: 2188666 ns, Reaching safepoint: 124042 ns, At safepoint: 2000 ns, Total: 126042 ns
[2023-02-24T08:24:28.369+0000][6][safepoint   ] Safepoint "ICBufferFull", Time since last: 1346125 ns, Reaching safepoint: 838625 ns, At safepoint: 3458 ns, Total: 842083 ns
[2023-02-24T08:24:28.371+0000][6][safepoint   ] Safepoint "ICBufferFull", Time since last: 1283584 ns, Reaching safepoint: 175041 ns, At safepoint: 2917 ns, Total: 177958 ns
[2023-02-24T08:24:28.377+0000][6][safepoint   ] Safepoint "ICBufferFull", Time since last: 5796292 ns, Reaching safepoint: 109375 ns, At safepoint: 1916 ns, Total: 111291 ns
[2023-02-24T08:24:28.378+0000][6][safepoint   ] Safepoint "ICBufferFull", Time since last: 902334 ns, Reaching safepoint: 98458 ns, At safepoint: 1417 ns, Total: 99875 ns
[2023-02-24T08:24:28.379+0000][6][safepoint   ] Safepoint "ICBufferFull", Time since last: 1032708 ns, Reaching safepoint: 94333 ns, At safepoint: 1542 ns, Total: 95875 ns
[2023-02-24T08:24:28.380+0000][6][safepoint   ] Safepoint "ICBufferFull", Time since last: 1160333 ns, Reaching safepoint: 98375 ns, At safepoint: 1459 ns, Total: 99834 ns
[2023-02-24T08:24:28.387+0000][6][safepoint   ] Safepoint "ICBufferFull", Time since last: 1217916 ns, Reaching safepoint: 6004792 ns, At safepoint: 4000 ns, Total: 6008792 ns
[2023-02-24T08:24:28.392+0000][6][safepoint   ] Safepoint "ICBufferFull", Time since last: 1645708 ns, Reaching safepoint: 3325875 ns, At safepoint: 10000 ns, Total: 3335875 ns
[2023-02-24T08:24:28.395+0000][6][safepoint   ] Safepoint "ICBufferFull", Time since last: 2594667 ns, Reaching safepoint: 54083 ns, At safepoint: 1250 ns, Total: 55333 ns
[2023-02-24T08:24:28.883+0000][6][safepoint   ] Safepoint "ICBufferFull", Time since last: 487394751 ns, Reaching safepoint: 189083 ns, At safepoint: 1833 ns, Total: 190916 ns
[2023-02-24T08:24:28.970+0000][6][gc,start    ] GC(4) Pause Young (Normal) (G1 Evacuation Pause)
[2023-02-24T08:24:28.972+0000][6][gc,task     ] GC(4) Using 4 workers of 4 for evacuation
[2023-02-24T08:24:28.974+0000][6][gc,age      ] GC(4) Desired survivor size 9437184 bytes, new threshold 15 (max threshold 15)
[2023-02-24T08:24:29.003+0000][6][gc,age      ] GC(4) Age table with threshold 15 (max threshold 15)
[2023-02-24T08:24:29.004+0000][6][gc,age      ] GC(4) - age   1:    3454912 bytes,    3454912 total
[2023-02-24T08:24:29.005+0000][6][gc,age      ] GC(4) - age   2:    1136800 bytes,    4591712 total
[2023-02-24T08:24:29.006+0000][6][gc,age      ] GC(4) - age   3:    2116096 bytes,    6707808 total
[2023-02-24T08:24:29.007+0000][6][gc,phases   ] GC(4)   Pre Evacuate Collection Set: 0.5ms
[2023-02-24T08:24:29.008+0000][6][gc,phases   ] GC(4)   Merge Heap Roots: 0.0ms
[2023-02-24T08:24:29.009+0000][6][gc,phases   ] GC(4)   Evacuate Collection Set: 19.4ms
[2023-02-24T08:24:29.010+0000][6][gc,phases   ] GC(4)   Post Evacuate Collection Set: 8.4ms
[2023-02-24T08:24:29.011+0000][6][gc,phases   ] GC(4)   Other: 8.3ms
[2023-02-24T08:24:29.011+0000][6][gc,heap     ] GC(4) Eden regions: 137->0(300)
[2023-02-24T08:24:29.012+0000][6][gc,heap     ] GC(4) Survivor regions: 5->7(18)
[2023-02-24T08:24:29.014+0000][6][gc,heap     ] GC(4) Old regions: 4->4
[2023-02-24T08:24:29.015+0000][6][gc,heap     ] GC(4) Archive regions: 0->0
[2023-02-24T08:24:29.016+0000][6][gc,heap     ] GC(4) Humongous regions: 2->1
[2023-02-24T08:24:29.017+0000][6][gc,metaspace] GC(4) Metaspace: 25597K(26288K)->25597K(26288K) NonClass: 22742K(23216K)->22742K(23216K) Class: 2855K(3072K)->2855K(3072K)
[2023-02-24T08:24:29.019+0000][6][gc          ] GC(4) Pause Young (Normal) (G1 Evacuation Pause) 147M->11M(512M) 48.125ms
[2023-02-24T08:24:29.020+0000][6][gc,cpu      ] GC(4) User=0.01s Sys=0.00s Real=0.05s
[2023-02-24T08:24:29.022+0000][6][safepoint   ] Safepoint "G1CollectForAllocation", Time since last: 86069250 ns, Reaching safepoint: 1736667 ns, At safepoint: 51664125 ns, Total: 53400792 ns
[2023-02-24T08:24:29.443+0000][6][safepoint   ] Safepoint "ICBufferFull", Time since last: 410755709 ns, Reaching safepoint: 10380125 ns, At safepoint: 6291 ns, Total: 10386416 ns
[2023-02-24T08:24:30.279+0000][6][gc,start    ] GC(5) Pause Young (Normal) (G1 Evacuation Pause)
[2023-02-24T08:24:30.280+0000][6][gc,task     ] GC(5) Using 4 workers of 4 for evacuation
[2023-02-24T08:24:30.281+0000][6][gc,age      ] GC(5) Desired survivor size 20447232 bytes, new threshold 15 (max threshold 15)
[2023-02-24T08:24:30.307+0000][6][gc,age      ] GC(5) Age table with threshold 15 (max threshold 15)
[2023-02-24T08:24:30.309+0000][6][gc,age      ] GC(5) - age   1:    5944912 bytes,    5944912 total
[2023-02-24T08:24:30.310+0000][6][gc,age      ] GC(5) - age   2:    3370352 bytes,    9315264 total
[2023-02-24T08:24:30.311+0000][6][gc,age      ] GC(5) - age   3:    1136720 bytes,   10451984 total
[2023-02-24T08:24:30.312+0000][6][gc,age      ] GC(5) - age   4:    2116000 bytes,   12567984 total
[2023-02-24T08:24:30.313+0000][6][gc,phases   ] GC(5)   Pre Evacuate Collection Set: 0.3ms
[2023-02-24T08:24:30.314+0000][6][gc,phases   ] GC(5)   Merge Heap Roots: 0.0ms
[2023-02-24T08:24:30.315+0000][6][gc,phases   ] GC(5)   Evacuate Collection Set: 23.6ms
[2023-02-24T08:24:30.315+0000][6][gc,phases   ] GC(5)   Post Evacuate Collection Set: 0.8ms
[2023-02-24T08:24:30.317+0000][6][gc,phases   ] GC(5)   Other: 9.2ms
[2023-02-24T08:24:30.317+0000][6][gc,heap     ] GC(5) Eden regions: 300->0(294)
[2023-02-24T08:24:30.318+0000][6][gc,heap     ] GC(5) Survivor regions: 7->13(39)
[2023-02-24T08:24:30.319+0000][6][gc,heap     ] GC(5) Old regions: 4->4
[2023-02-24T08:24:30.320+0000][6][gc,heap     ] GC(5) Archive regions: 0->0
[2023-02-24T08:24:30.322+0000][6][gc,heap     ] GC(5) Humongous regions: 1->1
[2023-02-24T08:24:30.322+0000][6][gc,metaspace] GC(5) Metaspace: 27349K(28336K)->27349K(28336K) NonClass: 24293K(25008K)->24293K(25008K) Class: 3056K(3328K)->3056K(3328K)
[2023-02-24T08:24:30.324+0000][6][gc          ] GC(5) Pause Young (Normal) (G1 Evacuation Pause) 311M->17M(512M) 45.037ms
[2023-02-24T08:24:30.324+0000][6][gc,cpu      ] GC(5) User=0.02s Sys=0.00s Real=0.05s
[2023-02-24T08:24:30.326+0000][6][safepoint   ] Safepoint "G1CollectForAllocation", Time since last: 835127417 ns, Reaching safepoint: 254417 ns, At safepoint: 47105042 ns, Total: 47359459 ns
[2023-02-24T08:24:31.116+0000][6][gc,start    ] GC(6) Pause Young (Normal) (G1 Evacuation Pause)
[2023-02-24T08:24:31.118+0000][6][gc,task     ] GC(6) Using 4 workers of 4 for evacuation
[2023-02-24T08:24:31.119+0000][6][gc,age      ] GC(6) Desired survivor size 20447232 bytes, new threshold 15 (max threshold 15)
[2023-02-24T08:24:31.156+0000][6][gc,age      ] GC(6) Age table with threshold 15 (max threshold 15)
[2023-02-24T08:24:31.157+0000][6][gc,age      ] GC(6) - age   1:    1527528 bytes,    1527528 total
[2023-02-24T08:24:31.158+0000][6][gc,age      ] GC(6) - age   2:    3955392 bytes,    5482920 total
[2023-02-24T08:24:31.159+0000][6][gc,age      ] GC(6) - age   3:    3366048 bytes,    8848968 total
[2023-02-24T08:24:31.159+0000][6][gc,age      ] GC(6) - age   4:    1136576 bytes,    9985544 total
[2023-02-24T08:24:31.160+0000][6][gc,age      ] GC(6) - age   5:    2116000 bytes,   12101544 total
[2023-02-24T08:24:31.161+0000][6][gc,phases   ] GC(6)   Pre Evacuate Collection Set: 0.1ms
[2023-02-24T08:24:31.162+0000][6][gc,phases   ] GC(6)   Merge Heap Roots: 0.1ms
[2023-02-24T08:24:31.163+0000][6][gc,phases   ] GC(6)   Evacuate Collection Set: 29.0ms
[2023-02-24T08:24:31.164+0000][6][gc,phases   ] GC(6)   Post Evacuate Collection Set: 6.0ms
[2023-02-24T08:24:31.165+0000][6][gc,phases   ] GC(6)   Other: 9.4ms
[2023-02-24T08:24:31.166+0000][6][gc,heap     ] GC(6) Eden regions: 294->0(294)
[2023-02-24T08:24:31.167+0000][6][gc,heap     ] GC(6) Survivor regions: 13->13(39)
[2023-02-24T08:24:31.172+0000][6][gc,heap     ] GC(6) Old regions: 4->4
[2023-02-24T08:24:31.172+0000][6][gc,heap     ] GC(6) Archive regions: 0->0
[2023-02-24T08:24:31.173+0000][6][gc,heap     ] GC(6) Humongous regions: 1->1
[2023-02-24T08:24:31.174+0000][6][gc,metaspace] GC(6) Metaspace: 27834K(28976K)->27834K(28976K) NonClass: 24695K(25520K)->24695K(25520K) Class: 3139K(3456K)->3139K(3456K)
[2023-02-24T08:24:31.175+0000][6][gc          ] GC(6) Pause Young (Normal) (G1 Evacuation Pause) 311M->17M(512M) 58.623ms
[2023-02-24T08:24:31.176+0000][6][gc,cpu      ] GC(6) User=0.04s Sys=0.00s Real=0.06s
[2023-02-24T08:24:31.177+0000][6][safepoint   ] Safepoint "G1CollectForAllocation", Time since last: 789615125 ns, Reaching safepoint: 1059792 ns, At safepoint: 60236916 ns, Total: 61296708 ns
[2023-02-24T08:24:31.866+0000][6][gc,start    ] GC(7) Pause Young (Normal) (G1 Evacuation Pause)
[2023-02-24T08:24:31.867+0000][6][gc,task     ] GC(7) Using 4 workers of 4 for evacuation
[2023-02-24T08:24:31.870+0000][6][gc,age      ] GC(7) Desired survivor size 20447232 bytes, new threshold 15 (max threshold 15)
[2023-02-24T08:24:31.891+0000][6][gc,age      ] GC(7) Age table with threshold 15 (max threshold 15)
[2023-02-24T08:24:31.892+0000][6][gc,age      ] GC(7) - age   1:    3105416 bytes,    3105416 total
[2023-02-24T08:24:31.894+0000][6][gc,age      ] GC(7) - age   2:     823024 bytes,    3928440 total
[2023-02-24T08:24:31.894+0000][6][gc,age      ] GC(7) - age   3:    3953512 bytes,    7881952 total
[2023-02-24T08:24:31.895+0000][6][gc,age      ] GC(7) - age   4:    3365712 bytes,   11247664 total
[2023-02-24T08:24:31.897+0000][6][gc,age      ] GC(7) - age   5:    1136576 bytes,   12384240 total
[2023-02-24T08:24:31.899+0000][6][gc,age      ] GC(7) - age   6:    2116000 bytes,   14500240 total
[2023-02-24T08:24:31.900+0000][6][gc,phases   ] GC(7)   Pre Evacuate Collection Set: 0.1ms
[2023-02-24T08:24:31.902+0000][6][gc,phases   ] GC(7)   Merge Heap Roots: 0.0ms
[2023-02-24T08:24:31.904+0000][6][gc,phases   ] GC(7)   Evacuate Collection Set: 19.5ms
[2023-02-24T08:24:31.905+0000][6][gc,phases   ] GC(7)   Post Evacuate Collection Set: 1.1ms
[2023-02-24T08:24:31.905+0000][6][gc,phases   ] GC(7)   Other: 13.2ms
[2023-02-24T08:24:31.907+0000][6][gc,heap     ] GC(7) Eden regions: 294->0(292)
[2023-02-24T08:24:31.909+0000][6][gc,heap     ] GC(7) Survivor regions: 13->15(39)
[2023-02-24T08:24:31.910+0000][6][gc,heap     ] GC(7) Old regions: 4->4
[2023-02-24T08:24:31.911+0000][6][gc,heap     ] GC(7) Archive regions: 0->0
[2023-02-24T08:24:31.912+0000][6][gc,heap     ] GC(7) Humongous regions: 1->1
[2023-02-24T08:24:31.914+0000][6][gc,metaspace] GC(7) Metaspace: 28372K(29872K)->28372K(29872K) NonClass: 25152K(26288K)->25152K(26288K) Class: 3220K(3584K)->3220K(3584K)
[2023-02-24T08:24:31.914+0000][6][gc          ] GC(7) Pause Young (Normal) (G1 Evacuation Pause) 311M->19M(512M) 48.479ms
[2023-02-24T08:24:31.915+0000][6][gc,cpu      ] GC(7) User=0.03s Sys=0.00s Real=0.05s
[2023-02-24T08:24:31.917+0000][6][safepoint   ] Safepoint "G1CollectForAllocation", Time since last: 688772417 ns, Reaching safepoint: 619709 ns, At safepoint: 50892083 ns, Total: 51511792 ns
[2023-02-24T08:24:32.382+0000][6][safepoint   ] Safepoint "ICBufferFull", Time since last: 464623834 ns, Reaching safepoint: 278000 ns, At safepoint: 2750 ns, Total: 280750 ns
[2023-02-24T08:24:32.845+0000][6][safepoint   ] Safepoint "ICBufferFull", Time since last: 463345833 ns, Reaching safepoint: 115209 ns, At safepoint: 34083 ns, Total: 149292 ns
[2023-02-24T08:24:32.863+0000][6][gc,start    ] GC(8) Pause Young (Concurrent Start) (Metadata GC Threshold)
[2023-02-24T08:24:32.865+0000][6][gc,task     ] GC(8) Using 4 workers of 4 for evacuation
[2023-02-24T08:24:32.866+0000][6][gc,age      ] GC(8) Desired survivor size 20447232 bytes, new threshold 15 (max threshold 15)
[2023-02-24T08:24:32.888+0000][6][gc,age      ] GC(8) Age table with threshold 15 (max threshold 15)
[2023-02-24T08:24:32.889+0000][6][gc,age      ] GC(8) - age   1:    2317784 bytes,    2317784 total
[2023-02-24T08:24:32.890+0000][6][gc,age      ] GC(8) - age   2:    2294088 bytes,    4611872 total
[2023-02-24T08:24:32.894+0000][6][gc,age      ] GC(8) - age   3:     806528 bytes,    5418400 total
[2023-02-24T08:24:32.895+0000][6][gc,age      ] GC(8) - age   4:    3937272 bytes,    9355672 total
[2023-02-24T08:24:32.896+0000][6][gc,age      ] GC(8) - age   5:    3355416 bytes,   12711088 total
[2023-02-24T08:24:32.896+0000][6][gc,age      ] GC(8) - age   6:    1106424 bytes,   13817512 total
[2023-02-24T08:24:32.897+0000][6][gc,age      ] GC(8) - age   7:    2112968 bytes,   15930480 total
[2023-02-24T08:24:32.899+0000][6][gc,phases   ] GC(8)   Pre Evacuate Collection Set: 0.2ms
[2023-02-24T08:24:32.900+0000][6][gc,phases   ] GC(8)   Merge Heap Roots: 0.0ms
[2023-02-24T08:24:32.901+0000][6][gc,phases   ] GC(8)   Evacuate Collection Set: 19.6ms
[2023-02-24T08:24:32.902+0000][6][gc,phases   ] GC(8)   Post Evacuate Collection Set: 1.8ms
[2023-02-24T08:24:32.903+0000][6][gc,phases   ] GC(8)   Other: 14.0ms
[2023-02-24T08:24:32.905+0000][6][gc,heap     ] GC(8) Eden regions: 176->0(290)
[2023-02-24T08:24:32.905+0000][6][gc,heap     ] GC(8) Survivor regions: 15->17(39)
[2023-02-24T08:24:32.906+0000][6][gc,heap     ] GC(8) Old regions: 4->4
[2023-02-24T08:24:32.907+0000][6][gc,heap     ] GC(8) Archive regions: 0->0
[2023-02-24T08:24:32.907+0000][6][gc,heap     ] GC(8) Humongous regions: 1->1
[2023-02-24T08:24:32.909+0000][6][gc,metaspace] GC(8) Metaspace: 34293K(35920K)->34293K(35920K) NonClass: 30312K(31568K)->30312K(31568K) Class: 3981K(4352K)->3981K(4352K)
[2023-02-24T08:24:32.910+0000][6][gc          ] GC(8) Pause Young (Concurrent Start) (Metadata GC Threshold) 195M->21M(512M) 46.114ms
[2023-02-24T08:24:32.911+0000][6][gc,cpu      ] GC(8) User=0.03s Sys=0.01s Real=0.05s
[2023-02-24T08:24:32.914+0000][6][safepoint   ] Safepoint "CollectForMetadataAllocation", Time since last: 17930333 ns, Reaching safepoint: 184125 ns, At safepoint: 51053375 ns, Total: 51237500 ns
[2023-02-24T08:24:32.914+0000][6][gc          ] GC(9) Concurrent Cycle
[2023-02-24T08:24:32.925+0000][6][gc,marking  ] GC(9) Concurrent Clear Claimed Marks
[2023-02-24T08:24:32.926+0000][6][gc,marking  ] GC(9) Concurrent Clear Claimed Marks 6.105ms
[2023-02-24T08:24:32.928+0000][6][gc,marking  ] GC(9) Concurrent Scan Root Regions
[2023-02-24T08:24:32.939+0000][6][gc,marking  ] GC(9) Concurrent Scan Root Regions 11.230ms
[2023-02-24T08:24:32.941+0000][6][gc,marking  ] GC(9) Concurrent Mark (7.748s)
[2023-02-24T08:24:32.943+0000][6][gc,marking  ] GC(9) Concurrent Mark From Roots
[2023-02-24T08:24:32.944+0000][6][gc,task     ] GC(9) Using 1 workers of 1 for marking
[2023-02-24T08:24:32.948+0000][6][gc,marking  ] GC(9) Concurrent Mark From Roots 5.086ms
[2023-02-24T08:24:32.949+0000][6][gc,marking  ] GC(9) Concurrent Preclean
[2023-02-24T08:24:32.950+0000][6][gc,marking  ] GC(9) Concurrent Preclean 0.815ms
[2023-02-24T08:24:32.951+0000][6][gc,marking  ] GC(9) Concurrent Mark (7.748s, 7.758s) 9.736ms
[2023-02-24T08:24:32.952+0000][6][gc,start    ] GC(9) Pause Remark
[2023-02-24T08:24:32.957+0000][6][gc          ] GC(9) Pause Remark 22M->22M(512M) 4.574ms
[2023-02-24T08:24:32.958+0000][6][gc,cpu      ] GC(9) User=0.01s Sys=0.00s Real=0.00s
[2023-02-24T08:24:32.958+0000][6][safepoint   ] Safepoint "G1Concurrent", Time since last: 37302250 ns, Reaching safepoint: 211084 ns, At safepoint: 6383041 ns, Total: 6594125 ns
[2023-02-24T08:24:32.959+0000][6][gc,marking  ] GC(9) Concurrent Rebuild Remembered Sets
[2023-02-24T08:24:32.967+0000][6][gc,marking  ] GC(9) Concurrent Rebuild Remembered Sets 7.660ms
[2023-02-24T08:24:32.972+0000][6][gc,start    ] GC(9) Pause Cleanup
[2023-02-24T08:24:32.974+0000][6][gc          ] GC(9) Pause Cleanup 22M->22M(512M) 2.164ms
[2023-02-24T08:24:32.974+0000][6][gc,cpu      ] GC(9) User=0.00s Sys=0.00s Real=0.00s
[2023-02-24T08:24:32.976+0000][6][safepoint   ] Safepoint "G1Concurrent", Time since last: 11650875 ns, Reaching safepoint: 1591667 ns, At safepoint: 4127500 ns, Total: 5719167 ns
[2023-02-24T08:24:32.977+0000][6][gc,marking  ] GC(9) Concurrent Cleanup for Next Mark
[2023-02-24T08:24:32.979+0000][6][gc,marking  ] GC(9) Concurrent Cleanup for Next Mark 2.207ms
[2023-02-24T08:24:32.980+0000][6][gc          ] GC(9) Concurrent Cycle 65.073ms
[2023-02-24T08:24:33.694+0000][6][safepoint   ] Safepoint "ICBufferFull", Time since last: 718181667 ns, Reaching safepoint: 253542 ns, At safepoint: 2625 ns, Total: 256167 ns
[2023-02-24T08:24:34.363+0000][6][safepoint   ] Safepoint "ICBufferFull", Time since last: 668423333 ns, Reaching safepoint: 163125 ns, At safepoint: 2000 ns, Total: 165125 ns
[2023-02-24T08:24:35.316+0000][6][safepoint   ] Safepoint "ICBufferFull", Time since last: 950047792 ns, Reaching safepoint: 3014209 ns, At safepoint: 2541 ns, Total: 3016750 ns
[2023-02-24T08:24:35.976+0000][6][gc,start    ] GC(10) Pause Young (Normal) (G1 Evacuation Pause)
[2023-02-24T08:24:35.977+0000][6][gc,task     ] GC(10) Using 4 workers of 4 for evacuation
[2023-02-24T08:24:35.979+0000][6][gc,age      ] GC(10) Desired survivor size 20447232 bytes, new threshold 15 (max threshold 15)
[2023-02-24T08:24:36.081+0000][6][gc,age      ] GC(10) Age table with threshold 15 (max threshold 15)
[2023-02-24T08:24:36.083+0000][6][gc,age      ] GC(10) - age   1:   25005648 bytes,   25005648 total
[2023-02-24T08:24:36.084+0000][6][gc,age      ] GC(10) - age   2:    2220384 bytes,   27226032 total
[2023-02-24T08:24:36.086+0000][6][gc,age      ] GC(10) - age   3:    2293480 bytes,   29519512 total
[2023-02-24T08:24:36.086+0000][6][gc,age      ] GC(10) - age   4:     805936 bytes,   30325448 total
[2023-02-24T08:24:36.088+0000][6][gc,age      ] GC(10) - age   5:    3925096 bytes,   34250544 total
[2023-02-24T08:24:36.089+0000][6][gc,age      ] GC(10) - age   6:    3330608 bytes,   37581152 total
[2023-02-24T08:24:36.090+0000][6][gc,age      ] GC(10) - age   7:    1085936 bytes,   38667088 total
[2023-02-24T08:24:36.091+0000][6][gc,age      ] GC(10) - age   8:    2104688 bytes,   40771776 total
[2023-02-24T08:24:36.094+0000][6][gc,phases   ] GC(10)   Pre Evacuate Collection Set: 0.1ms
[2023-02-24T08:24:36.096+0000][6][gc,phases   ] GC(10)   Merge Heap Roots: 0.1ms
[2023-02-24T08:24:36.098+0000][6][gc,phases   ] GC(10)   Evacuate Collection Set: 99.7ms
[2023-02-24T08:24:36.108+0000][6][gc,phases   ] GC(10)   Post Evacuate Collection Set: 1.7ms
[2023-02-24T08:24:36.110+0000][6][gc,phases   ] GC(10)   Other: 16.9ms
[2023-02-24T08:24:36.111+0000][6][gc,heap     ] GC(10) Eden regions: 290->0(268)
[2023-02-24T08:24:36.111+0000][6][gc,heap     ] GC(10) Survivor regions: 17->39(39)
[2023-02-24T08:24:36.113+0000][6][gc,heap     ] GC(10) Old regions: 4->9
[2023-02-24T08:24:36.115+0000][6][gc,heap     ] GC(10) Archive regions: 0->0
[2023-02-24T08:24:36.123+0000][6][gc,heap     ] GC(10) Humongous regions: 1->1
[2023-02-24T08:24:36.125+0000][6][gc,metaspace] GC(10) Metaspace: 43147K(45724K)->43147K(45724K) NonClass: 37916K(39760K)->37916K(39760K) Class: 5231K(5964K)->5231K(5964K)
[2023-02-24T08:24:36.126+0000][6][gc          ] GC(10) Pause Young (Normal) (G1 Evacuation Pause) 311M->48M(512M) 150.049ms
[2023-02-24T08:24:36.127+0000][6][gc,cpu      ] GC(10) User=0.10s Sys=0.00s Real=0.15s
[2023-02-24T08:24:36.128+0000][6][safepoint   ] Safepoint "G1CollectForAllocation", Time since last: 659811667 ns, Reaching safepoint: 194375 ns, At safepoint: 152584542 ns, Total: 152778917 ns
[2023-02-24T08:24:36.640+0000][6][safepoint   ] Safepoint "ICBufferFull", Time since last: 510830834 ns, Reaching safepoint: 1253541 ns, At safepoint: 4292 ns, Total: 1257833 ns
[2023-02-24T08:24:37.346+0000][6][safepoint   ] Safepoint "ICBufferFull", Time since last: 703451042 ns, Reaching safepoint: 2414750 ns, At safepoint: 11250 ns, Total: 2426000 ns
[2023-02-24T08:24:38.184+0000][6][gc,start    ] GC(11) Pause Young (Concurrent Start) (Metadata GC Threshold)
[2023-02-24T08:24:38.186+0000][6][gc,task     ] GC(11) Using 4 workers of 4 for evacuation
[2023-02-24T08:24:38.187+0000][6][gc,age      ] GC(11) Desired survivor size 20447232 bytes, new threshold 1 (max threshold 15)
[2023-02-24T08:24:38.272+0000][6][gc,age      ] GC(11) Age table with threshold 1 (max threshold 15)
[2023-02-24T08:24:38.273+0000][6][gc,age      ] GC(11) - age   1:    6407896 bytes,    6407896 total
[2023-02-24T08:24:38.275+0000][6][gc,phases   ] GC(11)   Pre Evacuate Collection Set: 0.5ms
[2023-02-24T08:24:38.276+0000][6][gc,phases   ] GC(11)   Merge Heap Roots: 0.2ms
[2023-02-24T08:24:38.277+0000][6][gc,phases   ] GC(11)   Evacuate Collection Set: 80.3ms
[2023-02-24T08:24:38.278+0000][6][gc,phases   ] GC(11)   Post Evacuate Collection Set: 3.8ms
[2023-02-24T08:24:38.279+0000][6][gc,phases   ] GC(11)   Other: 5.6ms
[2023-02-24T08:24:38.280+0000][6][gc,heap     ] GC(11) Eden regions: 111->0(289)
[2023-02-24T08:24:38.281+0000][6][gc,heap     ] GC(11) Survivor regions: 39->8(39)
[2023-02-24T08:24:38.282+0000][6][gc,heap     ] GC(11) Old regions: 9->49
[2023-02-24T08:24:38.284+0000][6][gc,heap     ] GC(11) Archive regions: 0->0
[2023-02-24T08:24:38.285+0000][6][gc,heap     ] GC(11) Humongous regions: 1->1
[2023-02-24T08:24:38.287+0000][6][gc,metaspace] GC(11) Metaspace: 57587K(60316K)->57587K(60316K) NonClass: 50184K(52048K)->50184K(52048K) Class: 7402K(8268K)->7402K(8268K)
[2023-02-24T08:24:38.288+0000][6][gc          ] GC(11) Pause Young (Concurrent Start) (Metadata GC Threshold) 159M->56M(512M) 103.465ms
[2023-02-24T08:24:38.289+0000][6][gc,cpu      ] GC(11) User=0.07s Sys=0.01s Real=0.10s
[2023-02-24T08:24:38.290+0000][6][gc          ] GC(12) Concurrent Cycle
[2023-02-24T08:24:38.292+0000][6][gc,marking  ] GC(12) Concurrent Clear Claimed Marks
[2023-02-24T08:24:38.293+0000][6][gc,marking  ] GC(12) Concurrent Clear Claimed Marks 0.969ms
[2023-02-24T08:24:38.293+0000][6][gc,marking  ] GC(12) Concurrent Scan Root Regions
[2023-02-24T08:24:38.290+0000][6][safepoint   ] Safepoint "CollectForMetadataAllocation", Time since last: 833836125 ns, Reaching safepoint: 4125709 ns, At safepoint: 105909667 ns, Total: 110035376 ns
[2023-02-24T08:24:38.349+0000][6][safepoint   ] Safepoint "CollectForMetadataAllocation", Time since last: 57769958 ns, Reaching safepoint: 882458 ns, At safepoint: 61834 ns, Total: 944292 ns
[2023-02-24T08:24:38.354+0000][6][gc,marking  ] GC(12) Concurrent Scan Root Regions 60.291ms
[2023-02-24T08:24:38.355+0000][6][gc,marking  ] GC(12) Concurrent Mark (13.162s)
[2023-02-24T08:24:38.356+0000][6][gc,marking  ] GC(12) Concurrent Mark From Roots
[2023-02-24T08:24:38.357+0000][6][gc,task     ] GC(12) Using 1 workers of 1 for marking
[2023-02-24T08:24:38.370+0000][6][gc,marking  ] GC(12) Concurrent Mark From Roots 13.897ms
[2023-02-24T08:24:38.377+0000][6][gc,marking  ] GC(12) Concurrent Preclean
[2023-02-24T08:24:38.378+0000][6][gc,marking  ] GC(12) Concurrent Preclean 1.156ms
[2023-02-24T08:24:38.379+0000][6][gc,marking  ] GC(12) Concurrent Mark (13.162s, 13.186s) 23.882ms
[2023-02-24T08:24:38.387+0000][6][gc,start    ] GC(12) Pause Remark
[2023-02-24T08:24:38.393+0000][6][gc          ] GC(12) Pause Remark 59M->59M(512M) 6.261ms
[2023-02-24T08:24:38.394+0000][6][gc,cpu      ] GC(12) User=0.00s Sys=0.00s Real=0.01s
[2023-02-24T08:24:38.395+0000][6][safepoint   ] Safepoint "G1Concurrent", Time since last: 36353291 ns, Reaching safepoint: 1675792 ns, At safepoint: 8020208 ns, Total: 9696000 ns
[2023-02-24T08:24:38.396+0000][6][gc,marking  ] GC(12) Concurrent Rebuild Remembered Sets
[2023-02-24T08:24:38.505+0000][6][gc,marking  ] GC(12) Concurrent Rebuild Remembered Sets 108.965ms
[2023-02-24T08:24:38.514+0000][6][gc,start    ] GC(12) Pause Cleanup
[2023-02-24T08:24:38.516+0000][6][gc          ] GC(12) Pause Cleanup 62M->62M(512M) 1.273ms
[2023-02-24T08:24:38.517+0000][6][gc,cpu      ] GC(12) User=0.01s Sys=0.00s Real=0.00s
[2023-02-24T08:24:38.517+0000][6][safepoint   ] Safepoint "G1Concurrent", Time since last: 118973834 ns, Reaching safepoint: 499041 ns, At safepoint: 3031250 ns, Total: 3530291 ns
[2023-02-24T08:24:38.518+0000][6][gc,marking  ] GC(12) Concurrent Cleanup for Next Mark
[2023-02-24T08:24:38.526+0000][6][gc,marking  ] GC(12) Concurrent Cleanup for Next Mark 7.411ms
[2023-02-24T08:24:38.527+0000][6][gc          ] GC(12) Concurrent Cycle 236.716ms
[2023-02-24T08:24:39.514+0000][6][safepoint   ] Safepoint "ICBufferFull", Time since last: 996369751 ns, Reaching safepoint: 155708 ns, At safepoint: 6042 ns, Total: 161750 ns
[2023-02-24T08:24:39.806+0000][6][safepoint   ] Safepoint "ICBufferFull", Time since last: 289269333 ns, Reaching safepoint: 3035792 ns, At safepoint: 10417 ns, Total: 3046209 ns
[2023-02-24T08:24:39.844+0000][6][safepoint   ] Safepoint "ICBufferFull", Time since last: 34719041 ns, Reaching safepoint: 3229625 ns, At safepoint: 25459 ns, Total: 3255084 ns
[2023-02-24T08:24:40.295+0000][6][safepoint   ] Safepoint "ICBufferFull", Time since last: 450971875 ns, Reaching safepoint: 213791 ns, At safepoint: 2209 ns, Total: 216000 ns
[2023-02-24T08:24:41.529+0000][6][safepoint   ] Safepoint "ICBufferFull", Time since last: 1225969917 ns, Reaching safepoint: 7853750 ns, At safepoint: 19791 ns, Total: 7873541 ns
[2023-02-24T08:24:42.066+0000][6][safepoint   ] Safepoint "ICBufferFull", Time since last: 535577959 ns, Reaching safepoint: 964417 ns, At safepoint: 6166 ns, Total: 970583 ns
[2023-02-24T08:24:42.728+0000][6][safepoint   ] Safepoint "ICBufferFull", Time since last: 661650167 ns, Reaching safepoint: 112667 ns, At safepoint: 2125 ns, Total: 114792 ns
[2023-02-24T08:24:42.814+0000][6][safepoint   ] Safepoint "ICBufferFull", Time since last: 86060542 ns, Reaching safepoint: 597458 ns, At safepoint: 6583 ns, Total: 604041 ns
[2023-02-24T08:24:43.409+0000][6][gc,heap,exit] Heap
[2023-02-24T08:24:43.411+0000][6][gc,heap,exit]  garbage-first heap   total 524288K, used 261818K [0x00000000e0000000, 0x0000000100000000)
[2023-02-24T08:24:43.412+0000][6][gc,heap,exit]   region size 1024K, 208 young (212992K), 8 survivors (8192K)
[2023-02-24T08:24:43.412+0000][6][gc,heap,exit]  Metaspace       used 86244K, capacity 89298K, committed 89500K, reserved 1126400K
[2023-02-24T08:24:43.413+0000][6][gc,heap,exit]   class space    used 11405K, capacity 12371K, committed 12440K, reserved 1048576K
